used _forward_json_to_websocket_server_workerused _forward_json_to_websocket_server_workerused _forward_json_to_websocket_server_workerused _forward_json_to_websocket_server_workerused _forward_json_to_websocket_server_workerused _forward_json_to_websocket_server_workerused _forward_json_to_websocket_server_workerused _forward_json_to_websocket_server_workerused _forward_json_to_websocket_server_workerused _forward_json_to_websocket_server_workerused _forward_json_to_websocket_server_workerused _forward_json_to_websocket_server_workerused _forward_json_to_websocket_server_workerused _forward_json_to_websocket_server_workerused _forward_json_to_websocket_server_workerused _forward_json_to_websocket_server_workerCaught ForceObjectDelete called by workers>base @gkaissisCaught ForceObjectDelete called by workers>base @gkaissisde_register_obj called by generic>pointers>object_pointer @gkaissisCaught ForceObjectDelete called by workers>base @gkaissisCaught ForceObjectDelete called by workers>base @gkaissisde_register_obj called by generic>pointers>object_pointer @gkaissisCaught ForceObjectDelete called by workers>base @gkaissisCaught ForceObjectDelete called by workers>base @gkaissisde_register_obj called by generic>pointers>object_pointer @gkaissisCaught ForceObjectDelete called by workers>base @gkaissisCaught ForceObjectDelete called by workers>base @gkaissisCaught ForceObjectDelete called by workers>base @gkaissisCaught ForceObjectDelete called by workers>base @gkaissisCaught ForceObjectDelete called by workers>base @gkaissisCaught ForceObjectDelete called by workers>base @gkaissisCaught ForceObjectDelete called by workers>base @gkaissisCaught ForceObjectDelete called by workers>base @gkaissisCaught ForceObjectDelete called by workers>base @gkaissisCaught ForceObjectDelete called by workers>base @gkaissisCaught ForceObjectDelete called by workers>base @gkaissisCaught ForceObjectDelete called by workers>base @gkaissisCaught ForceObjectDelete called by workers>base @gkaissisCaught ForceObjectDelete called by workers>base @gkaissisde_register_obj called by generic>pointers>object_pointer @gkaissisCaught ForceObjectDelete called by workers>base @gkaissisCaught ForceObjectDelete called by workers>base @gkaissisCaught ForceObjectDelete called by workers>base @gkaissisCaught ForceObjectDelete called by workers>base @gkaissisCaught ForceObjectDelete called by workers>base @gkaissisCaught ForceObjectDelete called by workers>base @gkaissisCaught ForceObjectDelete called by workers>base @gkaissisCaught ForceObjectDelete called by workers>base @gkaissisCaught ForceObjectDelete called by workers>base @gkaissisCaught ForceObjectDelete called by workers>base @gkaissisCaught ForceObjectDelete called by workers>base @gkaissisCaught ForceObjectDelete called by workers>base @gkaissisCaught ForceObjectDelete called by workers>base @gkaissisCaught ForceObjectDelete called by workers>base @gkaissisde_register_obj called by generic>pointers>object_pointer @gkaissisCaught ForceObjectDelete called by workers>base @gkaissisCaught ForceObjectDelete called by workers>base @gkaissisCaught ForceObjectDelete called by workers>base @gkaissisCaught ForceObjectDelete called by workers>base @gkaissisCaught ForceObjectDelete called by workers>base @gkaissisCaught ForceObjectDelete called by workers>base @gkaissisCaught ForceObjectDelete called by workers>base @gkaissisCaught ForceObjectDelete called by workers>base @gkaissisCaught ForceObjectDelete called by workers>base @gkaissisCaught ForceObjectDelete called by workers>base @gkaissisCaught ForceObjectDelete called by workers>base @gkaissisCaught ForceObjectDelete called by workers>base @gkaissisCaught ForceObjectDelete called by workers>base @gkaissisCaught ForceObjectDelete called by workers>base @gkaissisde_register_obj called by generic>pointers>object_pointer @gkaissisCaught ForceObjectDelete called by workers>base @gkaissisCaught ForceObjectDelete called by workers>base @gkaissisCaught ForceObjectDelete called by workers>base @gkaissisCaught ForceObjectDelete called by workers>base @gkaissisCaught ForceObjectDelete called by workers>base @gkaissisCaught ForceObjectDelete called by workers>base @gkaissisCaught ForceObjectDelete called by workers>base @gkaissisCaught ForceObjectDelete called by workers>base @gkaissisCaught ForceObjectDelete called by workers>base @gkaissisCaught ForceObjectDelete called by workers>base @gkaissisCaught ForceObjectDelete called by workers>base @gkaissisCaught ForceObjectDelete called by workers>base @gkaissisde_register_obj called by generic>pointers>object_pointer @gkaissisde_register_obj called by generic>pointers>object_pointer @gkaissisde_register_obj called by generic>pointers>object_pointer @gkaissisde_register_obj called by generic>pointers>object_pointer @gkaissisde_register_obj called by generic>pointers>object_pointer @gkaissisde_register_obj called by generic>pointers>object_pointer @gkaissistesting epoch 0:   0%|          | 0/12 [00:00<?, ?it/s]testing epoch 0:  33%|███▎      | 4/12 [00:00<00:00, 36.94it/s]testing epoch 0:  58%|█████▊    | 7/12 [00:00<00:00, 32.47it/s]testing epoch 0:  83%|████████▎ | 10/12 [00:00<00:00, 30.99it/s]                                                                Caught ForceObjectDelete called by workers>base @gkaissisCaught ForceObjectDelete called by workers>base @gkaissisCaught ForceObjectDelete called by workers>base @gkaissisCaught ForceObjectDelete called by workers>base @gkaissisCaught ForceObjectDelete called by workers>base @gkaissisCaught ForceObjectDelete called by workers>base @gkaissisCaught ForceObjectDelete called by workers>base @gkaissisCaught ForceObjectDelete called by workers>base @gkaissisCaught ForceObjectDelete called by workers>base @gkaissisCaught ForceObjectDelete called by workers>base @gkaissisCaught ForceObjectDelete called by workers>base @gkaissisCaught ForceObjectDelete called by workers>base @gkaissisCaught ForceObjectDelete called by workers>base @gkaissisCaught ForceObjectDelete called by workers>base @gkaissisCaught ForceObjectDelete called by workers>base @gkaissisCaught ForceObjectDelete called by workers>base @gkaissisCaught ForceObjectDelete called by workers>base @gkaissisCaught ForceObjectDelete called by workers>base @gkaissisCaught ForceObjectDelete called by workers>base @gkaissisCaught ForceObjectDelete called by workers>base @gkaissisCaught ForceObjectDelete called by workers>base @gkaissisCaught ForceObjectDelete called by workers>base @gkaissisCaught ForceObjectDelete called by workers>base @gkaissisCaught ForceObjectDelete called by workers>base @gkaissisCaught ForceObjectDelete called by workers>base @gkaissisCaught ForceObjectDelete called by workers>base @gkaissisCaught ForceObjectDelete called by workers>base @gkaissisCaught ForceObjectDelete called by workers>base @gkaissisCaught ForceObjectDelete called by workers>base @gkaissisCaught ForceObjectDelete called by workers>base @gkaissisCaught ForceObjectDelete called by workers>base @gkaissisCaught ForceObjectDelete called by workers>base @gkaissisCaught ForceObjectDelete called by workers>base @gkaissisCaught ForceObjectDelete called by workers>base @gkaissisCaught ForceObjectDelete called by workers>base @gkaissisCaught ForceObjectDelete called by workers>base @gkaissisCaught ForceObjectDelete called by workers>base @gkaissisCaught ForceObjectDelete called by workers>base @gkaissisCaught ForceObjectDelete called by workers>base @gkaissisCaught ForceObjectDelete called by workers>base @gkaissisCaught ForceObjectDelete called by workers>base @gkaissisCaught ForceObjectDelete called by workers>base @gkaissisCaught ForceObjectDelete called by workers>base @gkaissisCaught ForceObjectDelete called by workers>base @gkaissisCaught ForceObjectDelete called by workers>base @gkaissisCaught ForceObjectDelete called by workers>base @gkaissisCaught ForceObjectDelete called by workers>base @gkaissisCaught ForceObjectDelete called by workers>base @gkaissisCaught ForceObjectDelete called by workers>base @gkaissisCaught ForceObjectDelete called by workers>base @gkaissisCaught ForceObjectDelete called by workers>base @gkaissisCaught ForceObjectDelete called by workers>base @gkaissisCaught ForceObjectDelete called by workers>base @gkaissisCaught ForceObjectDelete called by workers>base @gkaissisCaught ForceObjectDelete called by workers>base @gkaissisCaught ForceObjectDelete called by workers>base @gkaissisCaught ForceObjectDelete called by workers>base @gkaissisCaught ForceObjectDelete called by workers>base @gkaissisCaught ForceObjectDelete called by workers>base @gkaissisCaught ForceObjectDelete called by workers>base @gkaissisCaught ForceObjectDelete called by workers>base @gkaissisCaught ForceObjectDelete called by workers>base @gkaissisCaught ForceObjectDelete called by workers>base @gkaissisCaught ForceObjectDelete called by workers>base @gkaissisCaught ForceObjectDelete called by workers>base @gkaissisCaught ForceObjectDelete called by workers>base @gkaissisCaught ForceObjectDelete called by workers>base @gkaissisCaught ForceObjectDelete called by workers>base @gkaissisCaught ForceObjectDelete called by workers>base @gkaissisCaught ForceObjectDelete called by workers>base @gkaissisCaught ForceObjectDelete called by workers>base @gkaissisCaught ForceObjectDelete called by workers>base @gkaissisCaught ForceObjectDelete called by workers>base @gkaissisCaught ForceObjectDelete called by workers>base @gkaissisCaught ForceObjectDelete called by workers>base @gkaissisCaught ForceObjectDelete called by workers>base @gkaissisCaught ForceObjectDelete called by workers>base @gkaissisCaught ForceObjectDelete called by workers>base @gkaissisCaught ForceObjectDelete called by workers>base @gkaissisCaught ForceObjectDelete called by workers>base @gkaissisCaught ForceObjectDelete called by workers>base @gkaissisCaught ForceObjectDelete called by workers>base @gkaissisCaught ForceObjectDelete called by workers>base @gkaissisCaught ForceObjectDelete called by workers>base @gkaissisCaught ForceObjectDelete called by workers>base @gkaissisCaught ForceObjectDelete called by workers>base @gkaissisCaught ForceObjectDelete called by workers>base @gkaissisCaught ForceObjectDelete called by workers>base @gkaissisCaught ForceObjectDelete called by workers>base @gkaissisCaught ForceObjectDelete called by workers>base @gkaissisCaught ForceObjectDelete called by workers>base @gkaissisCaught ForceObjectDelete called by workers>base @gkaissisCaught ForceObjectDelete called by workers>base @gkaissisCaught ForceObjectDelete called by workers>base @gkaissisCaught ForceObjectDelete called by workers>base @gkaissisCaught ForceObjectDelete called by workers>base @gkaissisCaught ForceObjectDelete called by workers>base @gkaissisCaught ForceObjectDelete called by workers>base @gkaissisCaught ForceObjectDelete called by workers>base @gkaissisCaught ForceObjectDelete called by workers>base @gkaissisCaught ForceObjectDelete called by workers>base @gkaissisCaught ForceObjectDelete called by workers>base @gkaissisCaught ForceObjectDelete called by workers>base @gkaissisCaught ForceObjectDelete called by workers>base @gkaissisCaught ForceObjectDelete called by workers>base @gkaissisCaught ForceObjectDelete called by workers>base @gkaissisCaught ForceObjectDelete called by workers>base @gkaissisCaught ForceObjectDelete called by workers>base @gkaissisCaught ForceObjectDelete called by workers>base @gkaissisCaught ForceObjectDelete called by workers>base @gkaissisCaught ForceObjectDelete called by workers>base @gkaissisCaught ForceObjectDelete called by workers>base @gkaissisCaught ForceObjectDelete called by workers>base @gkaissisCaught ForceObjectDelete called by workers>base @gkaissisCaught ForceObjectDelete called by workers>base @gkaissisCaught ForceObjectDelete called by workers>base @gkaissisCaught ForceObjectDelete called by workers>base @gkaissisCaught ForceObjectDelete called by workers>base @gkaissisCaught ForceObjectDelete called by workers>base @gkaissisCaught ForceObjectDelete called by workers>base @gkaissisCaught ForceObjectDelete called by workers>base @gkaissisCaught ForceObjectDelete called by workers>base @gkaissisCaught ForceObjectDelete called by workers>base @gkaissisCaught ForceObjectDelete called by workers>base @gkaissisCaught ForceObjectDelete called by workers>base @gkaissisCaught ForceObjectDelete called by workers>base @gkaissisCaught ForceObjectDelete called by workers>base @gkaissisCaught ForceObjectDelete called by workers>base @gkaissisCaught ForceObjectDelete called by workers>base @gkaissisCaught ForceObjectDelete called by workers>base @gkaissisCaught ForceObjectDelete called by workers>base @gkaissisCaught ForceObjectDelete called by workers>base @gkaissisCaught ForceObjectDelete called by workers>base @gkaissisCaught ForceObjectDelete called by workers>base @gkaissisCaught ForceObjectDelete called by workers>base @gkaissisCaught ForceObjectDelete called by workers>base @gkaissisCaught ForceObjectDelete called by workers>base @gkaissisCaught ForceObjectDelete called by workers>base @gkaissisCaught ForceObjectDelete called by workers>base @gkaissisCaught ForceObjectDelete called by workers>base @gkaissisCaught ForceObjectDelete called by workers>base @gkaissisCaught ForceObjectDelete called by workers>base @gkaissisCaught ForceObjectDelete called by workers>base @gkaissisCaught ForceObjectDelete called by workers>base @gkaissisCaught ForceObjectDelete called by workers>base @gkaissisCaught ForceObjectDelete called by workers>base @gkaissisCaught ForceObjectDelete called by workers>base @gkaissisCaught ForceObjectDelete called by workers>base @gkaissisCaught ForceObjectDelete called by workers>base @gkaissisCaught ForceObjectDelete called by workers>base @gkaissisCaught ForceObjectDelete called by workers>base @gkaissisCaught ForceObjectDelete called by workers>base @gkaissisCaught ForceObjectDelete called by workers>base @gkaissisCaught ForceObjectDelete called by workers>base @gkaissisCaught ForceObjectDelete called by workers>base @gkaissisCaught ForceObjectDelete called by workers>base @gkaissisCaught ForceObjectDelete called by workers>base @gkaissisCaught ForceObjectDelete called by workers>base @gkaissisCaught ForceObjectDelete called by workers>base @gkaissisCaught ForceObjectDelete called by workers>base @gkaissisCaught ForceObjectDelete called by workers>base @gkaissisCaught ForceObjectDelete called by workers>base @gkaissisCaught ForceObjectDelete called by workers>base @gkaissisCaught ForceObjectDelete called by workers>base @gkaissisCaught ForceObjectDelete called by workers>base @gkaissisCaught ForceObjectDelete called by workers>base @gkaissisCaught ForceObjectDelete called by workers>base @gkaissisCaught ForceObjectDelete called by workers>base @gkaissisCaught ForceObjectDelete called by workers>base @gkaissisCaught ForceObjectDelete called by workers>base @gkaissisCaught ForceObjectDelete called by workers>base @gkaissisCaught ForceObjectDelete called by workers>base @gkaissisCaught ForceObjectDelete called by workers>base @gkaissisCaught ForceObjectDelete called by workers>base @gkaissisCaught ForceObjectDelete called by workers>base @gkaissisCaught ForceObjectDelete called by workers>base @gkaissisCaught ForceObjectDelete called by workers>base @gkaissisCaught ForceObjectDelete called by workers>base @gkaissisCaught ForceObjectDelete called by workers>base @gkaissisCaught ForceObjectDelete called by workers>base @gkaissisCaught ForceObjectDelete called by workers>base @gkaissisCaught ForceObjectDelete called by workers>base @gkaissisCaught ForceObjectDelete called by workers>base @gkaissisCaught ForceObjectDelete called by workers>base @gkaissisCaught ForceObjectDelete called by workers>base @gkaissisCaught ForceObjectDelete called by workers>base @gkaissisCaught ForceObjectDelete called by workers>base @gkaissisCaught ForceObjectDelete called by workers>base @gkaissisCaught ForceObjectDelete called by workers>base @gkaissisCaught ForceObjectDelete called by workers>base @gkaissisCaught ForceObjectDelete called by workers>base @gkaissisCaught ForceObjectDelete called by workers>base @gkaissisCaught ForceObjectDelete called by workers>base @gkaissisCaught ForceObjectDelete called by workers>base @gkaissisCaught ForceObjectDelete called by workers>base @gkaissisCaught ForceObjectDelete called by workers>base @gkaissisCaught ForceObjectDelete called by workers>base @gkaissisCaught ForceObjectDelete called by workers>base @gkaissisCaught ForceObjectDelete called by workers>base @gkaissisCaught ForceObjectDelete called by workers>base @gkaissisCaught ForceObjectDelete called by workers>base @gkaissisCaught ForceObjectDelete called by workers>base @gkaissisCaught ForceObjectDelete called by workers>base @gkaissisCaught ForceObjectDelete called by workers>base @gkaissisCaught ForceObjectDelete called by workers>base @gkaissisCaught ForceObjectDelete called by workers>base @gkaissisCaught ForceObjectDelete called by workers>base @gkaissisCaught ForceObjectDelete called by workers>base @gkaissisCaught ForceObjectDelete called by workers>base @gkaissisCaught ForceObjectDelete called by workers>base @gkaissisCaught ForceObjectDelete called by workers>base @gkaissisCaught ForceObjectDelete called by workers>base @gkaissisCaught ForceObjectDelete called by workers>base @gkaissisCaught ForceObjectDelete called by workers>base @gkaissisCaught ForceObjectDelete called by workers>base @gkaissisCaught ForceObjectDelete called by workers>base @gkaissisCaught ForceObjectDelete called by workers>base @gkaissisCaught ForceObjectDelete called by workers>base @gkaissisCaught ForceObjectDelete called by workers>base @gkaissisCaught ForceObjectDelete called by workers>base @gkaissisCaught ForceObjectDelete called by workers>base @gkaissisCaught ForceObjectDelete called by workers>base @gkaissisCaught ForceObjectDelete called by workers>base @gkaissisCaught ForceObjectDelete called by workers>base @gkaissisCaught ForceObjectDelete called by workers>base @gkaissisCaught ForceObjectDelete called by workers>base @gkaissisCaught ForceObjectDelete called by workers>base @gkaissisCaught ForceObjectDelete called by workers>base @gkaissisCaught ForceObjectDelete called by workers>base @gkaissisCaught ForceObjectDelete called by workers>base @gkaissisCaught ForceObjectDelete called by workers>base @gkaissisCaught ForceObjectDelete called by workers>base @gkaissisCaught ForceObjectDelete called by workers>base @gkaissisCaught ForceObjectDelete called by workers>base @gkaissisCaught ForceObjectDelete called by workers>base @gkaissisCaught ForceObjectDelete called by workers>base @gkaissisCaught ForceObjectDelete called by workers>base @gkaissisCaught ForceObjectDelete called by workers>base @gkaissisCaught ForceObjectDelete called by workers>base @gkaissisCaught ForceObjectDelete called by workers>base @gkaissisCaught ForceObjectDelete called by workers>base @gkaissisCaught ForceObjectDelete called by workers>base @gkaissisCaught ForceObjectDelete called by workers>base @gkaissisCaught ForceObjectDelete called by workers>base @gkaissisCaught ForceObjectDelete called by workers>base @gkaissisCaught ForceObjectDelete called by workers>base @gkaissisCaught ForceObjectDelete called by workers>base @gkaissisCaught ForceObjectDelete called by workers>base @gkaissisCaught ForceObjectDelete called by workers>base @gkaissisCaught ForceObjectDelete called by workers>base @gkaissisCaught ForceObjectDelete called by workers>base @gkaissisCaught ForceObjectDelete called by workers>base @gkaissisCaught ForceObjectDelete called by workers>base @gkaissisCaught ForceObjectDelete called by workers>base @gkaissisCaught ForceObjectDelete called by workers>base @gkaissisCaught ForceObjectDelete called by workers>base @gkaissisCaught ForceObjectDelete called by workers>base @gkaissisCaught ForceObjectDelete called by workers>base @gkaissisCaught ForceObjectDelete called by workers>base @gkaissisCaught ForceObjectDelete called by workers>base @gkaissisCaught ForceObjectDelete called by workers>base @gkaissisCaught ForceObjectDelete called by workers>base @gkaissisCaught ForceObjectDelete called by workers>base @gkaissisCaught ForceObjectDelete called by workers>base @gkaissisCaught ForceObjectDelete called by workers>base @gkaissisCaught ForceObjectDelete called by workers>base @gkaissisCaught ForceObjectDelete called by workers>base @gkaissisCaught ForceObjectDelete called by workers>base @gkaissisCaught ForceObjectDelete called by workers>base @gkaissisCaught ForceObjectDelete called by workers>base @gkaissisCaught ForceObjectDelete called by workers>base @gkaissisCaught ForceObjectDelete called by workers>base @gkaissisCaught ForceObjectDelete called by workers>base @gkaissisCaught ForceObjectDelete called by workers>base @gkaissisCaught ForceObjectDelete called by workers>base @gkaissisCaught ForceObjectDelete called by workers>base @gkaissisCaught ForceObjectDelete called by workers>base @gkaissisCaught ForceObjectDelete called by workers>base @gkaissisCaught ForceObjectDelete called by workers>base @gkaissisCaught ForceObjectDelete called by workers>base @gkaissisCaught ForceObjectDelete called by workers>base @gkaissisCaught ForceObjectDelete called by workers>base @gkaissisCaught ForceObjectDelete called by workers>base @gkaissisCaught ForceObjectDelete called by workers>base @gkaissisCaught ForceObjectDelete called by workers>base @gkaissisCaught ForceObjectDelete called by workers>base @gkaissisCaught ForceObjectDelete called by workers>base @gkaissisCaught ForceObjectDelete called by workers>base @gkaissisCaught ForceObjectDelete called by workers>base @gkaissisCaught ForceObjectDelete called by workers>base @gkaissisCaught ForceObjectDelete called by workers>base @gkaissisCaught ForceObjectDelete called by workers>base @gkaissisCaught ForceObjectDelete called by workers>base @gkaissisCaught ForceObjectDelete called by workers>base @gkaissisCaught ForceObjectDelete called by workers>base @gkaissisCaught ForceObjectDelete called by workers>base @gkaissisCaught ForceObjectDelete called by workers>base @gkaissisCaught ForceObjectDelete called by workers>base @gkaissisCaught ForceObjectDelete called by workers>base @gkaissisCaught ForceObjectDelete called by workers>base @gkaissisCaught ForceObjectDelete called by workers>base @gkaissisCaught ForceObjectDelete called by workers>base @gkaissisCaught ForceObjectDelete called by workers>base @gkaissisCaught ForceObjectDelete called by workers>base @gkaissisCaught ForceObjectDelete called by workers>base @gkaissisCaught ForceObjectDelete called by workers>base @gkaissisCaught ForceObjectDelete called by workers>base @gkaissisCaught ForceObjectDelete called by workers>base @gkaissisCaught ForceObjectDelete called by workers>base @gkaissisCaught ForceObjectDelete called by workers>base @gkaissisCaught ForceObjectDelete called by workers>base @gkaissisCaught ForceObjectDelete called by workers>base @gkaissisCaught ForceObjectDelete called by workers>base @gkaissisCaught ForceObjectDelete called by workers>base @gkaissisCaught ForceObjectDelete called by workers>base @gkaissisCaught ForceObjectDelete called by workers>base @gkaissisCaught ForceObjectDelete called by workers>base @gkaissisCaught ForceObjectDelete called by workers>base @gkaissisCaught ForceObjectDelete called by workers>base @gkaissisCaught ForceObjectDelete called by workers>base @gkaissisCaught ForceObjectDelete called by workers>base @gkaissisCaught ForceObjectDelete called by workers>base @gkaissisCaught ForceObjectDelete called by workers>base @gkaissisCaught ForceObjectDelete called by workers>base @gkaissisCaught ForceObjectDelete called by workers>base @gkaissisCaught ForceObjectDelete called by workers>base @gkaissisCaught ForceObjectDelete called by workers>base @gkaissisCaught ForceObjectDelete called by workers>base @gkaissisCaught ForceObjectDelete called by workers>base @gkaissisCaught ForceObjectDelete called by workers>base @gkaissisCaught ForceObjectDelete called by workers>base @gkaissisCaught ForceObjectDelete called by workers>base @gkaissisCaught ForceObjectDelete called by workers>base @gkaissisCaught ForceObjectDelete called by workers>base @gkaissisCaught ForceObjectDelete called by workers>base @gkaissisCaught ForceObjectDelete called by workers>base @gkaissisCaught ForceObjectDelete called by workers>base @gkaissisCaught ForceObjectDelete called by workers>base @gkaissisCaught ForceObjectDelete called by workers>base @gkaissisCaught ForceObjectDelete called by workers>base @gkaissisCaught ForceObjectDelete called by workers>base @gkaissisCaught ForceObjectDelete called by workers>base @gkaissisCaught ForceObjectDelete called by workers>base @gkaissisCaught ForceObjectDelete called by workers>base @gkaissisCaught ForceObjectDelete called by workers>base @gkaissisCaught ForceObjectDelete called by workers>base @gkaissisCaught ForceObjectDelete called by workers>base @gkaissisCaught ForceObjectDelete called by workers>base @gkaissisCaught ForceObjectDelete called by workers>base @gkaissisCaught ForceObjectDelete called by workers>base @gkaissisCaught ForceObjectDelete called by workers>base @gkaissisCaught ForceObjectDelete called by workers>base @gkaissisCaught ForceObjectDelete called by workers>base @gkaissisCaught ForceObjectDelete called by workers>base @gkaissisCaught ForceObjectDelete called by workers>base @gkaissisCaught ForceObjectDelete called by workers>base @gkaissisCaught ForceObjectDelete called by workers>base @gkaissisCaught ForceObjectDelete called by workers>base @gkaissisCaught ForceObjectDelete called by workers>base @gkaissisCaught ForceObjectDelete called by workers>base @gkaissisCaught ForceObjectDelete called by workers>base @gkaissisCaught ForceObjectDelete called by workers>base @gkaissisCaught ForceObjectDelete called by workers>base @gkaissisCaught ForceObjectDelete called by workers>base @gkaissisCaught ForceObjectDelete called by workers>base @gkaissisCaught ForceObjectDelete called by workers>base @gkaissisde_register_obj called by generic>pointers>object_pointer @gkaissisde_register_obj called by generic>pointers>object_pointer @gkaissisde_register_obj called by generic>pointers>object_pointer @gkaissisde_register_obj called by generic>pointers>object_pointer @gkaissisde_register_obj called by generic>pointers>object_pointer @gkaissisde_register_obj called by generic>pointers>object_pointer @gkaissisde_register_obj called by generic>pointers>object_pointer @gkaissisde_register_obj called by generic>pointers>object_pointer @gkaissisde_register_obj called by generic>pointers>object_pointer @gkaissisde_register_obj called by generic>pointers>object_pointer @gkaissisde_register_obj called by generic>pointers>object_pointer @gkaissisde_register_obj called by generic>pointers>object_pointer @gkaissisde_register_obj called by generic>pointers>object_pointer @gkaissisde_register_obj called by generic>pointers>object_pointer @gkaissisde_register_obj called by generic>pointers>object_pointer @gkaissisde_register_obj called by generic>pointers>object_pointer @gkaissisde_register_obj called by generic>pointers>object_pointer @gkaissisde_register_obj called by generic>pointers>object_pointer @gkaissisde_register_obj called by generic>pointers>object_pointer @gkaissisde_register_obj called by generic>pointers>object_pointer @gkaissisde_register_obj called by generic>pointers>object_pointer @gkaissisde_register_obj called by generic>pointers>object_pointer @gkaissisde_register_obj called by generic>pointers>object_pointer @gkaissisde_register_obj called by generic>pointers>object_pointer @gkaissisde_register_obj called by generic>pointers>object_pointer @gkaissisde_register_obj called by generic>pointers>object_pointer @gkaissisde_register_obj called by generic>pointers>object_pointer @gkaissisde_register_obj called by generic>pointers>object_pointer @gkaissisde_register_obj called by generic>pointers>object_pointer @gkaissisde_register_obj called by generic>pointers>object_pointer @gkaissisde_register_obj called by generic>pointers>object_pointer @gkaissisde_register_obj called by generic>pointers>object_pointer @gkaissisde_register_obj called by generic>pointers>object_pointer @gkaissisde_register_obj called by generic>pointers>object_pointer @gkaissisde_register_obj called by generic>pointers>object_pointer @gkaissisde_register_obj called by generic>pointers>object_pointer @gkaissisde_register_obj called by generic>pointers>object_pointer @gkaissisde_register_obj called by generic>pointers>object_pointer @gkaissisde_register_obj called by generic>pointers>object_pointer @gkaissisde_register_obj called by generic>pointers>object_pointer @gkaissisde_register_obj called by generic>pointers>object_pointer @gkaissisde_register_obj called by generic>pointers>object_pointer @gkaissisde_register_obj called by generic>pointers>object_pointer @gkaissisde_register_obj called by generic>pointers>object_pointer @gkaissisde_register_obj called by generic>pointers>object_pointer @gkaissisde_register_obj called by generic>pointers>object_pointer @gkaissisde_register_obj called by generic>pointers>object_pointer @gkaissisde_register_obj called by generic>pointers>object_pointer @gkaissisde_register_obj called by generic>pointers>object_pointer @gkaissisde_register_obj called by generic>pointers>object_pointer @gkaissisde_register_obj called by generic>pointers>object_pointer @gkaissisde_register_obj called by generic>pointers>object_pointer @gkaissisde_register_obj called by generic>pointers>object_pointer @gkaissisde_register_obj called by generic>pointers>object_pointer @gkaissisde_register_obj called by generic>pointers>object_pointer @gkaissisde_register_obj called by generic>pointers>object_pointer @gkaissisde_register_obj called by generic>pointers>object_pointer @gkaissisde_register_obj called by generic>pointers>object_pointer @gkaissisde_register_obj called by generic>pointers>object_pointer @gkaissisde_register_obj called by generic>pointers>object_pointer @gkaissisde_register_obj called by generic>pointers>object_pointer @gkaissisde_register_obj called by generic>pointers>object_pointer @gkaissisde_register_obj called by generic>pointers>object_pointer @gkaissisde_register_obj called by generic>pointers>object_pointer @gkaissisde_register_obj called by generic>pointers>object_pointer @gkaissisde_register_obj called by generic>pointers>object_pointer @gkaissisde_register_obj called by generic>pointers>object_pointer @gkaissisde_register_obj called by generic>pointers>object_pointer @gkaissisde_register_obj called by generic>pointers>object_pointer @gkaissisde_register_obj called by generic>pointers>object_pointer @gkaissisde_register_obj called by generic>pointers>object_pointer @gkaissisde_register_obj called by generic>pointers>object_pointer @gkaissisde_register_obj called by generic>pointers>object_pointer @gkaissisde_register_obj called by generic>pointers>object_pointer @gkaissisde_register_obj called by generic>pointers>object_pointer @gkaissisde_register_obj called by generic>pointers>object_pointer @gkaissisde_register_obj called by generic>pointers>object_pointer @gkaissisde_register_obj called by generic>pointers>object_pointer @gkaissisde_register_obj called by generic>pointers>object_pointer @gkaissisde_register_obj called by generic>pointers>object_pointer @gkaissisde_register_obj called by generic>pointers>object_pointer @gkaissisde_register_obj called by generic>pointers>object_pointer @gkaissisde_register_obj called by generic>pointers>object_pointer @gkaissisde_register_obj called by generic>pointers>object_pointer @gkaissisde_register_obj called by generic>pointers>object_pointer @gkaissisde_register_obj called by generic>pointers>object_pointer @gkaissisde_register_obj called by generic>pointers>object_pointer @gkaissisde_register_obj called by generic>pointers>object_pointer @gkaissisde_register_obj called by generic>pointers>object_pointer @gkaissisde_register_obj called by generic>pointers>object_pointer @gkaissisde_register_obj called by generic>pointers>object_pointer @gkaissisde_register_obj called by generic>pointers>object_pointer @gkaissisde_register_obj called by generic>pointers>object_pointer @gkaissisde_register_obj called by generic>pointers>object_pointer @gkaissisde_register_obj called by generic>pointers>object_pointer @gkaissisde_register_obj called by generic>pointers>object_pointer @gkaissisde_register_obj called by generic>pointers>object_pointer @gkaissisde_register_obj called by generic>pointers>object_pointer @gkaissisde_register_obj called by generic>pointers>object_pointer @gkaissisde_register_obj called by generic>pointers>object_pointer @gkaissisde_register_obj called by generic>pointers>object_pointer @gkaissisde_register_obj called by generic>pointers>object_pointer @gkaissisde_register_obj called by generic>pointers>object_pointer @gkaissisde_register_obj called by generic>pointers>object_pointer @gkaissisde_register_obj called by generic>pointers>object_pointer @gkaissisde_register_obj called by generic>pointers>object_pointer @gkaissisde_register_obj called by generic>pointers>object_pointer @gkaissisde_register_obj called by generic>pointers>object_pointer @gkaissisde_register_obj called by generic>pointers>object_pointer @gkaissisde_register_obj called by generic>pointers>object_pointer @gkaissisde_register_obj called by generic>pointers>object_pointer @gkaissisde_register_obj called by generic>pointers>object_pointer @gkaissisde_register_obj called by generic>pointers>object_pointer @gkaissisde_register_obj called by generic>pointers>object_pointer @gkaissisde_register_obj called by generic>pointers>object_pointer @gkaissisde_register_obj called by generic>pointers>object_pointer @gkaissisde_register_obj called by generic>pointers>object_pointer @gkaissisde_register_obj called by generic>pointers>object_pointer @gkaissisde_register_obj called by generic>pointers>object_pointer @gkaissisde_register_obj called by generic>pointers>object_pointer @gkaissisde_register_obj called by generic>pointers>object_pointer @gkaissisde_register_obj called by generic>pointers>object_pointer @gkaissisCaught ForceObjectDelete called by workers>base @gkaissisCaught ForceObjectDelete called by workers>base @gkaissisCaught ForceObjectDelete called by workers>base @gkaissisCaught ForceObjectDelete called by workers>base @gkaissisCaught ForceObjectDelete called by workers>base @gkaissisCaught ForceObjectDelete called by workers>base @gkaissisCaught ForceObjectDelete called by workers>base @gkaissisCaught ForceObjectDelete called by workers>base @gkaissisCaught ForceObjectDelete called by workers>base @gkaissisCaught ForceObjectDelete called by workers>base @gkaissisCaught ForceObjectDelete called by workers>base @gkaissisCaught ForceObjectDelete called by workers>base @gkaissisCaught ForceObjectDelete called by workers>base @gkaissisCaught ForceObjectDelete called by workers>base @gkaissisCaught ForceObjectDelete called by workers>base @gkaissisCaught ForceObjectDelete called by workers>base @gkaissisCaught ForceObjectDelete called by workers>base @gkaissisCaught ForceObjectDelete called by workers>base @gkaissisCaught ForceObjectDelete called by workers>base @gkaissisCaught ForceObjectDelete called by workers>base @gkaissisCaught ForceObjectDelete called by workers>base @gkaissisCaught ForceObjectDelete called by workers>base @gkaissisCaught ForceObjectDelete called by workers>base @gkaissisCaught ForceObjectDelete called by workers>base @gkaissisCaught ForceObjectDelete called by workers>base @gkaissisCaught ForceObjectDelete called by workers>base @gkaissisCaught ForceObjectDelete called by workers>base @gkaissisCaught ForceObjectDelete called by workers>base @gkaissisCaught ForceObjectDelete called by workers>base @gkaissisCaught ForceObjectDelete called by workers>base @gkaissisCaught ForceObjectDelete called by workers>base @gkaissisCaught ForceObjectDelete called by workers>base @gkaissisCaught ForceObjectDelete called by workers>base @gkaissisCaught ForceObjectDelete called by workers>base @gkaissisCaught ForceObjectDelete called by workers>base @gkaissisCaught ForceObjectDelete called by workers>base @gkaissisCaught ForceObjectDelete called by workers>base @gkaissisCaught ForceObjectDelete called by workers>base @gkaissisCaught ForceObjectDelete called by workers>base @gkaissisCaught ForceObjectDelete called by workers>base @gkaissisCaught ForceObjectDelete called by workers>base @gkaissisCaught ForceObjectDelete called by workers>base @gkaissisCaught ForceObjectDelete called by workers>base @gkaissisCaught ForceObjectDelete called by workers>base @gkaissisCaught ForceObjectDelete called by workers>base @gkaissisCaught ForceObjectDelete called by workers>base @gkaissisCaught ForceObjectDelete called by workers>base @gkaissisCaught ForceObjectDelete called by workers>base @gkaissisCaught ForceObjectDelete called by workers>base @gkaissisCaught ForceObjectDelete called by workers>base @gkaissisCaught ForceObjectDelete called by workers>base @gkaissisCaught ForceObjectDelete called by workers>base @gkaissisCaught ForceObjectDelete called by workers>base @gkaissisCaught ForceObjectDelete called by workers>base @gkaissisCaught ForceObjectDelete called by workers>base @gkaissisCaught ForceObjectDelete called by workers>base @gkaissisCaught ForceObjectDelete called by workers>base @gkaissisCaught ForceObjectDelete called by workers>base @gkaissisCaught ForceObjectDelete called by workers>base @gkaissisCaught ForceObjectDelete called by workers>base @gkaissisCaught ForceObjectDelete called by workers>base @gkaissisCaught ForceObjectDelete called by workers>base @gkaissisCaught ForceObjectDelete called by workers>base @gkaissisCaught ForceObjectDelete called by workers>base @gkaissisCaught ForceObjectDelete called by workers>base @gkaissisCaught ForceObjectDelete called by workers>base @gkaissisCaught ForceObjectDelete called by workers>base @gkaissisCaught ForceObjectDelete called by workers>base @gkaissisCaught ForceObjectDelete called by workers>base @gkaissisCaught ForceObjectDelete called by workers>base @gkaissisCaught ForceObjectDelete called by workers>base @gkaissisCaught ForceObjectDelete called by workers>base @gkaissisCaught ForceObjectDelete called by workers>base @gkaissisCaught ForceObjectDelete called by workers>base @gkaissisCaught ForceObjectDelete called by workers>base @gkaissisCaught ForceObjectDelete called by workers>base @gkaissisCaught ForceObjectDelete called by workers>base @gkaissisCaught ForceObjectDelete called by workers>base @gkaissisCaught ForceObjectDelete called by workers>base @gkaissisCaught ForceObjectDelete called by workers>base @gkaissisCaught ForceObjectDelete called by workers>base @gkaissisCaught ForceObjectDelete called by workers>base @gkaissisCaught ForceObjectDelete called by workers>base @gkaissisCaught ForceObjectDelete called by workers>base @gkaissisCaught ForceObjectDelete called by workers>base @gkaissisCaught ForceObjectDelete called by workers>base @gkaissisCaught ForceObjectDelete called by workers>base @gkaissisCaught ForceObjectDelete called by workers>base @gkaissisCaught ForceObjectDelete called by workers>base @gkaissisCaught ForceObjectDelete called by workers>base @gkaissisCaught ForceObjectDelete called by workers>base @gkaissisCaught ForceObjectDelete called by workers>base @gkaissisCaught ForceObjectDelete called by workers>base @gkaissisCaught ForceObjectDelete called by workers>base @gkaissisCaught ForceObjectDelete called by workers>base @gkaissisCaught ForceObjectDelete called by workers>base @gkaissisCaught ForceObjectDelete called by workers>base @gkaissisCaught ForceObjectDelete called by workers>base @gkaissisCaught ForceObjectDelete called by workers>base @gkaissisCaught ForceObjectDelete called by workers>base @gkaissisCaught ForceObjectDelete called by workers>base @gkaissisCaught ForceObjectDelete called by workers>base @gkaissisCaught ForceObjectDelete called by workers>base @gkaissisCaught ForceObjectDelete called by workers>base @gkaissisCaught ForceObjectDelete called by workers>base @gkaissisCaught ForceObjectDelete called by workers>base @gkaissisCaught ForceObjectDelete called by workers>base @gkaissisCaught ForceObjectDelete called by workers>base @gkaissisCaught ForceObjectDelete called by workers>base @gkaissisCaught ForceObjectDelete called by workers>base @gkaissisCaught ForceObjectDelete called by workers>base @gkaissisCaught ForceObjectDelete called by workers>base @gkaissisCaught ForceObjectDelete called by workers>base @gkaissisCaught ForceObjectDelete called by workers>base @gkaissisCaught ForceObjectDelete called by workers>base @gkaissisCaught ForceObjectDelete called by workers>base @gkaissisCaught ForceObjectDelete called by workers>base @gkaissisCaught ForceObjectDelete called by workers>base @gkaissisCaught ForceObjectDelete called by workers>base @gkaissisCaught ForceObjectDelete called by workers>base @gkaissisCaught ForceObjectDelete called by workers>base @gkaissisCaught ForceObjectDelete called by workers>base @gkaissisCaught ForceObjectDelete called by workers>base @gkaissisCaught ForceObjectDelete called by workers>base @gkaissisCaught ForceObjectDelete called by workers>base @gkaissisCaught ForceObjectDelete called by workers>base @gkaissisCaught ForceObjectDelete called by workers>base @gkaissisCaught ForceObjectDelete called by workers>base @gkaissisCaught ForceObjectDelete called by workers>base @gkaissisCaught ForceObjectDelete called by workers>base @gkaissisCaught ForceObjectDelete called by workers>base @gkaissisCaught ForceObjectDelete called by workers>base @gkaissisCaught ForceObjectDelete called by workers>base @gkaissisCaught ForceObjectDelete called by workers>base @gkaissisCaught ForceObjectDelete called by workers>base @gkaissisCaught ForceObjectDelete called by workers>base @gkaissisCaught ForceObjectDelete called by workers>base @gkaissisCaught ForceObjectDelete called by workers>base @gkaissisCaught ForceObjectDelete called by workers>base @gkaissisCaught ForceObjectDelete called by workers>base @gkaissisCaught ForceObjectDelete called by workers>base @gkaissisCaught ForceObjectDelete called by workers>base @gkaissisCaught ForceObjectDelete called by workers>base @gkaissisCaught ForceObjectDelete called by workers>base @gkaissisCaught ForceObjectDelete called by workers>base @gkaissisCaught ForceObjectDelete called by workers>base @gkaissisCaught ForceObjectDelete called by workers>base @gkaissisCaught ForceObjectDelete called by workers>base @gkaissisCaught ForceObjectDelete called by workers>base @gkaissisCaught ForceObjectDelete called by workers>base @gkaissisCaught ForceObjectDelete called by workers>base @gkaissisCaught ForceObjectDelete called by workers>base @gkaissisCaught ForceObjectDelete called by workers>base @gkaissisCaught ForceObjectDelete called by workers>base @gkaissisCaught ForceObjectDelete called by workers>base @gkaissisCaught ForceObjectDelete called by workers>base @gkaissisCaught ForceObjectDelete called by workers>base @gkaissisCaught ForceObjectDelete called by workers>base @gkaissisCaught ForceObjectDelete called by workers>base @gkaissisCaught ForceObjectDelete called by workers>base @gkaissisCaught ForceObjectDelete called by workers>base @gkaissisCaught ForceObjectDelete called by workers>base @gkaissisCaught ForceObjectDelete called by workers>base @gkaissisCaught ForceObjectDelete called by workers>base @gkaissisCaught ForceObjectDelete called by workers>base @gkaissisCaught ForceObjectDelete called by workers>base @gkaissisCaught ForceObjectDelete called by workers>base @gkaissisCaught ForceObjectDelete called by workers>base @gkaissisCaught ForceObjectDelete called by workers>base @gkaissisCaught ForceObjectDelete called by workers>base @gkaissisCaught ForceObjectDelete called by workers>base @gkaissisCaught ForceObjectDelete called by workers>base @gkaissisCaught ForceObjectDelete called by workers>base @gkaissisCaught ForceObjectDelete called by workers>base @gkaissisCaught ForceObjectDelete called by workers>base @gkaissisCaught ForceObjectDelete called by workers>base @gkaissisCaught ForceObjectDelete called by workers>base @gkaissisCaught ForceObjectDelete called by workers>base @gkaissisCaught ForceObjectDelete called by workers>base @gkaissisCaught ForceObjectDelete called by workers>base @gkaissisCaught ForceObjectDelete called by workers>base @gkaissisCaught ForceObjectDelete called by workers>base @gkaissisCaught ForceObjectDelete called by workers>base @gkaissisCaught ForceObjectDelete called by workers>base @gkaissisCaught ForceObjectDelete called by workers>base @gkaissisCaught ForceObjectDelete called by workers>base @gkaissisCaught ForceObjectDelete called by workers>base @gkaissisCaught ForceObjectDelete called by workers>base @gkaissisCaught ForceObjectDelete called by workers>base @gkaissisCaught ForceObjectDelete called by workers>base @gkaissisCaught ForceObjectDelete called by workers>base @gkaissisCaught ForceObjectDelete called by workers>base @gkaissisCaught ForceObjectDelete called by workers>base @gkaissisCaught ForceObjectDelete called by workers>base @gkaissisCaught ForceObjectDelete called by workers>base @gkaissisCaught ForceObjectDelete called by workers>base @gkaissisCaught ForceObjectDelete called by workers>base @gkaissisCaught ForceObjectDelete called by workers>base @gkaissisCaught ForceObjectDelete called by workers>base @gkaissisCaught ForceObjectDelete called by workers>base @gkaissisCaught ForceObjectDelete called by workers>base @gkaissisCaught ForceObjectDelete called by workers>base @gkaissisCaught ForceObjectDelete called by workers>base @gkaissisCaught ForceObjectDelete called by workers>base @gkaissisCaught ForceObjectDelete called by workers>base @gkaissisCaught ForceObjectDelete called by workers>base @gkaissisCaught ForceObjectDelete called by workers>base @gkaissisCaught ForceObjectDelete called by workers>base @gkaissisCaught ForceObjectDelete called by workers>base @gkaissisCaught ForceObjectDelete called by workers>base @gkaissisCaught ForceObjectDelete called by workers>base @gkaissisCaught ForceObjectDelete called by workers>base @gkaissisCaught ForceObjectDelete called by workers>base @gkaissisCaught ForceObjectDelete called by workers>base @gkaissisCaught ForceObjectDelete called by workers>base @gkaissisCaught ForceObjectDelete called by workers>base @gkaissisCaught ForceObjectDelete called by workers>base @gkaissisCaught ForceObjectDelete called by workers>base @gkaissisCaught ForceObjectDelete called by workers>base @gkaissisCaught ForceObjectDelete called by workers>base @gkaissisCaught ForceObjectDelete called by workers>base @gkaissisCaught ForceObjectDelete called by workers>base @gkaissisCaught ForceObjectDelete called by workers>base @gkaissisCaught ForceObjectDelete called by workers>base @gkaissisCaught ForceObjectDelete called by workers>base @gkaissisCaught ForceObjectDelete called by workers>base @gkaissisCaught ForceObjectDelete called by workers>base @gkaissisCaught ForceObjectDelete called by workers>base @gkaissisCaught ForceObjectDelete called by workers>base @gkaissisCaught ForceObjectDelete called by workers>base @gkaissisCaught ForceObjectDelete called by workers>base @gkaissisCaught ForceObjectDelete called by workers>base @gkaissisCaught ForceObjectDelete called by workers>base @gkaissisCaught ForceObjectDelete called by workers>base @gkaissisCaught ForceObjectDelete called by workers>base @gkaissisCaught ForceObjectDelete called by workers>base @gkaissisCaught ForceObjectDelete called by workers>base @gkaissisCaught ForceObjectDelete called by workers>base @gkaissisCaught ForceObjectDelete called by workers>base @gkaissisCaught ForceObjectDelete called by workers>base @gkaissisCaught ForceObjectDelete called by workers>base @gkaissisCaught ForceObjectDelete called by workers>base @gkaissisCaught ForceObjectDelete called by workers>base @gkaissisCaught ForceObjectDelete called by workers>base @gkaissisCaught ForceObjectDelete called by workers>base @gkaissisCaught ForceObjectDelete called by workers>base @gkaissisCaught ForceObjectDelete called by workers>base @gkaissisCaught ForceObjectDelete called by workers>base @gkaissisCaught ForceObjectDelete called by workers>base @gkaissisCaught ForceObjectDelete called by workers>base @gkaissisCaught ForceObjectDelete called by workers>base @gkaissisCaught ForceObjectDelete called by workers>base @gkaissisCaught ForceObjectDelete called by workers>base @gkaissisCaught ForceObjectDelete called by workers>base @gkaissisCaught ForceObjectDelete called by workers>base @gkaissisCaught ForceObjectDelete called by workers>base @gkaissisCaught ForceObjectDelete called by workers>base @gkaissisCaught ForceObjectDelete called by workers>base @gkaissisCaught ForceObjectDelete called by workers>base @gkaissisCaught ForceObjectDelete called by workers>base @gkaissisCaught ForceObjectDelete called by workers>base @gkaissisCaught ForceObjectDelete called by workers>base @gkaissisCaught ForceObjectDelete called by workers>base @gkaissisCaught ForceObjectDelete called by workers>base @gkaissisCaught ForceObjectDelete called by workers>base @gkaissisCaught ForceObjectDelete called by workers>base @gkaissisCaught ForceObjectDelete called by workers>base @gkaissisCaught ForceObjectDelete called by workers>base @gkaissisCaught ForceObjectDelete called by workers>base @gkaissisCaught ForceObjectDelete called by workers>base @gkaissisCaught ForceObjectDelete called by workers>base @gkaissisCaught ForceObjectDelete called by workers>base @gkaissisCaught ForceObjectDelete called by workers>base @gkaissisCaught ForceObjectDelete called by workers>base @gkaissisCaught ForceObjectDelete called by workers>base @gkaissisCaught ForceObjectDelete called by workers>base @gkaissisCaught ForceObjectDelete called by workers>base @gkaissisCaught ForceObjectDelete called by workers>base @gkaissisCaught ForceObjectDelete called by workers>base @gkaissisCaught ForceObjectDelete called by workers>base @gkaissisCaught ForceObjectDelete called by workers>base @gkaissisCaught ForceObjectDelete called by workers>base @gkaissisCaught ForceObjectDelete called by workers>base @gkaissisCaught ForceObjectDelete called by workers>base @gkaissisCaught ForceObjectDelete called by workers>base @gkaissisCaught ForceObjectDelete called by workers>base @gkaissisCaught ForceObjectDelete called by workers>base @gkaissisCaught ForceObjectDelete called by workers>base @gkaissisCaught ForceObjectDelete called by workers>base @gkaissisCaught ForceObjectDelete called by workers>base @gkaissisCaught ForceObjectDelete called by workers>base @gkaissisCaught ForceObjectDelete called by workers>base @gkaissisCaught ForceObjectDelete called by workers>base @gkaissisCaught ForceObjectDelete called by workers>base @gkaissisCaught ForceObjectDelete called by workers>base @gkaissisCaught ForceObjectDelete called by workers>base @gkaissisCaught ForceObjectDelete called by workers>base @gkaissisCaught ForceObjectDelete called by workers>base @gkaissisCaught ForceObjectDelete called by workers>base @gkaissisCaught ForceObjectDelete called by workers>base @gkaissisCaught ForceObjectDelete called by workers>base @gkaissisCaught ForceObjectDelete called by workers>base @gkaissisCaught ForceObjectDelete called by workers>base @gkaissisCaught ForceObjectDelete called by workers>base @gkaissisCaught ForceObjectDelete called by workers>base @gkaissisCaught ForceObjectDelete called by workers>base @gkaissisCaught ForceObjectDelete called by workers>base @gkaissisCaught ForceObjectDelete called by workers>base @gkaissisCaught ForceObjectDelete called by workers>base @gkaissisCaught ForceObjectDelete called by workers>base @gkaissisCaught ForceObjectDelete called by workers>base @gkaissisCaught ForceObjectDelete called by workers>base @gkaissisCaught ForceObjectDelete called by workers>base @gkaissisCaught ForceObjectDelete called by workers>base @gkaissisCaught ForceObjectDelete called by workers>base @gkaissisCaught ForceObjectDelete called by workers>base @gkaissisCaught ForceObjectDelete called by workers>base @gkaissisCaught ForceObjectDelete called by workers>base @gkaissisCaught ForceObjectDelete called by workers>base @gkaissisCaught ForceObjectDelete called by workers>base @gkaissisCaught ForceObjectDelete called by workers>base @gkaissisCaught ForceObjectDelete called by workers>base @gkaissisCaught ForceObjectDelete called by workers>base @gkaissisCaught ForceObjectDelete called by workers>base @gkaissisCaught ForceObjectDelete called by workers>base @gkaissisCaught ForceObjectDelete called by workers>base @gkaissisCaught ForceObjectDelete called by workers>base @gkaissisCaught ForceObjectDelete called by workers>base @gkaissisCaught ForceObjectDelete called by workers>base @gkaissisCaught ForceObjectDelete called by workers>base @gkaissisCaught ForceObjectDelete called by workers>base @gkaissisCaught ForceObjectDelete called by workers>base @gkaissisCaught ForceObjectDelete called by workers>base @gkaissisCaught ForceObjectDelete called by workers>base @gkaissisCaught ForceObjectDelete called by workers>base @gkaissisCaught ForceObjectDelete called by workers>base @gkaissisCaught ForceObjectDelete called by workers>base @gkaissisCaught ForceObjectDelete called by workers>base @gkaissisCaught ForceObjectDelete called by workers>base @gkaissisCaught ForceObjectDelete called by workers>base @gkaissisCaught ForceObjectDelete called by workers>base @gkaissisCaught ForceObjectDelete called by workers>base @gkaissisCaught ForceObjectDelete called by workers>base @gkaissisCaught ForceObjectDelete called by workers>base @gkaissisCaught ForceObjectDelete called by workers>base @gkaissisCaught ForceObjectDelete called by workers>base @gkaissisCaught ForceObjectDelete called by workers>base @gkaissisCaught ForceObjectDelete called by workers>base @gkaissisCaught ForceObjectDelete called by workers>base @gkaissisCaught ForceObjectDelete called by workers>base @gkaissisCaught ForceObjectDelete called by workers>base @gkaissisCaught ForceObjectDelete called by workers>base @gkaissisCaught ForceObjectDelete called by workers>base @gkaissisCaught ForceObjectDelete called by workers>base @gkaissisCaught ForceObjectDelete called by workers>base @gkaissisCaught ForceObjectDelete called by workers>base @gkaissisCaught ForceObjectDelete called by workers>base @gkaissisCaught ForceObjectDelete called by workers>base @gkaissisCaught ForceObjectDelete called by workers>base @gkaissisCaught ForceObjectDelete called by workers>base @gkaissisCaught ForceObjectDelete called by workers>base @gkaissisCaught ForceObjectDelete called by workers>base @gkaissisCaught ForceObjectDelete called by workers>base @gkaissisCaught ForceObjectDelete called by workers>base @gkaissisCaught ForceObjectDelete called by workers>base @gkaissisCaught ForceObjectDelete called by workers>base @gkaissisde_register_obj called by generic>pointers>object_pointer @gkaissisde_register_obj called by generic>pointers>object_pointer @gkaissisde_register_obj called by generic>pointers>object_pointer @gkaissisde_register_obj called by generic>pointers>object_pointer @gkaissisde_register_obj called by generic>pointers>object_pointer @gkaissisde_register_obj called by generic>pointers>object_pointer @gkaissisde_register_obj called by generic>pointers>object_pointer @gkaissisde_register_obj called by generic>pointers>object_pointer @gkaissisde_register_obj called by generic>pointers>object_pointer @gkaissisde_register_obj called by generic>pointers>object_pointer @gkaissisde_register_obj called by generic>pointers>object_pointer @gkaissisde_register_obj called by generic>pointers>object_pointer @gkaissisde_register_obj called by generic>pointers>object_pointer @gkaissisde_register_obj called by generic>pointers>object_pointer @gkaissisde_register_obj called by generic>pointers>object_pointer @gkaissisde_register_obj called by generic>pointers>object_pointer @gkaissisde_register_obj called by generic>pointers>object_pointer @gkaissisde_register_obj called by generic>pointers>object_pointer @gkaissisde_register_obj called by generic>pointers>object_pointer @gkaissisde_register_obj called by generic>pointers>object_pointer @gkaissisde_register_obj called by generic>pointers>object_pointer @gkaissisde_register_obj called by generic>pointers>object_pointer @gkaissisde_register_obj called by generic>pointers>object_pointer @gkaissisde_register_obj called by generic>pointers>object_pointer @gkaissisde_register_obj called by generic>pointers>object_pointer @gkaissisde_register_obj called by generic>pointers>object_pointer @gkaissisde_register_obj called by generic>pointers>object_pointer @gkaissisde_register_obj called by generic>pointers>object_pointer @gkaissisde_register_obj called by generic>pointers>object_pointer @gkaissisde_register_obj called by generic>pointers>object_pointer @gkaissisde_register_obj called by generic>pointers>object_pointer @gkaissisde_register_obj called by generic>pointers>object_pointer @gkaissisde_register_obj called by generic>pointers>object_pointer @gkaissisde_register_obj called by generic>pointers>object_pointer @gkaissisde_register_obj called by generic>pointers>object_pointer @gkaissisde_register_obj called by generic>pointers>object_pointer @gkaissisde_register_obj called by generic>pointers>object_pointer @gkaissisde_register_obj called by generic>pointers>object_pointer @gkaissisde_register_obj called by generic>pointers>object_pointer @gkaissisde_register_obj called by generic>pointers>object_pointer @gkaissisde_register_obj called by generic>pointers>object_pointer @gkaissisde_register_obj called by generic>pointers>object_pointer @gkaissisde_register_obj called by generic>pointers>object_pointer @gkaissisde_register_obj called by generic>pointers>object_pointer @gkaissisde_register_obj called by generic>pointers>object_pointer @gkaissisde_register_obj called by generic>pointers>object_pointer @gkaissisde_register_obj called by generic>pointers>object_pointer @gkaissisde_register_obj called by generic>pointers>object_pointer @gkaissisde_register_obj called by generic>pointers>object_pointer @gkaissisde_register_obj called by generic>pointers>object_pointer @gkaissisde_register_obj called by generic>pointers>object_pointer @gkaissisde_register_obj called by generic>pointers>object_pointer @gkaissisde_register_obj called by generic>pointers>object_pointer @gkaissisde_register_obj called by generic>pointers>object_pointer @gkaissisde_register_obj called by generic>pointers>object_pointer @gkaissisde_register_obj called by generic>pointers>object_pointer @gkaissisde_register_obj called by generic>pointers>object_pointer @gkaissisde_register_obj called by generic>pointers>object_pointer @gkaissisde_register_obj called by generic>pointers>object_pointer @gkaissisde_register_obj called by generic>pointers>object_pointer @gkaissisde_register_obj called by generic>pointers>object_pointer @gkaissisde_register_obj called by generic>pointers>object_pointer @gkaissisde_register_obj called by generic>pointers>object_pointer @gkaissisde_register_obj called by generic>pointers>object_pointer @gkaissisde_register_obj called by generic>pointers>object_pointer @gkaissisde_register_obj called by generic>pointers>object_pointer @gkaissisde_register_obj called by generic>pointers>object_pointer @gkaissisde_register_obj called by generic>pointers>object_pointer @gkaissisde_register_obj called by generic>pointers>object_pointer @gkaissisde_register_obj called by generic>pointers>object_pointer @gkaissisde_register_obj called by generic>pointers>object_pointer @gkaissisde_register_obj called by generic>pointers>object_pointer @gkaissisde_register_obj called by generic>pointers>object_pointer @gkaissisde_register_obj called by generic>pointers>object_pointer @gkaissisde_register_obj called by generic>pointers>object_pointer @gkaissisde_register_obj called by generic>pointers>object_pointer @gkaissisde_register_obj called by generic>pointers>object_pointer @gkaissisde_register_obj called by generic>pointers>object_pointer @gkaissisde_register_obj called by generic>pointers>object_pointer @gkaissisde_register_obj called by generic>pointers>object_pointer @gkaissisde_register_obj called by generic>pointers>object_pointer @gkaissisde_register_obj called by generic>pointers>object_pointer @gkaissisde_register_obj called by generic>pointers>object_pointer @gkaissisde_register_obj called by generic>pointers>object_pointer @gkaissisde_register_obj called by generic>pointers>object_pointer @gkaissisde_register_obj called by generic>pointers>object_pointer @gkaissisde_register_obj called by generic>pointers>object_pointer @gkaissisde_register_obj called by generic>pointers>object_pointer @gkaissisde_register_obj called by generic>pointers>object_pointer @gkaissisde_register_obj called by generic>pointers>object_pointer @gkaissisde_register_obj called by generic>pointers>object_pointer @gkaissisde_register_obj called by generic>pointers>object_pointer @gkaissisde_register_obj called by generic>pointers>object_pointer @gkaissisde_register_obj called by generic>pointers>object_pointer @gkaissisde_register_obj called by generic>pointers>object_pointer @gkaissisde_register_obj called by generic>pointers>object_pointer @gkaissisde_register_obj called by generic>pointers>object_pointer @gkaissisde_register_obj called by generic>pointers>object_pointer @gkaissisde_register_obj called by generic>pointers>object_pointer @gkaissisde_register_obj called by generic>pointers>object_pointer @gkaissisde_register_obj called by generic>pointers>object_pointer @gkaissisde_register_obj called by generic>pointers>object_pointer @gkaissisde_register_obj called by generic>pointers>object_pointer @gkaissisde_register_obj called by generic>pointers>object_pointer @gkaissisde_register_obj called by generic>pointers>object_pointer @gkaissisde_register_obj called by generic>pointers>object_pointer @gkaissisde_register_obj called by generic>pointers>object_pointer @gkaissisde_register_obj called by generic>pointers>object_pointer @gkaissisde_register_obj called by generic>pointers>object_pointer @gkaissisde_register_obj called by generic>pointers>object_pointer @gkaissisde_register_obj called by generic>pointers>object_pointer @gkaissisde_register_obj called by generic>pointers>object_pointer @gkaissisde_register_obj called by generic>pointers>object_pointer @gkaissisde_register_obj called by generic>pointers>object_pointer @gkaissisde_register_obj called by generic>pointers>object_pointer @gkaissisde_register_obj called by generic>pointers>object_pointer @gkaissisde_register_obj called by generic>pointers>object_pointer @gkaissisde_register_obj called by generic>pointers>object_pointer @gkaissisde_register_obj called by generic>pointers>object_pointer @gkaissisde_register_obj called by generic>pointers>object_pointer @gkaissisde_register_obj called by generic>pointers>object_pointer @gkaissisde_register_obj called by generic>pointers>object_pointer @gkaissisCaught ForceObjectDelete called by workers>base @gkaissisCaught ForceObjectDelete called by workers>base @gkaissisCaught ForceObjectDelete called by workers>base @gkaissisCaught ForceObjectDelete called by workers>base @gkaissisCaught ForceObjectDelete called by workers>base @gkaissisCaught ForceObjectDelete called by workers>base @gkaissisCaught ForceObjectDelete called by workers>base @gkaissisCaught ForceObjectDelete called by workers>base @gkaissisCaught ForceObjectDelete called by workers>base @gkaissisCaught ForceObjectDelete called by workers>base @gkaissisCaught ForceObjectDelete called by workers>base @gkaissisCaught ForceObjectDelete called by workers>base @gkaissisCaught ForceObjectDelete called by workers>base @gkaissisCaught ForceObjectDelete called by workers>base @gkaissisCaught ForceObjectDelete called by workers>base @gkaissisCaught ForceObjectDelete called by workers>base @gkaissisCaught ForceObjectDelete called by workers>base @gkaissisCaught ForceObjectDelete called by workers>base @gkaissisCaught ForceObjectDelete called by workers>base @gkaissisCaught ForceObjectDelete called by workers>base @gkaissisCaught ForceObjectDelete called by workers>base @gkaissisCaught ForceObjectDelete called by workers>base @gkaissisCaught ForceObjectDelete called by workers>base @gkaissisCaught ForceObjectDelete called by workers>base @gkaissisCaught ForceObjectDelete called by workers>base @gkaissisCaught ForceObjectDelete called by workers>base @gkaissisCaught ForceObjectDelete called by workers>base @gkaissisCaught ForceObjectDelete called by workers>base @gkaissisCaught ForceObjectDelete called by workers>base @gkaissisCaught ForceObjectDelete called by workers>base @gkaissisCaught ForceObjectDelete called by workers>base @gkaissisCaught ForceObjectDelete called by workers>base @gkaissisCaught ForceObjectDelete called by workers>base @gkaissisCaught ForceObjectDelete called by workers>base @gkaissisCaught ForceObjectDelete called by workers>base @gkaissisCaught ForceObjectDelete called by workers>base @gkaissisCaught ForceObjectDelete called by workers>base @gkaissisCaught ForceObjectDelete called by workers>base @gkaissisCaught ForceObjectDelete called by workers>base @gkaissisCaught ForceObjectDelete called by workers>base @gkaissisCaught ForceObjectDelete called by workers>base @gkaissisCaught ForceObjectDelete called by workers>base @gkaissisCaught ForceObjectDelete called by workers>base @gkaissisCaught ForceObjectDelete called by workers>base @gkaissisCaught ForceObjectDelete called by workers>base @gkaissisCaught ForceObjectDelete called by workers>base @gkaissisCaught ForceObjectDelete called by workers>base @gkaissisCaught ForceObjectDelete called by workers>base @gkaissisCaught ForceObjectDelete called by workers>base @gkaissisCaught ForceObjectDelete called by workers>base @gkaissisCaught ForceObjectDelete called by workers>base @gkaissisCaught ForceObjectDelete called by workers>base @gkaissisCaught ForceObjectDelete called by workers>base @gkaissisCaught ForceObjectDelete called by workers>base @gkaissisCaught ForceObjectDelete called by workers>base @gkaissisCaught ForceObjectDelete called by workers>base @gkaissisCaught ForceObjectDelete called by workers>base @gkaissisCaught ForceObjectDelete called by workers>base @gkaissisCaught ForceObjectDelete called by workers>base @gkaissisCaught ForceObjectDelete called by workers>base @gkaissisCaught ForceObjectDelete called by workers>base @gkaissisCaught ForceObjectDelete called by workers>base @gkaissisCaught ForceObjectDelete called by workers>base @gkaissisCaught ForceObjectDelete called by workers>base @gkaissisCaught ForceObjectDelete called by workers>base @gkaissisCaught ForceObjectDelete called by workers>base @gkaissisCaught ForceObjectDelete called by workers>base @gkaissisCaught ForceObjectDelete called by workers>base @gkaissisCaught ForceObjectDelete called by workers>base @gkaissisCaught ForceObjectDelete called by workers>base @gkaissisCaught ForceObjectDelete called by workers>base @gkaissisCaught ForceObjectDelete called by workers>base @gkaissisCaught ForceObjectDelete called by workers>base @gkaissisCaught ForceObjectDelete called by workers>base @gkaissisCaught ForceObjectDelete called by workers>base @gkaissisCaught ForceObjectDelete called by workers>base @gkaissisCaught ForceObjectDelete called by workers>base @gkaissisCaught ForceObjectDelete called by workers>base @gkaissisCaught ForceObjectDelete called by workers>base @gkaissisCaught ForceObjectDelete called by workers>base @gkaissisCaught ForceObjectDelete called by workers>base @gkaissisCaught ForceObjectDelete called by workers>base @gkaissisCaught ForceObjectDelete called by workers>base @gkaissisCaught ForceObjectDelete called by workers>base @gkaissisCaught ForceObjectDelete called by workers>base @gkaissisCaught ForceObjectDelete called by workers>base @gkaissisCaught ForceObjectDelete called by workers>base @gkaissisCaught ForceObjectDelete called by workers>base @gkaissisCaught ForceObjectDelete called by workers>base @gkaissisCaught ForceObjectDelete called by workers>base @gkaissisCaught ForceObjectDelete called by workers>base @gkaissisCaught ForceObjectDelete called by workers>base @gkaissisCaught ForceObjectDelete called by workers>base @gkaissisCaught ForceObjectDelete called by workers>base @gkaissisCaught ForceObjectDelete called by workers>base @gkaissisCaught ForceObjectDelete called by workers>base @gkaissisCaught ForceObjectDelete called by workers>base @gkaissisCaught ForceObjectDelete called by workers>base @gkaissisCaught ForceObjectDelete called by workers>base @gkaissisCaught ForceObjectDelete called by workers>base @gkaissisCaught ForceObjectDelete called by workers>base @gkaissisCaught ForceObjectDelete called by workers>base @gkaissisCaught ForceObjectDelete called by workers>base @gkaissisCaught ForceObjectDelete called by workers>base @gkaissisCaught ForceObjectDelete called by workers>base @gkaissisCaught ForceObjectDelete called by workers>base @gkaissisCaught ForceObjectDelete called by workers>base @gkaissisCaught ForceObjectDelete called by workers>base @gkaissisCaught ForceObjectDelete called by workers>base @gkaissisCaught ForceObjectDelete called by workers>base @gkaissisCaught ForceObjectDelete called by workers>base @gkaissisCaught ForceObjectDelete called by workers>base @gkaissisCaught ForceObjectDelete called by workers>base @gkaissisCaught ForceObjectDelete called by workers>base @gkaissisCaught ForceObjectDelete called by workers>base @gkaissisCaught ForceObjectDelete called by workers>base @gkaissisCaught ForceObjectDelete called by workers>base @gkaissisCaught ForceObjectDelete called by workers>base @gkaissisCaught ForceObjectDelete called by workers>base @gkaissisCaught ForceObjectDelete called by workers>base @gkaissisCaught ForceObjectDelete called by workers>base @gkaissisCaught ForceObjectDelete called by workers>base @gkaissisCaught ForceObjectDelete called by workers>base @gkaissisCaught ForceObjectDelete called by workers>base @gkaissisCaught ForceObjectDelete called by workers>base @gkaissisCaught ForceObjectDelete called by workers>base @gkaissisCaught ForceObjectDelete called by workers>base @gkaissisCaught ForceObjectDelete called by workers>base @gkaissisCaught ForceObjectDelete called by workers>base @gkaissisCaught ForceObjectDelete called by workers>base @gkaissisCaught ForceObjectDelete called by workers>base @gkaissisCaught ForceObjectDelete called by workers>base @gkaissisCaught ForceObjectDelete called by workers>base @gkaissisCaught ForceObjectDelete called by workers>base @gkaissisCaught ForceObjectDelete called by workers>base @gkaissisCaught ForceObjectDelete called by workers>base @gkaissisCaught ForceObjectDelete called by workers>base @gkaissisCaught ForceObjectDelete called by workers>base @gkaissisCaught ForceObjectDelete called by workers>base @gkaissisCaught ForceObjectDelete called by workers>base @gkaissisCaught ForceObjectDelete called by workers>base @gkaissisCaught ForceObjectDelete called by workers>base @gkaissisCaught ForceObjectDelete called by workers>base @gkaissisCaught ForceObjectDelete called by workers>base @gkaissisCaught ForceObjectDelete called by workers>base @gkaissisCaught ForceObjectDelete called by workers>base @gkaissisCaught ForceObjectDelete called by workers>base @gkaissisCaught ForceObjectDelete called by workers>base @gkaissisCaught ForceObjectDelete called by workers>base @gkaissisCaught ForceObjectDelete called by workers>base @gkaissisCaught ForceObjectDelete called by workers>base @gkaissisCaught ForceObjectDelete called by workers>base @gkaissisCaught ForceObjectDelete called by workers>base @gkaissisCaught ForceObjectDelete called by workers>base @gkaissisCaught ForceObjectDelete called by workers>base @gkaissisCaught ForceObjectDelete called by workers>base @gkaissisCaught ForceObjectDelete called by workers>base @gkaissisCaught ForceObjectDelete called by workers>base @gkaissisCaught ForceObjectDelete called by workers>base @gkaissisCaught ForceObjectDelete called by workers>base @gkaissisCaught ForceObjectDelete called by workers>base @gkaissisCaught ForceObjectDelete called by workers>base @gkaissisCaught ForceObjectDelete called by workers>base @gkaissisCaught ForceObjectDelete called by workers>base @gkaissisCaught ForceObjectDelete called by workers>base @gkaissisCaught ForceObjectDelete called by workers>base @gkaissisCaught ForceObjectDelete called by workers>base @gkaissisCaught ForceObjectDelete called by workers>base @gkaissisCaught ForceObjectDelete called by workers>base @gkaissisCaught ForceObjectDelete called by workers>base @gkaissisCaught ForceObjectDelete called by workers>base @gkaissisCaught ForceObjectDelete called by workers>base @gkaissisCaught ForceObjectDelete called by workers>base @gkaissisCaught ForceObjectDelete called by workers>base @gkaissisCaught ForceObjectDelete called by workers>base @gkaissisCaught ForceObjectDelete called by workers>base @gkaissisCaught ForceObjectDelete called by workers>base @gkaissisCaught ForceObjectDelete called by workers>base @gkaissisCaught ForceObjectDelete called by workers>base @gkaissisCaught ForceObjectDelete called by workers>base @gkaissisCaught ForceObjectDelete called by workers>base @gkaissisCaught ForceObjectDelete called by workers>base @gkaissisCaught ForceObjectDelete called by workers>base @gkaissisCaught ForceObjectDelete called by workers>base @gkaissisCaught ForceObjectDelete called by workers>base @gkaissisCaught ForceObjectDelete called by workers>base @gkaissisCaught ForceObjectDelete called by workers>base @gkaissisCaught ForceObjectDelete called by workers>base @gkaissisCaught ForceObjectDelete called by workers>base @gkaissisCaught ForceObjectDelete called by workers>base @gkaissisCaught ForceObjectDelete called by workers>base @gkaissisCaught ForceObjectDelete called by workers>base @gkaissisCaught ForceObjectDelete called by workers>base @gkaissisCaught ForceObjectDelete called by workers>base @gkaissisCaught ForceObjectDelete called by workers>base @gkaissisCaught ForceObjectDelete called by workers>base @gkaissisCaught ForceObjectDelete called by workers>base @gkaissisCaught ForceObjectDelete called by workers>base @gkaissisCaught ForceObjectDelete called by workers>base @gkaissisCaught ForceObjectDelete called by workers>base @gkaissisCaught ForceObjectDelete called by workers>base @gkaissisCaught ForceObjectDelete called by workers>base @gkaissisCaught ForceObjectDelete called by workers>base @gkaissisCaught ForceObjectDelete called by workers>base @gkaissisCaught ForceObjectDelete called by workers>base @gkaissisCaught ForceObjectDelete called by workers>base @gkaissisCaught ForceObjectDelete called by workers>base @gkaissisCaught ForceObjectDelete called by workers>base @gkaissisCaught ForceObjectDelete called by workers>base @gkaissisCaught ForceObjectDelete called by workers>base @gkaissisCaught ForceObjectDelete called by workers>base @gkaissisCaught ForceObjectDelete called by workers>base @gkaissisCaught ForceObjectDelete called by workers>base @gkaissisCaught ForceObjectDelete called by workers>base @gkaissisCaught ForceObjectDelete called by workers>base @gkaissisCaught ForceObjectDelete called by workers>base @gkaissisCaught ForceObjectDelete called by workers>base @gkaissisCaught ForceObjectDelete called by workers>base @gkaissisCaught ForceObjectDelete called by workers>base @gkaissisCaught ForceObjectDelete called by workers>base @gkaissisCaught ForceObjectDelete called by workers>base @gkaissisCaught ForceObjectDelete called by workers>base @gkaissisCaught ForceObjectDelete called by workers>base @gkaissisCaught ForceObjectDelete called by workers>base @gkaissisCaught ForceObjectDelete called by workers>base @gkaissisCaught ForceObjectDelete called by workers>base @gkaissisCaught ForceObjectDelete called by workers>base @gkaissisCaught ForceObjectDelete called by workers>base @gkaissisCaught ForceObjectDelete called by workers>base @gkaissisCaught ForceObjectDelete called by workers>base @gkaissisCaught ForceObjectDelete called by workers>base @gkaissisCaught ForceObjectDelete called by workers>base @gkaissisCaught ForceObjectDelete called by workers>base @gkaissisCaught ForceObjectDelete called by workers>base @gkaissisCaught ForceObjectDelete called by workers>base @gkaissisCaught ForceObjectDelete called by workers>base @gkaissisCaught ForceObjectDelete called by workers>base @gkaissisCaught ForceObjectDelete called by workers>base @gkaissisCaught ForceObjectDelete called by workers>base @gkaissisCaught ForceObjectDelete called by workers>base @gkaissisCaught ForceObjectDelete called by workers>base @gkaissisCaught ForceObjectDelete called by workers>base @gkaissisCaught ForceObjectDelete called by workers>base @gkaissisCaught ForceObjectDelete called by workers>base @gkaissisCaught ForceObjectDelete called by workers>base @gkaissisCaught ForceObjectDelete called by workers>base @gkaissisCaught ForceObjectDelete called by workers>base @gkaissisCaught ForceObjectDelete called by workers>base @gkaissisCaught ForceObjectDelete called by workers>base @gkaissisCaught ForceObjectDelete called by workers>base @gkaissisCaught ForceObjectDelete called by workers>base @gkaissisCaught ForceObjectDelete called by workers>base @gkaissisCaught ForceObjectDelete called by workers>base @gkaissisCaught ForceObjectDelete called by workers>base @gkaissisCaught ForceObjectDelete called by workers>base @gkaissisCaught ForceObjectDelete called by workers>base @gkaissisCaught ForceObjectDelete called by workers>base @gkaissisCaught ForceObjectDelete called by workers>base @gkaissisCaught ForceObjectDelete called by workers>base @gkaissisCaught ForceObjectDelete called by workers>base @gkaissisCaught ForceObjectDelete called by workers>base @gkaissisCaught ForceObjectDelete called by workers>base @gkaissisCaught ForceObjectDelete called by workers>base @gkaissisCaught ForceObjectDelete called by workers>base @gkaissisCaught ForceObjectDelete called by workers>base @gkaissisCaught ForceObjectDelete called by workers>base @gkaissisCaught ForceObjectDelete called by workers>base @gkaissisCaught ForceObjectDelete called by workers>base @gkaissisCaught ForceObjectDelete called by workers>base @gkaissisCaught ForceObjectDelete called by workers>base @gkaissisCaught ForceObjectDelete called by workers>base @gkaissisCaught ForceObjectDelete called by workers>base @gkaissisCaught ForceObjectDelete called by workers>base @gkaissisCaught ForceObjectDelete called by workers>base @gkaissisCaught ForceObjectDelete called by workers>base @gkaissisCaught ForceObjectDelete called by workers>base @gkaissisCaught ForceObjectDelete called by workers>base @gkaissisCaught ForceObjectDelete called by workers>base @gkaissisCaught ForceObjectDelete called by workers>base @gkaissisCaught ForceObjectDelete called by workers>base @gkaissisCaught ForceObjectDelete called by workers>base @gkaissisCaught ForceObjectDelete called by workers>base @gkaissisCaught ForceObjectDelete called by workers>base @gkaissisCaught ForceObjectDelete called by workers>base @gkaissisCaught ForceObjectDelete called by workers>base @gkaissisCaught ForceObjectDelete called by workers>base @gkaissisCaught ForceObjectDelete called by workers>base @gkaissisCaught ForceObjectDelete called by workers>base @gkaissisCaught ForceObjectDelete called by workers>base @gkaissisCaught ForceObjectDelete called by workers>base @gkaissisCaught ForceObjectDelete called by workers>base @gkaissisCaught ForceObjectDelete called by workers>base @gkaissisCaught ForceObjectDelete called by workers>base @gkaissisCaught ForceObjectDelete called by workers>base @gkaissisCaught ForceObjectDelete called by workers>base @gkaissisCaught ForceObjectDelete called by workers>base @gkaissisCaught ForceObjectDelete called by workers>base @gkaissisCaught ForceObjectDelete called by workers>base @gkaissisCaught ForceObjectDelete called by workers>base @gkaissisCaught ForceObjectDelete called by workers>base @gkaissisCaught ForceObjectDelete called by workers>base @gkaissisCaught ForceObjectDelete called by workers>base @gkaissisCaught ForceObjectDelete called by workers>base @gkaissisCaught ForceObjectDelete called by workers>base @gkaissisCaught ForceObjectDelete called by workers>base @gkaissisCaught ForceObjectDelete called by workers>base @gkaissisCaught ForceObjectDelete called by workers>base @gkaissisCaught ForceObjectDelete called by workers>base @gkaissisCaught ForceObjectDelete called by workers>base @gkaissisCaught ForceObjectDelete called by workers>base @gkaissisCaught ForceObjectDelete called by workers>base @gkaissisCaught ForceObjectDelete called by workers>base @gkaissisCaught ForceObjectDelete called by workers>base @gkaissisCaught ForceObjectDelete called by workers>base @gkaissisCaught ForceObjectDelete called by workers>base @gkaissisCaught ForceObjectDelete called by workers>base @gkaissisCaught ForceObjectDelete called by workers>base @gkaissisCaught ForceObjectDelete called by workers>base @gkaissisCaught ForceObjectDelete called by workers>base @gkaissisCaught ForceObjectDelete called by workers>base @gkaissisCaught ForceObjectDelete called by workers>base @gkaissisCaught ForceObjectDelete called by workers>base @gkaissisCaught ForceObjectDelete called by workers>base @gkaissisCaught ForceObjectDelete called by workers>base @gkaissisCaught ForceObjectDelete called by workers>base @gkaissisCaught ForceObjectDelete called by workers>base @gkaissisCaught ForceObjectDelete called by workers>base @gkaissisCaught ForceObjectDelete called by workers>base @gkaissisCaught ForceObjectDelete called by workers>base @gkaissisCaught ForceObjectDelete called by workers>base @gkaissisCaught ForceObjectDelete called by workers>base @gkaissisCaught ForceObjectDelete called by workers>base @gkaissisCaught ForceObjectDelete called by workers>base @gkaissisCaught ForceObjectDelete called by workers>base @gkaissisCaught ForceObjectDelete called by workers>base @gkaissisCaught ForceObjectDelete called by workers>base @gkaissisCaught ForceObjectDelete called by workers>base @gkaissisCaught ForceObjectDelete called by workers>base @gkaissisCaught ForceObjectDelete called by workers>base @gkaissisCaught ForceObjectDelete called by workers>base @gkaissisCaught ForceObjectDelete called by workers>base @gkaissisCaught ForceObjectDelete called by workers>base @gkaissisCaught ForceObjectDelete called by workers>base @gkaissisCaught ForceObjectDelete called by workers>base @gkaissisCaught ForceObjectDelete called by workers>base @gkaissisCaught ForceObjectDelete called by workers>base @gkaissisCaught ForceObjectDelete called by workers>base @gkaissisCaught ForceObjectDelete called by workers>base @gkaissisCaught ForceObjectDelete called by workers>base @gkaissisCaught ForceObjectDelete called by workers>base @gkaissisCaught ForceObjectDelete called by workers>base @gkaissisCaught ForceObjectDelete called by workers>base @gkaissisCaught ForceObjectDelete called by workers>base @gkaissisCaught ForceObjectDelete called by workers>base @gkaissisCaught ForceObjectDelete called by workers>base @gkaissisCaught ForceObjectDelete called by workers>base @gkaissisCaught ForceObjectDelete called by workers>base @gkaissisCaught ForceObjectDelete called by workers>base @gkaissisCaught ForceObjectDelete called by workers>base @gkaissisCaught ForceObjectDelete called by workers>base @gkaissisCaught ForceObjectDelete called by workers>base @gkaissisCaught ForceObjectDelete called by workers>base @gkaissisCaught ForceObjectDelete called by workers>base @gkaissisCaught ForceObjectDelete called by workers>base @gkaissisCaught ForceObjectDelete called by workers>base @gkaissisCaught ForceObjectDelete called by workers>base @gkaissisde_register_obj called by generic>pointers>object_pointer @gkaissisde_register_obj called by generic>pointers>object_pointer @gkaissisde_register_obj called by generic>pointers>object_pointer @gkaissisde_register_obj called by generic>pointers>object_pointer @gkaissisde_register_obj called by generic>pointers>object_pointer @gkaissisde_register_obj called by generic>pointers>object_pointer @gkaissisde_register_obj called by generic>pointers>object_pointer @gkaissisde_register_obj called by generic>pointers>object_pointer @gkaissisde_register_obj called by generic>pointers>object_pointer @gkaissisde_register_obj called by generic>pointers>object_pointer @gkaissisde_register_obj called by generic>pointers>object_pointer @gkaissisde_register_obj called by generic>pointers>object_pointer @gkaissisde_register_obj called by generic>pointers>object_pointer @gkaissisde_register_obj called by generic>pointers>object_pointer @gkaissisde_register_obj called by generic>pointers>object_pointer @gkaissisde_register_obj called by generic>pointers>object_pointer @gkaissisde_register_obj called by generic>pointers>object_pointer @gkaissisde_register_obj called by generic>pointers>object_pointer @gkaissisde_register_obj called by generic>pointers>object_pointer @gkaissisde_register_obj called by generic>pointers>object_pointer @gkaissisde_register_obj called by generic>pointers>object_pointer @gkaissisde_register_obj called by generic>pointers>object_pointer @gkaissisde_register_obj called by generic>pointers>object_pointer @gkaissisde_register_obj called by generic>pointers>object_pointer @gkaissisde_register_obj called by generic>pointers>object_pointer @gkaissisde_register_obj called by generic>pointers>object_pointer @gkaissisde_register_obj called by generic>pointers>object_pointer @gkaissisde_register_obj called by generic>pointers>object_pointer @gkaissisde_register_obj called by generic>pointers>object_pointer @gkaissisde_register_obj called by generic>pointers>object_pointer @gkaissisde_register_obj called by generic>pointers>object_pointer @gkaissisde_register_obj called by generic>pointers>object_pointer @gkaissisde_register_obj called by generic>pointers>object_pointer @gkaissisde_register_obj called by generic>pointers>object_pointer @gkaissisde_register_obj called by generic>pointers>object_pointer @gkaissisde_register_obj called by generic>pointers>object_pointer @gkaissisde_register_obj called by generic>pointers>object_pointer @gkaissisde_register_obj called by generic>pointers>object_pointer @gkaissisde_register_obj called by generic>pointers>object_pointer @gkaissisde_register_obj called by generic>pointers>object_pointer @gkaissisde_register_obj called by generic>pointers>object_pointer @gkaissisde_register_obj called by generic>pointers>object_pointer @gkaissisde_register_obj called by generic>pointers>object_pointer @gkaissisde_register_obj called by generic>pointers>object_pointer @gkaissisde_register_obj called by generic>pointers>object_pointer @gkaissisde_register_obj called by generic>pointers>object_pointer @gkaissisde_register_obj called by generic>pointers>object_pointer @gkaissisde_register_obj called by generic>pointers>object_pointer @gkaissisde_register_obj called by generic>pointers>object_pointer @gkaissisde_register_obj called by generic>pointers>object_pointer @gkaissisde_register_obj called by generic>pointers>object_pointer @gkaissisde_register_obj called by generic>pointers>object_pointer @gkaissisde_register_obj called by generic>pointers>object_pointer @gkaissisde_register_obj called by generic>pointers>object_pointer @gkaissisde_register_obj called by generic>pointers>object_pointer @gkaissisde_register_obj called by generic>pointers>object_pointer @gkaissisde_register_obj called by generic>pointers>object_pointer @gkaissisde_register_obj called by generic>pointers>object_pointer @gkaissisde_register_obj called by generic>pointers>object_pointer @gkaissisde_register_obj called by generic>pointers>object_pointer @gkaissisde_register_obj called by generic>pointers>object_pointer @gkaissisde_register_obj called by generic>pointers>object_pointer @gkaissisde_register_obj called by generic>pointers>object_pointer @gkaissisde_register_obj called by generic>pointers>object_pointer @gkaissisde_register_obj called by generic>pointers>object_pointer @gkaissisde_register_obj called by generic>pointers>object_pointer @gkaissisde_register_obj called by generic>pointers>object_pointer @gkaissisde_register_obj called by generic>pointers>object_pointer @gkaissisde_register_obj called by generic>pointers>object_pointer @gkaissisde_register_obj called by generic>pointers>object_pointer @gkaissisde_register_obj called by generic>pointers>object_pointer @gkaissisde_register_obj called by generic>pointers>object_pointer @gkaissisde_register_obj called by generic>pointers>object_pointer @gkaissisde_register_obj called by generic>pointers>object_pointer @gkaissisde_register_obj called by generic>pointers>object_pointer @gkaissisde_register_obj called by generic>pointers>object_pointer @gkaissisde_register_obj called by generic>pointers>object_pointer @gkaissisde_register_obj called by generic>pointers>object_pointer @gkaissisde_register_obj called by generic>pointers>object_pointer @gkaissisde_register_obj called by generic>pointers>object_pointer @gkaissisde_register_obj called by generic>pointers>object_pointer @gkaissisde_register_obj called by generic>pointers>object_pointer @gkaissisde_register_obj called by generic>pointers>object_pointer @gkaissisde_register_obj called by generic>pointers>object_pointer @gkaissisde_register_obj called by generic>pointers>object_pointer @gkaissisde_register_obj called by generic>pointers>object_pointer @gkaissisde_register_obj called by generic>pointers>object_pointer @gkaissisde_register_obj called by generic>pointers>object_pointer @gkaissisde_register_obj called by generic>pointers>object_pointer @gkaissisde_register_obj called by generic>pointers>object_pointer @gkaissisde_register_obj called by generic>pointers>object_pointer @gkaissisde_register_obj called by generic>pointers>object_pointer @gkaissisde_register_obj called by generic>pointers>object_pointer @gkaissisde_register_obj called by generic>pointers>object_pointer @gkaissisde_register_obj called by generic>pointers>object_pointer @gkaissisde_register_obj called by generic>pointers>object_pointer @gkaissisde_register_obj called by generic>pointers>object_pointer @gkaissisde_register_obj called by generic>pointers>object_pointer @gkaissisde_register_obj called by generic>pointers>object_pointer @gkaissisde_register_obj called by generic>pointers>object_pointer @gkaissisde_register_obj called by generic>pointers>object_pointer @gkaissisde_register_obj called by generic>pointers>object_pointer @gkaissisde_register_obj called by generic>pointers>object_pointer @gkaissisde_register_obj called by generic>pointers>object_pointer @gkaissisde_register_obj called by generic>pointers>object_pointer @gkaissisde_register_obj called by generic>pointers>object_pointer @gkaissisde_register_obj called by generic>pointers>object_pointer @gkaissisde_register_obj called by generic>pointers>object_pointer @gkaissisde_register_obj called by generic>pointers>object_pointer @gkaissisde_register_obj called by generic>pointers>object_pointer @gkaissisde_register_obj called by generic>pointers>object_pointer @gkaissisde_register_obj called by generic>pointers>object_pointer @gkaissisde_register_obj called by generic>pointers>object_pointer @gkaissisde_register_obj called by generic>pointers>object_pointer @gkaissisde_register_obj called by generic>pointers>object_pointer @gkaissisde_register_obj called by generic>pointers>object_pointer @gkaissisde_register_obj called by generic>pointers>object_pointer @gkaissisde_register_obj called by generic>pointers>object_pointer @gkaissisde_register_obj called by generic>pointers>object_pointer @gkaissisde_register_obj called by generic>pointers>object_pointer @gkaissisde_register_obj called by generic>pointers>object_pointer @gkaissisde_register_obj called by generic>pointers>object_pointer @gkaissisTraining with secure aggregation:   0%|          | 0/1 [00:00<?, ?it/s]
Train batch 0:   0%|          | 0/3 [00:00<?, ?it/s]Caught ForceObjectDelete called by workers>base @gkaissisCaught ForceObjectDelete called by workers>base @gkaissisCaught ForceObjectDelete called by workers>base @gkaissisCaught ForceObjectDelete called by workers>base @gkaissisCaught ForceObjectDelete called by workers>base @gkaissisCaught ForceObjectDelete called by workers>base @gkaissisCaught ForceObjectDelete called by workers>base @gkaissisCaught ForceObjectDelete called by workers>base @gkaissisCaught ForceObjectDelete called by workers>base @gkaissisCaught ForceObjectDelete called by workers>base @gkaissisCaught ForceObjectDelete called by workers>base @gkaissisCaught ForceObjectDelete called by workers>base @gkaissisCaught ForceObjectDelete called by workers>base @gkaissisCaught ForceObjectDelete called by workers>base @gkaissisCaught ForceObjectDelete called by workers>base @gkaissisCaught ForceObjectDelete called by workers>base @gkaissisCaught ForceObjectDelete called by workers>base @gkaissisCaught ForceObjectDelete called by workers>base @gkaissisCaught ForceObjectDelete called by workers>base @gkaissisCaught ForceObjectDelete called by workers>base @gkaissisCaught ForceObjectDelete called by workers>base @gkaissisCaught ForceObjectDelete called by workers>base @gkaissisCaught ForceObjectDelete called by workers>base @gkaissisCaught ForceObjectDelete called by workers>base @gkaissisCaught ForceObjectDelete called by workers>base @gkaissisCaught ForceObjectDelete called by workers>base @gkaissisCaught ForceObjectDelete called by workers>base @gkaissisCaught ForceObjectDelete called by workers>base @gkaissisCaught ForceObjectDelete called by workers>base @gkaissisCaught ForceObjectDelete called by workers>base @gkaissisCaught ForceObjectDelete called by workers>base @gkaissisCaught ForceObjectDelete called by workers>base @gkaissisCaught ForceObjectDelete called by workers>base @gkaissisCaught ForceObjectDelete called by workers>base @gkaissisCaught ForceObjectDelete called by workers>base @gkaissisCaught ForceObjectDelete called by workers>base @gkaissisCaught ForceObjectDelete called by workers>base @gkaissisCaught ForceObjectDelete called by workers>base @gkaissisCaught ForceObjectDelete called by workers>base @gkaissisCaught ForceObjectDelete called by workers>base @gkaissisCaught ForceObjectDelete called by workers>base @gkaissisCaught ForceObjectDelete called by workers>base @gkaissisCaught ForceObjectDelete called by workers>base @gkaissisCaught ForceObjectDelete called by workers>base @gkaissisCaught ForceObjectDelete called by workers>base @gkaissisCaught ForceObjectDelete called by workers>base @gkaissisCaught ForceObjectDelete called by workers>base @gkaissisCaught ForceObjectDelete called by workers>base @gkaissisCaught ForceObjectDelete called by workers>base @gkaissisCaught ForceObjectDelete called by workers>base @gkaissisCaught ForceObjectDelete called by workers>base @gkaissisCaught ForceObjectDelete called by workers>base @gkaissisCaught ForceObjectDelete called by workers>base @gkaissisCaught ForceObjectDelete called by workers>base @gkaissisCaught ForceObjectDelete called by workers>base @gkaissisCaught ForceObjectDelete called by workers>base @gkaissisCaught ForceObjectDelete called by workers>base @gkaissisCaught ForceObjectDelete called by workers>base @gkaissisCaught ForceObjectDelete called by workers>base @gkaissisCaught ForceObjectDelete called by workers>base @gkaissisCaught ForceObjectDelete called by workers>base @gkaissisCaught ForceObjectDelete called by workers>base @gkaissisCaught ForceObjectDelete called by workers>base @gkaissisCaught ForceObjectDelete called by workers>base @gkaissisCaught ForceObjectDelete called by workers>base @gkaissisCaught ForceObjectDelete called by workers>base @gkaissisCaught ForceObjectDelete called by workers>base @gkaissisCaught ForceObjectDelete called by workers>base @gkaissisCaught ForceObjectDelete called by workers>base @gkaissisCaught ForceObjectDelete called by workers>base @gkaissisCaught ForceObjectDelete called by workers>base @gkaissisCaught ForceObjectDelete called by workers>base @gkaissisCaught ForceObjectDelete called by workers>base @gkaissisCaught ForceObjectDelete called by workers>base @gkaissisCaught ForceObjectDelete called by workers>base @gkaissisCaught ForceObjectDelete called by workers>base @gkaissisCaught ForceObjectDelete called by workers>base @gkaissisCaught ForceObjectDelete called by workers>base @gkaissisCaught ForceObjectDelete called by workers>base @gkaissisCaught ForceObjectDelete called by workers>base @gkaissisCaught ForceObjectDelete called by workers>base @gkaissisCaught ForceObjectDelete called by workers>base @gkaissisCaught ForceObjectDelete called by workers>base @gkaissisCaught ForceObjectDelete called by workers>base @gkaissisCaught ForceObjectDelete called by workers>base @gkaissisCaught ForceObjectDelete called by workers>base @gkaissisCaught ForceObjectDelete called by workers>base @gkaissisCaught ForceObjectDelete called by workers>base @gkaissisCaught ForceObjectDelete called by workers>base @gkaissisCaught ForceObjectDelete called by workers>base @gkaissisCaught ForceObjectDelete called by workers>base @gkaissisCaught ForceObjectDelete called by workers>base @gkaissisCaught ForceObjectDelete called by workers>base @gkaissisCaught ForceObjectDelete called by workers>base @gkaissisCaught ForceObjectDelete called by workers>base @gkaissisCaught ForceObjectDelete called by workers>base @gkaissisCaught ForceObjectDelete called by workers>base @gkaissisCaught ForceObjectDelete called by workers>base @gkaissisCaught ForceObjectDelete called by workers>base @gkaissisCaught ForceObjectDelete called by workers>base @gkaissisCaught ForceObjectDelete called by workers>base @gkaissisCaught ForceObjectDelete called by workers>base @gkaissisCaught ForceObjectDelete called by workers>base @gkaissisCaught ForceObjectDelete called by workers>base @gkaissisCaught ForceObjectDelete called by workers>base @gkaissisCaught ForceObjectDelete called by workers>base @gkaissisCaught ForceObjectDelete called by workers>base @gkaissisCaught ForceObjectDelete called by workers>base @gkaissisCaught ForceObjectDelete called by workers>base @gkaissisCaught ForceObjectDelete called by workers>base @gkaissisCaught ForceObjectDelete called by workers>base @gkaissisCaught ForceObjectDelete called by workers>base @gkaissisCaught ForceObjectDelete called by workers>base @gkaissisCaught ForceObjectDelete called by workers>base @gkaissisCaught ForceObjectDelete called by workers>base @gkaissisCaught ForceObjectDelete called by workers>base @gkaissisCaught ForceObjectDelete called by workers>base @gkaissisCaught ForceObjectDelete called by workers>base @gkaissisCaught ForceObjectDelete called by workers>base @gkaissisCaught ForceObjectDelete called by workers>base @gkaissisCaught ForceObjectDelete called by workers>base @gkaissisCaught ForceObjectDelete called by workers>base @gkaissisCaught ForceObjectDelete called by workers>base @gkaissisCaught ForceObjectDelete called by workers>base @gkaissisCaught ForceObjectDelete called by workers>base @gkaissisCaught ForceObjectDelete called by workers>base @gkaissisCaught ForceObjectDelete called by workers>base @gkaissisCaught ForceObjectDelete called by workers>base @gkaissisCaught ForceObjectDelete called by workers>base @gkaissisCaught ForceObjectDelete called by workers>base @gkaissisCaught ForceObjectDelete called by workers>base @gkaissisCaught ForceObjectDelete called by workers>base @gkaissisCaught ForceObjectDelete called by workers>base @gkaissisCaught ForceObjectDelete called by workers>base @gkaissisCaught ForceObjectDelete called by workers>base @gkaissisCaught ForceObjectDelete called by workers>base @gkaissisCaught ForceObjectDelete called by workers>base @gkaissisCaught ForceObjectDelete called by workers>base @gkaissisCaught ForceObjectDelete called by workers>base @gkaissisCaught ForceObjectDelete called by workers>base @gkaissisCaught ForceObjectDelete called by workers>base @gkaissisCaught ForceObjectDelete called by workers>base @gkaissisCaught ForceObjectDelete called by workers>base @gkaissisCaught ForceObjectDelete called by workers>base @gkaissisCaught ForceObjectDelete called by workers>base @gkaissisCaught ForceObjectDelete called by workers>base @gkaissisCaught ForceObjectDelete called by workers>base @gkaissisCaught ForceObjectDelete called by workers>base @gkaissisCaught ForceObjectDelete called by workers>base @gkaissisCaught ForceObjectDelete called by workers>base @gkaissisCaught ForceObjectDelete called by workers>base @gkaissisCaught ForceObjectDelete called by workers>base @gkaissisCaught ForceObjectDelete called by workers>base @gkaissisCaught ForceObjectDelete called by workers>base @gkaissisCaught ForceObjectDelete called by workers>base @gkaissisCaught ForceObjectDelete called by workers>base @gkaissisCaught ForceObjectDelete called by workers>base @gkaissisCaught ForceObjectDelete called by workers>base @gkaissisCaught ForceObjectDelete called by workers>base @gkaissisCaught ForceObjectDelete called by workers>base @gkaissisCaught ForceObjectDelete called by workers>base @gkaissisCaught ForceObjectDelete called by workers>base @gkaissisCaught ForceObjectDelete called by workers>base @gkaissisCaught ForceObjectDelete called by workers>base @gkaissisCaught ForceObjectDelete called by workers>base @gkaissisCaught ForceObjectDelete called by workers>base @gkaissisCaught ForceObjectDelete called by workers>base @gkaissisCaught ForceObjectDelete called by workers>base @gkaissisCaught ForceObjectDelete called by workers>base @gkaissisCaught ForceObjectDelete called by workers>base @gkaissisCaught ForceObjectDelete called by workers>base @gkaissisCaught ForceObjectDelete called by workers>base @gkaissisCaught ForceObjectDelete called by workers>base @gkaissisCaught ForceObjectDelete called by workers>base @gkaissisCaught ForceObjectDelete called by workers>base @gkaissisCaught ForceObjectDelete called by workers>base @gkaissisCaught ForceObjectDelete called by workers>base @gkaissisCaught ForceObjectDelete called by workers>base @gkaissisCaught ForceObjectDelete called by workers>base @gkaissisCaught ForceObjectDelete called by workers>base @gkaissisCaught ForceObjectDelete called by workers>base @gkaissisCaught ForceObjectDelete called by workers>base @gkaissisCaught ForceObjectDelete called by workers>base @gkaissisCaught ForceObjectDelete called by workers>base @gkaissisCaught ForceObjectDelete called by workers>base @gkaissisCaught ForceObjectDelete called by workers>base @gkaissisCaught ForceObjectDelete called by workers>base @gkaissisCaught ForceObjectDelete called by workers>base @gkaissisCaught ForceObjectDelete called by workers>base @gkaissisCaught ForceObjectDelete called by workers>base @gkaissisCaught ForceObjectDelete called by workers>base @gkaissisCaught ForceObjectDelete called by workers>base @gkaissisCaught ForceObjectDelete called by workers>base @gkaissisCaught ForceObjectDelete called by workers>base @gkaissisCaught ForceObjectDelete called by workers>base @gkaissisCaught ForceObjectDelete called by workers>base @gkaissisCaught ForceObjectDelete called by workers>base @gkaissisCaught ForceObjectDelete called by workers>base @gkaissisCaught ForceObjectDelete called by workers>base @gkaissisCaught ForceObjectDelete called by workers>base @gkaissisCaught ForceObjectDelete called by workers>base @gkaissisCaught ForceObjectDelete called by workers>base @gkaissisCaught ForceObjectDelete called by workers>base @gkaissisCaught ForceObjectDelete called by workers>base @gkaissisCaught ForceObjectDelete called by workers>base @gkaissisCaught ForceObjectDelete called by workers>base @gkaissisCaught ForceObjectDelete called by workers>base @gkaissisCaught ForceObjectDelete called by workers>base @gkaissisCaught ForceObjectDelete called by workers>base @gkaissisCaught ForceObjectDelete called by workers>base @gkaissisCaught ForceObjectDelete called by workers>base @gkaissisCaught ForceObjectDelete called by workers>base @gkaissisCaught ForceObjectDelete called by workers>base @gkaissisCaught ForceObjectDelete called by workers>base @gkaissisCaught ForceObjectDelete called by workers>base @gkaissisCaught ForceObjectDelete called by workers>base @gkaissisCaught ForceObjectDelete called by workers>base @gkaissisCaught ForceObjectDelete called by workers>base @gkaissisCaught ForceObjectDelete called by workers>base @gkaissisCaught ForceObjectDelete called by workers>base @gkaissisCaught ForceObjectDelete called by workers>base @gkaissisCaught ForceObjectDelete called by workers>base @gkaissisCaught ForceObjectDelete called by workers>base @gkaissisCaught ForceObjectDelete called by workers>base @gkaissisCaught ForceObjectDelete called by workers>base @gkaissisCaught ForceObjectDelete called by workers>base @gkaissisCaught ForceObjectDelete called by workers>base @gkaissisCaught ForceObjectDelete called by workers>base @gkaissisCaught ForceObjectDelete called by workers>base @gkaissisCaught ForceObjectDelete called by workers>base @gkaissisCaught ForceObjectDelete called by workers>base @gkaissisCaught ForceObjectDelete called by workers>base @gkaissisCaught ForceObjectDelete called by workers>base @gkaissisCaught ForceObjectDelete called by workers>base @gkaissisCaught ForceObjectDelete called by workers>base @gkaissisCaught ForceObjectDelete called by workers>base @gkaissisCaught ForceObjectDelete called by workers>base @gkaissisCaught ForceObjectDelete called by workers>base @gkaissisCaught ForceObjectDelete called by workers>base @gkaissisCaught ForceObjectDelete called by workers>base @gkaissisCaught ForceObjectDelete called by workers>base @gkaissisCaught ForceObjectDelete called by workers>base @gkaissisCaught ForceObjectDelete called by workers>base @gkaissisCaught ForceObjectDelete called by workers>base @gkaissisCaught ForceObjectDelete called by workers>base @gkaissisCaught ForceObjectDelete called by workers>base @gkaissisCaught ForceObjectDelete called by workers>base @gkaissisCaught ForceObjectDelete called by workers>base @gkaissisCaught ForceObjectDelete called by workers>base @gkaissisCaught ForceObjectDelete called by workers>base @gkaissisCaught ForceObjectDelete called by workers>base @gkaissisCaught ForceObjectDelete called by workers>base @gkaissisCaught ForceObjectDelete called by workers>base @gkaissisCaught ForceObjectDelete called by workers>base @gkaissisCaught ForceObjectDelete called by workers>base @gkaissisCaught ForceObjectDelete called by workers>base @gkaissisCaught ForceObjectDelete called by workers>base @gkaissisCaught ForceObjectDelete called by workers>base @gkaissisCaught ForceObjectDelete called by workers>base @gkaissisCaught ForceObjectDelete called by workers>base @gkaissisCaught ForceObjectDelete called by workers>base @gkaissisCaught ForceObjectDelete called by workers>base @gkaissisCaught ForceObjectDelete called by workers>base @gkaissisCaught ForceObjectDelete called by workers>base @gkaissisCaught ForceObjectDelete called by workers>base @gkaissisCaught ForceObjectDelete called by workers>base @gkaissisCaught ForceObjectDelete called by workers>base @gkaissisCaught ForceObjectDelete called by workers>base @gkaissisCaught ForceObjectDelete called by workers>base @gkaissisCaught ForceObjectDelete called by workers>base @gkaissisCaught ForceObjectDelete called by workers>base @gkaissisCaught ForceObjectDelete called by workers>base @gkaissisCaught ForceObjectDelete called by workers>base @gkaissisCaught ForceObjectDelete called by workers>base @gkaissisCaught ForceObjectDelete called by workers>base @gkaissisCaught ForceObjectDelete called by workers>base @gkaissisCaught ForceObjectDelete called by workers>base @gkaissisCaught ForceObjectDelete called by workers>base @gkaissisCaught ForceObjectDelete called by workers>base @gkaissisCaught ForceObjectDelete called by workers>base @gkaissisCaught ForceObjectDelete called by workers>base @gkaissisCaught ForceObjectDelete called by workers>base @gkaissisCaught ForceObjectDelete called by workers>base @gkaissisCaught ForceObjectDelete called by workers>base @gkaissisCaught ForceObjectDelete called by workers>base @gkaissisCaught ForceObjectDelete called by workers>base @gkaissisCaught ForceObjectDelete called by workers>base @gkaissisCaught ForceObjectDelete called by workers>base @gkaissisCaught ForceObjectDelete called by workers>base @gkaissisCaught ForceObjectDelete called by workers>base @gkaissisCaught ForceObjectDelete called by workers>base @gkaissisCaught ForceObjectDelete called by workers>base @gkaissisCaught ForceObjectDelete called by workers>base @gkaissisCaught ForceObjectDelete called by workers>base @gkaissisCaught ForceObjectDelete called by workers>base @gkaissisCaught ForceObjectDelete called by workers>base @gkaissisCaught ForceObjectDelete called by workers>base @gkaissisCaught ForceObjectDelete called by workers>base @gkaissisCaught ForceObjectDelete called by workers>base @gkaissisCaught ForceObjectDelete called by workers>base @gkaissisCaught ForceObjectDelete called by workers>base @gkaissisCaught ForceObjectDelete called by workers>base @gkaissisCaught ForceObjectDelete called by workers>base @gkaissisCaught ForceObjectDelete called by workers>base @gkaissisCaught ForceObjectDelete called by workers>base @gkaissisCaught ForceObjectDelete called by workers>base @gkaissisCaught ForceObjectDelete called by workers>base @gkaissisCaught ForceObjectDelete called by workers>base @gkaissisCaught ForceObjectDelete called by workers>base @gkaissisCaught ForceObjectDelete called by workers>base @gkaissisCaught ForceObjectDelete called by workers>base @gkaissisCaught ForceObjectDelete called by workers>base @gkaissisCaught ForceObjectDelete called by workers>base @gkaissisCaught ForceObjectDelete called by workers>base @gkaissisCaught ForceObjectDelete called by workers>base @gkaissisCaught ForceObjectDelete called by workers>base @gkaissisCaught ForceObjectDelete called by workers>base @gkaissisCaught ForceObjectDelete called by workers>base @gkaissisCaught ForceObjectDelete called by workers>base @gkaissisCaught ForceObjectDelete called by workers>base @gkaissisCaught ForceObjectDelete called by workers>base @gkaissisCaught ForceObjectDelete called by workers>base @gkaissisCaught ForceObjectDelete called by workers>base @gkaissisCaught ForceObjectDelete called by workers>base @gkaissisCaught ForceObjectDelete called by workers>base @gkaissisCaught ForceObjectDelete called by workers>base @gkaissisCaught ForceObjectDelete called by workers>base @gkaissisCaught ForceObjectDelete called by workers>base @gkaissisCaught ForceObjectDelete called by workers>base @gkaissisCaught ForceObjectDelete called by workers>base @gkaissisCaught ForceObjectDelete called by workers>base @gkaissisCaught ForceObjectDelete called by workers>base @gkaissisCaught ForceObjectDelete called by workers>base @gkaissisCaught ForceObjectDelete called by workers>base @gkaissisCaught ForceObjectDelete called by workers>base @gkaissisCaught ForceObjectDelete called by workers>base @gkaissisCaught ForceObjectDelete called by workers>base @gkaissisCaught ForceObjectDelete called by workers>base @gkaissisCaught ForceObjectDelete called by workers>base @gkaissisCaught ForceObjectDelete called by workers>base @gkaissisCaught ForceObjectDelete called by workers>base @gkaissisCaught ForceObjectDelete called by workers>base @gkaissisCaught ForceObjectDelete called by workers>base @gkaissisCaught ForceObjectDelete called by workers>base @gkaissisCaught ForceObjectDelete called by workers>base @gkaissisCaught ForceObjectDelete called by workers>base @gkaissisCaught ForceObjectDelete called by workers>base @gkaissisCaught ForceObjectDelete called by workers>base @gkaissisCaught ForceObjectDelete called by workers>base @gkaissisCaught ForceObjectDelete called by workers>base @gkaissisCaught ForceObjectDelete called by workers>base @gkaissisCaught ForceObjectDelete called by workers>base @gkaissisCaught ForceObjectDelete called by workers>base @gkaissisCaught ForceObjectDelete called by workers>base @gkaissisCaught ForceObjectDelete called by workers>base @gkaissisCaught ForceObjectDelete called by workers>base @gkaissisCaught ForceObjectDelete called by workers>base @gkaissisCaught ForceObjectDelete called by workers>base @gkaissisCaught ForceObjectDelete called by workers>base @gkaissisCaught ForceObjectDelete called by workers>base @gkaissisCaught ForceObjectDelete called by workers>base @gkaissisCaught ForceObjectDelete called by workers>base @gkaissisCaught ForceObjectDelete called by workers>base @gkaissisCaught ForceObjectDelete called by workers>base @gkaissisCaught ForceObjectDelete called by workers>base @gkaissisCaught ForceObjectDelete called by workers>base @gkaissisCaught ForceObjectDelete called by workers>base @gkaissisCaught ForceObjectDelete called by workers>base @gkaissisCaught ForceObjectDelete called by workers>base @gkaissisCaught ForceObjectDelete called by workers>base @gkaissisCaught ForceObjectDelete called by workers>base @gkaissisCaught ForceObjectDelete called by workers>base @gkaissisCaught ForceObjectDelete called by workers>base @gkaissisCaught ForceObjectDelete called by workers>base @gkaissisCaught ForceObjectDelete called by workers>base @gkaissisCaught ForceObjectDelete called by workers>base @gkaissisCaught ForceObjectDelete called by workers>base @gkaissisCaught ForceObjectDelete called by workers>base @gkaissisCaught ForceObjectDelete called by workers>base @gkaissisCaught ForceObjectDelete called by workers>base @gkaissisCaught ForceObjectDelete called by workers>base @gkaissisCaught ForceObjectDelete called by workers>base @gkaissisCaught ForceObjectDelete called by workers>base @gkaissisCaught ForceObjectDelete called by workers>base @gkaissisCaught ForceObjectDelete called by workers>base @gkaissisCaught ForceObjectDelete called by workers>base @gkaissisCaught ForceObjectDelete called by workers>base @gkaissisCaught ForceObjectDelete called by workers>base @gkaissisCaught ForceObjectDelete called by workers>base @gkaissisCaught ForceObjectDelete called by workers>base @gkaissisCaught ForceObjectDelete called by workers>base @gkaissisCaught ForceObjectDelete called by workers>base @gkaissisCaught ForceObjectDelete called by workers>base @gkaissisCaught ForceObjectDelete called by workers>base @gkaissisCaught ForceObjectDelete called by workers>base @gkaissisCaught ForceObjectDelete called by workers>base @gkaissisCaught ForceObjectDelete called by workers>base @gkaissisCaught ForceObjectDelete called by workers>base @gkaissisCaught ForceObjectDelete called by workers>base @gkaissisCaught ForceObjectDelete called by workers>base @gkaissisCaught ForceObjectDelete called by workers>base @gkaissisCaught ForceObjectDelete called by workers>base @gkaissisCaught ForceObjectDelete called by workers>base @gkaissisCaught ForceObjectDelete called by workers>base @gkaissisCaught ForceObjectDelete called by workers>base @gkaissisCaught ForceObjectDelete called by workers>base @gkaissisCaught ForceObjectDelete called by workers>base @gkaissisCaught ForceObjectDelete called by workers>base @gkaissisCaught ForceObjectDelete called by workers>base @gkaissisCaught ForceObjectDelete called by workers>base @gkaissisCaught ForceObjectDelete called by workers>base @gkaissisCaught ForceObjectDelete called by workers>base @gkaissisCaught ForceObjectDelete called by workers>base @gkaissisCaught ForceObjectDelete called by workers>base @gkaissisCaught ForceObjectDelete called by workers>base @gkaissisCaught ForceObjectDelete called by workers>base @gkaissisCaught ForceObjectDelete called by workers>base @gkaissisCaught ForceObjectDelete called by workers>base @gkaissisCaught ForceObjectDelete called by workers>base @gkaissisCaught ForceObjectDelete called by workers>base @gkaissisCaught ForceObjectDelete called by workers>base @gkaissisCaught ForceObjectDelete called by workers>base @gkaissisCaught ForceObjectDelete called by workers>base @gkaissisCaught ForceObjectDelete called by workers>base @gkaissisCaught ForceObjectDelete called by workers>base @gkaissisCaught ForceObjectDelete called by workers>base @gkaissisCaught ForceObjectDelete called by workers>base @gkaissisCaught ForceObjectDelete called by workers>base @gkaissisCaught ForceObjectDelete called by workers>base @gkaissisCaught ForceObjectDelete called by workers>base @gkaissisCaught ForceObjectDelete called by workers>base @gkaissisCaught ForceObjectDelete called by workers>base @gkaissisCaught ForceObjectDelete called by workers>base @gkaissisCaught ForceObjectDelete called by workers>base @gkaissisCaught ForceObjectDelete called by workers>base @gkaissisCaught ForceObjectDelete called by workers>base @gkaissisCaught ForceObjectDelete called by workers>base @gkaissisCaught ForceObjectDelete called by workers>base @gkaissisCaught ForceObjectDelete called by workers>base @gkaissisCaught ForceObjectDelete called by workers>base @gkaissisCaught ForceObjectDelete called by workers>base @gkaissisCaught ForceObjectDelete called by workers>base @gkaissisCaught ForceObjectDelete called by workers>base @gkaissisCaught ForceObjectDelete called by workers>base @gkaissisCaught ForceObjectDelete called by workers>base @gkaissisCaught ForceObjectDelete called by workers>base @gkaissisCaught ForceObjectDelete called by workers>base @gkaissisCaught ForceObjectDelete called by workers>base @gkaissisCaught ForceObjectDelete called by workers>base @gkaissisCaught ForceObjectDelete called by workers>base @gkaissisCaught ForceObjectDelete called by workers>base @gkaissisCaught ForceObjectDelete called by workers>base @gkaissisCaught ForceObjectDelete called by workers>base @gkaissisCaught ForceObjectDelete called by workers>base @gkaissisCaught ForceObjectDelete called by workers>base @gkaissisCaught ForceObjectDelete called by workers>base @gkaissisCaught ForceObjectDelete called by workers>base @gkaissisCaught ForceObjectDelete called by workers>base @gkaissisCaught ForceObjectDelete called by workers>base @gkaissisCaught ForceObjectDelete called by workers>base @gkaissisCaught ForceObjectDelete called by workers>base @gkaissisCaught ForceObjectDelete called by workers>base @gkaissisCaught ForceObjectDelete called by workers>base @gkaissisCaught ForceObjectDelete called by workers>base @gkaissisCaught ForceObjectDelete called by workers>base @gkaissisCaught ForceObjectDelete called by workers>base @gkaissisCaught ForceObjectDelete called by workers>base @gkaissisCaught ForceObjectDelete called by workers>base @gkaissisCaught ForceObjectDelete called by workers>base @gkaissisCaught ForceObjectDelete called by workers>base @gkaissisCaught ForceObjectDelete called by workers>base @gkaissisCaught ForceObjectDelete called by workers>base @gkaissisCaught ForceObjectDelete called by workers>base @gkaissisCaught ForceObjectDelete called by workers>base @gkaissisCaught ForceObjectDelete called by workers>base @gkaissisCaught ForceObjectDelete called by workers>base @gkaissisCaught ForceObjectDelete called by workers>base @gkaissisCaught ForceObjectDelete called by workers>base @gkaissisCaught ForceObjectDelete called by workers>base @gkaissisCaught ForceObjectDelete called by workers>base @gkaissisCaught ForceObjectDelete called by workers>base @gkaissisCaught ForceObjectDelete called by workers>base @gkaissisCaught ForceObjectDelete called by workers>base @gkaissisCaught ForceObjectDelete called by workers>base @gkaissisCaught ForceObjectDelete called by workers>base @gkaissisCaught ForceObjectDelete called by workers>base @gkaissisCaught ForceObjectDelete called by workers>base @gkaissisCaught ForceObjectDelete called by workers>base @gkaissisCaught ForceObjectDelete called by workers>base @gkaissisCaught ForceObjectDelete called by workers>base @gkaissisCaught ForceObjectDelete called by workers>base @gkaissisCaught ForceObjectDelete called by workers>base @gkaissisCaught ForceObjectDelete called by workers>base @gkaissisCaught ForceObjectDelete called by workers>base @gkaissisCaught ForceObjectDelete called by workers>base @gkaissisCaught ForceObjectDelete called by workers>base @gkaissisCaught ForceObjectDelete called by workers>base @gkaissisCaught ForceObjectDelete called by workers>base @gkaissisCaught ForceObjectDelete called by workers>base @gkaissisCaught ForceObjectDelete called by workers>base @gkaissisCaught ForceObjectDelete called by workers>base @gkaissisCaught ForceObjectDelete called by workers>base @gkaissisCaught ForceObjectDelete called by workers>base @gkaissisCaught ForceObjectDelete called by workers>base @gkaissisCaught ForceObjectDelete called by workers>base @gkaissisCaught ForceObjectDelete called by workers>base @gkaissisCaught ForceObjectDelete called by workers>base @gkaissisCaught ForceObjectDelete called by workers>base @gkaissisCaught ForceObjectDelete called by workers>base @gkaissisCaught ForceObjectDelete called by workers>base @gkaissisCaught ForceObjectDelete called by workers>base @gkaissisCaught ForceObjectDelete called by workers>base @gkaissisCaught ForceObjectDelete called by workers>base @gkaissisCaught ForceObjectDelete called by workers>base @gkaissisCaught ForceObjectDelete called by workers>base @gkaissisCaught ForceObjectDelete called by workers>base @gkaissisCaught ForceObjectDelete called by workers>base @gkaissisCaught ForceObjectDelete called by workers>base @gkaissisCaught ForceObjectDelete called by workers>base @gkaissisCaught ForceObjectDelete called by workers>base @gkaissisCaught ForceObjectDelete called by workers>base @gkaissisCaught ForceObjectDelete called by workers>base @gkaissisCaught ForceObjectDelete called by workers>base @gkaissisCaught ForceObjectDelete called by workers>base @gkaissisCaught ForceObjectDelete called by workers>base @gkaissisCaught ForceObjectDelete called by workers>base @gkaissisCaught ForceObjectDelete called by workers>base @gkaissisCaught ForceObjectDelete called by workers>base @gkaissisCaught ForceObjectDelete called by workers>base @gkaissisCaught ForceObjectDelete called by workers>base @gkaissisCaught ForceObjectDelete called by workers>base @gkaissisCaught ForceObjectDelete called by workers>base @gkaissisCaught ForceObjectDelete called by workers>base @gkaissisCaught ForceObjectDelete called by workers>base @gkaissisCaught ForceObjectDelete called by workers>base @gkaissisCaught ForceObjectDelete called by workers>base @gkaissisCaught ForceObjectDelete called by workers>base @gkaissisCaught ForceObjectDelete called by workers>base @gkaissisCaught ForceObjectDelete called by workers>base @gkaissisCaught ForceObjectDelete called by workers>base @gkaissisCaught ForceObjectDelete called by workers>base @gkaissisCaught ForceObjectDelete called by workers>base @gkaissisCaught ForceObjectDelete called by workers>base @gkaissisCaught ForceObjectDelete called by workers>base @gkaissisCaught ForceObjectDelete called by workers>base @gkaissisCaught ForceObjectDelete called by workers>base @gkaissisCaught ForceObjectDelete called by workers>base @gkaissisCaught ForceObjectDelete called by workers>base @gkaissisCaught ForceObjectDelete called by workers>base @gkaissisCaught ForceObjectDelete called by workers>base @gkaissisCaught ForceObjectDelete called by workers>base @gkaissisCaught ForceObjectDelete called by workers>base @gkaissisCaught ForceObjectDelete called by workers>base @gkaissisCaught ForceObjectDelete called by workers>base @gkaissisCaught ForceObjectDelete called by workers>base @gkaissisCaught ForceObjectDelete called by workers>base @gkaissisCaught ForceObjectDelete called by workers>base @gkaissisCaught ForceObjectDelete called by workers>base @gkaissisCaught ForceObjectDelete called by workers>base @gkaissisCaught ForceObjectDelete called by workers>base @gkaissisCaught ForceObjectDelete called by workers>base @gkaissisCaught ForceObjectDelete called by workers>base @gkaissisCaught ForceObjectDelete called by workers>base @gkaissisCaught ForceObjectDelete called by workers>base @gkaissisCaught ForceObjectDelete called by workers>base @gkaissisCaught ForceObjectDelete called by workers>base @gkaissisCaught ForceObjectDelete called by workers>base @gkaissisCaught ForceObjectDelete called by workers>base @gkaissisCaught ForceObjectDelete called by workers>base @gkaissisCaught ForceObjectDelete called by workers>base @gkaissisCaught ForceObjectDelete called by workers>base @gkaissisCaught ForceObjectDelete called by workers>base @gkaissisCaught ForceObjectDelete called by workers>base @gkaissisCaught ForceObjectDelete called by workers>base @gkaissisCaught ForceObjectDelete called by workers>base @gkaissisCaught ForceObjectDelete called by workers>base @gkaissisCaught ForceObjectDelete called by workers>base @gkaissisCaught ForceObjectDelete called by workers>base @gkaissisCaught ForceObjectDelete called by workers>base @gkaissisCaught ForceObjectDelete called by workers>base @gkaissisCaught ForceObjectDelete called by workers>base @gkaissisCaught ForceObjectDelete called by workers>base @gkaissisCaught ForceObjectDelete called by workers>base @gkaissisCaught ForceObjectDelete called by workers>base @gkaissisCaught ForceObjectDelete called by workers>base @gkaissisCaught ForceObjectDelete called by workers>base @gkaissisCaught ForceObjectDelete called by workers>base @gkaissisCaught ForceObjectDelete called by workers>base @gkaissisCaught ForceObjectDelete called by workers>base @gkaissisCaught ForceObjectDelete called by workers>base @gkaissisCaught ForceObjectDelete called by workers>base @gkaissisCaught ForceObjectDelete called by workers>base @gkaissisCaught ForceObjectDelete called by workers>base @gkaissisCaught ForceObjectDelete called by workers>base @gkaissisCaught ForceObjectDelete called by workers>base @gkaissisCaught ForceObjectDelete called by workers>base @gkaissisCaught ForceObjectDelete called by workers>base @gkaissisCaught ForceObjectDelete called by workers>base @gkaissisCaught ForceObjectDelete called by workers>base @gkaissisCaught ForceObjectDelete called by workers>base @gkaissisCaught ForceObjectDelete called by workers>base @gkaissisCaught ForceObjectDelete called by workers>base @gkaissisCaught ForceObjectDelete called by workers>base @gkaissisCaught ForceObjectDelete called by workers>base @gkaissisCaught ForceObjectDelete called by workers>base @gkaissisCaught ForceObjectDelete called by workers>base @gkaissisCaught ForceObjectDelete called by workers>base @gkaissisCaught ForceObjectDelete called by workers>base @gkaissisCaught ForceObjectDelete called by workers>base @gkaissisCaught ForceObjectDelete called by workers>base @gkaissisCaught ForceObjectDelete called by workers>base @gkaissisCaught ForceObjectDelete called by workers>base @gkaissisCaught ForceObjectDelete called by workers>base @gkaissisCaught ForceObjectDelete called by workers>base @gkaissisCaught ForceObjectDelete called by workers>base @gkaissisCaught ForceObjectDelete called by workers>base @gkaissisCaught ForceObjectDelete called by workers>base @gkaissisCaught ForceObjectDelete called by workers>base @gkaissisCaught ForceObjectDelete called by workers>base @gkaissisCaught ForceObjectDelete called by workers>base @gkaissisCaught ForceObjectDelete called by workers>base @gkaissisCaught ForceObjectDelete called by workers>base @gkaissisCaught ForceObjectDelete called by workers>base @gkaissisCaught ForceObjectDelete called by workers>base @gkaissisCaught ForceObjectDelete called by workers>base @gkaissisCaught ForceObjectDelete called by workers>base @gkaissisCaught ForceObjectDelete called by workers>base @gkaissisCaught ForceObjectDelete called by workers>base @gkaissisCaught ForceObjectDelete called by workers>base @gkaissisCaught ForceObjectDelete called by workers>base @gkaissisCaught ForceObjectDelete called by workers>base @gkaissisCaught ForceObjectDelete called by workers>base @gkaissisCaught ForceObjectDelete called by workers>base @gkaissisCaught ForceObjectDelete called by workers>base @gkaissisCaught ForceObjectDelete called by workers>base @gkaissisCaught ForceObjectDelete called by workers>base @gkaissisCaught ForceObjectDelete called by workers>base @gkaissisCaught ForceObjectDelete called by workers>base @gkaissisCaught ForceObjectDelete called by workers>base @gkaissisCaught ForceObjectDelete called by workers>base @gkaissisCaught ForceObjectDelete called by workers>base @gkaissisCaught ForceObjectDelete called by workers>base @gkaissisCaught ForceObjectDelete called by workers>base @gkaissisCaught ForceObjectDelete called by workers>base @gkaissisCaught ForceObjectDelete called by workers>base @gkaissisCaught ForceObjectDelete called by workers>base @gkaissisCaught ForceObjectDelete called by workers>base @gkaissisCaught ForceObjectDelete called by workers>base @gkaissisCaught ForceObjectDelete called by workers>base @gkaissisCaught ForceObjectDelete called by workers>base @gkaissisCaught ForceObjectDelete called by workers>base @gkaissisCaught ForceObjectDelete called by workers>base @gkaissisCaught ForceObjectDelete called by workers>base @gkaissisCaught ForceObjectDelete called by workers>base @gkaissisCaught ForceObjectDelete called by workers>base @gkaissisCaught ForceObjectDelete called by workers>base @gkaissisCaught ForceObjectDelete called by workers>base @gkaissisCaught ForceObjectDelete called by workers>base @gkaissisCaught ForceObjectDelete called by workers>base @gkaissisCaught ForceObjectDelete called by workers>base @gkaissisCaught ForceObjectDelete called by workers>base @gkaissisCaught ForceObjectDelete called by workers>base @gkaissisCaught ForceObjectDelete called by workers>base @gkaissisCaught ForceObjectDelete called by workers>base @gkaissisCaught ForceObjectDelete called by workers>base @gkaissisCaught ForceObjectDelete called by workers>base @gkaissisCaught ForceObjectDelete called by workers>base @gkaissisCaught ForceObjectDelete called by workers>base @gkaissisCaught ForceObjectDelete called by workers>base @gkaissisCaught ForceObjectDelete called by workers>base @gkaissisCaught ForceObjectDelete called by workers>base @gkaissisCaught ForceObjectDelete called by workers>base @gkaissisCaught ForceObjectDelete called by workers>base @gkaissisCaught ForceObjectDelete called by workers>base @gkaissisCaught ForceObjectDelete called by workers>base @gkaissisCaught ForceObjectDelete called by workers>base @gkaissisCaught ForceObjectDelete called by workers>base @gkaissisCaught ForceObjectDelete called by workers>base @gkaissisCaught ForceObjectDelete called by workers>base @gkaissisCaught ForceObjectDelete called by workers>base @gkaissisCaught ForceObjectDelete called by workers>base @gkaissisCaught ForceObjectDelete called by workers>base @gkaissisCaught ForceObjectDelete called by workers>base @gkaissisCaught ForceObjectDelete called by workers>base @gkaissisCaught ForceObjectDelete called by workers>base @gkaissisCaught ForceObjectDelete called by workers>base @gkaissisCaught ForceObjectDelete called by workers>base @gkaissisCaught ForceObjectDelete called by workers>base @gkaissisCaught ForceObjectDelete called by workers>base @gkaissisCaught ForceObjectDelete called by workers>base @gkaissisCaught ForceObjectDelete called by workers>base @gkaissisCaught ForceObjectDelete called by workers>base @gkaissisCaught ForceObjectDelete called by workers>base @gkaissisCaught ForceObjectDelete called by workers>base @gkaissisCaught ForceObjectDelete called by workers>base @gkaissisCaught ForceObjectDelete called by workers>base @gkaissisCaught ForceObjectDelete called by workers>base @gkaissisCaught ForceObjectDelete called by workers>base @gkaissisCaught ForceObjectDelete called by workers>base @gkaissisCaught ForceObjectDelete called by workers>base @gkaissisCaught ForceObjectDelete called by workers>base @gkaissisCaught ForceObjectDelete called by workers>base @gkaissisCaught ForceObjectDelete called by workers>base @gkaissisCaught ForceObjectDelete called by workers>base @gkaissisCaught ForceObjectDelete called by workers>base @gkaissisCaught ForceObjectDelete called by workers>base @gkaissisCaught ForceObjectDelete called by workers>base @gkaissisCaught ForceObjectDelete called by workers>base @gkaissisCaught ForceObjectDelete called by workers>base @gkaissisCaught ForceObjectDelete called by workers>base @gkaissisCaught ForceObjectDelete called by workers>base @gkaissisCaught ForceObjectDelete called by workers>base @gkaissisCaught ForceObjectDelete called by workers>base @gkaissisCaught ForceObjectDelete called by workers>base @gkaissisCaught ForceObjectDelete called by workers>base @gkaissisCaught ForceObjectDelete called by workers>base @gkaissisCaught ForceObjectDelete called by workers>base @gkaissisCaught ForceObjectDelete called by workers>base @gkaissisCaught ForceObjectDelete called by workers>base @gkaissisCaught ForceObjectDelete called by workers>base @gkaissisCaught ForceObjectDelete called by workers>base @gkaissisCaught ForceObjectDelete called by workers>base @gkaissisCaught ForceObjectDelete called by workers>base @gkaissisCaught ForceObjectDelete called by workers>base @gkaissisCaught ForceObjectDelete called by workers>base @gkaissisCaught ForceObjectDelete called by workers>base @gkaissisCaught ForceObjectDelete called by workers>base @gkaissisCaught ForceObjectDelete called by workers>base @gkaissisCaught ForceObjectDelete called by workers>base @gkaissisCaught ForceObjectDelete called by workers>base @gkaissisCaught ForceObjectDelete called by workers>base @gkaissisCaught ForceObjectDelete called by workers>base @gkaissisCaught ForceObjectDelete called by workers>base @gkaissisCaught ForceObjectDelete called by workers>base @gkaissisCaught ForceObjectDelete called by workers>base @gkaissisCaught ForceObjectDelete called by workers>base @gkaissisCaught ForceObjectDelete called by workers>base @gkaissisCaught ForceObjectDelete called by workers>base @gkaissisCaught ForceObjectDelete called by workers>base @gkaissisCaught ForceObjectDelete called by workers>base @gkaissisCaught ForceObjectDelete called by workers>base @gkaissisCaught ForceObjectDelete called by workers>base @gkaissisCaught ForceObjectDelete called by workers>base @gkaissisCaught ForceObjectDelete called by workers>base @gkaissisCaught ForceObjectDelete called by workers>base @gkaissisCaught ForceObjectDelete called by workers>base @gkaissisCaught ForceObjectDelete called by workers>base @gkaissisCaught ForceObjectDelete called by workers>base @gkaissisCaught ForceObjectDelete called by workers>base @gkaissisCaught ForceObjectDelete called by workers>base @gkaissisCaught ForceObjectDelete called by workers>base @gkaissisCaught ForceObjectDelete called by workers>base @gkaissisCaught ForceObjectDelete called by workers>base @gkaissisCaught ForceObjectDelete called by workers>base @gkaissisCaught ForceObjectDelete called by workers>base @gkaissisCaught ForceObjectDelete called by workers>base @gkaissisCaught ForceObjectDelete called by workers>base @gkaissisCaught ForceObjectDelete called by workers>base @gkaissisCaught ForceObjectDelete called by workers>base @gkaissisCaught ForceObjectDelete called by workers>base @gkaissisCaught ForceObjectDelete called by workers>base @gkaissisCaught ForceObjectDelete called by workers>base @gkaissisCaught ForceObjectDelete called by workers>base @gkaissisCaught ForceObjectDelete called by workers>base @gkaissisCaught ForceObjectDelete called by workers>base @gkaissisCaught ForceObjectDelete called by workers>base @gkaissisCaught ForceObjectDelete called by workers>base @gkaissisCaught ForceObjectDelete called by workers>base @gkaissisCaught ForceObjectDelete called by workers>base @gkaissisCaught ForceObjectDelete called by workers>base @gkaissisCaught ForceObjectDelete called by workers>base @gkaissisCaught ForceObjectDelete called by workers>base @gkaissisCaught ForceObjectDelete called by workers>base @gkaissisCaught ForceObjectDelete called by workers>base @gkaissisCaught ForceObjectDelete called by workers>base @gkaissisCaught ForceObjectDelete called by workers>base @gkaissisCaught ForceObjectDelete called by workers>base @gkaissisCaught ForceObjectDelete called by workers>base @gkaissisCaught ForceObjectDelete called by workers>base @gkaissisCaught ForceObjectDelete called by workers>base @gkaissisCaught ForceObjectDelete called by workers>base @gkaissisCaught ForceObjectDelete called by workers>base @gkaissisCaught ForceObjectDelete called by workers>base @gkaissisCaught ForceObjectDelete called by workers>base @gkaissisCaught ForceObjectDelete called by workers>base @gkaissisCaught ForceObjectDelete called by workers>base @gkaissisCaught ForceObjectDelete called by workers>base @gkaissisCaught ForceObjectDelete called by workers>base @gkaissisCaught ForceObjectDelete called by workers>base @gkaissisCaught ForceObjectDelete called by workers>base @gkaissisCaught ForceObjectDelete called by workers>base @gkaissisCaught ForceObjectDelete called by workers>base @gkaissisCaught ForceObjectDelete called by workers>base @gkaissisCaught ForceObjectDelete called by workers>base @gkaissisCaught ForceObjectDelete called by workers>base @gkaissisCaught ForceObjectDelete called by workers>base @gkaissisCaught ForceObjectDelete called by workers>base @gkaissisCaught ForceObjectDelete called by workers>base @gkaissisCaught ForceObjectDelete called by workers>base @gkaissisCaught ForceObjectDelete called by workers>base @gkaissisCaught ForceObjectDelete called by workers>base @gkaissisCaught ForceObjectDelete called by workers>base @gkaissisCaught ForceObjectDelete called by workers>base @gkaissisCaught ForceObjectDelete called by workers>base @gkaissisCaught ForceObjectDelete called by workers>base @gkaissisCaught ForceObjectDelete called by workers>base @gkaissisCaught ForceObjectDelete called by workers>base @gkaissisCaught ForceObjectDelete called by workers>base @gkaissisCaught ForceObjectDelete called by workers>base @gkaissisCaught ForceObjectDelete called by workers>base @gkaissisCaught ForceObjectDelete called by workers>base @gkaissisCaught ForceObjectDelete called by workers>base @gkaissisCaught ForceObjectDelete called by workers>base @gkaissisCaught ForceObjectDelete called by workers>base @gkaissisCaught ForceObjectDelete called by workers>base @gkaissisCaught ForceObjectDelete called by workers>base @gkaissisCaught ForceObjectDelete called by workers>base @gkaissisCaught ForceObjectDelete called by workers>base @gkaissisCaught ForceObjectDelete called by workers>base @gkaissisCaught ForceObjectDelete called by workers>base @gkaissisCaught ForceObjectDelete called by workers>base @gkaissisCaught ForceObjectDelete called by workers>base @gkaissisCaught ForceObjectDelete called by workers>base @gkaissisCaught ForceObjectDelete called by workers>base @gkaissisCaught ForceObjectDelete called by workers>base @gkaissisCaught ForceObjectDelete called by workers>base @gkaissisCaught ForceObjectDelete called by workers>base @gkaissisCaught ForceObjectDelete called by workers>base @gkaissisCaught ForceObjectDelete called by workers>base @gkaissisCaught ForceObjectDelete called by workers>base @gkaissisCaught ForceObjectDelete called by workers>base @gkaissisCaught ForceObjectDelete called by workers>base @gkaissisCaught ForceObjectDelete called by workers>base @gkaissisCaught ForceObjectDelete called by workers>base @gkaissisCaught ForceObjectDelete called by workers>base @gkaissisCaught ForceObjectDelete called by workers>base @gkaissisCaught ForceObjectDelete called by workers>base @gkaissisCaught ForceObjectDelete called by workers>base @gkaissisCaught ForceObjectDelete called by workers>base @gkaissisCaught ForceObjectDelete called by workers>base @gkaissisCaught ForceObjectDelete called by workers>base @gkaissisCaught ForceObjectDelete called by workers>base @gkaissisCaught ForceObjectDelete called by workers>base @gkaissisCaught ForceObjectDelete called by workers>base @gkaissisCaught ForceObjectDelete called by workers>base @gkaissisCaught ForceObjectDelete called by workers>base @gkaissisCaught ForceObjectDelete called by workers>base @gkaissisCaught ForceObjectDelete called by workers>base @gkaissisCaught ForceObjectDelete called by workers>base @gkaissisCaught ForceObjectDelete called by workers>base @gkaissisCaught ForceObjectDelete called by workers>base @gkaissisCaught ForceObjectDelete called by workers>base @gkaissisCaught ForceObjectDelete called by workers>base @gkaissisCaught ForceObjectDelete called by workers>base @gkaissisCaught ForceObjectDelete called by workers>base @gkaissisCaught ForceObjectDelete called by workers>base @gkaissisCaught ForceObjectDelete called by workers>base @gkaissisCaught ForceObjectDelete called by workers>base @gkaissisCaught ForceObjectDelete called by workers>base @gkaissisCaught ForceObjectDelete called by workers>base @gkaissisCaught ForceObjectDelete called by workers>base @gkaissisCaught ForceObjectDelete called by workers>base @gkaissisCaught ForceObjectDelete called by workers>base @gkaissisCaught ForceObjectDelete called by workers>base @gkaissisCaught ForceObjectDelete called by workers>base @gkaissisCaught ForceObjectDelete called by workers>base @gkaissisCaught ForceObjectDelete called by workers>base @gkaissisCaught ForceObjectDelete called by workers>base @gkaissisCaught ForceObjectDelete called by workers>base @gkaissisCaught ForceObjectDelete called by workers>base @gkaissisCaught ForceObjectDelete called by workers>base @gkaissisCaught ForceObjectDelete called by workers>base @gkaissisCaught ForceObjectDelete called by workers>base @gkaissisCaught ForceObjectDelete called by workers>base @gkaissisCaught ForceObjectDelete called by workers>base @gkaissisCaught ForceObjectDelete called by workers>base @gkaissisCaught ForceObjectDelete called by workers>base @gkaissisCaught ForceObjectDelete called by workers>base @gkaissisCaught ForceObjectDelete called by workers>base @gkaissisCaught ForceObjectDelete called by workers>base @gkaissisCaught ForceObjectDelete called by workers>base @gkaissisCaught ForceObjectDelete called by workers>base @gkaissisCaught ForceObjectDelete called by workers>base @gkaissisCaught ForceObjectDelete called by workers>base @gkaissisCaught ForceObjectDelete called by workers>base @gkaissisCaught ForceObjectDelete called by workers>base @gkaissisCaught ForceObjectDelete called by workers>base @gkaissisCaught ForceObjectDelete called by workers>base @gkaissisCaught ForceObjectDelete called by workers>base @gkaissisCaught ForceObjectDelete called by workers>base @gkaissisCaught ForceObjectDelete called by workers>base @gkaissisCaught ForceObjectDelete called by workers>base @gkaissisCaught ForceObjectDelete called by workers>base @gkaissisCaught ForceObjectDelete called by workers>base @gkaissisCaught ForceObjectDelete called by workers>base @gkaissisCaught ForceObjectDelete called by workers>base @gkaissisCaught ForceObjectDelete called by workers>base @gkaissisCaught ForceObjectDelete called by workers>base @gkaissisCaught ForceObjectDelete called by workers>base @gkaissisCaught ForceObjectDelete called by workers>base @gkaissisCaught ForceObjectDelete called by workers>base @gkaissisCaught ForceObjectDelete called by workers>base @gkaissisCaught ForceObjectDelete called by workers>base @gkaissisCaught ForceObjectDelete called by workers>base @gkaissisCaught ForceObjectDelete called by workers>base @gkaissisCaught ForceObjectDelete called by workers>base @gkaissisCaught ForceObjectDelete called by workers>base @gkaissisCaught ForceObjectDelete called by workers>base @gkaissisCaught ForceObjectDelete called by workers>base @gkaissisCaught ForceObjectDelete called by workers>base @gkaissisCaught ForceObjectDelete called by workers>base @gkaissisCaught ForceObjectDelete called by workers>base @gkaissisCaught ForceObjectDelete called by workers>base @gkaissisCaught ForceObjectDelete called by workers>base @gkaissisCaught ForceObjectDelete called by workers>base @gkaissisCaught ForceObjectDelete called by workers>base @gkaissisCaught ForceObjectDelete called by workers>base @gkaissisCaught ForceObjectDelete called by workers>base @gkaissisCaught ForceObjectDelete called by workers>base @gkaissisCaught ForceObjectDelete called by workers>base @gkaissisCaught ForceObjectDelete called by workers>base @gkaissisCaught ForceObjectDelete called by workers>base @gkaissisCaught ForceObjectDelete called by workers>base @gkaissisCaught ForceObjectDelete called by workers>base @gkaissisCaught ForceObjectDelete called by workers>base @gkaissisCaught ForceObjectDelete called by workers>base @gkaissisCaught ForceObjectDelete called by workers>base @gkaissisCaught ForceObjectDelete called by workers>base @gkaissisCaught ForceObjectDelete called by workers>base @gkaissisCaught ForceObjectDelete called by workers>base @gkaissisCaught ForceObjectDelete called by workers>base @gkaissisCaught ForceObjectDelete called by workers>base @gkaissisCaught ForceObjectDelete called by workers>base @gkaissisCaught ForceObjectDelete called by workers>base @gkaissisCaught ForceObjectDelete called by workers>base @gkaissisCaught ForceObjectDelete called by workers>base @gkaissisCaught ForceObjectDelete called by workers>base @gkaissisCaught ForceObjectDelete called by workers>base @gkaissisCaught ForceObjectDelete called by workers>base @gkaissisCaught ForceObjectDelete called by workers>base @gkaissisCaught ForceObjectDelete called by workers>base @gkaissisCaught ForceObjectDelete called by workers>base @gkaissisCaught ForceObjectDelete called by workers>base @gkaissisCaught ForceObjectDelete called by workers>base @gkaissisCaught ForceObjectDelete called by workers>base @gkaissisCaught ForceObjectDelete called by workers>base @gkaissisCaught ForceObjectDelete called by workers>base @gkaissisCaught ForceObjectDelete called by workers>base @gkaissisCaught ForceObjectDelete called by workers>base @gkaissisCaught ForceObjectDelete called by workers>base @gkaissisCaught ForceObjectDelete called by workers>base @gkaissisCaught ForceObjectDelete called by workers>base @gkaissisCaught ForceObjectDelete called by workers>base @gkaissisCaught ForceObjectDelete called by workers>base @gkaissisCaught ForceObjectDelete called by workers>base @gkaissisCaught ForceObjectDelete called by workers>base @gkaissisCaught ForceObjectDelete called by workers>base @gkaissisCaught ForceObjectDelete called by workers>base @gkaissisCaught ForceObjectDelete called by workers>base @gkaissisCaught ForceObjectDelete called by workers>base @gkaissisCaught ForceObjectDelete called by workers>base @gkaissisCaught ForceObjectDelete called by workers>base @gkaissisCaught ForceObjectDelete called by workers>base @gkaissisCaught ForceObjectDelete called by workers>base @gkaissisCaught ForceObjectDelete called by workers>base @gkaissisCaught ForceObjectDelete called by workers>base @gkaissisCaught ForceObjectDelete called by workers>base @gkaissisCaught ForceObjectDelete called by workers>base @gkaissisCaught ForceObjectDelete called by workers>base @gkaissisCaught ForceObjectDelete called by workers>base @gkaissisCaught ForceObjectDelete called by workers>base @gkaissisCaught ForceObjectDelete called by workers>base @gkaissisCaught ForceObjectDelete called by workers>base @gkaissisCaught ForceObjectDelete called by workers>base @gkaissisCaught ForceObjectDelete called by workers>base @gkaissisCaught ForceObjectDelete called by workers>base @gkaissisCaught ForceObjectDelete called by workers>base @gkaissisCaught ForceObjectDelete called by workers>base @gkaissisCaught ForceObjectDelete called by workers>base @gkaissisCaught ForceObjectDelete called by workers>base @gkaissisCaught ForceObjectDelete called by workers>base @gkaissisCaught ForceObjectDelete called by workers>base @gkaissisCaught ForceObjectDelete called by workers>base @gkaissisCaught ForceObjectDelete called by workers>base @gkaissisCaught ForceObjectDelete called by workers>base @gkaissisCaught ForceObjectDelete called by workers>base @gkaissisCaught ForceObjectDelete called by workers>base @gkaissisCaught ForceObjectDelete called by workers>base @gkaissisCaught ForceObjectDelete called by workers>base @gkaissisCaught ForceObjectDelete called by workers>base @gkaissisCaught ForceObjectDelete called by workers>base @gkaissisCaught ForceObjectDelete called by workers>base @gkaissisCaught ForceObjectDelete called by workers>base @gkaissisCaught ForceObjectDelete called by workers>base @gkaissisCaught ForceObjectDelete called by workers>base @gkaissisCaught ForceObjectDelete called by workers>base @gkaissisCaught ForceObjectDelete called by workers>base @gkaissisCaught ForceObjectDelete called by workers>base @gkaissisCaught ForceObjectDelete called by workers>base @gkaissisCaught ForceObjectDelete called by workers>base @gkaissisCaught ForceObjectDelete called by workers>base @gkaissisCaught ForceObjectDelete called by workers>base @gkaissisCaught ForceObjectDelete called by workers>base @gkaissisCaught ForceObjectDelete called by workers>base @gkaissisCaught ForceObjectDelete called by workers>base @gkaissisCaught ForceObjectDelete called by workers>base @gkaissisCaught ForceObjectDelete called by workers>base @gkaissisCaught ForceObjectDelete called by workers>base @gkaissisCaught ForceObjectDelete called by workers>base @gkaissisCaught ForceObjectDelete called by workers>base @gkaissisCaught ForceObjectDelete called by workers>base @gkaissisCaught ForceObjectDelete called by workers>base @gkaissisCaught ForceObjectDelete called by workers>base @gkaissisCaught ForceObjectDelete called by workers>base @gkaissisCaught ForceObjectDelete called by workers>base @gkaissisCaught ForceObjectDelete called by workers>base @gkaissisCaught ForceObjectDelete called by workers>base @gkaissisCaught ForceObjectDelete called by workers>base @gkaissisCaught ForceObjectDelete called by workers>base @gkaissisCaught ForceObjectDelete called by workers>base @gkaissisCaught ForceObjectDelete called by workers>base @gkaissisCaught ForceObjectDelete called by workers>base @gkaissisCaught ForceObjectDelete called by workers>base @gkaissisCaught ForceObjectDelete called by workers>base @gkaissisCaught ForceObjectDelete called by workers>base @gkaissisCaught ForceObjectDelete called by workers>base @gkaissisCaught ForceObjectDelete called by workers>base @gkaissisCaught ForceObjectDelete called by workers>base @gkaissisCaught ForceObjectDelete called by workers>base @gkaissisCaught ForceObjectDelete called by workers>base @gkaissisCaught ForceObjectDelete called by workers>base @gkaissisCaught ForceObjectDelete called by workers>base @gkaissisCaught ForceObjectDelete called by workers>base @gkaissisCaught ForceObjectDelete called by workers>base @gkaissisCaught ForceObjectDelete called by workers>base @gkaissisCaught ForceObjectDelete called by workers>base @gkaissisCaught ForceObjectDelete called by workers>base @gkaissisCaught ForceObjectDelete called by workers>base @gkaissisCaught ForceObjectDelete called by workers>base @gkaissisCaught ForceObjectDelete called by workers>base @gkaissisCaught ForceObjectDelete called by workers>base @gkaissisCaught ForceObjectDelete called by workers>base @gkaissisCaught ForceObjectDelete called by workers>base @gkaissisCaught ForceObjectDelete called by workers>base @gkaissisCaught ForceObjectDelete called by workers>base @gkaissisCaught ForceObjectDelete called by workers>base @gkaissisCaught ForceObjectDelete called by workers>base @gkaissisCaught ForceObjectDelete called by workers>base @gkaissisCaught ForceObjectDelete called by workers>base @gkaissisCaught ForceObjectDelete called by workers>base @gkaissisCaught ForceObjectDelete called by workers>base @gkaissisCaught ForceObjectDelete called by workers>base @gkaissisCaught ForceObjectDelete called by workers>base @gkaissisCaught ForceObjectDelete called by workers>base @gkaissisCaught ForceObjectDelete called by workers>base @gkaissisCaught ForceObjectDelete called by workers>base @gkaissisCaught ForceObjectDelete called by workers>base @gkaissisCaught ForceObjectDelete called by workers>base @gkaissisCaught ForceObjectDelete called by workers>base @gkaissisCaught ForceObjectDelete called by workers>base @gkaissisCaught ForceObjectDelete called by workers>base @gkaissisCaught ForceObjectDelete called by workers>base @gkaissisCaught ForceObjectDelete called by workers>base @gkaissisCaught ForceObjectDelete called by workers>base @gkaissisCaught ForceObjectDelete called by workers>base @gkaissisCaught ForceObjectDelete called by workers>base @gkaissisCaught ForceObjectDelete called by workers>base @gkaissisCaught ForceObjectDelete called by workers>base @gkaissisCaught ForceObjectDelete called by workers>base @gkaissisCaught ForceObjectDelete called by workers>base @gkaissisCaught ForceObjectDelete called by workers>base @gkaissisCaught ForceObjectDelete called by workers>base @gkaissisCaught ForceObjectDelete called by workers>base @gkaissisCaught ForceObjectDelete called by workers>base @gkaissisCaught ForceObjectDelete called by workers>base @gkaissisCaught ForceObjectDelete called by workers>base @gkaissisCaught ForceObjectDelete called by workers>base @gkaissisCaught ForceObjectDelete called by workers>base @gkaissisCaught ForceObjectDelete called by workers>base @gkaissisCaught ForceObjectDelete called by workers>base @gkaissisCaught ForceObjectDelete called by workers>base @gkaissisCaught ForceObjectDelete called by workers>base @gkaissisCaught ForceObjectDelete called by workers>base @gkaissisCaught ForceObjectDelete called by workers>base @gkaissisCaught ForceObjectDelete called by workers>base @gkaissisCaught ForceObjectDelete called by workers>base @gkaissisCaught ForceObjectDelete called by workers>base @gkaissisCaught ForceObjectDelete called by workers>base @gkaissisCaught ForceObjectDelete called by workers>base @gkaissisCaught ForceObjectDelete called by workers>base @gkaissisCaught ForceObjectDelete called by workers>base @gkaissisCaught ForceObjectDelete called by workers>base @gkaissisCaught ForceObjectDelete called by workers>base @gkaissisCaught ForceObjectDelete called by workers>base @gkaissisCaught ForceObjectDelete called by workers>base @gkaissisCaught ForceObjectDelete called by workers>base @gkaissisCaught ForceObjectDelete called by workers>base @gkaissisCaught ForceObjectDelete called by workers>base @gkaissisCaught ForceObjectDelete called by workers>base @gkaissisCaught ForceObjectDelete called by workers>base @gkaissisCaught ForceObjectDelete called by workers>base @gkaissisCaught ForceObjectDelete called by workers>base @gkaissisCaught ForceObjectDelete called by workers>base @gkaissisCaught ForceObjectDelete called by workers>base @gkaissisCaught ForceObjectDelete called by workers>base @gkaissisCaught ForceObjectDelete called by workers>base @gkaissisCaught ForceObjectDelete called by workers>base @gkaissisCaught ForceObjectDelete called by workers>base @gkaissisCaught ForceObjectDelete called by workers>base @gkaissisCaught ForceObjectDelete called by workers>base @gkaissisCaught ForceObjectDelete called by workers>base @gkaissisCaught ForceObjectDelete called by workers>base @gkaissisCaught ForceObjectDelete called by workers>base @gkaissisCaught ForceObjectDelete called by workers>base @gkaissisCaught ForceObjectDelete called by workers>base @gkaissisCaught ForceObjectDelete called by workers>base @gkaissisCaught ForceObjectDelete called by workers>base @gkaissisCaught ForceObjectDelete called by workers>base @gkaissisCaught ForceObjectDelete called by workers>base @gkaissisCaught ForceObjectDelete called by workers>base @gkaissisCaught ForceObjectDelete called by workers>base @gkaissisCaught ForceObjectDelete called by workers>base @gkaissisCaught ForceObjectDelete called by workers>base @gkaissisCaught ForceObjectDelete called by workers>base @gkaissisCaught ForceObjectDelete called by workers>base @gkaissisCaught ForceObjectDelete called by workers>base @gkaissisCaught ForceObjectDelete called by workers>base @gkaissisCaught ForceObjectDelete called by workers>base @gkaissisCaught ForceObjectDelete called by workers>base @gkaissisCaught ForceObjectDelete called by workers>base @gkaissisCaught ForceObjectDelete called by workers>base @gkaissisCaught ForceObjectDelete called by workers>base @gkaissisCaught ForceObjectDelete called by workers>base @gkaissisCaught ForceObjectDelete called by workers>base @gkaissisCaught ForceObjectDelete called by workers>base @gkaissisCaught ForceObjectDelete called by workers>base @gkaissisCaught ForceObjectDelete called by workers>base @gkaissisCaught ForceObjectDelete called by workers>base @gkaissisCaught ForceObjectDelete called by workers>base @gkaissisCaught ForceObjectDelete called by workers>base @gkaissisCaught ForceObjectDelete called by workers>base @gkaissisCaught ForceObjectDelete called by workers>base @gkaissisCaught ForceObjectDelete called by workers>base @gkaissisCaught ForceObjectDelete called by workers>base @gkaissisCaught ForceObjectDelete called by workers>base @gkaissisCaught ForceObjectDelete called by workers>base @gkaissisCaught ForceObjectDelete called by workers>base @gkaissisCaught ForceObjectDelete called by workers>base @gkaissisCaught ForceObjectDelete called by workers>base @gkaissisCaught ForceObjectDelete called by workers>base @gkaissisCaught ForceObjectDelete called by workers>base @gkaissisCaught ForceObjectDelete called by workers>base @gkaissisCaught ForceObjectDelete called by workers>base @gkaissisCaught ForceObjectDelete called by workers>base @gkaissisCaught ForceObjectDelete called by workers>base @gkaissisCaught ForceObjectDelete called by workers>base @gkaissisCaught ForceObjectDelete called by workers>base @gkaissisCaught ForceObjectDelete called by workers>base @gkaissisCaught ForceObjectDelete called by workers>base @gkaissisCaught ForceObjectDelete called by workers>base @gkaissisCaught ForceObjectDelete called by workers>base @gkaissisCaught ForceObjectDelete called by workers>base @gkaissisCaught ForceObjectDelete called by workers>base @gkaissisCaught ForceObjectDelete called by workers>base @gkaissisCaught ForceObjectDelete called by workers>base @gkaissisCaught ForceObjectDelete called by workers>base @gkaissisCaught ForceObjectDelete called by workers>base @gkaissisCaught ForceObjectDelete called by workers>base @gkaissisCaught ForceObjectDelete called by workers>base @gkaissisCaught ForceObjectDelete called by workers>base @gkaissisCaught ForceObjectDelete called by workers>base @gkaissisCaught ForceObjectDelete called by workers>base @gkaissisCaught ForceObjectDelete called by workers>base @gkaissisCaught ForceObjectDelete called by workers>base @gkaissisCaught ForceObjectDelete called by workers>base @gkaissisCaught ForceObjectDelete called by workers>base @gkaissisCaught ForceObjectDelete called by workers>base @gkaissisCaught ForceObjectDelete called by workers>base @gkaissisCaught ForceObjectDelete called by workers>base @gkaissisCaught ForceObjectDelete called by workers>base @gkaissisCaught ForceObjectDelete called by workers>base @gkaissisCaught ForceObjectDelete called by workers>base @gkaissisCaught ForceObjectDelete called by workers>base @gkaissisCaught ForceObjectDelete called by workers>base @gkaissisCaught ForceObjectDelete called by workers>base @gkaissisCaught ForceObjectDelete called by workers>base @gkaissisCaught ForceObjectDelete called by workers>base @gkaissisCaught ForceObjectDelete called by workers>base @gkaissisCaught ForceObjectDelete called by workers>base @gkaissisCaught ForceObjectDelete called by workers>base @gkaissisCaught ForceObjectDelete called by workers>base @gkaissisCaught ForceObjectDelete called by workers>base @gkaissisCaught ForceObjectDelete called by workers>base @gkaissisCaught ForceObjectDelete called by workers>base @gkaissisCaught ForceObjectDelete called by workers>base @gkaissisCaught ForceObjectDelete called by workers>base @gkaissisCaught ForceObjectDelete called by workers>base @gkaissisCaught ForceObjectDelete called by workers>base @gkaissisCaught ForceObjectDelete called by workers>base @gkaissisCaught ForceObjectDelete called by workers>base @gkaissisCaught ForceObjectDelete called by workers>base @gkaissisCaught ForceObjectDelete called by workers>base @gkaissisCaught ForceObjectDelete called by workers>base @gkaissisCaught ForceObjectDelete called by workers>base @gkaissisCaught ForceObjectDelete called by workers>base @gkaissisCaught ForceObjectDelete called by workers>base @gkaissisCaught ForceObjectDelete called by workers>base @gkaissisCaught ForceObjectDelete called by workers>base @gkaissisCaught ForceObjectDelete called by workers>base @gkaissisCaught ForceObjectDelete called by workers>base @gkaissisCaught ForceObjectDelete called by workers>base @gkaissisCaught ForceObjectDelete called by workers>base @gkaissisCaught ForceObjectDelete called by workers>base @gkaissisCaught ForceObjectDelete called by workers>base @gkaissisCaught ForceObjectDelete called by workers>base @gkaissisCaught ForceObjectDelete called by workers>base @gkaissisCaught ForceObjectDelete called by workers>base @gkaissisCaught ForceObjectDelete called by workers>base @gkaissisCaught ForceObjectDelete called by workers>base @gkaissisCaught ForceObjectDelete called by workers>base @gkaissisCaught ForceObjectDelete called by workers>base @gkaissisCaught ForceObjectDelete called by workers>base @gkaissisCaught ForceObjectDelete called by workers>base @gkaissisCaught ForceObjectDelete called by workers>base @gkaissisCaught ForceObjectDelete called by workers>base @gkaissisCaught ForceObjectDelete called by workers>base @gkaissisCaught ForceObjectDelete called by workers>base @gkaissisCaught ForceObjectDelete called by workers>base @gkaissisCaught ForceObjectDelete called by workers>base @gkaissisCaught ForceObjectDelete called by workers>base @gkaissisCaught ForceObjectDelete called by workers>base @gkaissisCaught ForceObjectDelete called by workers>base @gkaissisCaught ForceObjectDelete called by workers>base @gkaissisCaught ForceObjectDelete called by workers>base @gkaissisCaught ForceObjectDelete called by workers>base @gkaissisCaught ForceObjectDelete called by workers>base @gkaissisCaught ForceObjectDelete called by workers>base @gkaissisCaught ForceObjectDelete called by workers>base @gkaissisCaught ForceObjectDelete called by workers>base @gkaissisCaught ForceObjectDelete called by workers>base @gkaissisCaught ForceObjectDelete called by workers>base @gkaissisCaught ForceObjectDelete called by workers>base @gkaissisCaught ForceObjectDelete called by workers>base @gkaissisCaught ForceObjectDelete called by workers>base @gkaissisCaught ForceObjectDelete called by workers>base @gkaissisCaught ForceObjectDelete called by workers>base @gkaissisCaught ForceObjectDelete called by workers>base @gkaissisCaught ForceObjectDelete called by workers>base @gkaissisCaught ForceObjectDelete called by workers>base @gkaissisCaught ForceObjectDelete called by workers>base @gkaissisCaught ForceObjectDelete called by workers>base @gkaissisCaught ForceObjectDelete called by workers>base @gkaissisCaught ForceObjectDelete called by workers>base @gkaissisCaught ForceObjectDelete called by workers>base @gkaissisCaught ForceObjectDelete called by workers>base @gkaissisCaught ForceObjectDelete called by workers>base @gkaissisCaught ForceObjectDelete called by workers>base @gkaissisCaught ForceObjectDelete called by workers>base @gkaissisCaught ForceObjectDelete called by workers>base @gkaissisCaught ForceObjectDelete called by workers>base @gkaissisCaught ForceObjectDelete called by workers>base @gkaissisCaught ForceObjectDelete called by workers>base @gkaissisCaught ForceObjectDelete called by workers>base @gkaissisCaught ForceObjectDelete called by workers>base @gkaissisCaught ForceObjectDelete called by workers>base @gkaissisCaught ForceObjectDelete called by workers>base @gkaissisCaught ForceObjectDelete called by workers>base @gkaissisCaught ForceObjectDelete called by workers>base @gkaissisCaught ForceObjectDelete called by workers>base @gkaissisCaught ForceObjectDelete called by workers>base @gkaissisCaught ForceObjectDelete called by workers>base @gkaissisCaught ForceObjectDelete called by workers>base @gkaissisCaught ForceObjectDelete called by workers>base @gkaissisCaught ForceObjectDelete called by workers>base @gkaissisCaught ForceObjectDelete called by workers>base @gkaissisCaught ForceObjectDelete called by workers>base @gkaissisCaught ForceObjectDelete called by workers>base @gkaissisCaught ForceObjectDelete called by workers>base @gkaissisCaught ForceObjectDelete called by workers>base @gkaissisCaught ForceObjectDelete called by workers>base @gkaissisCaught ForceObjectDelete called by workers>base @gkaissisCaught ForceObjectDelete called by workers>base @gkaissisCaught ForceObjectDelete called by workers>base @gkaissisCaught ForceObjectDelete called by workers>base @gkaissisCaught ForceObjectDelete called by workers>base @gkaissisCaught ForceObjectDelete called by workers>base @gkaissisCaught ForceObjectDelete called by workers>base @gkaissisCaught ForceObjectDelete called by workers>base @gkaissisCaught ForceObjectDelete called by workers>base @gkaissisCaught ForceObjectDelete called by workers>base @gkaissisCaught ForceObjectDelete called by workers>base @gkaissisCaught ForceObjectDelete called by workers>base @gkaissisCaught ForceObjectDelete called by workers>base @gkaissisCaught ForceObjectDelete called by workers>base @gkaissisCaught ForceObjectDelete called by workers>base @gkaissisCaught ForceObjectDelete called by workers>base @gkaissisCaught ForceObjectDelete called by workers>base @gkaissisCaught ForceObjectDelete called by workers>base @gkaissisCaught ForceObjectDelete called by workers>base @gkaissisCaught ForceObjectDelete called by workers>base @gkaissisCaught ForceObjectDelete called by workers>base @gkaissisCaught ForceObjectDelete called by workers>base @gkaissisCaught ForceObjectDelete called by workers>base @gkaissisCaught ForceObjectDelete called by workers>base @gkaissisCaught ForceObjectDelete called by workers>base @gkaissisCaught ForceObjectDelete called by workers>base @gkaissisCaught ForceObjectDelete called by workers>base @gkaissisCaught ForceObjectDelete called by workers>base @gkaissisCaught ForceObjectDelete called by workers>base @gkaissisCaught ForceObjectDelete called by workers>base @gkaissisCaught ForceObjectDelete called by workers>base @gkaissisCaught ForceObjectDelete called by workers>base @gkaissisCaught ForceObjectDelete called by workers>base @gkaissisCaught ForceObjectDelete called by workers>base @gkaissisCaught ForceObjectDelete called by workers>base @gkaissisCaught ForceObjectDelete called by workers>base @gkaissisCaught ForceObjectDelete called by workers>base @gkaissisCaught ForceObjectDelete called by workers>base @gkaissisCaught ForceObjectDelete called by workers>base @gkaissisCaught ForceObjectDelete called by workers>base @gkaissisCaught ForceObjectDelete called by workers>base @gkaissisCaught ForceObjectDelete called by workers>base @gkaissisCaught ForceObjectDelete called by workers>base @gkaissisCaught ForceObjectDelete called by workers>base @gkaissisCaught ForceObjectDelete called by workers>base @gkaissisCaught ForceObjectDelete called by workers>base @gkaissisCaught ForceObjectDelete called by workers>base @gkaissisCaught ForceObjectDelete called by workers>base @gkaissisCaught ForceObjectDelete called by workers>base @gkaissisCaught ForceObjectDelete called by workers>base @gkaissisCaught ForceObjectDelete called by workers>base @gkaissisCaught ForceObjectDelete called by workers>base @gkaissisCaught ForceObjectDelete called by workers>base @gkaissisCaught ForceObjectDelete called by workers>base @gkaissisCaught ForceObjectDelete called by workers>base @gkaissisCaught ForceObjectDelete called by workers>base @gkaissisCaught ForceObjectDelete called by workers>base @gkaissisCaught ForceObjectDelete called by workers>base @gkaissisCaught ForceObjectDelete called by workers>base @gkaissisCaught ForceObjectDelete called by workers>base @gkaissisCaught ForceObjectDelete called by workers>base @gkaissisCaught ForceObjectDelete called by workers>base @gkaissisCaught ForceObjectDelete called by workers>base @gkaissisCaught ForceObjectDelete called by workers>base @gkaissisCaught ForceObjectDelete called by workers>base @gkaissisCaught ForceObjectDelete called by workers>base @gkaissisCaught ForceObjectDelete called by workers>base @gkaissisCaught ForceObjectDelete called by workers>base @gkaissisCaught ForceObjectDelete called by workers>base @gkaissisCaught ForceObjectDelete called by workers>base @gkaissisCaught ForceObjectDelete called by workers>base @gkaissisCaught ForceObjectDelete called by workers>base @gkaissisCaught ForceObjectDelete called by workers>base @gkaissisCaught ForceObjectDelete called by workers>base @gkaissisCaught ForceObjectDelete called by workers>base @gkaissisCaught ForceObjectDelete called by workers>base @gkaissisCaught ForceObjectDelete called by workers>base @gkaissisCaught ForceObjectDelete called by workers>base @gkaissisCaught ForceObjectDelete called by workers>base @gkaissisCaught ForceObjectDelete called by workers>base @gkaissisCaught ForceObjectDelete called by workers>base @gkaissisCaught ForceObjectDelete called by workers>base @gkaissisCaught ForceObjectDelete called by workers>base @gkaissisCaught ForceObjectDelete called by workers>base @gkaissisCaught ForceObjectDelete called by workers>base @gkaissisCaught ForceObjectDelete called by workers>base @gkaissisCaught ForceObjectDelete called by workers>base @gkaissisCaught ForceObjectDelete called by workers>base @gkaissisCaught ForceObjectDelete called by workers>base @gkaissisCaught ForceObjectDelete called by workers>base @gkaissisCaught ForceObjectDelete called by workers>base @gkaissisCaught ForceObjectDelete called by workers>base @gkaissisCaught ForceObjectDelete called by workers>base @gkaissisCaught ForceObjectDelete called by workers>base @gkaissisCaught ForceObjectDelete called by workers>base @gkaissisCaught ForceObjectDelete called by workers>base @gkaissisCaught ForceObjectDelete called by workers>base @gkaissisCaught ForceObjectDelete called by workers>base @gkaissisCaught ForceObjectDelete called by workers>base @gkaissisCaught ForceObjectDelete called by workers>base @gkaissisCaught ForceObjectDelete called by workers>base @gkaissisCaught ForceObjectDelete called by workers>base @gkaissisCaught ForceObjectDelete called by workers>base @gkaissisCaught ForceObjectDelete called by workers>base @gkaissisCaught ForceObjectDelete called by workers>base @gkaissisCaught ForceObjectDelete called by workers>base @gkaissisCaught ForceObjectDelete called by workers>base @gkaissisCaught ForceObjectDelete called by workers>base @gkaissisCaught ForceObjectDelete called by workers>base @gkaissisCaught ForceObjectDelete called by workers>base @gkaissisCaught ForceObjectDelete called by workers>base @gkaissisCaught ForceObjectDelete called by workers>base @gkaissisCaught ForceObjectDelete called by workers>base @gkaissisCaught ForceObjectDelete called by workers>base @gkaissisCaught ForceObjectDelete called by workers>base @gkaissisCaught ForceObjectDelete called by workers>base @gkaissisCaught ForceObjectDelete called by workers>base @gkaissisCaught ForceObjectDelete called by workers>base @gkaissisCaught ForceObjectDelete called by workers>base @gkaissisCaught ForceObjectDelete called by workers>base @gkaissisCaught ForceObjectDelete called by workers>base @gkaissisCaught ForceObjectDelete called by workers>base @gkaissisCaught ForceObjectDelete called by workers>base @gkaissisCaught ForceObjectDelete called by workers>base @gkaissisCaught ForceObjectDelete called by workers>base @gkaissisCaught ForceObjectDelete called by workers>base @gkaissisCaught ForceObjectDelete called by workers>base @gkaissisCaught ForceObjectDelete called by workers>base @gkaissisCaught ForceObjectDelete called by workers>base @gkaissisCaught ForceObjectDelete called by workers>base @gkaissisCaught ForceObjectDelete called by workers>base @gkaissisCaught ForceObjectDelete called by workers>base @gkaissisCaught ForceObjectDelete called by workers>base @gkaissisCaught ForceObjectDelete called by workers>base @gkaissisCaught ForceObjectDelete called by workers>base @gkaissisCaught ForceObjectDelete called by workers>base @gkaissisCaught ForceObjectDelete called by workers>base @gkaissisCaught ForceObjectDelete called by workers>base @gkaissisCaught ForceObjectDelete called by workers>base @gkaissisCaught ForceObjectDelete called by workers>base @gkaissisCaught ForceObjectDelete called by workers>base @gkaissisCaught ForceObjectDelete called by workers>base @gkaissisCaught ForceObjectDelete called by workers>base @gkaissisCaught ForceObjectDelete called by workers>base @gkaissisCaught ForceObjectDelete called by workers>base @gkaissisCaught ForceObjectDelete called by workers>base @gkaissisCaught ForceObjectDelete called by workers>base @gkaissisCaught ForceObjectDelete called by workers>base @gkaissisCaught ForceObjectDelete called by workers>base @gkaissisCaught ForceObjectDelete called by workers>base @gkaissisCaught ForceObjectDelete called by workers>base @gkaissisCaught ForceObjectDelete called by workers>base @gkaissisCaught ForceObjectDelete called by workers>base @gkaissisCaught ForceObjectDelete called by workers>base @gkaissisCaught ForceObjectDelete called by workers>base @gkaissisCaught ForceObjectDelete called by workers>base @gkaissisCaught ForceObjectDelete called by workers>base @gkaissisCaught ForceObjectDelete called by workers>base @gkaissisCaught ForceObjectDelete called by workers>base @gkaissisCaught ForceObjectDelete called by workers>base @gkaissisCaught ForceObjectDelete called by workers>base @gkaissisCaught ForceObjectDelete called by workers>base @gkaissisCaught ForceObjectDelete called by workers>base @gkaissisCaught ForceObjectDelete called by workers>base @gkaissisCaught ForceObjectDelete called by workers>base @gkaissisCaught ForceObjectDelete called by workers>base @gkaissisCaught ForceObjectDelete called by workers>base @gkaissisCaught ForceObjectDelete called by workers>base @gkaissisCaught ForceObjectDelete called by workers>base @gkaissisCaught ForceObjectDelete called by workers>base @gkaissisCaught ForceObjectDelete called by workers>base @gkaissisCaught ForceObjectDelete called by workers>base @gkaissisCaught ForceObjectDelete called by workers>base @gkaissisCaught ForceObjectDelete called by workers>base @gkaissisCaught ForceObjectDelete called by workers>base @gkaissisCaught ForceObjectDelete called by workers>base @gkaissisCaught ForceObjectDelete called by workers>base @gkaissisCaught ForceObjectDelete called by workers>base @gkaissisCaught ForceObjectDelete called by workers>base @gkaissisCaught ForceObjectDelete called by workers>base @gkaissisCaught ForceObjectDelete called by workers>base @gkaissisCaught ForceObjectDelete called by workers>base @gkaissisCaught ForceObjectDelete called by workers>base @gkaissisCaught ForceObjectDelete called by workers>base @gkaissisCaught ForceObjectDelete called by workers>base @gkaissisCaught ForceObjectDelete called by workers>base @gkaissisCaught ForceObjectDelete called by workers>base @gkaissisCaught ForceObjectDelete called by workers>base @gkaissisCaught ForceObjectDelete called by workers>base @gkaissisCaught ForceObjectDelete called by workers>base @gkaissisCaught ForceObjectDelete called by workers>base @gkaissisCaught ForceObjectDelete called by workers>base @gkaissisCaught ForceObjectDelete called by workers>base @gkaissisCaught ForceObjectDelete called by workers>base @gkaissisCaught ForceObjectDelete called by workers>base @gkaissisCaught ForceObjectDelete called by workers>base @gkaissisCaught ForceObjectDelete called by workers>base @gkaissisCaught ForceObjectDelete called by workers>base @gkaissisCaught ForceObjectDelete called by workers>base @gkaissisCaught ForceObjectDelete called by workers>base @gkaissisCaught ForceObjectDelete called by workers>base @gkaissisCaught ForceObjectDelete called by workers>base @gkaissisCaught ForceObjectDelete called by workers>base @gkaissisCaught ForceObjectDelete called by workers>base @gkaissisCaught ForceObjectDelete called by workers>base @gkaissisCaught ForceObjectDelete called by workers>base @gkaissisCaught ForceObjectDelete called by workers>base @gkaissisCaught ForceObjectDelete called by workers>base @gkaissisCaught ForceObjectDelete called by workers>base @gkaissisCaught ForceObjectDelete called by workers>base @gkaissisCaught ForceObjectDelete called by workers>base @gkaissisCaught ForceObjectDelete called by workers>base @gkaissisCaught ForceObjectDelete called by workers>base @gkaissisCaught ForceObjectDelete called by workers>base @gkaissisCaught ForceObjectDelete called by workers>base @gkaissisCaught ForceObjectDelete called by workers>base @gkaissisCaught ForceObjectDelete called by workers>base @gkaissisCaught ForceObjectDelete called by workers>base @gkaissisCaught ForceObjectDelete called by workers>base @gkaissisCaught ForceObjectDelete called by workers>base @gkaissisCaught ForceObjectDelete called by workers>base @gkaissisCaught ForceObjectDelete called by workers>base @gkaissisCaught ForceObjectDelete called by workers>base @gkaissisCaught ForceObjectDelete called by workers>base @gkaissisCaught ForceObjectDelete called by workers>base @gkaissisCaught ForceObjectDelete called by workers>base @gkaissisCaught ForceObjectDelete called by workers>base @gkaissisCaught ForceObjectDelete called by workers>base @gkaissisCaught ForceObjectDelete called by workers>base @gkaissisCaught ForceObjectDelete called by workers>base @gkaissisCaught ForceObjectDelete called by workers>base @gkaissisCaught ForceObjectDelete called by workers>base @gkaissisCaught ForceObjectDelete called by workers>base @gkaissisCaught ForceObjectDelete called by workers>base @gkaissisCaught ForceObjectDelete called by workers>base @gkaissisCaught ForceObjectDelete called by workers>base @gkaissisCaught ForceObjectDelete called by workers>base @gkaissisCaught ForceObjectDelete called by workers>base @gkaissisCaught ForceObjectDelete called by workers>base @gkaissisCaught ForceObjectDelete called by workers>base @gkaissisCaught ForceObjectDelete called by workers>base @gkaissisCaught ForceObjectDelete called by workers>base @gkaissisCaught ForceObjectDelete called by workers>base @gkaissisCaught ForceObjectDelete called by workers>base @gkaissisCaught ForceObjectDelete called by workers>base @gkaissisCaught ForceObjectDelete called by workers>base @gkaissisCaught ForceObjectDelete called by workers>base @gkaissisCaught ForceObjectDelete called by workers>base @gkaissisCaught ForceObjectDelete called by workers>base @gkaissisCaught ForceObjectDelete called by workers>base @gkaissisCaught ForceObjectDelete called by workers>base @gkaissisCaught ForceObjectDelete called by workers>base @gkaissisCaught ForceObjectDelete called by workers>base @gkaissisCaught ForceObjectDelete called by workers>base @gkaissisCaught ForceObjectDelete called by workers>base @gkaissisCaught ForceObjectDelete called by workers>base @gkaissisCaught ForceObjectDelete called by workers>base @gkaissisCaught ForceObjectDelete called by workers>base @gkaissisCaught ForceObjectDelete called by workers>base @gkaissisCaught ForceObjectDelete called by workers>base @gkaissisCaught ForceObjectDelete called by workers>base @gkaissisCaught ForceObjectDelete called by workers>base @gkaissisCaught ForceObjectDelete called by workers>base @gkaissisCaught ForceObjectDelete called by workers>base @gkaissisCaught ForceObjectDelete called by workers>base @gkaissisCaught ForceObjectDelete called by workers>base @gkaissisCaught ForceObjectDelete called by workers>base @gkaissisCaught ForceObjectDelete called by workers>base @gkaissisCaught ForceObjectDelete called by workers>base @gkaissisCaught ForceObjectDelete called by workers>base @gkaissisCaught ForceObjectDelete called by workers>base @gkaissisCaught ForceObjectDelete called by workers>base @gkaissisCaught ForceObjectDelete called by workers>base @gkaissisCaught ForceObjectDelete called by workers>base @gkaissisCaught ForceObjectDelete called by workers>base @gkaissisCaught ForceObjectDelete called by workers>base @gkaissisCaught ForceObjectDelete called by workers>base @gkaissisCaught ForceObjectDelete called by workers>base @gkaissisCaught ForceObjectDelete called by workers>base @gkaissisCaught ForceObjectDelete called by workers>base @gkaissisCaught ForceObjectDelete called by workers>base @gkaissisCaught ForceObjectDelete called by workers>base @gkaissisCaught ForceObjectDelete called by workers>base @gkaissisCaught ForceObjectDelete called by workers>base @gkaissisCaught ForceObjectDelete called by workers>base @gkaissisCaught ForceObjectDelete called by workers>base @gkaissisCaught ForceObjectDelete called by workers>base @gkaissisCaught ForceObjectDelete called by workers>base @gkaissisCaught ForceObjectDelete called by workers>base @gkaissisCaught ForceObjectDelete called by workers>base @gkaissisCaught ForceObjectDelete called by workers>base @gkaissisCaught ForceObjectDelete called by workers>base @gkaissisCaught ForceObjectDelete called by workers>base @gkaissisCaught ForceObjectDelete called by workers>base @gkaissisCaught ForceObjectDelete called by workers>base @gkaissisCaught ForceObjectDelete called by workers>base @gkaissisCaught ForceObjectDelete called by workers>base @gkaissisCaught ForceObjectDelete called by workers>base @gkaissisCaught ForceObjectDelete called by workers>base @gkaissisCaught ForceObjectDelete called by workers>base @gkaissisCaught ForceObjectDelete called by workers>base @gkaissisCaught ForceObjectDelete called by workers>base @gkaissisCaught ForceObjectDelete called by workers>base @gkaissisCaught ForceObjectDelete called by workers>base @gkaissisCaught ForceObjectDelete called by workers>base @gkaissisCaught ForceObjectDelete called by workers>base @gkaissisCaught ForceObjectDelete called by workers>base @gkaissisCaught ForceObjectDelete called by workers>base @gkaissisCaught ForceObjectDelete called by workers>base @gkaissisCaught ForceObjectDelete called by workers>base @gkaissisCaught ForceObjectDelete called by workers>base @gkaissisCaught ForceObjectDelete called by workers>base @gkaissisCaught ForceObjectDelete called by workers>base @gkaissisCaught ForceObjectDelete called by workers>base @gkaissisCaught ForceObjectDelete called by workers>base @gkaissisCaught ForceObjectDelete called by workers>base @gkaissisCaught ForceObjectDelete called by workers>base @gkaissisCaught ForceObjectDelete called by workers>base @gkaissisCaught ForceObjectDelete called by workers>base @gkaissisCaught ForceObjectDelete called by workers>base @gkaissisCaught ForceObjectDelete called by workers>base @gkaissisCaught ForceObjectDelete called by workers>base @gkaissisCaught ForceObjectDelete called by workers>base @gkaissisCaught ForceObjectDelete called by workers>base @gkaissisCaught ForceObjectDelete called by workers>base @gkaissisCaught ForceObjectDelete called by workers>base @gkaissisCaught ForceObjectDelete called by workers>base @gkaissisCaught ForceObjectDelete called by workers>base @gkaissisCaught ForceObjectDelete called by workers>base @gkaissisCaught ForceObjectDelete called by workers>base @gkaissisCaught ForceObjectDelete called by workers>base @gkaissisCaught ForceObjectDelete called by workers>base @gkaissisCaught ForceObjectDelete called by workers>base @gkaissisCaught ForceObjectDelete called by workers>base @gkaissisCaught ForceObjectDelete called by workers>base @gkaissisCaught ForceObjectDelete called by workers>base @gkaissisCaught ForceObjectDelete called by workers>base @gkaissisCaught ForceObjectDelete called by workers>base @gkaissisCaught ForceObjectDelete called by workers>base @gkaissisCaught ForceObjectDelete called by workers>base @gkaissisCaught ForceObjectDelete called by workers>base @gkaissisCaught ForceObjectDelete called by workers>base @gkaissisCaught ForceObjectDelete called by workers>base @gkaissisCaught ForceObjectDelete called by workers>base @gkaissisCaught ForceObjectDelete called by workers>base @gkaissisCaught ForceObjectDelete called by workers>base @gkaissisCaught ForceObjectDelete called by workers>base @gkaissisCaught ForceObjectDelete called by workers>base @gkaissisCaught ForceObjectDelete called by workers>base @gkaissisCaught ForceObjectDelete called by workers>base @gkaissisCaught ForceObjectDelete called by workers>base @gkaissisCaught ForceObjectDelete called by workers>base @gkaissisCaught ForceObjectDelete called by workers>base @gkaissisCaught ForceObjectDelete called by workers>base @gkaissisCaught ForceObjectDelete called by workers>base @gkaissisCaught ForceObjectDelete called by workers>base @gkaissisCaught ForceObjectDelete called by workers>base @gkaissisCaught ForceObjectDelete called by workers>base @gkaissisCaught ForceObjectDelete called by workers>base @gkaissisCaught ForceObjectDelete called by workers>base @gkaissisCaught ForceObjectDelete called by workers>base @gkaissisCaught ForceObjectDelete called by workers>base @gkaissisCaught ForceObjectDelete called by workers>base @gkaissisCaught ForceObjectDelete called by workers>base @gkaissisCaught ForceObjectDelete called by workers>base @gkaissisCaught ForceObjectDelete called by workers>base @gkaissisCaught ForceObjectDelete called by workers>base @gkaissisCaught ForceObjectDelete called by workers>base @gkaissisCaught ForceObjectDelete called by workers>base @gkaissisCaught ForceObjectDelete called by workers>base @gkaissisCaught ForceObjectDelete called by workers>base @gkaissisCaught ForceObjectDelete called by workers>base @gkaissisCaught ForceObjectDelete called by workers>base @gkaissisCaught ForceObjectDelete called by workers>base @gkaissisCaught ForceObjectDelete called by workers>base @gkaissisCaught ForceObjectDelete called by workers>base @gkaissisCaught ForceObjectDelete called by workers>base @gkaissisCaught ForceObjectDelete called by workers>base @gkaissisCaught ForceObjectDelete called by workers>base @gkaissisCaught ForceObjectDelete called by workers>base @gkaissisCaught ForceObjectDelete called by workers>base @gkaissisCaught ForceObjectDelete called by workers>base @gkaissisCaught ForceObjectDelete called by workers>base @gkaissisCaught ForceObjectDelete called by workers>base @gkaissisCaught ForceObjectDelete called by workers>base @gkaissisCaught ForceObjectDelete called by workers>base @gkaissisCaught ForceObjectDelete called by workers>base @gkaissisCaught ForceObjectDelete called by workers>base @gkaissisCaught ForceObjectDelete called by workers>base @gkaissisCaught ForceObjectDelete called by workers>base @gkaissisCaught ForceObjectDelete called by workers>base @gkaissisCaught ForceObjectDelete called by workers>base @gkaissisCaught ForceObjectDelete called by workers>base @gkaissisCaught ForceObjectDelete called by workers>base @gkaissisCaught ForceObjectDelete called by workers>base @gkaissisCaught ForceObjectDelete called by workers>base @gkaissisCaught ForceObjectDelete called by workers>base @gkaissisCaught ForceObjectDelete called by workers>base @gkaissisCaught ForceObjectDelete called by workers>base @gkaissisCaught ForceObjectDelete called by workers>base @gkaissisCaught ForceObjectDelete called by workers>base @gkaissisCaught ForceObjectDelete called by workers>base @gkaissisCaught ForceObjectDelete called by workers>base @gkaissisCaught ForceObjectDelete called by workers>base @gkaissisCaught ForceObjectDelete called by workers>base @gkaissisCaught ForceObjectDelete called by workers>base @gkaissisCaught ForceObjectDelete called by workers>base @gkaissisCaught ForceObjectDelete called by workers>base @gkaissisCaught ForceObjectDelete called by workers>base @gkaissisCaught ForceObjectDelete called by workers>base @gkaissisCaught ForceObjectDelete called by workers>base @gkaissisCaught ForceObjectDelete called by workers>base @gkaissisCaught ForceObjectDelete called by workers>base @gkaissisCaught ForceObjectDelete called by workers>base @gkaissisCaught ForceObjectDelete called by workers>base @gkaissisCaught ForceObjectDelete called by workers>base @gkaissisCaught ForceObjectDelete called by workers>base @gkaissisCaught ForceObjectDelete called by workers>base @gkaissisCaught ForceObjectDelete called by workers>base @gkaissisCaught ForceObjectDelete called by workers>base @gkaissisCaught ForceObjectDelete called by workers>base @gkaissisCaught ForceObjectDelete called by workers>base @gkaissisCaught ForceObjectDelete called by workers>base @gkaissisCaught ForceObjectDelete called by workers>base @gkaissisCaught ForceObjectDelete called by workers>base @gkaissisCaught ForceObjectDelete called by workers>base @gkaissisCaught ForceObjectDelete called by workers>base @gkaissisCaught ForceObjectDelete called by workers>base @gkaissisCaught ForceObjectDelete called by workers>base @gkaissisCaught ForceObjectDelete called by workers>base @gkaissisCaught ForceObjectDelete called by workers>base @gkaissisCaught ForceObjectDelete called by workers>base @gkaissisCaught ForceObjectDelete called by workers>base @gkaissisCaught ForceObjectDelete called by workers>base @gkaissisCaught ForceObjectDelete called by workers>base @gkaissisCaught ForceObjectDelete called by workers>base @gkaissisCaught ForceObjectDelete called by workers>base @gkaissisCaught ForceObjectDelete called by workers>base @gkaissisCaught ForceObjectDelete called by workers>base @gkaissisCaught ForceObjectDelete called by workers>base @gkaissisCaught ForceObjectDelete called by workers>base @gkaissisCaught ForceObjectDelete called by workers>base @gkaissisCaught ForceObjectDelete called by workers>base @gkaissisCaught ForceObjectDelete called by workers>base @gkaissisCaught ForceObjectDelete called by workers>base @gkaissisCaught ForceObjectDelete called by workers>base @gkaissisCaught ForceObjectDelete called by workers>base @gkaissisCaught ForceObjectDelete called by workers>base @gkaissisCaught ForceObjectDelete called by workers>base @gkaissisCaught ForceObjectDelete called by workers>base @gkaissisCaught ForceObjectDelete called by workers>base @gkaissisCaught ForceObjectDelete called by workers>base @gkaissisCaught ForceObjectDelete called by workers>base @gkaissisCaught ForceObjectDelete called by workers>base @gkaissisCaught ForceObjectDelete called by workers>base @gkaissisCaught ForceObjectDelete called by workers>base @gkaissisCaught ForceObjectDelete called by workers>base @gkaissisCaught ForceObjectDelete called by workers>base @gkaissisCaught ForceObjectDelete called by workers>base @gkaissisCaught ForceObjectDelete called by workers>base @gkaissisCaught ForceObjectDelete called by workers>base @gkaissisCaught ForceObjectDelete called by workers>base @gkaissisCaught ForceObjectDelete called by workers>base @gkaissisCaught ForceObjectDelete called by workers>base @gkaissisCaught ForceObjectDelete called by workers>base @gkaissisCaught ForceObjectDelete called by workers>base @gkaissisCaught ForceObjectDelete called by workers>base @gkaissisCaught ForceObjectDelete called by workers>base @gkaissisCaught ForceObjectDelete called by workers>base @gkaissisCaught ForceObjectDelete called by workers>base @gkaissisCaught ForceObjectDelete called by workers>base @gkaissisCaught ForceObjectDelete called by workers>base @gkaissisCaught ForceObjectDelete called by workers>base @gkaissisCaught ForceObjectDelete called by workers>base @gkaissisCaught ForceObjectDelete called by workers>base @gkaissisCaught ForceObjectDelete called by workers>base @gkaissisCaught ForceObjectDelete called by workers>base @gkaissisCaught ForceObjectDelete called by workers>base @gkaissisCaught ForceObjectDelete called by workers>base @gkaissisCaught ForceObjectDelete called by workers>base @gkaissisCaught ForceObjectDelete called by workers>base @gkaissisCaught ForceObjectDelete called by workers>base @gkaissisCaught ForceObjectDelete called by workers>base @gkaissisCaught ForceObjectDelete called by workers>base @gkaissisCaught ForceObjectDelete called by workers>base @gkaissisCaught ForceObjectDelete called by workers>base @gkaissisCaught ForceObjectDelete called by workers>base @gkaissisCaught ForceObjectDelete called by workers>base @gkaissisCaught ForceObjectDelete called by workers>base @gkaissisCaught ForceObjectDelete called by workers>base @gkaissisCaught ForceObjectDelete called by workers>base @gkaissisCaught ForceObjectDelete called by workers>base @gkaissisCaught ForceObjectDelete called by workers>base @gkaissisCaught ForceObjectDelete called by workers>base @gkaissisCaught ForceObjectDelete called by workers>base @gkaissisCaught ForceObjectDelete called by workers>base @gkaissisCaught ForceObjectDelete called by workers>base @gkaissisCaught ForceObjectDelete called by workers>base @gkaissisCaught ForceObjectDelete called by workers>base @gkaissisCaught ForceObjectDelete called by workers>base @gkaissisCaught ForceObjectDelete called by workers>base @gkaissisCaught ForceObjectDelete called by workers>base @gkaissisCaught ForceObjectDelete called by workers>base @gkaissisCaught ForceObjectDelete called by workers>base @gkaissisCaught ForceObjectDelete called by workers>base @gkaissisCaught ForceObjectDelete called by workers>base @gkaissisCaught ForceObjectDelete called by workers>base @gkaissisCaught ForceObjectDelete called by workers>base @gkaissisCaught ForceObjectDelete called by workers>base @gkaissisCaught ForceObjectDelete called by workers>base @gkaissisCaught ForceObjectDelete called by workers>base @gkaissisCaught ForceObjectDelete called by workers>base @gkaissisCaught ForceObjectDelete called by workers>base @gkaissisCaught ForceObjectDelete called by workers>base @gkaissisCaught ForceObjectDelete called by workers>base @gkaissisCaught ForceObjectDelete called by workers>base @gkaissisCaught ForceObjectDelete called by workers>base @gkaissisCaught ForceObjectDelete called by workers>base @gkaissisCaught ForceObjectDelete called by workers>base @gkaissisCaught ForceObjectDelete called by workers>base @gkaissisCaught ForceObjectDelete called by workers>base @gkaissisCaught ForceObjectDelete called by workers>base @gkaissisCaught ForceObjectDelete called by workers>base @gkaissisCaught ForceObjectDelete called by workers>base @gkaissisCaught ForceObjectDelete called by workers>base @gkaissisCaught ForceObjectDelete called by workers>base @gkaissisCaught ForceObjectDelete called by workers>base @gkaissisCaught ForceObjectDelete called by workers>base @gkaissisCaught ForceObjectDelete called by workers>base @gkaissisCaught ForceObjectDelete called by workers>base @gkaissisCaught ForceObjectDelete called by workers>base @gkaissisCaught ForceObjectDelete called by workers>base @gkaissisCaught ForceObjectDelete called by workers>base @gkaissisCaught ForceObjectDelete called by workers>base @gkaissisCaught ForceObjectDelete called by workers>base @gkaissisCaught ForceObjectDelete called by workers>base @gkaissisCaught ForceObjectDelete called by workers>base @gkaissisCaught ForceObjectDelete called by workers>base @gkaissisCaught ForceObjectDelete called by workers>base @gkaissisCaught ForceObjectDelete called by workers>base @gkaissisCaught ForceObjectDelete called by workers>base @gkaissisCaught ForceObjectDelete called by workers>base @gkaissisCaught ForceObjectDelete called by workers>base @gkaissisCaught ForceObjectDelete called by workers>base @gkaissisCaught ForceObjectDelete called by workers>base @gkaissisCaught ForceObjectDelete called by workers>base @gkaissisCaught ForceObjectDelete called by workers>base @gkaissisCaught ForceObjectDelete called by workers>base @gkaissisCaught ForceObjectDelete called by workers>base @gkaissisCaught ForceObjectDelete called by workers>base @gkaissisCaught ForceObjectDelete called by workers>base @gkaissisCaught ForceObjectDelete called by workers>base @gkaissisCaught ForceObjectDelete called by workers>base @gkaissisCaught ForceObjectDelete called by workers>base @gkaissisCaught ForceObjectDelete called by workers>base @gkaissisCaught ForceObjectDelete called by workers>base @gkaissisCaught ForceObjectDelete called by workers>base @gkaissisCaught ForceObjectDelete called by workers>base @gkaissisCaught ForceObjectDelete called by workers>base @gkaissisCaught ForceObjectDelete called by workers>base @gkaissisCaught ForceObjectDelete called by workers>base @gkaissisCaught ForceObjectDelete called by workers>base @gkaissisCaught ForceObjectDelete called by workers>base @gkaissisCaught ForceObjectDelete called by workers>base @gkaissisCaught ForceObjectDelete called by workers>base @gkaissisCaught ForceObjectDelete called by workers>base @gkaissisCaught ForceObjectDelete called by workers>base @gkaissisCaught ForceObjectDelete called by workers>base @gkaissisCaught ForceObjectDelete called by workers>base @gkaissisCaught ForceObjectDelete called by workers>base @gkaissisCaught ForceObjectDelete called by workers>base @gkaissisCaught ForceObjectDelete called by workers>base @gkaissisCaught ForceObjectDelete called by workers>base @gkaissisCaught ForceObjectDelete called by workers>base @gkaissisCaught ForceObjectDelete called by workers>base @gkaissisCaught ForceObjectDelete called by workers>base @gkaissisCaught ForceObjectDelete called by workers>base @gkaissisCaught ForceObjectDelete called by workers>base @gkaissisCaught ForceObjectDelete called by workers>base @gkaissisCaught ForceObjectDelete called by workers>base @gkaissisCaught ForceObjectDelete called by workers>base @gkaissisCaught ForceObjectDelete called by workers>base @gkaissisCaught ForceObjectDelete called by workers>base @gkaissisCaught ForceObjectDelete called by workers>base @gkaissisCaught ForceObjectDelete called by workers>base @gkaissisCaught ForceObjectDelete called by workers>base @gkaissisCaught ForceObjectDelete called by workers>base @gkaissisCaught ForceObjectDelete called by workers>base @gkaissisCaught ForceObjectDelete called by workers>base @gkaissisCaught ForceObjectDelete called by workers>base @gkaissisCaught ForceObjectDelete called by workers>base @gkaissisCaught ForceObjectDelete called by workers>base @gkaissisCaught ForceObjectDelete called by workers>base @gkaissisCaught ForceObjectDelete called by workers>base @gkaissisCaught ForceObjectDelete called by workers>base @gkaissisCaught ForceObjectDelete called by workers>base @gkaissisCaught ForceObjectDelete called by workers>base @gkaissisCaught ForceObjectDelete called by workers>base @gkaissisCaught ForceObjectDelete called by workers>base @gkaissisCaught ForceObjectDelete called by workers>base @gkaissisCaught ForceObjectDelete called by workers>base @gkaissisCaught ForceObjectDelete called by workers>base @gkaissisCaught ForceObjectDelete called by workers>base @gkaissisCaught ForceObjectDelete called by workers>base @gkaissisCaught ForceObjectDelete called by workers>base @gkaissisCaught ForceObjectDelete called by workers>base @gkaissisCaught ForceObjectDelete called by workers>base @gkaissisCaught ForceObjectDelete called by workers>base @gkaissisCaught ForceObjectDelete called by workers>base @gkaissisCaught ForceObjectDelete called by workers>base @gkaissisCaught ForceObjectDelete called by workers>base @gkaissisCaught ForceObjectDelete called by workers>base @gkaissisCaught ForceObjectDelete called by workers>base @gkaissisCaught ForceObjectDelete called by workers>base @gkaissisCaught ForceObjectDelete called by workers>base @gkaissisCaught ForceObjectDelete called by workers>base @gkaissisCaught ForceObjectDelete called by workers>base @gkaissisCaught ForceObjectDelete called by workers>base @gkaissisCaught ForceObjectDelete called by workers>base @gkaissisCaught ForceObjectDelete called by workers>base @gkaissisCaught ForceObjectDelete called by workers>base @gkaissisCaught ForceObjectDelete called by workers>base @gkaissisCaught ForceObjectDelete called by workers>base @gkaissisCaught ForceObjectDelete called by workers>base @gkaissisCaught ForceObjectDelete called by workers>base @gkaissisCaught ForceObjectDelete called by workers>base @gkaissisCaught ForceObjectDelete called by workers>base @gkaissisCaught ForceObjectDelete called by workers>base @gkaissisCaught ForceObjectDelete called by workers>base @gkaissisCaught ForceObjectDelete called by workers>base @gkaissisCaught ForceObjectDelete called by workers>base @gkaissisCaught ForceObjectDelete called by workers>base @gkaissisCaught ForceObjectDelete called by workers>base @gkaissisCaught ForceObjectDelete called by workers>base @gkaissisCaught ForceObjectDelete called by workers>base @gkaissisCaught ForceObjectDelete called by workers>base @gkaissisCaught ForceObjectDelete called by workers>base @gkaissisCaught ForceObjectDelete called by workers>base @gkaissisCaught ForceObjectDelete called by workers>base @gkaissisCaught ForceObjectDelete called by workers>base @gkaissisCaught ForceObjectDelete called by workers>base @gkaissisCaught ForceObjectDelete called by workers>base @gkaissisCaught ForceObjectDelete called by workers>base @gkaissisCaught ForceObjectDelete called by workers>base @gkaissisCaught ForceObjectDelete called by workers>base @gkaissisCaught ForceObjectDelete called by workers>base @gkaissisCaught ForceObjectDelete called by workers>base @gkaissisCaught ForceObjectDelete called by workers>base @gkaissisCaught ForceObjectDelete called by workers>base @gkaissisCaught ForceObjectDelete called by workers>base @gkaissisCaught ForceObjectDelete called by workers>base @gkaissisCaught ForceObjectDelete called by workers>base @gkaissisCaught ForceObjectDelete called by workers>base @gkaissisCaught ForceObjectDelete called by workers>base @gkaissisCaught ForceObjectDelete called by workers>base @gkaissisCaught ForceObjectDelete called by workers>base @gkaissisCaught ForceObjectDelete called by workers>base @gkaissisCaught ForceObjectDelete called by workers>base @gkaissisCaught ForceObjectDelete called by workers>base @gkaissisCaught ForceObjectDelete called by workers>base @gkaissisCaught ForceObjectDelete called by workers>base @gkaissisCaught ForceObjectDelete called by workers>base @gkaissisCaught ForceObjectDelete called by workers>base @gkaissisCaught ForceObjectDelete called by workers>base @gkaissisCaught ForceObjectDelete called by workers>base @gkaissisCaught ForceObjectDelete called by workers>base @gkaissisCaught ForceObjectDelete called by workers>base @gkaissisCaught ForceObjectDelete called by workers>base @gkaissisCaught ForceObjectDelete called by workers>base @gkaissisCaught ForceObjectDelete called by workers>base @gkaissisCaught ForceObjectDelete called by workers>base @gkaissisCaught ForceObjectDelete called by workers>base @gkaissisCaught ForceObjectDelete called by workers>base @gkaissisCaught ForceObjectDelete called by workers>base @gkaissisCaught ForceObjectDelete called by workers>base @gkaissisCaught ForceObjectDelete called by workers>base @gkaissisCaught ForceObjectDelete called by workers>base @gkaissisCaught ForceObjectDelete called by workers>base @gkaissisCaught ForceObjectDelete called by workers>base @gkaissisCaught ForceObjectDelete called by workers>base @gkaissisCaught ForceObjectDelete called by workers>base @gkaissisCaught ForceObjectDelete called by workers>base @gkaissisCaught ForceObjectDelete called by workers>base @gkaissisCaught ForceObjectDelete called by workers>base @gkaissisCaught ForceObjectDelete called by workers>base @gkaissisCaught ForceObjectDelete called by workers>base @gkaissisCaught ForceObjectDelete called by workers>base @gkaissisCaught ForceObjectDelete called by workers>base @gkaissisCaught ForceObjectDelete called by workers>base @gkaissisCaught ForceObjectDelete called by workers>base @gkaissisCaught ForceObjectDelete called by workers>base @gkaissisCaught ForceObjectDelete called by workers>base @gkaissisCaught ForceObjectDelete called by workers>base @gkaissisCaught ForceObjectDelete called by workers>base @gkaissisCaught ForceObjectDelete called by workers>base @gkaissisCaught ForceObjectDelete called by workers>base @gkaissisCaught ForceObjectDelete called by workers>base @gkaissisCaught ForceObjectDelete called by workers>base @gkaissisCaught ForceObjectDelete called by workers>base @gkaissisCaught ForceObjectDelete called by workers>base @gkaissisCaught ForceObjectDelete called by workers>base @gkaissisCaught ForceObjectDelete called by workers>base @gkaissisCaught ForceObjectDelete called by workers>base @gkaissisCaught ForceObjectDelete called by workers>base @gkaissisCaught ForceObjectDelete called by workers>base @gkaissisCaught ForceObjectDelete called by workers>base @gkaissisCaught ForceObjectDelete called by workers>base @gkaissisCaught ForceObjectDelete called by workers>base @gkaissisCaught ForceObjectDelete called by workers>base @gkaissisCaught ForceObjectDelete called by workers>base @gkaissisCaught ForceObjectDelete called by workers>base @gkaissisCaught ForceObjectDelete called by workers>base @gkaissisCaught ForceObjectDelete called by workers>base @gkaissisCaught ForceObjectDelete called by workers>base @gkaissisCaught ForceObjectDelete called by workers>base @gkaissisCaught ForceObjectDelete called by workers>base @gkaissisCaught ForceObjectDelete called by workers>base @gkaissisCaught ForceObjectDelete called by workers>base @gkaissisCaught ForceObjectDelete called by workers>base @gkaissisCaught ForceObjectDelete called by workers>base @gkaissisCaught ForceObjectDelete called by workers>base @gkaissisCaught ForceObjectDelete called by workers>base @gkaissisCaught ForceObjectDelete called by workers>base @gkaissisCaught ForceObjectDelete called by workers>base @gkaissisCaught ForceObjectDelete called by workers>base @gkaissisCaught ForceObjectDelete called by workers>base @gkaissisCaught ForceObjectDelete called by workers>base @gkaissisCaught ForceObjectDelete called by workers>base @gkaissisCaught ForceObjectDelete called by workers>base @gkaissisCaught ForceObjectDelete called by workers>base @gkaissisCaught ForceObjectDelete called by workers>base @gkaissisCaught ForceObjectDelete called by workers>base @gkaissisCaught ForceObjectDelete called by workers>base @gkaissisCaught ForceObjectDelete called by workers>base @gkaissisCaught ForceObjectDelete called by workers>base @gkaissisCaught ForceObjectDelete called by workers>base @gkaissisCaught ForceObjectDelete called by workers>base @gkaissisCaught ForceObjectDelete called by workers>base @gkaissisCaught ForceObjectDelete called by workers>base @gkaissisCaught ForceObjectDelete called by workers>base @gkaissisCaught ForceObjectDelete called by workers>base @gkaissisCaught ForceObjectDelete called by workers>base @gkaissisCaught ForceObjectDelete called by workers>base @gkaissisCaught ForceObjectDelete called by workers>base @gkaissisCaught ForceObjectDelete called by workers>base @gkaissisCaught ForceObjectDelete called by workers>base @gkaissisCaught ForceObjectDelete called by workers>base @gkaissisCaught ForceObjectDelete called by workers>base @gkaissisCaught ForceObjectDelete called by workers>base @gkaissisCaught ForceObjectDelete called by workers>base @gkaissisCaught ForceObjectDelete called by workers>base @gkaissisCaught ForceObjectDelete called by workers>base @gkaissisCaught ForceObjectDelete called by workers>base @gkaissisCaught ForceObjectDelete called by workers>base @gkaissisCaught ForceObjectDelete called by workers>base @gkaissisCaught ForceObjectDelete called by workers>base @gkaissisCaught ForceObjectDelete called by workers>base @gkaissisCaught ForceObjectDelete called by workers>base @gkaissisCaught ForceObjectDelete called by workers>base @gkaissisCaught ForceObjectDelete called by workers>base @gkaissisCaught ForceObjectDelete called by workers>base @gkaissisCaught ForceObjectDelete called by workers>base @gkaissisCaught ForceObjectDelete called by workers>base @gkaissisCaught ForceObjectDelete called by workers>base @gkaissisCaught ForceObjectDelete called by workers>base @gkaissisCaught ForceObjectDelete called by workers>base @gkaissisCaught ForceObjectDelete called by workers>base @gkaissisCaught ForceObjectDelete called by workers>base @gkaissisCaught ForceObjectDelete called by workers>base @gkaissisCaught ForceObjectDelete called by workers>base @gkaissisCaught ForceObjectDelete called by workers>base @gkaissisCaught ForceObjectDelete called by workers>base @gkaissisCaught ForceObjectDelete called by workers>base @gkaissisCaught ForceObjectDelete called by workers>base @gkaissisCaught ForceObjectDelete called by workers>base @gkaissisCaught ForceObjectDelete called by workers>base @gkaissisCaught ForceObjectDelete called by workers>base @gkaissisCaught ForceObjectDelete called by workers>base @gkaissisCaught ForceObjectDelete called by workers>base @gkaissisCaught ForceObjectDelete called by workers>base @gkaissisCaught ForceObjectDelete called by workers>base @gkaissisCaught ForceObjectDelete called by workers>base @gkaissisCaught ForceObjectDelete called by workers>base @gkaissisCaught ForceObjectDelete called by workers>base @gkaissisCaught ForceObjectDelete called by workers>base @gkaissisCaught ForceObjectDelete called by workers>base @gkaissisCaught ForceObjectDelete called by workers>base @gkaissisCaught ForceObjectDelete called by workers>base @gkaissisCaught ForceObjectDelete called by workers>base @gkaissisCaught ForceObjectDelete called by workers>base @gkaissisCaught ForceObjectDelete called by workers>base @gkaissisCaught ForceObjectDelete called by workers>base @gkaissisCaught ForceObjectDelete called by workers>base @gkaissisCaught ForceObjectDelete called by workers>base @gkaissisCaught ForceObjectDelete called by workers>base @gkaissisCaught ForceObjectDelete called by workers>base @gkaissisCaught ForceObjectDelete called by workers>base @gkaissisCaught ForceObjectDelete called by workers>base @gkaissisCaught ForceObjectDelete called by workers>base @gkaissisCaught ForceObjectDelete called by workers>base @gkaissisCaught ForceObjectDelete called by workers>base @gkaissisCaught ForceObjectDelete called by workers>base @gkaissisCaught ForceObjectDelete called by workers>base @gkaissisCaught ForceObjectDelete called by workers>base @gkaissisCaught ForceObjectDelete called by workers>base @gkaissisCaught ForceObjectDelete called by workers>base @gkaissisCaught ForceObjectDelete called by workers>base @gkaissisCaught ForceObjectDelete called by workers>base @gkaissisCaught ForceObjectDelete called by workers>base @gkaissisCaught ForceObjectDelete called by workers>base @gkaissisCaught ForceObjectDelete called by workers>base @gkaissisCaught ForceObjectDelete called by workers>base @gkaissisCaught ForceObjectDelete called by workers>base @gkaissisCaught ForceObjectDelete called by workers>base @gkaissisCaught ForceObjectDelete called by workers>base @gkaissisCaught ForceObjectDelete called by workers>base @gkaissisCaught ForceObjectDelete called by workers>base @gkaissisCaught ForceObjectDelete called by workers>base @gkaissisCaught ForceObjectDelete called by workers>base @gkaissisCaught ForceObjectDelete called by workers>base @gkaissisCaught ForceObjectDelete called by workers>base @gkaissisCaught ForceObjectDelete called by workers>base @gkaissisCaught ForceObjectDelete called by workers>base @gkaissisCaught ForceObjectDelete called by workers>base @gkaissisCaught ForceObjectDelete called by workers>base @gkaissisCaught ForceObjectDelete called by workers>base @gkaissisCaught ForceObjectDelete called by workers>base @gkaissisCaught ForceObjectDelete called by workers>base @gkaissisCaught ForceObjectDelete called by workers>base @gkaissisCaught ForceObjectDelete called by workers>base @gkaissisCaught ForceObjectDelete called by workers>base @gkaissisCaught ForceObjectDelete called by workers>base @gkaissisCaught ForceObjectDelete called by workers>base @gkaissisCaught ForceObjectDelete called by workers>base @gkaissisCaught ForceObjectDelete called by workers>base @gkaissisCaught ForceObjectDelete called by workers>base @gkaissisCaught ForceObjectDelete called by workers>base @gkaissisCaught ForceObjectDelete called by workers>base @gkaissisCaught ForceObjectDelete called by workers>base @gkaissisCaught ForceObjectDelete called by workers>base @gkaissisCaught ForceObjectDelete called by workers>base @gkaissisCaught ForceObjectDelete called by workers>base @gkaissisCaught ForceObjectDelete called by workers>base @gkaissisCaught ForceObjectDelete called by workers>base @gkaissisCaught ForceObjectDelete called by workers>base @gkaissisCaught ForceObjectDelete called by workers>base @gkaissisCaught ForceObjectDelete called by workers>base @gkaissisCaught ForceObjectDelete called by workers>base @gkaissisCaught ForceObjectDelete called by workers>base @gkaissisCaught ForceObjectDelete called by workers>base @gkaissisCaught ForceObjectDelete called by workers>base @gkaissisCaught ForceObjectDelete called by workers>base @gkaissisCaught ForceObjectDelete called by workers>base @gkaissisCaught ForceObjectDelete called by workers>base @gkaissisCaught ForceObjectDelete called by workers>base @gkaissisCaught ForceObjectDelete called by workers>base @gkaissisCaught ForceObjectDelete called by workers>base @gkaissisCaught ForceObjectDelete called by workers>base @gkaissisCaught ForceObjectDelete called by workers>base @gkaissisCaught ForceObjectDelete called by workers>base @gkaissisCaught ForceObjectDelete called by workers>base @gkaissisCaught ForceObjectDelete called by workers>base @gkaissisCaught ForceObjectDelete called by workers>base @gkaissisCaught ForceObjectDelete called by workers>base @gkaissisCaught ForceObjectDelete called by workers>base @gkaissisCaught ForceObjectDelete called by workers>base @gkaissisCaught ForceObjectDelete called by workers>base @gkaissisCaught ForceObjectDelete called by workers>base @gkaissisCaught ForceObjectDelete called by workers>base @gkaissisCaught ForceObjectDelete called by workers>base @gkaissisCaught ForceObjectDelete called by workers>base @gkaissisCaught ForceObjectDelete called by workers>base @gkaissisCaught ForceObjectDelete called by workers>base @gkaissisCaught ForceObjectDelete called by workers>base @gkaissisCaught ForceObjectDelete called by workers>base @gkaissisCaught ForceObjectDelete called by workers>base @gkaissisCaught ForceObjectDelete called by workers>base @gkaissisCaught ForceObjectDelete called by workers>base @gkaissisCaught ForceObjectDelete called by workers>base @gkaissisCaught ForceObjectDelete called by workers>base @gkaissisCaught ForceObjectDelete called by workers>base @gkaissisCaught ForceObjectDelete called by workers>base @gkaissisCaught ForceObjectDelete called by workers>base @gkaissisCaught ForceObjectDelete called by workers>base @gkaissisCaught ForceObjectDelete called by workers>base @gkaissisCaught ForceObjectDelete called by workers>base @gkaissisCaught ForceObjectDelete called by workers>base @gkaissisCaught ForceObjectDelete called by workers>base @gkaissisCaught ForceObjectDelete called by workers>base @gkaissisCaught ForceObjectDelete called by workers>base @gkaissisCaught ForceObjectDelete called by workers>base @gkaissisCaught ForceObjectDelete called by workers>base @gkaissisCaught ForceObjectDelete called by workers>base @gkaissisCaught ForceObjectDelete called by workers>base @gkaissisCaught ForceObjectDelete called by workers>base @gkaissisCaught ForceObjectDelete called by workers>base @gkaissisCaught ForceObjectDelete called by workers>base @gkaissisCaught ForceObjectDelete called by workers>base @gkaissisCaught ForceObjectDelete called by workers>base @gkaissisCaught ForceObjectDelete called by workers>base @gkaissisCaught ForceObjectDelete called by workers>base @gkaissisCaught ForceObjectDelete called by workers>base @gkaissisCaught ForceObjectDelete called by workers>base @gkaissisCaught ForceObjectDelete called by workers>base @gkaissisCaught ForceObjectDelete called by workers>base @gkaissisCaught ForceObjectDelete called by workers>base @gkaissisCaught ForceObjectDelete called by workers>base @gkaissisCaught ForceObjectDelete called by workers>base @gkaissisCaught ForceObjectDelete called by workers>base @gkaissisCaught ForceObjectDelete called by workers>base @gkaissisCaught ForceObjectDelete called by workers>base @gkaissisCaught ForceObjectDelete called by workers>base @gkaissisCaught ForceObjectDelete called by workers>base @gkaissisCaught ForceObjectDelete called by workers>base @gkaissisCaught ForceObjectDelete called by workers>base @gkaissisCaught ForceObjectDelete called by workers>base @gkaissisCaught ForceObjectDelete called by workers>base @gkaissisCaught ForceObjectDelete called by workers>base @gkaissisCaught ForceObjectDelete called by workers>base @gkaissisCaught ForceObjectDelete called by workers>base @gkaissisCaught ForceObjectDelete called by workers>base @gkaissisCaught ForceObjectDelete called by workers>base @gkaissisde_register_obj called by generic>pointers>object_pointer @gkaissis
Train batch 0:  33%|███▎      | 1/3 [00:02<00:04,  2.22s/it]Caught ForceObjectDelete called by workers>base @gkaissisCaught ForceObjectDelete called by workers>base @gkaissisCaught ForceObjectDelete called by workers>base @gkaissisCaught ForceObjectDelete called by workers>base @gkaissisCaught ForceObjectDelete called by workers>base @gkaissisCaught ForceObjectDelete called by workers>base @gkaissisCaught ForceObjectDelete called by workers>base @gkaissisCaught ForceObjectDelete called by workers>base @gkaissisCaught ForceObjectDelete called by workers>base @gkaissisCaught ForceObjectDelete called by workers>base @gkaissisCaught ForceObjectDelete called by workers>base @gkaissisCaught ForceObjectDelete called by workers>base @gkaissisCaught ForceObjectDelete called by workers>base @gkaissisCaught ForceObjectDelete called by workers>base @gkaissisCaught ForceObjectDelete called by workers>base @gkaissisCaught ForceObjectDelete called by workers>base @gkaissisCaught ForceObjectDelete called by workers>base @gkaissisCaught ForceObjectDelete called by workers>base @gkaissisCaught ForceObjectDelete called by workers>base @gkaissisCaught ForceObjectDelete called by workers>base @gkaissisCaught ForceObjectDelete called by workers>base @gkaissisCaught ForceObjectDelete called by workers>base @gkaissisCaught ForceObjectDelete called by workers>base @gkaissisCaught ForceObjectDelete called by workers>base @gkaissisCaught ForceObjectDelete called by workers>base @gkaissisCaught ForceObjectDelete called by workers>base @gkaissisCaught ForceObjectDelete called by workers>base @gkaissisCaught ForceObjectDelete called by workers>base @gkaissisCaught ForceObjectDelete called by workers>base @gkaissisCaught ForceObjectDelete called by workers>base @gkaissisCaught ForceObjectDelete called by workers>base @gkaissisCaught ForceObjectDelete called by workers>base @gkaissisCaught ForceObjectDelete called by workers>base @gkaissisCaught ForceObjectDelete called by workers>base @gkaissisCaught ForceObjectDelete called by workers>base @gkaissisCaught ForceObjectDelete called by workers>base @gkaissisCaught ForceObjectDelete called by workers>base @gkaissisCaught ForceObjectDelete called by workers>base @gkaissisCaught ForceObjectDelete called by workers>base @gkaissisCaught ForceObjectDelete called by workers>base @gkaissisCaught ForceObjectDelete called by workers>base @gkaissisCaught ForceObjectDelete called by workers>base @gkaissisCaught ForceObjectDelete called by workers>base @gkaissisCaught ForceObjectDelete called by workers>base @gkaissisCaught ForceObjectDelete called by workers>base @gkaissisCaught ForceObjectDelete called by workers>base @gkaissisCaught ForceObjectDelete called by workers>base @gkaissisCaught ForceObjectDelete called by workers>base @gkaissisCaught ForceObjectDelete called by workers>base @gkaissisCaught ForceObjectDelete called by workers>base @gkaissisCaught ForceObjectDelete called by workers>base @gkaissisCaught ForceObjectDelete called by workers>base @gkaissisCaught ForceObjectDelete called by workers>base @gkaissisCaught ForceObjectDelete called by workers>base @gkaissisCaught ForceObjectDelete called by workers>base @gkaissisCaught ForceObjectDelete called by workers>base @gkaissisCaught ForceObjectDelete called by workers>base @gkaissisCaught ForceObjectDelete called by workers>base @gkaissisCaught ForceObjectDelete called by workers>base @gkaissisCaught ForceObjectDelete called by workers>base @gkaissisCaught ForceObjectDelete called by workers>base @gkaissisCaught ForceObjectDelete called by workers>base @gkaissisCaught ForceObjectDelete called by workers>base @gkaissisCaught ForceObjectDelete called by workers>base @gkaissisCaught ForceObjectDelete called by workers>base @gkaissisCaught ForceObjectDelete called by workers>base @gkaissisCaught ForceObjectDelete called by workers>base @gkaissisCaught ForceObjectDelete called by workers>base @gkaissisCaught ForceObjectDelete called by workers>base @gkaissisCaught ForceObjectDelete called by workers>base @gkaissisCaught ForceObjectDelete called by workers>base @gkaissisCaught ForceObjectDelete called by workers>base @gkaissisCaught ForceObjectDelete called by workers>base @gkaissisCaught ForceObjectDelete called by workers>base @gkaissisCaught ForceObjectDelete called by workers>base @gkaissisCaught ForceObjectDelete called by workers>base @gkaissisCaught ForceObjectDelete called by workers>base @gkaissisCaught ForceObjectDelete called by workers>base @gkaissisCaught ForceObjectDelete called by workers>base @gkaissisCaught ForceObjectDelete called by workers>base @gkaissisCaught ForceObjectDelete called by workers>base @gkaissisCaught ForceObjectDelete called by workers>base @gkaissisCaught ForceObjectDelete called by workers>base @gkaissisCaught ForceObjectDelete called by workers>base @gkaissisCaught ForceObjectDelete called by workers>base @gkaissisCaught ForceObjectDelete called by workers>base @gkaissisCaught ForceObjectDelete called by workers>base @gkaissisCaught ForceObjectDelete called by workers>base @gkaissisCaught ForceObjectDelete called by workers>base @gkaissisCaught ForceObjectDelete called by workers>base @gkaissisCaught ForceObjectDelete called by workers>base @gkaissisCaught ForceObjectDelete called by workers>base @gkaissisCaught ForceObjectDelete called by workers>base @gkaissisCaught ForceObjectDelete called by workers>base @gkaissisCaught ForceObjectDelete called by workers>base @gkaissisCaught ForceObjectDelete called by workers>base @gkaissisCaught ForceObjectDelete called by workers>base @gkaissisCaught ForceObjectDelete called by workers>base @gkaissisCaught ForceObjectDelete called by workers>base @gkaissisCaught ForceObjectDelete called by workers>base @gkaissisCaught ForceObjectDelete called by workers>base @gkaissisCaught ForceObjectDelete called by workers>base @gkaissisCaught ForceObjectDelete called by workers>base @gkaissisCaught ForceObjectDelete called by workers>base @gkaissisCaught ForceObjectDelete called by workers>base @gkaissisCaught ForceObjectDelete called by workers>base @gkaissisCaught ForceObjectDelete called by workers>base @gkaissisCaught ForceObjectDelete called by workers>base @gkaissisCaught ForceObjectDelete called by workers>base @gkaissisCaught ForceObjectDelete called by workers>base @gkaissisCaught ForceObjectDelete called by workers>base @gkaissisCaught ForceObjectDelete called by workers>base @gkaissisCaught ForceObjectDelete called by workers>base @gkaissisCaught ForceObjectDelete called by workers>base @gkaissisCaught ForceObjectDelete called by workers>base @gkaissisCaught ForceObjectDelete called by workers>base @gkaissisCaught ForceObjectDelete called by workers>base @gkaissisCaught ForceObjectDelete called by workers>base @gkaissisCaught ForceObjectDelete called by workers>base @gkaissisCaught ForceObjectDelete called by workers>base @gkaissisCaught ForceObjectDelete called by workers>base @gkaissisCaught ForceObjectDelete called by workers>base @gkaissisCaught ForceObjectDelete called by workers>base @gkaissisCaught ForceObjectDelete called by workers>base @gkaissisCaught ForceObjectDelete called by workers>base @gkaissisCaught ForceObjectDelete called by workers>base @gkaissisCaught ForceObjectDelete called by workers>base @gkaissisCaught ForceObjectDelete called by workers>base @gkaissisCaught ForceObjectDelete called by workers>base @gkaissisCaught ForceObjectDelete called by workers>base @gkaissisCaught ForceObjectDelete called by workers>base @gkaissisCaught ForceObjectDelete called by workers>base @gkaissisCaught ForceObjectDelete called by workers>base @gkaissisCaught ForceObjectDelete called by workers>base @gkaissisCaught ForceObjectDelete called by workers>base @gkaissisCaught ForceObjectDelete called by workers>base @gkaissisCaught ForceObjectDelete called by workers>base @gkaissisCaught ForceObjectDelete called by workers>base @gkaissisCaught ForceObjectDelete called by workers>base @gkaissisCaught ForceObjectDelete called by workers>base @gkaissisCaught ForceObjectDelete called by workers>base @gkaissisCaught ForceObjectDelete called by workers>base @gkaissisCaught ForceObjectDelete called by workers>base @gkaissisCaught ForceObjectDelete called by workers>base @gkaissisCaught ForceObjectDelete called by workers>base @gkaissisCaught ForceObjectDelete called by workers>base @gkaissisCaught ForceObjectDelete called by workers>base @gkaissisCaught ForceObjectDelete called by workers>base @gkaissisCaught ForceObjectDelete called by workers>base @gkaissisCaught ForceObjectDelete called by workers>base @gkaissisCaught ForceObjectDelete called by workers>base @gkaissisCaught ForceObjectDelete called by workers>base @gkaissisCaught ForceObjectDelete called by workers>base @gkaissisCaught ForceObjectDelete called by workers>base @gkaissisCaught ForceObjectDelete called by workers>base @gkaissisCaught ForceObjectDelete called by workers>base @gkaissisCaught ForceObjectDelete called by workers>base @gkaissisCaught ForceObjectDelete called by workers>base @gkaissisCaught ForceObjectDelete called by workers>base @gkaissisCaught ForceObjectDelete called by workers>base @gkaissisCaught ForceObjectDelete called by workers>base @gkaissisCaught ForceObjectDelete called by workers>base @gkaissisCaught ForceObjectDelete called by workers>base @gkaissisCaught ForceObjectDelete called by workers>base @gkaissisCaught ForceObjectDelete called by workers>base @gkaissisCaught ForceObjectDelete called by workers>base @gkaissisCaught ForceObjectDelete called by workers>base @gkaissisCaught ForceObjectDelete called by workers>base @gkaissisCaught ForceObjectDelete called by workers>base @gkaissisCaught ForceObjectDelete called by workers>base @gkaissisCaught ForceObjectDelete called by workers>base @gkaissisCaught ForceObjectDelete called by workers>base @gkaissisCaught ForceObjectDelete called by workers>base @gkaissisCaught ForceObjectDelete called by workers>base @gkaissisCaught ForceObjectDelete called by workers>base @gkaissisCaught ForceObjectDelete called by workers>base @gkaissisCaught ForceObjectDelete called by workers>base @gkaissisCaught ForceObjectDelete called by workers>base @gkaissisCaught ForceObjectDelete called by workers>base @gkaissisCaught ForceObjectDelete called by workers>base @gkaissisCaught ForceObjectDelete called by workers>base @gkaissisCaught ForceObjectDelete called by workers>base @gkaissisCaught ForceObjectDelete called by workers>base @gkaissisCaught ForceObjectDelete called by workers>base @gkaissisCaught ForceObjectDelete called by workers>base @gkaissisCaught ForceObjectDelete called by workers>base @gkaissisCaught ForceObjectDelete called by workers>base @gkaissisCaught ForceObjectDelete called by workers>base @gkaissisCaught ForceObjectDelete called by workers>base @gkaissisCaught ForceObjectDelete called by workers>base @gkaissisCaught ForceObjectDelete called by workers>base @gkaissisCaught ForceObjectDelete called by workers>base @gkaissisCaught ForceObjectDelete called by workers>base @gkaissisCaught ForceObjectDelete called by workers>base @gkaissisCaught ForceObjectDelete called by workers>base @gkaissisCaught ForceObjectDelete called by workers>base @gkaissisCaught ForceObjectDelete called by workers>base @gkaissisCaught ForceObjectDelete called by workers>base @gkaissisCaught ForceObjectDelete called by workers>base @gkaissisCaught ForceObjectDelete called by workers>base @gkaissisCaught ForceObjectDelete called by workers>base @gkaissisCaught ForceObjectDelete called by workers>base @gkaissisCaught ForceObjectDelete called by workers>base @gkaissisCaught ForceObjectDelete called by workers>base @gkaissisCaught ForceObjectDelete called by workers>base @gkaissisCaught ForceObjectDelete called by workers>base @gkaissisCaught ForceObjectDelete called by workers>base @gkaissisCaught ForceObjectDelete called by workers>base @gkaissisCaught ForceObjectDelete called by workers>base @gkaissisCaught ForceObjectDelete called by workers>base @gkaissisCaught ForceObjectDelete called by workers>base @gkaissisCaught ForceObjectDelete called by workers>base @gkaissisCaught ForceObjectDelete called by workers>base @gkaissisCaught ForceObjectDelete called by workers>base @gkaissisCaught ForceObjectDelete called by workers>base @gkaissisCaught ForceObjectDelete called by workers>base @gkaissisCaught ForceObjectDelete called by workers>base @gkaissisCaught ForceObjectDelete called by workers>base @gkaissisCaught ForceObjectDelete called by workers>base @gkaissisCaught ForceObjectDelete called by workers>base @gkaissisCaught ForceObjectDelete called by workers>base @gkaissisCaught ForceObjectDelete called by workers>base @gkaissisCaught ForceObjectDelete called by workers>base @gkaissisCaught ForceObjectDelete called by workers>base @gkaissisCaught ForceObjectDelete called by workers>base @gkaissisCaught ForceObjectDelete called by workers>base @gkaissisCaught ForceObjectDelete called by workers>base @gkaissisCaught ForceObjectDelete called by workers>base @gkaissisCaught ForceObjectDelete called by workers>base @gkaissisCaught ForceObjectDelete called by workers>base @gkaissisCaught ForceObjectDelete called by workers>base @gkaissisCaught ForceObjectDelete called by workers>base @gkaissisCaught ForceObjectDelete called by workers>base @gkaissisCaught ForceObjectDelete called by workers>base @gkaissisCaught ForceObjectDelete called by workers>base @gkaissisCaught ForceObjectDelete called by workers>base @gkaissisCaught ForceObjectDelete called by workers>base @gkaissisCaught ForceObjectDelete called by workers>base @gkaissisCaught ForceObjectDelete called by workers>base @gkaissisCaught ForceObjectDelete called by workers>base @gkaissisCaught ForceObjectDelete called by workers>base @gkaissisCaught ForceObjectDelete called by workers>base @gkaissisCaught ForceObjectDelete called by workers>base @gkaissisCaught ForceObjectDelete called by workers>base @gkaissisCaught ForceObjectDelete called by workers>base @gkaissisCaught ForceObjectDelete called by workers>base @gkaissisCaught ForceObjectDelete called by workers>base @gkaissisCaught ForceObjectDelete called by workers>base @gkaissisCaught ForceObjectDelete called by workers>base @gkaissisCaught ForceObjectDelete called by workers>base @gkaissisCaught ForceObjectDelete called by workers>base @gkaissisCaught ForceObjectDelete called by workers>base @gkaissisCaught ForceObjectDelete called by workers>base @gkaissisCaught ForceObjectDelete called by workers>base @gkaissisCaught ForceObjectDelete called by workers>base @gkaissisCaught ForceObjectDelete called by workers>base @gkaissisCaught ForceObjectDelete called by workers>base @gkaissisCaught ForceObjectDelete called by workers>base @gkaissisCaught ForceObjectDelete called by workers>base @gkaissisCaught ForceObjectDelete called by workers>base @gkaissisCaught ForceObjectDelete called by workers>base @gkaissisCaught ForceObjectDelete called by workers>base @gkaissisCaught ForceObjectDelete called by workers>base @gkaissisCaught ForceObjectDelete called by workers>base @gkaissisCaught ForceObjectDelete called by workers>base @gkaissisCaught ForceObjectDelete called by workers>base @gkaissisCaught ForceObjectDelete called by workers>base @gkaissisCaught ForceObjectDelete called by workers>base @gkaissisCaught ForceObjectDelete called by workers>base @gkaissisCaught ForceObjectDelete called by workers>base @gkaissisCaught ForceObjectDelete called by workers>base @gkaissisCaught ForceObjectDelete called by workers>base @gkaissisCaught ForceObjectDelete called by workers>base @gkaissisCaught ForceObjectDelete called by workers>base @gkaissisCaught ForceObjectDelete called by workers>base @gkaissisCaught ForceObjectDelete called by workers>base @gkaissisCaught ForceObjectDelete called by workers>base @gkaissisCaught ForceObjectDelete called by workers>base @gkaissisCaught ForceObjectDelete called by workers>base @gkaissisCaught ForceObjectDelete called by workers>base @gkaissisCaught ForceObjectDelete called by workers>base @gkaissisCaught ForceObjectDelete called by workers>base @gkaissisCaught ForceObjectDelete called by workers>base @gkaissisCaught ForceObjectDelete called by workers>base @gkaissisCaught ForceObjectDelete called by workers>base @gkaissisCaught ForceObjectDelete called by workers>base @gkaissisCaught ForceObjectDelete called by workers>base @gkaissisCaught ForceObjectDelete called by workers>base @gkaissisCaught ForceObjectDelete called by workers>base @gkaissisCaught ForceObjectDelete called by workers>base @gkaissisCaught ForceObjectDelete called by workers>base @gkaissisCaught ForceObjectDelete called by workers>base @gkaissisCaught ForceObjectDelete called by workers>base @gkaissisCaught ForceObjectDelete called by workers>base @gkaissisCaught ForceObjectDelete called by workers>base @gkaissisCaught ForceObjectDelete called by workers>base @gkaissisCaught ForceObjectDelete called by workers>base @gkaissisCaught ForceObjectDelete called by workers>base @gkaissisCaught ForceObjectDelete called by workers>base @gkaissisCaught ForceObjectDelete called by workers>base @gkaissisCaught ForceObjectDelete called by workers>base @gkaissisCaught ForceObjectDelete called by workers>base @gkaissisCaught ForceObjectDelete called by workers>base @gkaissisCaught ForceObjectDelete called by workers>base @gkaissisCaught ForceObjectDelete called by workers>base @gkaissisCaught ForceObjectDelete called by workers>base @gkaissisCaught ForceObjectDelete called by workers>base @gkaissisCaught ForceObjectDelete called by workers>base @gkaissisCaught ForceObjectDelete called by workers>base @gkaissisCaught ForceObjectDelete called by workers>base @gkaissisCaught ForceObjectDelete called by workers>base @gkaissisCaught ForceObjectDelete called by workers>base @gkaissisCaught ForceObjectDelete called by workers>base @gkaissisCaught ForceObjectDelete called by workers>base @gkaissisCaught ForceObjectDelete called by workers>base @gkaissisCaught ForceObjectDelete called by workers>base @gkaissisCaught ForceObjectDelete called by workers>base @gkaissisCaught ForceObjectDelete called by workers>base @gkaissisCaught ForceObjectDelete called by workers>base @gkaissisCaught ForceObjectDelete called by workers>base @gkaissisCaught ForceObjectDelete called by workers>base @gkaissisCaught ForceObjectDelete called by workers>base @gkaissisCaught ForceObjectDelete called by workers>base @gkaissisCaught ForceObjectDelete called by workers>base @gkaissisCaught ForceObjectDelete called by workers>base @gkaissisCaught ForceObjectDelete called by workers>base @gkaissisCaught ForceObjectDelete called by workers>base @gkaissisCaught ForceObjectDelete called by workers>base @gkaissisCaught ForceObjectDelete called by workers>base @gkaissisCaught ForceObjectDelete called by workers>base @gkaissisCaught ForceObjectDelete called by workers>base @gkaissisCaught ForceObjectDelete called by workers>base @gkaissisCaught ForceObjectDelete called by workers>base @gkaissisCaught ForceObjectDelete called by workers>base @gkaissisCaught ForceObjectDelete called by workers>base @gkaissisCaught ForceObjectDelete called by workers>base @gkaissisCaught ForceObjectDelete called by workers>base @gkaissisCaught ForceObjectDelete called by workers>base @gkaissisCaught ForceObjectDelete called by workers>base @gkaissisCaught ForceObjectDelete called by workers>base @gkaissisCaught ForceObjectDelete called by workers>base @gkaissisCaught ForceObjectDelete called by workers>base @gkaissisCaught ForceObjectDelete called by workers>base @gkaissisCaught ForceObjectDelete called by workers>base @gkaissisCaught ForceObjectDelete called by workers>base @gkaissisCaught ForceObjectDelete called by workers>base @gkaissisCaught ForceObjectDelete called by workers>base @gkaissisCaught ForceObjectDelete called by workers>base @gkaissisCaught ForceObjectDelete called by workers>base @gkaissisCaught ForceObjectDelete called by workers>base @gkaissisCaught ForceObjectDelete called by workers>base @gkaissisCaught ForceObjectDelete called by workers>base @gkaissisCaught ForceObjectDelete called by workers>base @gkaissisCaught ForceObjectDelete called by workers>base @gkaissisCaught ForceObjectDelete called by workers>base @gkaissisCaught ForceObjectDelete called by workers>base @gkaissisCaught ForceObjectDelete called by workers>base @gkaissisCaught ForceObjectDelete called by workers>base @gkaissisCaught ForceObjectDelete called by workers>base @gkaissisCaught ForceObjectDelete called by workers>base @gkaissisCaught ForceObjectDelete called by workers>base @gkaissisCaught ForceObjectDelete called by workers>base @gkaissisCaught ForceObjectDelete called by workers>base @gkaissisCaught ForceObjectDelete called by workers>base @gkaissisCaught ForceObjectDelete called by workers>base @gkaissisCaught ForceObjectDelete called by workers>base @gkaissisCaught ForceObjectDelete called by workers>base @gkaissisCaught ForceObjectDelete called by workers>base @gkaissisCaught ForceObjectDelete called by workers>base @gkaissisCaught ForceObjectDelete called by workers>base @gkaissisCaught ForceObjectDelete called by workers>base @gkaissisCaught ForceObjectDelete called by workers>base @gkaissisCaught ForceObjectDelete called by workers>base @gkaissisCaught ForceObjectDelete called by workers>base @gkaissisCaught ForceObjectDelete called by workers>base @gkaissisCaught ForceObjectDelete called by workers>base @gkaissisCaught ForceObjectDelete called by workers>base @gkaissisCaught ForceObjectDelete called by workers>base @gkaissisCaught ForceObjectDelete called by workers>base @gkaissisCaught ForceObjectDelete called by workers>base @gkaissisCaught ForceObjectDelete called by workers>base @gkaissisCaught ForceObjectDelete called by workers>base @gkaissisCaught ForceObjectDelete called by workers>base @gkaissisCaught ForceObjectDelete called by workers>base @gkaissisCaught ForceObjectDelete called by workers>base @gkaissisCaught ForceObjectDelete called by workers>base @gkaissisCaught ForceObjectDelete called by workers>base @gkaissisCaught ForceObjectDelete called by workers>base @gkaissisCaught ForceObjectDelete called by workers>base @gkaissisCaught ForceObjectDelete called by workers>base @gkaissisCaught ForceObjectDelete called by workers>base @gkaissisCaught ForceObjectDelete called by workers>base @gkaissisCaught ForceObjectDelete called by workers>base @gkaissisCaught ForceObjectDelete called by workers>base @gkaissisCaught ForceObjectDelete called by workers>base @gkaissisCaught ForceObjectDelete called by workers>base @gkaissisCaught ForceObjectDelete called by workers>base @gkaissisCaught ForceObjectDelete called by workers>base @gkaissisCaught ForceObjectDelete called by workers>base @gkaissisCaught ForceObjectDelete called by workers>base @gkaissisCaught ForceObjectDelete called by workers>base @gkaissisCaught ForceObjectDelete called by workers>base @gkaissisCaught ForceObjectDelete called by workers>base @gkaissisCaught ForceObjectDelete called by workers>base @gkaissisCaught ForceObjectDelete called by workers>base @gkaissisCaught ForceObjectDelete called by workers>base @gkaissisCaught ForceObjectDelete called by workers>base @gkaissisCaught ForceObjectDelete called by workers>base @gkaissisCaught ForceObjectDelete called by workers>base @gkaissisCaught ForceObjectDelete called by workers>base @gkaissisCaught ForceObjectDelete called by workers>base @gkaissisCaught ForceObjectDelete called by workers>base @gkaissisCaught ForceObjectDelete called by workers>base @gkaissisCaught ForceObjectDelete called by workers>base @gkaissisCaught ForceObjectDelete called by workers>base @gkaissisCaught ForceObjectDelete called by workers>base @gkaissisCaught ForceObjectDelete called by workers>base @gkaissisCaught ForceObjectDelete called by workers>base @gkaissisCaught ForceObjectDelete called by workers>base @gkaissisCaught ForceObjectDelete called by workers>base @gkaissisCaught ForceObjectDelete called by workers>base @gkaissisCaught ForceObjectDelete called by workers>base @gkaissisCaught ForceObjectDelete called by workers>base @gkaissisCaught ForceObjectDelete called by workers>base @gkaissisCaught ForceObjectDelete called by workers>base @gkaissisCaught ForceObjectDelete called by workers>base @gkaissisCaught ForceObjectDelete called by workers>base @gkaissisCaught ForceObjectDelete called by workers>base @gkaissisCaught ForceObjectDelete called by workers>base @gkaissisCaught ForceObjectDelete called by workers>base @gkaissisCaught ForceObjectDelete called by workers>base @gkaissisCaught ForceObjectDelete called by workers>base @gkaissisCaught ForceObjectDelete called by workers>base @gkaissisCaught ForceObjectDelete called by workers>base @gkaissisCaught ForceObjectDelete called by workers>base @gkaissisCaught ForceObjectDelete called by workers>base @gkaissisCaught ForceObjectDelete called by workers>base @gkaissisCaught ForceObjectDelete called by workers>base @gkaissisCaught ForceObjectDelete called by workers>base @gkaissisCaught ForceObjectDelete called by workers>base @gkaissisCaught ForceObjectDelete called by workers>base @gkaissisCaught ForceObjectDelete called by workers>base @gkaissisCaught ForceObjectDelete called by workers>base @gkaissisCaught ForceObjectDelete called by workers>base @gkaissisCaught ForceObjectDelete called by workers>base @gkaissisCaught ForceObjectDelete called by workers>base @gkaissisCaught ForceObjectDelete called by workers>base @gkaissisCaught ForceObjectDelete called by workers>base @gkaissisCaught ForceObjectDelete called by workers>base @gkaissisCaught ForceObjectDelete called by workers>base @gkaissisCaught ForceObjectDelete called by workers>base @gkaissisCaught ForceObjectDelete called by workers>base @gkaissisCaught ForceObjectDelete called by workers>base @gkaissisCaught ForceObjectDelete called by workers>base @gkaissisCaught ForceObjectDelete called by workers>base @gkaissisCaught ForceObjectDelete called by workers>base @gkaissisCaught ForceObjectDelete called by workers>base @gkaissisCaught ForceObjectDelete called by workers>base @gkaissisCaught ForceObjectDelete called by workers>base @gkaissisCaught ForceObjectDelete called by workers>base @gkaissisCaught ForceObjectDelete called by workers>base @gkaissisCaught ForceObjectDelete called by workers>base @gkaissisCaught ForceObjectDelete called by workers>base @gkaissisCaught ForceObjectDelete called by workers>base @gkaissisCaught ForceObjectDelete called by workers>base @gkaissisCaught ForceObjectDelete called by workers>base @gkaissisCaught ForceObjectDelete called by workers>base @gkaissisCaught ForceObjectDelete called by workers>base @gkaissisCaught ForceObjectDelete called by workers>base @gkaissisCaught ForceObjectDelete called by workers>base @gkaissisCaught ForceObjectDelete called by workers>base @gkaissisCaught ForceObjectDelete called by workers>base @gkaissisCaught ForceObjectDelete called by workers>base @gkaissisCaught ForceObjectDelete called by workers>base @gkaissisCaught ForceObjectDelete called by workers>base @gkaissisCaught ForceObjectDelete called by workers>base @gkaissisCaught ForceObjectDelete called by workers>base @gkaissisCaught ForceObjectDelete called by workers>base @gkaissisCaught ForceObjectDelete called by workers>base @gkaissisCaught ForceObjectDelete called by workers>base @gkaissisCaught ForceObjectDelete called by workers>base @gkaissisCaught ForceObjectDelete called by workers>base @gkaissisCaught ForceObjectDelete called by workers>base @gkaissisCaught ForceObjectDelete called by workers>base @gkaissisCaught ForceObjectDelete called by workers>base @gkaissisCaught ForceObjectDelete called by workers>base @gkaissisCaught ForceObjectDelete called by workers>base @gkaissisCaught ForceObjectDelete called by workers>base @gkaissisCaught ForceObjectDelete called by workers>base @gkaissisCaught ForceObjectDelete called by workers>base @gkaissisCaught ForceObjectDelete called by workers>base @gkaissisCaught ForceObjectDelete called by workers>base @gkaissisCaught ForceObjectDelete called by workers>base @gkaissisCaught ForceObjectDelete called by workers>base @gkaissisCaught ForceObjectDelete called by workers>base @gkaissisCaught ForceObjectDelete called by workers>base @gkaissisCaught ForceObjectDelete called by workers>base @gkaissisCaught ForceObjectDelete called by workers>base @gkaissisCaught ForceObjectDelete called by workers>base @gkaissisCaught ForceObjectDelete called by workers>base @gkaissisCaught ForceObjectDelete called by workers>base @gkaissisCaught ForceObjectDelete called by workers>base @gkaissisCaught ForceObjectDelete called by workers>base @gkaissisCaught ForceObjectDelete called by workers>base @gkaissisCaught ForceObjectDelete called by workers>base @gkaissisCaught ForceObjectDelete called by workers>base @gkaissisCaught ForceObjectDelete called by workers>base @gkaissisCaught ForceObjectDelete called by workers>base @gkaissisCaught ForceObjectDelete called by workers>base @gkaissisCaught ForceObjectDelete called by workers>base @gkaissisCaught ForceObjectDelete called by workers>base @gkaissisCaught ForceObjectDelete called by workers>base @gkaissisCaught ForceObjectDelete called by workers>base @gkaissisCaught ForceObjectDelete called by workers>base @gkaissisCaught ForceObjectDelete called by workers>base @gkaissisCaught ForceObjectDelete called by workers>base @gkaissisCaught ForceObjectDelete called by workers>base @gkaissisCaught ForceObjectDelete called by workers>base @gkaissisCaught ForceObjectDelete called by workers>base @gkaissisCaught ForceObjectDelete called by workers>base @gkaissisCaught ForceObjectDelete called by workers>base @gkaissisCaught ForceObjectDelete called by workers>base @gkaissisCaught ForceObjectDelete called by workers>base @gkaissisCaught ForceObjectDelete called by workers>base @gkaissisCaught ForceObjectDelete called by workers>base @gkaissisCaught ForceObjectDelete called by workers>base @gkaissisCaught ForceObjectDelete called by workers>base @gkaissisCaught ForceObjectDelete called by workers>base @gkaissisCaught ForceObjectDelete called by workers>base @gkaissisCaught ForceObjectDelete called by workers>base @gkaissisCaught ForceObjectDelete called by workers>base @gkaissisCaught ForceObjectDelete called by workers>base @gkaissisCaught ForceObjectDelete called by workers>base @gkaissisCaught ForceObjectDelete called by workers>base @gkaissisCaught ForceObjectDelete called by workers>base @gkaissisCaught ForceObjectDelete called by workers>base @gkaissisCaught ForceObjectDelete called by workers>base @gkaissisCaught ForceObjectDelete called by workers>base @gkaissisCaught ForceObjectDelete called by workers>base @gkaissisCaught ForceObjectDelete called by workers>base @gkaissisCaught ForceObjectDelete called by workers>base @gkaissisCaught ForceObjectDelete called by workers>base @gkaissisCaught ForceObjectDelete called by workers>base @gkaissisCaught ForceObjectDelete called by workers>base @gkaissisCaught ForceObjectDelete called by workers>base @gkaissisCaught ForceObjectDelete called by workers>base @gkaissisCaught ForceObjectDelete called by workers>base @gkaissisCaught ForceObjectDelete called by workers>base @gkaissisCaught ForceObjectDelete called by workers>base @gkaissisCaught ForceObjectDelete called by workers>base @gkaissisCaught ForceObjectDelete called by workers>base @gkaissisCaught ForceObjectDelete called by workers>base @gkaissisCaught ForceObjectDelete called by workers>base @gkaissisCaught ForceObjectDelete called by workers>base @gkaissisCaught ForceObjectDelete called by workers>base @gkaissisCaught ForceObjectDelete called by workers>base @gkaissisCaught ForceObjectDelete called by workers>base @gkaissisCaught ForceObjectDelete called by workers>base @gkaissisCaught ForceObjectDelete called by workers>base @gkaissisCaught ForceObjectDelete called by workers>base @gkaissisCaught ForceObjectDelete called by workers>base @gkaissisCaught ForceObjectDelete called by workers>base @gkaissisCaught ForceObjectDelete called by workers>base @gkaissisCaught ForceObjectDelete called by workers>base @gkaissisCaught ForceObjectDelete called by workers>base @gkaissisCaught ForceObjectDelete called by workers>base @gkaissisCaught ForceObjectDelete called by workers>base @gkaissisCaught ForceObjectDelete called by workers>base @gkaissisCaught ForceObjectDelete called by workers>base @gkaissisCaught ForceObjectDelete called by workers>base @gkaissisCaught ForceObjectDelete called by workers>base @gkaissisCaught ForceObjectDelete called by workers>base @gkaissisCaught ForceObjectDelete called by workers>base @gkaissisCaught ForceObjectDelete called by workers>base @gkaissisCaught ForceObjectDelete called by workers>base @gkaissisCaught ForceObjectDelete called by workers>base @gkaissisCaught ForceObjectDelete called by workers>base @gkaissisCaught ForceObjectDelete called by workers>base @gkaissisCaught ForceObjectDelete called by workers>base @gkaissisCaught ForceObjectDelete called by workers>base @gkaissisCaught ForceObjectDelete called by workers>base @gkaissisCaught ForceObjectDelete called by workers>base @gkaissisCaught ForceObjectDelete called by workers>base @gkaissisCaught ForceObjectDelete called by workers>base @gkaissisCaught ForceObjectDelete called by workers>base @gkaissisCaught ForceObjectDelete called by workers>base @gkaissisCaught ForceObjectDelete called by workers>base @gkaissisCaught ForceObjectDelete called by workers>base @gkaissisCaught ForceObjectDelete called by workers>base @gkaissisCaught ForceObjectDelete called by workers>base @gkaissisCaught ForceObjectDelete called by workers>base @gkaissisCaught ForceObjectDelete called by workers>base @gkaissisCaught ForceObjectDelete called by workers>base @gkaissisCaught ForceObjectDelete called by workers>base @gkaissisCaught ForceObjectDelete called by workers>base @gkaissisCaught ForceObjectDelete called by workers>base @gkaissisCaught ForceObjectDelete called by workers>base @gkaissisCaught ForceObjectDelete called by workers>base @gkaissisCaught ForceObjectDelete called by workers>base @gkaissisCaught ForceObjectDelete called by workers>base @gkaissisCaught ForceObjectDelete called by workers>base @gkaissisCaught ForceObjectDelete called by workers>base @gkaissisCaught ForceObjectDelete called by workers>base @gkaissisCaught ForceObjectDelete called by workers>base @gkaissisCaught ForceObjectDelete called by workers>base @gkaissisCaught ForceObjectDelete called by workers>base @gkaissisCaught ForceObjectDelete called by workers>base @gkaissisCaught ForceObjectDelete called by workers>base @gkaissisCaught ForceObjectDelete called by workers>base @gkaissisCaught ForceObjectDelete called by workers>base @gkaissisCaught ForceObjectDelete called by workers>base @gkaissisCaught ForceObjectDelete called by workers>base @gkaissisCaught ForceObjectDelete called by workers>base @gkaissisCaught ForceObjectDelete called by workers>base @gkaissisCaught ForceObjectDelete called by workers>base @gkaissisCaught ForceObjectDelete called by workers>base @gkaissisCaught ForceObjectDelete called by workers>base @gkaissisCaught ForceObjectDelete called by workers>base @gkaissisCaught ForceObjectDelete called by workers>base @gkaissisCaught ForceObjectDelete called by workers>base @gkaissisCaught ForceObjectDelete called by workers>base @gkaissisCaught ForceObjectDelete called by workers>base @gkaissisCaught ForceObjectDelete called by workers>base @gkaissisCaught ForceObjectDelete called by workers>base @gkaissisCaught ForceObjectDelete called by workers>base @gkaissisCaught ForceObjectDelete called by workers>base @gkaissisCaught ForceObjectDelete called by workers>base @gkaissisCaught ForceObjectDelete called by workers>base @gkaissisCaught ForceObjectDelete called by workers>base @gkaissisCaught ForceObjectDelete called by workers>base @gkaissisCaught ForceObjectDelete called by workers>base @gkaissisCaught ForceObjectDelete called by workers>base @gkaissisCaught ForceObjectDelete called by workers>base @gkaissisCaught ForceObjectDelete called by workers>base @gkaissisCaught ForceObjectDelete called by workers>base @gkaissisCaught ForceObjectDelete called by workers>base @gkaissisCaught ForceObjectDelete called by workers>base @gkaissisCaught ForceObjectDelete called by workers>base @gkaissisCaught ForceObjectDelete called by workers>base @gkaissisCaught ForceObjectDelete called by workers>base @gkaissisCaught ForceObjectDelete called by workers>base @gkaissisCaught ForceObjectDelete called by workers>base @gkaissisCaught ForceObjectDelete called by workers>base @gkaissisCaught ForceObjectDelete called by workers>base @gkaissisCaught ForceObjectDelete called by workers>base @gkaissisCaught ForceObjectDelete called by workers>base @gkaissisCaught ForceObjectDelete called by workers>base @gkaissisCaught ForceObjectDelete called by workers>base @gkaissisCaught ForceObjectDelete called by workers>base @gkaissisCaught ForceObjectDelete called by workers>base @gkaissisCaught ForceObjectDelete called by workers>base @gkaissisCaught ForceObjectDelete called by workers>base @gkaissisCaught ForceObjectDelete called by workers>base @gkaissisCaught ForceObjectDelete called by workers>base @gkaissisCaught ForceObjectDelete called by workers>base @gkaissisCaught ForceObjectDelete called by workers>base @gkaissisCaught ForceObjectDelete called by workers>base @gkaissisCaught ForceObjectDelete called by workers>base @gkaissisCaught ForceObjectDelete called by workers>base @gkaissisCaught ForceObjectDelete called by workers>base @gkaissisCaught ForceObjectDelete called by workers>base @gkaissisCaught ForceObjectDelete called by workers>base @gkaissisCaught ForceObjectDelete called by workers>base @gkaissisCaught ForceObjectDelete called by workers>base @gkaissisCaught ForceObjectDelete called by workers>base @gkaissisCaught ForceObjectDelete called by workers>base @gkaissisCaught ForceObjectDelete called by workers>base @gkaissisCaught ForceObjectDelete called by workers>base @gkaissisCaught ForceObjectDelete called by workers>base @gkaissisCaught ForceObjectDelete called by workers>base @gkaissisCaught ForceObjectDelete called by workers>base @gkaissisCaught ForceObjectDelete called by workers>base @gkaissisCaught ForceObjectDelete called by workers>base @gkaissisCaught ForceObjectDelete called by workers>base @gkaissisCaught ForceObjectDelete called by workers>base @gkaissisCaught ForceObjectDelete called by workers>base @gkaissisCaught ForceObjectDelete called by workers>base @gkaissisCaught ForceObjectDelete called by workers>base @gkaissisCaught ForceObjectDelete called by workers>base @gkaissisCaught ForceObjectDelete called by workers>base @gkaissisCaught ForceObjectDelete called by workers>base @gkaissisCaught ForceObjectDelete called by workers>base @gkaissisCaught ForceObjectDelete called by workers>base @gkaissisCaught ForceObjectDelete called by workers>base @gkaissisCaught ForceObjectDelete called by workers>base @gkaissisCaught ForceObjectDelete called by workers>base @gkaissisCaught ForceObjectDelete called by workers>base @gkaissisCaught ForceObjectDelete called by workers>base @gkaissisCaught ForceObjectDelete called by workers>base @gkaissisCaught ForceObjectDelete called by workers>base @gkaissisCaught ForceObjectDelete called by workers>base @gkaissisCaught ForceObjectDelete called by workers>base @gkaissisCaught ForceObjectDelete called by workers>base @gkaissisCaught ForceObjectDelete called by workers>base @gkaissisCaught ForceObjectDelete called by workers>base @gkaissisCaught ForceObjectDelete called by workers>base @gkaissisCaught ForceObjectDelete called by workers>base @gkaissisCaught ForceObjectDelete called by workers>base @gkaissisCaught ForceObjectDelete called by workers>base @gkaissisCaught ForceObjectDelete called by workers>base @gkaissisCaught ForceObjectDelete called by workers>base @gkaissisCaught ForceObjectDelete called by workers>base @gkaissisCaught ForceObjectDelete called by workers>base @gkaissisCaught ForceObjectDelete called by workers>base @gkaissisCaught ForceObjectDelete called by workers>base @gkaissisCaught ForceObjectDelete called by workers>base @gkaissisCaught ForceObjectDelete called by workers>base @gkaissisCaught ForceObjectDelete called by workers>base @gkaissisCaught ForceObjectDelete called by workers>base @gkaissisCaught ForceObjectDelete called by workers>base @gkaissisCaught ForceObjectDelete called by workers>base @gkaissisCaught ForceObjectDelete called by workers>base @gkaissisCaught ForceObjectDelete called by workers>base @gkaissisCaught ForceObjectDelete called by workers>base @gkaissisCaught ForceObjectDelete called by workers>base @gkaissisCaught ForceObjectDelete called by workers>base @gkaissisCaught ForceObjectDelete called by workers>base @gkaissisCaught ForceObjectDelete called by workers>base @gkaissisCaught ForceObjectDelete called by workers>base @gkaissisCaught ForceObjectDelete called by workers>base @gkaissisCaught ForceObjectDelete called by workers>base @gkaissisCaught ForceObjectDelete called by workers>base @gkaissisCaught ForceObjectDelete called by workers>base @gkaissisCaught ForceObjectDelete called by workers>base @gkaissisCaught ForceObjectDelete called by workers>base @gkaissisCaught ForceObjectDelete called by workers>base @gkaissisCaught ForceObjectDelete called by workers>base @gkaissisCaught ForceObjectDelete called by workers>base @gkaissisCaught ForceObjectDelete called by workers>base @gkaissisCaught ForceObjectDelete called by workers>base @gkaissisCaught ForceObjectDelete called by workers>base @gkaissisCaught ForceObjectDelete called by workers>base @gkaissisCaught ForceObjectDelete called by workers>base @gkaissisCaught ForceObjectDelete called by workers>base @gkaissisCaught ForceObjectDelete called by workers>base @gkaissisCaught ForceObjectDelete called by workers>base @gkaissisCaught ForceObjectDelete called by workers>base @gkaissisCaught ForceObjectDelete called by workers>base @gkaissisCaught ForceObjectDelete called by workers>base @gkaissisCaught ForceObjectDelete called by workers>base @gkaissisCaught ForceObjectDelete called by workers>base @gkaissisCaught ForceObjectDelete called by workers>base @gkaissisCaught ForceObjectDelete called by workers>base @gkaissisCaught ForceObjectDelete called by workers>base @gkaissisCaught ForceObjectDelete called by workers>base @gkaissisCaught ForceObjectDelete called by workers>base @gkaissisCaught ForceObjectDelete called by workers>base @gkaissisCaught ForceObjectDelete called by workers>base @gkaissisCaught ForceObjectDelete called by workers>base @gkaissisCaught ForceObjectDelete called by workers>base @gkaissisCaught ForceObjectDelete called by workers>base @gkaissisCaught ForceObjectDelete called by workers>base @gkaissisCaught ForceObjectDelete called by workers>base @gkaissisCaught ForceObjectDelete called by workers>base @gkaissisCaught ForceObjectDelete called by workers>base @gkaissisCaught ForceObjectDelete called by workers>base @gkaissisCaught ForceObjectDelete called by workers>base @gkaissisCaught ForceObjectDelete called by workers>base @gkaissisCaught ForceObjectDelete called by workers>base @gkaissisCaught ForceObjectDelete called by workers>base @gkaissisCaught ForceObjectDelete called by workers>base @gkaissisCaught ForceObjectDelete called by workers>base @gkaissisCaught ForceObjectDelete called by workers>base @gkaissisCaught ForceObjectDelete called by workers>base @gkaissisCaught ForceObjectDelete called by workers>base @gkaissisCaught ForceObjectDelete called by workers>base @gkaissisCaught ForceObjectDelete called by workers>base @gkaissisCaught ForceObjectDelete called by workers>base @gkaissisCaught ForceObjectDelete called by workers>base @gkaissisCaught ForceObjectDelete called by workers>base @gkaissisCaught ForceObjectDelete called by workers>base @gkaissisCaught ForceObjectDelete called by workers>base @gkaissisCaught ForceObjectDelete called by workers>base @gkaissisCaught ForceObjectDelete called by workers>base @gkaissisCaught ForceObjectDelete called by workers>base @gkaissisCaught ForceObjectDelete called by workers>base @gkaissisCaught ForceObjectDelete called by workers>base @gkaissisCaught ForceObjectDelete called by workers>base @gkaissisCaught ForceObjectDelete called by workers>base @gkaissisCaught ForceObjectDelete called by workers>base @gkaissisCaught ForceObjectDelete called by workers>base @gkaissisCaught ForceObjectDelete called by workers>base @gkaissisCaught ForceObjectDelete called by workers>base @gkaissisCaught ForceObjectDelete called by workers>base @gkaissisCaught ForceObjectDelete called by workers>base @gkaissisCaught ForceObjectDelete called by workers>base @gkaissisCaught ForceObjectDelete called by workers>base @gkaissisCaught ForceObjectDelete called by workers>base @gkaissisCaught ForceObjectDelete called by workers>base @gkaissisCaught ForceObjectDelete called by workers>base @gkaissisCaught ForceObjectDelete called by workers>base @gkaissisCaught ForceObjectDelete called by workers>base @gkaissisCaught ForceObjectDelete called by workers>base @gkaissisCaught ForceObjectDelete called by workers>base @gkaissisCaught ForceObjectDelete called by workers>base @gkaissisCaught ForceObjectDelete called by workers>base @gkaissisCaught ForceObjectDelete called by workers>base @gkaissisCaught ForceObjectDelete called by workers>base @gkaissisCaught ForceObjectDelete called by workers>base @gkaissisCaught ForceObjectDelete called by workers>base @gkaissisCaught ForceObjectDelete called by workers>base @gkaissisCaught ForceObjectDelete called by workers>base @gkaissisCaught ForceObjectDelete called by workers>base @gkaissisCaught ForceObjectDelete called by workers>base @gkaissisCaught ForceObjectDelete called by workers>base @gkaissisCaught ForceObjectDelete called by workers>base @gkaissisCaught ForceObjectDelete called by workers>base @gkaissisCaught ForceObjectDelete called by workers>base @gkaissisCaught ForceObjectDelete called by workers>base @gkaissisCaught ForceObjectDelete called by workers>base @gkaissisCaught ForceObjectDelete called by workers>base @gkaissisCaught ForceObjectDelete called by workers>base @gkaissisCaught ForceObjectDelete called by workers>base @gkaissisCaught ForceObjectDelete called by workers>base @gkaissisCaught ForceObjectDelete called by workers>base @gkaissisCaught ForceObjectDelete called by workers>base @gkaissisCaught ForceObjectDelete called by workers>base @gkaissisCaught ForceObjectDelete called by workers>base @gkaissisCaught ForceObjectDelete called by workers>base @gkaissisCaught ForceObjectDelete called by workers>base @gkaissisCaught ForceObjectDelete called by workers>base @gkaissisCaught ForceObjectDelete called by workers>base @gkaissisCaught ForceObjectDelete called by workers>base @gkaissisCaught ForceObjectDelete called by workers>base @gkaissisCaught ForceObjectDelete called by workers>base @gkaissisCaught ForceObjectDelete called by workers>base @gkaissisCaught ForceObjectDelete called by workers>base @gkaissisCaught ForceObjectDelete called by workers>base @gkaissisCaught ForceObjectDelete called by workers>base @gkaissisCaught ForceObjectDelete called by workers>base @gkaissisCaught ForceObjectDelete called by workers>base @gkaissisCaught ForceObjectDelete called by workers>base @gkaissisCaught ForceObjectDelete called by workers>base @gkaissisCaught ForceObjectDelete called by workers>base @gkaissisCaught ForceObjectDelete called by workers>base @gkaissisCaught ForceObjectDelete called by workers>base @gkaissisCaught ForceObjectDelete called by workers>base @gkaissisCaught ForceObjectDelete called by workers>base @gkaissisCaught ForceObjectDelete called by workers>base @gkaissisCaught ForceObjectDelete called by workers>base @gkaissisCaught ForceObjectDelete called by workers>base @gkaissisCaught ForceObjectDelete called by workers>base @gkaissisCaught ForceObjectDelete called by workers>base @gkaissisCaught ForceObjectDelete called by workers>base @gkaissisCaught ForceObjectDelete called by workers>base @gkaissisCaught ForceObjectDelete called by workers>base @gkaissisCaught ForceObjectDelete called by workers>base @gkaissisCaught ForceObjectDelete called by workers>base @gkaissisCaught ForceObjectDelete called by workers>base @gkaissisCaught ForceObjectDelete called by workers>base @gkaissisCaught ForceObjectDelete called by workers>base @gkaissisCaught ForceObjectDelete called by workers>base @gkaissisCaught ForceObjectDelete called by workers>base @gkaissisCaught ForceObjectDelete called by workers>base @gkaissisCaught ForceObjectDelete called by workers>base @gkaissisCaught ForceObjectDelete called by workers>base @gkaissisCaught ForceObjectDelete called by workers>base @gkaissisCaught ForceObjectDelete called by workers>base @gkaissisCaught ForceObjectDelete called by workers>base @gkaissisCaught ForceObjectDelete called by workers>base @gkaissisCaught ForceObjectDelete called by workers>base @gkaissisCaught ForceObjectDelete called by workers>base @gkaissisCaught ForceObjectDelete called by workers>base @gkaissisCaught ForceObjectDelete called by workers>base @gkaissisCaught ForceObjectDelete called by workers>base @gkaissisCaught ForceObjectDelete called by workers>base @gkaissisCaught ForceObjectDelete called by workers>base @gkaissisCaught ForceObjectDelete called by workers>base @gkaissisCaught ForceObjectDelete called by workers>base @gkaissisCaught ForceObjectDelete called by workers>base @gkaissisCaught ForceObjectDelete called by workers>base @gkaissisCaught ForceObjectDelete called by workers>base @gkaissisCaught ForceObjectDelete called by workers>base @gkaissisCaught ForceObjectDelete called by workers>base @gkaissisCaught ForceObjectDelete called by workers>base @gkaissisCaught ForceObjectDelete called by workers>base @gkaissisCaught ForceObjectDelete called by workers>base @gkaissisCaught ForceObjectDelete called by workers>base @gkaissisCaught ForceObjectDelete called by workers>base @gkaissisCaught ForceObjectDelete called by workers>base @gkaissisCaught ForceObjectDelete called by workers>base @gkaissisCaught ForceObjectDelete called by workers>base @gkaissisCaught ForceObjectDelete called by workers>base @gkaissisCaught ForceObjectDelete called by workers>base @gkaissisCaught ForceObjectDelete called by workers>base @gkaissisCaught ForceObjectDelete called by workers>base @gkaissisCaught ForceObjectDelete called by workers>base @gkaissisCaught ForceObjectDelete called by workers>base @gkaissisCaught ForceObjectDelete called by workers>base @gkaissisCaught ForceObjectDelete called by workers>base @gkaissisCaught ForceObjectDelete called by workers>base @gkaissisCaught ForceObjectDelete called by workers>base @gkaissisCaught ForceObjectDelete called by workers>base @gkaissisCaught ForceObjectDelete called by workers>base @gkaissisCaught ForceObjectDelete called by workers>base @gkaissisCaught ForceObjectDelete called by workers>base @gkaissisCaught ForceObjectDelete called by workers>base @gkaissisCaught ForceObjectDelete called by workers>base @gkaissisCaught ForceObjectDelete called by workers>base @gkaissisCaught ForceObjectDelete called by workers>base @gkaissisCaught ForceObjectDelete called by workers>base @gkaissisCaught ForceObjectDelete called by workers>base @gkaissisCaught ForceObjectDelete called by workers>base @gkaissisCaught ForceObjectDelete called by workers>base @gkaissisCaught ForceObjectDelete called by workers>base @gkaissisCaught ForceObjectDelete called by workers>base @gkaissisCaught ForceObjectDelete called by workers>base @gkaissisCaught ForceObjectDelete called by workers>base @gkaissisCaught ForceObjectDelete called by workers>base @gkaissisCaught ForceObjectDelete called by workers>base @gkaissisCaught ForceObjectDelete called by workers>base @gkaissisCaught ForceObjectDelete called by workers>base @gkaissisCaught ForceObjectDelete called by workers>base @gkaissisCaught ForceObjectDelete called by workers>base @gkaissisCaught ForceObjectDelete called by workers>base @gkaissisCaught ForceObjectDelete called by workers>base @gkaissisCaught ForceObjectDelete called by workers>base @gkaissisCaught ForceObjectDelete called by workers>base @gkaissisCaught ForceObjectDelete called by workers>base @gkaissisCaught ForceObjectDelete called by workers>base @gkaissisCaught ForceObjectDelete called by workers>base @gkaissisCaught ForceObjectDelete called by workers>base @gkaissisCaught ForceObjectDelete called by workers>base @gkaissisCaught ForceObjectDelete called by workers>base @gkaissisCaught ForceObjectDelete called by workers>base @gkaissisCaught ForceObjectDelete called by workers>base @gkaissisCaught ForceObjectDelete called by workers>base @gkaissisCaught ForceObjectDelete called by workers>base @gkaissisCaught ForceObjectDelete called by workers>base @gkaissisCaught ForceObjectDelete called by workers>base @gkaissisCaught ForceObjectDelete called by workers>base @gkaissisCaught ForceObjectDelete called by workers>base @gkaissisCaught ForceObjectDelete called by workers>base @gkaissisCaught ForceObjectDelete called by workers>base @gkaissisCaught ForceObjectDelete called by workers>base @gkaissisCaught ForceObjectDelete called by workers>base @gkaissisCaught ForceObjectDelete called by workers>base @gkaissisCaught ForceObjectDelete called by workers>base @gkaissisCaught ForceObjectDelete called by workers>base @gkaissisCaught ForceObjectDelete called by workers>base @gkaissisCaught ForceObjectDelete called by workers>base @gkaissisCaught ForceObjectDelete called by workers>base @gkaissisCaught ForceObjectDelete called by workers>base @gkaissisCaught ForceObjectDelete called by workers>base @gkaissisCaught ForceObjectDelete called by workers>base @gkaissisCaught ForceObjectDelete called by workers>base @gkaissisCaught ForceObjectDelete called by workers>base @gkaissisCaught ForceObjectDelete called by workers>base @gkaissisCaught ForceObjectDelete called by workers>base @gkaissisCaught ForceObjectDelete called by workers>base @gkaissisCaught ForceObjectDelete called by workers>base @gkaissisCaught ForceObjectDelete called by workers>base @gkaissisCaught ForceObjectDelete called by workers>base @gkaissisCaught ForceObjectDelete called by workers>base @gkaissisCaught ForceObjectDelete called by workers>base @gkaissisCaught ForceObjectDelete called by workers>base @gkaissisCaught ForceObjectDelete called by workers>base @gkaissisCaught ForceObjectDelete called by workers>base @gkaissisCaught ForceObjectDelete called by workers>base @gkaissisCaught ForceObjectDelete called by workers>base @gkaissisCaught ForceObjectDelete called by workers>base @gkaissisCaught ForceObjectDelete called by workers>base @gkaissisCaught ForceObjectDelete called by workers>base @gkaissisCaught ForceObjectDelete called by workers>base @gkaissisCaught ForceObjectDelete called by workers>base @gkaissisCaught ForceObjectDelete called by workers>base @gkaissisCaught ForceObjectDelete called by workers>base @gkaissisCaught ForceObjectDelete called by workers>base @gkaissisCaught ForceObjectDelete called by workers>base @gkaissisCaught ForceObjectDelete called by workers>base @gkaissisCaught ForceObjectDelete called by workers>base @gkaissisCaught ForceObjectDelete called by workers>base @gkaissisCaught ForceObjectDelete called by workers>base @gkaissisCaught ForceObjectDelete called by workers>base @gkaissisCaught ForceObjectDelete called by workers>base @gkaissisCaught ForceObjectDelete called by workers>base @gkaissisCaught ForceObjectDelete called by workers>base @gkaissisCaught ForceObjectDelete called by workers>base @gkaissisCaught ForceObjectDelete called by workers>base @gkaissisCaught ForceObjectDelete called by workers>base @gkaissisCaught ForceObjectDelete called by workers>base @gkaissisCaught ForceObjectDelete called by workers>base @gkaissisCaught ForceObjectDelete called by workers>base @gkaissisCaught ForceObjectDelete called by workers>base @gkaissisCaught ForceObjectDelete called by workers>base @gkaissisCaught ForceObjectDelete called by workers>base @gkaissisCaught ForceObjectDelete called by workers>base @gkaissisCaught ForceObjectDelete called by workers>base @gkaissisCaught ForceObjectDelete called by workers>base @gkaissisCaught ForceObjectDelete called by workers>base @gkaissisCaught ForceObjectDelete called by workers>base @gkaissisCaught ForceObjectDelete called by workers>base @gkaissisCaught ForceObjectDelete called by workers>base @gkaissisCaught ForceObjectDelete called by workers>base @gkaissisCaught ForceObjectDelete called by workers>base @gkaissisCaught ForceObjectDelete called by workers>base @gkaissisCaught ForceObjectDelete called by workers>base @gkaissisCaught ForceObjectDelete called by workers>base @gkaissisCaught ForceObjectDelete called by workers>base @gkaissisCaught ForceObjectDelete called by workers>base @gkaissisCaught ForceObjectDelete called by workers>base @gkaissisCaught ForceObjectDelete called by workers>base @gkaissisCaught ForceObjectDelete called by workers>base @gkaissisCaught ForceObjectDelete called by workers>base @gkaissisCaught ForceObjectDelete called by workers>base @gkaissisCaught ForceObjectDelete called by workers>base @gkaissisCaught ForceObjectDelete called by workers>base @gkaissisCaught ForceObjectDelete called by workers>base @gkaissisCaught ForceObjectDelete called by workers>base @gkaissisCaught ForceObjectDelete called by workers>base @gkaissisCaught ForceObjectDelete called by workers>base @gkaissisCaught ForceObjectDelete called by workers>base @gkaissisCaught ForceObjectDelete called by workers>base @gkaissisCaught ForceObjectDelete called by workers>base @gkaissisCaught ForceObjectDelete called by workers>base @gkaissisCaught ForceObjectDelete called by workers>base @gkaissisCaught ForceObjectDelete called by workers>base @gkaissisCaught ForceObjectDelete called by workers>base @gkaissisCaught ForceObjectDelete called by workers>base @gkaissisCaught ForceObjectDelete called by workers>base @gkaissisCaught ForceObjectDelete called by workers>base @gkaissisCaught ForceObjectDelete called by workers>base @gkaissisCaught ForceObjectDelete called by workers>base @gkaissisCaught ForceObjectDelete called by workers>base @gkaissisCaught ForceObjectDelete called by workers>base @gkaissisCaught ForceObjectDelete called by workers>base @gkaissisCaught ForceObjectDelete called by workers>base @gkaissisCaught ForceObjectDelete called by workers>base @gkaissisCaught ForceObjectDelete called by workers>base @gkaissisCaught ForceObjectDelete called by workers>base @gkaissisCaught ForceObjectDelete called by workers>base @gkaissisCaught ForceObjectDelete called by workers>base @gkaissisCaught ForceObjectDelete called by workers>base @gkaissisCaught ForceObjectDelete called by workers>base @gkaissisCaught ForceObjectDelete called by workers>base @gkaissisCaught ForceObjectDelete called by workers>base @gkaissisCaught ForceObjectDelete called by workers>base @gkaissisCaught ForceObjectDelete called by workers>base @gkaissisCaught ForceObjectDelete called by workers>base @gkaissisCaught ForceObjectDelete called by workers>base @gkaissisCaught ForceObjectDelete called by workers>base @gkaissisCaught ForceObjectDelete called by workers>base @gkaissisCaught ForceObjectDelete called by workers>base @gkaissisCaught ForceObjectDelete called by workers>base @gkaissisCaught ForceObjectDelete called by workers>base @gkaissisCaught ForceObjectDelete called by workers>base @gkaissisCaught ForceObjectDelete called by workers>base @gkaissisCaught ForceObjectDelete called by workers>base @gkaissisCaught ForceObjectDelete called by workers>base @gkaissisCaught ForceObjectDelete called by workers>base @gkaissisCaught ForceObjectDelete called by workers>base @gkaissisCaught ForceObjectDelete called by workers>base @gkaissisCaught ForceObjectDelete called by workers>base @gkaissisCaught ForceObjectDelete called by workers>base @gkaissisCaught ForceObjectDelete called by workers>base @gkaissisCaught ForceObjectDelete called by workers>base @gkaissisCaught ForceObjectDelete called by workers>base @gkaissisCaught ForceObjectDelete called by workers>base @gkaissisCaught ForceObjectDelete called by workers>base @gkaissisCaught ForceObjectDelete called by workers>base @gkaissisCaught ForceObjectDelete called by workers>base @gkaissisCaught ForceObjectDelete called by workers>base @gkaissisCaught ForceObjectDelete called by workers>base @gkaissisCaught ForceObjectDelete called by workers>base @gkaissisCaught ForceObjectDelete called by workers>base @gkaissisCaught ForceObjectDelete called by workers>base @gkaissisCaught ForceObjectDelete called by workers>base @gkaissisCaught ForceObjectDelete called by workers>base @gkaissisCaught ForceObjectDelete called by workers>base @gkaissisCaught ForceObjectDelete called by workers>base @gkaissisCaught ForceObjectDelete called by workers>base @gkaissisCaught ForceObjectDelete called by workers>base @gkaissisCaught ForceObjectDelete called by workers>base @gkaissisCaught ForceObjectDelete called by workers>base @gkaissisCaught ForceObjectDelete called by workers>base @gkaissisCaught ForceObjectDelete called by workers>base @gkaissisCaught ForceObjectDelete called by workers>base @gkaissisCaught ForceObjectDelete called by workers>base @gkaissisCaught ForceObjectDelete called by workers>base @gkaissisCaught ForceObjectDelete called by workers>base @gkaissisCaught ForceObjectDelete called by workers>base @gkaissisCaught ForceObjectDelete called by workers>base @gkaissisCaught ForceObjectDelete called by workers>base @gkaissisCaught ForceObjectDelete called by workers>base @gkaissisCaught ForceObjectDelete called by workers>base @gkaissisCaught ForceObjectDelete called by workers>base @gkaissisCaught ForceObjectDelete called by workers>base @gkaissisCaught ForceObjectDelete called by workers>base @gkaissisCaught ForceObjectDelete called by workers>base @gkaissisCaught ForceObjectDelete called by workers>base @gkaissisCaught ForceObjectDelete called by workers>base @gkaissisCaught ForceObjectDelete called by workers>base @gkaissisCaught ForceObjectDelete called by workers>base @gkaissisCaught ForceObjectDelete called by workers>base @gkaissisCaught ForceObjectDelete called by workers>base @gkaissisCaught ForceObjectDelete called by workers>base @gkaissisCaught ForceObjectDelete called by workers>base @gkaissisCaught ForceObjectDelete called by workers>base @gkaissisCaught ForceObjectDelete called by workers>base @gkaissisCaught ForceObjectDelete called by workers>base @gkaissisCaught ForceObjectDelete called by workers>base @gkaissisCaught ForceObjectDelete called by workers>base @gkaissisCaught ForceObjectDelete called by workers>base @gkaissisCaught ForceObjectDelete called by workers>base @gkaissisCaught ForceObjectDelete called by workers>base @gkaissisCaught ForceObjectDelete called by workers>base @gkaissisCaught ForceObjectDelete called by workers>base @gkaissisCaught ForceObjectDelete called by workers>base @gkaissisCaught ForceObjectDelete called by workers>base @gkaissisCaught ForceObjectDelete called by workers>base @gkaissisCaught ForceObjectDelete called by workers>base @gkaissisCaught ForceObjectDelete called by workers>base @gkaissisCaught ForceObjectDelete called by workers>base @gkaissisCaught ForceObjectDelete called by workers>base @gkaissisCaught ForceObjectDelete called by workers>base @gkaissisCaught ForceObjectDelete called by workers>base @gkaissisCaught ForceObjectDelete called by workers>base @gkaissisCaught ForceObjectDelete called by workers>base @gkaissisCaught ForceObjectDelete called by workers>base @gkaissisCaught ForceObjectDelete called by workers>base @gkaissisCaught ForceObjectDelete called by workers>base @gkaissisCaught ForceObjectDelete called by workers>base @gkaissisCaught ForceObjectDelete called by workers>base @gkaissisCaught ForceObjectDelete called by workers>base @gkaissisCaught ForceObjectDelete called by workers>base @gkaissisCaught ForceObjectDelete called by workers>base @gkaissisCaught ForceObjectDelete called by workers>base @gkaissisCaught ForceObjectDelete called by workers>base @gkaissisCaught ForceObjectDelete called by workers>base @gkaissisCaught ForceObjectDelete called by workers>base @gkaissisCaught ForceObjectDelete called by workers>base @gkaissisCaught ForceObjectDelete called by workers>base @gkaissisCaught ForceObjectDelete called by workers>base @gkaissisCaught ForceObjectDelete called by workers>base @gkaissisCaught ForceObjectDelete called by workers>base @gkaissisCaught ForceObjectDelete called by workers>base @gkaissisCaught ForceObjectDelete called by workers>base @gkaissisCaught ForceObjectDelete called by workers>base @gkaissisCaught ForceObjectDelete called by workers>base @gkaissisCaught ForceObjectDelete called by workers>base @gkaissisCaught ForceObjectDelete called by workers>base @gkaissisCaught ForceObjectDelete called by workers>base @gkaissisCaught ForceObjectDelete called by workers>base @gkaissisCaught ForceObjectDelete called by workers>base @gkaissisCaught ForceObjectDelete called by workers>base @gkaissisCaught ForceObjectDelete called by workers>base @gkaissisCaught ForceObjectDelete called by workers>base @gkaissisCaught ForceObjectDelete called by workers>base @gkaissisCaught ForceObjectDelete called by workers>base @gkaissisCaught ForceObjectDelete called by workers>base @gkaissisCaught ForceObjectDelete called by workers>base @gkaissisCaught ForceObjectDelete called by workers>base @gkaissisCaught ForceObjectDelete called by workers>base @gkaissisCaught ForceObjectDelete called by workers>base @gkaissisCaught ForceObjectDelete called by workers>base @gkaissisCaught ForceObjectDelete called by workers>base @gkaissisCaught ForceObjectDelete called by workers>base @gkaissisCaught ForceObjectDelete called by workers>base @gkaissisCaught ForceObjectDelete called by workers>base @gkaissisCaught ForceObjectDelete called by workers>base @gkaissisCaught ForceObjectDelete called by workers>base @gkaissisCaught ForceObjectDelete called by workers>base @gkaissisCaught ForceObjectDelete called by workers>base @gkaissisCaught ForceObjectDelete called by workers>base @gkaissisCaught ForceObjectDelete called by workers>base @gkaissisCaught ForceObjectDelete called by workers>base @gkaissisCaught ForceObjectDelete called by workers>base @gkaissisCaught ForceObjectDelete called by workers>base @gkaissisCaught ForceObjectDelete called by workers>base @gkaissisCaught ForceObjectDelete called by workers>base @gkaissisCaught ForceObjectDelete called by workers>base @gkaissisCaught ForceObjectDelete called by workers>base @gkaissisCaught ForceObjectDelete called by workers>base @gkaissisCaught ForceObjectDelete called by workers>base @gkaissisCaught ForceObjectDelete called by workers>base @gkaissisCaught ForceObjectDelete called by workers>base @gkaissisCaught ForceObjectDelete called by workers>base @gkaissisCaught ForceObjectDelete called by workers>base @gkaissisCaught ForceObjectDelete called by workers>base @gkaissisCaught ForceObjectDelete called by workers>base @gkaissisCaught ForceObjectDelete called by workers>base @gkaissisCaught ForceObjectDelete called by workers>base @gkaissisCaught ForceObjectDelete called by workers>base @gkaissisCaught ForceObjectDelete called by workers>base @gkaissisCaught ForceObjectDelete called by workers>base @gkaissisCaught ForceObjectDelete called by workers>base @gkaissisCaught ForceObjectDelete called by workers>base @gkaissisCaught ForceObjectDelete called by workers>base @gkaissisCaught ForceObjectDelete called by workers>base @gkaissisCaught ForceObjectDelete called by workers>base @gkaissisCaught ForceObjectDelete called by workers>base @gkaissisCaught ForceObjectDelete called by workers>base @gkaissisCaught ForceObjectDelete called by workers>base @gkaissisCaught ForceObjectDelete called by workers>base @gkaissisCaught ForceObjectDelete called by workers>base @gkaissisCaught ForceObjectDelete called by workers>base @gkaissisCaught ForceObjectDelete called by workers>base @gkaissisCaught ForceObjectDelete called by workers>base @gkaissisCaught ForceObjectDelete called by workers>base @gkaissisCaught ForceObjectDelete called by workers>base @gkaissisCaught ForceObjectDelete called by workers>base @gkaissisCaught ForceObjectDelete called by workers>base @gkaissisCaught ForceObjectDelete called by workers>base @gkaissisCaught ForceObjectDelete called by workers>base @gkaissisCaught ForceObjectDelete called by workers>base @gkaissisCaught ForceObjectDelete called by workers>base @gkaissisCaught ForceObjectDelete called by workers>base @gkaissisCaught ForceObjectDelete called by workers>base @gkaissisCaught ForceObjectDelete called by workers>base @gkaissisCaught ForceObjectDelete called by workers>base @gkaissisCaught ForceObjectDelete called by workers>base @gkaissisCaught ForceObjectDelete called by workers>base @gkaissisCaught ForceObjectDelete called by workers>base @gkaissisCaught ForceObjectDelete called by workers>base @gkaissisCaught ForceObjectDelete called by workers>base @gkaissisCaught ForceObjectDelete called by workers>base @gkaissisCaught ForceObjectDelete called by workers>base @gkaissisCaught ForceObjectDelete called by workers>base @gkaissisCaught ForceObjectDelete called by workers>base @gkaissisCaught ForceObjectDelete called by workers>base @gkaissisCaught ForceObjectDelete called by workers>base @gkaissisCaught ForceObjectDelete called by workers>base @gkaissisCaught ForceObjectDelete called by workers>base @gkaissisCaught ForceObjectDelete called by workers>base @gkaissisCaught ForceObjectDelete called by workers>base @gkaissisCaught ForceObjectDelete called by workers>base @gkaissisCaught ForceObjectDelete called by workers>base @gkaissisCaught ForceObjectDelete called by workers>base @gkaissisCaught ForceObjectDelete called by workers>base @gkaissisCaught ForceObjectDelete called by workers>base @gkaissisCaught ForceObjectDelete called by workers>base @gkaissisCaught ForceObjectDelete called by workers>base @gkaissisCaught ForceObjectDelete called by workers>base @gkaissisCaught ForceObjectDelete called by workers>base @gkaissisCaught ForceObjectDelete called by workers>base @gkaissisCaught ForceObjectDelete called by workers>base @gkaissisCaught ForceObjectDelete called by workers>base @gkaissisCaught ForceObjectDelete called by workers>base @gkaissisCaught ForceObjectDelete called by workers>base @gkaissisCaught ForceObjectDelete called by workers>base @gkaissisCaught ForceObjectDelete called by workers>base @gkaissisCaught ForceObjectDelete called by workers>base @gkaissisCaught ForceObjectDelete called by workers>base @gkaissisCaught ForceObjectDelete called by workers>base @gkaissisCaught ForceObjectDelete called by workers>base @gkaissisCaught ForceObjectDelete called by workers>base @gkaissisCaught ForceObjectDelete called by workers>base @gkaissisCaught ForceObjectDelete called by workers>base @gkaissisCaught ForceObjectDelete called by workers>base @gkaissisCaught ForceObjectDelete called by workers>base @gkaissisCaught ForceObjectDelete called by workers>base @gkaissisCaught ForceObjectDelete called by workers>base @gkaissisCaught ForceObjectDelete called by workers>base @gkaissisCaught ForceObjectDelete called by workers>base @gkaissisCaught ForceObjectDelete called by workers>base @gkaissisCaught ForceObjectDelete called by workers>base @gkaissisCaught ForceObjectDelete called by workers>base @gkaissisCaught ForceObjectDelete called by workers>base @gkaissisCaught ForceObjectDelete called by workers>base @gkaissisCaught ForceObjectDelete called by workers>base @gkaissisCaught ForceObjectDelete called by workers>base @gkaissisCaught ForceObjectDelete called by workers>base @gkaissisCaught ForceObjectDelete called by workers>base @gkaissisCaught ForceObjectDelete called by workers>base @gkaissisCaught ForceObjectDelete called by workers>base @gkaissisCaught ForceObjectDelete called by workers>base @gkaissisCaught ForceObjectDelete called by workers>base @gkaissisCaught ForceObjectDelete called by workers>base @gkaissisCaught ForceObjectDelete called by workers>base @gkaissisCaught ForceObjectDelete called by workers>base @gkaissisCaught ForceObjectDelete called by workers>base @gkaissisCaught ForceObjectDelete called by workers>base @gkaissisCaught ForceObjectDelete called by workers>base @gkaissisCaught ForceObjectDelete called by workers>base @gkaissisCaught ForceObjectDelete called by workers>base @gkaissisCaught ForceObjectDelete called by workers>base @gkaissisCaught ForceObjectDelete called by workers>base @gkaissisCaught ForceObjectDelete called by workers>base @gkaissisCaught ForceObjectDelete called by workers>base @gkaissisCaught ForceObjectDelete called by workers>base @gkaissisCaught ForceObjectDelete called by workers>base @gkaissisCaught ForceObjectDelete called by workers>base @gkaissisCaught ForceObjectDelete called by workers>base @gkaissisCaught ForceObjectDelete called by workers>base @gkaissisCaught ForceObjectDelete called by workers>base @gkaissisCaught ForceObjectDelete called by workers>base @gkaissisCaught ForceObjectDelete called by workers>base @gkaissisCaught ForceObjectDelete called by workers>base @gkaissisCaught ForceObjectDelete called by workers>base @gkaissisCaught ForceObjectDelete called by workers>base @gkaissisCaught ForceObjectDelete called by workers>base @gkaissisCaught ForceObjectDelete called by workers>base @gkaissisCaught ForceObjectDelete called by workers>base @gkaissisCaught ForceObjectDelete called by workers>base @gkaissisCaught ForceObjectDelete called by workers>base @gkaissisCaught ForceObjectDelete called by workers>base @gkaissisCaught ForceObjectDelete called by workers>base @gkaissisCaught ForceObjectDelete called by workers>base @gkaissisCaught ForceObjectDelete called by workers>base @gkaissisCaught ForceObjectDelete called by workers>base @gkaissisCaught ForceObjectDelete called by workers>base @gkaissisCaught ForceObjectDelete called by workers>base @gkaissisCaught ForceObjectDelete called by workers>base @gkaissisCaught ForceObjectDelete called by workers>base @gkaissisCaught ForceObjectDelete called by workers>base @gkaissisCaught ForceObjectDelete called by workers>base @gkaissisCaught ForceObjectDelete called by workers>base @gkaissisCaught ForceObjectDelete called by workers>base @gkaissisCaught ForceObjectDelete called by workers>base @gkaissisCaught ForceObjectDelete called by workers>base @gkaissisCaught ForceObjectDelete called by workers>base @gkaissisCaught ForceObjectDelete called by workers>base @gkaissisCaught ForceObjectDelete called by workers>base @gkaissisCaught ForceObjectDelete called by workers>base @gkaissisCaught ForceObjectDelete called by workers>base @gkaissisCaught ForceObjectDelete called by workers>base @gkaissisCaught ForceObjectDelete called by workers>base @gkaissisCaught ForceObjectDelete called by workers>base @gkaissisCaught ForceObjectDelete called by workers>base @gkaissisCaught ForceObjectDelete called by workers>base @gkaissisCaught ForceObjectDelete called by workers>base @gkaissisCaught ForceObjectDelete called by workers>base @gkaissisCaught ForceObjectDelete called by workers>base @gkaissisCaught ForceObjectDelete called by workers>base @gkaissisCaught ForceObjectDelete called by workers>base @gkaissisCaught ForceObjectDelete called by workers>base @gkaissisCaught ForceObjectDelete called by workers>base @gkaissisCaught ForceObjectDelete called by workers>base @gkaissisCaught ForceObjectDelete called by workers>base @gkaissisCaught ForceObjectDelete called by workers>base @gkaissisCaught ForceObjectDelete called by workers>base @gkaissisCaught ForceObjectDelete called by workers>base @gkaissisCaught ForceObjectDelete called by workers>base @gkaissisCaught ForceObjectDelete called by workers>base @gkaissisCaught ForceObjectDelete called by workers>base @gkaissisCaught ForceObjectDelete called by workers>base @gkaissisCaught ForceObjectDelete called by workers>base @gkaissisCaught ForceObjectDelete called by workers>base @gkaissisCaught ForceObjectDelete called by workers>base @gkaissisCaught ForceObjectDelete called by workers>base @gkaissisCaught ForceObjectDelete called by workers>base @gkaissisCaught ForceObjectDelete called by workers>base @gkaissisCaught ForceObjectDelete called by workers>base @gkaissisCaught ForceObjectDelete called by workers>base @gkaissisCaught ForceObjectDelete called by workers>base @gkaissisCaught ForceObjectDelete called by workers>base @gkaissisCaught ForceObjectDelete called by workers>base @gkaissisCaught ForceObjectDelete called by workers>base @gkaissisCaught ForceObjectDelete called by workers>base @gkaissisCaught ForceObjectDelete called by workers>base @gkaissisCaught ForceObjectDelete called by workers>base @gkaissisCaught ForceObjectDelete called by workers>base @gkaissisCaught ForceObjectDelete called by workers>base @gkaissisCaught ForceObjectDelete called by workers>base @gkaissisCaught ForceObjectDelete called by workers>base @gkaissisCaught ForceObjectDelete called by workers>base @gkaissisCaught ForceObjectDelete called by workers>base @gkaissisCaught ForceObjectDelete called by workers>base @gkaissisCaught ForceObjectDelete called by workers>base @gkaissisCaught ForceObjectDelete called by workers>base @gkaissisCaught ForceObjectDelete called by workers>base @gkaissisCaught ForceObjectDelete called by workers>base @gkaissisCaught ForceObjectDelete called by workers>base @gkaissisCaught ForceObjectDelete called by workers>base @gkaissisCaught ForceObjectDelete called by workers>base @gkaissisCaught ForceObjectDelete called by workers>base @gkaissisCaught ForceObjectDelete called by workers>base @gkaissisCaught ForceObjectDelete called by workers>base @gkaissisCaught ForceObjectDelete called by workers>base @gkaissisCaught ForceObjectDelete called by workers>base @gkaissisCaught ForceObjectDelete called by workers>base @gkaissisCaught ForceObjectDelete called by workers>base @gkaissisCaught ForceObjectDelete called by workers>base @gkaissisCaught ForceObjectDelete called by workers>base @gkaissisCaught ForceObjectDelete called by workers>base @gkaissisCaught ForceObjectDelete called by workers>base @gkaissisCaught ForceObjectDelete called by workers>base @gkaissisCaught ForceObjectDelete called by workers>base @gkaissisCaught ForceObjectDelete called by workers>base @gkaissisCaught ForceObjectDelete called by workers>base @gkaissisCaught ForceObjectDelete called by workers>base @gkaissisCaught ForceObjectDelete called by workers>base @gkaissisCaught ForceObjectDelete called by workers>base @gkaissisCaught ForceObjectDelete called by workers>base @gkaissisCaught ForceObjectDelete called by workers>base @gkaissisCaught ForceObjectDelete called by workers>base @gkaissisCaught ForceObjectDelete called by workers>base @gkaissisCaught ForceObjectDelete called by workers>base @gkaissisCaught ForceObjectDelete called by workers>base @gkaissisCaught ForceObjectDelete called by workers>base @gkaissisCaught ForceObjectDelete called by workers>base @gkaissisCaught ForceObjectDelete called by workers>base @gkaissisCaught ForceObjectDelete called by workers>base @gkaissisCaught ForceObjectDelete called by workers>base @gkaissisCaught ForceObjectDelete called by workers>base @gkaissisCaught ForceObjectDelete called by workers>base @gkaissisCaught ForceObjectDelete called by workers>base @gkaissisCaught ForceObjectDelete called by workers>base @gkaissisCaught ForceObjectDelete called by workers>base @gkaissisCaught ForceObjectDelete called by workers>base @gkaissisCaught ForceObjectDelete called by workers>base @gkaissisCaught ForceObjectDelete called by workers>base @gkaissisCaught ForceObjectDelete called by workers>base @gkaissisCaught ForceObjectDelete called by workers>base @gkaissisCaught ForceObjectDelete called by workers>base @gkaissisCaught ForceObjectDelete called by workers>base @gkaissisCaught ForceObjectDelete called by workers>base @gkaissisCaught ForceObjectDelete called by workers>base @gkaissisCaught ForceObjectDelete called by workers>base @gkaissisCaught ForceObjectDelete called by workers>base @gkaissisCaught ForceObjectDelete called by workers>base @gkaissisCaught ForceObjectDelete called by workers>base @gkaissisCaught ForceObjectDelete called by workers>base @gkaissisCaught ForceObjectDelete called by workers>base @gkaissisCaught ForceObjectDelete called by workers>base @gkaissisCaught ForceObjectDelete called by workers>base @gkaissisCaught ForceObjectDelete called by workers>base @gkaissisCaught ForceObjectDelete called by workers>base @gkaissisCaught ForceObjectDelete called by workers>base @gkaissisCaught ForceObjectDelete called by workers>base @gkaissisCaught ForceObjectDelete called by workers>base @gkaissisCaught ForceObjectDelete called by workers>base @gkaissisCaught ForceObjectDelete called by workers>base @gkaissisCaught ForceObjectDelete called by workers>base @gkaissisCaught ForceObjectDelete called by workers>base @gkaissisCaught ForceObjectDelete called by workers>base @gkaissisCaught ForceObjectDelete called by workers>base @gkaissisCaught ForceObjectDelete called by workers>base @gkaissisCaught ForceObjectDelete called by workers>base @gkaissisCaught ForceObjectDelete called by workers>base @gkaissisCaught ForceObjectDelete called by workers>base @gkaissisCaught ForceObjectDelete called by workers>base @gkaissisCaught ForceObjectDelete called by workers>base @gkaissisCaught ForceObjectDelete called by workers>base @gkaissisCaught ForceObjectDelete called by workers>base @gkaissisCaught ForceObjectDelete called by workers>base @gkaissisCaught ForceObjectDelete called by workers>base @gkaissisCaught ForceObjectDelete called by workers>base @gkaissisCaught ForceObjectDelete called by workers>base @gkaissisCaught ForceObjectDelete called by workers>base @gkaissisCaught ForceObjectDelete called by workers>base @gkaissisCaught ForceObjectDelete called by workers>base @gkaissisCaught ForceObjectDelete called by workers>base @gkaissisCaught ForceObjectDelete called by workers>base @gkaissisCaught ForceObjectDelete called by workers>base @gkaissisCaught ForceObjectDelete called by workers>base @gkaissisCaught ForceObjectDelete called by workers>base @gkaissisCaught ForceObjectDelete called by workers>base @gkaissisCaught ForceObjectDelete called by workers>base @gkaissisCaught ForceObjectDelete called by workers>base @gkaissisCaught ForceObjectDelete called by workers>base @gkaissisCaught ForceObjectDelete called by workers>base @gkaissisCaught ForceObjectDelete called by workers>base @gkaissisCaught ForceObjectDelete called by workers>base @gkaissisCaught ForceObjectDelete called by workers>base @gkaissisCaught ForceObjectDelete called by workers>base @gkaissisCaught ForceObjectDelete called by workers>base @gkaissisCaught ForceObjectDelete called by workers>base @gkaissisCaught ForceObjectDelete called by workers>base @gkaissisCaught ForceObjectDelete called by workers>base @gkaissisCaught ForceObjectDelete called by workers>base @gkaissisCaught ForceObjectDelete called by workers>base @gkaissisCaught ForceObjectDelete called by workers>base @gkaissisCaught ForceObjectDelete called by workers>base @gkaissisCaught ForceObjectDelete called by workers>base @gkaissisCaught ForceObjectDelete called by workers>base @gkaissisCaught ForceObjectDelete called by workers>base @gkaissisCaught ForceObjectDelete called by workers>base @gkaissisCaught ForceObjectDelete called by workers>base @gkaissisCaught ForceObjectDelete called by workers>base @gkaissisCaught ForceObjectDelete called by workers>base @gkaissisCaught ForceObjectDelete called by workers>base @gkaissisCaught ForceObjectDelete called by workers>base @gkaissisCaught ForceObjectDelete called by workers>base @gkaissisCaught ForceObjectDelete called by workers>base @gkaissisCaught ForceObjectDelete called by workers>base @gkaissisCaught ForceObjectDelete called by workers>base @gkaissisCaught ForceObjectDelete called by workers>base @gkaissisCaught ForceObjectDelete called by workers>base @gkaissisCaught ForceObjectDelete called by workers>base @gkaissisCaught ForceObjectDelete called by workers>base @gkaissisCaught ForceObjectDelete called by workers>base @gkaissisCaught ForceObjectDelete called by workers>base @gkaissisCaught ForceObjectDelete called by workers>base @gkaissisCaught ForceObjectDelete called by workers>base @gkaissisCaught ForceObjectDelete called by workers>base @gkaissisCaught ForceObjectDelete called by workers>base @gkaissisCaught ForceObjectDelete called by workers>base @gkaissisCaught ForceObjectDelete called by workers>base @gkaissisCaught ForceObjectDelete called by workers>base @gkaissisCaught ForceObjectDelete called by workers>base @gkaissisCaught ForceObjectDelete called by workers>base @gkaissisCaught ForceObjectDelete called by workers>base @gkaissisCaught ForceObjectDelete called by workers>base @gkaissisCaught ForceObjectDelete called by workers>base @gkaissisCaught ForceObjectDelete called by workers>base @gkaissisCaught ForceObjectDelete called by workers>base @gkaissisCaught ForceObjectDelete called by workers>base @gkaissisCaught ForceObjectDelete called by workers>base @gkaissisCaught ForceObjectDelete called by workers>base @gkaissisCaught ForceObjectDelete called by workers>base @gkaissisCaught ForceObjectDelete called by workers>base @gkaissisCaught ForceObjectDelete called by workers>base @gkaissisCaught ForceObjectDelete called by workers>base @gkaissisCaught ForceObjectDelete called by workers>base @gkaissisCaught ForceObjectDelete called by workers>base @gkaissisCaught ForceObjectDelete called by workers>base @gkaissisCaught ForceObjectDelete called by workers>base @gkaissisCaught ForceObjectDelete called by workers>base @gkaissisCaught ForceObjectDelete called by workers>base @gkaissisCaught ForceObjectDelete called by workers>base @gkaissisCaught ForceObjectDelete called by workers>base @gkaissisCaught ForceObjectDelete called by workers>base @gkaissisCaught ForceObjectDelete called by workers>base @gkaissisCaught ForceObjectDelete called by workers>base @gkaissisCaught ForceObjectDelete called by workers>base @gkaissisCaught ForceObjectDelete called by workers>base @gkaissisCaught ForceObjectDelete called by workers>base @gkaissisCaught ForceObjectDelete called by workers>base @gkaissisCaught ForceObjectDelete called by workers>base @gkaissisCaught ForceObjectDelete called by workers>base @gkaissisCaught ForceObjectDelete called by workers>base @gkaissisCaught ForceObjectDelete called by workers>base @gkaissisCaught ForceObjectDelete called by workers>base @gkaissisCaught ForceObjectDelete called by workers>base @gkaissisCaught ForceObjectDelete called by workers>base @gkaissisCaught ForceObjectDelete called by workers>base @gkaissisCaught ForceObjectDelete called by workers>base @gkaissisCaught ForceObjectDelete called by workers>base @gkaissisCaught ForceObjectDelete called by workers>base @gkaissisCaught ForceObjectDelete called by workers>base @gkaissisCaught ForceObjectDelete called by workers>base @gkaissisCaught ForceObjectDelete called by workers>base @gkaissisCaught ForceObjectDelete called by workers>base @gkaissisCaught ForceObjectDelete called by workers>base @gkaissisCaught ForceObjectDelete called by workers>base @gkaissisCaught ForceObjectDelete called by workers>base @gkaissisCaught ForceObjectDelete called by workers>base @gkaissisCaught ForceObjectDelete called by workers>base @gkaissisCaught ForceObjectDelete called by workers>base @gkaissisCaught ForceObjectDelete called by workers>base @gkaissisCaught ForceObjectDelete called by workers>base @gkaissisCaught ForceObjectDelete called by workers>base @gkaissisCaught ForceObjectDelete called by workers>base @gkaissisCaught ForceObjectDelete called by workers>base @gkaissisCaught ForceObjectDelete called by workers>base @gkaissisCaught ForceObjectDelete called by workers>base @gkaissisCaught ForceObjectDelete called by workers>base @gkaissisCaught ForceObjectDelete called by workers>base @gkaissisCaught ForceObjectDelete called by workers>base @gkaissisCaught ForceObjectDelete called by workers>base @gkaissisCaught ForceObjectDelete called by workers>base @gkaissisCaught ForceObjectDelete called by workers>base @gkaissisCaught ForceObjectDelete called by workers>base @gkaissisCaught ForceObjectDelete called by workers>base @gkaissisCaught ForceObjectDelete called by workers>base @gkaissisCaught ForceObjectDelete called by workers>base @gkaissisCaught ForceObjectDelete called by workers>base @gkaissisCaught ForceObjectDelete called by workers>base @gkaissisCaught ForceObjectDelete called by workers>base @gkaissisCaught ForceObjectDelete called by workers>base @gkaissisCaught ForceObjectDelete called by workers>base @gkaissisCaught ForceObjectDelete called by workers>base @gkaissisCaught ForceObjectDelete called by workers>base @gkaissisCaught ForceObjectDelete called by workers>base @gkaissisCaught ForceObjectDelete called by workers>base @gkaissisCaught ForceObjectDelete called by workers>base @gkaissisCaught ForceObjectDelete called by workers>base @gkaissisCaught ForceObjectDelete called by workers>base @gkaissisCaught ForceObjectDelete called by workers>base @gkaissisCaught ForceObjectDelete called by workers>base @gkaissisCaught ForceObjectDelete called by workers>base @gkaissisCaught ForceObjectDelete called by workers>base @gkaissisCaught ForceObjectDelete called by workers>base @gkaissisCaught ForceObjectDelete called by workers>base @gkaissisCaught ForceObjectDelete called by workers>base @gkaissisCaught ForceObjectDelete called by workers>base @gkaissisCaught ForceObjectDelete called by workers>base @gkaissisCaught ForceObjectDelete called by workers>base @gkaissisCaught ForceObjectDelete called by workers>base @gkaissisCaught ForceObjectDelete called by workers>base @gkaissisCaught ForceObjectDelete called by workers>base @gkaissisCaught ForceObjectDelete called by workers>base @gkaissisCaught ForceObjectDelete called by workers>base @gkaissisCaught ForceObjectDelete called by workers>base @gkaissisCaught ForceObjectDelete called by workers>base @gkaissisCaught ForceObjectDelete called by workers>base @gkaissisCaught ForceObjectDelete called by workers>base @gkaissisCaught ForceObjectDelete called by workers>base @gkaissisCaught ForceObjectDelete called by workers>base @gkaissisCaught ForceObjectDelete called by workers>base @gkaissisCaught ForceObjectDelete called by workers>base @gkaissisCaught ForceObjectDelete called by workers>base @gkaissisCaught ForceObjectDelete called by workers>base @gkaissisCaught ForceObjectDelete called by workers>base @gkaissisCaught ForceObjectDelete called by workers>base @gkaissisCaught ForceObjectDelete called by workers>base @gkaissisCaught ForceObjectDelete called by workers>base @gkaissisCaught ForceObjectDelete called by workers>base @gkaissisCaught ForceObjectDelete called by workers>base @gkaissisCaught ForceObjectDelete called by workers>base @gkaissisCaught ForceObjectDelete called by workers>base @gkaissisCaught ForceObjectDelete called by workers>base @gkaissisCaught ForceObjectDelete called by workers>base @gkaissisCaught ForceObjectDelete called by workers>base @gkaissisCaught ForceObjectDelete called by workers>base @gkaissisCaught ForceObjectDelete called by workers>base @gkaissisCaught ForceObjectDelete called by workers>base @gkaissisCaught ForceObjectDelete called by workers>base @gkaissisCaught ForceObjectDelete called by workers>base @gkaissisCaught ForceObjectDelete called by workers>base @gkaissisCaught ForceObjectDelete called by workers>base @gkaissisCaught ForceObjectDelete called by workers>base @gkaissisCaught ForceObjectDelete called by workers>base @gkaissisCaught ForceObjectDelete called by workers>base @gkaissisCaught ForceObjectDelete called by workers>base @gkaissisCaught ForceObjectDelete called by workers>base @gkaissisCaught ForceObjectDelete called by workers>base @gkaissisCaught ForceObjectDelete called by workers>base @gkaissisCaught ForceObjectDelete called by workers>base @gkaissisCaught ForceObjectDelete called by workers>base @gkaissisCaught ForceObjectDelete called by workers>base @gkaissisCaught ForceObjectDelete called by workers>base @gkaissisCaught ForceObjectDelete called by workers>base @gkaissisCaught ForceObjectDelete called by workers>base @gkaissisCaught ForceObjectDelete called by workers>base @gkaissisCaught ForceObjectDelete called by workers>base @gkaissisCaught ForceObjectDelete called by workers>base @gkaissisCaught ForceObjectDelete called by workers>base @gkaissisCaught ForceObjectDelete called by workers>base @gkaissisCaught ForceObjectDelete called by workers>base @gkaissisCaught ForceObjectDelete called by workers>base @gkaissisCaught ForceObjectDelete called by workers>base @gkaissisCaught ForceObjectDelete called by workers>base @gkaissisCaught ForceObjectDelete called by workers>base @gkaissisCaught ForceObjectDelete called by workers>base @gkaissisCaught ForceObjectDelete called by workers>base @gkaissisCaught ForceObjectDelete called by workers>base @gkaissisCaught ForceObjectDelete called by workers>base @gkaissisCaught ForceObjectDelete called by workers>base @gkaissisCaught ForceObjectDelete called by workers>base @gkaissisCaught ForceObjectDelete called by workers>base @gkaissisCaught ForceObjectDelete called by workers>base @gkaissisCaught ForceObjectDelete called by workers>base @gkaissisCaught ForceObjectDelete called by workers>base @gkaissisCaught ForceObjectDelete called by workers>base @gkaissisCaught ForceObjectDelete called by workers>base @gkaissisCaught ForceObjectDelete called by workers>base @gkaissisCaught ForceObjectDelete called by workers>base @gkaissisCaught ForceObjectDelete called by workers>base @gkaissisCaught ForceObjectDelete called by workers>base @gkaissisCaught ForceObjectDelete called by workers>base @gkaissisCaught ForceObjectDelete called by workers>base @gkaissisCaught ForceObjectDelete called by workers>base @gkaissisCaught ForceObjectDelete called by workers>base @gkaissisCaught ForceObjectDelete called by workers>base @gkaissisCaught ForceObjectDelete called by workers>base @gkaissisCaught ForceObjectDelete called by workers>base @gkaissisCaught ForceObjectDelete called by workers>base @gkaissisCaught ForceObjectDelete called by workers>base @gkaissisCaught ForceObjectDelete called by workers>base @gkaissisCaught ForceObjectDelete called by workers>base @gkaissisCaught ForceObjectDelete called by workers>base @gkaissisCaught ForceObjectDelete called by workers>base @gkaissisCaught ForceObjectDelete called by workers>base @gkaissisCaught ForceObjectDelete called by workers>base @gkaissisCaught ForceObjectDelete called by workers>base @gkaissisCaught ForceObjectDelete called by workers>base @gkaissisCaught ForceObjectDelete called by workers>base @gkaissisCaught ForceObjectDelete called by workers>base @gkaissisCaught ForceObjectDelete called by workers>base @gkaissisCaught ForceObjectDelete called by workers>base @gkaissisCaught ForceObjectDelete called by workers>base @gkaissisCaught ForceObjectDelete called by workers>base @gkaissisCaught ForceObjectDelete called by workers>base @gkaissisCaught ForceObjectDelete called by workers>base @gkaissisCaught ForceObjectDelete called by workers>base @gkaissisCaught ForceObjectDelete called by workers>base @gkaissisCaught ForceObjectDelete called by workers>base @gkaissisCaught ForceObjectDelete called by workers>base @gkaissisCaught ForceObjectDelete called by workers>base @gkaissisCaught ForceObjectDelete called by workers>base @gkaissisCaught ForceObjectDelete called by workers>base @gkaissisCaught ForceObjectDelete called by workers>base @gkaissisCaught ForceObjectDelete called by workers>base @gkaissisCaught ForceObjectDelete called by workers>base @gkaissisCaught ForceObjectDelete called by workers>base @gkaissisCaught ForceObjectDelete called by workers>base @gkaissisCaught ForceObjectDelete called by workers>base @gkaissisCaught ForceObjectDelete called by workers>base @gkaissisCaught ForceObjectDelete called by workers>base @gkaissisCaught ForceObjectDelete called by workers>base @gkaissisCaught ForceObjectDelete called by workers>base @gkaissisCaught ForceObjectDelete called by workers>base @gkaissisCaught ForceObjectDelete called by workers>base @gkaissisCaught ForceObjectDelete called by workers>base @gkaissisCaught ForceObjectDelete called by workers>base @gkaissisCaught ForceObjectDelete called by workers>base @gkaissisCaught ForceObjectDelete called by workers>base @gkaissisCaught ForceObjectDelete called by workers>base @gkaissisCaught ForceObjectDelete called by workers>base @gkaissisCaught ForceObjectDelete called by workers>base @gkaissisCaught ForceObjectDelete called by workers>base @gkaissisCaught ForceObjectDelete called by workers>base @gkaissisCaught ForceObjectDelete called by workers>base @gkaissisCaught ForceObjectDelete called by workers>base @gkaissisCaught ForceObjectDelete called by workers>base @gkaissisCaught ForceObjectDelete called by workers>base @gkaissisCaught ForceObjectDelete called by workers>base @gkaissisCaught ForceObjectDelete called by workers>base @gkaissisCaught ForceObjectDelete called by workers>base @gkaissisCaught ForceObjectDelete called by workers>base @gkaissisCaught ForceObjectDelete called by workers>base @gkaissisCaught ForceObjectDelete called by workers>base @gkaissisCaught ForceObjectDelete called by workers>base @gkaissisCaught ForceObjectDelete called by workers>base @gkaissisCaught ForceObjectDelete called by workers>base @gkaissisCaught ForceObjectDelete called by workers>base @gkaissisCaught ForceObjectDelete called by workers>base @gkaissisCaught ForceObjectDelete called by workers>base @gkaissisCaught ForceObjectDelete called by workers>base @gkaissisCaught ForceObjectDelete called by workers>base @gkaissisCaught ForceObjectDelete called by workers>base @gkaissisCaught ForceObjectDelete called by workers>base @gkaissisCaught ForceObjectDelete called by workers>base @gkaissisCaught ForceObjectDelete called by workers>base @gkaissisCaught ForceObjectDelete called by workers>base @gkaissisCaught ForceObjectDelete called by workers>base @gkaissisCaught ForceObjectDelete called by workers>base @gkaissisCaught ForceObjectDelete called by workers>base @gkaissisCaught ForceObjectDelete called by workers>base @gkaissisCaught ForceObjectDelete called by workers>base @gkaissisCaught ForceObjectDelete called by workers>base @gkaissisCaught ForceObjectDelete called by workers>base @gkaissisCaught ForceObjectDelete called by workers>base @gkaissisCaught ForceObjectDelete called by workers>base @gkaissisCaught ForceObjectDelete called by workers>base @gkaissisCaught ForceObjectDelete called by workers>base @gkaissisCaught ForceObjectDelete called by workers>base @gkaissisCaught ForceObjectDelete called by workers>base @gkaissisCaught ForceObjectDelete called by workers>base @gkaissisCaught ForceObjectDelete called by workers>base @gkaissisCaught ForceObjectDelete called by workers>base @gkaissisCaught ForceObjectDelete called by workers>base @gkaissisCaught ForceObjectDelete called by workers>base @gkaissisCaught ForceObjectDelete called by workers>base @gkaissisCaught ForceObjectDelete called by workers>base @gkaissisCaught ForceObjectDelete called by workers>base @gkaissisCaught ForceObjectDelete called by workers>base @gkaissisCaught ForceObjectDelete called by workers>base @gkaissisCaught ForceObjectDelete called by workers>base @gkaissisCaught ForceObjectDelete called by workers>base @gkaissisCaught ForceObjectDelete called by workers>base @gkaissisCaught ForceObjectDelete called by workers>base @gkaissisCaught ForceObjectDelete called by workers>base @gkaissisCaught ForceObjectDelete called by workers>base @gkaissisCaught ForceObjectDelete called by workers>base @gkaissisCaught ForceObjectDelete called by workers>base @gkaissisCaught ForceObjectDelete called by workers>base @gkaissisCaught ForceObjectDelete called by workers>base @gkaissisCaught ForceObjectDelete called by workers>base @gkaissisCaught ForceObjectDelete called by workers>base @gkaissisCaught ForceObjectDelete called by workers>base @gkaissisCaught ForceObjectDelete called by workers>base @gkaissisCaught ForceObjectDelete called by workers>base @gkaissisCaught ForceObjectDelete called by workers>base @gkaissisCaught ForceObjectDelete called by workers>base @gkaissisCaught ForceObjectDelete called by workers>base @gkaissisCaught ForceObjectDelete called by workers>base @gkaissisCaught ForceObjectDelete called by workers>base @gkaissisCaught ForceObjectDelete called by workers>base @gkaissisCaught ForceObjectDelete called by workers>base @gkaissisCaught ForceObjectDelete called by workers>base @gkaissisCaught ForceObjectDelete called by workers>base @gkaissisCaught ForceObjectDelete called by workers>base @gkaissisCaught ForceObjectDelete called by workers>base @gkaissisCaught ForceObjectDelete called by workers>base @gkaissisCaught ForceObjectDelete called by workers>base @gkaissisCaught ForceObjectDelete called by workers>base @gkaissisCaught ForceObjectDelete called by workers>base @gkaissisCaught ForceObjectDelete called by workers>base @gkaissisCaught ForceObjectDelete called by workers>base @gkaissisCaught ForceObjectDelete called by workers>base @gkaissisCaught ForceObjectDelete called by workers>base @gkaissisCaught ForceObjectDelete called by workers>base @gkaissisCaught ForceObjectDelete called by workers>base @gkaissisCaught ForceObjectDelete called by workers>base @gkaissisCaught ForceObjectDelete called by workers>base @gkaissisCaught ForceObjectDelete called by workers>base @gkaissisCaught ForceObjectDelete called by workers>base @gkaissisCaught ForceObjectDelete called by workers>base @gkaissisCaught ForceObjectDelete called by workers>base @gkaissisCaught ForceObjectDelete called by workers>base @gkaissisCaught ForceObjectDelete called by workers>base @gkaissisCaught ForceObjectDelete called by workers>base @gkaissisCaught ForceObjectDelete called by workers>base @gkaissisCaught ForceObjectDelete called by workers>base @gkaissisCaught ForceObjectDelete called by workers>base @gkaissisCaught ForceObjectDelete called by workers>base @gkaissisCaught ForceObjectDelete called by workers>base @gkaissisCaught ForceObjectDelete called by workers>base @gkaissisCaught ForceObjectDelete called by workers>base @gkaissisCaught ForceObjectDelete called by workers>base @gkaissisCaught ForceObjectDelete called by workers>base @gkaissisCaught ForceObjectDelete called by workers>base @gkaissisCaught ForceObjectDelete called by workers>base @gkaissisCaught ForceObjectDelete called by workers>base @gkaissisCaught ForceObjectDelete called by workers>base @gkaissisCaught ForceObjectDelete called by workers>base @gkaissisCaught ForceObjectDelete called by workers>base @gkaissisCaught ForceObjectDelete called by workers>base @gkaissisCaught ForceObjectDelete called by workers>base @gkaissisCaught ForceObjectDelete called by workers>base @gkaissisCaught ForceObjectDelete called by workers>base @gkaissisCaught ForceObjectDelete called by workers>base @gkaissisCaught ForceObjectDelete called by workers>base @gkaissisCaught ForceObjectDelete called by workers>base @gkaissisCaught ForceObjectDelete called by workers>base @gkaissisCaught ForceObjectDelete called by workers>base @gkaissisCaught ForceObjectDelete called by workers>base @gkaissisCaught ForceObjectDelete called by workers>base @gkaissisCaught ForceObjectDelete called by workers>base @gkaissisCaught ForceObjectDelete called by workers>base @gkaissisCaught ForceObjectDelete called by workers>base @gkaissisCaught ForceObjectDelete called by workers>base @gkaissisCaught ForceObjectDelete called by workers>base @gkaissisCaught ForceObjectDelete called by workers>base @gkaissisCaught ForceObjectDelete called by workers>base @gkaissisCaught ForceObjectDelete called by workers>base @gkaissisCaught ForceObjectDelete called by workers>base @gkaissisCaught ForceObjectDelete called by workers>base @gkaissisCaught ForceObjectDelete called by workers>base @gkaissisCaught ForceObjectDelete called by workers>base @gkaissisCaught ForceObjectDelete called by workers>base @gkaissisCaught ForceObjectDelete called by workers>base @gkaissisCaught ForceObjectDelete called by workers>base @gkaissisCaught ForceObjectDelete called by workers>base @gkaissisCaught ForceObjectDelete called by workers>base @gkaissisCaught ForceObjectDelete called by workers>base @gkaissisCaught ForceObjectDelete called by workers>base @gkaissisCaught ForceObjectDelete called by workers>base @gkaissisCaught ForceObjectDelete called by workers>base @gkaissisCaught ForceObjectDelete called by workers>base @gkaissisCaught ForceObjectDelete called by workers>base @gkaissisCaught ForceObjectDelete called by workers>base @gkaissisCaught ForceObjectDelete called by workers>base @gkaissisCaught ForceObjectDelete called by workers>base @gkaissisCaught ForceObjectDelete called by workers>base @gkaissisCaught ForceObjectDelete called by workers>base @gkaissisCaught ForceObjectDelete called by workers>base @gkaissisCaught ForceObjectDelete called by workers>base @gkaissisCaught ForceObjectDelete called by workers>base @gkaissisCaught ForceObjectDelete called by workers>base @gkaissisCaught ForceObjectDelete called by workers>base @gkaissisCaught ForceObjectDelete called by workers>base @gkaissisCaught ForceObjectDelete called by workers>base @gkaissisCaught ForceObjectDelete called by workers>base @gkaissisCaught ForceObjectDelete called by workers>base @gkaissisCaught ForceObjectDelete called by workers>base @gkaissisCaught ForceObjectDelete called by workers>base @gkaissisCaught ForceObjectDelete called by workers>base @gkaissisCaught ForceObjectDelete called by workers>base @gkaissisCaught ForceObjectDelete called by workers>base @gkaissisCaught ForceObjectDelete called by workers>base @gkaissisCaught ForceObjectDelete called by workers>base @gkaissisCaught ForceObjectDelete called by workers>base @gkaissisCaught ForceObjectDelete called by workers>base @gkaissisCaught ForceObjectDelete called by workers>base @gkaissisCaught ForceObjectDelete called by workers>base @gkaissisCaught ForceObjectDelete called by workers>base @gkaissisCaught ForceObjectDelete called by workers>base @gkaissisCaught ForceObjectDelete called by workers>base @gkaissisCaught ForceObjectDelete called by workers>base @gkaissisCaught ForceObjectDelete called by workers>base @gkaissisCaught ForceObjectDelete called by workers>base @gkaissisCaught ForceObjectDelete called by workers>base @gkaissisCaught ForceObjectDelete called by workers>base @gkaissisCaught ForceObjectDelete called by workers>base @gkaissisCaught ForceObjectDelete called by workers>base @gkaissisCaught ForceObjectDelete called by workers>base @gkaissisCaught ForceObjectDelete called by workers>base @gkaissisCaught ForceObjectDelete called by workers>base @gkaissisCaught ForceObjectDelete called by workers>base @gkaissisCaught ForceObjectDelete called by workers>base @gkaissisCaught ForceObjectDelete called by workers>base @gkaissisCaught ForceObjectDelete called by workers>base @gkaissisCaught ForceObjectDelete called by workers>base @gkaissisCaught ForceObjectDelete called by workers>base @gkaissisCaught ForceObjectDelete called by workers>base @gkaissisCaught ForceObjectDelete called by workers>base @gkaissisCaught ForceObjectDelete called by workers>base @gkaissisCaught ForceObjectDelete called by workers>base @gkaissisCaught ForceObjectDelete called by workers>base @gkaissisCaught ForceObjectDelete called by workers>base @gkaissisCaught ForceObjectDelete called by workers>base @gkaissisCaught ForceObjectDelete called by workers>base @gkaissisCaught ForceObjectDelete called by workers>base @gkaissisCaught ForceObjectDelete called by workers>base @gkaissisCaught ForceObjectDelete called by workers>base @gkaissisCaught ForceObjectDelete called by workers>base @gkaissisCaught ForceObjectDelete called by workers>base @gkaissisCaught ForceObjectDelete called by workers>base @gkaissisCaught ForceObjectDelete called by workers>base @gkaissisCaught ForceObjectDelete called by workers>base @gkaissisCaught ForceObjectDelete called by workers>base @gkaissisCaught ForceObjectDelete called by workers>base @gkaissisCaught ForceObjectDelete called by workers>base @gkaissisCaught ForceObjectDelete called by workers>base @gkaissisCaught ForceObjectDelete called by workers>base @gkaissisCaught ForceObjectDelete called by workers>base @gkaissisCaught ForceObjectDelete called by workers>base @gkaissisCaught ForceObjectDelete called by workers>base @gkaissisCaught ForceObjectDelete called by workers>base @gkaissisCaught ForceObjectDelete called by workers>base @gkaissisCaught ForceObjectDelete called by workers>base @gkaissisCaught ForceObjectDelete called by workers>base @gkaissisCaught ForceObjectDelete called by workers>base @gkaissisCaught ForceObjectDelete called by workers>base @gkaissisCaught ForceObjectDelete called by workers>base @gkaissisCaught ForceObjectDelete called by workers>base @gkaissisCaught ForceObjectDelete called by workers>base @gkaissisCaught ForceObjectDelete called by workers>base @gkaissisCaught ForceObjectDelete called by workers>base @gkaissisCaught ForceObjectDelete called by workers>base @gkaissisCaught ForceObjectDelete called by workers>base @gkaissisCaught ForceObjectDelete called by workers>base @gkaissisCaught ForceObjectDelete called by workers>base @gkaissisCaught ForceObjectDelete called by workers>base @gkaissisCaught ForceObjectDelete called by workers>base @gkaissisCaught ForceObjectDelete called by workers>base @gkaissisCaught ForceObjectDelete called by workers>base @gkaissisCaught ForceObjectDelete called by workers>base @gkaissisCaught ForceObjectDelete called by workers>base @gkaissisCaught ForceObjectDelete called by workers>base @gkaissisCaught ForceObjectDelete called by workers>base @gkaissisCaught ForceObjectDelete called by workers>base @gkaissisCaught ForceObjectDelete called by workers>base @gkaissisCaught ForceObjectDelete called by workers>base @gkaissisCaught ForceObjectDelete called by workers>base @gkaissisCaught ForceObjectDelete called by workers>base @gkaissisCaught ForceObjectDelete called by workers>base @gkaissisCaught ForceObjectDelete called by workers>base @gkaissisCaught ForceObjectDelete called by workers>base @gkaissisCaught ForceObjectDelete called by workers>base @gkaissisCaught ForceObjectDelete called by workers>base @gkaissisCaught ForceObjectDelete called by workers>base @gkaissisCaught ForceObjectDelete called by workers>base @gkaissisCaught ForceObjectDelete called by workers>base @gkaissisCaught ForceObjectDelete called by workers>base @gkaissisCaught ForceObjectDelete called by workers>base @gkaissisCaught ForceObjectDelete called by workers>base @gkaissisCaught ForceObjectDelete called by workers>base @gkaissisCaught ForceObjectDelete called by workers>base @gkaissisCaught ForceObjectDelete called by workers>base @gkaissisCaught ForceObjectDelete called by workers>base @gkaissisCaught ForceObjectDelete called by workers>base @gkaissisCaught ForceObjectDelete called by workers>base @gkaissisCaught ForceObjectDelete called by workers>base @gkaissisCaught ForceObjectDelete called by workers>base @gkaissisCaught ForceObjectDelete called by workers>base @gkaissisCaught ForceObjectDelete called by workers>base @gkaissisCaught ForceObjectDelete called by workers>base @gkaissisCaught ForceObjectDelete called by workers>base @gkaissisCaught ForceObjectDelete called by workers>base @gkaissisCaught ForceObjectDelete called by workers>base @gkaissisCaught ForceObjectDelete called by workers>base @gkaissisCaught ForceObjectDelete called by workers>base @gkaissisCaught ForceObjectDelete called by workers>base @gkaissisCaught ForceObjectDelete called by workers>base @gkaissisCaught ForceObjectDelete called by workers>base @gkaissisCaught ForceObjectDelete called by workers>base @gkaissisCaught ForceObjectDelete called by workers>base @gkaissisCaught ForceObjectDelete called by workers>base @gkaissisCaught ForceObjectDelete called by workers>base @gkaissisCaught ForceObjectDelete called by workers>base @gkaissisCaught ForceObjectDelete called by workers>base @gkaissisCaught ForceObjectDelete called by workers>base @gkaissisCaught ForceObjectDelete called by workers>base @gkaissisCaught ForceObjectDelete called by workers>base @gkaissisCaught ForceObjectDelete called by workers>base @gkaissisCaught ForceObjectDelete called by workers>base @gkaissisCaught ForceObjectDelete called by workers>base @gkaissisCaught ForceObjectDelete called by workers>base @gkaissisCaught ForceObjectDelete called by workers>base @gkaissisCaught ForceObjectDelete called by workers>base @gkaissisCaught ForceObjectDelete called by workers>base @gkaissisCaught ForceObjectDelete called by workers>base @gkaissisCaught ForceObjectDelete called by workers>base @gkaissisCaught ForceObjectDelete called by workers>base @gkaissisCaught ForceObjectDelete called by workers>base @gkaissisCaught ForceObjectDelete called by workers>base @gkaissisCaught ForceObjectDelete called by workers>base @gkaissisCaught ForceObjectDelete called by workers>base @gkaissisCaught ForceObjectDelete called by workers>base @gkaissisCaught ForceObjectDelete called by workers>base @gkaissisCaught ForceObjectDelete called by workers>base @gkaissisCaught ForceObjectDelete called by workers>base @gkaissisCaught ForceObjectDelete called by workers>base @gkaissisCaught ForceObjectDelete called by workers>base @gkaissisCaught ForceObjectDelete called by workers>base @gkaissisCaught ForceObjectDelete called by workers>base @gkaissisCaught ForceObjectDelete called by workers>base @gkaissisCaught ForceObjectDelete called by workers>base @gkaissisCaught ForceObjectDelete called by workers>base @gkaissisCaught ForceObjectDelete called by workers>base @gkaissisCaught ForceObjectDelete called by workers>base @gkaissisCaught ForceObjectDelete called by workers>base @gkaissisCaught ForceObjectDelete called by workers>base @gkaissisCaught ForceObjectDelete called by workers>base @gkaissisCaught ForceObjectDelete called by workers>base @gkaissisCaught ForceObjectDelete called by workers>base @gkaissisCaught ForceObjectDelete called by workers>base @gkaissisCaught ForceObjectDelete called by workers>base @gkaissisCaught ForceObjectDelete called by workers>base @gkaissisCaught ForceObjectDelete called by workers>base @gkaissisCaught ForceObjectDelete called by workers>base @gkaissisCaught ForceObjectDelete called by workers>base @gkaissisCaught ForceObjectDelete called by workers>base @gkaissisCaught ForceObjectDelete called by workers>base @gkaissisCaught ForceObjectDelete called by workers>base @gkaissisCaught ForceObjectDelete called by workers>base @gkaissisCaught ForceObjectDelete called by workers>base @gkaissisCaught ForceObjectDelete called by workers>base @gkaissisCaught ForceObjectDelete called by workers>base @gkaissisCaught ForceObjectDelete called by workers>base @gkaissisCaught ForceObjectDelete called by workers>base @gkaissisCaught ForceObjectDelete called by workers>base @gkaissisCaught ForceObjectDelete called by workers>base @gkaissisCaught ForceObjectDelete called by workers>base @gkaissisCaught ForceObjectDelete called by workers>base @gkaissisCaught ForceObjectDelete called by workers>base @gkaissisCaught ForceObjectDelete called by workers>base @gkaissisCaught ForceObjectDelete called by workers>base @gkaissisCaught ForceObjectDelete called by workers>base @gkaissisCaught ForceObjectDelete called by workers>base @gkaissisCaught ForceObjectDelete called by workers>base @gkaissisCaught ForceObjectDelete called by workers>base @gkaissisCaught ForceObjectDelete called by workers>base @gkaissisCaught ForceObjectDelete called by workers>base @gkaissisCaught ForceObjectDelete called by workers>base @gkaissisCaught ForceObjectDelete called by workers>base @gkaissisCaught ForceObjectDelete called by workers>base @gkaissisCaught ForceObjectDelete called by workers>base @gkaissisCaught ForceObjectDelete called by workers>base @gkaissisCaught ForceObjectDelete called by workers>base @gkaissisCaught ForceObjectDelete called by workers>base @gkaissisCaught ForceObjectDelete called by workers>base @gkaissisCaught ForceObjectDelete called by workers>base @gkaissisCaught ForceObjectDelete called by workers>base @gkaissisCaught ForceObjectDelete called by workers>base @gkaissisCaught ForceObjectDelete called by workers>base @gkaissisCaught ForceObjectDelete called by workers>base @gkaissisCaught ForceObjectDelete called by workers>base @gkaissisCaught ForceObjectDelete called by workers>base @gkaissisCaught ForceObjectDelete called by workers>base @gkaissisCaught ForceObjectDelete called by workers>base @gkaissisCaught ForceObjectDelete called by workers>base @gkaissisCaught ForceObjectDelete called by workers>base @gkaissisCaught ForceObjectDelete called by workers>base @gkaissisCaught ForceObjectDelete called by workers>base @gkaissisCaught ForceObjectDelete called by workers>base @gkaissisCaught ForceObjectDelete called by workers>base @gkaissisCaught ForceObjectDelete called by workers>base @gkaissisCaught ForceObjectDelete called by workers>base @gkaissisCaught ForceObjectDelete called by workers>base @gkaissisCaught ForceObjectDelete called by workers>base @gkaissisCaught ForceObjectDelete called by workers>base @gkaissisCaught ForceObjectDelete called by workers>base @gkaissisCaught ForceObjectDelete called by workers>base @gkaissisCaught ForceObjectDelete called by workers>base @gkaissisCaught ForceObjectDelete called by workers>base @gkaissisCaught ForceObjectDelete called by workers>base @gkaissisCaught ForceObjectDelete called by workers>base @gkaissisCaught ForceObjectDelete called by workers>base @gkaissisCaught ForceObjectDelete called by workers>base @gkaissisCaught ForceObjectDelete called by workers>base @gkaissisCaught ForceObjectDelete called by workers>base @gkaissisCaught ForceObjectDelete called by workers>base @gkaissisCaught ForceObjectDelete called by workers>base @gkaissisCaught ForceObjectDelete called by workers>base @gkaissisCaught ForceObjectDelete called by workers>base @gkaissisCaught ForceObjectDelete called by workers>base @gkaissisCaught ForceObjectDelete called by workers>base @gkaissisCaught ForceObjectDelete called by workers>base @gkaissisCaught ForceObjectDelete called by workers>base @gkaissisCaught ForceObjectDelete called by workers>base @gkaissisCaught ForceObjectDelete called by workers>base @gkaissisCaught ForceObjectDelete called by workers>base @gkaissisCaught ForceObjectDelete called by workers>base @gkaissisCaught ForceObjectDelete called by workers>base @gkaissisCaught ForceObjectDelete called by workers>base @gkaissisCaught ForceObjectDelete called by workers>base @gkaissisCaught ForceObjectDelete called by workers>base @gkaissisCaught ForceObjectDelete called by workers>base @gkaissisCaught ForceObjectDelete called by workers>base @gkaissisCaught ForceObjectDelete called by workers>base @gkaissisCaught ForceObjectDelete called by workers>base @gkaissisCaught ForceObjectDelete called by workers>base @gkaissisCaught ForceObjectDelete called by workers>base @gkaissisCaught ForceObjectDelete called by workers>base @gkaissisCaught ForceObjectDelete called by workers>base @gkaissisCaught ForceObjectDelete called by workers>base @gkaissisCaught ForceObjectDelete called by workers>base @gkaissisCaught ForceObjectDelete called by workers>base @gkaissisCaught ForceObjectDelete called by workers>base @gkaissisCaught ForceObjectDelete called by workers>base @gkaissisCaught ForceObjectDelete called by workers>base @gkaissisCaught ForceObjectDelete called by workers>base @gkaissisCaught ForceObjectDelete called by workers>base @gkaissisCaught ForceObjectDelete called by workers>base @gkaissisCaught ForceObjectDelete called by workers>base @gkaissisCaught ForceObjectDelete called by workers>base @gkaissisCaught ForceObjectDelete called by workers>base @gkaissisCaught ForceObjectDelete called by workers>base @gkaissisCaught ForceObjectDelete called by workers>base @gkaissisCaught ForceObjectDelete called by workers>base @gkaissisCaught ForceObjectDelete called by workers>base @gkaissisCaught ForceObjectDelete called by workers>base @gkaissisCaught ForceObjectDelete called by workers>base @gkaissisCaught ForceObjectDelete called by workers>base @gkaissisCaught ForceObjectDelete called by workers>base @gkaissisCaught ForceObjectDelete called by workers>base @gkaissisCaught ForceObjectDelete called by workers>base @gkaissisCaught ForceObjectDelete called by workers>base @gkaissisCaught ForceObjectDelete called by workers>base @gkaissisCaught ForceObjectDelete called by workers>base @gkaissisCaught ForceObjectDelete called by workers>base @gkaissisCaught ForceObjectDelete called by workers>base @gkaissisCaught ForceObjectDelete called by workers>base @gkaissisCaught ForceObjectDelete called by workers>base @gkaissisCaught ForceObjectDelete called by workers>base @gkaissisCaught ForceObjectDelete called by workers>base @gkaissisCaught ForceObjectDelete called by workers>base @gkaissisCaught ForceObjectDelete called by workers>base @gkaissisCaught ForceObjectDelete called by workers>base @gkaissisCaught ForceObjectDelete called by workers>base @gkaissisCaught ForceObjectDelete called by workers>base @gkaissisCaught ForceObjectDelete called by workers>base @gkaissisCaught ForceObjectDelete called by workers>base @gkaissisCaught ForceObjectDelete called by workers>base @gkaissisCaught ForceObjectDelete called by workers>base @gkaissisCaught ForceObjectDelete called by workers>base @gkaissisCaught ForceObjectDelete called by workers>base @gkaissisCaught ForceObjectDelete called by workers>base @gkaissisCaught ForceObjectDelete called by workers>base @gkaissisCaught ForceObjectDelete called by workers>base @gkaissisCaught ForceObjectDelete called by workers>base @gkaissisCaught ForceObjectDelete called by workers>base @gkaissisCaught ForceObjectDelete called by workers>base @gkaissisCaught ForceObjectDelete called by workers>base @gkaissisCaught ForceObjectDelete called by workers>base @gkaissisCaught ForceObjectDelete called by workers>base @gkaissisCaught ForceObjectDelete called by workers>base @gkaissisCaught ForceObjectDelete called by workers>base @gkaissisCaught ForceObjectDelete called by workers>base @gkaissisCaught ForceObjectDelete called by workers>base @gkaissisCaught ForceObjectDelete called by workers>base @gkaissisCaught ForceObjectDelete called by workers>base @gkaissisCaught ForceObjectDelete called by workers>base @gkaissisCaught ForceObjectDelete called by workers>base @gkaissisCaught ForceObjectDelete called by workers>base @gkaissisCaught ForceObjectDelete called by workers>base @gkaissisCaught ForceObjectDelete called by workers>base @gkaissisCaught ForceObjectDelete called by workers>base @gkaissisCaught ForceObjectDelete called by workers>base @gkaissisCaught ForceObjectDelete called by workers>base @gkaissisCaught ForceObjectDelete called by workers>base @gkaissisCaught ForceObjectDelete called by workers>base @gkaissisCaught ForceObjectDelete called by workers>base @gkaissisCaught ForceObjectDelete called by workers>base @gkaissisCaught ForceObjectDelete called by workers>base @gkaissisCaught ForceObjectDelete called by workers>base @gkaissisCaught ForceObjectDelete called by workers>base @gkaissisCaught ForceObjectDelete called by workers>base @gkaissisCaught ForceObjectDelete called by workers>base @gkaissisCaught ForceObjectDelete called by workers>base @gkaissisCaught ForceObjectDelete called by workers>base @gkaissisCaught ForceObjectDelete called by workers>base @gkaissisCaught ForceObjectDelete called by workers>base @gkaissisCaught ForceObjectDelete called by workers>base @gkaissisCaught ForceObjectDelete called by workers>base @gkaissisCaught ForceObjectDelete called by workers>base @gkaissisCaught ForceObjectDelete called by workers>base @gkaissisCaught ForceObjectDelete called by workers>base @gkaissisCaught ForceObjectDelete called by workers>base @gkaissisCaught ForceObjectDelete called by workers>base @gkaissisCaught ForceObjectDelete called by workers>base @gkaissisCaught ForceObjectDelete called by workers>base @gkaissisCaught ForceObjectDelete called by workers>base @gkaissisCaught ForceObjectDelete called by workers>base @gkaissisCaught ForceObjectDelete called by workers>base @gkaissisCaught ForceObjectDelete called by workers>base @gkaissisCaught ForceObjectDelete called by workers>base @gkaissisCaught ForceObjectDelete called by workers>base @gkaissisCaught ForceObjectDelete called by workers>base @gkaissisCaught ForceObjectDelete called by workers>base @gkaissisCaught ForceObjectDelete called by workers>base @gkaissisCaught ForceObjectDelete called by workers>base @gkaissisCaught ForceObjectDelete called by workers>base @gkaissisCaught ForceObjectDelete called by workers>base @gkaissisCaught ForceObjectDelete called by workers>base @gkaissisCaught ForceObjectDelete called by workers>base @gkaissisCaught ForceObjectDelete called by workers>base @gkaissisCaught ForceObjectDelete called by workers>base @gkaissisCaught ForceObjectDelete called by workers>base @gkaissisCaught ForceObjectDelete called by workers>base @gkaissisde_register_obj called by generic>pointers>object_pointer @gkaissis
Train batch 0:  67%|██████▋   | 2/3 [00:04<00:02,  2.24s/it]Caught ForceObjectDelete called by workers>base @gkaissisCaught ForceObjectDelete called by workers>base @gkaissisCaught ForceObjectDelete called by workers>base @gkaissisCaught ForceObjectDelete called by workers>base @gkaissisCaught ForceObjectDelete called by workers>base @gkaissisCaught ForceObjectDelete called by workers>base @gkaissisCaught ForceObjectDelete called by workers>base @gkaissisCaught ForceObjectDelete called by workers>base @gkaissisCaught ForceObjectDelete called by workers>base @gkaissisCaught ForceObjectDelete called by workers>base @gkaissisCaught ForceObjectDelete called by workers>base @gkaissisCaught ForceObjectDelete called by workers>base @gkaissisCaught ForceObjectDelete called by workers>base @gkaissisCaught ForceObjectDelete called by workers>base @gkaissisCaught ForceObjectDelete called by workers>base @gkaissisCaught ForceObjectDelete called by workers>base @gkaissisCaught ForceObjectDelete called by workers>base @gkaissisCaught ForceObjectDelete called by workers>base @gkaissisCaught ForceObjectDelete called by workers>base @gkaissisCaught ForceObjectDelete called by workers>base @gkaissisCaught ForceObjectDelete called by workers>base @gkaissisCaught ForceObjectDelete called by workers>base @gkaissisCaught ForceObjectDelete called by workers>base @gkaissisCaught ForceObjectDelete called by workers>base @gkaissisCaught ForceObjectDelete called by workers>base @gkaissisCaught ForceObjectDelete called by workers>base @gkaissisCaught ForceObjectDelete called by workers>base @gkaissisCaught ForceObjectDelete called by workers>base @gkaissisCaught ForceObjectDelete called by workers>base @gkaissisCaught ForceObjectDelete called by workers>base @gkaissisCaught ForceObjectDelete called by workers>base @gkaissisCaught ForceObjectDelete called by workers>base @gkaissisCaught ForceObjectDelete called by workers>base @gkaissisCaught ForceObjectDelete called by workers>base @gkaissisCaught ForceObjectDelete called by workers>base @gkaissisCaught ForceObjectDelete called by workers>base @gkaissisCaught ForceObjectDelete called by workers>base @gkaissisCaught ForceObjectDelete called by workers>base @gkaissisCaught ForceObjectDelete called by workers>base @gkaissisCaught ForceObjectDelete called by workers>base @gkaissisCaught ForceObjectDelete called by workers>base @gkaissisCaught ForceObjectDelete called by workers>base @gkaissisCaught ForceObjectDelete called by workers>base @gkaissisCaught ForceObjectDelete called by workers>base @gkaissisCaught ForceObjectDelete called by workers>base @gkaissisCaught ForceObjectDelete called by workers>base @gkaissisCaught ForceObjectDelete called by workers>base @gkaissisCaught ForceObjectDelete called by workers>base @gkaissisCaught ForceObjectDelete called by workers>base @gkaissisCaught ForceObjectDelete called by workers>base @gkaissisCaught ForceObjectDelete called by workers>base @gkaissisCaught ForceObjectDelete called by workers>base @gkaissisCaught ForceObjectDelete called by workers>base @gkaissisCaught ForceObjectDelete called by workers>base @gkaissisCaught ForceObjectDelete called by workers>base @gkaissisCaught ForceObjectDelete called by workers>base @gkaissisCaught ForceObjectDelete called by workers>base @gkaissisCaught ForceObjectDelete called by workers>base @gkaissisCaught ForceObjectDelete called by workers>base @gkaissisCaught ForceObjectDelete called by workers>base @gkaissisCaught ForceObjectDelete called by workers>base @gkaissisCaught ForceObjectDelete called by workers>base @gkaissisCaught ForceObjectDelete called by workers>base @gkaissisCaught ForceObjectDelete called by workers>base @gkaissisCaught ForceObjectDelete called by workers>base @gkaissisCaught ForceObjectDelete called by workers>base @gkaissisCaught ForceObjectDelete called by workers>base @gkaissisCaught ForceObjectDelete called by workers>base @gkaissisCaught ForceObjectDelete called by workers>base @gkaissisCaught ForceObjectDelete called by workers>base @gkaissisCaught ForceObjectDelete called by workers>base @gkaissisCaught ForceObjectDelete called by workers>base @gkaissisCaught ForceObjectDelete called by workers>base @gkaissisCaught ForceObjectDelete called by workers>base @gkaissisCaught ForceObjectDelete called by workers>base @gkaissisCaught ForceObjectDelete called by workers>base @gkaissisCaught ForceObjectDelete called by workers>base @gkaissisCaught ForceObjectDelete called by workers>base @gkaissisCaught ForceObjectDelete called by workers>base @gkaissisCaught ForceObjectDelete called by workers>base @gkaissisCaught ForceObjectDelete called by workers>base @gkaissisCaught ForceObjectDelete called by workers>base @gkaissisCaught ForceObjectDelete called by workers>base @gkaissisCaught ForceObjectDelete called by workers>base @gkaissisCaught ForceObjectDelete called by workers>base @gkaissisCaught ForceObjectDelete called by workers>base @gkaissisCaught ForceObjectDelete called by workers>base @gkaissisCaught ForceObjectDelete called by workers>base @gkaissisCaught ForceObjectDelete called by workers>base @gkaissisCaught ForceObjectDelete called by workers>base @gkaissisCaught ForceObjectDelete called by workers>base @gkaissisCaught ForceObjectDelete called by workers>base @gkaissisCaught ForceObjectDelete called by workers>base @gkaissisCaught ForceObjectDelete called by workers>base @gkaissisCaught ForceObjectDelete called by workers>base @gkaissisCaught ForceObjectDelete called by workers>base @gkaissisCaught ForceObjectDelete called by workers>base @gkaissisCaught ForceObjectDelete called by workers>base @gkaissisCaught ForceObjectDelete called by workers>base @gkaissisCaught ForceObjectDelete called by workers>base @gkaissisCaught ForceObjectDelete called by workers>base @gkaissisCaught ForceObjectDelete called by workers>base @gkaissisCaught ForceObjectDelete called by workers>base @gkaissisCaught ForceObjectDelete called by workers>base @gkaissisCaught ForceObjectDelete called by workers>base @gkaissisCaught ForceObjectDelete called by workers>base @gkaissisCaught ForceObjectDelete called by workers>base @gkaissisCaught ForceObjectDelete called by workers>base @gkaissisCaught ForceObjectDelete called by workers>base @gkaissisCaught ForceObjectDelete called by workers>base @gkaissisCaught ForceObjectDelete called by workers>base @gkaissisCaught ForceObjectDelete called by workers>base @gkaissisCaught ForceObjectDelete called by workers>base @gkaissisCaught ForceObjectDelete called by workers>base @gkaissisCaught ForceObjectDelete called by workers>base @gkaissisCaught ForceObjectDelete called by workers>base @gkaissisCaught ForceObjectDelete called by workers>base @gkaissisCaught ForceObjectDelete called by workers>base @gkaissisCaught ForceObjectDelete called by workers>base @gkaissisCaught ForceObjectDelete called by workers>base @gkaissisCaught ForceObjectDelete called by workers>base @gkaissisCaught ForceObjectDelete called by workers>base @gkaissisCaught ForceObjectDelete called by workers>base @gkaissisCaught ForceObjectDelete called by workers>base @gkaissisCaught ForceObjectDelete called by workers>base @gkaissisCaught ForceObjectDelete called by workers>base @gkaissisCaught ForceObjectDelete called by workers>base @gkaissisCaught ForceObjectDelete called by workers>base @gkaissisCaught ForceObjectDelete called by workers>base @gkaissisCaught ForceObjectDelete called by workers>base @gkaissisCaught ForceObjectDelete called by workers>base @gkaissisCaught ForceObjectDelete called by workers>base @gkaissisCaught ForceObjectDelete called by workers>base @gkaissisCaught ForceObjectDelete called by workers>base @gkaissisCaught ForceObjectDelete called by workers>base @gkaissisCaught ForceObjectDelete called by workers>base @gkaissisCaught ForceObjectDelete called by workers>base @gkaissisCaught ForceObjectDelete called by workers>base @gkaissisCaught ForceObjectDelete called by workers>base @gkaissisCaught ForceObjectDelete called by workers>base @gkaissisCaught ForceObjectDelete called by workers>base @gkaissisCaught ForceObjectDelete called by workers>base @gkaissisCaught ForceObjectDelete called by workers>base @gkaissisCaught ForceObjectDelete called by workers>base @gkaissisCaught ForceObjectDelete called by workers>base @gkaissisCaught ForceObjectDelete called by workers>base @gkaissisCaught ForceObjectDelete called by workers>base @gkaissisCaught ForceObjectDelete called by workers>base @gkaissisCaught ForceObjectDelete called by workers>base @gkaissisCaught ForceObjectDelete called by workers>base @gkaissisCaught ForceObjectDelete called by workers>base @gkaissisCaught ForceObjectDelete called by workers>base @gkaissisCaught ForceObjectDelete called by workers>base @gkaissisCaught ForceObjectDelete called by workers>base @gkaissisCaught ForceObjectDelete called by workers>base @gkaissisCaught ForceObjectDelete called by workers>base @gkaissisCaught ForceObjectDelete called by workers>base @gkaissisCaught ForceObjectDelete called by workers>base @gkaissisCaught ForceObjectDelete called by workers>base @gkaissisCaught ForceObjectDelete called by workers>base @gkaissisCaught ForceObjectDelete called by workers>base @gkaissisCaught ForceObjectDelete called by workers>base @gkaissisCaught ForceObjectDelete called by workers>base @gkaissisCaught ForceObjectDelete called by workers>base @gkaissisCaught ForceObjectDelete called by workers>base @gkaissisCaught ForceObjectDelete called by workers>base @gkaissisCaught ForceObjectDelete called by workers>base @gkaissisCaught ForceObjectDelete called by workers>base @gkaissisCaught ForceObjectDelete called by workers>base @gkaissisCaught ForceObjectDelete called by workers>base @gkaissisCaught ForceObjectDelete called by workers>base @gkaissisCaught ForceObjectDelete called by workers>base @gkaissisCaught ForceObjectDelete called by workers>base @gkaissisCaught ForceObjectDelete called by workers>base @gkaissisCaught ForceObjectDelete called by workers>base @gkaissisCaught ForceObjectDelete called by workers>base @gkaissisCaught ForceObjectDelete called by workers>base @gkaissisCaught ForceObjectDelete called by workers>base @gkaissisCaught ForceObjectDelete called by workers>base @gkaissisCaught ForceObjectDelete called by workers>base @gkaissisCaught ForceObjectDelete called by workers>base @gkaissisCaught ForceObjectDelete called by workers>base @gkaissisCaught ForceObjectDelete called by workers>base @gkaissisCaught ForceObjectDelete called by workers>base @gkaissisCaught ForceObjectDelete called by workers>base @gkaissisCaught ForceObjectDelete called by workers>base @gkaissisCaught ForceObjectDelete called by workers>base @gkaissisCaught ForceObjectDelete called by workers>base @gkaissisCaught ForceObjectDelete called by workers>base @gkaissisCaught ForceObjectDelete called by workers>base @gkaissisCaught ForceObjectDelete called by workers>base @gkaissisCaught ForceObjectDelete called by workers>base @gkaissisCaught ForceObjectDelete called by workers>base @gkaissisCaught ForceObjectDelete called by workers>base @gkaissisCaught ForceObjectDelete called by workers>base @gkaissisCaught ForceObjectDelete called by workers>base @gkaissisCaught ForceObjectDelete called by workers>base @gkaissisCaught ForceObjectDelete called by workers>base @gkaissisCaught ForceObjectDelete called by workers>base @gkaissisCaught ForceObjectDelete called by workers>base @gkaissisCaught ForceObjectDelete called by workers>base @gkaissisCaught ForceObjectDelete called by workers>base @gkaissisCaught ForceObjectDelete called by workers>base @gkaissisCaught ForceObjectDelete called by workers>base @gkaissisCaught ForceObjectDelete called by workers>base @gkaissisCaught ForceObjectDelete called by workers>base @gkaissisCaught ForceObjectDelete called by workers>base @gkaissisCaught ForceObjectDelete called by workers>base @gkaissisCaught ForceObjectDelete called by workers>base @gkaissisCaught ForceObjectDelete called by workers>base @gkaissisCaught ForceObjectDelete called by workers>base @gkaissisCaught ForceObjectDelete called by workers>base @gkaissisCaught ForceObjectDelete called by workers>base @gkaissisCaught ForceObjectDelete called by workers>base @gkaissisCaught ForceObjectDelete called by workers>base @gkaissisCaught ForceObjectDelete called by workers>base @gkaissisCaught ForceObjectDelete called by workers>base @gkaissisCaught ForceObjectDelete called by workers>base @gkaissisCaught ForceObjectDelete called by workers>base @gkaissisCaught ForceObjectDelete called by workers>base @gkaissisCaught ForceObjectDelete called by workers>base @gkaissisCaught ForceObjectDelete called by workers>base @gkaissisCaught ForceObjectDelete called by workers>base @gkaissisCaught ForceObjectDelete called by workers>base @gkaissisCaught ForceObjectDelete called by workers>base @gkaissisCaught ForceObjectDelete called by workers>base @gkaissisCaught ForceObjectDelete called by workers>base @gkaissisCaught ForceObjectDelete called by workers>base @gkaissisCaught ForceObjectDelete called by workers>base @gkaissisCaught ForceObjectDelete called by workers>base @gkaissisCaught ForceObjectDelete called by workers>base @gkaissisCaught ForceObjectDelete called by workers>base @gkaissisCaught ForceObjectDelete called by workers>base @gkaissisCaught ForceObjectDelete called by workers>base @gkaissisCaught ForceObjectDelete called by workers>base @gkaissisCaught ForceObjectDelete called by workers>base @gkaissisCaught ForceObjectDelete called by workers>base @gkaissisCaught ForceObjectDelete called by workers>base @gkaissisCaught ForceObjectDelete called by workers>base @gkaissisCaught ForceObjectDelete called by workers>base @gkaissisCaught ForceObjectDelete called by workers>base @gkaissisCaught ForceObjectDelete called by workers>base @gkaissisCaught ForceObjectDelete called by workers>base @gkaissisCaught ForceObjectDelete called by workers>base @gkaissisCaught ForceObjectDelete called by workers>base @gkaissisCaught ForceObjectDelete called by workers>base @gkaissisCaught ForceObjectDelete called by workers>base @gkaissisCaught ForceObjectDelete called by workers>base @gkaissisCaught ForceObjectDelete called by workers>base @gkaissisCaught ForceObjectDelete called by workers>base @gkaissisCaught ForceObjectDelete called by workers>base @gkaissisCaught ForceObjectDelete called by workers>base @gkaissisCaught ForceObjectDelete called by workers>base @gkaissisCaught ForceObjectDelete called by workers>base @gkaissisCaught ForceObjectDelete called by workers>base @gkaissisCaught ForceObjectDelete called by workers>base @gkaissisCaught ForceObjectDelete called by workers>base @gkaissisCaught ForceObjectDelete called by workers>base @gkaissisCaught ForceObjectDelete called by workers>base @gkaissisCaught ForceObjectDelete called by workers>base @gkaissisCaught ForceObjectDelete called by workers>base @gkaissisCaught ForceObjectDelete called by workers>base @gkaissisCaught ForceObjectDelete called by workers>base @gkaissisCaught ForceObjectDelete called by workers>base @gkaissisCaught ForceObjectDelete called by workers>base @gkaissisCaught ForceObjectDelete called by workers>base @gkaissisCaught ForceObjectDelete called by workers>base @gkaissisCaught ForceObjectDelete called by workers>base @gkaissisCaught ForceObjectDelete called by workers>base @gkaissisCaught ForceObjectDelete called by workers>base @gkaissisCaught ForceObjectDelete called by workers>base @gkaissisCaught ForceObjectDelete called by workers>base @gkaissisCaught ForceObjectDelete called by workers>base @gkaissisCaught ForceObjectDelete called by workers>base @gkaissisCaught ForceObjectDelete called by workers>base @gkaissisCaught ForceObjectDelete called by workers>base @gkaissisCaught ForceObjectDelete called by workers>base @gkaissisCaught ForceObjectDelete called by workers>base @gkaissisCaught ForceObjectDelete called by workers>base @gkaissisCaught ForceObjectDelete called by workers>base @gkaissisCaught ForceObjectDelete called by workers>base @gkaissisCaught ForceObjectDelete called by workers>base @gkaissisCaught ForceObjectDelete called by workers>base @gkaissisCaught ForceObjectDelete called by workers>base @gkaissisCaught ForceObjectDelete called by workers>base @gkaissisCaught ForceObjectDelete called by workers>base @gkaissisCaught ForceObjectDelete called by workers>base @gkaissisCaught ForceObjectDelete called by workers>base @gkaissisCaught ForceObjectDelete called by workers>base @gkaissisCaught ForceObjectDelete called by workers>base @gkaissisCaught ForceObjectDelete called by workers>base @gkaissisCaught ForceObjectDelete called by workers>base @gkaissisCaught ForceObjectDelete called by workers>base @gkaissisCaught ForceObjectDelete called by workers>base @gkaissisCaught ForceObjectDelete called by workers>base @gkaissisCaught ForceObjectDelete called by workers>base @gkaissisCaught ForceObjectDelete called by workers>base @gkaissisCaught ForceObjectDelete called by workers>base @gkaissisCaught ForceObjectDelete called by workers>base @gkaissisCaught ForceObjectDelete called by workers>base @gkaissisCaught ForceObjectDelete called by workers>base @gkaissisCaught ForceObjectDelete called by workers>base @gkaissisCaught ForceObjectDelete called by workers>base @gkaissisCaught ForceObjectDelete called by workers>base @gkaissisCaught ForceObjectDelete called by workers>base @gkaissisCaught ForceObjectDelete called by workers>base @gkaissisCaught ForceObjectDelete called by workers>base @gkaissisCaught ForceObjectDelete called by workers>base @gkaissisCaught ForceObjectDelete called by workers>base @gkaissisCaught ForceObjectDelete called by workers>base @gkaissisCaught ForceObjectDelete called by workers>base @gkaissisCaught ForceObjectDelete called by workers>base @gkaissisCaught ForceObjectDelete called by workers>base @gkaissisCaught ForceObjectDelete called by workers>base @gkaissisCaught ForceObjectDelete called by workers>base @gkaissisCaught ForceObjectDelete called by workers>base @gkaissisCaught ForceObjectDelete called by workers>base @gkaissisCaught ForceObjectDelete called by workers>base @gkaissisCaught ForceObjectDelete called by workers>base @gkaissisCaught ForceObjectDelete called by workers>base @gkaissisCaught ForceObjectDelete called by workers>base @gkaissisCaught ForceObjectDelete called by workers>base @gkaissisCaught ForceObjectDelete called by workers>base @gkaissisCaught ForceObjectDelete called by workers>base @gkaissisCaught ForceObjectDelete called by workers>base @gkaissisCaught ForceObjectDelete called by workers>base @gkaissisCaught ForceObjectDelete called by workers>base @gkaissisCaught ForceObjectDelete called by workers>base @gkaissisCaught ForceObjectDelete called by workers>base @gkaissisCaught ForceObjectDelete called by workers>base @gkaissisCaught ForceObjectDelete called by workers>base @gkaissisCaught ForceObjectDelete called by workers>base @gkaissisCaught ForceObjectDelete called by workers>base @gkaissisCaught ForceObjectDelete called by workers>base @gkaissisCaught ForceObjectDelete called by workers>base @gkaissisCaught ForceObjectDelete called by workers>base @gkaissisCaught ForceObjectDelete called by workers>base @gkaissisCaught ForceObjectDelete called by workers>base @gkaissisCaught ForceObjectDelete called by workers>base @gkaissisCaught ForceObjectDelete called by workers>base @gkaissisCaught ForceObjectDelete called by workers>base @gkaissisCaught ForceObjectDelete called by workers>base @gkaissisCaught ForceObjectDelete called by workers>base @gkaissisCaught ForceObjectDelete called by workers>base @gkaissisCaught ForceObjectDelete called by workers>base @gkaissisCaught ForceObjectDelete called by workers>base @gkaissisCaught ForceObjectDelete called by workers>base @gkaissisCaught ForceObjectDelete called by workers>base @gkaissisCaught ForceObjectDelete called by workers>base @gkaissisCaught ForceObjectDelete called by workers>base @gkaissisCaught ForceObjectDelete called by workers>base @gkaissisCaught ForceObjectDelete called by workers>base @gkaissisCaught ForceObjectDelete called by workers>base @gkaissisCaught ForceObjectDelete called by workers>base @gkaissisCaught ForceObjectDelete called by workers>base @gkaissisCaught ForceObjectDelete called by workers>base @gkaissisCaught ForceObjectDelete called by workers>base @gkaissisCaught ForceObjectDelete called by workers>base @gkaissisCaught ForceObjectDelete called by workers>base @gkaissisCaught ForceObjectDelete called by workers>base @gkaissisCaught ForceObjectDelete called by workers>base @gkaissisCaught ForceObjectDelete called by workers>base @gkaissisCaught ForceObjectDelete called by workers>base @gkaissisCaught ForceObjectDelete called by workers>base @gkaissisCaught ForceObjectDelete called by workers>base @gkaissisCaught ForceObjectDelete called by workers>base @gkaissisCaught ForceObjectDelete called by workers>base @gkaissisCaught ForceObjectDelete called by workers>base @gkaissisCaught ForceObjectDelete called by workers>base @gkaissisCaught ForceObjectDelete called by workers>base @gkaissisCaught ForceObjectDelete called by workers>base @gkaissisCaught ForceObjectDelete called by workers>base @gkaissisCaught ForceObjectDelete called by workers>base @gkaissisCaught ForceObjectDelete called by workers>base @gkaissisCaught ForceObjectDelete called by workers>base @gkaissisCaught ForceObjectDelete called by workers>base @gkaissisCaught ForceObjectDelete called by workers>base @gkaissisCaught ForceObjectDelete called by workers>base @gkaissisCaught ForceObjectDelete called by workers>base @gkaissisCaught ForceObjectDelete called by workers>base @gkaissisCaught ForceObjectDelete called by workers>base @gkaissisCaught ForceObjectDelete called by workers>base @gkaissisCaught ForceObjectDelete called by workers>base @gkaissisCaught ForceObjectDelete called by workers>base @gkaissisCaught ForceObjectDelete called by workers>base @gkaissisCaught ForceObjectDelete called by workers>base @gkaissisCaught ForceObjectDelete called by workers>base @gkaissisCaught ForceObjectDelete called by workers>base @gkaissisCaught ForceObjectDelete called by workers>base @gkaissisCaught ForceObjectDelete called by workers>base @gkaissisCaught ForceObjectDelete called by workers>base @gkaissisCaught ForceObjectDelete called by workers>base @gkaissisCaught ForceObjectDelete called by workers>base @gkaissisCaught ForceObjectDelete called by workers>base @gkaissisCaught ForceObjectDelete called by workers>base @gkaissisCaught ForceObjectDelete called by workers>base @gkaissisCaught ForceObjectDelete called by workers>base @gkaissisCaught ForceObjectDelete called by workers>base @gkaissisCaught ForceObjectDelete called by workers>base @gkaissisCaught ForceObjectDelete called by workers>base @gkaissisCaught ForceObjectDelete called by workers>base @gkaissisCaught ForceObjectDelete called by workers>base @gkaissisCaught ForceObjectDelete called by workers>base @gkaissisCaught ForceObjectDelete called by workers>base @gkaissisCaught ForceObjectDelete called by workers>base @gkaissisCaught ForceObjectDelete called by workers>base @gkaissisCaught ForceObjectDelete called by workers>base @gkaissisCaught ForceObjectDelete called by workers>base @gkaissisCaught ForceObjectDelete called by workers>base @gkaissisCaught ForceObjectDelete called by workers>base @gkaissisCaught ForceObjectDelete called by workers>base @gkaissisCaught ForceObjectDelete called by workers>base @gkaissisCaught ForceObjectDelete called by workers>base @gkaissisCaught ForceObjectDelete called by workers>base @gkaissisCaught ForceObjectDelete called by workers>base @gkaissisCaught ForceObjectDelete called by workers>base @gkaissisCaught ForceObjectDelete called by workers>base @gkaissisCaught ForceObjectDelete called by workers>base @gkaissisCaught ForceObjectDelete called by workers>base @gkaissisCaught ForceObjectDelete called by workers>base @gkaissisCaught ForceObjectDelete called by workers>base @gkaissisCaught ForceObjectDelete called by workers>base @gkaissisCaught ForceObjectDelete called by workers>base @gkaissisCaught ForceObjectDelete called by workers>base @gkaissisCaught ForceObjectDelete called by workers>base @gkaissisCaught ForceObjectDelete called by workers>base @gkaissisCaught ForceObjectDelete called by workers>base @gkaissisCaught ForceObjectDelete called by workers>base @gkaissisCaught ForceObjectDelete called by workers>base @gkaissisCaught ForceObjectDelete called by workers>base @gkaissisCaught ForceObjectDelete called by workers>base @gkaissisCaught ForceObjectDelete called by workers>base @gkaissisCaught ForceObjectDelete called by workers>base @gkaissisCaught ForceObjectDelete called by workers>base @gkaissisCaught ForceObjectDelete called by workers>base @gkaissisCaught ForceObjectDelete called by workers>base @gkaissisCaught ForceObjectDelete called by workers>base @gkaissisCaught ForceObjectDelete called by workers>base @gkaissisCaught ForceObjectDelete called by workers>base @gkaissisCaught ForceObjectDelete called by workers>base @gkaissisCaught ForceObjectDelete called by workers>base @gkaissisCaught ForceObjectDelete called by workers>base @gkaissisCaught ForceObjectDelete called by workers>base @gkaissisCaught ForceObjectDelete called by workers>base @gkaissisCaught ForceObjectDelete called by workers>base @gkaissisCaught ForceObjectDelete called by workers>base @gkaissisCaught ForceObjectDelete called by workers>base @gkaissisCaught ForceObjectDelete called by workers>base @gkaissisCaught ForceObjectDelete called by workers>base @gkaissisCaught ForceObjectDelete called by workers>base @gkaissisCaught ForceObjectDelete called by workers>base @gkaissisCaught ForceObjectDelete called by workers>base @gkaissisCaught ForceObjectDelete called by workers>base @gkaissisCaught ForceObjectDelete called by workers>base @gkaissisCaught ForceObjectDelete called by workers>base @gkaissisCaught ForceObjectDelete called by workers>base @gkaissisCaught ForceObjectDelete called by workers>base @gkaissisCaught ForceObjectDelete called by workers>base @gkaissisCaught ForceObjectDelete called by workers>base @gkaissisCaught ForceObjectDelete called by workers>base @gkaissisCaught ForceObjectDelete called by workers>base @gkaissisCaught ForceObjectDelete called by workers>base @gkaissisCaught ForceObjectDelete called by workers>base @gkaissisCaught ForceObjectDelete called by workers>base @gkaissisCaught ForceObjectDelete called by workers>base @gkaissisCaught ForceObjectDelete called by workers>base @gkaissisCaught ForceObjectDelete called by workers>base @gkaissisCaught ForceObjectDelete called by workers>base @gkaissisCaught ForceObjectDelete called by workers>base @gkaissisCaught ForceObjectDelete called by workers>base @gkaissisCaught ForceObjectDelete called by workers>base @gkaissisCaught ForceObjectDelete called by workers>base @gkaissisCaught ForceObjectDelete called by workers>base @gkaissisCaught ForceObjectDelete called by workers>base @gkaissisCaught ForceObjectDelete called by workers>base @gkaissisCaught ForceObjectDelete called by workers>base @gkaissisCaught ForceObjectDelete called by workers>base @gkaissisCaught ForceObjectDelete called by workers>base @gkaissisCaught ForceObjectDelete called by workers>base @gkaissisCaught ForceObjectDelete called by workers>base @gkaissisCaught ForceObjectDelete called by workers>base @gkaissisCaught ForceObjectDelete called by workers>base @gkaissisCaught ForceObjectDelete called by workers>base @gkaissisCaught ForceObjectDelete called by workers>base @gkaissisCaught ForceObjectDelete called by workers>base @gkaissisCaught ForceObjectDelete called by workers>base @gkaissisCaught ForceObjectDelete called by workers>base @gkaissisCaught ForceObjectDelete called by workers>base @gkaissisCaught ForceObjectDelete called by workers>base @gkaissisCaught ForceObjectDelete called by workers>base @gkaissisCaught ForceObjectDelete called by workers>base @gkaissisCaught ForceObjectDelete called by workers>base @gkaissisCaught ForceObjectDelete called by workers>base @gkaissisCaught ForceObjectDelete called by workers>base @gkaissisCaught ForceObjectDelete called by workers>base @gkaissisCaught ForceObjectDelete called by workers>base @gkaissisCaught ForceObjectDelete called by workers>base @gkaissisCaught ForceObjectDelete called by workers>base @gkaissisCaught ForceObjectDelete called by workers>base @gkaissisCaught ForceObjectDelete called by workers>base @gkaissisCaught ForceObjectDelete called by workers>base @gkaissisCaught ForceObjectDelete called by workers>base @gkaissisCaught ForceObjectDelete called by workers>base @gkaissisCaught ForceObjectDelete called by workers>base @gkaissisCaught ForceObjectDelete called by workers>base @gkaissisCaught ForceObjectDelete called by workers>base @gkaissisCaught ForceObjectDelete called by workers>base @gkaissisCaught ForceObjectDelete called by workers>base @gkaissisCaught ForceObjectDelete called by workers>base @gkaissisCaught ForceObjectDelete called by workers>base @gkaissisCaught ForceObjectDelete called by workers>base @gkaissisCaught ForceObjectDelete called by workers>base @gkaissisCaught ForceObjectDelete called by workers>base @gkaissisCaught ForceObjectDelete called by workers>base @gkaissisCaught ForceObjectDelete called by workers>base @gkaissisCaught ForceObjectDelete called by workers>base @gkaissisCaught ForceObjectDelete called by workers>base @gkaissisCaught ForceObjectDelete called by workers>base @gkaissisCaught ForceObjectDelete called by workers>base @gkaissisCaught ForceObjectDelete called by workers>base @gkaissisCaught ForceObjectDelete called by workers>base @gkaissisCaught ForceObjectDelete called by workers>base @gkaissisCaught ForceObjectDelete called by workers>base @gkaissisCaught ForceObjectDelete called by workers>base @gkaissisCaught ForceObjectDelete called by workers>base @gkaissisCaught ForceObjectDelete called by workers>base @gkaissisCaught ForceObjectDelete called by workers>base @gkaissisCaught ForceObjectDelete called by workers>base @gkaissisCaught ForceObjectDelete called by workers>base @gkaissisCaught ForceObjectDelete called by workers>base @gkaissisCaught ForceObjectDelete called by workers>base @gkaissisCaught ForceObjectDelete called by workers>base @gkaissisCaught ForceObjectDelete called by workers>base @gkaissisCaught ForceObjectDelete called by workers>base @gkaissisCaught ForceObjectDelete called by workers>base @gkaissisCaught ForceObjectDelete called by workers>base @gkaissisCaught ForceObjectDelete called by workers>base @gkaissisCaught ForceObjectDelete called by workers>base @gkaissisCaught ForceObjectDelete called by workers>base @gkaissisCaught ForceObjectDelete called by workers>base @gkaissisCaught ForceObjectDelete called by workers>base @gkaissisCaught ForceObjectDelete called by workers>base @gkaissisCaught ForceObjectDelete called by workers>base @gkaissisCaught ForceObjectDelete called by workers>base @gkaissisCaught ForceObjectDelete called by workers>base @gkaissisCaught ForceObjectDelete called by workers>base @gkaissisCaught ForceObjectDelete called by workers>base @gkaissisCaught ForceObjectDelete called by workers>base @gkaissisCaught ForceObjectDelete called by workers>base @gkaissisCaught ForceObjectDelete called by workers>base @gkaissisCaught ForceObjectDelete called by workers>base @gkaissisCaught ForceObjectDelete called by workers>base @gkaissisCaught ForceObjectDelete called by workers>base @gkaissisCaught ForceObjectDelete called by workers>base @gkaissisCaught ForceObjectDelete called by workers>base @gkaissisCaught ForceObjectDelete called by workers>base @gkaissisCaught ForceObjectDelete called by workers>base @gkaissisCaught ForceObjectDelete called by workers>base @gkaissisCaught ForceObjectDelete called by workers>base @gkaissisCaught ForceObjectDelete called by workers>base @gkaissisCaught ForceObjectDelete called by workers>base @gkaissisCaught ForceObjectDelete called by workers>base @gkaissisCaught ForceObjectDelete called by workers>base @gkaissisCaught ForceObjectDelete called by workers>base @gkaissisCaught ForceObjectDelete called by workers>base @gkaissisCaught ForceObjectDelete called by workers>base @gkaissisCaught ForceObjectDelete called by workers>base @gkaissisCaught ForceObjectDelete called by workers>base @gkaissisCaught ForceObjectDelete called by workers>base @gkaissisCaught ForceObjectDelete called by workers>base @gkaissisCaught ForceObjectDelete called by workers>base @gkaissisCaught ForceObjectDelete called by workers>base @gkaissisCaught ForceObjectDelete called by workers>base @gkaissisCaught ForceObjectDelete called by workers>base @gkaissisCaught ForceObjectDelete called by workers>base @gkaissisCaught ForceObjectDelete called by workers>base @gkaissisCaught ForceObjectDelete called by workers>base @gkaissisCaught ForceObjectDelete called by workers>base @gkaissisCaught ForceObjectDelete called by workers>base @gkaissisCaught ForceObjectDelete called by workers>base @gkaissisCaught ForceObjectDelete called by workers>base @gkaissisCaught ForceObjectDelete called by workers>base @gkaissisCaught ForceObjectDelete called by workers>base @gkaissisCaught ForceObjectDelete called by workers>base @gkaissisCaught ForceObjectDelete called by workers>base @gkaissisCaught ForceObjectDelete called by workers>base @gkaissisCaught ForceObjectDelete called by workers>base @gkaissisCaught ForceObjectDelete called by workers>base @gkaissisCaught ForceObjectDelete called by workers>base @gkaissisCaught ForceObjectDelete called by workers>base @gkaissisCaught ForceObjectDelete called by workers>base @gkaissisCaught ForceObjectDelete called by workers>base @gkaissisCaught ForceObjectDelete called by workers>base @gkaissisCaught ForceObjectDelete called by workers>base @gkaissisCaught ForceObjectDelete called by workers>base @gkaissisCaught ForceObjectDelete called by workers>base @gkaissisCaught ForceObjectDelete called by workers>base @gkaissisCaught ForceObjectDelete called by workers>base @gkaissisCaught ForceObjectDelete called by workers>base @gkaissisCaught ForceObjectDelete called by workers>base @gkaissisCaught ForceObjectDelete called by workers>base @gkaissisCaught ForceObjectDelete called by workers>base @gkaissisCaught ForceObjectDelete called by workers>base @gkaissisCaught ForceObjectDelete called by workers>base @gkaissisCaught ForceObjectDelete called by workers>base @gkaissisCaught ForceObjectDelete called by workers>base @gkaissisCaught ForceObjectDelete called by workers>base @gkaissisCaught ForceObjectDelete called by workers>base @gkaissisCaught ForceObjectDelete called by workers>base @gkaissisCaught ForceObjectDelete called by workers>base @gkaissisCaught ForceObjectDelete called by workers>base @gkaissisCaught ForceObjectDelete called by workers>base @gkaissisCaught ForceObjectDelete called by workers>base @gkaissisCaught ForceObjectDelete called by workers>base @gkaissisCaught ForceObjectDelete called by workers>base @gkaissisCaught ForceObjectDelete called by workers>base @gkaissisCaught ForceObjectDelete called by workers>base @gkaissisCaught ForceObjectDelete called by workers>base @gkaissisCaught ForceObjectDelete called by workers>base @gkaissisCaught ForceObjectDelete called by workers>base @gkaissisCaught ForceObjectDelete called by workers>base @gkaissisCaught ForceObjectDelete called by workers>base @gkaissisCaught ForceObjectDelete called by workers>base @gkaissisCaught ForceObjectDelete called by workers>base @gkaissisCaught ForceObjectDelete called by workers>base @gkaissisCaught ForceObjectDelete called by workers>base @gkaissisCaught ForceObjectDelete called by workers>base @gkaissisCaught ForceObjectDelete called by workers>base @gkaissisCaught ForceObjectDelete called by workers>base @gkaissisCaught ForceObjectDelete called by workers>base @gkaissisCaught ForceObjectDelete called by workers>base @gkaissisCaught ForceObjectDelete called by workers>base @gkaissisCaught ForceObjectDelete called by workers>base @gkaissisCaught ForceObjectDelete called by workers>base @gkaissisCaught ForceObjectDelete called by workers>base @gkaissisCaught ForceObjectDelete called by workers>base @gkaissisCaught ForceObjectDelete called by workers>base @gkaissisCaught ForceObjectDelete called by workers>base @gkaissisCaught ForceObjectDelete called by workers>base @gkaissisCaught ForceObjectDelete called by workers>base @gkaissisCaught ForceObjectDelete called by workers>base @gkaissisCaught ForceObjectDelete called by workers>base @gkaissisCaught ForceObjectDelete called by workers>base @gkaissisCaught ForceObjectDelete called by workers>base @gkaissisCaught ForceObjectDelete called by workers>base @gkaissisCaught ForceObjectDelete called by workers>base @gkaissisCaught ForceObjectDelete called by workers>base @gkaissisCaught ForceObjectDelete called by workers>base @gkaissisCaught ForceObjectDelete called by workers>base @gkaissisCaught ForceObjectDelete called by workers>base @gkaissisCaught ForceObjectDelete called by workers>base @gkaissisCaught ForceObjectDelete called by workers>base @gkaissisCaught ForceObjectDelete called by workers>base @gkaissisCaught ForceObjectDelete called by workers>base @gkaissisCaught ForceObjectDelete called by workers>base @gkaissisCaught ForceObjectDelete called by workers>base @gkaissisCaught ForceObjectDelete called by workers>base @gkaissisCaught ForceObjectDelete called by workers>base @gkaissisCaught ForceObjectDelete called by workers>base @gkaissisCaught ForceObjectDelete called by workers>base @gkaissisCaught ForceObjectDelete called by workers>base @gkaissisCaught ForceObjectDelete called by workers>base @gkaissisCaught ForceObjectDelete called by workers>base @gkaissisCaught ForceObjectDelete called by workers>base @gkaissisCaught ForceObjectDelete called by workers>base @gkaissisCaught ForceObjectDelete called by workers>base @gkaissisCaught ForceObjectDelete called by workers>base @gkaissisCaught ForceObjectDelete called by workers>base @gkaissisCaught ForceObjectDelete called by workers>base @gkaissisCaught ForceObjectDelete called by workers>base @gkaissisCaught ForceObjectDelete called by workers>base @gkaissisCaught ForceObjectDelete called by workers>base @gkaissisCaught ForceObjectDelete called by workers>base @gkaissisCaught ForceObjectDelete called by workers>base @gkaissisCaught ForceObjectDelete called by workers>base @gkaissisCaught ForceObjectDelete called by workers>base @gkaissisCaught ForceObjectDelete called by workers>base @gkaissisCaught ForceObjectDelete called by workers>base @gkaissisCaught ForceObjectDelete called by workers>base @gkaissisCaught ForceObjectDelete called by workers>base @gkaissisCaught ForceObjectDelete called by workers>base @gkaissisCaught ForceObjectDelete called by workers>base @gkaissisCaught ForceObjectDelete called by workers>base @gkaissisCaught ForceObjectDelete called by workers>base @gkaissisCaught ForceObjectDelete called by workers>base @gkaissisCaught ForceObjectDelete called by workers>base @gkaissisCaught ForceObjectDelete called by workers>base @gkaissisCaught ForceObjectDelete called by workers>base @gkaissisCaught ForceObjectDelete called by workers>base @gkaissisCaught ForceObjectDelete called by workers>base @gkaissisCaught ForceObjectDelete called by workers>base @gkaissisCaught ForceObjectDelete called by workers>base @gkaissisCaught ForceObjectDelete called by workers>base @gkaissisCaught ForceObjectDelete called by workers>base @gkaissisCaught ForceObjectDelete called by workers>base @gkaissisCaught ForceObjectDelete called by workers>base @gkaissisCaught ForceObjectDelete called by workers>base @gkaissisCaught ForceObjectDelete called by workers>base @gkaissisCaught ForceObjectDelete called by workers>base @gkaissisCaught ForceObjectDelete called by workers>base @gkaissisCaught ForceObjectDelete called by workers>base @gkaissisCaught ForceObjectDelete called by workers>base @gkaissisCaught ForceObjectDelete called by workers>base @gkaissisCaught ForceObjectDelete called by workers>base @gkaissisCaught ForceObjectDelete called by workers>base @gkaissisCaught ForceObjectDelete called by workers>base @gkaissisCaught ForceObjectDelete called by workers>base @gkaissisCaught ForceObjectDelete called by workers>base @gkaissisCaught ForceObjectDelete called by workers>base @gkaissisCaught ForceObjectDelete called by workers>base @gkaissisCaught ForceObjectDelete called by workers>base @gkaissisCaught ForceObjectDelete called by workers>base @gkaissisCaught ForceObjectDelete called by workers>base @gkaissisCaught ForceObjectDelete called by workers>base @gkaissisCaught ForceObjectDelete called by workers>base @gkaissisCaught ForceObjectDelete called by workers>base @gkaissisCaught ForceObjectDelete called by workers>base @gkaissisCaught ForceObjectDelete called by workers>base @gkaissisCaught ForceObjectDelete called by workers>base @gkaissisCaught ForceObjectDelete called by workers>base @gkaissisCaught ForceObjectDelete called by workers>base @gkaissisCaught ForceObjectDelete called by workers>base @gkaissisCaught ForceObjectDelete called by workers>base @gkaissisCaught ForceObjectDelete called by workers>base @gkaissisCaught ForceObjectDelete called by workers>base @gkaissisCaught ForceObjectDelete called by workers>base @gkaissisCaught ForceObjectDelete called by workers>base @gkaissisCaught ForceObjectDelete called by workers>base @gkaissisCaught ForceObjectDelete called by workers>base @gkaissisCaught ForceObjectDelete called by workers>base @gkaissisCaught ForceObjectDelete called by workers>base @gkaissisCaught ForceObjectDelete called by workers>base @gkaissisCaught ForceObjectDelete called by workers>base @gkaissisCaught ForceObjectDelete called by workers>base @gkaissisCaught ForceObjectDelete called by workers>base @gkaissisCaught ForceObjectDelete called by workers>base @gkaissisCaught ForceObjectDelete called by workers>base @gkaissisCaught ForceObjectDelete called by workers>base @gkaissisCaught ForceObjectDelete called by workers>base @gkaissisCaught ForceObjectDelete called by workers>base @gkaissisCaught ForceObjectDelete called by workers>base @gkaissisCaught ForceObjectDelete called by workers>base @gkaissisCaught ForceObjectDelete called by workers>base @gkaissisCaught ForceObjectDelete called by workers>base @gkaissisCaught ForceObjectDelete called by workers>base @gkaissisCaught ForceObjectDelete called by workers>base @gkaissisCaught ForceObjectDelete called by workers>base @gkaissisCaught ForceObjectDelete called by workers>base @gkaissisCaught ForceObjectDelete called by workers>base @gkaissisCaught ForceObjectDelete called by workers>base @gkaissisCaught ForceObjectDelete called by workers>base @gkaissisCaught ForceObjectDelete called by workers>base @gkaissisCaught ForceObjectDelete called by workers>base @gkaissisCaught ForceObjectDelete called by workers>base @gkaissisCaught ForceObjectDelete called by workers>base @gkaissisCaught ForceObjectDelete called by workers>base @gkaissisCaught ForceObjectDelete called by workers>base @gkaissisCaught ForceObjectDelete called by workers>base @gkaissisCaught ForceObjectDelete called by workers>base @gkaissisCaught ForceObjectDelete called by workers>base @gkaissisCaught ForceObjectDelete called by workers>base @gkaissisCaught ForceObjectDelete called by workers>base @gkaissisCaught ForceObjectDelete called by workers>base @gkaissisCaught ForceObjectDelete called by workers>base @gkaissisCaught ForceObjectDelete called by workers>base @gkaissisCaught ForceObjectDelete called by workers>base @gkaissisCaught ForceObjectDelete called by workers>base @gkaissisCaught ForceObjectDelete called by workers>base @gkaissisCaught ForceObjectDelete called by workers>base @gkaissisCaught ForceObjectDelete called by workers>base @gkaissisCaught ForceObjectDelete called by workers>base @gkaissisCaught ForceObjectDelete called by workers>base @gkaissisCaught ForceObjectDelete called by workers>base @gkaissisCaught ForceObjectDelete called by workers>base @gkaissisCaught ForceObjectDelete called by workers>base @gkaissisCaught ForceObjectDelete called by workers>base @gkaissisCaught ForceObjectDelete called by workers>base @gkaissisCaught ForceObjectDelete called by workers>base @gkaissisCaught ForceObjectDelete called by workers>base @gkaissisCaught ForceObjectDelete called by workers>base @gkaissisCaught ForceObjectDelete called by workers>base @gkaissisCaught ForceObjectDelete called by workers>base @gkaissisCaught ForceObjectDelete called by workers>base @gkaissisCaught ForceObjectDelete called by workers>base @gkaissisCaught ForceObjectDelete called by workers>base @gkaissisCaught ForceObjectDelete called by workers>base @gkaissisCaught ForceObjectDelete called by workers>base @gkaissisCaught ForceObjectDelete called by workers>base @gkaissisCaught ForceObjectDelete called by workers>base @gkaissisCaught ForceObjectDelete called by workers>base @gkaissisCaught ForceObjectDelete called by workers>base @gkaissisCaught ForceObjectDelete called by workers>base @gkaissisCaught ForceObjectDelete called by workers>base @gkaissisCaught ForceObjectDelete called by workers>base @gkaissisCaught ForceObjectDelete called by workers>base @gkaissisCaught ForceObjectDelete called by workers>base @gkaissisCaught ForceObjectDelete called by workers>base @gkaissisCaught ForceObjectDelete called by workers>base @gkaissisCaught ForceObjectDelete called by workers>base @gkaissisCaught ForceObjectDelete called by workers>base @gkaissisCaught ForceObjectDelete called by workers>base @gkaissisCaught ForceObjectDelete called by workers>base @gkaissisCaught ForceObjectDelete called by workers>base @gkaissisCaught ForceObjectDelete called by workers>base @gkaissisCaught ForceObjectDelete called by workers>base @gkaissisCaught ForceObjectDelete called by workers>base @gkaissisCaught ForceObjectDelete called by workers>base @gkaissisCaught ForceObjectDelete called by workers>base @gkaissisCaught ForceObjectDelete called by workers>base @gkaissisCaught ForceObjectDelete called by workers>base @gkaissisCaught ForceObjectDelete called by workers>base @gkaissisCaught ForceObjectDelete called by workers>base @gkaissisCaught ForceObjectDelete called by workers>base @gkaissisCaught ForceObjectDelete called by workers>base @gkaissisCaught ForceObjectDelete called by workers>base @gkaissisCaught ForceObjectDelete called by workers>base @gkaissisCaught ForceObjectDelete called by workers>base @gkaissisCaught ForceObjectDelete called by workers>base @gkaissisCaught ForceObjectDelete called by workers>base @gkaissisCaught ForceObjectDelete called by workers>base @gkaissisCaught ForceObjectDelete called by workers>base @gkaissisCaught ForceObjectDelete called by workers>base @gkaissisCaught ForceObjectDelete called by workers>base @gkaissisCaught ForceObjectDelete called by workers>base @gkaissisCaught ForceObjectDelete called by workers>base @gkaissisCaught ForceObjectDelete called by workers>base @gkaissisCaught ForceObjectDelete called by workers>base @gkaissisCaught ForceObjectDelete called by workers>base @gkaissisCaught ForceObjectDelete called by workers>base @gkaissisCaught ForceObjectDelete called by workers>base @gkaissisCaught ForceObjectDelete called by workers>base @gkaissisCaught ForceObjectDelete called by workers>base @gkaissisCaught ForceObjectDelete called by workers>base @gkaissisCaught ForceObjectDelete called by workers>base @gkaissisCaught ForceObjectDelete called by workers>base @gkaissisCaught ForceObjectDelete called by workers>base @gkaissisCaught ForceObjectDelete called by workers>base @gkaissisCaught ForceObjectDelete called by workers>base @gkaissisCaught ForceObjectDelete called by workers>base @gkaissisCaught ForceObjectDelete called by workers>base @gkaissisCaught ForceObjectDelete called by workers>base @gkaissisCaught ForceObjectDelete called by workers>base @gkaissisCaught ForceObjectDelete called by workers>base @gkaissisCaught ForceObjectDelete called by workers>base @gkaissisCaught ForceObjectDelete called by workers>base @gkaissisCaught ForceObjectDelete called by workers>base @gkaissisCaught ForceObjectDelete called by workers>base @gkaissisCaught ForceObjectDelete called by workers>base @gkaissisCaught ForceObjectDelete called by workers>base @gkaissisCaught ForceObjectDelete called by workers>base @gkaissisCaught ForceObjectDelete called by workers>base @gkaissisCaught ForceObjectDelete called by workers>base @gkaissisCaught ForceObjectDelete called by workers>base @gkaissisCaught ForceObjectDelete called by workers>base @gkaissisCaught ForceObjectDelete called by workers>base @gkaissisCaught ForceObjectDelete called by workers>base @gkaissisCaught ForceObjectDelete called by workers>base @gkaissisCaught ForceObjectDelete called by workers>base @gkaissisCaught ForceObjectDelete called by workers>base @gkaissisCaught ForceObjectDelete called by workers>base @gkaissisCaught ForceObjectDelete called by workers>base @gkaissisCaught ForceObjectDelete called by workers>base @gkaissisCaught ForceObjectDelete called by workers>base @gkaissisCaught ForceObjectDelete called by workers>base @gkaissisCaught ForceObjectDelete called by workers>base @gkaissisCaught ForceObjectDelete called by workers>base @gkaissisCaught ForceObjectDelete called by workers>base @gkaissisCaught ForceObjectDelete called by workers>base @gkaissisCaught ForceObjectDelete called by workers>base @gkaissisCaught ForceObjectDelete called by workers>base @gkaissisCaught ForceObjectDelete called by workers>base @gkaissisCaught ForceObjectDelete called by workers>base @gkaissisCaught ForceObjectDelete called by workers>base @gkaissisCaught ForceObjectDelete called by workers>base @gkaissisCaught ForceObjectDelete called by workers>base @gkaissisCaught ForceObjectDelete called by workers>base @gkaissisCaught ForceObjectDelete called by workers>base @gkaissisCaught ForceObjectDelete called by workers>base @gkaissisCaught ForceObjectDelete called by workers>base @gkaissisCaught ForceObjectDelete called by workers>base @gkaissisCaught ForceObjectDelete called by workers>base @gkaissisCaught ForceObjectDelete called by workers>base @gkaissisCaught ForceObjectDelete called by workers>base @gkaissisCaught ForceObjectDelete called by workers>base @gkaissisCaught ForceObjectDelete called by workers>base @gkaissisCaught ForceObjectDelete called by workers>base @gkaissisCaught ForceObjectDelete called by workers>base @gkaissisCaught ForceObjectDelete called by workers>base @gkaissisCaught ForceObjectDelete called by workers>base @gkaissisCaught ForceObjectDelete called by workers>base @gkaissisCaught ForceObjectDelete called by workers>base @gkaissisCaught ForceObjectDelete called by workers>base @gkaissisCaught ForceObjectDelete called by workers>base @gkaissisCaught ForceObjectDelete called by workers>base @gkaissisCaught ForceObjectDelete called by workers>base @gkaissisCaught ForceObjectDelete called by workers>base @gkaissisCaught ForceObjectDelete called by workers>base @gkaissisCaught ForceObjectDelete called by workers>base @gkaissisCaught ForceObjectDelete called by workers>base @gkaissisCaught ForceObjectDelete called by workers>base @gkaissisCaught ForceObjectDelete called by workers>base @gkaissisCaught ForceObjectDelete called by workers>base @gkaissisCaught ForceObjectDelete called by workers>base @gkaissisCaught ForceObjectDelete called by workers>base @gkaissisCaught ForceObjectDelete called by workers>base @gkaissisCaught ForceObjectDelete called by workers>base @gkaissisCaught ForceObjectDelete called by workers>base @gkaissisCaught ForceObjectDelete called by workers>base @gkaissisCaught ForceObjectDelete called by workers>base @gkaissisCaught ForceObjectDelete called by workers>base @gkaissisCaught ForceObjectDelete called by workers>base @gkaissisCaught ForceObjectDelete called by workers>base @gkaissisCaught ForceObjectDelete called by workers>base @gkaissisCaught ForceObjectDelete called by workers>base @gkaissisCaught ForceObjectDelete called by workers>base @gkaissisCaught ForceObjectDelete called by workers>base @gkaissisCaught ForceObjectDelete called by workers>base @gkaissisCaught ForceObjectDelete called by workers>base @gkaissisCaught ForceObjectDelete called by workers>base @gkaissisCaught ForceObjectDelete called by workers>base @gkaissisCaught ForceObjectDelete called by workers>base @gkaissisCaught ForceObjectDelete called by workers>base @gkaissisCaught ForceObjectDelete called by workers>base @gkaissisCaught ForceObjectDelete called by workers>base @gkaissisCaught ForceObjectDelete called by workers>base @gkaissisCaught ForceObjectDelete called by workers>base @gkaissisCaught ForceObjectDelete called by workers>base @gkaissisCaught ForceObjectDelete called by workers>base @gkaissisCaught ForceObjectDelete called by workers>base @gkaissisCaught ForceObjectDelete called by workers>base @gkaissisCaught ForceObjectDelete called by workers>base @gkaissisCaught ForceObjectDelete called by workers>base @gkaissisCaught ForceObjectDelete called by workers>base @gkaissisCaught ForceObjectDelete called by workers>base @gkaissisCaught ForceObjectDelete called by workers>base @gkaissisCaught ForceObjectDelete called by workers>base @gkaissisCaught ForceObjectDelete called by workers>base @gkaissisCaught ForceObjectDelete called by workers>base @gkaissisCaught ForceObjectDelete called by workers>base @gkaissisCaught ForceObjectDelete called by workers>base @gkaissisCaught ForceObjectDelete called by workers>base @gkaissisCaught ForceObjectDelete called by workers>base @gkaissisCaught ForceObjectDelete called by workers>base @gkaissisCaught ForceObjectDelete called by workers>base @gkaissisCaught ForceObjectDelete called by workers>base @gkaissisCaught ForceObjectDelete called by workers>base @gkaissisCaught ForceObjectDelete called by workers>base @gkaissisCaught ForceObjectDelete called by workers>base @gkaissisCaught ForceObjectDelete called by workers>base @gkaissisCaught ForceObjectDelete called by workers>base @gkaissisCaught ForceObjectDelete called by workers>base @gkaissisCaught ForceObjectDelete called by workers>base @gkaissisCaught ForceObjectDelete called by workers>base @gkaissisCaught ForceObjectDelete called by workers>base @gkaissisCaught ForceObjectDelete called by workers>base @gkaissisCaught ForceObjectDelete called by workers>base @gkaissisCaught ForceObjectDelete called by workers>base @gkaissisCaught ForceObjectDelete called by workers>base @gkaissisCaught ForceObjectDelete called by workers>base @gkaissisCaught ForceObjectDelete called by workers>base @gkaissisCaught ForceObjectDelete called by workers>base @gkaissisCaught ForceObjectDelete called by workers>base @gkaissisCaught ForceObjectDelete called by workers>base @gkaissisCaught ForceObjectDelete called by workers>base @gkaissisCaught ForceObjectDelete called by workers>base @gkaissisCaught ForceObjectDelete called by workers>base @gkaissisCaught ForceObjectDelete called by workers>base @gkaissisCaught ForceObjectDelete called by workers>base @gkaissisCaught ForceObjectDelete called by workers>base @gkaissisCaught ForceObjectDelete called by workers>base @gkaissisCaught ForceObjectDelete called by workers>base @gkaissisCaught ForceObjectDelete called by workers>base @gkaissisCaught ForceObjectDelete called by workers>base @gkaissisCaught ForceObjectDelete called by workers>base @gkaissisCaught ForceObjectDelete called by workers>base @gkaissisCaught ForceObjectDelete called by workers>base @gkaissisCaught ForceObjectDelete called by workers>base @gkaissisCaught ForceObjectDelete called by workers>base @gkaissisCaught ForceObjectDelete called by workers>base @gkaissisCaught ForceObjectDelete called by workers>base @gkaissisCaught ForceObjectDelete called by workers>base @gkaissisCaught ForceObjectDelete called by workers>base @gkaissisCaught ForceObjectDelete called by workers>base @gkaissisCaught ForceObjectDelete called by workers>base @gkaissisCaught ForceObjectDelete called by workers>base @gkaissisCaught ForceObjectDelete called by workers>base @gkaissisCaught ForceObjectDelete called by workers>base @gkaissisCaught ForceObjectDelete called by workers>base @gkaissisCaught ForceObjectDelete called by workers>base @gkaissisCaught ForceObjectDelete called by workers>base @gkaissisCaught ForceObjectDelete called by workers>base @gkaissisCaught ForceObjectDelete called by workers>base @gkaissisCaught ForceObjectDelete called by workers>base @gkaissisCaught ForceObjectDelete called by workers>base @gkaissisCaught ForceObjectDelete called by workers>base @gkaissisCaught ForceObjectDelete called by workers>base @gkaissisCaught ForceObjectDelete called by workers>base @gkaissisCaught ForceObjectDelete called by workers>base @gkaissisCaught ForceObjectDelete called by workers>base @gkaissisCaught ForceObjectDelete called by workers>base @gkaissisCaught ForceObjectDelete called by workers>base @gkaissisCaught ForceObjectDelete called by workers>base @gkaissisCaught ForceObjectDelete called by workers>base @gkaissisCaught ForceObjectDelete called by workers>base @gkaissisCaught ForceObjectDelete called by workers>base @gkaissisCaught ForceObjectDelete called by workers>base @gkaissisCaught ForceObjectDelete called by workers>base @gkaissisCaught ForceObjectDelete called by workers>base @gkaissisCaught ForceObjectDelete called by workers>base @gkaissisCaught ForceObjectDelete called by workers>base @gkaissisCaught ForceObjectDelete called by workers>base @gkaissisCaught ForceObjectDelete called by workers>base @gkaissisCaught ForceObjectDelete called by workers>base @gkaissisCaught ForceObjectDelete called by workers>base @gkaissisCaught ForceObjectDelete called by workers>base @gkaissisCaught ForceObjectDelete called by workers>base @gkaissisCaught ForceObjectDelete called by workers>base @gkaissisCaught ForceObjectDelete called by workers>base @gkaissisCaught ForceObjectDelete called by workers>base @gkaissisCaught ForceObjectDelete called by workers>base @gkaissisCaught ForceObjectDelete called by workers>base @gkaissisCaught ForceObjectDelete called by workers>base @gkaissisCaught ForceObjectDelete called by workers>base @gkaissisCaught ForceObjectDelete called by workers>base @gkaissisCaught ForceObjectDelete called by workers>base @gkaissisCaught ForceObjectDelete called by workers>base @gkaissisCaught ForceObjectDelete called by workers>base @gkaissisCaught ForceObjectDelete called by workers>base @gkaissisCaught ForceObjectDelete called by workers>base @gkaissisCaught ForceObjectDelete called by workers>base @gkaissisCaught ForceObjectDelete called by workers>base @gkaissisCaught ForceObjectDelete called by workers>base @gkaissisCaught ForceObjectDelete called by workers>base @gkaissisCaught ForceObjectDelete called by workers>base @gkaissisCaught ForceObjectDelete called by workers>base @gkaissisCaught ForceObjectDelete called by workers>base @gkaissisCaught ForceObjectDelete called by workers>base @gkaissisCaught ForceObjectDelete called by workers>base @gkaissisCaught ForceObjectDelete called by workers>base @gkaissisCaught ForceObjectDelete called by workers>base @gkaissisCaught ForceObjectDelete called by workers>base @gkaissisCaught ForceObjectDelete called by workers>base @gkaissisCaught ForceObjectDelete called by workers>base @gkaissisCaught ForceObjectDelete called by workers>base @gkaissisCaught ForceObjectDelete called by workers>base @gkaissisCaught ForceObjectDelete called by workers>base @gkaissisCaught ForceObjectDelete called by workers>base @gkaissisCaught ForceObjectDelete called by workers>base @gkaissisCaught ForceObjectDelete called by workers>base @gkaissisCaught ForceObjectDelete called by workers>base @gkaissisCaught ForceObjectDelete called by workers>base @gkaissisCaught ForceObjectDelete called by workers>base @gkaissisCaught ForceObjectDelete called by workers>base @gkaissisCaught ForceObjectDelete called by workers>base @gkaissisCaught ForceObjectDelete called by workers>base @gkaissisCaught ForceObjectDelete called by workers>base @gkaissisCaught ForceObjectDelete called by workers>base @gkaissisCaught ForceObjectDelete called by workers>base @gkaissisCaught ForceObjectDelete called by workers>base @gkaissisCaught ForceObjectDelete called by workers>base @gkaissisCaught ForceObjectDelete called by workers>base @gkaissisCaught ForceObjectDelete called by workers>base @gkaissisCaught ForceObjectDelete called by workers>base @gkaissisCaught ForceObjectDelete called by workers>base @gkaissisCaught ForceObjectDelete called by workers>base @gkaissisCaught ForceObjectDelete called by workers>base @gkaissisCaught ForceObjectDelete called by workers>base @gkaissisCaught ForceObjectDelete called by workers>base @gkaissisCaught ForceObjectDelete called by workers>base @gkaissisCaught ForceObjectDelete called by workers>base @gkaissisCaught ForceObjectDelete called by workers>base @gkaissisCaught ForceObjectDelete called by workers>base @gkaissisCaught ForceObjectDelete called by workers>base @gkaissisCaught ForceObjectDelete called by workers>base @gkaissisCaught ForceObjectDelete called by workers>base @gkaissisCaught ForceObjectDelete called by workers>base @gkaissisCaught ForceObjectDelete called by workers>base @gkaissisCaught ForceObjectDelete called by workers>base @gkaissisCaught ForceObjectDelete called by workers>base @gkaissisCaught ForceObjectDelete called by workers>base @gkaissisCaught ForceObjectDelete called by workers>base @gkaissisCaught ForceObjectDelete called by workers>base @gkaissisCaught ForceObjectDelete called by workers>base @gkaissisCaught ForceObjectDelete called by workers>base @gkaissisCaught ForceObjectDelete called by workers>base @gkaissisCaught ForceObjectDelete called by workers>base @gkaissisCaught ForceObjectDelete called by workers>base @gkaissisCaught ForceObjectDelete called by workers>base @gkaissisCaught ForceObjectDelete called by workers>base @gkaissisCaught ForceObjectDelete called by workers>base @gkaissisCaught ForceObjectDelete called by workers>base @gkaissisCaught ForceObjectDelete called by workers>base @gkaissisCaught ForceObjectDelete called by workers>base @gkaissisCaught ForceObjectDelete called by workers>base @gkaissisCaught ForceObjectDelete called by workers>base @gkaissisCaught ForceObjectDelete called by workers>base @gkaissisCaught ForceObjectDelete called by workers>base @gkaissisCaught ForceObjectDelete called by workers>base @gkaissisCaught ForceObjectDelete called by workers>base @gkaissisCaught ForceObjectDelete called by workers>base @gkaissisCaught ForceObjectDelete called by workers>base @gkaissisCaught ForceObjectDelete called by workers>base @gkaissisCaught ForceObjectDelete called by workers>base @gkaissisCaught ForceObjectDelete called by workers>base @gkaissisCaught ForceObjectDelete called by workers>base @gkaissisCaught ForceObjectDelete called by workers>base @gkaissisCaught ForceObjectDelete called by workers>base @gkaissisCaught ForceObjectDelete called by workers>base @gkaissisCaught ForceObjectDelete called by workers>base @gkaissisCaught ForceObjectDelete called by workers>base @gkaissisCaught ForceObjectDelete called by workers>base @gkaissisCaught ForceObjectDelete called by workers>base @gkaissisCaught ForceObjectDelete called by workers>base @gkaissisCaught ForceObjectDelete called by workers>base @gkaissisCaught ForceObjectDelete called by workers>base @gkaissisCaught ForceObjectDelete called by workers>base @gkaissisCaught ForceObjectDelete called by workers>base @gkaissisCaught ForceObjectDelete called by workers>base @gkaissisCaught ForceObjectDelete called by workers>base @gkaissisCaught ForceObjectDelete called by workers>base @gkaissisCaught ForceObjectDelete called by workers>base @gkaissisCaught ForceObjectDelete called by workers>base @gkaissisCaught ForceObjectDelete called by workers>base @gkaissisCaught ForceObjectDelete called by workers>base @gkaissisCaught ForceObjectDelete called by workers>base @gkaissisCaught ForceObjectDelete called by workers>base @gkaissisCaught ForceObjectDelete called by workers>base @gkaissisCaught ForceObjectDelete called by workers>base @gkaissisCaught ForceObjectDelete called by workers>base @gkaissisCaught ForceObjectDelete called by workers>base @gkaissisCaught ForceObjectDelete called by workers>base @gkaissisCaught ForceObjectDelete called by workers>base @gkaissisCaught ForceObjectDelete called by workers>base @gkaissisCaught ForceObjectDelete called by workers>base @gkaissisCaught ForceObjectDelete called by workers>base @gkaissisCaught ForceObjectDelete called by workers>base @gkaissisCaught ForceObjectDelete called by workers>base @gkaissisCaught ForceObjectDelete called by workers>base @gkaissisCaught ForceObjectDelete called by workers>base @gkaissisCaught ForceObjectDelete called by workers>base @gkaissisCaught ForceObjectDelete called by workers>base @gkaissisCaught ForceObjectDelete called by workers>base @gkaissisCaught ForceObjectDelete called by workers>base @gkaissisCaught ForceObjectDelete called by workers>base @gkaissisCaught ForceObjectDelete called by workers>base @gkaissisCaught ForceObjectDelete called by workers>base @gkaissisCaught ForceObjectDelete called by workers>base @gkaissisCaught ForceObjectDelete called by workers>base @gkaissisCaught ForceObjectDelete called by workers>base @gkaissisCaught ForceObjectDelete called by workers>base @gkaissisCaught ForceObjectDelete called by workers>base @gkaissisCaught ForceObjectDelete called by workers>base @gkaissisCaught ForceObjectDelete called by workers>base @gkaissisCaught ForceObjectDelete called by workers>base @gkaissisCaught ForceObjectDelete called by workers>base @gkaissisCaught ForceObjectDelete called by workers>base @gkaissisCaught ForceObjectDelete called by workers>base @gkaissisCaught ForceObjectDelete called by workers>base @gkaissisCaught ForceObjectDelete called by workers>base @gkaissisCaught ForceObjectDelete called by workers>base @gkaissisCaught ForceObjectDelete called by workers>base @gkaissisCaught ForceObjectDelete called by workers>base @gkaissisCaught ForceObjectDelete called by workers>base @gkaissisCaught ForceObjectDelete called by workers>base @gkaissisCaught ForceObjectDelete called by workers>base @gkaissisCaught ForceObjectDelete called by workers>base @gkaissisCaught ForceObjectDelete called by workers>base @gkaissisCaught ForceObjectDelete called by workers>base @gkaissisCaught ForceObjectDelete called by workers>base @gkaissisCaught ForceObjectDelete called by workers>base @gkaissisCaught ForceObjectDelete called by workers>base @gkaissisCaught ForceObjectDelete called by workers>base @gkaissisCaught ForceObjectDelete called by workers>base @gkaissisCaught ForceObjectDelete called by workers>base @gkaissisCaught ForceObjectDelete called by workers>base @gkaissisCaught ForceObjectDelete called by workers>base @gkaissisCaught ForceObjectDelete called by workers>base @gkaissisCaught ForceObjectDelete called by workers>base @gkaissisCaught ForceObjectDelete called by workers>base @gkaissisCaught ForceObjectDelete called by workers>base @gkaissisCaught ForceObjectDelete called by workers>base @gkaissisCaught ForceObjectDelete called by workers>base @gkaissisCaught ForceObjectDelete called by workers>base @gkaissisCaught ForceObjectDelete called by workers>base @gkaissisCaught ForceObjectDelete called by workers>base @gkaissisCaught ForceObjectDelete called by workers>base @gkaissisCaught ForceObjectDelete called by workers>base @gkaissisCaught ForceObjectDelete called by workers>base @gkaissisCaught ForceObjectDelete called by workers>base @gkaissisCaught ForceObjectDelete called by workers>base @gkaissisCaught ForceObjectDelete called by workers>base @gkaissisCaught ForceObjectDelete called by workers>base @gkaissisCaught ForceObjectDelete called by workers>base @gkaissisCaught ForceObjectDelete called by workers>base @gkaissisCaught ForceObjectDelete called by workers>base @gkaissisCaught ForceObjectDelete called by workers>base @gkaissisCaught ForceObjectDelete called by workers>base @gkaissisCaught ForceObjectDelete called by workers>base @gkaissisCaught ForceObjectDelete called by workers>base @gkaissisCaught ForceObjectDelete called by workers>base @gkaissisCaught ForceObjectDelete called by workers>base @gkaissisCaught ForceObjectDelete called by workers>base @gkaissisCaught ForceObjectDelete called by workers>base @gkaissisCaught ForceObjectDelete called by workers>base @gkaissisCaught ForceObjectDelete called by workers>base @gkaissisCaught ForceObjectDelete called by workers>base @gkaissisCaught ForceObjectDelete called by workers>base @gkaissisCaught ForceObjectDelete called by workers>base @gkaissisCaught ForceObjectDelete called by workers>base @gkaissisCaught ForceObjectDelete called by workers>base @gkaissisCaught ForceObjectDelete called by workers>base @gkaissisCaught ForceObjectDelete called by workers>base @gkaissisCaught ForceObjectDelete called by workers>base @gkaissisCaught ForceObjectDelete called by workers>base @gkaissisCaught ForceObjectDelete called by workers>base @gkaissisCaught ForceObjectDelete called by workers>base @gkaissisCaught ForceObjectDelete called by workers>base @gkaissisCaught ForceObjectDelete called by workers>base @gkaissisCaught ForceObjectDelete called by workers>base @gkaissisCaught ForceObjectDelete called by workers>base @gkaissisCaught ForceObjectDelete called by workers>base @gkaissisCaught ForceObjectDelete called by workers>base @gkaissisCaught ForceObjectDelete called by workers>base @gkaissisCaught ForceObjectDelete called by workers>base @gkaissisCaught ForceObjectDelete called by workers>base @gkaissisCaught ForceObjectDelete called by workers>base @gkaissisCaught ForceObjectDelete called by workers>base @gkaissisCaught ForceObjectDelete called by workers>base @gkaissisCaught ForceObjectDelete called by workers>base @gkaissisCaught ForceObjectDelete called by workers>base @gkaissisCaught ForceObjectDelete called by workers>base @gkaissisCaught ForceObjectDelete called by workers>base @gkaissisCaught ForceObjectDelete called by workers>base @gkaissisCaught ForceObjectDelete called by workers>base @gkaissisCaught ForceObjectDelete called by workers>base @gkaissisCaught ForceObjectDelete called by workers>base @gkaissisCaught ForceObjectDelete called by workers>base @gkaissisCaught ForceObjectDelete called by workers>base @gkaissisCaught ForceObjectDelete called by workers>base @gkaissisCaught ForceObjectDelete called by workers>base @gkaissisCaught ForceObjectDelete called by workers>base @gkaissisCaught ForceObjectDelete called by workers>base @gkaissisCaught ForceObjectDelete called by workers>base @gkaissisCaught ForceObjectDelete called by workers>base @gkaissisCaught ForceObjectDelete called by workers>base @gkaissisCaught ForceObjectDelete called by workers>base @gkaissisCaught ForceObjectDelete called by workers>base @gkaissisCaught ForceObjectDelete called by workers>base @gkaissisCaught ForceObjectDelete called by workers>base @gkaissisCaught ForceObjectDelete called by workers>base @gkaissisCaught ForceObjectDelete called by workers>base @gkaissisCaught ForceObjectDelete called by workers>base @gkaissisCaught ForceObjectDelete called by workers>base @gkaissisCaught ForceObjectDelete called by workers>base @gkaissisCaught ForceObjectDelete called by workers>base @gkaissisCaught ForceObjectDelete called by workers>base @gkaissisCaught ForceObjectDelete called by workers>base @gkaissisCaught ForceObjectDelete called by workers>base @gkaissisCaught ForceObjectDelete called by workers>base @gkaissisCaught ForceObjectDelete called by workers>base @gkaissisCaught ForceObjectDelete called by workers>base @gkaissisCaught ForceObjectDelete called by workers>base @gkaissisCaught ForceObjectDelete called by workers>base @gkaissisCaught ForceObjectDelete called by workers>base @gkaissisCaught ForceObjectDelete called by workers>base @gkaissisCaught ForceObjectDelete called by workers>base @gkaissisCaught ForceObjectDelete called by workers>base @gkaissisCaught ForceObjectDelete called by workers>base @gkaissisCaught ForceObjectDelete called by workers>base @gkaissisCaught ForceObjectDelete called by workers>base @gkaissisCaught ForceObjectDelete called by workers>base @gkaissisCaught ForceObjectDelete called by workers>base @gkaissisCaught ForceObjectDelete called by workers>base @gkaissisCaught ForceObjectDelete called by workers>base @gkaissisCaught ForceObjectDelete called by workers>base @gkaissisCaught ForceObjectDelete called by workers>base @gkaissisCaught ForceObjectDelete called by workers>base @gkaissisCaught ForceObjectDelete called by workers>base @gkaissisCaught ForceObjectDelete called by workers>base @gkaissisCaught ForceObjectDelete called by workers>base @gkaissisCaught ForceObjectDelete called by workers>base @gkaissisCaught ForceObjectDelete called by workers>base @gkaissisCaught ForceObjectDelete called by workers>base @gkaissisCaught ForceObjectDelete called by workers>base @gkaissisCaught ForceObjectDelete called by workers>base @gkaissisCaught ForceObjectDelete called by workers>base @gkaissisCaught ForceObjectDelete called by workers>base @gkaissisCaught ForceObjectDelete called by workers>base @gkaissisCaught ForceObjectDelete called by workers>base @gkaissisCaught ForceObjectDelete called by workers>base @gkaissisCaught ForceObjectDelete called by workers>base @gkaissisCaught ForceObjectDelete called by workers>base @gkaissisCaught ForceObjectDelete called by workers>base @gkaissisCaught ForceObjectDelete called by workers>base @gkaissisCaught ForceObjectDelete called by workers>base @gkaissisCaught ForceObjectDelete called by workers>base @gkaissisCaught ForceObjectDelete called by workers>base @gkaissisCaught ForceObjectDelete called by workers>base @gkaissisCaught ForceObjectDelete called by workers>base @gkaissisCaught ForceObjectDelete called by workers>base @gkaissisCaught ForceObjectDelete called by workers>base @gkaissisCaught ForceObjectDelete called by workers>base @gkaissisCaught ForceObjectDelete called by workers>base @gkaissisCaught ForceObjectDelete called by workers>base @gkaissisCaught ForceObjectDelete called by workers>base @gkaissisCaught ForceObjectDelete called by workers>base @gkaissisCaught ForceObjectDelete called by workers>base @gkaissisCaught ForceObjectDelete called by workers>base @gkaissisCaught ForceObjectDelete called by workers>base @gkaissisCaught ForceObjectDelete called by workers>base @gkaissisCaught ForceObjectDelete called by workers>base @gkaissisCaught ForceObjectDelete called by workers>base @gkaissisCaught ForceObjectDelete called by workers>base @gkaissisCaught ForceObjectDelete called by workers>base @gkaissisCaught ForceObjectDelete called by workers>base @gkaissisCaught ForceObjectDelete called by workers>base @gkaissisCaught ForceObjectDelete called by workers>base @gkaissisCaught ForceObjectDelete called by workers>base @gkaissisCaught ForceObjectDelete called by workers>base @gkaissisCaught ForceObjectDelete called by workers>base @gkaissisCaught ForceObjectDelete called by workers>base @gkaissisCaught ForceObjectDelete called by workers>base @gkaissisCaught ForceObjectDelete called by workers>base @gkaissisCaught ForceObjectDelete called by workers>base @gkaissisCaught ForceObjectDelete called by workers>base @gkaissisCaught ForceObjectDelete called by workers>base @gkaissisCaught ForceObjectDelete called by workers>base @gkaissisCaught ForceObjectDelete called by workers>base @gkaissisCaught ForceObjectDelete called by workers>base @gkaissisCaught ForceObjectDelete called by workers>base @gkaissisCaught ForceObjectDelete called by workers>base @gkaissisCaught ForceObjectDelete called by workers>base @gkaissisCaught ForceObjectDelete called by workers>base @gkaissisCaught ForceObjectDelete called by workers>base @gkaissisCaught ForceObjectDelete called by workers>base @gkaissisCaught ForceObjectDelete called by workers>base @gkaissisCaught ForceObjectDelete called by workers>base @gkaissisCaught ForceObjectDelete called by workers>base @gkaissisCaught ForceObjectDelete called by workers>base @gkaissisCaught ForceObjectDelete called by workers>base @gkaissisCaught ForceObjectDelete called by workers>base @gkaissisCaught ForceObjectDelete called by workers>base @gkaissisCaught ForceObjectDelete called by workers>base @gkaissisCaught ForceObjectDelete called by workers>base @gkaissisCaught ForceObjectDelete called by workers>base @gkaissisCaught ForceObjectDelete called by workers>base @gkaissisCaught ForceObjectDelete called by workers>base @gkaissisCaught ForceObjectDelete called by workers>base @gkaissisCaught ForceObjectDelete called by workers>base @gkaissisCaught ForceObjectDelete called by workers>base @gkaissisCaught ForceObjectDelete called by workers>base @gkaissisCaught ForceObjectDelete called by workers>base @gkaissisCaught ForceObjectDelete called by workers>base @gkaissisCaught ForceObjectDelete called by workers>base @gkaissisCaught ForceObjectDelete called by workers>base @gkaissisCaught ForceObjectDelete called by workers>base @gkaissisCaught ForceObjectDelete called by workers>base @gkaissisCaught ForceObjectDelete called by workers>base @gkaissisCaught ForceObjectDelete called by workers>base @gkaissisCaught ForceObjectDelete called by workers>base @gkaissisCaught ForceObjectDelete called by workers>base @gkaissisCaught ForceObjectDelete called by workers>base @gkaissisCaught ForceObjectDelete called by workers>base @gkaissisCaught ForceObjectDelete called by workers>base @gkaissisCaught ForceObjectDelete called by workers>base @gkaissisCaught ForceObjectDelete called by workers>base @gkaissisCaught ForceObjectDelete called by workers>base @gkaissisCaught ForceObjectDelete called by workers>base @gkaissisCaught ForceObjectDelete called by workers>base @gkaissisCaught ForceObjectDelete called by workers>base @gkaissisCaught ForceObjectDelete called by workers>base @gkaissisCaught ForceObjectDelete called by workers>base @gkaissisCaught ForceObjectDelete called by workers>base @gkaissisCaught ForceObjectDelete called by workers>base @gkaissisCaught ForceObjectDelete called by workers>base @gkaissisCaught ForceObjectDelete called by workers>base @gkaissisCaught ForceObjectDelete called by workers>base @gkaissisCaught ForceObjectDelete called by workers>base @gkaissisCaught ForceObjectDelete called by workers>base @gkaissisCaught ForceObjectDelete called by workers>base @gkaissisCaught ForceObjectDelete called by workers>base @gkaissisCaught ForceObjectDelete called by workers>base @gkaissisCaught ForceObjectDelete called by workers>base @gkaissisCaught ForceObjectDelete called by workers>base @gkaissisCaught ForceObjectDelete called by workers>base @gkaissisCaught ForceObjectDelete called by workers>base @gkaissisCaught ForceObjectDelete called by workers>base @gkaissisCaught ForceObjectDelete called by workers>base @gkaissisCaught ForceObjectDelete called by workers>base @gkaissisCaught ForceObjectDelete called by workers>base @gkaissisCaught ForceObjectDelete called by workers>base @gkaissisCaught ForceObjectDelete called by workers>base @gkaissisCaught ForceObjectDelete called by workers>base @gkaissisCaught ForceObjectDelete called by workers>base @gkaissisCaught ForceObjectDelete called by workers>base @gkaissisCaught ForceObjectDelete called by workers>base @gkaissisCaught ForceObjectDelete called by workers>base @gkaissisCaught ForceObjectDelete called by workers>base @gkaissisCaught ForceObjectDelete called by workers>base @gkaissisCaught ForceObjectDelete called by workers>base @gkaissisCaught ForceObjectDelete called by workers>base @gkaissisCaught ForceObjectDelete called by workers>base @gkaissisCaught ForceObjectDelete called by workers>base @gkaissisCaught ForceObjectDelete called by workers>base @gkaissisCaught ForceObjectDelete called by workers>base @gkaissisCaught ForceObjectDelete called by workers>base @gkaissisCaught ForceObjectDelete called by workers>base @gkaissisCaught ForceObjectDelete called by workers>base @gkaissisCaught ForceObjectDelete called by workers>base @gkaissisCaught ForceObjectDelete called by workers>base @gkaissisCaught ForceObjectDelete called by workers>base @gkaissisCaught ForceObjectDelete called by workers>base @gkaissisCaught ForceObjectDelete called by workers>base @gkaissisCaught ForceObjectDelete called by workers>base @gkaissisCaught ForceObjectDelete called by workers>base @gkaissisCaught ForceObjectDelete called by workers>base @gkaissisCaught ForceObjectDelete called by workers>base @gkaissisCaught ForceObjectDelete called by workers>base @gkaissisCaught ForceObjectDelete called by workers>base @gkaissisCaught ForceObjectDelete called by workers>base @gkaissisCaught ForceObjectDelete called by workers>base @gkaissisCaught ForceObjectDelete called by workers>base @gkaissisCaught ForceObjectDelete called by workers>base @gkaissisCaught ForceObjectDelete called by workers>base @gkaissisCaught ForceObjectDelete called by workers>base @gkaissisCaught ForceObjectDelete called by workers>base @gkaissisCaught ForceObjectDelete called by workers>base @gkaissisCaught ForceObjectDelete called by workers>base @gkaissisCaught ForceObjectDelete called by workers>base @gkaissisCaught ForceObjectDelete called by workers>base @gkaissisCaught ForceObjectDelete called by workers>base @gkaissisCaught ForceObjectDelete called by workers>base @gkaissisCaught ForceObjectDelete called by workers>base @gkaissisCaught ForceObjectDelete called by workers>base @gkaissisCaught ForceObjectDelete called by workers>base @gkaissisCaught ForceObjectDelete called by workers>base @gkaissisCaught ForceObjectDelete called by workers>base @gkaissisCaught ForceObjectDelete called by workers>base @gkaissisCaught ForceObjectDelete called by workers>base @gkaissisCaught ForceObjectDelete called by workers>base @gkaissisCaught ForceObjectDelete called by workers>base @gkaissisCaught ForceObjectDelete called by workers>base @gkaissisCaught ForceObjectDelete called by workers>base @gkaissisCaught ForceObjectDelete called by workers>base @gkaissisCaught ForceObjectDelete called by workers>base @gkaissisCaught ForceObjectDelete called by workers>base @gkaissisCaught ForceObjectDelete called by workers>base @gkaissisCaught ForceObjectDelete called by workers>base @gkaissisCaught ForceObjectDelete called by workers>base @gkaissisCaught ForceObjectDelete called by workers>base @gkaissisCaught ForceObjectDelete called by workers>base @gkaissisCaught ForceObjectDelete called by workers>base @gkaissisCaught ForceObjectDelete called by workers>base @gkaissisCaught ForceObjectDelete called by workers>base @gkaissisCaught ForceObjectDelete called by workers>base @gkaissisCaught ForceObjectDelete called by workers>base @gkaissisCaught ForceObjectDelete called by workers>base @gkaissisCaught ForceObjectDelete called by workers>base @gkaissisCaught ForceObjectDelete called by workers>base @gkaissisCaught ForceObjectDelete called by workers>base @gkaissisCaught ForceObjectDelete called by workers>base @gkaissisCaught ForceObjectDelete called by workers>base @gkaissisCaught ForceObjectDelete called by workers>base @gkaissisCaught ForceObjectDelete called by workers>base @gkaissisCaught ForceObjectDelete called by workers>base @gkaissisCaught ForceObjectDelete called by workers>base @gkaissisCaught ForceObjectDelete called by workers>base @gkaissisCaught ForceObjectDelete called by workers>base @gkaissisCaught ForceObjectDelete called by workers>base @gkaissisCaught ForceObjectDelete called by workers>base @gkaissisCaught ForceObjectDelete called by workers>base @gkaissisCaught ForceObjectDelete called by workers>base @gkaissisCaught ForceObjectDelete called by workers>base @gkaissisCaught ForceObjectDelete called by workers>base @gkaissisCaught ForceObjectDelete called by workers>base @gkaissisCaught ForceObjectDelete called by workers>base @gkaissisCaught ForceObjectDelete called by workers>base @gkaissisCaught ForceObjectDelete called by workers>base @gkaissisCaught ForceObjectDelete called by workers>base @gkaissisCaught ForceObjectDelete called by workers>base @gkaissisCaught ForceObjectDelete called by workers>base @gkaissisCaught ForceObjectDelete called by workers>base @gkaissisCaught ForceObjectDelete called by workers>base @gkaissisCaught ForceObjectDelete called by workers>base @gkaissisCaught ForceObjectDelete called by workers>base @gkaissisCaught ForceObjectDelete called by workers>base @gkaissisCaught ForceObjectDelete called by workers>base @gkaissisCaught ForceObjectDelete called by workers>base @gkaissisCaught ForceObjectDelete called by workers>base @gkaissisCaught ForceObjectDelete called by workers>base @gkaissisCaught ForceObjectDelete called by workers>base @gkaissisCaught ForceObjectDelete called by workers>base @gkaissisCaught ForceObjectDelete called by workers>base @gkaissisCaught ForceObjectDelete called by workers>base @gkaissisCaught ForceObjectDelete called by workers>base @gkaissisCaught ForceObjectDelete called by workers>base @gkaissisCaught ForceObjectDelete called by workers>base @gkaissisCaught ForceObjectDelete called by workers>base @gkaissisCaught ForceObjectDelete called by workers>base @gkaissisCaught ForceObjectDelete called by workers>base @gkaissisCaught ForceObjectDelete called by workers>base @gkaissisCaught ForceObjectDelete called by workers>base @gkaissisCaught ForceObjectDelete called by workers>base @gkaissisCaught ForceObjectDelete called by workers>base @gkaissisCaught ForceObjectDelete called by workers>base @gkaissisCaught ForceObjectDelete called by workers>base @gkaissisCaught ForceObjectDelete called by workers>base @gkaissisCaught ForceObjectDelete called by workers>base @gkaissisCaught ForceObjectDelete called by workers>base @gkaissisCaught ForceObjectDelete called by workers>base @gkaissisCaught ForceObjectDelete called by workers>base @gkaissisCaught ForceObjectDelete called by workers>base @gkaissisCaught ForceObjectDelete called by workers>base @gkaissisCaught ForceObjectDelete called by workers>base @gkaissisCaught ForceObjectDelete called by workers>base @gkaissisCaught ForceObjectDelete called by workers>base @gkaissisCaught ForceObjectDelete called by workers>base @gkaissisCaught ForceObjectDelete called by workers>base @gkaissisCaught ForceObjectDelete called by workers>base @gkaissisCaught ForceObjectDelete called by workers>base @gkaissisCaught ForceObjectDelete called by workers>base @gkaissisCaught ForceObjectDelete called by workers>base @gkaissisCaught ForceObjectDelete called by workers>base @gkaissisCaught ForceObjectDelete called by workers>base @gkaissisCaught ForceObjectDelete called by workers>base @gkaissisCaught ForceObjectDelete called by workers>base @gkaissisCaught ForceObjectDelete called by workers>base @gkaissisCaught ForceObjectDelete called by workers>base @gkaissisCaught ForceObjectDelete called by workers>base @gkaissisCaught ForceObjectDelete called by workers>base @gkaissisCaught ForceObjectDelete called by workers>base @gkaissisCaught ForceObjectDelete called by workers>base @gkaissisCaught ForceObjectDelete called by workers>base @gkaissisCaught ForceObjectDelete called by workers>base @gkaissisCaught ForceObjectDelete called by workers>base @gkaissisCaught ForceObjectDelete called by workers>base @gkaissisCaught ForceObjectDelete called by workers>base @gkaissisCaught ForceObjectDelete called by workers>base @gkaissisCaught ForceObjectDelete called by workers>base @gkaissisCaught ForceObjectDelete called by workers>base @gkaissisCaught ForceObjectDelete called by workers>base @gkaissisCaught ForceObjectDelete called by workers>base @gkaissisCaught ForceObjectDelete called by workers>base @gkaissisCaught ForceObjectDelete called by workers>base @gkaissisCaught ForceObjectDelete called by workers>base @gkaissisCaught ForceObjectDelete called by workers>base @gkaissisCaught ForceObjectDelete called by workers>base @gkaissisCaught ForceObjectDelete called by workers>base @gkaissisCaught ForceObjectDelete called by workers>base @gkaissisCaught ForceObjectDelete called by workers>base @gkaissisCaught ForceObjectDelete called by workers>base @gkaissisCaught ForceObjectDelete called by workers>base @gkaissisCaught ForceObjectDelete called by workers>base @gkaissisCaught ForceObjectDelete called by workers>base @gkaissisCaught ForceObjectDelete called by workers>base @gkaissisCaught ForceObjectDelete called by workers>base @gkaissisCaught ForceObjectDelete called by workers>base @gkaissisCaught ForceObjectDelete called by workers>base @gkaissisCaught ForceObjectDelete called by workers>base @gkaissisCaught ForceObjectDelete called by workers>base @gkaissisCaught ForceObjectDelete called by workers>base @gkaissisCaught ForceObjectDelete called by workers>base @gkaissisCaught ForceObjectDelete called by workers>base @gkaissisCaught ForceObjectDelete called by workers>base @gkaissisCaught ForceObjectDelete called by workers>base @gkaissisCaught ForceObjectDelete called by workers>base @gkaissisCaught ForceObjectDelete called by workers>base @gkaissisCaught ForceObjectDelete called by workers>base @gkaissisCaught ForceObjectDelete called by workers>base @gkaissisCaught ForceObjectDelete called by workers>base @gkaissisCaught ForceObjectDelete called by workers>base @gkaissisCaught ForceObjectDelete called by workers>base @gkaissisCaught ForceObjectDelete called by workers>base @gkaissisCaught ForceObjectDelete called by workers>base @gkaissisCaught ForceObjectDelete called by workers>base @gkaissisCaught ForceObjectDelete called by workers>base @gkaissisCaught ForceObjectDelete called by workers>base @gkaissisCaught ForceObjectDelete called by workers>base @gkaissisCaught ForceObjectDelete called by workers>base @gkaissisCaught ForceObjectDelete called by workers>base @gkaissisCaught ForceObjectDelete called by workers>base @gkaissisCaught ForceObjectDelete called by workers>base @gkaissisCaught ForceObjectDelete called by workers>base @gkaissisCaught ForceObjectDelete called by workers>base @gkaissisCaught ForceObjectDelete called by workers>base @gkaissisCaught ForceObjectDelete called by workers>base @gkaissisCaught ForceObjectDelete called by workers>base @gkaissisCaught ForceObjectDelete called by workers>base @gkaissisCaught ForceObjectDelete called by workers>base @gkaissisCaught ForceObjectDelete called by workers>base @gkaissisCaught ForceObjectDelete called by workers>base @gkaissisCaught ForceObjectDelete called by workers>base @gkaissisCaught ForceObjectDelete called by workers>base @gkaissisCaught ForceObjectDelete called by workers>base @gkaissisCaught ForceObjectDelete called by workers>base @gkaissisCaught ForceObjectDelete called by workers>base @gkaissisCaught ForceObjectDelete called by workers>base @gkaissisCaught ForceObjectDelete called by workers>base @gkaissisCaught ForceObjectDelete called by workers>base @gkaissisCaught ForceObjectDelete called by workers>base @gkaissisCaught ForceObjectDelete called by workers>base @gkaissisCaught ForceObjectDelete called by workers>base @gkaissisCaught ForceObjectDelete called by workers>base @gkaissisCaught ForceObjectDelete called by workers>base @gkaissisCaught ForceObjectDelete called by workers>base @gkaissisCaught ForceObjectDelete called by workers>base @gkaissisCaught ForceObjectDelete called by workers>base @gkaissisCaught ForceObjectDelete called by workers>base @gkaissisCaught ForceObjectDelete called by workers>base @gkaissisCaught ForceObjectDelete called by workers>base @gkaissisCaught ForceObjectDelete called by workers>base @gkaissisCaught ForceObjectDelete called by workers>base @gkaissisCaught ForceObjectDelete called by workers>base @gkaissisCaught ForceObjectDelete called by workers>base @gkaissisCaught ForceObjectDelete called by workers>base @gkaissisCaught ForceObjectDelete called by workers>base @gkaissisCaught ForceObjectDelete called by workers>base @gkaissisCaught ForceObjectDelete called by workers>base @gkaissisCaught ForceObjectDelete called by workers>base @gkaissisCaught ForceObjectDelete called by workers>base @gkaissisCaught ForceObjectDelete called by workers>base @gkaissisCaught ForceObjectDelete called by workers>base @gkaissisCaught ForceObjectDelete called by workers>base @gkaissisCaught ForceObjectDelete called by workers>base @gkaissisCaught ForceObjectDelete called by workers>base @gkaissisCaught ForceObjectDelete called by workers>base @gkaissisCaught ForceObjectDelete called by workers>base @gkaissisCaught ForceObjectDelete called by workers>base @gkaissisCaught ForceObjectDelete called by workers>base @gkaissisCaught ForceObjectDelete called by workers>base @gkaissisCaught ForceObjectDelete called by workers>base @gkaissisCaught ForceObjectDelete called by workers>base @gkaissisCaught ForceObjectDelete called by workers>base @gkaissisCaught ForceObjectDelete called by workers>base @gkaissisCaught ForceObjectDelete called by workers>base @gkaissisCaught ForceObjectDelete called by workers>base @gkaissisCaught ForceObjectDelete called by workers>base @gkaissisCaught ForceObjectDelete called by workers>base @gkaissisCaught ForceObjectDelete called by workers>base @gkaissisCaught ForceObjectDelete called by workers>base @gkaissisCaught ForceObjectDelete called by workers>base @gkaissisCaught ForceObjectDelete called by workers>base @gkaissisCaught ForceObjectDelete called by workers>base @gkaissisCaught ForceObjectDelete called by workers>base @gkaissisCaught ForceObjectDelete called by workers>base @gkaissisCaught ForceObjectDelete called by workers>base @gkaissisCaught ForceObjectDelete called by workers>base @gkaissisCaught ForceObjectDelete called by workers>base @gkaissisCaught ForceObjectDelete called by workers>base @gkaissisCaught ForceObjectDelete called by workers>base @gkaissisCaught ForceObjectDelete called by workers>base @gkaissisCaught ForceObjectDelete called by workers>base @gkaissisCaught ForceObjectDelete called by workers>base @gkaissisCaught ForceObjectDelete called by workers>base @gkaissisCaught ForceObjectDelete called by workers>base @gkaissisCaught ForceObjectDelete called by workers>base @gkaissisCaught ForceObjectDelete called by workers>base @gkaissisCaught ForceObjectDelete called by workers>base @gkaissisCaught ForceObjectDelete called by workers>base @gkaissisCaught ForceObjectDelete called by workers>base @gkaissisCaught ForceObjectDelete called by workers>base @gkaissisCaught ForceObjectDelete called by workers>base @gkaissisCaught ForceObjectDelete called by workers>base @gkaissisCaught ForceObjectDelete called by workers>base @gkaissisCaught ForceObjectDelete called by workers>base @gkaissisCaught ForceObjectDelete called by workers>base @gkaissisCaught ForceObjectDelete called by workers>base @gkaissisCaught ForceObjectDelete called by workers>base @gkaissisCaught ForceObjectDelete called by workers>base @gkaissisCaught ForceObjectDelete called by workers>base @gkaissisCaught ForceObjectDelete called by workers>base @gkaissisCaught ForceObjectDelete called by workers>base @gkaissisCaught ForceObjectDelete called by workers>base @gkaissisCaught ForceObjectDelete called by workers>base @gkaissisCaught ForceObjectDelete called by workers>base @gkaissisCaught ForceObjectDelete called by workers>base @gkaissisCaught ForceObjectDelete called by workers>base @gkaissisCaught ForceObjectDelete called by workers>base @gkaissisCaught ForceObjectDelete called by workers>base @gkaissisCaught ForceObjectDelete called by workers>base @gkaissisCaught ForceObjectDelete called by workers>base @gkaissisCaught ForceObjectDelete called by workers>base @gkaissisCaught ForceObjectDelete called by workers>base @gkaissisCaught ForceObjectDelete called by workers>base @gkaissisCaught ForceObjectDelete called by workers>base @gkaissisCaught ForceObjectDelete called by workers>base @gkaissisCaught ForceObjectDelete called by workers>base @gkaissisCaught ForceObjectDelete called by workers>base @gkaissisCaught ForceObjectDelete called by workers>base @gkaissisCaught ForceObjectDelete called by workers>base @gkaissisCaught ForceObjectDelete called by workers>base @gkaissisCaught ForceObjectDelete called by workers>base @gkaissisCaught ForceObjectDelete called by workers>base @gkaissisCaught ForceObjectDelete called by workers>base @gkaissisCaught ForceObjectDelete called by workers>base @gkaissisCaught ForceObjectDelete called by workers>base @gkaissisCaught ForceObjectDelete called by workers>base @gkaissisCaught ForceObjectDelete called by workers>base @gkaissisCaught ForceObjectDelete called by workers>base @gkaissisCaught ForceObjectDelete called by workers>base @gkaissisCaught ForceObjectDelete called by workers>base @gkaissisCaught ForceObjectDelete called by workers>base @gkaissisCaught ForceObjectDelete called by workers>base @gkaissisCaught ForceObjectDelete called by workers>base @gkaissisCaught ForceObjectDelete called by workers>base @gkaissisCaught ForceObjectDelete called by workers>base @gkaissisCaught ForceObjectDelete called by workers>base @gkaissisCaught ForceObjectDelete called by workers>base @gkaissisCaught ForceObjectDelete called by workers>base @gkaissisCaught ForceObjectDelete called by workers>base @gkaissisCaught ForceObjectDelete called by workers>base @gkaissisCaught ForceObjectDelete called by workers>base @gkaissisCaught ForceObjectDelete called by workers>base @gkaissisCaught ForceObjectDelete called by workers>base @gkaissisCaught ForceObjectDelete called by workers>base @gkaissisCaught ForceObjectDelete called by workers>base @gkaissisCaught ForceObjectDelete called by workers>base @gkaissisCaught ForceObjectDelete called by workers>base @gkaissisCaught ForceObjectDelete called by workers>base @gkaissisCaught ForceObjectDelete called by workers>base @gkaissisCaught ForceObjectDelete called by workers>base @gkaissisCaught ForceObjectDelete called by workers>base @gkaissisCaught ForceObjectDelete called by workers>base @gkaissisCaught ForceObjectDelete called by workers>base @gkaissisCaught ForceObjectDelete called by workers>base @gkaissisCaught ForceObjectDelete called by workers>base @gkaissisCaught ForceObjectDelete called by workers>base @gkaissisCaught ForceObjectDelete called by workers>base @gkaissisCaught ForceObjectDelete called by workers>base @gkaissisCaught ForceObjectDelete called by workers>base @gkaissisCaught ForceObjectDelete called by workers>base @gkaissisCaught ForceObjectDelete called by workers>base @gkaissisCaught ForceObjectDelete called by workers>base @gkaissisCaught ForceObjectDelete called by workers>base @gkaissisCaught ForceObjectDelete called by workers>base @gkaissisCaught ForceObjectDelete called by workers>base @gkaissisCaught ForceObjectDelete called by workers>base @gkaissisCaught ForceObjectDelete called by workers>base @gkaissisCaught ForceObjectDelete called by workers>base @gkaissisCaught ForceObjectDelete called by workers>base @gkaissisCaught ForceObjectDelete called by workers>base @gkaissisCaught ForceObjectDelete called by workers>base @gkaissisCaught ForceObjectDelete called by workers>base @gkaissisCaught ForceObjectDelete called by workers>base @gkaissisCaught ForceObjectDelete called by workers>base @gkaissisCaught ForceObjectDelete called by workers>base @gkaissisCaught ForceObjectDelete called by workers>base @gkaissisCaught ForceObjectDelete called by workers>base @gkaissisCaught ForceObjectDelete called by workers>base @gkaissisCaught ForceObjectDelete called by workers>base @gkaissisCaught ForceObjectDelete called by workers>base @gkaissisCaught ForceObjectDelete called by workers>base @gkaissisCaught ForceObjectDelete called by workers>base @gkaissisCaught ForceObjectDelete called by workers>base @gkaissisCaught ForceObjectDelete called by workers>base @gkaissisCaught ForceObjectDelete called by workers>base @gkaissisCaught ForceObjectDelete called by workers>base @gkaissisCaught ForceObjectDelete called by workers>base @gkaissisCaught ForceObjectDelete called by workers>base @gkaissisCaught ForceObjectDelete called by workers>base @gkaissisCaught ForceObjectDelete called by workers>base @gkaissisCaught ForceObjectDelete called by workers>base @gkaissisCaught ForceObjectDelete called by workers>base @gkaissisCaught ForceObjectDelete called by workers>base @gkaissisCaught ForceObjectDelete called by workers>base @gkaissisCaught ForceObjectDelete called by workers>base @gkaissisCaught ForceObjectDelete called by workers>base @gkaissisCaught ForceObjectDelete called by workers>base @gkaissisCaught ForceObjectDelete called by workers>base @gkaissisCaught ForceObjectDelete called by workers>base @gkaissisCaught ForceObjectDelete called by workers>base @gkaissisCaught ForceObjectDelete called by workers>base @gkaissisCaught ForceObjectDelete called by workers>base @gkaissisCaught ForceObjectDelete called by workers>base @gkaissisCaught ForceObjectDelete called by workers>base @gkaissisCaught ForceObjectDelete called by workers>base @gkaissisCaught ForceObjectDelete called by workers>base @gkaissisCaught ForceObjectDelete called by workers>base @gkaissisCaught ForceObjectDelete called by workers>base @gkaissisCaught ForceObjectDelete called by workers>base @gkaissisCaught ForceObjectDelete called by workers>base @gkaissisCaught ForceObjectDelete called by workers>base @gkaissisCaught ForceObjectDelete called by workers>base @gkaissisCaught ForceObjectDelete called by workers>base @gkaissisCaught ForceObjectDelete called by workers>base @gkaissisCaught ForceObjectDelete called by workers>base @gkaissisCaught ForceObjectDelete called by workers>base @gkaissisCaught ForceObjectDelete called by workers>base @gkaissisCaught ForceObjectDelete called by workers>base @gkaissisCaught ForceObjectDelete called by workers>base @gkaissisCaught ForceObjectDelete called by workers>base @gkaissisCaught ForceObjectDelete called by workers>base @gkaissisCaught ForceObjectDelete called by workers>base @gkaissisCaught ForceObjectDelete called by workers>base @gkaissisCaught ForceObjectDelete called by workers>base @gkaissisCaught ForceObjectDelete called by workers>base @gkaissisCaught ForceObjectDelete called by workers>base @gkaissisCaught ForceObjectDelete called by workers>base @gkaissisCaught ForceObjectDelete called by workers>base @gkaissisCaught ForceObjectDelete called by workers>base @gkaissisCaught ForceObjectDelete called by workers>base @gkaissisCaught ForceObjectDelete called by workers>base @gkaissisCaught ForceObjectDelete called by workers>base @gkaissisCaught ForceObjectDelete called by workers>base @gkaissisCaught ForceObjectDelete called by workers>base @gkaissisCaught ForceObjectDelete called by workers>base @gkaissisCaught ForceObjectDelete called by workers>base @gkaissisCaught ForceObjectDelete called by workers>base @gkaissisCaught ForceObjectDelete called by workers>base @gkaissisCaught ForceObjectDelete called by workers>base @gkaissisCaught ForceObjectDelete called by workers>base @gkaissisCaught ForceObjectDelete called by workers>base @gkaissisCaught ForceObjectDelete called by workers>base @gkaissisCaught ForceObjectDelete called by workers>base @gkaissisCaught ForceObjectDelete called by workers>base @gkaissisCaught ForceObjectDelete called by workers>base @gkaissisCaught ForceObjectDelete called by workers>base @gkaissisCaught ForceObjectDelete called by workers>base @gkaissisCaught ForceObjectDelete called by workers>base @gkaissisCaught ForceObjectDelete called by workers>base @gkaissisCaught ForceObjectDelete called by workers>base @gkaissisCaught ForceObjectDelete called by workers>base @gkaissisCaught ForceObjectDelete called by workers>base @gkaissisCaught ForceObjectDelete called by workers>base @gkaissisCaught ForceObjectDelete called by workers>base @gkaissisCaught ForceObjectDelete called by workers>base @gkaissisCaught ForceObjectDelete called by workers>base @gkaissisCaught ForceObjectDelete called by workers>base @gkaissisCaught ForceObjectDelete called by workers>base @gkaissisCaught ForceObjectDelete called by workers>base @gkaissisCaught ForceObjectDelete called by workers>base @gkaissisCaught ForceObjectDelete called by workers>base @gkaissisCaught ForceObjectDelete called by workers>base @gkaissisCaught ForceObjectDelete called by workers>base @gkaissisCaught ForceObjectDelete called by workers>base @gkaissisCaught ForceObjectDelete called by workers>base @gkaissisCaught ForceObjectDelete called by workers>base @gkaissisCaught ForceObjectDelete called by workers>base @gkaissisCaught ForceObjectDelete called by workers>base @gkaissisCaught ForceObjectDelete called by workers>base @gkaissisCaught ForceObjectDelete called by workers>base @gkaissisCaught ForceObjectDelete called by workers>base @gkaissisCaught ForceObjectDelete called by workers>base @gkaissisCaught ForceObjectDelete called by workers>base @gkaissisCaught ForceObjectDelete called by workers>base @gkaissisCaught ForceObjectDelete called by workers>base @gkaissisCaught ForceObjectDelete called by workers>base @gkaissisCaught ForceObjectDelete called by workers>base @gkaissisCaught ForceObjectDelete called by workers>base @gkaissisCaught ForceObjectDelete called by workers>base @gkaissisCaught ForceObjectDelete called by workers>base @gkaissisCaught ForceObjectDelete called by workers>base @gkaissisCaught ForceObjectDelete called by workers>base @gkaissisCaught ForceObjectDelete called by workers>base @gkaissisCaught ForceObjectDelete called by workers>base @gkaissisCaught ForceObjectDelete called by workers>base @gkaissisCaught ForceObjectDelete called by workers>base @gkaissisCaught ForceObjectDelete called by workers>base @gkaissisCaught ForceObjectDelete called by workers>base @gkaissisCaught ForceObjectDelete called by workers>base @gkaissisCaught ForceObjectDelete called by workers>base @gkaissisCaught ForceObjectDelete called by workers>base @gkaissisCaught ForceObjectDelete called by workers>base @gkaissisCaught ForceObjectDelete called by workers>base @gkaissisCaught ForceObjectDelete called by workers>base @gkaissisCaught ForceObjectDelete called by workers>base @gkaissisCaught ForceObjectDelete called by workers>base @gkaissisCaught ForceObjectDelete called by workers>base @gkaissisCaught ForceObjectDelete called by workers>base @gkaissisCaught ForceObjectDelete called by workers>base @gkaissisCaught ForceObjectDelete called by workers>base @gkaissisCaught ForceObjectDelete called by workers>base @gkaissisCaught ForceObjectDelete called by workers>base @gkaissisCaught ForceObjectDelete called by workers>base @gkaissisCaught ForceObjectDelete called by workers>base @gkaissisCaught ForceObjectDelete called by workers>base @gkaissisCaught ForceObjectDelete called by workers>base @gkaissisCaught ForceObjectDelete called by workers>base @gkaissisCaught ForceObjectDelete called by workers>base @gkaissisCaught ForceObjectDelete called by workers>base @gkaissisCaught ForceObjectDelete called by workers>base @gkaissisCaught ForceObjectDelete called by workers>base @gkaissisCaught ForceObjectDelete called by workers>base @gkaissisCaught ForceObjectDelete called by workers>base @gkaissisCaught ForceObjectDelete called by workers>base @gkaissisCaught ForceObjectDelete called by workers>base @gkaissisCaught ForceObjectDelete called by workers>base @gkaissisCaught ForceObjectDelete called by workers>base @gkaissisCaught ForceObjectDelete called by workers>base @gkaissisCaught ForceObjectDelete called by workers>base @gkaissisCaught ForceObjectDelete called by workers>base @gkaissisCaught ForceObjectDelete called by workers>base @gkaissisCaught ForceObjectDelete called by workers>base @gkaissisCaught ForceObjectDelete called by workers>base @gkaissisCaught ForceObjectDelete called by workers>base @gkaissisCaught ForceObjectDelete called by workers>base @gkaissisCaught ForceObjectDelete called by workers>base @gkaissisCaught ForceObjectDelete called by workers>base @gkaissisCaught ForceObjectDelete called by workers>base @gkaissisCaught ForceObjectDelete called by workers>base @gkaissisCaught ForceObjectDelete called by workers>base @gkaissisCaught ForceObjectDelete called by workers>base @gkaissisCaught ForceObjectDelete called by workers>base @gkaissisCaught ForceObjectDelete called by workers>base @gkaissisCaught ForceObjectDelete called by workers>base @gkaissisCaught ForceObjectDelete called by workers>base @gkaissisCaught ForceObjectDelete called by workers>base @gkaissisCaught ForceObjectDelete called by workers>base @gkaissisCaught ForceObjectDelete called by workers>base @gkaissisCaught ForceObjectDelete called by workers>base @gkaissisCaught ForceObjectDelete called by workers>base @gkaissisCaught ForceObjectDelete called by workers>base @gkaissisCaught ForceObjectDelete called by workers>base @gkaissisCaught ForceObjectDelete called by workers>base @gkaissisCaught ForceObjectDelete called by workers>base @gkaissisCaught ForceObjectDelete called by workers>base @gkaissisCaught ForceObjectDelete called by workers>base @gkaissisCaught ForceObjectDelete called by workers>base @gkaissisCaught ForceObjectDelete called by workers>base @gkaissisCaught ForceObjectDelete called by workers>base @gkaissisCaught ForceObjectDelete called by workers>base @gkaissisCaught ForceObjectDelete called by workers>base @gkaissisCaught ForceObjectDelete called by workers>base @gkaissisCaught ForceObjectDelete called by workers>base @gkaissisCaught ForceObjectDelete called by workers>base @gkaissisCaught ForceObjectDelete called by workers>base @gkaissisCaught ForceObjectDelete called by workers>base @gkaissisCaught ForceObjectDelete called by workers>base @gkaissisCaught ForceObjectDelete called by workers>base @gkaissisCaught ForceObjectDelete called by workers>base @gkaissisCaught ForceObjectDelete called by workers>base @gkaissisCaught ForceObjectDelete called by workers>base @gkaissisCaught ForceObjectDelete called by workers>base @gkaissisCaught ForceObjectDelete called by workers>base @gkaissisCaught ForceObjectDelete called by workers>base @gkaissisCaught ForceObjectDelete called by workers>base @gkaissisCaught ForceObjectDelete called by workers>base @gkaissisCaught ForceObjectDelete called by workers>base @gkaissisCaught ForceObjectDelete called by workers>base @gkaissisCaught ForceObjectDelete called by workers>base @gkaissisCaught ForceObjectDelete called by workers>base @gkaissisCaught ForceObjectDelete called by workers>base @gkaissisCaught ForceObjectDelete called by workers>base @gkaissisCaught ForceObjectDelete called by workers>base @gkaissisCaught ForceObjectDelete called by workers>base @gkaissisCaught ForceObjectDelete called by workers>base @gkaissisCaught ForceObjectDelete called by workers>base @gkaissisCaught ForceObjectDelete called by workers>base @gkaissisCaught ForceObjectDelete called by workers>base @gkaissisCaught ForceObjectDelete called by workers>base @gkaissisCaught ForceObjectDelete called by workers>base @gkaissisCaught ForceObjectDelete called by workers>base @gkaissisCaught ForceObjectDelete called by workers>base @gkaissisCaught ForceObjectDelete called by workers>base @gkaissisCaught ForceObjectDelete called by workers>base @gkaissisCaught ForceObjectDelete called by workers>base @gkaissisCaught ForceObjectDelete called by workers>base @gkaissisCaught ForceObjectDelete called by workers>base @gkaissisCaught ForceObjectDelete called by workers>base @gkaissisCaught ForceObjectDelete called by workers>base @gkaissisCaught ForceObjectDelete called by workers>base @gkaissisCaught ForceObjectDelete called by workers>base @gkaissisCaught ForceObjectDelete called by workers>base @gkaissisCaught ForceObjectDelete called by workers>base @gkaissisCaught ForceObjectDelete called by workers>base @gkaissisCaught ForceObjectDelete called by workers>base @gkaissisCaught ForceObjectDelete called by workers>base @gkaissisCaught ForceObjectDelete called by workers>base @gkaissisCaught ForceObjectDelete called by workers>base @gkaissisCaught ForceObjectDelete called by workers>base @gkaissisCaught ForceObjectDelete called by workers>base @gkaissisCaught ForceObjectDelete called by workers>base @gkaissisCaught ForceObjectDelete called by workers>base @gkaissisCaught ForceObjectDelete called by workers>base @gkaissisCaught ForceObjectDelete called by workers>base @gkaissisCaught ForceObjectDelete called by workers>base @gkaissisCaught ForceObjectDelete called by workers>base @gkaissisCaught ForceObjectDelete called by workers>base @gkaissisCaught ForceObjectDelete called by workers>base @gkaissisCaught ForceObjectDelete called by workers>base @gkaissisCaught ForceObjectDelete called by workers>base @gkaissisCaught ForceObjectDelete called by workers>base @gkaissisCaught ForceObjectDelete called by workers>base @gkaissisCaught ForceObjectDelete called by workers>base @gkaissisCaught ForceObjectDelete called by workers>base @gkaissisCaught ForceObjectDelete called by workers>base @gkaissisCaught ForceObjectDelete called by workers>base @gkaissisCaught ForceObjectDelete called by workers>base @gkaissisCaught ForceObjectDelete called by workers>base @gkaissisCaught ForceObjectDelete called by workers>base @gkaissisCaught ForceObjectDelete called by workers>base @gkaissisCaught ForceObjectDelete called by workers>base @gkaissisCaught ForceObjectDelete called by workers>base @gkaissisCaught ForceObjectDelete called by workers>base @gkaissisCaught ForceObjectDelete called by workers>base @gkaissisCaught ForceObjectDelete called by workers>base @gkaissisCaught ForceObjectDelete called by workers>base @gkaissisCaught ForceObjectDelete called by workers>base @gkaissisCaught ForceObjectDelete called by workers>base @gkaissisCaught ForceObjectDelete called by workers>base @gkaissisCaught ForceObjectDelete called by workers>base @gkaissisCaught ForceObjectDelete called by workers>base @gkaissisCaught ForceObjectDelete called by workers>base @gkaissisCaught ForceObjectDelete called by workers>base @gkaissisCaught ForceObjectDelete called by workers>base @gkaissisCaught ForceObjectDelete called by workers>base @gkaissisCaught ForceObjectDelete called by workers>base @gkaissisCaught ForceObjectDelete called by workers>base @gkaissisCaught ForceObjectDelete called by workers>base @gkaissisCaught ForceObjectDelete called by workers>base @gkaissisCaught ForceObjectDelete called by workers>base @gkaissisCaught ForceObjectDelete called by workers>base @gkaissisCaught ForceObjectDelete called by workers>base @gkaissisCaught ForceObjectDelete called by workers>base @gkaissisCaught ForceObjectDelete called by workers>base @gkaissisCaught ForceObjectDelete called by workers>base @gkaissisCaught ForceObjectDelete called by workers>base @gkaissisCaught ForceObjectDelete called by workers>base @gkaissisCaught ForceObjectDelete called by workers>base @gkaissisCaught ForceObjectDelete called by workers>base @gkaissisCaught ForceObjectDelete called by workers>base @gkaissisCaught ForceObjectDelete called by workers>base @gkaissisCaught ForceObjectDelete called by workers>base @gkaissisCaught ForceObjectDelete called by workers>base @gkaissisCaught ForceObjectDelete called by workers>base @gkaissisCaught ForceObjectDelete called by workers>base @gkaissisCaught ForceObjectDelete called by workers>base @gkaissisCaught ForceObjectDelete called by workers>base @gkaissisCaught ForceObjectDelete called by workers>base @gkaissisCaught ForceObjectDelete called by workers>base @gkaissisCaught ForceObjectDelete called by workers>base @gkaissisCaught ForceObjectDelete called by workers>base @gkaissisCaught ForceObjectDelete called by workers>base @gkaissisCaught ForceObjectDelete called by workers>base @gkaissisCaught ForceObjectDelete called by workers>base @gkaissisCaught ForceObjectDelete called by workers>base @gkaissisCaught ForceObjectDelete called by workers>base @gkaissisCaught ForceObjectDelete called by workers>base @gkaissisCaught ForceObjectDelete called by workers>base @gkaissisCaught ForceObjectDelete called by workers>base @gkaissisCaught ForceObjectDelete called by workers>base @gkaissisCaught ForceObjectDelete called by workers>base @gkaissisCaught ForceObjectDelete called by workers>base @gkaissisCaught ForceObjectDelete called by workers>base @gkaissisCaught ForceObjectDelete called by workers>base @gkaissisCaught ForceObjectDelete called by workers>base @gkaissisCaught ForceObjectDelete called by workers>base @gkaissisCaught ForceObjectDelete called by workers>base @gkaissisCaught ForceObjectDelete called by workers>base @gkaissisCaught ForceObjectDelete called by workers>base @gkaissisCaught ForceObjectDelete called by workers>base @gkaissisCaught ForceObjectDelete called by workers>base @gkaissisCaught ForceObjectDelete called by workers>base @gkaissisCaught ForceObjectDelete called by workers>base @gkaissisCaught ForceObjectDelete called by workers>base @gkaissisCaught ForceObjectDelete called by workers>base @gkaissisCaught ForceObjectDelete called by workers>base @gkaissisCaught ForceObjectDelete called by workers>base @gkaissisCaught ForceObjectDelete called by workers>base @gkaissisCaught ForceObjectDelete called by workers>base @gkaissisCaught ForceObjectDelete called by workers>base @gkaissisCaught ForceObjectDelete called by workers>base @gkaissisCaught ForceObjectDelete called by workers>base @gkaissisCaught ForceObjectDelete called by workers>base @gkaissisCaught ForceObjectDelete called by workers>base @gkaissisCaught ForceObjectDelete called by workers>base @gkaissisCaught ForceObjectDelete called by workers>base @gkaissisCaught ForceObjectDelete called by workers>base @gkaissisCaught ForceObjectDelete called by workers>base @gkaissisCaught ForceObjectDelete called by workers>base @gkaissisCaught ForceObjectDelete called by workers>base @gkaissisCaught ForceObjectDelete called by workers>base @gkaissisCaught ForceObjectDelete called by workers>base @gkaissisCaught ForceObjectDelete called by workers>base @gkaissisCaught ForceObjectDelete called by workers>base @gkaissisCaught ForceObjectDelete called by workers>base @gkaissisCaught ForceObjectDelete called by workers>base @gkaissisCaught ForceObjectDelete called by workers>base @gkaissisCaught ForceObjectDelete called by workers>base @gkaissisCaught ForceObjectDelete called by workers>base @gkaissisCaught ForceObjectDelete called by workers>base @gkaissisCaught ForceObjectDelete called by workers>base @gkaissisCaught ForceObjectDelete called by workers>base @gkaissisCaught ForceObjectDelete called by workers>base @gkaissisCaught ForceObjectDelete called by workers>base @gkaissisCaught ForceObjectDelete called by workers>base @gkaissisCaught ForceObjectDelete called by workers>base @gkaissisCaught ForceObjectDelete called by workers>base @gkaissisCaught ForceObjectDelete called by workers>base @gkaissisCaught ForceObjectDelete called by workers>base @gkaissisCaught ForceObjectDelete called by workers>base @gkaissisCaught ForceObjectDelete called by workers>base @gkaissisCaught ForceObjectDelete called by workers>base @gkaissisCaught ForceObjectDelete called by workers>base @gkaissisCaught ForceObjectDelete called by workers>base @gkaissisCaught ForceObjectDelete called by workers>base @gkaissisCaught ForceObjectDelete called by workers>base @gkaissisCaught ForceObjectDelete called by workers>base @gkaissisCaught ForceObjectDelete called by workers>base @gkaissisCaught ForceObjectDelete called by workers>base @gkaissisCaught ForceObjectDelete called by workers>base @gkaissisCaught ForceObjectDelete called by workers>base @gkaissisCaught ForceObjectDelete called by workers>base @gkaissisCaught ForceObjectDelete called by workers>base @gkaissisCaught ForceObjectDelete called by workers>base @gkaissisCaught ForceObjectDelete called by workers>base @gkaissisCaught ForceObjectDelete called by workers>base @gkaissisCaught ForceObjectDelete called by workers>base @gkaissisCaught ForceObjectDelete called by workers>base @gkaissisCaught ForceObjectDelete called by workers>base @gkaissisCaught ForceObjectDelete called by workers>base @gkaissisCaught ForceObjectDelete called by workers>base @gkaissisCaught ForceObjectDelete called by workers>base @gkaissisCaught ForceObjectDelete called by workers>base @gkaissisCaught ForceObjectDelete called by workers>base @gkaissisCaught ForceObjectDelete called by workers>base @gkaissisCaught ForceObjectDelete called by workers>base @gkaissisCaught ForceObjectDelete called by workers>base @gkaissisCaught ForceObjectDelete called by workers>base @gkaissisCaught ForceObjectDelete called by workers>base @gkaissisCaught ForceObjectDelete called by workers>base @gkaissisCaught ForceObjectDelete called by workers>base @gkaissisCaught ForceObjectDelete called by workers>base @gkaissisCaught ForceObjectDelete called by workers>base @gkaissisCaught ForceObjectDelete called by workers>base @gkaissisCaught ForceObjectDelete called by workers>base @gkaissisCaught ForceObjectDelete called by workers>base @gkaissisCaught ForceObjectDelete called by workers>base @gkaissisCaught ForceObjectDelete called by workers>base @gkaissisCaught ForceObjectDelete called by workers>base @gkaissisCaught ForceObjectDelete called by workers>base @gkaissisCaught ForceObjectDelete called by workers>base @gkaissisCaught ForceObjectDelete called by workers>base @gkaissisCaught ForceObjectDelete called by workers>base @gkaissisCaught ForceObjectDelete called by workers>base @gkaissisCaught ForceObjectDelete called by workers>base @gkaissisCaught ForceObjectDelete called by workers>base @gkaissisCaught ForceObjectDelete called by workers>base @gkaissisCaught ForceObjectDelete called by workers>base @gkaissisCaught ForceObjectDelete called by workers>base @gkaissisCaught ForceObjectDelete called by workers>base @gkaissisCaught ForceObjectDelete called by workers>base @gkaissisCaught ForceObjectDelete called by workers>base @gkaissisCaught ForceObjectDelete called by workers>base @gkaissisCaught ForceObjectDelete called by workers>base @gkaissisCaught ForceObjectDelete called by workers>base @gkaissisCaught ForceObjectDelete called by workers>base @gkaissisCaught ForceObjectDelete called by workers>base @gkaissisCaught ForceObjectDelete called by workers>base @gkaissisCaught ForceObjectDelete called by workers>base @gkaissisCaught ForceObjectDelete called by workers>base @gkaissisCaught ForceObjectDelete called by workers>base @gkaissisCaught ForceObjectDelete called by workers>base @gkaissisCaught ForceObjectDelete called by workers>base @gkaissisCaught ForceObjectDelete called by workers>base @gkaissisCaught ForceObjectDelete called by workers>base @gkaissisCaught ForceObjectDelete called by workers>base @gkaissisCaught ForceObjectDelete called by workers>base @gkaissisCaught ForceObjectDelete called by workers>base @gkaissisCaught ForceObjectDelete called by workers>base @gkaissisCaught ForceObjectDelete called by workers>base @gkaissisCaught ForceObjectDelete called by workers>base @gkaissisCaught ForceObjectDelete called by workers>base @gkaissisCaught ForceObjectDelete called by workers>base @gkaissisCaught ForceObjectDelete called by workers>base @gkaissisCaught ForceObjectDelete called by workers>base @gkaissisCaught ForceObjectDelete called by workers>base @gkaissisCaught ForceObjectDelete called by workers>base @gkaissisCaught ForceObjectDelete called by workers>base @gkaissisCaught ForceObjectDelete called by workers>base @gkaissisCaught ForceObjectDelete called by workers>base @gkaissisCaught ForceObjectDelete called by workers>base @gkaissisCaught ForceObjectDelete called by workers>base @gkaissisCaught ForceObjectDelete called by workers>base @gkaissisCaught ForceObjectDelete called by workers>base @gkaissisCaught ForceObjectDelete called by workers>base @gkaissisCaught ForceObjectDelete called by workers>base @gkaissisCaught ForceObjectDelete called by workers>base @gkaissisCaught ForceObjectDelete called by workers>base @gkaissisCaught ForceObjectDelete called by workers>base @gkaissisCaught ForceObjectDelete called by workers>base @gkaissisCaught ForceObjectDelete called by workers>base @gkaissisCaught ForceObjectDelete called by workers>base @gkaissisCaught ForceObjectDelete called by workers>base @gkaissisCaught ForceObjectDelete called by workers>base @gkaissisCaught ForceObjectDelete called by workers>base @gkaissisCaught ForceObjectDelete called by workers>base @gkaissisCaught ForceObjectDelete called by workers>base @gkaissisCaught ForceObjectDelete called by workers>base @gkaissisCaught ForceObjectDelete called by workers>base @gkaissisCaught ForceObjectDelete called by workers>base @gkaissisCaught ForceObjectDelete called by workers>base @gkaissisCaught ForceObjectDelete called by workers>base @gkaissisCaught ForceObjectDelete called by workers>base @gkaissisCaught ForceObjectDelete called by workers>base @gkaissisCaught ForceObjectDelete called by workers>base @gkaissisCaught ForceObjectDelete called by workers>base @gkaissisCaught ForceObjectDelete called by workers>base @gkaissisCaught ForceObjectDelete called by workers>base @gkaissisCaught ForceObjectDelete called by workers>base @gkaissisCaught ForceObjectDelete called by workers>base @gkaissisCaught ForceObjectDelete called by workers>base @gkaissisCaught ForceObjectDelete called by workers>base @gkaissisCaught ForceObjectDelete called by workers>base @gkaissisCaught ForceObjectDelete called by workers>base @gkaissisCaught ForceObjectDelete called by workers>base @gkaissisde_register_obj called by generic>pointers>object_pointer @gkaissis
Train batch 0: 100%|██████████| 3/3 [00:06<00:00,  2.23s/it]
                                                            Training with secure aggregation: 100%|██████████| 1/1 [00:06<00:00,  6.73s/it]                                                                               Caught ForceObjectDelete called by workers>base @gkaissisCaught ForceObjectDelete called by workers>base @gkaissisCaught ForceObjectDelete called by workers>base @gkaissisCaught ForceObjectDelete called by workers>base @gkaissistesting epoch 1:   0%|          | 0/12 [00:00<?, ?it/s]testing epoch 1:  33%|███▎      | 4/12 [00:00<00:00, 36.10it/s]testing epoch 1:  58%|█████▊    | 7/12 [00:00<00:00, 31.75it/s]testing epoch 1:  83%|████████▎ | 10/12 [00:00<00:00, 31.18it/s]                                                                Caught ForceObjectDelete called by workers>base @gkaissisCaught ForceObjectDelete called by workers>base @gkaissisCaught ForceObjectDelete called by workers>base @gkaissisCaught ForceObjectDelete called by workers>base @gkaissisCaught ForceObjectDelete called by workers>base @gkaissisCaught ForceObjectDelete called by workers>base @gkaissisCaught ForceObjectDelete called by workers>base @gkaissisCaught ForceObjectDelete called by workers>base @gkaissisCaught ForceObjectDelete called by workers>base @gkaissisCaught ForceObjectDelete called by workers>base @gkaissisCaught ForceObjectDelete called by workers>base @gkaissisCaught ForceObjectDelete called by workers>base @gkaissisCaught ForceObjectDelete called by workers>base @gkaissisCaught ForceObjectDelete called by workers>base @gkaissisCaught ForceObjectDelete called by workers>base @gkaissisCaught ForceObjectDelete called by workers>base @gkaissisCaught ForceObjectDelete called by workers>base @gkaissisCaught ForceObjectDelete called by workers>base @gkaissisCaught ForceObjectDelete called by workers>base @gkaissisCaught ForceObjectDelete called by workers>base @gkaissisCaught ForceObjectDelete called by workers>base @gkaissisCaught ForceObjectDelete called by workers>base @gkaissisCaught ForceObjectDelete called by workers>base @gkaissisCaught ForceObjectDelete called by workers>base @gkaissisCaught ForceObjectDelete called by workers>base @gkaissisCaught ForceObjectDelete called by workers>base @gkaissisCaught ForceObjectDelete called by workers>base @gkaissisCaught ForceObjectDelete called by workers>base @gkaissisCaught ForceObjectDelete called by workers>base @gkaissisCaught ForceObjectDelete called by workers>base @gkaissisCaught ForceObjectDelete called by workers>base @gkaissisCaught ForceObjectDelete called by workers>base @gkaissisCaught ForceObjectDelete called by workers>base @gkaissisCaught ForceObjectDelete called by workers>base @gkaissisCaught ForceObjectDelete called by workers>base @gkaissisCaught ForceObjectDelete called by workers>base @gkaissisCaught ForceObjectDelete called by workers>base @gkaissisCaught ForceObjectDelete called by workers>base @gkaissisCaught ForceObjectDelete called by workers>base @gkaissisCaught ForceObjectDelete called by workers>base @gkaissisCaught ForceObjectDelete called by workers>base @gkaissisCaught ForceObjectDelete called by workers>base @gkaissisCaught ForceObjectDelete called by workers>base @gkaissisCaught ForceObjectDelete called by workers>base @gkaissisCaught ForceObjectDelete called by workers>base @gkaissisCaught ForceObjectDelete called by workers>base @gkaissisCaught ForceObjectDelete called by workers>base @gkaissisCaught ForceObjectDelete called by workers>base @gkaissisCaught ForceObjectDelete called by workers>base @gkaissisCaught ForceObjectDelete called by workers>base @gkaissisCaught ForceObjectDelete called by workers>base @gkaissisCaught ForceObjectDelete called by workers>base @gkaissisCaught ForceObjectDelete called by workers>base @gkaissisCaught ForceObjectDelete called by workers>base @gkaissisCaught ForceObjectDelete called by workers>base @gkaissisCaught ForceObjectDelete called by workers>base @gkaissisCaught ForceObjectDelete called by workers>base @gkaissisCaught ForceObjectDelete called by workers>base @gkaissisCaught ForceObjectDelete called by workers>base @gkaissisCaught ForceObjectDelete called by workers>base @gkaissisCaught ForceObjectDelete called by workers>base @gkaissisCaught ForceObjectDelete called by workers>base @gkaissisCaught ForceObjectDelete called by workers>base @gkaissisCaught ForceObjectDelete called by workers>base @gkaissisCaught ForceObjectDelete called by workers>base @gkaissisCaught ForceObjectDelete called by workers>base @gkaissisCaught ForceObjectDelete called by workers>base @gkaissisCaught ForceObjectDelete called by workers>base @gkaissisCaught ForceObjectDelete called by workers>base @gkaissisCaught ForceObjectDelete called by workers>base @gkaissisCaught ForceObjectDelete called by workers>base @gkaissisCaught ForceObjectDelete called by workers>base @gkaissisCaught ForceObjectDelete called by workers>base @gkaissisCaught ForceObjectDelete called by workers>base @gkaissisCaught ForceObjectDelete called by workers>base @gkaissisCaught ForceObjectDelete called by workers>base @gkaissisCaught ForceObjectDelete called by workers>base @gkaissisCaught ForceObjectDelete called by workers>base @gkaissisCaught ForceObjectDelete called by workers>base @gkaissisCaught ForceObjectDelete called by workers>base @gkaissisCaught ForceObjectDelete called by workers>base @gkaissisCaught ForceObjectDelete called by workers>base @gkaissisCaught ForceObjectDelete called by workers>base @gkaissisCaught ForceObjectDelete called by workers>base @gkaissisCaught ForceObjectDelete called by workers>base @gkaissisCaught ForceObjectDelete called by workers>base @gkaissisCaught ForceObjectDelete called by workers>base @gkaissisCaught ForceObjectDelete called by workers>base @gkaissisCaught ForceObjectDelete called by workers>base @gkaissisCaught ForceObjectDelete called by workers>base @gkaissisCaught ForceObjectDelete called by workers>base @gkaissisCaught ForceObjectDelete called by workers>base @gkaissisCaught ForceObjectDelete called by workers>base @gkaissisCaught ForceObjectDelete called by workers>base @gkaissisCaught ForceObjectDelete called by workers>base @gkaissisCaught ForceObjectDelete called by workers>base @gkaissisCaught ForceObjectDelete called by workers>base @gkaissisCaught ForceObjectDelete called by workers>base @gkaissisCaught ForceObjectDelete called by workers>base @gkaissisCaught ForceObjectDelete called by workers>base @gkaissisCaught ForceObjectDelete called by workers>base @gkaissisCaught ForceObjectDelete called by workers>base @gkaissisCaught ForceObjectDelete called by workers>base @gkaissisCaught ForceObjectDelete called by workers>base @gkaissisCaught ForceObjectDelete called by workers>base @gkaissisCaught ForceObjectDelete called by workers>base @gkaissisCaught ForceObjectDelete called by workers>base @gkaissisCaught ForceObjectDelete called by workers>base @gkaissisCaught ForceObjectDelete called by workers>base @gkaissisCaught ForceObjectDelete called by workers>base @gkaissisCaught ForceObjectDelete called by workers>base @gkaissisCaught ForceObjectDelete called by workers>base @gkaissisCaught ForceObjectDelete called by workers>base @gkaissisCaught ForceObjectDelete called by workers>base @gkaissisCaught ForceObjectDelete called by workers>base @gkaissisCaught ForceObjectDelete called by workers>base @gkaissisCaught ForceObjectDelete called by workers>base @gkaissisCaught ForceObjectDelete called by workers>base @gkaissisCaught ForceObjectDelete called by workers>base @gkaissisCaught ForceObjectDelete called by workers>base @gkaissisCaught ForceObjectDelete called by workers>base @gkaissisCaught ForceObjectDelete called by workers>base @gkaissisCaught ForceObjectDelete called by workers>base @gkaissisCaught ForceObjectDelete called by workers>base @gkaissisCaught ForceObjectDelete called by workers>base @gkaissisCaught ForceObjectDelete called by workers>base @gkaissisCaught ForceObjectDelete called by workers>base @gkaissisCaught ForceObjectDelete called by workers>base @gkaissisCaught ForceObjectDelete called by workers>base @gkaissisCaught ForceObjectDelete called by workers>base @gkaissisCaught ForceObjectDelete called by workers>base @gkaissisCaught ForceObjectDelete called by workers>base @gkaissisCaught ForceObjectDelete called by workers>base @gkaissisCaught ForceObjectDelete called by workers>base @gkaissisCaught ForceObjectDelete called by workers>base @gkaissisCaught ForceObjectDelete called by workers>base @gkaissisCaught ForceObjectDelete called by workers>base @gkaissisCaught ForceObjectDelete called by workers>base @gkaissisCaught ForceObjectDelete called by workers>base @gkaissisCaught ForceObjectDelete called by workers>base @gkaissisCaught ForceObjectDelete called by workers>base @gkaissisCaught ForceObjectDelete called by workers>base @gkaissisCaught ForceObjectDelete called by workers>base @gkaissisCaught ForceObjectDelete called by workers>base @gkaissisCaught ForceObjectDelete called by workers>base @gkaissisCaught ForceObjectDelete called by workers>base @gkaissisCaught ForceObjectDelete called by workers>base @gkaissisCaught ForceObjectDelete called by workers>base @gkaissisCaught ForceObjectDelete called by workers>base @gkaissisCaught ForceObjectDelete called by workers>base @gkaissisCaught ForceObjectDelete called by workers>base @gkaissisCaught ForceObjectDelete called by workers>base @gkaissisCaught ForceObjectDelete called by workers>base @gkaissisCaught ForceObjectDelete called by workers>base @gkaissisCaught ForceObjectDelete called by workers>base @gkaissisCaught ForceObjectDelete called by workers>base @gkaissisCaught ForceObjectDelete called by workers>base @gkaissisCaught ForceObjectDelete called by workers>base @gkaissisCaught ForceObjectDelete called by workers>base @gkaissisCaught ForceObjectDelete called by workers>base @gkaissisCaught ForceObjectDelete called by workers>base @gkaissisCaught ForceObjectDelete called by workers>base @gkaissisCaught ForceObjectDelete called by workers>base @gkaissisCaught ForceObjectDelete called by workers>base @gkaissisCaught ForceObjectDelete called by workers>base @gkaissisCaught ForceObjectDelete called by workers>base @gkaissisCaught ForceObjectDelete called by workers>base @gkaissisCaught ForceObjectDelete called by workers>base @gkaissisCaught ForceObjectDelete called by workers>base @gkaissisCaught ForceObjectDelete called by workers>base @gkaissisCaught ForceObjectDelete called by workers>base @gkaissisCaught ForceObjectDelete called by workers>base @gkaissisCaught ForceObjectDelete called by workers>base @gkaissisCaught ForceObjectDelete called by workers>base @gkaissisCaught ForceObjectDelete called by workers>base @gkaissisCaught ForceObjectDelete called by workers>base @gkaissisCaught ForceObjectDelete called by workers>base @gkaissisCaught ForceObjectDelete called by workers>base @gkaissisCaught ForceObjectDelete called by workers>base @gkaissisCaught ForceObjectDelete called by workers>base @gkaissisCaught ForceObjectDelete called by workers>base @gkaissisCaught ForceObjectDelete called by workers>base @gkaissisCaught ForceObjectDelete called by workers>base @gkaissisCaught ForceObjectDelete called by workers>base @gkaissisCaught ForceObjectDelete called by workers>base @gkaissisCaught ForceObjectDelete called by workers>base @gkaissisCaught ForceObjectDelete called by workers>base @gkaissisCaught ForceObjectDelete called by workers>base @gkaissisCaught ForceObjectDelete called by workers>base @gkaissisCaught ForceObjectDelete called by workers>base @gkaissisCaught ForceObjectDelete called by workers>base @gkaissisCaught ForceObjectDelete called by workers>base @gkaissisCaught ForceObjectDelete called by workers>base @gkaissisCaught ForceObjectDelete called by workers>base @gkaissisCaught ForceObjectDelete called by workers>base @gkaissisCaught ForceObjectDelete called by workers>base @gkaissisCaught ForceObjectDelete called by workers>base @gkaissisCaught ForceObjectDelete called by workers>base @gkaissisCaught ForceObjectDelete called by workers>base @gkaissisCaught ForceObjectDelete called by workers>base @gkaissisCaught ForceObjectDelete called by workers>base @gkaissisCaught ForceObjectDelete called by workers>base @gkaissisCaught ForceObjectDelete called by workers>base @gkaissisCaught ForceObjectDelete called by workers>base @gkaissisCaught ForceObjectDelete called by workers>base @gkaissisCaught ForceObjectDelete called by workers>base @gkaissisCaught ForceObjectDelete called by workers>base @gkaissisCaught ForceObjectDelete called by workers>base @gkaissisCaught ForceObjectDelete called by workers>base @gkaissisCaught ForceObjectDelete called by workers>base @gkaissisCaught ForceObjectDelete called by workers>base @gkaissisCaught ForceObjectDelete called by workers>base @gkaissisCaught ForceObjectDelete called by workers>base @gkaissisCaught ForceObjectDelete called by workers>base @gkaissisCaught ForceObjectDelete called by workers>base @gkaissisCaught ForceObjectDelete called by workers>base @gkaissisCaught ForceObjectDelete called by workers>base @gkaissisCaught ForceObjectDelete called by workers>base @gkaissisCaught ForceObjectDelete called by workers>base @gkaissisCaught ForceObjectDelete called by workers>base @gkaissisCaught ForceObjectDelete called by workers>base @gkaissisCaught ForceObjectDelete called by workers>base @gkaissisCaught ForceObjectDelete called by workers>base @gkaissisCaught ForceObjectDelete called by workers>base @gkaissisCaught ForceObjectDelete called by workers>base @gkaissisCaught ForceObjectDelete called by workers>base @gkaissisCaught ForceObjectDelete called by workers>base @gkaissisCaught ForceObjectDelete called by workers>base @gkaissisCaught ForceObjectDelete called by workers>base @gkaissisCaught ForceObjectDelete called by workers>base @gkaissisCaught ForceObjectDelete called by workers>base @gkaissisCaught ForceObjectDelete called by workers>base @gkaissisCaught ForceObjectDelete called by workers>base @gkaissisCaught ForceObjectDelete called by workers>base @gkaissisCaught ForceObjectDelete called by workers>base @gkaissisCaught ForceObjectDelete called by workers>base @gkaissisCaught ForceObjectDelete called by workers>base @gkaissisCaught ForceObjectDelete called by workers>base @gkaissisCaught ForceObjectDelete called by workers>base @gkaissisCaught ForceObjectDelete called by workers>base @gkaissisCaught ForceObjectDelete called by workers>base @gkaissisCaught ForceObjectDelete called by workers>base @gkaissisCaught ForceObjectDelete called by workers>base @gkaissisCaught ForceObjectDelete called by workers>base @gkaissisCaught ForceObjectDelete called by workers>base @gkaissisCaught ForceObjectDelete called by workers>base @gkaissisCaught ForceObjectDelete called by workers>base @gkaissisCaught ForceObjectDelete called by workers>base @gkaissisCaught ForceObjectDelete called by workers>base @gkaissisCaught ForceObjectDelete called by workers>base @gkaissisCaught ForceObjectDelete called by workers>base @gkaissisCaught ForceObjectDelete called by workers>base @gkaissisCaught ForceObjectDelete called by workers>base @gkaissisCaught ForceObjectDelete called by workers>base @gkaissisCaught ForceObjectDelete called by workers>base @gkaissisCaught ForceObjectDelete called by workers>base @gkaissisCaught ForceObjectDelete called by workers>base @gkaissisCaught ForceObjectDelete called by workers>base @gkaissisCaught ForceObjectDelete called by workers>base @gkaissisCaught ForceObjectDelete called by workers>base @gkaissisCaught ForceObjectDelete called by workers>base @gkaissisCaught ForceObjectDelete called by workers>base @gkaissisCaught ForceObjectDelete called by workers>base @gkaissisCaught ForceObjectDelete called by workers>base @gkaissisCaught ForceObjectDelete called by workers>base @gkaissisCaught ForceObjectDelete called by workers>base @gkaissisCaught ForceObjectDelete called by workers>base @gkaissisCaught ForceObjectDelete called by workers>base @gkaissisCaught ForceObjectDelete called by workers>base @gkaissisCaught ForceObjectDelete called by workers>base @gkaissisCaught ForceObjectDelete called by workers>base @gkaissisCaught ForceObjectDelete called by workers>base @gkaissisCaught ForceObjectDelete called by workers>base @gkaissisCaught ForceObjectDelete called by workers>base @gkaissisCaught ForceObjectDelete called by workers>base @gkaissisCaught ForceObjectDelete called by workers>base @gkaissisCaught ForceObjectDelete called by workers>base @gkaissisCaught ForceObjectDelete called by workers>base @gkaissisCaught ForceObjectDelete called by workers>base @gkaissisCaught ForceObjectDelete called by workers>base @gkaissisCaught ForceObjectDelete called by workers>base @gkaissisCaught ForceObjectDelete called by workers>base @gkaissisCaught ForceObjectDelete called by workers>base @gkaissisCaught ForceObjectDelete called by workers>base @gkaissisCaught ForceObjectDelete called by workers>base @gkaissisCaught ForceObjectDelete called by workers>base @gkaissisCaught ForceObjectDelete called by workers>base @gkaissisCaught ForceObjectDelete called by workers>base @gkaissisCaught ForceObjectDelete called by workers>base @gkaissisCaught ForceObjectDelete called by workers>base @gkaissisCaught ForceObjectDelete called by workers>base @gkaissisCaught ForceObjectDelete called by workers>base @gkaissisCaught ForceObjectDelete called by workers>base @gkaissisCaught ForceObjectDelete called by workers>base @gkaissisCaught ForceObjectDelete called by workers>base @gkaissisCaught ForceObjectDelete called by workers>base @gkaissisCaught ForceObjectDelete called by workers>base @gkaissisCaught ForceObjectDelete called by workers>base @gkaissisCaught ForceObjectDelete called by workers>base @gkaissisCaught ForceObjectDelete called by workers>base @gkaissisCaught ForceObjectDelete called by workers>base @gkaissisCaught ForceObjectDelete called by workers>base @gkaissisCaught ForceObjectDelete called by workers>base @gkaissisCaught ForceObjectDelete called by workers>base @gkaissisCaught ForceObjectDelete called by workers>base @gkaissisCaught ForceObjectDelete called by workers>base @gkaissisCaught ForceObjectDelete called by workers>base @gkaissisCaught ForceObjectDelete called by workers>base @gkaissisCaught ForceObjectDelete called by workers>base @gkaissisCaught ForceObjectDelete called by workers>base @gkaissisCaught ForceObjectDelete called by workers>base @gkaissisCaught ForceObjectDelete called by workers>base @gkaissisCaught ForceObjectDelete called by workers>base @gkaissisCaught ForceObjectDelete called by workers>base @gkaissisCaught ForceObjectDelete called by workers>base @gkaissisCaught ForceObjectDelete called by workers>base @gkaissisCaught ForceObjectDelete called by workers>base @gkaissisCaught ForceObjectDelete called by workers>base @gkaissisCaught ForceObjectDelete called by workers>base @gkaissisCaught ForceObjectDelete called by workers>base @gkaissisCaught ForceObjectDelete called by workers>base @gkaissisCaught ForceObjectDelete called by workers>base @gkaissisCaught ForceObjectDelete called by workers>base @gkaissisCaught ForceObjectDelete called by workers>base @gkaissisCaught ForceObjectDelete called by workers>base @gkaissisCaught ForceObjectDelete called by workers>base @gkaissisCaught ForceObjectDelete called by workers>base @gkaissisCaught ForceObjectDelete called by workers>base @gkaissisCaught ForceObjectDelete called by workers>base @gkaissisCaught ForceObjectDelete called by workers>base @gkaissisCaught ForceObjectDelete called by workers>base @gkaissisCaught ForceObjectDelete called by workers>base @gkaissisCaught ForceObjectDelete called by workers>base @gkaissisCaught ForceObjectDelete called by workers>base @gkaissisCaught ForceObjectDelete called by workers>base @gkaissisCaught ForceObjectDelete called by workers>base @gkaissisCaught ForceObjectDelete called by workers>base @gkaissisCaught ForceObjectDelete called by workers>base @gkaissisCaught ForceObjectDelete called by workers>base @gkaissisCaught ForceObjectDelete called by workers>base @gkaissisCaught ForceObjectDelete called by workers>base @gkaissisCaught ForceObjectDelete called by workers>base @gkaissisCaught ForceObjectDelete called by workers>base @gkaissisCaught ForceObjectDelete called by workers>base @gkaissisCaught ForceObjectDelete called by workers>base @gkaissisCaught ForceObjectDelete called by workers>base @gkaissisCaught ForceObjectDelete called by workers>base @gkaissisCaught ForceObjectDelete called by workers>base @gkaissisCaught ForceObjectDelete called by workers>base @gkaissisCaught ForceObjectDelete called by workers>base @gkaissisCaught ForceObjectDelete called by workers>base @gkaissisCaught ForceObjectDelete called by workers>base @gkaissisCaught ForceObjectDelete called by workers>base @gkaissisCaught ForceObjectDelete called by workers>base @gkaissisCaught ForceObjectDelete called by workers>base @gkaissisCaught ForceObjectDelete called by workers>base @gkaissisCaught ForceObjectDelete called by workers>base @gkaissisCaught ForceObjectDelete called by workers>base @gkaissisCaught ForceObjectDelete called by workers>base @gkaissisCaught ForceObjectDelete called by workers>base @gkaissisCaught ForceObjectDelete called by workers>base @gkaissisCaught ForceObjectDelete called by workers>base @gkaissisCaught ForceObjectDelete called by workers>base @gkaissisCaught ForceObjectDelete called by workers>base @gkaissisCaught ForceObjectDelete called by workers>base @gkaissisCaught ForceObjectDelete called by workers>base @gkaissisde_register_obj called by generic>pointers>object_pointer @gkaissisde_register_obj called by generic>pointers>object_pointer @gkaissisde_register_obj called by generic>pointers>object_pointer @gkaissisde_register_obj called by generic>pointers>object_pointer @gkaissisde_register_obj called by generic>pointers>object_pointer @gkaissisde_register_obj called by generic>pointers>object_pointer @gkaissisde_register_obj called by generic>pointers>object_pointer @gkaissisde_register_obj called by generic>pointers>object_pointer @gkaissisde_register_obj called by generic>pointers>object_pointer @gkaissisde_register_obj called by generic>pointers>object_pointer @gkaissisde_register_obj called by generic>pointers>object_pointer @gkaissisde_register_obj called by generic>pointers>object_pointer @gkaissisde_register_obj called by generic>pointers>object_pointer @gkaissisde_register_obj called by generic>pointers>object_pointer @gkaissisde_register_obj called by generic>pointers>object_pointer @gkaissisde_register_obj called by generic>pointers>object_pointer @gkaissisde_register_obj called by generic>pointers>object_pointer @gkaissisde_register_obj called by generic>pointers>object_pointer @gkaissisde_register_obj called by generic>pointers>object_pointer @gkaissisde_register_obj called by generic>pointers>object_pointer @gkaissisde_register_obj called by generic>pointers>object_pointer @gkaissisde_register_obj called by generic>pointers>object_pointer @gkaissisde_register_obj called by generic>pointers>object_pointer @gkaissisde_register_obj called by generic>pointers>object_pointer @gkaissisde_register_obj called by generic>pointers>object_pointer @gkaissisde_register_obj called by generic>pointers>object_pointer @gkaissisde_register_obj called by generic>pointers>object_pointer @gkaissisde_register_obj called by generic>pointers>object_pointer @gkaissisde_register_obj called by generic>pointers>object_pointer @gkaissisde_register_obj called by generic>pointers>object_pointer @gkaissisde_register_obj called by generic>pointers>object_pointer @gkaissisde_register_obj called by generic>pointers>object_pointer @gkaissisde_register_obj called by generic>pointers>object_pointer @gkaissisde_register_obj called by generic>pointers>object_pointer @gkaissisde_register_obj called by generic>pointers>object_pointer @gkaissisde_register_obj called by generic>pointers>object_pointer @gkaissisde_register_obj called by generic>pointers>object_pointer @gkaissisde_register_obj called by generic>pointers>object_pointer @gkaissisde_register_obj called by generic>pointers>object_pointer @gkaissisde_register_obj called by generic>pointers>object_pointer @gkaissisde_register_obj called by generic>pointers>object_pointer @gkaissisde_register_obj called by generic>pointers>object_pointer @gkaissisde_register_obj called by generic>pointers>object_pointer @gkaissisde_register_obj called by generic>pointers>object_pointer @gkaissisde_register_obj called by generic>pointers>object_pointer @gkaissisde_register_obj called by generic>pointers>object_pointer @gkaissisde_register_obj called by generic>pointers>object_pointer @gkaissisde_register_obj called by generic>pointers>object_pointer @gkaissisde_register_obj called by generic>pointers>object_pointer @gkaissisde_register_obj called by generic>pointers>object_pointer @gkaissisde_register_obj called by generic>pointers>object_pointer @gkaissisde_register_obj called by generic>pointers>object_pointer @gkaissisde_register_obj called by generic>pointers>object_pointer @gkaissisde_register_obj called by generic>pointers>object_pointer @gkaissisde_register_obj called by generic>pointers>object_pointer @gkaissisde_register_obj called by generic>pointers>object_pointer @gkaissisde_register_obj called by generic>pointers>object_pointer @gkaissisde_register_obj called by generic>pointers>object_pointer @gkaissisde_register_obj called by generic>pointers>object_pointer @gkaissisde_register_obj called by generic>pointers>object_pointer @gkaissisde_register_obj called by generic>pointers>object_pointer @gkaissisde_register_obj called by generic>pointers>object_pointer @gkaissisde_register_obj called by generic>pointers>object_pointer @gkaissisde_register_obj called by generic>pointers>object_pointer @gkaissisde_register_obj called by generic>pointers>object_pointer @gkaissisde_register_obj called by generic>pointers>object_pointer @gkaissisde_register_obj called by generic>pointers>object_pointer @gkaissisde_register_obj called by generic>pointers>object_pointer @gkaissisde_register_obj called by generic>pointers>object_pointer @gkaissisde_register_obj called by generic>pointers>object_pointer @gkaissisde_register_obj called by generic>pointers>object_pointer @gkaissisde_register_obj called by generic>pointers>object_pointer @gkaissisde_register_obj called by generic>pointers>object_pointer @gkaissisde_register_obj called by generic>pointers>object_pointer @gkaissisde_register_obj called by generic>pointers>object_pointer @gkaissisde_register_obj called by generic>pointers>object_pointer @gkaissisde_register_obj called by generic>pointers>object_pointer @gkaissisde_register_obj called by generic>pointers>object_pointer @gkaissisde_register_obj called by generic>pointers>object_pointer @gkaissisde_register_obj called by generic>pointers>object_pointer @gkaissisde_register_obj called by generic>pointers>object_pointer @gkaissisde_register_obj called by generic>pointers>object_pointer @gkaissisde_register_obj called by generic>pointers>object_pointer @gkaissisde_register_obj called by generic>pointers>object_pointer @gkaissisde_register_obj called by generic>pointers>object_pointer @gkaissisde_register_obj called by generic>pointers>object_pointer @gkaissisde_register_obj called by generic>pointers>object_pointer @gkaissisde_register_obj called by generic>pointers>object_pointer @gkaissisde_register_obj called by generic>pointers>object_pointer @gkaissisde_register_obj called by generic>pointers>object_pointer @gkaissisde_register_obj called by generic>pointers>object_pointer @gkaissisde_register_obj called by generic>pointers>object_pointer @gkaissisde_register_obj called by generic>pointers>object_pointer @gkaissisde_register_obj called by generic>pointers>object_pointer @gkaissisde_register_obj called by generic>pointers>object_pointer @gkaissisde_register_obj called by generic>pointers>object_pointer @gkaissisde_register_obj called by generic>pointers>object_pointer @gkaissisde_register_obj called by generic>pointers>object_pointer @gkaissisde_register_obj called by generic>pointers>object_pointer @gkaissisde_register_obj called by generic>pointers>object_pointer @gkaissisde_register_obj called by generic>pointers>object_pointer @gkaissisde_register_obj called by generic>pointers>object_pointer @gkaissisde_register_obj called by generic>pointers>object_pointer @gkaissisde_register_obj called by generic>pointers>object_pointer @gkaissisde_register_obj called by generic>pointers>object_pointer @gkaissisde_register_obj called by generic>pointers>object_pointer @gkaissisde_register_obj called by generic>pointers>object_pointer @gkaissisde_register_obj called by generic>pointers>object_pointer @gkaissisde_register_obj called by generic>pointers>object_pointer @gkaissisde_register_obj called by generic>pointers>object_pointer @gkaissisde_register_obj called by generic>pointers>object_pointer @gkaissisde_register_obj called by generic>pointers>object_pointer @gkaissisde_register_obj called by generic>pointers>object_pointer @gkaissisde_register_obj called by generic>pointers>object_pointer @gkaissisde_register_obj called by generic>pointers>object_pointer @gkaissisde_register_obj called by generic>pointers>object_pointer @gkaissisde_register_obj called by generic>pointers>object_pointer @gkaissisde_register_obj called by generic>pointers>object_pointer @gkaissisde_register_obj called by generic>pointers>object_pointer @gkaissisde_register_obj called by generic>pointers>object_pointer @gkaissisde_register_obj called by generic>pointers>object_pointer @gkaissisde_register_obj called by generic>pointers>object_pointer @gkaissisCaught ForceObjectDelete called by workers>base @gkaissisCaught ForceObjectDelete called by workers>base @gkaissisCaught ForceObjectDelete called by workers>base @gkaissisCaught ForceObjectDelete called by workers>base @gkaissisCaught ForceObjectDelete called by workers>base @gkaissisCaught ForceObjectDelete called by workers>base @gkaissisCaught ForceObjectDelete called by workers>base @gkaissisCaught ForceObjectDelete called by workers>base @gkaissisCaught ForceObjectDelete called by workers>base @gkaissisCaught ForceObjectDelete called by workers>base @gkaissisCaught ForceObjectDelete called by workers>base @gkaissisCaught ForceObjectDelete called by workers>base @gkaissisCaught ForceObjectDelete called by workers>base @gkaissisCaught ForceObjectDelete called by workers>base @gkaissisCaught ForceObjectDelete called by workers>base @gkaissisCaught ForceObjectDelete called by workers>base @gkaissisCaught ForceObjectDelete called by workers>base @gkaissisCaught ForceObjectDelete called by workers>base @gkaissisCaught ForceObjectDelete called by workers>base @gkaissisCaught ForceObjectDelete called by workers>base @gkaissisCaught ForceObjectDelete called by workers>base @gkaissisCaught ForceObjectDelete called by workers>base @gkaissisCaught ForceObjectDelete called by workers>base @gkaissisCaught ForceObjectDelete called by workers>base @gkaissisCaught ForceObjectDelete called by workers>base @gkaissisCaught ForceObjectDelete called by workers>base @gkaissisCaught ForceObjectDelete called by workers>base @gkaissisCaught ForceObjectDelete called by workers>base @gkaissisCaught ForceObjectDelete called by workers>base @gkaissisCaught ForceObjectDelete called by workers>base @gkaissisCaught ForceObjectDelete called by workers>base @gkaissisCaught ForceObjectDelete called by workers>base @gkaissisCaught ForceObjectDelete called by workers>base @gkaissisCaught ForceObjectDelete called by workers>base @gkaissisCaught ForceObjectDelete called by workers>base @gkaissisCaught ForceObjectDelete called by workers>base @gkaissisCaught ForceObjectDelete called by workers>base @gkaissisCaught ForceObjectDelete called by workers>base @gkaissisCaught ForceObjectDelete called by workers>base @gkaissisCaught ForceObjectDelete called by workers>base @gkaissisCaught ForceObjectDelete called by workers>base @gkaissisCaught ForceObjectDelete called by workers>base @gkaissisCaught ForceObjectDelete called by workers>base @gkaissisCaught ForceObjectDelete called by workers>base @gkaissisCaught ForceObjectDelete called by workers>base @gkaissisCaught ForceObjectDelete called by workers>base @gkaissisCaught ForceObjectDelete called by workers>base @gkaissisCaught ForceObjectDelete called by workers>base @gkaissisCaught ForceObjectDelete called by workers>base @gkaissisCaught ForceObjectDelete called by workers>base @gkaissisCaught ForceObjectDelete called by workers>base @gkaissisCaught ForceObjectDelete called by workers>base @gkaissisCaught ForceObjectDelete called by workers>base @gkaissisCaught ForceObjectDelete called by workers>base @gkaissisCaught ForceObjectDelete called by workers>base @gkaissisCaught ForceObjectDelete called by workers>base @gkaissisCaught ForceObjectDelete called by workers>base @gkaissisCaught ForceObjectDelete called by workers>base @gkaissisCaught ForceObjectDelete called by workers>base @gkaissisCaught ForceObjectDelete called by workers>base @gkaissisCaught ForceObjectDelete called by workers>base @gkaissisCaught ForceObjectDelete called by workers>base @gkaissisCaught ForceObjectDelete called by workers>base @gkaissisCaught ForceObjectDelete called by workers>base @gkaissisCaught ForceObjectDelete called by workers>base @gkaissisCaught ForceObjectDelete called by workers>base @gkaissisCaught ForceObjectDelete called by workers>base @gkaissisCaught ForceObjectDelete called by workers>base @gkaissisCaught ForceObjectDelete called by workers>base @gkaissisCaught ForceObjectDelete called by workers>base @gkaissisCaught ForceObjectDelete called by workers>base @gkaissisCaught ForceObjectDelete called by workers>base @gkaissisCaught ForceObjectDelete called by workers>base @gkaissisCaught ForceObjectDelete called by workers>base @gkaissisCaught ForceObjectDelete called by workers>base @gkaissisCaught ForceObjectDelete called by workers>base @gkaissisCaught ForceObjectDelete called by workers>base @gkaissisCaught ForceObjectDelete called by workers>base @gkaissisCaught ForceObjectDelete called by workers>base @gkaissisCaught ForceObjectDelete called by workers>base @gkaissisCaught ForceObjectDelete called by workers>base @gkaissisCaught ForceObjectDelete called by workers>base @gkaissisCaught ForceObjectDelete called by workers>base @gkaissisCaught ForceObjectDelete called by workers>base @gkaissisCaught ForceObjectDelete called by workers>base @gkaissisCaught ForceObjectDelete called by workers>base @gkaissisCaught ForceObjectDelete called by workers>base @gkaissisCaught ForceObjectDelete called by workers>base @gkaissisCaught ForceObjectDelete called by workers>base @gkaissisCaught ForceObjectDelete called by workers>base @gkaissisCaught ForceObjectDelete called by workers>base @gkaissisCaught ForceObjectDelete called by workers>base @gkaissisCaught ForceObjectDelete called by workers>base @gkaissisCaught ForceObjectDelete called by workers>base @gkaissisCaught ForceObjectDelete called by workers>base @gkaissisCaught ForceObjectDelete called by workers>base @gkaissisCaught ForceObjectDelete called by workers>base @gkaissisCaught ForceObjectDelete called by workers>base @gkaissisCaught ForceObjectDelete called by workers>base @gkaissisCaught ForceObjectDelete called by workers>base @gkaissisCaught ForceObjectDelete called by workers>base @gkaissisCaught ForceObjectDelete called by workers>base @gkaissisCaught ForceObjectDelete called by workers>base @gkaissisCaught ForceObjectDelete called by workers>base @gkaissisCaught ForceObjectDelete called by workers>base @gkaissisCaught ForceObjectDelete called by workers>base @gkaissisCaught ForceObjectDelete called by workers>base @gkaissisCaught ForceObjectDelete called by workers>base @gkaissisCaught ForceObjectDelete called by workers>base @gkaissisCaught ForceObjectDelete called by workers>base @gkaissisCaught ForceObjectDelete called by workers>base @gkaissisCaught ForceObjectDelete called by workers>base @gkaissisCaught ForceObjectDelete called by workers>base @gkaissisCaught ForceObjectDelete called by workers>base @gkaissisCaught ForceObjectDelete called by workers>base @gkaissisCaught ForceObjectDelete called by workers>base @gkaissisCaught ForceObjectDelete called by workers>base @gkaissisCaught ForceObjectDelete called by workers>base @gkaissisCaught ForceObjectDelete called by workers>base @gkaissisCaught ForceObjectDelete called by workers>base @gkaissisCaught ForceObjectDelete called by workers>base @gkaissisCaught ForceObjectDelete called by workers>base @gkaissisCaught ForceObjectDelete called by workers>base @gkaissisCaught ForceObjectDelete called by workers>base @gkaissisCaught ForceObjectDelete called by workers>base @gkaissisCaught ForceObjectDelete called by workers>base @gkaissisCaught ForceObjectDelete called by workers>base @gkaissisCaught ForceObjectDelete called by workers>base @gkaissisCaught ForceObjectDelete called by workers>base @gkaissisCaught ForceObjectDelete called by workers>base @gkaissisCaught ForceObjectDelete called by workers>base @gkaissisCaught ForceObjectDelete called by workers>base @gkaissisCaught ForceObjectDelete called by workers>base @gkaissisCaught ForceObjectDelete called by workers>base @gkaissisCaught ForceObjectDelete called by workers>base @gkaissisCaught ForceObjectDelete called by workers>base @gkaissisCaught ForceObjectDelete called by workers>base @gkaissisCaught ForceObjectDelete called by workers>base @gkaissisCaught ForceObjectDelete called by workers>base @gkaissisCaught ForceObjectDelete called by workers>base @gkaissisCaught ForceObjectDelete called by workers>base @gkaissisCaught ForceObjectDelete called by workers>base @gkaissisCaught ForceObjectDelete called by workers>base @gkaissisCaught ForceObjectDelete called by workers>base @gkaissisCaught ForceObjectDelete called by workers>base @gkaissisCaught ForceObjectDelete called by workers>base @gkaissisCaught ForceObjectDelete called by workers>base @gkaissisCaught ForceObjectDelete called by workers>base @gkaissisCaught ForceObjectDelete called by workers>base @gkaissisCaught ForceObjectDelete called by workers>base @gkaissisCaught ForceObjectDelete called by workers>base @gkaissisCaught ForceObjectDelete called by workers>base @gkaissisCaught ForceObjectDelete called by workers>base @gkaissisCaught ForceObjectDelete called by workers>base @gkaissisCaught ForceObjectDelete called by workers>base @gkaissisCaught ForceObjectDelete called by workers>base @gkaissisCaught ForceObjectDelete called by workers>base @gkaissisCaught ForceObjectDelete called by workers>base @gkaissisCaught ForceObjectDelete called by workers>base @gkaissisCaught ForceObjectDelete called by workers>base @gkaissisCaught ForceObjectDelete called by workers>base @gkaissisCaught ForceObjectDelete called by workers>base @gkaissisCaught ForceObjectDelete called by workers>base @gkaissisCaught ForceObjectDelete called by workers>base @gkaissisCaught ForceObjectDelete called by workers>base @gkaissisCaught ForceObjectDelete called by workers>base @gkaissisCaught ForceObjectDelete called by workers>base @gkaissisCaught ForceObjectDelete called by workers>base @gkaissisCaught ForceObjectDelete called by workers>base @gkaissisCaught ForceObjectDelete called by workers>base @gkaissisCaught ForceObjectDelete called by workers>base @gkaissisCaught ForceObjectDelete called by workers>base @gkaissisCaught ForceObjectDelete called by workers>base @gkaissisCaught ForceObjectDelete called by workers>base @gkaissisCaught ForceObjectDelete called by workers>base @gkaissisCaught ForceObjectDelete called by workers>base @gkaissisCaught ForceObjectDelete called by workers>base @gkaissisCaught ForceObjectDelete called by workers>base @gkaissisCaught ForceObjectDelete called by workers>base @gkaissisCaught ForceObjectDelete called by workers>base @gkaissisCaught ForceObjectDelete called by workers>base @gkaissisCaught ForceObjectDelete called by workers>base @gkaissisCaught ForceObjectDelete called by workers>base @gkaissisCaught ForceObjectDelete called by workers>base @gkaissisCaught ForceObjectDelete called by workers>base @gkaissisCaught ForceObjectDelete called by workers>base @gkaissisCaught ForceObjectDelete called by workers>base @gkaissisCaught ForceObjectDelete called by workers>base @gkaissisCaught ForceObjectDelete called by workers>base @gkaissisCaught ForceObjectDelete called by workers>base @gkaissisCaught ForceObjectDelete called by workers>base @gkaissisCaught ForceObjectDelete called by workers>base @gkaissisCaught ForceObjectDelete called by workers>base @gkaissisCaught ForceObjectDelete called by workers>base @gkaissisCaught ForceObjectDelete called by workers>base @gkaissisCaught ForceObjectDelete called by workers>base @gkaissisCaught ForceObjectDelete called by workers>base @gkaissisCaught ForceObjectDelete called by workers>base @gkaissisCaught ForceObjectDelete called by workers>base @gkaissisCaught ForceObjectDelete called by workers>base @gkaissisCaught ForceObjectDelete called by workers>base @gkaissisCaught ForceObjectDelete called by workers>base @gkaissisCaught ForceObjectDelete called by workers>base @gkaissisCaught ForceObjectDelete called by workers>base @gkaissisCaught ForceObjectDelete called by workers>base @gkaissisCaught ForceObjectDelete called by workers>base @gkaissisCaught ForceObjectDelete called by workers>base @gkaissisCaught ForceObjectDelete called by workers>base @gkaissisCaught ForceObjectDelete called by workers>base @gkaissisCaught ForceObjectDelete called by workers>base @gkaissisCaught ForceObjectDelete called by workers>base @gkaissisCaught ForceObjectDelete called by workers>base @gkaissisCaught ForceObjectDelete called by workers>base @gkaissisCaught ForceObjectDelete called by workers>base @gkaissisCaught ForceObjectDelete called by workers>base @gkaissisCaught ForceObjectDelete called by workers>base @gkaissisCaught ForceObjectDelete called by workers>base @gkaissisCaught ForceObjectDelete called by workers>base @gkaissisCaught ForceObjectDelete called by workers>base @gkaissisCaught ForceObjectDelete called by workers>base @gkaissisCaught ForceObjectDelete called by workers>base @gkaissisCaught ForceObjectDelete called by workers>base @gkaissisCaught ForceObjectDelete called by workers>base @gkaissisCaught ForceObjectDelete called by workers>base @gkaissisCaught ForceObjectDelete called by workers>base @gkaissisCaught ForceObjectDelete called by workers>base @gkaissisCaught ForceObjectDelete called by workers>base @gkaissisCaught ForceObjectDelete called by workers>base @gkaissisCaught ForceObjectDelete called by workers>base @gkaissisCaught ForceObjectDelete called by workers>base @gkaissisCaught ForceObjectDelete called by workers>base @gkaissisCaught ForceObjectDelete called by workers>base @gkaissisCaught ForceObjectDelete called by workers>base @gkaissisCaught ForceObjectDelete called by workers>base @gkaissisCaught ForceObjectDelete called by workers>base @gkaissisCaught ForceObjectDelete called by workers>base @gkaissisCaught ForceObjectDelete called by workers>base @gkaissisCaught ForceObjectDelete called by workers>base @gkaissisCaught ForceObjectDelete called by workers>base @gkaissisCaught ForceObjectDelete called by workers>base @gkaissisCaught ForceObjectDelete called by workers>base @gkaissisCaught ForceObjectDelete called by workers>base @gkaissisCaught ForceObjectDelete called by workers>base @gkaissisCaught ForceObjectDelete called by workers>base @gkaissisCaught ForceObjectDelete called by workers>base @gkaissisCaught ForceObjectDelete called by workers>base @gkaissisCaught ForceObjectDelete called by workers>base @gkaissisCaught ForceObjectDelete called by workers>base @gkaissisCaught ForceObjectDelete called by workers>base @gkaissisCaught ForceObjectDelete called by workers>base @gkaissisCaught ForceObjectDelete called by workers>base @gkaissisCaught ForceObjectDelete called by workers>base @gkaissisCaught ForceObjectDelete called by workers>base @gkaissisCaught ForceObjectDelete called by workers>base @gkaissisCaught ForceObjectDelete called by workers>base @gkaissisCaught ForceObjectDelete called by workers>base @gkaissisCaught ForceObjectDelete called by workers>base @gkaissisCaught ForceObjectDelete called by workers>base @gkaissisCaught ForceObjectDelete called by workers>base @gkaissisCaught ForceObjectDelete called by workers>base @gkaissisCaught ForceObjectDelete called by workers>base @gkaissisCaught ForceObjectDelete called by workers>base @gkaissisCaught ForceObjectDelete called by workers>base @gkaissisCaught ForceObjectDelete called by workers>base @gkaissisCaught ForceObjectDelete called by workers>base @gkaissisCaught ForceObjectDelete called by workers>base @gkaissisCaught ForceObjectDelete called by workers>base @gkaissisCaught ForceObjectDelete called by workers>base @gkaissisCaught ForceObjectDelete called by workers>base @gkaissisCaught ForceObjectDelete called by workers>base @gkaissisCaught ForceObjectDelete called by workers>base @gkaissisCaught ForceObjectDelete called by workers>base @gkaissisCaught ForceObjectDelete called by workers>base @gkaissisCaught ForceObjectDelete called by workers>base @gkaissisCaught ForceObjectDelete called by workers>base @gkaissisCaught ForceObjectDelete called by workers>base @gkaissisCaught ForceObjectDelete called by workers>base @gkaissisCaught ForceObjectDelete called by workers>base @gkaissisCaught ForceObjectDelete called by workers>base @gkaissisCaught ForceObjectDelete called by workers>base @gkaissisCaught ForceObjectDelete called by workers>base @gkaissisCaught ForceObjectDelete called by workers>base @gkaissisCaught ForceObjectDelete called by workers>base @gkaissisCaught ForceObjectDelete called by workers>base @gkaissisCaught ForceObjectDelete called by workers>base @gkaissisCaught ForceObjectDelete called by workers>base @gkaissisCaught ForceObjectDelete called by workers>base @gkaissisCaught ForceObjectDelete called by workers>base @gkaissisCaught ForceObjectDelete called by workers>base @gkaissisCaught ForceObjectDelete called by workers>base @gkaissisCaught ForceObjectDelete called by workers>base @gkaissisCaught ForceObjectDelete called by workers>base @gkaissisCaught ForceObjectDelete called by workers>base @gkaissisCaught ForceObjectDelete called by workers>base @gkaissisCaught ForceObjectDelete called by workers>base @gkaissisCaught ForceObjectDelete called by workers>base @gkaissisCaught ForceObjectDelete called by workers>base @gkaissisCaught ForceObjectDelete called by workers>base @gkaissisCaught ForceObjectDelete called by workers>base @gkaissisCaught ForceObjectDelete called by workers>base @gkaissisCaught ForceObjectDelete called by workers>base @gkaissisCaught ForceObjectDelete called by workers>base @gkaissisCaught ForceObjectDelete called by workers>base @gkaissisCaught ForceObjectDelete called by workers>base @gkaissisCaught ForceObjectDelete called by workers>base @gkaissisCaught ForceObjectDelete called by workers>base @gkaissisCaught ForceObjectDelete called by workers>base @gkaissisCaught ForceObjectDelete called by workers>base @gkaissisCaught ForceObjectDelete called by workers>base @gkaissisCaught ForceObjectDelete called by workers>base @gkaissisCaught ForceObjectDelete called by workers>base @gkaissisCaught ForceObjectDelete called by workers>base @gkaissisCaught ForceObjectDelete called by workers>base @gkaissisCaught ForceObjectDelete called by workers>base @gkaissisCaught ForceObjectDelete called by workers>base @gkaissisCaught ForceObjectDelete called by workers>base @gkaissisCaught ForceObjectDelete called by workers>base @gkaissisCaught ForceObjectDelete called by workers>base @gkaissisCaught ForceObjectDelete called by workers>base @gkaissisCaught ForceObjectDelete called by workers>base @gkaissisCaught ForceObjectDelete called by workers>base @gkaissisCaught ForceObjectDelete called by workers>base @gkaissisCaught ForceObjectDelete called by workers>base @gkaissisCaught ForceObjectDelete called by workers>base @gkaissisCaught ForceObjectDelete called by workers>base @gkaissisCaught ForceObjectDelete called by workers>base @gkaissisCaught ForceObjectDelete called by workers>base @gkaissisCaught ForceObjectDelete called by workers>base @gkaissisCaught ForceObjectDelete called by workers>base @gkaissisCaught ForceObjectDelete called by workers>base @gkaissisCaught ForceObjectDelete called by workers>base @gkaissisCaught ForceObjectDelete called by workers>base @gkaissisCaught ForceObjectDelete called by workers>base @gkaissisCaught ForceObjectDelete called by workers>base @gkaissisCaught ForceObjectDelete called by workers>base @gkaissisCaught ForceObjectDelete called by workers>base @gkaissisCaught ForceObjectDelete called by workers>base @gkaissisCaught ForceObjectDelete called by workers>base @gkaissisCaught ForceObjectDelete called by workers>base @gkaissisCaught ForceObjectDelete called by workers>base @gkaissisCaught ForceObjectDelete called by workers>base @gkaissisCaught ForceObjectDelete called by workers>base @gkaissisCaught ForceObjectDelete called by workers>base @gkaissisCaught ForceObjectDelete called by workers>base @gkaissisCaught ForceObjectDelete called by workers>base @gkaissisCaught ForceObjectDelete called by workers>base @gkaissisCaught ForceObjectDelete called by workers>base @gkaissisCaught ForceObjectDelete called by workers>base @gkaissisCaught ForceObjectDelete called by workers>base @gkaissisCaught ForceObjectDelete called by workers>base @gkaissisCaught ForceObjectDelete called by workers>base @gkaissisCaught ForceObjectDelete called by workers>base @gkaissisCaught ForceObjectDelete called by workers>base @gkaissisCaught ForceObjectDelete called by workers>base @gkaissisCaught ForceObjectDelete called by workers>base @gkaissisCaught ForceObjectDelete called by workers>base @gkaissisCaught ForceObjectDelete called by workers>base @gkaissisCaught ForceObjectDelete called by workers>base @gkaissisCaught ForceObjectDelete called by workers>base @gkaissisCaught ForceObjectDelete called by workers>base @gkaissisCaught ForceObjectDelete called by workers>base @gkaissisCaught ForceObjectDelete called by workers>base @gkaissisCaught ForceObjectDelete called by workers>base @gkaissisCaught ForceObjectDelete called by workers>base @gkaissisCaught ForceObjectDelete called by workers>base @gkaissisCaught ForceObjectDelete called by workers>base @gkaissisde_register_obj called by generic>pointers>object_pointer @gkaissisde_register_obj called by generic>pointers>object_pointer @gkaissisde_register_obj called by generic>pointers>object_pointer @gkaissisde_register_obj called by generic>pointers>object_pointer @gkaissisde_register_obj called by generic>pointers>object_pointer @gkaissisde_register_obj called by generic>pointers>object_pointer @gkaissisde_register_obj called by generic>pointers>object_pointer @gkaissisde_register_obj called by generic>pointers>object_pointer @gkaissisde_register_obj called by generic>pointers>object_pointer @gkaissisde_register_obj called by generic>pointers>object_pointer @gkaissisde_register_obj called by generic>pointers>object_pointer @gkaissisde_register_obj called by generic>pointers>object_pointer @gkaissisde_register_obj called by generic>pointers>object_pointer @gkaissisde_register_obj called by generic>pointers>object_pointer @gkaissisde_register_obj called by generic>pointers>object_pointer @gkaissisde_register_obj called by generic>pointers>object_pointer @gkaissisde_register_obj called by generic>pointers>object_pointer @gkaissisde_register_obj called by generic>pointers>object_pointer @gkaissisde_register_obj called by generic>pointers>object_pointer @gkaissisde_register_obj called by generic>pointers>object_pointer @gkaissisde_register_obj called by generic>pointers>object_pointer @gkaissisde_register_obj called by generic>pointers>object_pointer @gkaissisde_register_obj called by generic>pointers>object_pointer @gkaissisde_register_obj called by generic>pointers>object_pointer @gkaissisde_register_obj called by generic>pointers>object_pointer @gkaissisde_register_obj called by generic>pointers>object_pointer @gkaissisde_register_obj called by generic>pointers>object_pointer @gkaissisde_register_obj called by generic>pointers>object_pointer @gkaissisde_register_obj called by generic>pointers>object_pointer @gkaissisde_register_obj called by generic>pointers>object_pointer @gkaissisde_register_obj called by generic>pointers>object_pointer @gkaissisde_register_obj called by generic>pointers>object_pointer @gkaissisde_register_obj called by generic>pointers>object_pointer @gkaissisde_register_obj called by generic>pointers>object_pointer @gkaissisde_register_obj called by generic>pointers>object_pointer @gkaissisde_register_obj called by generic>pointers>object_pointer @gkaissisde_register_obj called by generic>pointers>object_pointer @gkaissisde_register_obj called by generic>pointers>object_pointer @gkaissisde_register_obj called by generic>pointers>object_pointer @gkaissisde_register_obj called by generic>pointers>object_pointer @gkaissisde_register_obj called by generic>pointers>object_pointer @gkaissisde_register_obj called by generic>pointers>object_pointer @gkaissisde_register_obj called by generic>pointers>object_pointer @gkaissisde_register_obj called by generic>pointers>object_pointer @gkaissisde_register_obj called by generic>pointers>object_pointer @gkaissisde_register_obj called by generic>pointers>object_pointer @gkaissisde_register_obj called by generic>pointers>object_pointer @gkaissisde_register_obj called by generic>pointers>object_pointer @gkaissisde_register_obj called by generic>pointers>object_pointer @gkaissisde_register_obj called by generic>pointers>object_pointer @gkaissisde_register_obj called by generic>pointers>object_pointer @gkaissisde_register_obj called by generic>pointers>object_pointer @gkaissisde_register_obj called by generic>pointers>object_pointer @gkaissisde_register_obj called by generic>pointers>object_pointer @gkaissisde_register_obj called by generic>pointers>object_pointer @gkaissisde_register_obj called by generic>pointers>object_pointer @gkaissisde_register_obj called by generic>pointers>object_pointer @gkaissisde_register_obj called by generic>pointers>object_pointer @gkaissisde_register_obj called by generic>pointers>object_pointer @gkaissisde_register_obj called by generic>pointers>object_pointer @gkaissisde_register_obj called by generic>pointers>object_pointer @gkaissisde_register_obj called by generic>pointers>object_pointer @gkaissisde_register_obj called by generic>pointers>object_pointer @gkaissisde_register_obj called by generic>pointers>object_pointer @gkaissisde_register_obj called by generic>pointers>object_pointer @gkaissisde_register_obj called by generic>pointers>object_pointer @gkaissisde_register_obj called by generic>pointers>object_pointer @gkaissisde_register_obj called by generic>pointers>object_pointer @gkaissisde_register_obj called by generic>pointers>object_pointer @gkaissisde_register_obj called by generic>pointers>object_pointer @gkaissisde_register_obj called by generic>pointers>object_pointer @gkaissisde_register_obj called by generic>pointers>object_pointer @gkaissisde_register_obj called by generic>pointers>object_pointer @gkaissisde_register_obj called by generic>pointers>object_pointer @gkaissisde_register_obj called by generic>pointers>object_pointer @gkaissisde_register_obj called by generic>pointers>object_pointer @gkaissisde_register_obj called by generic>pointers>object_pointer @gkaissisde_register_obj called by generic>pointers>object_pointer @gkaissisde_register_obj called by generic>pointers>object_pointer @gkaissisde_register_obj called by generic>pointers>object_pointer @gkaissisde_register_obj called by generic>pointers>object_pointer @gkaissisde_register_obj called by generic>pointers>object_pointer @gkaissisde_register_obj called by generic>pointers>object_pointer @gkaissisde_register_obj called by generic>pointers>object_pointer @gkaissisde_register_obj called by generic>pointers>object_pointer @gkaissisde_register_obj called by generic>pointers>object_pointer @gkaissisde_register_obj called by generic>pointers>object_pointer @gkaissisde_register_obj called by generic>pointers>object_pointer @gkaissisde_register_obj called by generic>pointers>object_pointer @gkaissisde_register_obj called by generic>pointers>object_pointer @gkaissisde_register_obj called by generic>pointers>object_pointer @gkaissisde_register_obj called by generic>pointers>object_pointer @gkaissisde_register_obj called by generic>pointers>object_pointer @gkaissisde_register_obj called by generic>pointers>object_pointer @gkaissisde_register_obj called by generic>pointers>object_pointer @gkaissisde_register_obj called by generic>pointers>object_pointer @gkaissisde_register_obj called by generic>pointers>object_pointer @gkaissisde_register_obj called by generic>pointers>object_pointer @gkaissisde_register_obj called by generic>pointers>object_pointer @gkaissisde_register_obj called by generic>pointers>object_pointer @gkaissisde_register_obj called by generic>pointers>object_pointer @gkaissisde_register_obj called by generic>pointers>object_pointer @gkaissisde_register_obj called by generic>pointers>object_pointer @gkaissisde_register_obj called by generic>pointers>object_pointer @gkaissisde_register_obj called by generic>pointers>object_pointer @gkaissisde_register_obj called by generic>pointers>object_pointer @gkaissisde_register_obj called by generic>pointers>object_pointer @gkaissisde_register_obj called by generic>pointers>object_pointer @gkaissisde_register_obj called by generic>pointers>object_pointer @gkaissisde_register_obj called by generic>pointers>object_pointer @gkaissisde_register_obj called by generic>pointers>object_pointer @gkaissisde_register_obj called by generic>pointers>object_pointer @gkaissisde_register_obj called by generic>pointers>object_pointer @gkaissisde_register_obj called by generic>pointers>object_pointer @gkaissisde_register_obj called by generic>pointers>object_pointer @gkaissisde_register_obj called by generic>pointers>object_pointer @gkaissisde_register_obj called by generic>pointers>object_pointer @gkaissisde_register_obj called by generic>pointers>object_pointer @gkaissisde_register_obj called by generic>pointers>object_pointer @gkaissisde_register_obj called by generic>pointers>object_pointer @gkaissisde_register_obj called by generic>pointers>object_pointer @gkaissisde_register_obj called by generic>pointers>object_pointer @gkaissisCaught ForceObjectDelete called by workers>base @gkaissisCaught ForceObjectDelete called by workers>base @gkaissisCaught ForceObjectDelete called by workers>base @gkaissisCaught ForceObjectDelete called by workers>base @gkaissisCaught ForceObjectDelete called by workers>base @gkaissisCaught ForceObjectDelete called by workers>base @gkaissisCaught ForceObjectDelete called by workers>base @gkaissisCaught ForceObjectDelete called by workers>base @gkaissisCaught ForceObjectDelete called by workers>base @gkaissisCaught ForceObjectDelete called by workers>base @gkaissisCaught ForceObjectDelete called by workers>base @gkaissisCaught ForceObjectDelete called by workers>base @gkaissisCaught ForceObjectDelete called by workers>base @gkaissisCaught ForceObjectDelete called by workers>base @gkaissisCaught ForceObjectDelete called by workers>base @gkaissisCaught ForceObjectDelete called by workers>base @gkaissisCaught ForceObjectDelete called by workers>base @gkaissisCaught ForceObjectDelete called by workers>base @gkaissisCaught ForceObjectDelete called by workers>base @gkaissisCaught ForceObjectDelete called by workers>base @gkaissisCaught ForceObjectDelete called by workers>base @gkaissisCaught ForceObjectDelete called by workers>base @gkaissisCaught ForceObjectDelete called by workers>base @gkaissisCaught ForceObjectDelete called by workers>base @gkaissisCaught ForceObjectDelete called by workers>base @gkaissisCaught ForceObjectDelete called by workers>base @gkaissisCaught ForceObjectDelete called by workers>base @gkaissisCaught ForceObjectDelete called by workers>base @gkaissisCaught ForceObjectDelete called by workers>base @gkaissisCaught ForceObjectDelete called by workers>base @gkaissisCaught ForceObjectDelete called by workers>base @gkaissisCaught ForceObjectDelete called by workers>base @gkaissisCaught ForceObjectDelete called by workers>base @gkaissisCaught ForceObjectDelete called by workers>base @gkaissisCaught ForceObjectDelete called by workers>base @gkaissisCaught ForceObjectDelete called by workers>base @gkaissisCaught ForceObjectDelete called by workers>base @gkaissisCaught ForceObjectDelete called by workers>base @gkaissisCaught ForceObjectDelete called by workers>base @gkaissisCaught ForceObjectDelete called by workers>base @gkaissisCaught ForceObjectDelete called by workers>base @gkaissisCaught ForceObjectDelete called by workers>base @gkaissisCaught ForceObjectDelete called by workers>base @gkaissisCaught ForceObjectDelete called by workers>base @gkaissisCaught ForceObjectDelete called by workers>base @gkaissisCaught ForceObjectDelete called by workers>base @gkaissisCaught ForceObjectDelete called by workers>base @gkaissisCaught ForceObjectDelete called by workers>base @gkaissisCaught ForceObjectDelete called by workers>base @gkaissisCaught ForceObjectDelete called by workers>base @gkaissisCaught ForceObjectDelete called by workers>base @gkaissisCaught ForceObjectDelete called by workers>base @gkaissisCaught ForceObjectDelete called by workers>base @gkaissisCaught ForceObjectDelete called by workers>base @gkaissisCaught ForceObjectDelete called by workers>base @gkaissisCaught ForceObjectDelete called by workers>base @gkaissisCaught ForceObjectDelete called by workers>base @gkaissisCaught ForceObjectDelete called by workers>base @gkaissisCaught ForceObjectDelete called by workers>base @gkaissisCaught ForceObjectDelete called by workers>base @gkaissisCaught ForceObjectDelete called by workers>base @gkaissisCaught ForceObjectDelete called by workers>base @gkaissisCaught ForceObjectDelete called by workers>base @gkaissisCaught ForceObjectDelete called by workers>base @gkaissisCaught ForceObjectDelete called by workers>base @gkaissisCaught ForceObjectDelete called by workers>base @gkaissisCaught ForceObjectDelete called by workers>base @gkaissisCaught ForceObjectDelete called by workers>base @gkaissisCaught ForceObjectDelete called by workers>base @gkaissisCaught ForceObjectDelete called by workers>base @gkaissisCaught ForceObjectDelete called by workers>base @gkaissisCaught ForceObjectDelete called by workers>base @gkaissisCaught ForceObjectDelete called by workers>base @gkaissisCaught ForceObjectDelete called by workers>base @gkaissisCaught ForceObjectDelete called by workers>base @gkaissisCaught ForceObjectDelete called by workers>base @gkaissisCaught ForceObjectDelete called by workers>base @gkaissisCaught ForceObjectDelete called by workers>base @gkaissisCaught ForceObjectDelete called by workers>base @gkaissisCaught ForceObjectDelete called by workers>base @gkaissisCaught ForceObjectDelete called by workers>base @gkaissisCaught ForceObjectDelete called by workers>base @gkaissisCaught ForceObjectDelete called by workers>base @gkaissisCaught ForceObjectDelete called by workers>base @gkaissisCaught ForceObjectDelete called by workers>base @gkaissisCaught ForceObjectDelete called by workers>base @gkaissisCaught ForceObjectDelete called by workers>base @gkaissisCaught ForceObjectDelete called by workers>base @gkaissisCaught ForceObjectDelete called by workers>base @gkaissisCaught ForceObjectDelete called by workers>base @gkaissisCaught ForceObjectDelete called by workers>base @gkaissisCaught ForceObjectDelete called by workers>base @gkaissisCaught ForceObjectDelete called by workers>base @gkaissisCaught ForceObjectDelete called by workers>base @gkaissisCaught ForceObjectDelete called by workers>base @gkaissisCaught ForceObjectDelete called by workers>base @gkaissisCaught ForceObjectDelete called by workers>base @gkaissisCaught ForceObjectDelete called by workers>base @gkaissisCaught ForceObjectDelete called by workers>base @gkaissisCaught ForceObjectDelete called by workers>base @gkaissisCaught ForceObjectDelete called by workers>base @gkaissisCaught ForceObjectDelete called by workers>base @gkaissisCaught ForceObjectDelete called by workers>base @gkaissisCaught ForceObjectDelete called by workers>base @gkaissisCaught ForceObjectDelete called by workers>base @gkaissisCaught ForceObjectDelete called by workers>base @gkaissisCaught ForceObjectDelete called by workers>base @gkaissisCaught ForceObjectDelete called by workers>base @gkaissisCaught ForceObjectDelete called by workers>base @gkaissisCaught ForceObjectDelete called by workers>base @gkaissisCaught ForceObjectDelete called by workers>base @gkaissisCaught ForceObjectDelete called by workers>base @gkaissisCaught ForceObjectDelete called by workers>base @gkaissisCaught ForceObjectDelete called by workers>base @gkaissisCaught ForceObjectDelete called by workers>base @gkaissisCaught ForceObjectDelete called by workers>base @gkaissisCaught ForceObjectDelete called by workers>base @gkaissisCaught ForceObjectDelete called by workers>base @gkaissisCaught ForceObjectDelete called by workers>base @gkaissisCaught ForceObjectDelete called by workers>base @gkaissisCaught ForceObjectDelete called by workers>base @gkaissisCaught ForceObjectDelete called by workers>base @gkaissisCaught ForceObjectDelete called by workers>base @gkaissisCaught ForceObjectDelete called by workers>base @gkaissisCaught ForceObjectDelete called by workers>base @gkaissisCaught ForceObjectDelete called by workers>base @gkaissisCaught ForceObjectDelete called by workers>base @gkaissisCaught ForceObjectDelete called by workers>base @gkaissisCaught ForceObjectDelete called by workers>base @gkaissisCaught ForceObjectDelete called by workers>base @gkaissisCaught ForceObjectDelete called by workers>base @gkaissisCaught ForceObjectDelete called by workers>base @gkaissisCaught ForceObjectDelete called by workers>base @gkaissisCaught ForceObjectDelete called by workers>base @gkaissisCaught ForceObjectDelete called by workers>base @gkaissisCaught ForceObjectDelete called by workers>base @gkaissisCaught ForceObjectDelete called by workers>base @gkaissisCaught ForceObjectDelete called by workers>base @gkaissisCaught ForceObjectDelete called by workers>base @gkaissisCaught ForceObjectDelete called by workers>base @gkaissisCaught ForceObjectDelete called by workers>base @gkaissisCaught ForceObjectDelete called by workers>base @gkaissisCaught ForceObjectDelete called by workers>base @gkaissisCaught ForceObjectDelete called by workers>base @gkaissisCaught ForceObjectDelete called by workers>base @gkaissisCaught ForceObjectDelete called by workers>base @gkaissisCaught ForceObjectDelete called by workers>base @gkaissisCaught ForceObjectDelete called by workers>base @gkaissisCaught ForceObjectDelete called by workers>base @gkaissisCaught ForceObjectDelete called by workers>base @gkaissisCaught ForceObjectDelete called by workers>base @gkaissisCaught ForceObjectDelete called by workers>base @gkaissisCaught ForceObjectDelete called by workers>base @gkaissisCaught ForceObjectDelete called by workers>base @gkaissisCaught ForceObjectDelete called by workers>base @gkaissisCaught ForceObjectDelete called by workers>base @gkaissisCaught ForceObjectDelete called by workers>base @gkaissisCaught ForceObjectDelete called by workers>base @gkaissisCaught ForceObjectDelete called by workers>base @gkaissisCaught ForceObjectDelete called by workers>base @gkaissisCaught ForceObjectDelete called by workers>base @gkaissisCaught ForceObjectDelete called by workers>base @gkaissisCaught ForceObjectDelete called by workers>base @gkaissisCaught ForceObjectDelete called by workers>base @gkaissisCaught ForceObjectDelete called by workers>base @gkaissisCaught ForceObjectDelete called by workers>base @gkaissisCaught ForceObjectDelete called by workers>base @gkaissisCaught ForceObjectDelete called by workers>base @gkaissisCaught ForceObjectDelete called by workers>base @gkaissisCaught ForceObjectDelete called by workers>base @gkaissisCaught ForceObjectDelete called by workers>base @gkaissisCaught ForceObjectDelete called by workers>base @gkaissisCaught ForceObjectDelete called by workers>base @gkaissisCaught ForceObjectDelete called by workers>base @gkaissisCaught ForceObjectDelete called by workers>base @gkaissisCaught ForceObjectDelete called by workers>base @gkaissisCaught ForceObjectDelete called by workers>base @gkaissisCaught ForceObjectDelete called by workers>base @gkaissisCaught ForceObjectDelete called by workers>base @gkaissisCaught ForceObjectDelete called by workers>base @gkaissisCaught ForceObjectDelete called by workers>base @gkaissisCaught ForceObjectDelete called by workers>base @gkaissisCaught ForceObjectDelete called by workers>base @gkaissisCaught ForceObjectDelete called by workers>base @gkaissisCaught ForceObjectDelete called by workers>base @gkaissisCaught ForceObjectDelete called by workers>base @gkaissisCaught ForceObjectDelete called by workers>base @gkaissisCaught ForceObjectDelete called by workers>base @gkaissisCaught ForceObjectDelete called by workers>base @gkaissisCaught ForceObjectDelete called by workers>base @gkaissisCaught ForceObjectDelete called by workers>base @gkaissisCaught ForceObjectDelete called by workers>base @gkaissisCaught ForceObjectDelete called by workers>base @gkaissisCaught ForceObjectDelete called by workers>base @gkaissisCaught ForceObjectDelete called by workers>base @gkaissisCaught ForceObjectDelete called by workers>base @gkaissisCaught ForceObjectDelete called by workers>base @gkaissisCaught ForceObjectDelete called by workers>base @gkaissisCaught ForceObjectDelete called by workers>base @gkaissisCaught ForceObjectDelete called by workers>base @gkaissisCaught ForceObjectDelete called by workers>base @gkaissisCaught ForceObjectDelete called by workers>base @gkaissisCaught ForceObjectDelete called by workers>base @gkaissisCaught ForceObjectDelete called by workers>base @gkaissisCaught ForceObjectDelete called by workers>base @gkaissisCaught ForceObjectDelete called by workers>base @gkaissisCaught ForceObjectDelete called by workers>base @gkaissisCaught ForceObjectDelete called by workers>base @gkaissisCaught ForceObjectDelete called by workers>base @gkaissisCaught ForceObjectDelete called by workers>base @gkaissisCaught ForceObjectDelete called by workers>base @gkaissisCaught ForceObjectDelete called by workers>base @gkaissisCaught ForceObjectDelete called by workers>base @gkaissisCaught ForceObjectDelete called by workers>base @gkaissisCaught ForceObjectDelete called by workers>base @gkaissisCaught ForceObjectDelete called by workers>base @gkaissisCaught ForceObjectDelete called by workers>base @gkaissisCaught ForceObjectDelete called by workers>base @gkaissisCaught ForceObjectDelete called by workers>base @gkaissisCaught ForceObjectDelete called by workers>base @gkaissisCaught ForceObjectDelete called by workers>base @gkaissisCaught ForceObjectDelete called by workers>base @gkaissisCaught ForceObjectDelete called by workers>base @gkaissisCaught ForceObjectDelete called by workers>base @gkaissisCaught ForceObjectDelete called by workers>base @gkaissisCaught ForceObjectDelete called by workers>base @gkaissisCaught ForceObjectDelete called by workers>base @gkaissisCaught ForceObjectDelete called by workers>base @gkaissisCaught ForceObjectDelete called by workers>base @gkaissisCaught ForceObjectDelete called by workers>base @gkaissisCaught ForceObjectDelete called by workers>base @gkaissisCaught ForceObjectDelete called by workers>base @gkaissisCaught ForceObjectDelete called by workers>base @gkaissisCaught ForceObjectDelete called by workers>base @gkaissisCaught ForceObjectDelete called by workers>base @gkaissisCaught ForceObjectDelete called by workers>base @gkaissisCaught ForceObjectDelete called by workers>base @gkaissisCaught ForceObjectDelete called by workers>base @gkaissisCaught ForceObjectDelete called by workers>base @gkaissisCaught ForceObjectDelete called by workers>base @gkaissisCaught ForceObjectDelete called by workers>base @gkaissisCaught ForceObjectDelete called by workers>base @gkaissisCaught ForceObjectDelete called by workers>base @gkaissisCaught ForceObjectDelete called by workers>base @gkaissisCaught ForceObjectDelete called by workers>base @gkaissisCaught ForceObjectDelete called by workers>base @gkaissisCaught ForceObjectDelete called by workers>base @gkaissisCaught ForceObjectDelete called by workers>base @gkaissisCaught ForceObjectDelete called by workers>base @gkaissisCaught ForceObjectDelete called by workers>base @gkaissisCaught ForceObjectDelete called by workers>base @gkaissisCaught ForceObjectDelete called by workers>base @gkaissisCaught ForceObjectDelete called by workers>base @gkaissisCaught ForceObjectDelete called by workers>base @gkaissisCaught ForceObjectDelete called by workers>base @gkaissisCaught ForceObjectDelete called by workers>base @gkaissisCaught ForceObjectDelete called by workers>base @gkaissisCaught ForceObjectDelete called by workers>base @gkaissisCaught ForceObjectDelete called by workers>base @gkaissisCaught ForceObjectDelete called by workers>base @gkaissisCaught ForceObjectDelete called by workers>base @gkaissisCaught ForceObjectDelete called by workers>base @gkaissisCaught ForceObjectDelete called by workers>base @gkaissisCaught ForceObjectDelete called by workers>base @gkaissisCaught ForceObjectDelete called by workers>base @gkaissisCaught ForceObjectDelete called by workers>base @gkaissisCaught ForceObjectDelete called by workers>base @gkaissisCaught ForceObjectDelete called by workers>base @gkaissisCaught ForceObjectDelete called by workers>base @gkaissisCaught ForceObjectDelete called by workers>base @gkaissisCaught ForceObjectDelete called by workers>base @gkaissisCaught ForceObjectDelete called by workers>base @gkaissisCaught ForceObjectDelete called by workers>base @gkaissisCaught ForceObjectDelete called by workers>base @gkaissisCaught ForceObjectDelete called by workers>base @gkaissisCaught ForceObjectDelete called by workers>base @gkaissisCaught ForceObjectDelete called by workers>base @gkaissisCaught ForceObjectDelete called by workers>base @gkaissisCaught ForceObjectDelete called by workers>base @gkaissisCaught ForceObjectDelete called by workers>base @gkaissisCaught ForceObjectDelete called by workers>base @gkaissisCaught ForceObjectDelete called by workers>base @gkaissisCaught ForceObjectDelete called by workers>base @gkaissisCaught ForceObjectDelete called by workers>base @gkaissisCaught ForceObjectDelete called by workers>base @gkaissisCaught ForceObjectDelete called by workers>base @gkaissisCaught ForceObjectDelete called by workers>base @gkaissisCaught ForceObjectDelete called by workers>base @gkaissisCaught ForceObjectDelete called by workers>base @gkaissisCaught ForceObjectDelete called by workers>base @gkaissisCaught ForceObjectDelete called by workers>base @gkaissisCaught ForceObjectDelete called by workers>base @gkaissisCaught ForceObjectDelete called by workers>base @gkaissisCaught ForceObjectDelete called by workers>base @gkaissisCaught ForceObjectDelete called by workers>base @gkaissisCaught ForceObjectDelete called by workers>base @gkaissisCaught ForceObjectDelete called by workers>base @gkaissisCaught ForceObjectDelete called by workers>base @gkaissisCaught ForceObjectDelete called by workers>base @gkaissisCaught ForceObjectDelete called by workers>base @gkaissisCaught ForceObjectDelete called by workers>base @gkaissisCaught ForceObjectDelete called by workers>base @gkaissisCaught ForceObjectDelete called by workers>base @gkaissisCaught ForceObjectDelete called by workers>base @gkaissisCaught ForceObjectDelete called by workers>base @gkaissisCaught ForceObjectDelete called by workers>base @gkaissisCaught ForceObjectDelete called by workers>base @gkaissisCaught ForceObjectDelete called by workers>base @gkaissisCaught ForceObjectDelete called by workers>base @gkaissisCaught ForceObjectDelete called by workers>base @gkaissisCaught ForceObjectDelete called by workers>base @gkaissisCaught ForceObjectDelete called by workers>base @gkaissisCaught ForceObjectDelete called by workers>base @gkaissisCaught ForceObjectDelete called by workers>base @gkaissisCaught ForceObjectDelete called by workers>base @gkaissisCaught ForceObjectDelete called by workers>base @gkaissisCaught ForceObjectDelete called by workers>base @gkaissisCaught ForceObjectDelete called by workers>base @gkaissisCaught ForceObjectDelete called by workers>base @gkaissisCaught ForceObjectDelete called by workers>base @gkaissisCaught ForceObjectDelete called by workers>base @gkaissisCaught ForceObjectDelete called by workers>base @gkaissisCaught ForceObjectDelete called by workers>base @gkaissisCaught ForceObjectDelete called by workers>base @gkaissisCaught ForceObjectDelete called by workers>base @gkaissisCaught ForceObjectDelete called by workers>base @gkaissisCaught ForceObjectDelete called by workers>base @gkaissisCaught ForceObjectDelete called by workers>base @gkaissisCaught ForceObjectDelete called by workers>base @gkaissisCaught ForceObjectDelete called by workers>base @gkaissisCaught ForceObjectDelete called by workers>base @gkaissisCaught ForceObjectDelete called by workers>base @gkaissisCaught ForceObjectDelete called by workers>base @gkaissisCaught ForceObjectDelete called by workers>base @gkaissisCaught ForceObjectDelete called by workers>base @gkaissisCaught ForceObjectDelete called by workers>base @gkaissisCaught ForceObjectDelete called by workers>base @gkaissisCaught ForceObjectDelete called by workers>base @gkaissisCaught ForceObjectDelete called by workers>base @gkaissisCaught ForceObjectDelete called by workers>base @gkaissisCaught ForceObjectDelete called by workers>base @gkaissisCaught ForceObjectDelete called by workers>base @gkaissisCaught ForceObjectDelete called by workers>base @gkaissisCaught ForceObjectDelete called by workers>base @gkaissisCaught ForceObjectDelete called by workers>base @gkaissisCaught ForceObjectDelete called by workers>base @gkaissisCaught ForceObjectDelete called by workers>base @gkaissisCaught ForceObjectDelete called by workers>base @gkaissisCaught ForceObjectDelete called by workers>base @gkaissisCaught ForceObjectDelete called by workers>base @gkaissisCaught ForceObjectDelete called by workers>base @gkaissisCaught ForceObjectDelete called by workers>base @gkaissisCaught ForceObjectDelete called by workers>base @gkaissisCaught ForceObjectDelete called by workers>base @gkaissisCaught ForceObjectDelete called by workers>base @gkaissisCaught ForceObjectDelete called by workers>base @gkaissisCaught ForceObjectDelete called by workers>base @gkaissisCaught ForceObjectDelete called by workers>base @gkaissisCaught ForceObjectDelete called by workers>base @gkaissisCaught ForceObjectDelete called by workers>base @gkaissisCaught ForceObjectDelete called by workers>base @gkaissisCaught ForceObjectDelete called by workers>base @gkaissisCaught ForceObjectDelete called by workers>base @gkaissisCaught ForceObjectDelete called by workers>base @gkaissisCaught ForceObjectDelete called by workers>base @gkaissisCaught ForceObjectDelete called by workers>base @gkaissisde_register_obj called by generic>pointers>object_pointer @gkaissisde_register_obj called by generic>pointers>object_pointer @gkaissisde_register_obj called by generic>pointers>object_pointer @gkaissisde_register_obj called by generic>pointers>object_pointer @gkaissisde_register_obj called by generic>pointers>object_pointer @gkaissisde_register_obj called by generic>pointers>object_pointer @gkaissisde_register_obj called by generic>pointers>object_pointer @gkaissisde_register_obj called by generic>pointers>object_pointer @gkaissisde_register_obj called by generic>pointers>object_pointer @gkaissisde_register_obj called by generic>pointers>object_pointer @gkaissisde_register_obj called by generic>pointers>object_pointer @gkaissisde_register_obj called by generic>pointers>object_pointer @gkaissisde_register_obj called by generic>pointers>object_pointer @gkaissisde_register_obj called by generic>pointers>object_pointer @gkaissisde_register_obj called by generic>pointers>object_pointer @gkaissisde_register_obj called by generic>pointers>object_pointer @gkaissisde_register_obj called by generic>pointers>object_pointer @gkaissisde_register_obj called by generic>pointers>object_pointer @gkaissisde_register_obj called by generic>pointers>object_pointer @gkaissisde_register_obj called by generic>pointers>object_pointer @gkaissisde_register_obj called by generic>pointers>object_pointer @gkaissisde_register_obj called by generic>pointers>object_pointer @gkaissisde_register_obj called by generic>pointers>object_pointer @gkaissisde_register_obj called by generic>pointers>object_pointer @gkaissisde_register_obj called by generic>pointers>object_pointer @gkaissisde_register_obj called by generic>pointers>object_pointer @gkaissisde_register_obj called by generic>pointers>object_pointer @gkaissisde_register_obj called by generic>pointers>object_pointer @gkaissisde_register_obj called by generic>pointers>object_pointer @gkaissisde_register_obj called by generic>pointers>object_pointer @gkaissisde_register_obj called by generic>pointers>object_pointer @gkaissisde_register_obj called by generic>pointers>object_pointer @gkaissisde_register_obj called by generic>pointers>object_pointer @gkaissisde_register_obj called by generic>pointers>object_pointer @gkaissisde_register_obj called by generic>pointers>object_pointer @gkaissisde_register_obj called by generic>pointers>object_pointer @gkaissisde_register_obj called by generic>pointers>object_pointer @gkaissisde_register_obj called by generic>pointers>object_pointer @gkaissisde_register_obj called by generic>pointers>object_pointer @gkaissisde_register_obj called by generic>pointers>object_pointer @gkaissisde_register_obj called by generic>pointers>object_pointer @gkaissisde_register_obj called by generic>pointers>object_pointer @gkaissisde_register_obj called by generic>pointers>object_pointer @gkaissisde_register_obj called by generic>pointers>object_pointer @gkaissisde_register_obj called by generic>pointers>object_pointer @gkaissisde_register_obj called by generic>pointers>object_pointer @gkaissisde_register_obj called by generic>pointers>object_pointer @gkaissisde_register_obj called by generic>pointers>object_pointer @gkaissisde_register_obj called by generic>pointers>object_pointer @gkaissisde_register_obj called by generic>pointers>object_pointer @gkaissisde_register_obj called by generic>pointers>object_pointer @gkaissisde_register_obj called by generic>pointers>object_pointer @gkaissisde_register_obj called by generic>pointers>object_pointer @gkaissisde_register_obj called by generic>pointers>object_pointer @gkaissisde_register_obj called by generic>pointers>object_pointer @gkaissisde_register_obj called by generic>pointers>object_pointer @gkaissisde_register_obj called by generic>pointers>object_pointer @gkaissisde_register_obj called by generic>pointers>object_pointer @gkaissisde_register_obj called by generic>pointers>object_pointer @gkaissisde_register_obj called by generic>pointers>object_pointer @gkaissisde_register_obj called by generic>pointers>object_pointer @gkaissisde_register_obj called by generic>pointers>object_pointer @gkaissisde_register_obj called by generic>pointers>object_pointer @gkaissisde_register_obj called by generic>pointers>object_pointer @gkaissisde_register_obj called by generic>pointers>object_pointer @gkaissisde_register_obj called by generic>pointers>object_pointer @gkaissisde_register_obj called by generic>pointers>object_pointer @gkaissisde_register_obj called by generic>pointers>object_pointer @gkaissisde_register_obj called by generic>pointers>object_pointer @gkaissisde_register_obj called by generic>pointers>object_pointer @gkaissisde_register_obj called by generic>pointers>object_pointer @gkaissisde_register_obj called by generic>pointers>object_pointer @gkaissisde_register_obj called by generic>pointers>object_pointer @gkaissisde_register_obj called by generic>pointers>object_pointer @gkaissisde_register_obj called by generic>pointers>object_pointer @gkaissisde_register_obj called by generic>pointers>object_pointer @gkaissisde_register_obj called by generic>pointers>object_pointer @gkaissisde_register_obj called by generic>pointers>object_pointer @gkaissisde_register_obj called by generic>pointers>object_pointer @gkaissisde_register_obj called by generic>pointers>object_pointer @gkaissisde_register_obj called by generic>pointers>object_pointer @gkaissisde_register_obj called by generic>pointers>object_pointer @gkaissisde_register_obj called by generic>pointers>object_pointer @gkaissisde_register_obj called by generic>pointers>object_pointer @gkaissisde_register_obj called by generic>pointers>object_pointer @gkaissisde_register_obj called by generic>pointers>object_pointer @gkaissisde_register_obj called by generic>pointers>object_pointer @gkaissisde_register_obj called by generic>pointers>object_pointer @gkaissisde_register_obj called by generic>pointers>object_pointer @gkaissisde_register_obj called by generic>pointers>object_pointer @gkaissisde_register_obj called by generic>pointers>object_pointer @gkaissisde_register_obj called by generic>pointers>object_pointer @gkaissisde_register_obj called by generic>pointers>object_pointer @gkaissisde_register_obj called by generic>pointers>object_pointer @gkaissisde_register_obj called by generic>pointers>object_pointer @gkaissisde_register_obj called by generic>pointers>object_pointer @gkaissisde_register_obj called by generic>pointers>object_pointer @gkaissisde_register_obj called by generic>pointers>object_pointer @gkaissisde_register_obj called by generic>pointers>object_pointer @gkaissisde_register_obj called by generic>pointers>object_pointer @gkaissisde_register_obj called by generic>pointers>object_pointer @gkaissisde_register_obj called by generic>pointers>object_pointer @gkaissisde_register_obj called by generic>pointers>object_pointer @gkaissisde_register_obj called by generic>pointers>object_pointer @gkaissisde_register_obj called by generic>pointers>object_pointer @gkaissisde_register_obj called by generic>pointers>object_pointer @gkaissisde_register_obj called by generic>pointers>object_pointer @gkaissisde_register_obj called by generic>pointers>object_pointer @gkaissisde_register_obj called by generic>pointers>object_pointer @gkaissisde_register_obj called by generic>pointers>object_pointer @gkaissisde_register_obj called by generic>pointers>object_pointer @gkaissisde_register_obj called by generic>pointers>object_pointer @gkaissisde_register_obj called by generic>pointers>object_pointer @gkaissisde_register_obj called by generic>pointers>object_pointer @gkaissisde_register_obj called by generic>pointers>object_pointer @gkaissisde_register_obj called by generic>pointers>object_pointer @gkaissisde_register_obj called by generic>pointers>object_pointer @gkaissisde_register_obj called by generic>pointers>object_pointer @gkaissisde_register_obj called by generic>pointers>object_pointer @gkaissisde_register_obj called by generic>pointers>object_pointer @gkaissisde_register_obj called by generic>pointers>object_pointer @gkaissisde_register_obj called by generic>pointers>object_pointer @gkaissisCaught ForceObjectDelete called by workers>base @gkaissisCaught ForceObjectDelete called by workers>base @gkaissisCaught ForceObjectDelete called by workers>base @gkaissisCaught ForceObjectDelete called by workers>base @gkaissisCaught ForceObjectDelete called by workers>base @gkaissisCaught ForceObjectDelete called by workers>base @gkaissisCaught ForceObjectDelete called by workers>base @gkaissisCaught ForceObjectDelete called by workers>base @gkaissisCaught ForceObjectDelete called by workers>base @gkaissisCaught ForceObjectDelete called by workers>base @gkaissisCaught ForceObjectDelete called by workers>base @gkaissisCaught ForceObjectDelete called by workers>base @gkaissisCaught ForceObjectDelete called by workers>base @gkaissisCaught ForceObjectDelete called by workers>base @gkaissisCaught ForceObjectDelete called by workers>base @gkaissisCaught ForceObjectDelete called by workers>base @gkaissisCaught ForceObjectDelete called by workers>base @gkaissisCaught ForceObjectDelete called by workers>base @gkaissisCaught ForceObjectDelete called by workers>base @gkaissisCaught ForceObjectDelete called by workers>base @gkaissisCaught ForceObjectDelete called by workers>base @gkaissisCaught ForceObjectDelete called by workers>base @gkaissisCaught ForceObjectDelete called by workers>base @gkaissisCaught ForceObjectDelete called by workers>base @gkaissisCaught ForceObjectDelete called by workers>base @gkaissisCaught ForceObjectDelete called by workers>base @gkaissisCaught ForceObjectDelete called by workers>base @gkaissisCaught ForceObjectDelete called by workers>base @gkaissisCaught ForceObjectDelete called by workers>base @gkaissisCaught ForceObjectDelete called by workers>base @gkaissisCaught ForceObjectDelete called by workers>base @gkaissisCaught ForceObjectDelete called by workers>base @gkaissisCaught ForceObjectDelete called by workers>base @gkaissisCaught ForceObjectDelete called by workers>base @gkaissisCaught ForceObjectDelete called by workers>base @gkaissisCaught ForceObjectDelete called by workers>base @gkaissisCaught ForceObjectDelete called by workers>base @gkaissisCaught ForceObjectDelete called by workers>base @gkaissisCaught ForceObjectDelete called by workers>base @gkaissisCaught ForceObjectDelete called by workers>base @gkaissisCaught ForceObjectDelete called by workers>base @gkaissisCaught ForceObjectDelete called by workers>base @gkaissisCaught ForceObjectDelete called by workers>base @gkaissisCaught ForceObjectDelete called by workers>base @gkaissisCaught ForceObjectDelete called by workers>base @gkaissisCaught ForceObjectDelete called by workers>base @gkaissisCaught ForceObjectDelete called by workers>base @gkaissisCaught ForceObjectDelete called by workers>base @gkaissisCaught ForceObjectDelete called by workers>base @gkaissisCaught ForceObjectDelete called by workers>base @gkaissisCaught ForceObjectDelete called by workers>base @gkaissisCaught ForceObjectDelete called by workers>base @gkaissisCaught ForceObjectDelete called by workers>base @gkaissisCaught ForceObjectDelete called by workers>base @gkaissisCaught ForceObjectDelete called by workers>base @gkaissisCaught ForceObjectDelete called by workers>base @gkaissisCaught ForceObjectDelete called by workers>base @gkaissisCaught ForceObjectDelete called by workers>base @gkaissisCaught ForceObjectDelete called by workers>base @gkaissisCaught ForceObjectDelete called by workers>base @gkaissisCaught ForceObjectDelete called by workers>base @gkaissisCaught ForceObjectDelete called by workers>base @gkaissisCaught ForceObjectDelete called by workers>base @gkaissisCaught ForceObjectDelete called by workers>base @gkaissisCaught ForceObjectDelete called by workers>base @gkaissisCaught ForceObjectDelete called by workers>base @gkaissisCaught ForceObjectDelete called by workers>base @gkaissisCaught ForceObjectDelete called by workers>base @gkaissisCaught ForceObjectDelete called by workers>base @gkaissisCaught ForceObjectDelete called by workers>base @gkaissisCaught ForceObjectDelete called by workers>base @gkaissisCaught ForceObjectDelete called by workers>base @gkaissisCaught ForceObjectDelete called by workers>base @gkaissisCaught ForceObjectDelete called by workers>base @gkaissisCaught ForceObjectDelete called by workers>base @gkaissisCaught ForceObjectDelete called by workers>base @gkaissisCaught ForceObjectDelete called by workers>base @gkaissisCaught ForceObjectDelete called by workers>base @gkaissisCaught ForceObjectDelete called by workers>base @gkaissisCaught ForceObjectDelete called by workers>base @gkaissisCaught ForceObjectDelete called by workers>base @gkaissisCaught ForceObjectDelete called by workers>base @gkaissisCaught ForceObjectDelete called by workers>base @gkaissisCaught ForceObjectDelete called by workers>base @gkaissisCaught ForceObjectDelete called by workers>base @gkaissisCaught ForceObjectDelete called by workers>base @gkaissisCaught ForceObjectDelete called by workers>base @gkaissisCaught ForceObjectDelete called by workers>base @gkaissisCaught ForceObjectDelete called by workers>base @gkaissisCaught ForceObjectDelete called by workers>base @gkaissisCaught ForceObjectDelete called by workers>base @gkaissisCaught ForceObjectDelete called by workers>base @gkaissisCaught ForceObjectDelete called by workers>base @gkaissisCaught ForceObjectDelete called by workers>base @gkaissisCaught ForceObjectDelete called by workers>base @gkaissisCaught ForceObjectDelete called by workers>base @gkaissisCaught ForceObjectDelete called by workers>base @gkaissisCaught ForceObjectDelete called by workers>base @gkaissisCaught ForceObjectDelete called by workers>base @gkaissisCaught ForceObjectDelete called by workers>base @gkaissisCaught ForceObjectDelete called by workers>base @gkaissisCaught ForceObjectDelete called by workers>base @gkaissisCaught ForceObjectDelete called by workers>base @gkaissisCaught ForceObjectDelete called by workers>base @gkaissisCaught ForceObjectDelete called by workers>base @gkaissisCaught ForceObjectDelete called by workers>base @gkaissisCaught ForceObjectDelete called by workers>base @gkaissisCaught ForceObjectDelete called by workers>base @gkaissisCaught ForceObjectDelete called by workers>base @gkaissisCaught ForceObjectDelete called by workers>base @gkaissisCaught ForceObjectDelete called by workers>base @gkaissisCaught ForceObjectDelete called by workers>base @gkaissisCaught ForceObjectDelete called by workers>base @gkaissisCaught ForceObjectDelete called by workers>base @gkaissisCaught ForceObjectDelete called by workers>base @gkaissisCaught ForceObjectDelete called by workers>base @gkaissisCaught ForceObjectDelete called by workers>base @gkaissisCaught ForceObjectDelete called by workers>base @gkaissisCaught ForceObjectDelete called by workers>base @gkaissisCaught ForceObjectDelete called by workers>base @gkaissisCaught ForceObjectDelete called by workers>base @gkaissisCaught ForceObjectDelete called by workers>base @gkaissisCaught ForceObjectDelete called by workers>base @gkaissisCaught ForceObjectDelete called by workers>base @gkaissisCaught ForceObjectDelete called by workers>base @gkaissisCaught ForceObjectDelete called by workers>base @gkaissisCaught ForceObjectDelete called by workers>base @gkaissisCaught ForceObjectDelete called by workers>base @gkaissisCaught ForceObjectDelete called by workers>base @gkaissisCaught ForceObjectDelete called by workers>base @gkaissisCaught ForceObjectDelete called by workers>base @gkaissisCaught ForceObjectDelete called by workers>base @gkaissisCaught ForceObjectDelete called by workers>base @gkaissisCaught ForceObjectDelete called by workers>base @gkaissisCaught ForceObjectDelete called by workers>base @gkaissisCaught ForceObjectDelete called by workers>base @gkaissisCaught ForceObjectDelete called by workers>base @gkaissisCaught ForceObjectDelete called by workers>base @gkaissisCaught ForceObjectDelete called by workers>base @gkaissisCaught ForceObjectDelete called by workers>base @gkaissisCaught ForceObjectDelete called by workers>base @gkaissisCaught ForceObjectDelete called by workers>base @gkaissisCaught ForceObjectDelete called by workers>base @gkaissisCaught ForceObjectDelete called by workers>base @gkaissisCaught ForceObjectDelete called by workers>base @gkaissisCaught ForceObjectDelete called by workers>base @gkaissisCaught ForceObjectDelete called by workers>base @gkaissisCaught ForceObjectDelete called by workers>base @gkaissisCaught ForceObjectDelete called by workers>base @gkaissisCaught ForceObjectDelete called by workers>base @gkaissisCaught ForceObjectDelete called by workers>base @gkaissisCaught ForceObjectDelete called by workers>base @gkaissisCaught ForceObjectDelete called by workers>base @gkaissisCaught ForceObjectDelete called by workers>base @gkaissisCaught ForceObjectDelete called by workers>base @gkaissisCaught ForceObjectDelete called by workers>base @gkaissisCaught ForceObjectDelete called by workers>base @gkaissisCaught ForceObjectDelete called by workers>base @gkaissisCaught ForceObjectDelete called by workers>base @gkaissisCaught ForceObjectDelete called by workers>base @gkaissisCaught ForceObjectDelete called by workers>base @gkaissisCaught ForceObjectDelete called by workers>base @gkaissisCaught ForceObjectDelete called by workers>base @gkaissisCaught ForceObjectDelete called by workers>base @gkaissisCaught ForceObjectDelete called by workers>base @gkaissisCaught ForceObjectDelete called by workers>base @gkaissisCaught ForceObjectDelete called by workers>base @gkaissisCaught ForceObjectDelete called by workers>base @gkaissisCaught ForceObjectDelete called by workers>base @gkaissisCaught ForceObjectDelete called by workers>base @gkaissisCaught ForceObjectDelete called by workers>base @gkaissisCaught ForceObjectDelete called by workers>base @gkaissisCaught ForceObjectDelete called by workers>base @gkaissisCaught ForceObjectDelete called by workers>base @gkaissisCaught ForceObjectDelete called by workers>base @gkaissisCaught ForceObjectDelete called by workers>base @gkaissisCaught ForceObjectDelete called by workers>base @gkaissisCaught ForceObjectDelete called by workers>base @gkaissisCaught ForceObjectDelete called by workers>base @gkaissisCaught ForceObjectDelete called by workers>base @gkaissisCaught ForceObjectDelete called by workers>base @gkaissisCaught ForceObjectDelete called by workers>base @gkaissisCaught ForceObjectDelete called by workers>base @gkaissisCaught ForceObjectDelete called by workers>base @gkaissisCaught ForceObjectDelete called by workers>base @gkaissisCaught ForceObjectDelete called by workers>base @gkaissisCaught ForceObjectDelete called by workers>base @gkaissisCaught ForceObjectDelete called by workers>base @gkaissisCaught ForceObjectDelete called by workers>base @gkaissisCaught ForceObjectDelete called by workers>base @gkaissisCaught ForceObjectDelete called by workers>base @gkaissisCaught ForceObjectDelete called by workers>base @gkaissisCaught ForceObjectDelete called by workers>base @gkaissisCaught ForceObjectDelete called by workers>base @gkaissisCaught ForceObjectDelete called by workers>base @gkaissisCaught ForceObjectDelete called by workers>base @gkaissisCaught ForceObjectDelete called by workers>base @gkaissisCaught ForceObjectDelete called by workers>base @gkaissisCaught ForceObjectDelete called by workers>base @gkaissisCaught ForceObjectDelete called by workers>base @gkaissisCaught ForceObjectDelete called by workers>base @gkaissisCaught ForceObjectDelete called by workers>base @gkaissisCaught ForceObjectDelete called by workers>base @gkaissisCaught ForceObjectDelete called by workers>base @gkaissisCaught ForceObjectDelete called by workers>base @gkaissisCaught ForceObjectDelete called by workers>base @gkaissisCaught ForceObjectDelete called by workers>base @gkaissisCaught ForceObjectDelete called by workers>base @gkaissisCaught ForceObjectDelete called by workers>base @gkaissisCaught ForceObjectDelete called by workers>base @gkaissisCaught ForceObjectDelete called by workers>base @gkaissisCaught ForceObjectDelete called by workers>base @gkaissisCaught ForceObjectDelete called by workers>base @gkaissisCaught ForceObjectDelete called by workers>base @gkaissisCaught ForceObjectDelete called by workers>base @gkaissisCaught ForceObjectDelete called by workers>base @gkaissisCaught ForceObjectDelete called by workers>base @gkaissisCaught ForceObjectDelete called by workers>base @gkaissisCaught ForceObjectDelete called by workers>base @gkaissisCaught ForceObjectDelete called by workers>base @gkaissisCaught ForceObjectDelete called by workers>base @gkaissisCaught ForceObjectDelete called by workers>base @gkaissisCaught ForceObjectDelete called by workers>base @gkaissisCaught ForceObjectDelete called by workers>base @gkaissisCaught ForceObjectDelete called by workers>base @gkaissisCaught ForceObjectDelete called by workers>base @gkaissisCaught ForceObjectDelete called by workers>base @gkaissisCaught ForceObjectDelete called by workers>base @gkaissisCaught ForceObjectDelete called by workers>base @gkaissisCaught ForceObjectDelete called by workers>base @gkaissisCaught ForceObjectDelete called by workers>base @gkaissisCaught ForceObjectDelete called by workers>base @gkaissisCaught ForceObjectDelete called by workers>base @gkaissisCaught ForceObjectDelete called by workers>base @gkaissisCaught ForceObjectDelete called by workers>base @gkaissisCaught ForceObjectDelete called by workers>base @gkaissisCaught ForceObjectDelete called by workers>base @gkaissisCaught ForceObjectDelete called by workers>base @gkaissisCaught ForceObjectDelete called by workers>base @gkaissisCaught ForceObjectDelete called by workers>base @gkaissisCaught ForceObjectDelete called by workers>base @gkaissisCaught ForceObjectDelete called by workers>base @gkaissisCaught ForceObjectDelete called by workers>base @gkaissisCaught ForceObjectDelete called by workers>base @gkaissisCaught ForceObjectDelete called by workers>base @gkaissisCaught ForceObjectDelete called by workers>base @gkaissisCaught ForceObjectDelete called by workers>base @gkaissisCaught ForceObjectDelete called by workers>base @gkaissisCaught ForceObjectDelete called by workers>base @gkaissisCaught ForceObjectDelete called by workers>base @gkaissisCaught ForceObjectDelete called by workers>base @gkaissisCaught ForceObjectDelete called by workers>base @gkaissisCaught ForceObjectDelete called by workers>base @gkaissisCaught ForceObjectDelete called by workers>base @gkaissisCaught ForceObjectDelete called by workers>base @gkaissisCaught ForceObjectDelete called by workers>base @gkaissisCaught ForceObjectDelete called by workers>base @gkaissisCaught ForceObjectDelete called by workers>base @gkaissisCaught ForceObjectDelete called by workers>base @gkaissisCaught ForceObjectDelete called by workers>base @gkaissisCaught ForceObjectDelete called by workers>base @gkaissisCaught ForceObjectDelete called by workers>base @gkaissisCaught ForceObjectDelete called by workers>base @gkaissisCaught ForceObjectDelete called by workers>base @gkaissisCaught ForceObjectDelete called by workers>base @gkaissisCaught ForceObjectDelete called by workers>base @gkaissisCaught ForceObjectDelete called by workers>base @gkaissisCaught ForceObjectDelete called by workers>base @gkaissisCaught ForceObjectDelete called by workers>base @gkaissisCaught ForceObjectDelete called by workers>base @gkaissisCaught ForceObjectDelete called by workers>base @gkaissisCaught ForceObjectDelete called by workers>base @gkaissisCaught ForceObjectDelete called by workers>base @gkaissisCaught ForceObjectDelete called by workers>base @gkaissisCaught ForceObjectDelete called by workers>base @gkaissisCaught ForceObjectDelete called by workers>base @gkaissisCaught ForceObjectDelete called by workers>base @gkaissisCaught ForceObjectDelete called by workers>base @gkaissisCaught ForceObjectDelete called by workers>base @gkaissisCaught ForceObjectDelete called by workers>base @gkaissisCaught ForceObjectDelete called by workers>base @gkaissisCaught ForceObjectDelete called by workers>base @gkaissisCaught ForceObjectDelete called by workers>base @gkaissisCaught ForceObjectDelete called by workers>base @gkaissisCaught ForceObjectDelete called by workers>base @gkaissisCaught ForceObjectDelete called by workers>base @gkaissisCaught ForceObjectDelete called by workers>base @gkaissisCaught ForceObjectDelete called by workers>base @gkaissisCaught ForceObjectDelete called by workers>base @gkaissisCaught ForceObjectDelete called by workers>base @gkaissisCaught ForceObjectDelete called by workers>base @gkaissisCaught ForceObjectDelete called by workers>base @gkaissisCaught ForceObjectDelete called by workers>base @gkaissisCaught ForceObjectDelete called by workers>base @gkaissisCaught ForceObjectDelete called by workers>base @gkaissisCaught ForceObjectDelete called by workers>base @gkaissisCaught ForceObjectDelete called by workers>base @gkaissisCaught ForceObjectDelete called by workers>base @gkaissisCaught ForceObjectDelete called by workers>base @gkaissisCaught ForceObjectDelete called by workers>base @gkaissisCaught ForceObjectDelete called by workers>base @gkaissisCaught ForceObjectDelete called by workers>base @gkaissisCaught ForceObjectDelete called by workers>base @gkaissisCaught ForceObjectDelete called by workers>base @gkaissisCaught ForceObjectDelete called by workers>base @gkaissisCaught ForceObjectDelete called by workers>base @gkaissisCaught ForceObjectDelete called by workers>base @gkaissisCaught ForceObjectDelete called by workers>base @gkaissisCaught ForceObjectDelete called by workers>base @gkaissisCaught ForceObjectDelete called by workers>base @gkaissisCaught ForceObjectDelete called by workers>base @gkaissisCaught ForceObjectDelete called by workers>base @gkaissisCaught ForceObjectDelete called by workers>base @gkaissisCaught ForceObjectDelete called by workers>base @gkaissisCaught ForceObjectDelete called by workers>base @gkaissisCaught ForceObjectDelete called by workers>base @gkaissisCaught ForceObjectDelete called by workers>base @gkaissisCaught ForceObjectDelete called by workers>base @gkaissisCaught ForceObjectDelete called by workers>base @gkaissisCaught ForceObjectDelete called by workers>base @gkaissisCaught ForceObjectDelete called by workers>base @gkaissisCaught ForceObjectDelete called by workers>base @gkaissisCaught ForceObjectDelete called by workers>base @gkaissisCaught ForceObjectDelete called by workers>base @gkaissisCaught ForceObjectDelete called by workers>base @gkaissisCaught ForceObjectDelete called by workers>base @gkaissisCaught ForceObjectDelete called by workers>base @gkaissisCaught ForceObjectDelete called by workers>base @gkaissisCaught ForceObjectDelete called by workers>base @gkaissisCaught ForceObjectDelete called by workers>base @gkaissisCaught ForceObjectDelete called by workers>base @gkaissisCaught ForceObjectDelete called by workers>base @gkaissisCaught ForceObjectDelete called by workers>base @gkaissisCaught ForceObjectDelete called by workers>base @gkaissisCaught ForceObjectDelete called by workers>base @gkaissisCaught ForceObjectDelete called by workers>base @gkaissisCaught ForceObjectDelete called by workers>base @gkaissisCaught ForceObjectDelete called by workers>base @gkaissisCaught ForceObjectDelete called by workers>base @gkaissisCaught ForceObjectDelete called by workers>base @gkaissisCaught ForceObjectDelete called by workers>base @gkaissisCaught ForceObjectDelete called by workers>base @gkaissisCaught ForceObjectDelete called by workers>base @gkaissisCaught ForceObjectDelete called by workers>base @gkaissisCaught ForceObjectDelete called by workers>base @gkaissisCaught ForceObjectDelete called by workers>base @gkaissisCaught ForceObjectDelete called by workers>base @gkaissisCaught ForceObjectDelete called by workers>base @gkaissisCaught ForceObjectDelete called by workers>base @gkaissisCaught ForceObjectDelete called by workers>base @gkaissisCaught ForceObjectDelete called by workers>base @gkaissisCaught ForceObjectDelete called by workers>base @gkaissisCaught ForceObjectDelete called by workers>base @gkaissisCaught ForceObjectDelete called by workers>base @gkaissisCaught ForceObjectDelete called by workers>base @gkaissisCaught ForceObjectDelete called by workers>base @gkaissisCaught ForceObjectDelete called by workers>base @gkaissisCaught ForceObjectDelete called by workers>base @gkaissisCaught ForceObjectDelete called by workers>base @gkaissisCaught ForceObjectDelete called by workers>base @gkaissisCaught ForceObjectDelete called by workers>base @gkaissisCaught ForceObjectDelete called by workers>base @gkaissisCaught ForceObjectDelete called by workers>base @gkaissisCaught ForceObjectDelete called by workers>base @gkaissisCaught ForceObjectDelete called by workers>base @gkaissisCaught ForceObjectDelete called by workers>base @gkaissisCaught ForceObjectDelete called by workers>base @gkaissisCaught ForceObjectDelete called by workers>base @gkaissisCaught ForceObjectDelete called by workers>base @gkaissisCaught ForceObjectDelete called by workers>base @gkaissisCaught ForceObjectDelete called by workers>base @gkaissisCaught ForceObjectDelete called by workers>base @gkaissisTraining with secure aggregation:   0%|          | 0/1 [00:00<?, ?it/s]
Train batch 0:   0%|          | 0/3 [00:00<?, ?it/s]Caught ForceObjectDelete called by workers>base @gkaissisCaught ForceObjectDelete called by workers>base @gkaissisCaught ForceObjectDelete called by workers>base @gkaissisCaught ForceObjectDelete called by workers>base @gkaissisCaught ForceObjectDelete called by workers>base @gkaissisCaught ForceObjectDelete called by workers>base @gkaissisCaught ForceObjectDelete called by workers>base @gkaissisCaught ForceObjectDelete called by workers>base @gkaissisCaught ForceObjectDelete called by workers>base @gkaissisCaught ForceObjectDelete called by workers>base @gkaissisCaught ForceObjectDelete called by workers>base @gkaissisCaught ForceObjectDelete called by workers>base @gkaissisCaught ForceObjectDelete called by workers>base @gkaissisCaught ForceObjectDelete called by workers>base @gkaissisCaught ForceObjectDelete called by workers>base @gkaissisCaught ForceObjectDelete called by workers>base @gkaissisCaught ForceObjectDelete called by workers>base @gkaissisCaught ForceObjectDelete called by workers>base @gkaissisCaught ForceObjectDelete called by workers>base @gkaissisCaught ForceObjectDelete called by workers>base @gkaissisCaught ForceObjectDelete called by workers>base @gkaissisCaught ForceObjectDelete called by workers>base @gkaissisCaught ForceObjectDelete called by workers>base @gkaissisCaught ForceObjectDelete called by workers>base @gkaissisCaught ForceObjectDelete called by workers>base @gkaissisCaught ForceObjectDelete called by workers>base @gkaissisCaught ForceObjectDelete called by workers>base @gkaissisCaught ForceObjectDelete called by workers>base @gkaissisCaught ForceObjectDelete called by workers>base @gkaissisCaught ForceObjectDelete called by workers>base @gkaissisCaught ForceObjectDelete called by workers>base @gkaissisCaught ForceObjectDelete called by workers>base @gkaissisCaught ForceObjectDelete called by workers>base @gkaissisCaught ForceObjectDelete called by workers>base @gkaissisCaught ForceObjectDelete called by workers>base @gkaissisCaught ForceObjectDelete called by workers>base @gkaissisCaught ForceObjectDelete called by workers>base @gkaissisCaught ForceObjectDelete called by workers>base @gkaissisCaught ForceObjectDelete called by workers>base @gkaissisCaught ForceObjectDelete called by workers>base @gkaissisCaught ForceObjectDelete called by workers>base @gkaissisCaught ForceObjectDelete called by workers>base @gkaissisCaught ForceObjectDelete called by workers>base @gkaissisCaught ForceObjectDelete called by workers>base @gkaissisCaught ForceObjectDelete called by workers>base @gkaissisCaught ForceObjectDelete called by workers>base @gkaissisCaught ForceObjectDelete called by workers>base @gkaissisCaught ForceObjectDelete called by workers>base @gkaissisCaught ForceObjectDelete called by workers>base @gkaissisCaught ForceObjectDelete called by workers>base @gkaissisCaught ForceObjectDelete called by workers>base @gkaissisCaught ForceObjectDelete called by workers>base @gkaissisCaught ForceObjectDelete called by workers>base @gkaissisCaught ForceObjectDelete called by workers>base @gkaissisCaught ForceObjectDelete called by workers>base @gkaissisCaught ForceObjectDelete called by workers>base @gkaissisCaught ForceObjectDelete called by workers>base @gkaissisCaught ForceObjectDelete called by workers>base @gkaissisCaught ForceObjectDelete called by workers>base @gkaissisCaught ForceObjectDelete called by workers>base @gkaissisCaught ForceObjectDelete called by workers>base @gkaissisCaught ForceObjectDelete called by workers>base @gkaissisCaught ForceObjectDelete called by workers>base @gkaissisCaught ForceObjectDelete called by workers>base @gkaissisCaught ForceObjectDelete called by workers>base @gkaissisCaught ForceObjectDelete called by workers>base @gkaissisCaught ForceObjectDelete called by workers>base @gkaissisCaught ForceObjectDelete called by workers>base @gkaissisCaught ForceObjectDelete called by workers>base @gkaissisCaught ForceObjectDelete called by workers>base @gkaissisCaught ForceObjectDelete called by workers>base @gkaissisCaught ForceObjectDelete called by workers>base @gkaissisCaught ForceObjectDelete called by workers>base @gkaissisCaught ForceObjectDelete called by workers>base @gkaissisCaught ForceObjectDelete called by workers>base @gkaissisCaught ForceObjectDelete called by workers>base @gkaissisCaught ForceObjectDelete called by workers>base @gkaissisCaught ForceObjectDelete called by workers>base @gkaissisCaught ForceObjectDelete called by workers>base @gkaissisCaught ForceObjectDelete called by workers>base @gkaissisCaught ForceObjectDelete called by workers>base @gkaissisCaught ForceObjectDelete called by workers>base @gkaissisCaught ForceObjectDelete called by workers>base @gkaissisCaught ForceObjectDelete called by workers>base @gkaissisCaught ForceObjectDelete called by workers>base @gkaissisCaught ForceObjectDelete called by workers>base @gkaissisCaught ForceObjectDelete called by workers>base @gkaissisCaught ForceObjectDelete called by workers>base @gkaissisCaught ForceObjectDelete called by workers>base @gkaissisCaught ForceObjectDelete called by workers>base @gkaissisCaught ForceObjectDelete called by workers>base @gkaissisCaught ForceObjectDelete called by workers>base @gkaissisCaught ForceObjectDelete called by workers>base @gkaissisCaught ForceObjectDelete called by workers>base @gkaissisCaught ForceObjectDelete called by workers>base @gkaissisCaught ForceObjectDelete called by workers>base @gkaissisCaught ForceObjectDelete called by workers>base @gkaissisCaught ForceObjectDelete called by workers>base @gkaissisCaught ForceObjectDelete called by workers>base @gkaissisCaught ForceObjectDelete called by workers>base @gkaissisCaught ForceObjectDelete called by workers>base @gkaissisCaught ForceObjectDelete called by workers>base @gkaissisCaught ForceObjectDelete called by workers>base @gkaissisCaught ForceObjectDelete called by workers>base @gkaissisCaught ForceObjectDelete called by workers>base @gkaissisCaught ForceObjectDelete called by workers>base @gkaissisCaught ForceObjectDelete called by workers>base @gkaissisCaught ForceObjectDelete called by workers>base @gkaissisCaught ForceObjectDelete called by workers>base @gkaissisCaught ForceObjectDelete called by workers>base @gkaissisCaught ForceObjectDelete called by workers>base @gkaissisCaught ForceObjectDelete called by workers>base @gkaissisCaught ForceObjectDelete called by workers>base @gkaissisCaught ForceObjectDelete called by workers>base @gkaissisCaught ForceObjectDelete called by workers>base @gkaissisCaught ForceObjectDelete called by workers>base @gkaissisCaught ForceObjectDelete called by workers>base @gkaissisCaught ForceObjectDelete called by workers>base @gkaissisCaught ForceObjectDelete called by workers>base @gkaissisCaught ForceObjectDelete called by workers>base @gkaissisCaught ForceObjectDelete called by workers>base @gkaissisCaught ForceObjectDelete called by workers>base @gkaissisCaught ForceObjectDelete called by workers>base @gkaissisCaught ForceObjectDelete called by workers>base @gkaissisCaught ForceObjectDelete called by workers>base @gkaissisCaught ForceObjectDelete called by workers>base @gkaissisCaught ForceObjectDelete called by workers>base @gkaissisCaught ForceObjectDelete called by workers>base @gkaissisCaught ForceObjectDelete called by workers>base @gkaissisCaught ForceObjectDelete called by workers>base @gkaissisCaught ForceObjectDelete called by workers>base @gkaissisCaught ForceObjectDelete called by workers>base @gkaissisCaught ForceObjectDelete called by workers>base @gkaissisCaught ForceObjectDelete called by workers>base @gkaissisCaught ForceObjectDelete called by workers>base @gkaissisCaught ForceObjectDelete called by workers>base @gkaissisCaught ForceObjectDelete called by workers>base @gkaissisCaught ForceObjectDelete called by workers>base @gkaissisCaught ForceObjectDelete called by workers>base @gkaissisCaught ForceObjectDelete called by workers>base @gkaissisCaught ForceObjectDelete called by workers>base @gkaissisCaught ForceObjectDelete called by workers>base @gkaissisCaught ForceObjectDelete called by workers>base @gkaissisCaught ForceObjectDelete called by workers>base @gkaissisCaught ForceObjectDelete called by workers>base @gkaissisCaught ForceObjectDelete called by workers>base @gkaissisCaught ForceObjectDelete called by workers>base @gkaissisCaught ForceObjectDelete called by workers>base @gkaissisCaught ForceObjectDelete called by workers>base @gkaissisCaught ForceObjectDelete called by workers>base @gkaissisCaught ForceObjectDelete called by workers>base @gkaissisCaught ForceObjectDelete called by workers>base @gkaissisCaught ForceObjectDelete called by workers>base @gkaissisCaught ForceObjectDelete called by workers>base @gkaissisCaught ForceObjectDelete called by workers>base @gkaissisCaught ForceObjectDelete called by workers>base @gkaissisCaught ForceObjectDelete called by workers>base @gkaissisCaught ForceObjectDelete called by workers>base @gkaissisCaught ForceObjectDelete called by workers>base @gkaissisCaught ForceObjectDelete called by workers>base @gkaissisCaught ForceObjectDelete called by workers>base @gkaissisCaught ForceObjectDelete called by workers>base @gkaissisCaught ForceObjectDelete called by workers>base @gkaissisCaught ForceObjectDelete called by workers>base @gkaissisCaught ForceObjectDelete called by workers>base @gkaissisCaught ForceObjectDelete called by workers>base @gkaissisCaught ForceObjectDelete called by workers>base @gkaissisCaught ForceObjectDelete called by workers>base @gkaissisCaught ForceObjectDelete called by workers>base @gkaissisCaught ForceObjectDelete called by workers>base @gkaissisCaught ForceObjectDelete called by workers>base @gkaissisCaught ForceObjectDelete called by workers>base @gkaissisCaught ForceObjectDelete called by workers>base @gkaissisCaught ForceObjectDelete called by workers>base @gkaissisCaught ForceObjectDelete called by workers>base @gkaissisCaught ForceObjectDelete called by workers>base @gkaissisCaught ForceObjectDelete called by workers>base @gkaissisCaught ForceObjectDelete called by workers>base @gkaissisCaught ForceObjectDelete called by workers>base @gkaissisCaught ForceObjectDelete called by workers>base @gkaissisCaught ForceObjectDelete called by workers>base @gkaissisCaught ForceObjectDelete called by workers>base @gkaissisCaught ForceObjectDelete called by workers>base @gkaissisCaught ForceObjectDelete called by workers>base @gkaissisCaught ForceObjectDelete called by workers>base @gkaissisCaught ForceObjectDelete called by workers>base @gkaissisCaught ForceObjectDelete called by workers>base @gkaissisCaught ForceObjectDelete called by workers>base @gkaissisCaught ForceObjectDelete called by workers>base @gkaissisCaught ForceObjectDelete called by workers>base @gkaissisCaught ForceObjectDelete called by workers>base @gkaissisCaught ForceObjectDelete called by workers>base @gkaissisCaught ForceObjectDelete called by workers>base @gkaissisCaught ForceObjectDelete called by workers>base @gkaissisCaught ForceObjectDelete called by workers>base @gkaissisCaught ForceObjectDelete called by workers>base @gkaissisCaught ForceObjectDelete called by workers>base @gkaissisCaught ForceObjectDelete called by workers>base @gkaissisCaught ForceObjectDelete called by workers>base @gkaissisCaught ForceObjectDelete called by workers>base @gkaissisCaught ForceObjectDelete called by workers>base @gkaissisCaught ForceObjectDelete called by workers>base @gkaissisCaught ForceObjectDelete called by workers>base @gkaissisCaught ForceObjectDelete called by workers>base @gkaissisCaught ForceObjectDelete called by workers>base @gkaissisCaught ForceObjectDelete called by workers>base @gkaissisCaught ForceObjectDelete called by workers>base @gkaissisCaught ForceObjectDelete called by workers>base @gkaissisCaught ForceObjectDelete called by workers>base @gkaissisCaught ForceObjectDelete called by workers>base @gkaissisCaught ForceObjectDelete called by workers>base @gkaissisCaught ForceObjectDelete called by workers>base @gkaissisCaught ForceObjectDelete called by workers>base @gkaissisCaught ForceObjectDelete called by workers>base @gkaissisCaught ForceObjectDelete called by workers>base @gkaissisCaught ForceObjectDelete called by workers>base @gkaissisCaught ForceObjectDelete called by workers>base @gkaissisCaught ForceObjectDelete called by workers>base @gkaissisCaught ForceObjectDelete called by workers>base @gkaissisCaught ForceObjectDelete called by workers>base @gkaissisCaught ForceObjectDelete called by workers>base @gkaissisCaught ForceObjectDelete called by workers>base @gkaissisCaught ForceObjectDelete called by workers>base @gkaissisCaught ForceObjectDelete called by workers>base @gkaissisCaught ForceObjectDelete called by workers>base @gkaissisCaught ForceObjectDelete called by workers>base @gkaissisCaught ForceObjectDelete called by workers>base @gkaissisCaught ForceObjectDelete called by workers>base @gkaissisCaught ForceObjectDelete called by workers>base @gkaissisCaught ForceObjectDelete called by workers>base @gkaissisCaught ForceObjectDelete called by workers>base @gkaissisCaught ForceObjectDelete called by workers>base @gkaissisCaught ForceObjectDelete called by workers>base @gkaissisCaught ForceObjectDelete called by workers>base @gkaissisCaught ForceObjectDelete called by workers>base @gkaissisCaught ForceObjectDelete called by workers>base @gkaissisCaught ForceObjectDelete called by workers>base @gkaissisCaught ForceObjectDelete called by workers>base @gkaissisCaught ForceObjectDelete called by workers>base @gkaissisCaught ForceObjectDelete called by workers>base @gkaissisCaught ForceObjectDelete called by workers>base @gkaissisCaught ForceObjectDelete called by workers>base @gkaissisCaught ForceObjectDelete called by workers>base @gkaissisCaught ForceObjectDelete called by workers>base @gkaissisCaught ForceObjectDelete called by workers>base @gkaissisCaught ForceObjectDelete called by workers>base @gkaissisCaught ForceObjectDelete called by workers>base @gkaissisCaught ForceObjectDelete called by workers>base @gkaissisCaught ForceObjectDelete called by workers>base @gkaissisCaught ForceObjectDelete called by workers>base @gkaissisCaught ForceObjectDelete called by workers>base @gkaissisCaught ForceObjectDelete called by workers>base @gkaissisCaught ForceObjectDelete called by workers>base @gkaissisCaught ForceObjectDelete called by workers>base @gkaissisCaught ForceObjectDelete called by workers>base @gkaissisCaught ForceObjectDelete called by workers>base @gkaissisCaught ForceObjectDelete called by workers>base @gkaissisCaught ForceObjectDelete called by workers>base @gkaissisCaught ForceObjectDelete called by workers>base @gkaissisCaught ForceObjectDelete called by workers>base @gkaissisCaught ForceObjectDelete called by workers>base @gkaissisCaught ForceObjectDelete called by workers>base @gkaissisCaught ForceObjectDelete called by workers>base @gkaissisCaught ForceObjectDelete called by workers>base @gkaissisCaught ForceObjectDelete called by workers>base @gkaissisCaught ForceObjectDelete called by workers>base @gkaissisCaught ForceObjectDelete called by workers>base @gkaissisCaught ForceObjectDelete called by workers>base @gkaissisCaught ForceObjectDelete called by workers>base @gkaissisCaught ForceObjectDelete called by workers>base @gkaissisCaught ForceObjectDelete called by workers>base @gkaissisCaught ForceObjectDelete called by workers>base @gkaissisCaught ForceObjectDelete called by workers>base @gkaissisCaught ForceObjectDelete called by workers>base @gkaissisCaught ForceObjectDelete called by workers>base @gkaissisCaught ForceObjectDelete called by workers>base @gkaissisCaught ForceObjectDelete called by workers>base @gkaissisCaught ForceObjectDelete called by workers>base @gkaissisCaught ForceObjectDelete called by workers>base @gkaissisCaught ForceObjectDelete called by workers>base @gkaissisCaught ForceObjectDelete called by workers>base @gkaissisCaught ForceObjectDelete called by workers>base @gkaissisCaught ForceObjectDelete called by workers>base @gkaissisCaught ForceObjectDelete called by workers>base @gkaissisCaught ForceObjectDelete called by workers>base @gkaissisCaught ForceObjectDelete called by workers>base @gkaissisCaught ForceObjectDelete called by workers>base @gkaissisCaught ForceObjectDelete called by workers>base @gkaissisCaught ForceObjectDelete called by workers>base @gkaissisCaught ForceObjectDelete called by workers>base @gkaissisCaught ForceObjectDelete called by workers>base @gkaissisCaught ForceObjectDelete called by workers>base @gkaissisCaught ForceObjectDelete called by workers>base @gkaissisCaught ForceObjectDelete called by workers>base @gkaissisCaught ForceObjectDelete called by workers>base @gkaissisCaught ForceObjectDelete called by workers>base @gkaissisCaught ForceObjectDelete called by workers>base @gkaissisCaught ForceObjectDelete called by workers>base @gkaissisCaught ForceObjectDelete called by workers>base @gkaissisCaught ForceObjectDelete called by workers>base @gkaissisCaught ForceObjectDelete called by workers>base @gkaissisCaught ForceObjectDelete called by workers>base @gkaissisCaught ForceObjectDelete called by workers>base @gkaissisCaught ForceObjectDelete called by workers>base @gkaissisCaught ForceObjectDelete called by workers>base @gkaissisCaught ForceObjectDelete called by workers>base @gkaissisCaught ForceObjectDelete called by workers>base @gkaissisCaught ForceObjectDelete called by workers>base @gkaissisCaught ForceObjectDelete called by workers>base @gkaissisCaught ForceObjectDelete called by workers>base @gkaissisCaught ForceObjectDelete called by workers>base @gkaissisCaught ForceObjectDelete called by workers>base @gkaissisCaught ForceObjectDelete called by workers>base @gkaissisCaught ForceObjectDelete called by workers>base @gkaissisCaught ForceObjectDelete called by workers>base @gkaissisCaught ForceObjectDelete called by workers>base @gkaissisCaught ForceObjectDelete called by workers>base @gkaissisCaught ForceObjectDelete called by workers>base @gkaissisCaught ForceObjectDelete called by workers>base @gkaissisCaught ForceObjectDelete called by workers>base @gkaissisCaught ForceObjectDelete called by workers>base @gkaissisCaught ForceObjectDelete called by workers>base @gkaissisCaught ForceObjectDelete called by workers>base @gkaissisCaught ForceObjectDelete called by workers>base @gkaissisCaught ForceObjectDelete called by workers>base @gkaissisCaught ForceObjectDelete called by workers>base @gkaissisCaught ForceObjectDelete called by workers>base @gkaissisCaught ForceObjectDelete called by workers>base @gkaissisCaught ForceObjectDelete called by workers>base @gkaissisCaught ForceObjectDelete called by workers>base @gkaissisCaught ForceObjectDelete called by workers>base @gkaissisCaught ForceObjectDelete called by workers>base @gkaissisCaught ForceObjectDelete called by workers>base @gkaissisCaught ForceObjectDelete called by workers>base @gkaissisCaught ForceObjectDelete called by workers>base @gkaissisCaught ForceObjectDelete called by workers>base @gkaissisCaught ForceObjectDelete called by workers>base @gkaissisCaught ForceObjectDelete called by workers>base @gkaissisCaught ForceObjectDelete called by workers>base @gkaissisCaught ForceObjectDelete called by workers>base @gkaissisCaught ForceObjectDelete called by workers>base @gkaissisCaught ForceObjectDelete called by workers>base @gkaissisCaught ForceObjectDelete called by workers>base @gkaissisCaught ForceObjectDelete called by workers>base @gkaissisCaught ForceObjectDelete called by workers>base @gkaissisCaught ForceObjectDelete called by workers>base @gkaissisCaught ForceObjectDelete called by workers>base @gkaissisCaught ForceObjectDelete called by workers>base @gkaissisCaught ForceObjectDelete called by workers>base @gkaissisCaught ForceObjectDelete called by workers>base @gkaissisCaught ForceObjectDelete called by workers>base @gkaissisCaught ForceObjectDelete called by workers>base @gkaissisCaught ForceObjectDelete called by workers>base @gkaissisCaught ForceObjectDelete called by workers>base @gkaissisCaught ForceObjectDelete called by workers>base @gkaissisCaught ForceObjectDelete called by workers>base @gkaissisCaught ForceObjectDelete called by workers>base @gkaissisCaught ForceObjectDelete called by workers>base @gkaissisCaught ForceObjectDelete called by workers>base @gkaissisCaught ForceObjectDelete called by workers>base @gkaissisCaught ForceObjectDelete called by workers>base @gkaissisCaught ForceObjectDelete called by workers>base @gkaissisCaught ForceObjectDelete called by workers>base @gkaissisCaught ForceObjectDelete called by workers>base @gkaissisCaught ForceObjectDelete called by workers>base @gkaissisCaught ForceObjectDelete called by workers>base @gkaissisCaught ForceObjectDelete called by workers>base @gkaissisCaught ForceObjectDelete called by workers>base @gkaissisCaught ForceObjectDelete called by workers>base @gkaissisCaught ForceObjectDelete called by workers>base @gkaissisCaught ForceObjectDelete called by workers>base @gkaissisCaught ForceObjectDelete called by workers>base @gkaissisCaught ForceObjectDelete called by workers>base @gkaissisCaught ForceObjectDelete called by workers>base @gkaissisCaught ForceObjectDelete called by workers>base @gkaissisCaught ForceObjectDelete called by workers>base @gkaissisCaught ForceObjectDelete called by workers>base @gkaissisCaught ForceObjectDelete called by workers>base @gkaissisCaught ForceObjectDelete called by workers>base @gkaissisCaught ForceObjectDelete called by workers>base @gkaissisCaught ForceObjectDelete called by workers>base @gkaissisCaught ForceObjectDelete called by workers>base @gkaissisCaught ForceObjectDelete called by workers>base @gkaissisCaught ForceObjectDelete called by workers>base @gkaissisCaught ForceObjectDelete called by workers>base @gkaissisCaught ForceObjectDelete called by workers>base @gkaissisCaught ForceObjectDelete called by workers>base @gkaissisCaught ForceObjectDelete called by workers>base @gkaissisCaught ForceObjectDelete called by workers>base @gkaissisCaught ForceObjectDelete called by workers>base @gkaissisCaught ForceObjectDelete called by workers>base @gkaissisCaught ForceObjectDelete called by workers>base @gkaissisCaught ForceObjectDelete called by workers>base @gkaissisCaught ForceObjectDelete called by workers>base @gkaissisCaught ForceObjectDelete called by workers>base @gkaissisCaught ForceObjectDelete called by workers>base @gkaissisCaught ForceObjectDelete called by workers>base @gkaissisCaught ForceObjectDelete called by workers>base @gkaissisCaught ForceObjectDelete called by workers>base @gkaissisCaught ForceObjectDelete called by workers>base @gkaissisCaught ForceObjectDelete called by workers>base @gkaissisCaught ForceObjectDelete called by workers>base @gkaissisCaught ForceObjectDelete called by workers>base @gkaissisCaught ForceObjectDelete called by workers>base @gkaissisCaught ForceObjectDelete called by workers>base @gkaissisCaught ForceObjectDelete called by workers>base @gkaissisCaught ForceObjectDelete called by workers>base @gkaissisCaught ForceObjectDelete called by workers>base @gkaissisCaught ForceObjectDelete called by workers>base @gkaissisCaught ForceObjectDelete called by workers>base @gkaissisCaught ForceObjectDelete called by workers>base @gkaissisCaught ForceObjectDelete called by workers>base @gkaissisCaught ForceObjectDelete called by workers>base @gkaissisCaught ForceObjectDelete called by workers>base @gkaissisCaught ForceObjectDelete called by workers>base @gkaissisCaught ForceObjectDelete called by workers>base @gkaissisCaught ForceObjectDelete called by workers>base @gkaissisCaught ForceObjectDelete called by workers>base @gkaissisCaught ForceObjectDelete called by workers>base @gkaissisCaught ForceObjectDelete called by workers>base @gkaissisCaught ForceObjectDelete called by workers>base @gkaissisCaught ForceObjectDelete called by workers>base @gkaissisCaught ForceObjectDelete called by workers>base @gkaissisCaught ForceObjectDelete called by workers>base @gkaissisCaught ForceObjectDelete called by workers>base @gkaissisCaught ForceObjectDelete called by workers>base @gkaissisCaught ForceObjectDelete called by workers>base @gkaissisCaught ForceObjectDelete called by workers>base @gkaissisCaught ForceObjectDelete called by workers>base @gkaissisCaught ForceObjectDelete called by workers>base @gkaissisCaught ForceObjectDelete called by workers>base @gkaissisCaught ForceObjectDelete called by workers>base @gkaissisCaught ForceObjectDelete called by workers>base @gkaissisCaught ForceObjectDelete called by workers>base @gkaissisCaught ForceObjectDelete called by workers>base @gkaissisCaught ForceObjectDelete called by workers>base @gkaissisCaught ForceObjectDelete called by workers>base @gkaissisCaught ForceObjectDelete called by workers>base @gkaissisCaught ForceObjectDelete called by workers>base @gkaissisCaught ForceObjectDelete called by workers>base @gkaissisCaught ForceObjectDelete called by workers>base @gkaissisCaught ForceObjectDelete called by workers>base @gkaissisCaught ForceObjectDelete called by workers>base @gkaissisCaught ForceObjectDelete called by workers>base @gkaissisCaught ForceObjectDelete called by workers>base @gkaissisCaught ForceObjectDelete called by workers>base @gkaissisCaught ForceObjectDelete called by workers>base @gkaissisCaught ForceObjectDelete called by workers>base @gkaissisCaught ForceObjectDelete called by workers>base @gkaissisCaught ForceObjectDelete called by workers>base @gkaissisCaught ForceObjectDelete called by workers>base @gkaissisCaught ForceObjectDelete called by workers>base @gkaissisCaught ForceObjectDelete called by workers>base @gkaissisCaught ForceObjectDelete called by workers>base @gkaissisCaught ForceObjectDelete called by workers>base @gkaissisCaught ForceObjectDelete called by workers>base @gkaissisCaught ForceObjectDelete called by workers>base @gkaissisCaught ForceObjectDelete called by workers>base @gkaissisCaught ForceObjectDelete called by workers>base @gkaissisCaught ForceObjectDelete called by workers>base @gkaissisCaught ForceObjectDelete called by workers>base @gkaissisCaught ForceObjectDelete called by workers>base @gkaissisCaught ForceObjectDelete called by workers>base @gkaissisCaught ForceObjectDelete called by workers>base @gkaissisCaught ForceObjectDelete called by workers>base @gkaissisCaught ForceObjectDelete called by workers>base @gkaissisCaught ForceObjectDelete called by workers>base @gkaissisCaught ForceObjectDelete called by workers>base @gkaissisCaught ForceObjectDelete called by workers>base @gkaissisCaught ForceObjectDelete called by workers>base @gkaissisCaught ForceObjectDelete called by workers>base @gkaissisCaught ForceObjectDelete called by workers>base @gkaissisCaught ForceObjectDelete called by workers>base @gkaissisCaught ForceObjectDelete called by workers>base @gkaissisCaught ForceObjectDelete called by workers>base @gkaissisCaught ForceObjectDelete called by workers>base @gkaissisCaught ForceObjectDelete called by workers>base @gkaissisCaught ForceObjectDelete called by workers>base @gkaissisCaught ForceObjectDelete called by workers>base @gkaissisCaught ForceObjectDelete called by workers>base @gkaissisCaught ForceObjectDelete called by workers>base @gkaissisCaught ForceObjectDelete called by workers>base @gkaissisCaught ForceObjectDelete called by workers>base @gkaissisCaught ForceObjectDelete called by workers>base @gkaissisCaught ForceObjectDelete called by workers>base @gkaissisCaught ForceObjectDelete called by workers>base @gkaissisCaught ForceObjectDelete called by workers>base @gkaissisCaught ForceObjectDelete called by workers>base @gkaissisCaught ForceObjectDelete called by workers>base @gkaissisCaught ForceObjectDelete called by workers>base @gkaissisCaught ForceObjectDelete called by workers>base @gkaissisCaught ForceObjectDelete called by workers>base @gkaissisCaught ForceObjectDelete called by workers>base @gkaissisCaught ForceObjectDelete called by workers>base @gkaissisCaught ForceObjectDelete called by workers>base @gkaissisCaught ForceObjectDelete called by workers>base @gkaissisCaught ForceObjectDelete called by workers>base @gkaissisCaught ForceObjectDelete called by workers>base @gkaissisCaught ForceObjectDelete called by workers>base @gkaissisCaught ForceObjectDelete called by workers>base @gkaissisCaught ForceObjectDelete called by workers>base @gkaissisCaught ForceObjectDelete called by workers>base @gkaissisCaught ForceObjectDelete called by workers>base @gkaissisCaught ForceObjectDelete called by workers>base @gkaissisCaught ForceObjectDelete called by workers>base @gkaissisCaught ForceObjectDelete called by workers>base @gkaissisCaught ForceObjectDelete called by workers>base @gkaissisCaught ForceObjectDelete called by workers>base @gkaissisCaught ForceObjectDelete called by workers>base @gkaissisCaught ForceObjectDelete called by workers>base @gkaissisCaught ForceObjectDelete called by workers>base @gkaissisCaught ForceObjectDelete called by workers>base @gkaissisCaught ForceObjectDelete called by workers>base @gkaissisCaught ForceObjectDelete called by workers>base @gkaissisCaught ForceObjectDelete called by workers>base @gkaissisCaught ForceObjectDelete called by workers>base @gkaissisCaught ForceObjectDelete called by workers>base @gkaissisCaught ForceObjectDelete called by workers>base @gkaissisCaught ForceObjectDelete called by workers>base @gkaissisCaught ForceObjectDelete called by workers>base @gkaissisCaught ForceObjectDelete called by workers>base @gkaissisCaught ForceObjectDelete called by workers>base @gkaissisCaught ForceObjectDelete called by workers>base @gkaissisCaught ForceObjectDelete called by workers>base @gkaissisCaught ForceObjectDelete called by workers>base @gkaissisCaught ForceObjectDelete called by workers>base @gkaissisCaught ForceObjectDelete called by workers>base @gkaissisCaught ForceObjectDelete called by workers>base @gkaissisCaught ForceObjectDelete called by workers>base @gkaissisCaught ForceObjectDelete called by workers>base @gkaissisCaught ForceObjectDelete called by workers>base @gkaissisCaught ForceObjectDelete called by workers>base @gkaissisCaught ForceObjectDelete called by workers>base @gkaissisCaught ForceObjectDelete called by workers>base @gkaissisCaught ForceObjectDelete called by workers>base @gkaissisCaught ForceObjectDelete called by workers>base @gkaissisCaught ForceObjectDelete called by workers>base @gkaissisCaught ForceObjectDelete called by workers>base @gkaissisCaught ForceObjectDelete called by workers>base @gkaissisCaught ForceObjectDelete called by workers>base @gkaissisCaught ForceObjectDelete called by workers>base @gkaissisCaught ForceObjectDelete called by workers>base @gkaissisCaught ForceObjectDelete called by workers>base @gkaissisCaught ForceObjectDelete called by workers>base @gkaissisCaught ForceObjectDelete called by workers>base @gkaissisCaught ForceObjectDelete called by workers>base @gkaissisCaught ForceObjectDelete called by workers>base @gkaissisCaught ForceObjectDelete called by workers>base @gkaissisCaught ForceObjectDelete called by workers>base @gkaissisCaught ForceObjectDelete called by workers>base @gkaissisCaught ForceObjectDelete called by workers>base @gkaissisCaught ForceObjectDelete called by workers>base @gkaissisCaught ForceObjectDelete called by workers>base @gkaissisCaught ForceObjectDelete called by workers>base @gkaissisCaught ForceObjectDelete called by workers>base @gkaissisCaught ForceObjectDelete called by workers>base @gkaissisCaught ForceObjectDelete called by workers>base @gkaissisCaught ForceObjectDelete called by workers>base @gkaissisCaught ForceObjectDelete called by workers>base @gkaissisCaught ForceObjectDelete called by workers>base @gkaissisCaught ForceObjectDelete called by workers>base @gkaissisCaught ForceObjectDelete called by workers>base @gkaissisCaught ForceObjectDelete called by workers>base @gkaissisCaught ForceObjectDelete called by workers>base @gkaissisCaught ForceObjectDelete called by workers>base @gkaissisCaught ForceObjectDelete called by workers>base @gkaissisCaught ForceObjectDelete called by workers>base @gkaissisCaught ForceObjectDelete called by workers>base @gkaissisCaught ForceObjectDelete called by workers>base @gkaissisCaught ForceObjectDelete called by workers>base @gkaissisCaught ForceObjectDelete called by workers>base @gkaissisCaught ForceObjectDelete called by workers>base @gkaissisCaught ForceObjectDelete called by workers>base @gkaissisCaught ForceObjectDelete called by workers>base @gkaissisCaught ForceObjectDelete called by workers>base @gkaissisCaught ForceObjectDelete called by workers>base @gkaissisCaught ForceObjectDelete called by workers>base @gkaissisCaught ForceObjectDelete called by workers>base @gkaissisCaught ForceObjectDelete called by workers>base @gkaissisCaught ForceObjectDelete called by workers>base @gkaissisCaught ForceObjectDelete called by workers>base @gkaissisCaught ForceObjectDelete called by workers>base @gkaissisCaught ForceObjectDelete called by workers>base @gkaissisCaught ForceObjectDelete called by workers>base @gkaissisCaught ForceObjectDelete called by workers>base @gkaissisCaught ForceObjectDelete called by workers>base @gkaissisCaught ForceObjectDelete called by workers>base @gkaissisCaught ForceObjectDelete called by workers>base @gkaissisCaught ForceObjectDelete called by workers>base @gkaissisCaught ForceObjectDelete called by workers>base @gkaissisCaught ForceObjectDelete called by workers>base @gkaissisCaught ForceObjectDelete called by workers>base @gkaissisCaught ForceObjectDelete called by workers>base @gkaissisCaught ForceObjectDelete called by workers>base @gkaissisCaught ForceObjectDelete called by workers>base @gkaissisCaught ForceObjectDelete called by workers>base @gkaissisCaught ForceObjectDelete called by workers>base @gkaissisCaught ForceObjectDelete called by workers>base @gkaissisCaught ForceObjectDelete called by workers>base @gkaissisCaught ForceObjectDelete called by workers>base @gkaissisCaught ForceObjectDelete called by workers>base @gkaissisCaught ForceObjectDelete called by workers>base @gkaissisCaught ForceObjectDelete called by workers>base @gkaissisCaught ForceObjectDelete called by workers>base @gkaissisCaught ForceObjectDelete called by workers>base @gkaissisCaught ForceObjectDelete called by workers>base @gkaissisCaught ForceObjectDelete called by workers>base @gkaissisCaught ForceObjectDelete called by workers>base @gkaissisCaught ForceObjectDelete called by workers>base @gkaissisCaught ForceObjectDelete called by workers>base @gkaissisCaught ForceObjectDelete called by workers>base @gkaissisCaught ForceObjectDelete called by workers>base @gkaissisCaught ForceObjectDelete called by workers>base @gkaissisCaught ForceObjectDelete called by workers>base @gkaissisCaught ForceObjectDelete called by workers>base @gkaissisCaught ForceObjectDelete called by workers>base @gkaissisCaught ForceObjectDelete called by workers>base @gkaissisCaught ForceObjectDelete called by workers>base @gkaissisCaught ForceObjectDelete called by workers>base @gkaissisCaught ForceObjectDelete called by workers>base @gkaissisCaught ForceObjectDelete called by workers>base @gkaissisCaught ForceObjectDelete called by workers>base @gkaissisCaught ForceObjectDelete called by workers>base @gkaissisCaught ForceObjectDelete called by workers>base @gkaissisCaught ForceObjectDelete called by workers>base @gkaissisCaught ForceObjectDelete called by workers>base @gkaissisCaught ForceObjectDelete called by workers>base @gkaissisCaught ForceObjectDelete called by workers>base @gkaissisCaught ForceObjectDelete called by workers>base @gkaissisCaught ForceObjectDelete called by workers>base @gkaissisCaught ForceObjectDelete called by workers>base @gkaissisCaught ForceObjectDelete called by workers>base @gkaissisCaught ForceObjectDelete called by workers>base @gkaissisCaught ForceObjectDelete called by workers>base @gkaissisCaught ForceObjectDelete called by workers>base @gkaissisCaught ForceObjectDelete called by workers>base @gkaissisCaught ForceObjectDelete called by workers>base @gkaissisCaught ForceObjectDelete called by workers>base @gkaissisCaught ForceObjectDelete called by workers>base @gkaissisCaught ForceObjectDelete called by workers>base @gkaissisCaught ForceObjectDelete called by workers>base @gkaissisCaught ForceObjectDelete called by workers>base @gkaissisCaught ForceObjectDelete called by workers>base @gkaissisCaught ForceObjectDelete called by workers>base @gkaissisCaught ForceObjectDelete called by workers>base @gkaissisCaught ForceObjectDelete called by workers>base @gkaissisCaught ForceObjectDelete called by workers>base @gkaissisCaught ForceObjectDelete called by workers>base @gkaissisCaught ForceObjectDelete called by workers>base @gkaissisCaught ForceObjectDelete called by workers>base @gkaissisCaught ForceObjectDelete called by workers>base @gkaissisCaught ForceObjectDelete called by workers>base @gkaissisCaught ForceObjectDelete called by workers>base @gkaissisCaught ForceObjectDelete called by workers>base @gkaissisCaught ForceObjectDelete called by workers>base @gkaissisCaught ForceObjectDelete called by workers>base @gkaissisCaught ForceObjectDelete called by workers>base @gkaissisCaught ForceObjectDelete called by workers>base @gkaissisCaught ForceObjectDelete called by workers>base @gkaissisCaught ForceObjectDelete called by workers>base @gkaissisCaught ForceObjectDelete called by workers>base @gkaissisCaught ForceObjectDelete called by workers>base @gkaissisCaught ForceObjectDelete called by workers>base @gkaissisCaught ForceObjectDelete called by workers>base @gkaissisCaught ForceObjectDelete called by workers>base @gkaissisCaught ForceObjectDelete called by workers>base @gkaissisCaught ForceObjectDelete called by workers>base @gkaissisCaught ForceObjectDelete called by workers>base @gkaissisCaught ForceObjectDelete called by workers>base @gkaissisCaught ForceObjectDelete called by workers>base @gkaissisCaught ForceObjectDelete called by workers>base @gkaissisCaught ForceObjectDelete called by workers>base @gkaissisCaught ForceObjectDelete called by workers>base @gkaissisCaught ForceObjectDelete called by workers>base @gkaissisCaught ForceObjectDelete called by workers>base @gkaissisCaught ForceObjectDelete called by workers>base @gkaissisCaught ForceObjectDelete called by workers>base @gkaissisCaught ForceObjectDelete called by workers>base @gkaissisCaught ForceObjectDelete called by workers>base @gkaissisCaught ForceObjectDelete called by workers>base @gkaissisCaught ForceObjectDelete called by workers>base @gkaissisCaught ForceObjectDelete called by workers>base @gkaissisCaught ForceObjectDelete called by workers>base @gkaissisCaught ForceObjectDelete called by workers>base @gkaissisCaught ForceObjectDelete called by workers>base @gkaissisCaught ForceObjectDelete called by workers>base @gkaissisCaught ForceObjectDelete called by workers>base @gkaissisCaught ForceObjectDelete called by workers>base @gkaissisCaught ForceObjectDelete called by workers>base @gkaissisCaught ForceObjectDelete called by workers>base @gkaissisCaught ForceObjectDelete called by workers>base @gkaissisCaught ForceObjectDelete called by workers>base @gkaissisCaught ForceObjectDelete called by workers>base @gkaissisCaught ForceObjectDelete called by workers>base @gkaissisCaught ForceObjectDelete called by workers>base @gkaissisCaught ForceObjectDelete called by workers>base @gkaissisCaught ForceObjectDelete called by workers>base @gkaissisCaught ForceObjectDelete called by workers>base @gkaissisCaught ForceObjectDelete called by workers>base @gkaissisCaught ForceObjectDelete called by workers>base @gkaissisCaught ForceObjectDelete called by workers>base @gkaissisCaught ForceObjectDelete called by workers>base @gkaissisCaught ForceObjectDelete called by workers>base @gkaissisCaught ForceObjectDelete called by workers>base @gkaissisCaught ForceObjectDelete called by workers>base @gkaissisCaught ForceObjectDelete called by workers>base @gkaissisCaught ForceObjectDelete called by workers>base @gkaissisCaught ForceObjectDelete called by workers>base @gkaissisCaught ForceObjectDelete called by workers>base @gkaissisCaught ForceObjectDelete called by workers>base @gkaissisCaught ForceObjectDelete called by workers>base @gkaissisCaught ForceObjectDelete called by workers>base @gkaissisCaught ForceObjectDelete called by workers>base @gkaissisCaught ForceObjectDelete called by workers>base @gkaissisCaught ForceObjectDelete called by workers>base @gkaissisCaught ForceObjectDelete called by workers>base @gkaissisCaught ForceObjectDelete called by workers>base @gkaissisCaught ForceObjectDelete called by workers>base @gkaissisCaught ForceObjectDelete called by workers>base @gkaissisCaught ForceObjectDelete called by workers>base @gkaissisCaught ForceObjectDelete called by workers>base @gkaissisCaught ForceObjectDelete called by workers>base @gkaissisCaught ForceObjectDelete called by workers>base @gkaissisCaught ForceObjectDelete called by workers>base @gkaissisCaught ForceObjectDelete called by workers>base @gkaissisCaught ForceObjectDelete called by workers>base @gkaissisCaught ForceObjectDelete called by workers>base @gkaissisCaught ForceObjectDelete called by workers>base @gkaissisCaught ForceObjectDelete called by workers>base @gkaissisCaught ForceObjectDelete called by workers>base @gkaissisCaught ForceObjectDelete called by workers>base @gkaissisCaught ForceObjectDelete called by workers>base @gkaissisCaught ForceObjectDelete called by workers>base @gkaissisCaught ForceObjectDelete called by workers>base @gkaissisCaught ForceObjectDelete called by workers>base @gkaissisCaught ForceObjectDelete called by workers>base @gkaissisCaught ForceObjectDelete called by workers>base @gkaissisCaught ForceObjectDelete called by workers>base @gkaissisCaught ForceObjectDelete called by workers>base @gkaissisCaught ForceObjectDelete called by workers>base @gkaissisCaught ForceObjectDelete called by workers>base @gkaissisCaught ForceObjectDelete called by workers>base @gkaissisCaught ForceObjectDelete called by workers>base @gkaissisCaught ForceObjectDelete called by workers>base @gkaissisCaught ForceObjectDelete called by workers>base @gkaissisCaught ForceObjectDelete called by workers>base @gkaissisCaught ForceObjectDelete called by workers>base @gkaissisCaught ForceObjectDelete called by workers>base @gkaissisCaught ForceObjectDelete called by workers>base @gkaissisCaught ForceObjectDelete called by workers>base @gkaissisCaught ForceObjectDelete called by workers>base @gkaissisCaught ForceObjectDelete called by workers>base @gkaissisCaught ForceObjectDelete called by workers>base @gkaissisCaught ForceObjectDelete called by workers>base @gkaissisCaught ForceObjectDelete called by workers>base @gkaissisCaught ForceObjectDelete called by workers>base @gkaissisCaught ForceObjectDelete called by workers>base @gkaissisCaught ForceObjectDelete called by workers>base @gkaissisCaught ForceObjectDelete called by workers>base @gkaissisCaught ForceObjectDelete called by workers>base @gkaissisCaught ForceObjectDelete called by workers>base @gkaissisCaught ForceObjectDelete called by workers>base @gkaissisCaught ForceObjectDelete called by workers>base @gkaissisCaught ForceObjectDelete called by workers>base @gkaissisCaught ForceObjectDelete called by workers>base @gkaissisCaught ForceObjectDelete called by workers>base @gkaissisCaught ForceObjectDelete called by workers>base @gkaissisCaught ForceObjectDelete called by workers>base @gkaissisCaught ForceObjectDelete called by workers>base @gkaissisCaught ForceObjectDelete called by workers>base @gkaissisCaught ForceObjectDelete called by workers>base @gkaissisCaught ForceObjectDelete called by workers>base @gkaissisCaught ForceObjectDelete called by workers>base @gkaissisCaught ForceObjectDelete called by workers>base @gkaissisCaught ForceObjectDelete called by workers>base @gkaissisCaught ForceObjectDelete called by workers>base @gkaissisCaught ForceObjectDelete called by workers>base @gkaissisCaught ForceObjectDelete called by workers>base @gkaissisCaught ForceObjectDelete called by workers>base @gkaissisCaught ForceObjectDelete called by workers>base @gkaissisCaught ForceObjectDelete called by workers>base @gkaissisCaught ForceObjectDelete called by workers>base @gkaissisCaught ForceObjectDelete called by workers>base @gkaissisCaught ForceObjectDelete called by workers>base @gkaissisCaught ForceObjectDelete called by workers>base @gkaissisCaught ForceObjectDelete called by workers>base @gkaissisCaught ForceObjectDelete called by workers>base @gkaissisCaught ForceObjectDelete called by workers>base @gkaissisCaught ForceObjectDelete called by workers>base @gkaissisCaught ForceObjectDelete called by workers>base @gkaissisCaught ForceObjectDelete called by workers>base @gkaissisCaught ForceObjectDelete called by workers>base @gkaissisCaught ForceObjectDelete called by workers>base @gkaissisCaught ForceObjectDelete called by workers>base @gkaissisCaught ForceObjectDelete called by workers>base @gkaissisCaught ForceObjectDelete called by workers>base @gkaissisCaught ForceObjectDelete called by workers>base @gkaissisCaught ForceObjectDelete called by workers>base @gkaissisCaught ForceObjectDelete called by workers>base @gkaissisCaught ForceObjectDelete called by workers>base @gkaissisCaught ForceObjectDelete called by workers>base @gkaissisCaught ForceObjectDelete called by workers>base @gkaissisCaught ForceObjectDelete called by workers>base @gkaissisCaught ForceObjectDelete called by workers>base @gkaissisCaught ForceObjectDelete called by workers>base @gkaissisCaught ForceObjectDelete called by workers>base @gkaissisCaught ForceObjectDelete called by workers>base @gkaissisCaught ForceObjectDelete called by workers>base @gkaissisCaught ForceObjectDelete called by workers>base @gkaissisCaught ForceObjectDelete called by workers>base @gkaissisCaught ForceObjectDelete called by workers>base @gkaissisCaught ForceObjectDelete called by workers>base @gkaissisCaught ForceObjectDelete called by workers>base @gkaissisCaught ForceObjectDelete called by workers>base @gkaissisCaught ForceObjectDelete called by workers>base @gkaissisCaught ForceObjectDelete called by workers>base @gkaissisCaught ForceObjectDelete called by workers>base @gkaissisCaught ForceObjectDelete called by workers>base @gkaissisCaught ForceObjectDelete called by workers>base @gkaissisCaught ForceObjectDelete called by workers>base @gkaissisCaught ForceObjectDelete called by workers>base @gkaissisCaught ForceObjectDelete called by workers>base @gkaissisCaught ForceObjectDelete called by workers>base @gkaissisCaught ForceObjectDelete called by workers>base @gkaissisCaught ForceObjectDelete called by workers>base @gkaissisCaught ForceObjectDelete called by workers>base @gkaissisCaught ForceObjectDelete called by workers>base @gkaissisCaught ForceObjectDelete called by workers>base @gkaissisCaught ForceObjectDelete called by workers>base @gkaissisCaught ForceObjectDelete called by workers>base @gkaissisCaught ForceObjectDelete called by workers>base @gkaissisCaught ForceObjectDelete called by workers>base @gkaissisCaught ForceObjectDelete called by workers>base @gkaissisCaught ForceObjectDelete called by workers>base @gkaissisCaught ForceObjectDelete called by workers>base @gkaissisCaught ForceObjectDelete called by workers>base @gkaissisCaught ForceObjectDelete called by workers>base @gkaissisCaught ForceObjectDelete called by workers>base @gkaissisCaught ForceObjectDelete called by workers>base @gkaissisCaught ForceObjectDelete called by workers>base @gkaissisCaught ForceObjectDelete called by workers>base @gkaissisCaught ForceObjectDelete called by workers>base @gkaissisCaught ForceObjectDelete called by workers>base @gkaissisCaught ForceObjectDelete called by workers>base @gkaissisCaught ForceObjectDelete called by workers>base @gkaissisCaught ForceObjectDelete called by workers>base @gkaissisCaught ForceObjectDelete called by workers>base @gkaissisCaught ForceObjectDelete called by workers>base @gkaissisCaught ForceObjectDelete called by workers>base @gkaissisCaught ForceObjectDelete called by workers>base @gkaissisCaught ForceObjectDelete called by workers>base @gkaissisCaught ForceObjectDelete called by workers>base @gkaissisCaught ForceObjectDelete called by workers>base @gkaissisCaught ForceObjectDelete called by workers>base @gkaissisCaught ForceObjectDelete called by workers>base @gkaissisCaught ForceObjectDelete called by workers>base @gkaissisCaught ForceObjectDelete called by workers>base @gkaissisCaught ForceObjectDelete called by workers>base @gkaissisCaught ForceObjectDelete called by workers>base @gkaissisCaught ForceObjectDelete called by workers>base @gkaissisCaught ForceObjectDelete called by workers>base @gkaissisCaught ForceObjectDelete called by workers>base @gkaissisCaught ForceObjectDelete called by workers>base @gkaissisCaught ForceObjectDelete called by workers>base @gkaissisCaught ForceObjectDelete called by workers>base @gkaissisCaught ForceObjectDelete called by workers>base @gkaissisCaught ForceObjectDelete called by workers>base @gkaissisCaught ForceObjectDelete called by workers>base @gkaissisCaught ForceObjectDelete called by workers>base @gkaissisCaught ForceObjectDelete called by workers>base @gkaissisCaught ForceObjectDelete called by workers>base @gkaissisCaught ForceObjectDelete called by workers>base @gkaissisCaught ForceObjectDelete called by workers>base @gkaissisCaught ForceObjectDelete called by workers>base @gkaissisCaught ForceObjectDelete called by workers>base @gkaissisCaught ForceObjectDelete called by workers>base @gkaissisCaught ForceObjectDelete called by workers>base @gkaissisCaught ForceObjectDelete called by workers>base @gkaissisCaught ForceObjectDelete called by workers>base @gkaissisCaught ForceObjectDelete called by workers>base @gkaissisCaught ForceObjectDelete called by workers>base @gkaissisCaught ForceObjectDelete called by workers>base @gkaissisCaught ForceObjectDelete called by workers>base @gkaissisCaught ForceObjectDelete called by workers>base @gkaissisCaught ForceObjectDelete called by workers>base @gkaissisCaught ForceObjectDelete called by workers>base @gkaissisCaught ForceObjectDelete called by workers>base @gkaissisCaught ForceObjectDelete called by workers>base @gkaissisCaught ForceObjectDelete called by workers>base @gkaissisCaught ForceObjectDelete called by workers>base @gkaissisCaught ForceObjectDelete called by workers>base @gkaissisCaught ForceObjectDelete called by workers>base @gkaissisCaught ForceObjectDelete called by workers>base @gkaissisCaught ForceObjectDelete called by workers>base @gkaissisCaught ForceObjectDelete called by workers>base @gkaissisCaught ForceObjectDelete called by workers>base @gkaissisCaught ForceObjectDelete called by workers>base @gkaissisCaught ForceObjectDelete called by workers>base @gkaissisCaught ForceObjectDelete called by workers>base @gkaissisCaught ForceObjectDelete called by workers>base @gkaissisCaught ForceObjectDelete called by workers>base @gkaissisCaught ForceObjectDelete called by workers>base @gkaissisCaught ForceObjectDelete called by workers>base @gkaissisCaught ForceObjectDelete called by workers>base @gkaissisCaught ForceObjectDelete called by workers>base @gkaissisCaught ForceObjectDelete called by workers>base @gkaissisCaught ForceObjectDelete called by workers>base @gkaissisCaught ForceObjectDelete called by workers>base @gkaissisCaught ForceObjectDelete called by workers>base @gkaissisCaught ForceObjectDelete called by workers>base @gkaissisCaught ForceObjectDelete called by workers>base @gkaissisCaught ForceObjectDelete called by workers>base @gkaissisCaught ForceObjectDelete called by workers>base @gkaissisCaught ForceObjectDelete called by workers>base @gkaissisCaught ForceObjectDelete called by workers>base @gkaissisCaught ForceObjectDelete called by workers>base @gkaissisCaught ForceObjectDelete called by workers>base @gkaissisCaught ForceObjectDelete called by workers>base @gkaissisCaught ForceObjectDelete called by workers>base @gkaissisCaught ForceObjectDelete called by workers>base @gkaissisCaught ForceObjectDelete called by workers>base @gkaissisCaught ForceObjectDelete called by workers>base @gkaissisCaught ForceObjectDelete called by workers>base @gkaissisCaught ForceObjectDelete called by workers>base @gkaissisCaught ForceObjectDelete called by workers>base @gkaissisCaught ForceObjectDelete called by workers>base @gkaissisCaught ForceObjectDelete called by workers>base @gkaissisCaught ForceObjectDelete called by workers>base @gkaissisCaught ForceObjectDelete called by workers>base @gkaissisCaught ForceObjectDelete called by workers>base @gkaissisCaught ForceObjectDelete called by workers>base @gkaissisCaught ForceObjectDelete called by workers>base @gkaissisCaught ForceObjectDelete called by workers>base @gkaissisCaught ForceObjectDelete called by workers>base @gkaissisCaught ForceObjectDelete called by workers>base @gkaissisCaught ForceObjectDelete called by workers>base @gkaissisCaught ForceObjectDelete called by workers>base @gkaissisCaught ForceObjectDelete called by workers>base @gkaissisCaught ForceObjectDelete called by workers>base @gkaissisCaught ForceObjectDelete called by workers>base @gkaissisCaught ForceObjectDelete called by workers>base @gkaissisCaught ForceObjectDelete called by workers>base @gkaissisCaught ForceObjectDelete called by workers>base @gkaissisCaught ForceObjectDelete called by workers>base @gkaissisCaught ForceObjectDelete called by workers>base @gkaissisCaught ForceObjectDelete called by workers>base @gkaissisCaught ForceObjectDelete called by workers>base @gkaissisCaught ForceObjectDelete called by workers>base @gkaissisCaught ForceObjectDelete called by workers>base @gkaissisCaught ForceObjectDelete called by workers>base @gkaissisCaught ForceObjectDelete called by workers>base @gkaissisCaught ForceObjectDelete called by workers>base @gkaissisCaught ForceObjectDelete called by workers>base @gkaissisCaught ForceObjectDelete called by workers>base @gkaissisCaught ForceObjectDelete called by workers>base @gkaissisCaught ForceObjectDelete called by workers>base @gkaissisCaught ForceObjectDelete called by workers>base @gkaissisCaught ForceObjectDelete called by workers>base @gkaissisCaught ForceObjectDelete called by workers>base @gkaissisCaught ForceObjectDelete called by workers>base @gkaissisCaught ForceObjectDelete called by workers>base @gkaissisCaught ForceObjectDelete called by workers>base @gkaissisCaught ForceObjectDelete called by workers>base @gkaissisCaught ForceObjectDelete called by workers>base @gkaissisCaught ForceObjectDelete called by workers>base @gkaissisCaught ForceObjectDelete called by workers>base @gkaissisCaught ForceObjectDelete called by workers>base @gkaissisCaught ForceObjectDelete called by workers>base @gkaissisCaught ForceObjectDelete called by workers>base @gkaissisCaught ForceObjectDelete called by workers>base @gkaissisCaught ForceObjectDelete called by workers>base @gkaissisCaught ForceObjectDelete called by workers>base @gkaissisCaught ForceObjectDelete called by workers>base @gkaissisCaught ForceObjectDelete called by workers>base @gkaissisCaught ForceObjectDelete called by workers>base @gkaissisCaught ForceObjectDelete called by workers>base @gkaissisCaught ForceObjectDelete called by workers>base @gkaissisCaught ForceObjectDelete called by workers>base @gkaissisCaught ForceObjectDelete called by workers>base @gkaissisCaught ForceObjectDelete called by workers>base @gkaissisCaught ForceObjectDelete called by workers>base @gkaissisCaught ForceObjectDelete called by workers>base @gkaissisCaught ForceObjectDelete called by workers>base @gkaissisCaught ForceObjectDelete called by workers>base @gkaissisCaught ForceObjectDelete called by workers>base @gkaissisCaught ForceObjectDelete called by workers>base @gkaissisCaught ForceObjectDelete called by workers>base @gkaissisCaught ForceObjectDelete called by workers>base @gkaissisCaught ForceObjectDelete called by workers>base @gkaissisCaught ForceObjectDelete called by workers>base @gkaissisCaught ForceObjectDelete called by workers>base @gkaissisCaught ForceObjectDelete called by workers>base @gkaissisCaught ForceObjectDelete called by workers>base @gkaissisCaught ForceObjectDelete called by workers>base @gkaissisCaught ForceObjectDelete called by workers>base @gkaissisCaught ForceObjectDelete called by workers>base @gkaissisCaught ForceObjectDelete called by workers>base @gkaissisCaught ForceObjectDelete called by workers>base @gkaissisCaught ForceObjectDelete called by workers>base @gkaissisCaught ForceObjectDelete called by workers>base @gkaissisCaught ForceObjectDelete called by workers>base @gkaissisCaught ForceObjectDelete called by workers>base @gkaissisCaught ForceObjectDelete called by workers>base @gkaissisCaught ForceObjectDelete called by workers>base @gkaissisCaught ForceObjectDelete called by workers>base @gkaissisCaught ForceObjectDelete called by workers>base @gkaissisCaught ForceObjectDelete called by workers>base @gkaissisCaught ForceObjectDelete called by workers>base @gkaissisCaught ForceObjectDelete called by workers>base @gkaissisCaught ForceObjectDelete called by workers>base @gkaissisCaught ForceObjectDelete called by workers>base @gkaissisCaught ForceObjectDelete called by workers>base @gkaissisCaught ForceObjectDelete called by workers>base @gkaissisCaught ForceObjectDelete called by workers>base @gkaissisCaught ForceObjectDelete called by workers>base @gkaissisCaught ForceObjectDelete called by workers>base @gkaissisCaught ForceObjectDelete called by workers>base @gkaissisCaught ForceObjectDelete called by workers>base @gkaissisCaught ForceObjectDelete called by workers>base @gkaissisCaught ForceObjectDelete called by workers>base @gkaissisCaught ForceObjectDelete called by workers>base @gkaissisCaught ForceObjectDelete called by workers>base @gkaissisCaught ForceObjectDelete called by workers>base @gkaissisCaught ForceObjectDelete called by workers>base @gkaissisCaught ForceObjectDelete called by workers>base @gkaissisCaught ForceObjectDelete called by workers>base @gkaissisCaught ForceObjectDelete called by workers>base @gkaissisCaught ForceObjectDelete called by workers>base @gkaissisCaught ForceObjectDelete called by workers>base @gkaissisCaught ForceObjectDelete called by workers>base @gkaissisCaught ForceObjectDelete called by workers>base @gkaissisCaught ForceObjectDelete called by workers>base @gkaissisCaught ForceObjectDelete called by workers>base @gkaissisCaught ForceObjectDelete called by workers>base @gkaissisCaught ForceObjectDelete called by workers>base @gkaissisCaught ForceObjectDelete called by workers>base @gkaissisCaught ForceObjectDelete called by workers>base @gkaissisCaught ForceObjectDelete called by workers>base @gkaissisCaught ForceObjectDelete called by workers>base @gkaissisCaught ForceObjectDelete called by workers>base @gkaissisCaught ForceObjectDelete called by workers>base @gkaissisCaught ForceObjectDelete called by workers>base @gkaissisCaught ForceObjectDelete called by workers>base @gkaissisCaught ForceObjectDelete called by workers>base @gkaissisCaught ForceObjectDelete called by workers>base @gkaissisCaught ForceObjectDelete called by workers>base @gkaissisCaught ForceObjectDelete called by workers>base @gkaissisCaught ForceObjectDelete called by workers>base @gkaissisCaught ForceObjectDelete called by workers>base @gkaissisCaught ForceObjectDelete called by workers>base @gkaissisCaught ForceObjectDelete called by workers>base @gkaissisCaught ForceObjectDelete called by workers>base @gkaissisCaught ForceObjectDelete called by workers>base @gkaissisCaught ForceObjectDelete called by workers>base @gkaissisCaught ForceObjectDelete called by workers>base @gkaissisCaught ForceObjectDelete called by workers>base @gkaissisCaught ForceObjectDelete called by workers>base @gkaissisCaught ForceObjectDelete called by workers>base @gkaissisCaught ForceObjectDelete called by workers>base @gkaissisCaught ForceObjectDelete called by workers>base @gkaissisCaught ForceObjectDelete called by workers>base @gkaissisCaught ForceObjectDelete called by workers>base @gkaissisCaught ForceObjectDelete called by workers>base @gkaissisCaught ForceObjectDelete called by workers>base @gkaissisCaught ForceObjectDelete called by workers>base @gkaissisCaught ForceObjectDelete called by workers>base @gkaissisCaught ForceObjectDelete called by workers>base @gkaissisCaught ForceObjectDelete called by workers>base @gkaissisCaught ForceObjectDelete called by workers>base @gkaissisCaught ForceObjectDelete called by workers>base @gkaissisCaught ForceObjectDelete called by workers>base @gkaissisCaught ForceObjectDelete called by workers>base @gkaissisCaught ForceObjectDelete called by workers>base @gkaissisCaught ForceObjectDelete called by workers>base @gkaissisCaught ForceObjectDelete called by workers>base @gkaissisCaught ForceObjectDelete called by workers>base @gkaissisCaught ForceObjectDelete called by workers>base @gkaissisCaught ForceObjectDelete called by workers>base @gkaissisCaught ForceObjectDelete called by workers>base @gkaissisCaught ForceObjectDelete called by workers>base @gkaissisCaught ForceObjectDelete called by workers>base @gkaissisCaught ForceObjectDelete called by workers>base @gkaissisCaught ForceObjectDelete called by workers>base @gkaissisCaught ForceObjectDelete called by workers>base @gkaissisCaught ForceObjectDelete called by workers>base @gkaissisCaught ForceObjectDelete called by workers>base @gkaissisCaught ForceObjectDelete called by workers>base @gkaissisCaught ForceObjectDelete called by workers>base @gkaissisCaught ForceObjectDelete called by workers>base @gkaissisCaught ForceObjectDelete called by workers>base @gkaissisCaught ForceObjectDelete called by workers>base @gkaissisCaught ForceObjectDelete called by workers>base @gkaissisCaught ForceObjectDelete called by workers>base @gkaissisCaught ForceObjectDelete called by workers>base @gkaissisCaught ForceObjectDelete called by workers>base @gkaissisCaught ForceObjectDelete called by workers>base @gkaissisCaught ForceObjectDelete called by workers>base @gkaissisCaught ForceObjectDelete called by workers>base @gkaissisCaught ForceObjectDelete called by workers>base @gkaissisCaught ForceObjectDelete called by workers>base @gkaissisCaught ForceObjectDelete called by workers>base @gkaissisCaught ForceObjectDelete called by workers>base @gkaissisCaught ForceObjectDelete called by workers>base @gkaissisCaught ForceObjectDelete called by workers>base @gkaissisCaught ForceObjectDelete called by workers>base @gkaissisCaught ForceObjectDelete called by workers>base @gkaissisCaught ForceObjectDelete called by workers>base @gkaissisCaught ForceObjectDelete called by workers>base @gkaissisCaught ForceObjectDelete called by workers>base @gkaissisCaught ForceObjectDelete called by workers>base @gkaissisCaught ForceObjectDelete called by workers>base @gkaissisCaught ForceObjectDelete called by workers>base @gkaissisCaught ForceObjectDelete called by workers>base @gkaissisCaught ForceObjectDelete called by workers>base @gkaissisCaught ForceObjectDelete called by workers>base @gkaissisCaught ForceObjectDelete called by workers>base @gkaissisCaught ForceObjectDelete called by workers>base @gkaissisCaught ForceObjectDelete called by workers>base @gkaissisCaught ForceObjectDelete called by workers>base @gkaissisCaught ForceObjectDelete called by workers>base @gkaissisCaught ForceObjectDelete called by workers>base @gkaissisCaught ForceObjectDelete called by workers>base @gkaissisCaught ForceObjectDelete called by workers>base @gkaissisCaught ForceObjectDelete called by workers>base @gkaissisCaught ForceObjectDelete called by workers>base @gkaissisCaught ForceObjectDelete called by workers>base @gkaissisCaught ForceObjectDelete called by workers>base @gkaissisCaught ForceObjectDelete called by workers>base @gkaissisCaught ForceObjectDelete called by workers>base @gkaissisCaught ForceObjectDelete called by workers>base @gkaissisCaught ForceObjectDelete called by workers>base @gkaissisCaught ForceObjectDelete called by workers>base @gkaissisCaught ForceObjectDelete called by workers>base @gkaissisCaught ForceObjectDelete called by workers>base @gkaissisCaught ForceObjectDelete called by workers>base @gkaissisCaught ForceObjectDelete called by workers>base @gkaissisCaught ForceObjectDelete called by workers>base @gkaissisCaught ForceObjectDelete called by workers>base @gkaissisCaught ForceObjectDelete called by workers>base @gkaissisCaught ForceObjectDelete called by workers>base @gkaissisCaught ForceObjectDelete called by workers>base @gkaissisCaught ForceObjectDelete called by workers>base @gkaissisCaught ForceObjectDelete called by workers>base @gkaissisCaught ForceObjectDelete called by workers>base @gkaissisCaught ForceObjectDelete called by workers>base @gkaissisCaught ForceObjectDelete called by workers>base @gkaissisCaught ForceObjectDelete called by workers>base @gkaissisCaught ForceObjectDelete called by workers>base @gkaissisCaught ForceObjectDelete called by workers>base @gkaissisCaught ForceObjectDelete called by workers>base @gkaissisCaught ForceObjectDelete called by workers>base @gkaissisCaught ForceObjectDelete called by workers>base @gkaissisCaught ForceObjectDelete called by workers>base @gkaissisCaught ForceObjectDelete called by workers>base @gkaissisCaught ForceObjectDelete called by workers>base @gkaissisCaught ForceObjectDelete called by workers>base @gkaissisCaught ForceObjectDelete called by workers>base @gkaissisCaught ForceObjectDelete called by workers>base @gkaissisCaught ForceObjectDelete called by workers>base @gkaissisCaught ForceObjectDelete called by workers>base @gkaissisCaught ForceObjectDelete called by workers>base @gkaissisCaught ForceObjectDelete called by workers>base @gkaissisCaught ForceObjectDelete called by workers>base @gkaissisCaught ForceObjectDelete called by workers>base @gkaissisCaught ForceObjectDelete called by workers>base @gkaissisCaught ForceObjectDelete called by workers>base @gkaissisCaught ForceObjectDelete called by workers>base @gkaissisCaught ForceObjectDelete called by workers>base @gkaissisCaught ForceObjectDelete called by workers>base @gkaissisCaught ForceObjectDelete called by workers>base @gkaissisCaught ForceObjectDelete called by workers>base @gkaissisCaught ForceObjectDelete called by workers>base @gkaissisCaught ForceObjectDelete called by workers>base @gkaissisCaught ForceObjectDelete called by workers>base @gkaissisCaught ForceObjectDelete called by workers>base @gkaissisCaught ForceObjectDelete called by workers>base @gkaissisCaught ForceObjectDelete called by workers>base @gkaissisCaught ForceObjectDelete called by workers>base @gkaissisCaught ForceObjectDelete called by workers>base @gkaissisCaught ForceObjectDelete called by workers>base @gkaissisCaught ForceObjectDelete called by workers>base @gkaissisCaught ForceObjectDelete called by workers>base @gkaissisCaught ForceObjectDelete called by workers>base @gkaissisCaught ForceObjectDelete called by workers>base @gkaissisCaught ForceObjectDelete called by workers>base @gkaissisCaught ForceObjectDelete called by workers>base @gkaissisCaught ForceObjectDelete called by workers>base @gkaissisCaught ForceObjectDelete called by workers>base @gkaissisCaught ForceObjectDelete called by workers>base @gkaissisCaught ForceObjectDelete called by workers>base @gkaissisCaught ForceObjectDelete called by workers>base @gkaissisCaught ForceObjectDelete called by workers>base @gkaissisCaught ForceObjectDelete called by workers>base @gkaissisCaught ForceObjectDelete called by workers>base @gkaissisCaught ForceObjectDelete called by workers>base @gkaissisCaught ForceObjectDelete called by workers>base @gkaissisCaught ForceObjectDelete called by workers>base @gkaissisCaught ForceObjectDelete called by workers>base @gkaissisCaught ForceObjectDelete called by workers>base @gkaissisCaught ForceObjectDelete called by workers>base @gkaissisCaught ForceObjectDelete called by workers>base @gkaissisCaught ForceObjectDelete called by workers>base @gkaissisCaught ForceObjectDelete called by workers>base @gkaissisCaught ForceObjectDelete called by workers>base @gkaissisCaught ForceObjectDelete called by workers>base @gkaissisCaught ForceObjectDelete called by workers>base @gkaissisCaught ForceObjectDelete called by workers>base @gkaissisCaught ForceObjectDelete called by workers>base @gkaissisCaught ForceObjectDelete called by workers>base @gkaissisCaught ForceObjectDelete called by workers>base @gkaissisCaught ForceObjectDelete called by workers>base @gkaissisCaught ForceObjectDelete called by workers>base @gkaissisCaught ForceObjectDelete called by workers>base @gkaissisCaught ForceObjectDelete called by workers>base @gkaissisCaught ForceObjectDelete called by workers>base @gkaissisCaught ForceObjectDelete called by workers>base @gkaissisCaught ForceObjectDelete called by workers>base @gkaissisCaught ForceObjectDelete called by workers>base @gkaissisCaught ForceObjectDelete called by workers>base @gkaissisCaught ForceObjectDelete called by workers>base @gkaissisCaught ForceObjectDelete called by workers>base @gkaissisCaught ForceObjectDelete called by workers>base @gkaissisCaught ForceObjectDelete called by workers>base @gkaissisCaught ForceObjectDelete called by workers>base @gkaissisCaught ForceObjectDelete called by workers>base @gkaissisCaught ForceObjectDelete called by workers>base @gkaissisCaught ForceObjectDelete called by workers>base @gkaissisCaught ForceObjectDelete called by workers>base @gkaissisCaught ForceObjectDelete called by workers>base @gkaissisCaught ForceObjectDelete called by workers>base @gkaissisCaught ForceObjectDelete called by workers>base @gkaissisCaught ForceObjectDelete called by workers>base @gkaissisCaught ForceObjectDelete called by workers>base @gkaissisCaught ForceObjectDelete called by workers>base @gkaissisCaught ForceObjectDelete called by workers>base @gkaissisCaught ForceObjectDelete called by workers>base @gkaissisCaught ForceObjectDelete called by workers>base @gkaissisCaught ForceObjectDelete called by workers>base @gkaissisCaught ForceObjectDelete called by workers>base @gkaissisCaught ForceObjectDelete called by workers>base @gkaissisCaught ForceObjectDelete called by workers>base @gkaissisCaught ForceObjectDelete called by workers>base @gkaissisCaught ForceObjectDelete called by workers>base @gkaissisCaught ForceObjectDelete called by workers>base @gkaissisCaught ForceObjectDelete called by workers>base @gkaissisCaught ForceObjectDelete called by workers>base @gkaissisCaught ForceObjectDelete called by workers>base @gkaissisCaught ForceObjectDelete called by workers>base @gkaissisCaught ForceObjectDelete called by workers>base @gkaissisCaught ForceObjectDelete called by workers>base @gkaissisCaught ForceObjectDelete called by workers>base @gkaissisCaught ForceObjectDelete called by workers>base @gkaissisCaught ForceObjectDelete called by workers>base @gkaissisCaught ForceObjectDelete called by workers>base @gkaissisCaught ForceObjectDelete called by workers>base @gkaissisCaught ForceObjectDelete called by workers>base @gkaissisCaught ForceObjectDelete called by workers>base @gkaissisCaught ForceObjectDelete called by workers>base @gkaissisCaught ForceObjectDelete called by workers>base @gkaissisCaught ForceObjectDelete called by workers>base @gkaissisCaught ForceObjectDelete called by workers>base @gkaissisCaught ForceObjectDelete called by workers>base @gkaissisCaught ForceObjectDelete called by workers>base @gkaissisCaught ForceObjectDelete called by workers>base @gkaissisCaught ForceObjectDelete called by workers>base @gkaissisCaught ForceObjectDelete called by workers>base @gkaissisCaught ForceObjectDelete called by workers>base @gkaissisCaught ForceObjectDelete called by workers>base @gkaissisCaught ForceObjectDelete called by workers>base @gkaissisCaught ForceObjectDelete called by workers>base @gkaissisCaught ForceObjectDelete called by workers>base @gkaissisCaught ForceObjectDelete called by workers>base @gkaissisCaught ForceObjectDelete called by workers>base @gkaissisCaught ForceObjectDelete called by workers>base @gkaissisCaught ForceObjectDelete called by workers>base @gkaissisCaught ForceObjectDelete called by workers>base @gkaissisCaught ForceObjectDelete called by workers>base @gkaissisCaught ForceObjectDelete called by workers>base @gkaissisCaught ForceObjectDelete called by workers>base @gkaissisCaught ForceObjectDelete called by workers>base @gkaissisCaught ForceObjectDelete called by workers>base @gkaissisCaught ForceObjectDelete called by workers>base @gkaissisCaught ForceObjectDelete called by workers>base @gkaissisCaught ForceObjectDelete called by workers>base @gkaissisCaught ForceObjectDelete called by workers>base @gkaissisCaught ForceObjectDelete called by workers>base @gkaissisCaught ForceObjectDelete called by workers>base @gkaissisCaught ForceObjectDelete called by workers>base @gkaissisCaught ForceObjectDelete called by workers>base @gkaissisCaught ForceObjectDelete called by workers>base @gkaissisCaught ForceObjectDelete called by workers>base @gkaissisCaught ForceObjectDelete called by workers>base @gkaissisCaught ForceObjectDelete called by workers>base @gkaissisCaught ForceObjectDelete called by workers>base @gkaissisCaught ForceObjectDelete called by workers>base @gkaissisCaught ForceObjectDelete called by workers>base @gkaissisCaught ForceObjectDelete called by workers>base @gkaissisCaught ForceObjectDelete called by workers>base @gkaissisCaught ForceObjectDelete called by workers>base @gkaissisCaught ForceObjectDelete called by workers>base @gkaissisCaught ForceObjectDelete called by workers>base @gkaissisCaught ForceObjectDelete called by workers>base @gkaissisCaught ForceObjectDelete called by workers>base @gkaissisCaught ForceObjectDelete called by workers>base @gkaissisCaught ForceObjectDelete called by workers>base @gkaissisCaught ForceObjectDelete called by workers>base @gkaissisCaught ForceObjectDelete called by workers>base @gkaissisCaught ForceObjectDelete called by workers>base @gkaissisCaught ForceObjectDelete called by workers>base @gkaissisCaught ForceObjectDelete called by workers>base @gkaissisCaught ForceObjectDelete called by workers>base @gkaissisCaught ForceObjectDelete called by workers>base @gkaissisCaught ForceObjectDelete called by workers>base @gkaissisCaught ForceObjectDelete called by workers>base @gkaissisCaught ForceObjectDelete called by workers>base @gkaissisCaught ForceObjectDelete called by workers>base @gkaissisCaught ForceObjectDelete called by workers>base @gkaissisCaught ForceObjectDelete called by workers>base @gkaissisCaught ForceObjectDelete called by workers>base @gkaissisCaught ForceObjectDelete called by workers>base @gkaissisCaught ForceObjectDelete called by workers>base @gkaissisCaught ForceObjectDelete called by workers>base @gkaissisCaught ForceObjectDelete called by workers>base @gkaissisCaught ForceObjectDelete called by workers>base @gkaissisCaught ForceObjectDelete called by workers>base @gkaissisCaught ForceObjectDelete called by workers>base @gkaissisCaught ForceObjectDelete called by workers>base @gkaissisCaught ForceObjectDelete called by workers>base @gkaissisCaught ForceObjectDelete called by workers>base @gkaissisCaught ForceObjectDelete called by workers>base @gkaissisCaught ForceObjectDelete called by workers>base @gkaissisCaught ForceObjectDelete called by workers>base @gkaissisCaught ForceObjectDelete called by workers>base @gkaissisCaught ForceObjectDelete called by workers>base @gkaissisCaught ForceObjectDelete called by workers>base @gkaissisCaught ForceObjectDelete called by workers>base @gkaissisCaught ForceObjectDelete called by workers>base @gkaissisCaught ForceObjectDelete called by workers>base @gkaissisCaught ForceObjectDelete called by workers>base @gkaissisCaught ForceObjectDelete called by workers>base @gkaissisCaught ForceObjectDelete called by workers>base @gkaissisCaught ForceObjectDelete called by workers>base @gkaissisCaught ForceObjectDelete called by workers>base @gkaissisCaught ForceObjectDelete called by workers>base @gkaissisCaught ForceObjectDelete called by workers>base @gkaissisCaught ForceObjectDelete called by workers>base @gkaissisCaught ForceObjectDelete called by workers>base @gkaissisCaught ForceObjectDelete called by workers>base @gkaissisCaught ForceObjectDelete called by workers>base @gkaissisCaught ForceObjectDelete called by workers>base @gkaissisCaught ForceObjectDelete called by workers>base @gkaissisCaught ForceObjectDelete called by workers>base @gkaissisCaught ForceObjectDelete called by workers>base @gkaissisCaught ForceObjectDelete called by workers>base @gkaissisCaught ForceObjectDelete called by workers>base @gkaissisCaught ForceObjectDelete called by workers>base @gkaissisCaught ForceObjectDelete called by workers>base @gkaissisCaught ForceObjectDelete called by workers>base @gkaissisCaught ForceObjectDelete called by workers>base @gkaissisCaught ForceObjectDelete called by workers>base @gkaissisCaught ForceObjectDelete called by workers>base @gkaissisCaught ForceObjectDelete called by workers>base @gkaissisCaught ForceObjectDelete called by workers>base @gkaissisCaught ForceObjectDelete called by workers>base @gkaissisCaught ForceObjectDelete called by workers>base @gkaissisCaught ForceObjectDelete called by workers>base @gkaissisCaught ForceObjectDelete called by workers>base @gkaissisCaught ForceObjectDelete called by workers>base @gkaissisCaught ForceObjectDelete called by workers>base @gkaissisCaught ForceObjectDelete called by workers>base @gkaissisCaught ForceObjectDelete called by workers>base @gkaissisCaught ForceObjectDelete called by workers>base @gkaissisCaught ForceObjectDelete called by workers>base @gkaissisCaught ForceObjectDelete called by workers>base @gkaissisCaught ForceObjectDelete called by workers>base @gkaissisCaught ForceObjectDelete called by workers>base @gkaissisCaught ForceObjectDelete called by workers>base @gkaissisCaught ForceObjectDelete called by workers>base @gkaissisCaught ForceObjectDelete called by workers>base @gkaissisCaught ForceObjectDelete called by workers>base @gkaissisCaught ForceObjectDelete called by workers>base @gkaissisCaught ForceObjectDelete called by workers>base @gkaissisCaught ForceObjectDelete called by workers>base @gkaissisCaught ForceObjectDelete called by workers>base @gkaissisCaught ForceObjectDelete called by workers>base @gkaissisCaught ForceObjectDelete called by workers>base @gkaissisCaught ForceObjectDelete called by workers>base @gkaissisCaught ForceObjectDelete called by workers>base @gkaissisCaught ForceObjectDelete called by workers>base @gkaissisCaught ForceObjectDelete called by workers>base @gkaissisCaught ForceObjectDelete called by workers>base @gkaissisCaught ForceObjectDelete called by workers>base @gkaissisCaught ForceObjectDelete called by workers>base @gkaissisCaught ForceObjectDelete called by workers>base @gkaissisCaught ForceObjectDelete called by workers>base @gkaissisCaught ForceObjectDelete called by workers>base @gkaissisCaught ForceObjectDelete called by workers>base @gkaissisCaught ForceObjectDelete called by workers>base @gkaissisCaught ForceObjectDelete called by workers>base @gkaissisCaught ForceObjectDelete called by workers>base @gkaissisCaught ForceObjectDelete called by workers>base @gkaissisCaught ForceObjectDelete called by workers>base @gkaissisCaught ForceObjectDelete called by workers>base @gkaissisCaught ForceObjectDelete called by workers>base @gkaissisCaught ForceObjectDelete called by workers>base @gkaissisCaught ForceObjectDelete called by workers>base @gkaissisCaught ForceObjectDelete called by workers>base @gkaissisCaught ForceObjectDelete called by workers>base @gkaissisCaught ForceObjectDelete called by workers>base @gkaissisCaught ForceObjectDelete called by workers>base @gkaissisCaught ForceObjectDelete called by workers>base @gkaissisCaught ForceObjectDelete called by workers>base @gkaissisCaught ForceObjectDelete called by workers>base @gkaissisCaught ForceObjectDelete called by workers>base @gkaissisCaught ForceObjectDelete called by workers>base @gkaissisCaught ForceObjectDelete called by workers>base @gkaissisCaught ForceObjectDelete called by workers>base @gkaissisCaught ForceObjectDelete called by workers>base @gkaissisCaught ForceObjectDelete called by workers>base @gkaissisCaught ForceObjectDelete called by workers>base @gkaissisCaught ForceObjectDelete called by workers>base @gkaissisCaught ForceObjectDelete called by workers>base @gkaissisCaught ForceObjectDelete called by workers>base @gkaissisCaught ForceObjectDelete called by workers>base @gkaissisCaught ForceObjectDelete called by workers>base @gkaissisCaught ForceObjectDelete called by workers>base @gkaissisCaught ForceObjectDelete called by workers>base @gkaissisCaught ForceObjectDelete called by workers>base @gkaissisCaught ForceObjectDelete called by workers>base @gkaissisCaught ForceObjectDelete called by workers>base @gkaissisCaught ForceObjectDelete called by workers>base @gkaissisCaught ForceObjectDelete called by workers>base @gkaissisCaught ForceObjectDelete called by workers>base @gkaissisCaught ForceObjectDelete called by workers>base @gkaissisCaught ForceObjectDelete called by workers>base @gkaissisCaught ForceObjectDelete called by workers>base @gkaissisCaught ForceObjectDelete called by workers>base @gkaissisCaught ForceObjectDelete called by workers>base @gkaissisCaught ForceObjectDelete called by workers>base @gkaissisCaught ForceObjectDelete called by workers>base @gkaissisCaught ForceObjectDelete called by workers>base @gkaissisCaught ForceObjectDelete called by workers>base @gkaissisCaught ForceObjectDelete called by workers>base @gkaissisCaught ForceObjectDelete called by workers>base @gkaissisCaught ForceObjectDelete called by workers>base @gkaissisCaught ForceObjectDelete called by workers>base @gkaissisCaught ForceObjectDelete called by workers>base @gkaissisCaught ForceObjectDelete called by workers>base @gkaissisCaught ForceObjectDelete called by workers>base @gkaissisCaught ForceObjectDelete called by workers>base @gkaissisCaught ForceObjectDelete called by workers>base @gkaissisCaught ForceObjectDelete called by workers>base @gkaissisCaught ForceObjectDelete called by workers>base @gkaissisCaught ForceObjectDelete called by workers>base @gkaissisCaught ForceObjectDelete called by workers>base @gkaissisCaught ForceObjectDelete called by workers>base @gkaissisCaught ForceObjectDelete called by workers>base @gkaissisCaught ForceObjectDelete called by workers>base @gkaissisCaught ForceObjectDelete called by workers>base @gkaissisCaught ForceObjectDelete called by workers>base @gkaissisCaught ForceObjectDelete called by workers>base @gkaissisCaught ForceObjectDelete called by workers>base @gkaissisCaught ForceObjectDelete called by workers>base @gkaissisCaught ForceObjectDelete called by workers>base @gkaissisCaught ForceObjectDelete called by workers>base @gkaissisCaught ForceObjectDelete called by workers>base @gkaissisCaught ForceObjectDelete called by workers>base @gkaissisCaught ForceObjectDelete called by workers>base @gkaissisCaught ForceObjectDelete called by workers>base @gkaissisCaught ForceObjectDelete called by workers>base @gkaissisCaught ForceObjectDelete called by workers>base @gkaissisCaught ForceObjectDelete called by workers>base @gkaissisCaught ForceObjectDelete called by workers>base @gkaissisCaught ForceObjectDelete called by workers>base @gkaissisCaught ForceObjectDelete called by workers>base @gkaissisCaught ForceObjectDelete called by workers>base @gkaissisCaught ForceObjectDelete called by workers>base @gkaissisCaught ForceObjectDelete called by workers>base @gkaissisCaught ForceObjectDelete called by workers>base @gkaissisCaught ForceObjectDelete called by workers>base @gkaissisCaught ForceObjectDelete called by workers>base @gkaissisCaught ForceObjectDelete called by workers>base @gkaissisCaught ForceObjectDelete called by workers>base @gkaissisCaught ForceObjectDelete called by workers>base @gkaissisCaught ForceObjectDelete called by workers>base @gkaissisCaught ForceObjectDelete called by workers>base @gkaissisCaught ForceObjectDelete called by workers>base @gkaissisCaught ForceObjectDelete called by workers>base @gkaissisCaught ForceObjectDelete called by workers>base @gkaissisCaught ForceObjectDelete called by workers>base @gkaissisCaught ForceObjectDelete called by workers>base @gkaissisCaught ForceObjectDelete called by workers>base @gkaissisCaught ForceObjectDelete called by workers>base @gkaissisCaught ForceObjectDelete called by workers>base @gkaissisCaught ForceObjectDelete called by workers>base @gkaissisCaught ForceObjectDelete called by workers>base @gkaissisCaught ForceObjectDelete called by workers>base @gkaissisCaught ForceObjectDelete called by workers>base @gkaissisCaught ForceObjectDelete called by workers>base @gkaissisCaught ForceObjectDelete called by workers>base @gkaissisCaught ForceObjectDelete called by workers>base @gkaissisCaught ForceObjectDelete called by workers>base @gkaissisCaught ForceObjectDelete called by workers>base @gkaissisCaught ForceObjectDelete called by workers>base @gkaissisCaught ForceObjectDelete called by workers>base @gkaissisCaught ForceObjectDelete called by workers>base @gkaissisCaught ForceObjectDelete called by workers>base @gkaissisCaught ForceObjectDelete called by workers>base @gkaissisCaught ForceObjectDelete called by workers>base @gkaissisCaught ForceObjectDelete called by workers>base @gkaissisCaught ForceObjectDelete called by workers>base @gkaissisCaught ForceObjectDelete called by workers>base @gkaissisCaught ForceObjectDelete called by workers>base @gkaissisCaught ForceObjectDelete called by workers>base @gkaissisCaught ForceObjectDelete called by workers>base @gkaissisCaught ForceObjectDelete called by workers>base @gkaissisCaught ForceObjectDelete called by workers>base @gkaissisCaught ForceObjectDelete called by workers>base @gkaissisCaught ForceObjectDelete called by workers>base @gkaissisCaught ForceObjectDelete called by workers>base @gkaissisCaught ForceObjectDelete called by workers>base @gkaissisCaught ForceObjectDelete called by workers>base @gkaissisCaught ForceObjectDelete called by workers>base @gkaissisCaught ForceObjectDelete called by workers>base @gkaissisCaught ForceObjectDelete called by workers>base @gkaissisCaught ForceObjectDelete called by workers>base @gkaissisCaught ForceObjectDelete called by workers>base @gkaissisCaught ForceObjectDelete called by workers>base @gkaissisCaught ForceObjectDelete called by workers>base @gkaissisCaught ForceObjectDelete called by workers>base @gkaissisCaught ForceObjectDelete called by workers>base @gkaissisCaught ForceObjectDelete called by workers>base @gkaissisCaught ForceObjectDelete called by workers>base @gkaissisCaught ForceObjectDelete called by workers>base @gkaissisCaught ForceObjectDelete called by workers>base @gkaissisCaught ForceObjectDelete called by workers>base @gkaissisCaught ForceObjectDelete called by workers>base @gkaissisCaught ForceObjectDelete called by workers>base @gkaissisCaught ForceObjectDelete called by workers>base @gkaissisCaught ForceObjectDelete called by workers>base @gkaissisCaught ForceObjectDelete called by workers>base @gkaissisCaught ForceObjectDelete called by workers>base @gkaissisCaught ForceObjectDelete called by workers>base @gkaissisCaught ForceObjectDelete called by workers>base @gkaissisCaught ForceObjectDelete called by workers>base @gkaissisCaught ForceObjectDelete called by workers>base @gkaissisCaught ForceObjectDelete called by workers>base @gkaissisCaught ForceObjectDelete called by workers>base @gkaissisCaught ForceObjectDelete called by workers>base @gkaissisCaught ForceObjectDelete called by workers>base @gkaissisCaught ForceObjectDelete called by workers>base @gkaissisCaught ForceObjectDelete called by workers>base @gkaissisCaught ForceObjectDelete called by workers>base @gkaissisCaught ForceObjectDelete called by workers>base @gkaissisCaught ForceObjectDelete called by workers>base @gkaissisCaught ForceObjectDelete called by workers>base @gkaissisCaught ForceObjectDelete called by workers>base @gkaissisCaught ForceObjectDelete called by workers>base @gkaissisCaught ForceObjectDelete called by workers>base @gkaissisCaught ForceObjectDelete called by workers>base @gkaissisCaught ForceObjectDelete called by workers>base @gkaissisCaught ForceObjectDelete called by workers>base @gkaissisCaught ForceObjectDelete called by workers>base @gkaissisCaught ForceObjectDelete called by workers>base @gkaissisCaught ForceObjectDelete called by workers>base @gkaissisCaught ForceObjectDelete called by workers>base @gkaissisCaught ForceObjectDelete called by workers>base @gkaissisCaught ForceObjectDelete called by workers>base @gkaissisCaught ForceObjectDelete called by workers>base @gkaissisCaught ForceObjectDelete called by workers>base @gkaissisCaught ForceObjectDelete called by workers>base @gkaissisCaught ForceObjectDelete called by workers>base @gkaissisCaught ForceObjectDelete called by workers>base @gkaissisCaught ForceObjectDelete called by workers>base @gkaissisCaught ForceObjectDelete called by workers>base @gkaissisCaught ForceObjectDelete called by workers>base @gkaissisCaught ForceObjectDelete called by workers>base @gkaissisCaught ForceObjectDelete called by workers>base @gkaissisCaught ForceObjectDelete called by workers>base @gkaissisCaught ForceObjectDelete called by workers>base @gkaissisCaught ForceObjectDelete called by workers>base @gkaissisCaught ForceObjectDelete called by workers>base @gkaissisCaught ForceObjectDelete called by workers>base @gkaissisCaught ForceObjectDelete called by workers>base @gkaissisCaught ForceObjectDelete called by workers>base @gkaissisCaught ForceObjectDelete called by workers>base @gkaissisCaught ForceObjectDelete called by workers>base @gkaissisCaught ForceObjectDelete called by workers>base @gkaissisCaught ForceObjectDelete called by workers>base @gkaissisCaught ForceObjectDelete called by workers>base @gkaissisCaught ForceObjectDelete called by workers>base @gkaissisCaught ForceObjectDelete called by workers>base @gkaissisCaught ForceObjectDelete called by workers>base @gkaissisCaught ForceObjectDelete called by workers>base @gkaissisCaught ForceObjectDelete called by workers>base @gkaissisCaught ForceObjectDelete called by workers>base @gkaissisCaught ForceObjectDelete called by workers>base @gkaissisCaught ForceObjectDelete called by workers>base @gkaissisCaught ForceObjectDelete called by workers>base @gkaissisCaught ForceObjectDelete called by workers>base @gkaissisCaught ForceObjectDelete called by workers>base @gkaissisCaught ForceObjectDelete called by workers>base @gkaissisCaught ForceObjectDelete called by workers>base @gkaissisCaught ForceObjectDelete called by workers>base @gkaissisCaught ForceObjectDelete called by workers>base @gkaissisCaught ForceObjectDelete called by workers>base @gkaissisCaught ForceObjectDelete called by workers>base @gkaissisCaught ForceObjectDelete called by workers>base @gkaissisCaught ForceObjectDelete called by workers>base @gkaissisCaught ForceObjectDelete called by workers>base @gkaissisCaught ForceObjectDelete called by workers>base @gkaissisCaught ForceObjectDelete called by workers>base @gkaissisCaught ForceObjectDelete called by workers>base @gkaissisCaught ForceObjectDelete called by workers>base @gkaissisCaught ForceObjectDelete called by workers>base @gkaissisCaught ForceObjectDelete called by workers>base @gkaissisCaught ForceObjectDelete called by workers>base @gkaissisCaught ForceObjectDelete called by workers>base @gkaissisCaught ForceObjectDelete called by workers>base @gkaissisCaught ForceObjectDelete called by workers>base @gkaissisCaught ForceObjectDelete called by workers>base @gkaissisCaught ForceObjectDelete called by workers>base @gkaissisCaught ForceObjectDelete called by workers>base @gkaissisCaught ForceObjectDelete called by workers>base @gkaissisCaught ForceObjectDelete called by workers>base @gkaissisCaught ForceObjectDelete called by workers>base @gkaissisCaught ForceObjectDelete called by workers>base @gkaissisCaught ForceObjectDelete called by workers>base @gkaissisCaught ForceObjectDelete called by workers>base @gkaissisCaught ForceObjectDelete called by workers>base @gkaissisCaught ForceObjectDelete called by workers>base @gkaissisCaught ForceObjectDelete called by workers>base @gkaissisCaught ForceObjectDelete called by workers>base @gkaissisCaught ForceObjectDelete called by workers>base @gkaissisCaught ForceObjectDelete called by workers>base @gkaissisCaught ForceObjectDelete called by workers>base @gkaissisCaught ForceObjectDelete called by workers>base @gkaissisCaught ForceObjectDelete called by workers>base @gkaissisCaught ForceObjectDelete called by workers>base @gkaissisCaught ForceObjectDelete called by workers>base @gkaissisCaught ForceObjectDelete called by workers>base @gkaissisCaught ForceObjectDelete called by workers>base @gkaissisCaught ForceObjectDelete called by workers>base @gkaissisCaught ForceObjectDelete called by workers>base @gkaissisCaught ForceObjectDelete called by workers>base @gkaissisCaught ForceObjectDelete called by workers>base @gkaissisCaught ForceObjectDelete called by workers>base @gkaissisCaught ForceObjectDelete called by workers>base @gkaissisCaught ForceObjectDelete called by workers>base @gkaissisCaught ForceObjectDelete called by workers>base @gkaissisCaught ForceObjectDelete called by workers>base @gkaissisCaught ForceObjectDelete called by workers>base @gkaissisCaught ForceObjectDelete called by workers>base @gkaissisCaught ForceObjectDelete called by workers>base @gkaissisCaught ForceObjectDelete called by workers>base @gkaissisCaught ForceObjectDelete called by workers>base @gkaissisCaught ForceObjectDelete called by workers>base @gkaissisCaught ForceObjectDelete called by workers>base @gkaissisCaught ForceObjectDelete called by workers>base @gkaissisCaught ForceObjectDelete called by workers>base @gkaissisCaught ForceObjectDelete called by workers>base @gkaissisCaught ForceObjectDelete called by workers>base @gkaissisCaught ForceObjectDelete called by workers>base @gkaissisCaught ForceObjectDelete called by workers>base @gkaissisCaught ForceObjectDelete called by workers>base @gkaissisCaught ForceObjectDelete called by workers>base @gkaissisCaught ForceObjectDelete called by workers>base @gkaissisCaught ForceObjectDelete called by workers>base @gkaissisCaught ForceObjectDelete called by workers>base @gkaissisCaught ForceObjectDelete called by workers>base @gkaissisCaught ForceObjectDelete called by workers>base @gkaissisCaught ForceObjectDelete called by workers>base @gkaissisCaught ForceObjectDelete called by workers>base @gkaissisCaught ForceObjectDelete called by workers>base @gkaissisCaught ForceObjectDelete called by workers>base @gkaissisCaught ForceObjectDelete called by workers>base @gkaissisCaught ForceObjectDelete called by workers>base @gkaissisCaught ForceObjectDelete called by workers>base @gkaissisCaught ForceObjectDelete called by workers>base @gkaissisCaught ForceObjectDelete called by workers>base @gkaissisCaught ForceObjectDelete called by workers>base @gkaissisCaught ForceObjectDelete called by workers>base @gkaissisCaught ForceObjectDelete called by workers>base @gkaissisCaught ForceObjectDelete called by workers>base @gkaissisCaught ForceObjectDelete called by workers>base @gkaissisCaught ForceObjectDelete called by workers>base @gkaissisCaught ForceObjectDelete called by workers>base @gkaissisCaught ForceObjectDelete called by workers>base @gkaissisCaught ForceObjectDelete called by workers>base @gkaissisCaught ForceObjectDelete called by workers>base @gkaissisCaught ForceObjectDelete called by workers>base @gkaissisCaught ForceObjectDelete called by workers>base @gkaissisCaught ForceObjectDelete called by workers>base @gkaissisCaught ForceObjectDelete called by workers>base @gkaissisCaught ForceObjectDelete called by workers>base @gkaissisCaught ForceObjectDelete called by workers>base @gkaissisCaught ForceObjectDelete called by workers>base @gkaissisCaught ForceObjectDelete called by workers>base @gkaissisCaught ForceObjectDelete called by workers>base @gkaissisCaught ForceObjectDelete called by workers>base @gkaissisCaught ForceObjectDelete called by workers>base @gkaissisCaught ForceObjectDelete called by workers>base @gkaissisCaught ForceObjectDelete called by workers>base @gkaissisCaught ForceObjectDelete called by workers>base @gkaissisCaught ForceObjectDelete called by workers>base @gkaissisCaught ForceObjectDelete called by workers>base @gkaissisCaught ForceObjectDelete called by workers>base @gkaissisCaught ForceObjectDelete called by workers>base @gkaissisCaught ForceObjectDelete called by workers>base @gkaissisCaught ForceObjectDelete called by workers>base @gkaissisCaught ForceObjectDelete called by workers>base @gkaissisCaught ForceObjectDelete called by workers>base @gkaissisCaught ForceObjectDelete called by workers>base @gkaissisCaught ForceObjectDelete called by workers>base @gkaissisCaught ForceObjectDelete called by workers>base @gkaissisCaught ForceObjectDelete called by workers>base @gkaissisCaught ForceObjectDelete called by workers>base @gkaissisCaught ForceObjectDelete called by workers>base @gkaissisCaught ForceObjectDelete called by workers>base @gkaissisCaught ForceObjectDelete called by workers>base @gkaissisCaught ForceObjectDelete called by workers>base @gkaissisCaught ForceObjectDelete called by workers>base @gkaissisCaught ForceObjectDelete called by workers>base @gkaissisCaught ForceObjectDelete called by workers>base @gkaissisCaught ForceObjectDelete called by workers>base @gkaissisCaught ForceObjectDelete called by workers>base @gkaissisCaught ForceObjectDelete called by workers>base @gkaissisCaught ForceObjectDelete called by workers>base @gkaissisCaught ForceObjectDelete called by workers>base @gkaissisCaught ForceObjectDelete called by workers>base @gkaissisCaught ForceObjectDelete called by workers>base @gkaissisCaught ForceObjectDelete called by workers>base @gkaissisCaught ForceObjectDelete called by workers>base @gkaissisCaught ForceObjectDelete called by workers>base @gkaissisCaught ForceObjectDelete called by workers>base @gkaissisCaught ForceObjectDelete called by workers>base @gkaissisCaught ForceObjectDelete called by workers>base @gkaissisCaught ForceObjectDelete called by workers>base @gkaissisCaught ForceObjectDelete called by workers>base @gkaissisCaught ForceObjectDelete called by workers>base @gkaissisCaught ForceObjectDelete called by workers>base @gkaissisCaught ForceObjectDelete called by workers>base @gkaissisCaught ForceObjectDelete called by workers>base @gkaissisCaught ForceObjectDelete called by workers>base @gkaissisCaught ForceObjectDelete called by workers>base @gkaissisCaught ForceObjectDelete called by workers>base @gkaissisCaught ForceObjectDelete called by workers>base @gkaissisCaught ForceObjectDelete called by workers>base @gkaissisCaught ForceObjectDelete called by workers>base @gkaissisCaught ForceObjectDelete called by workers>base @gkaissisCaught ForceObjectDelete called by workers>base @gkaissisCaught ForceObjectDelete called by workers>base @gkaissisCaught ForceObjectDelete called by workers>base @gkaissisCaught ForceObjectDelete called by workers>base @gkaissisCaught ForceObjectDelete called by workers>base @gkaissisCaught ForceObjectDelete called by workers>base @gkaissisCaught ForceObjectDelete called by workers>base @gkaissisCaught ForceObjectDelete called by workers>base @gkaissisCaught ForceObjectDelete called by workers>base @gkaissisCaught ForceObjectDelete called by workers>base @gkaissisCaught ForceObjectDelete called by workers>base @gkaissisCaught ForceObjectDelete called by workers>base @gkaissisCaught ForceObjectDelete called by workers>base @gkaissisCaught ForceObjectDelete called by workers>base @gkaissisCaught ForceObjectDelete called by workers>base @gkaissisCaught ForceObjectDelete called by workers>base @gkaissisCaught ForceObjectDelete called by workers>base @gkaissisCaught ForceObjectDelete called by workers>base @gkaissisCaught ForceObjectDelete called by workers>base @gkaissisCaught ForceObjectDelete called by workers>base @gkaissisCaught ForceObjectDelete called by workers>base @gkaissisCaught ForceObjectDelete called by workers>base @gkaissisCaught ForceObjectDelete called by workers>base @gkaissisCaught ForceObjectDelete called by workers>base @gkaissisCaught ForceObjectDelete called by workers>base @gkaissisCaught ForceObjectDelete called by workers>base @gkaissisCaught ForceObjectDelete called by workers>base @gkaissisCaught ForceObjectDelete called by workers>base @gkaissisCaught ForceObjectDelete called by workers>base @gkaissisCaught ForceObjectDelete called by workers>base @gkaissisCaught ForceObjectDelete called by workers>base @gkaissisCaught ForceObjectDelete called by workers>base @gkaissisCaught ForceObjectDelete called by workers>base @gkaissisCaught ForceObjectDelete called by workers>base @gkaissisCaught ForceObjectDelete called by workers>base @gkaissisCaught ForceObjectDelete called by workers>base @gkaissisCaught ForceObjectDelete called by workers>base @gkaissisCaught ForceObjectDelete called by workers>base @gkaissisCaught ForceObjectDelete called by workers>base @gkaissisCaught ForceObjectDelete called by workers>base @gkaissisCaught ForceObjectDelete called by workers>base @gkaissisCaught ForceObjectDelete called by workers>base @gkaissisCaught ForceObjectDelete called by workers>base @gkaissisCaught ForceObjectDelete called by workers>base @gkaissisCaught ForceObjectDelete called by workers>base @gkaissisCaught ForceObjectDelete called by workers>base @gkaissisCaught ForceObjectDelete called by workers>base @gkaissisCaught ForceObjectDelete called by workers>base @gkaissisCaught ForceObjectDelete called by workers>base @gkaissisCaught ForceObjectDelete called by workers>base @gkaissisCaught ForceObjectDelete called by workers>base @gkaissisCaught ForceObjectDelete called by workers>base @gkaissisCaught ForceObjectDelete called by workers>base @gkaissisCaught ForceObjectDelete called by workers>base @gkaissisCaught ForceObjectDelete called by workers>base @gkaissisCaught ForceObjectDelete called by workers>base @gkaissisCaught ForceObjectDelete called by workers>base @gkaissisCaught ForceObjectDelete called by workers>base @gkaissisCaught ForceObjectDelete called by workers>base @gkaissisCaught ForceObjectDelete called by workers>base @gkaissisCaught ForceObjectDelete called by workers>base @gkaissisCaught ForceObjectDelete called by workers>base @gkaissisCaught ForceObjectDelete called by workers>base @gkaissisCaught ForceObjectDelete called by workers>base @gkaissisCaught ForceObjectDelete called by workers>base @gkaissisCaught ForceObjectDelete called by workers>base @gkaissisCaught ForceObjectDelete called by workers>base @gkaissisCaught ForceObjectDelete called by workers>base @gkaissisCaught ForceObjectDelete called by workers>base @gkaissisCaught ForceObjectDelete called by workers>base @gkaissisCaught ForceObjectDelete called by workers>base @gkaissisCaught ForceObjectDelete called by workers>base @gkaissisCaught ForceObjectDelete called by workers>base @gkaissisCaught ForceObjectDelete called by workers>base @gkaissisCaught ForceObjectDelete called by workers>base @gkaissisCaught ForceObjectDelete called by workers>base @gkaissisCaught ForceObjectDelete called by workers>base @gkaissisCaught ForceObjectDelete called by workers>base @gkaissisCaught ForceObjectDelete called by workers>base @gkaissisCaught ForceObjectDelete called by workers>base @gkaissisCaught ForceObjectDelete called by workers>base @gkaissisCaught ForceObjectDelete called by workers>base @gkaissisCaught ForceObjectDelete called by workers>base @gkaissisCaught ForceObjectDelete called by workers>base @gkaissisCaught ForceObjectDelete called by workers>base @gkaissisCaught ForceObjectDelete called by workers>base @gkaissisCaught ForceObjectDelete called by workers>base @gkaissisCaught ForceObjectDelete called by workers>base @gkaissisCaught ForceObjectDelete called by workers>base @gkaissisCaught ForceObjectDelete called by workers>base @gkaissisCaught ForceObjectDelete called by workers>base @gkaissisCaught ForceObjectDelete called by workers>base @gkaissisCaught ForceObjectDelete called by workers>base @gkaissisCaught ForceObjectDelete called by workers>base @gkaissisCaught ForceObjectDelete called by workers>base @gkaissisCaught ForceObjectDelete called by workers>base @gkaissisCaught ForceObjectDelete called by workers>base @gkaissisCaught ForceObjectDelete called by workers>base @gkaissisCaught ForceObjectDelete called by workers>base @gkaissisCaught ForceObjectDelete called by workers>base @gkaissisCaught ForceObjectDelete called by workers>base @gkaissisCaught ForceObjectDelete called by workers>base @gkaissisCaught ForceObjectDelete called by workers>base @gkaissisCaught ForceObjectDelete called by workers>base @gkaissisCaught ForceObjectDelete called by workers>base @gkaissisCaught ForceObjectDelete called by workers>base @gkaissisCaught ForceObjectDelete called by workers>base @gkaissisCaught ForceObjectDelete called by workers>base @gkaissisCaught ForceObjectDelete called by workers>base @gkaissisCaught ForceObjectDelete called by workers>base @gkaissisCaught ForceObjectDelete called by workers>base @gkaissisCaught ForceObjectDelete called by workers>base @gkaissisCaught ForceObjectDelete called by workers>base @gkaissisCaught ForceObjectDelete called by workers>base @gkaissisCaught ForceObjectDelete called by workers>base @gkaissisCaught ForceObjectDelete called by workers>base @gkaissisCaught ForceObjectDelete called by workers>base @gkaissisCaught ForceObjectDelete called by workers>base @gkaissisCaught ForceObjectDelete called by workers>base @gkaissisCaught ForceObjectDelete called by workers>base @gkaissisCaught ForceObjectDelete called by workers>base @gkaissisCaught ForceObjectDelete called by workers>base @gkaissisCaught ForceObjectDelete called by workers>base @gkaissisCaught ForceObjectDelete called by workers>base @gkaissisCaught ForceObjectDelete called by workers>base @gkaissisCaught ForceObjectDelete called by workers>base @gkaissisCaught ForceObjectDelete called by workers>base @gkaissisCaught ForceObjectDelete called by workers>base @gkaissisCaught ForceObjectDelete called by workers>base @gkaissisCaught ForceObjectDelete called by workers>base @gkaissisCaught ForceObjectDelete called by workers>base @gkaissisCaught ForceObjectDelete called by workers>base @gkaissisCaught ForceObjectDelete called by workers>base @gkaissisCaught ForceObjectDelete called by workers>base @gkaissisCaught ForceObjectDelete called by workers>base @gkaissisCaught ForceObjectDelete called by workers>base @gkaissisCaught ForceObjectDelete called by workers>base @gkaissisCaught ForceObjectDelete called by workers>base @gkaissisCaught ForceObjectDelete called by workers>base @gkaissisCaught ForceObjectDelete called by workers>base @gkaissisCaught ForceObjectDelete called by workers>base @gkaissisCaught ForceObjectDelete called by workers>base @gkaissisCaught ForceObjectDelete called by workers>base @gkaissisCaught ForceObjectDelete called by workers>base @gkaissisCaught ForceObjectDelete called by workers>base @gkaissisCaught ForceObjectDelete called by workers>base @gkaissisCaught ForceObjectDelete called by workers>base @gkaissisCaught ForceObjectDelete called by workers>base @gkaissisCaught ForceObjectDelete called by workers>base @gkaissisCaught ForceObjectDelete called by workers>base @gkaissisCaught ForceObjectDelete called by workers>base @gkaissisCaught ForceObjectDelete called by workers>base @gkaissisCaught ForceObjectDelete called by workers>base @gkaissisCaught ForceObjectDelete called by workers>base @gkaissisCaught ForceObjectDelete called by workers>base @gkaissisCaught ForceObjectDelete called by workers>base @gkaissisCaught ForceObjectDelete called by workers>base @gkaissisCaught ForceObjectDelete called by workers>base @gkaissisCaught ForceObjectDelete called by workers>base @gkaissisCaught ForceObjectDelete called by workers>base @gkaissisCaught ForceObjectDelete called by workers>base @gkaissisCaught ForceObjectDelete called by workers>base @gkaissisCaught ForceObjectDelete called by workers>base @gkaissisCaught ForceObjectDelete called by workers>base @gkaissisCaught ForceObjectDelete called by workers>base @gkaissisCaught ForceObjectDelete called by workers>base @gkaissisCaught ForceObjectDelete called by workers>base @gkaissisCaught ForceObjectDelete called by workers>base @gkaissisCaught ForceObjectDelete called by workers>base @gkaissisCaught ForceObjectDelete called by workers>base @gkaissisCaught ForceObjectDelete called by workers>base @gkaissisCaught ForceObjectDelete called by workers>base @gkaissisCaught ForceObjectDelete called by workers>base @gkaissisCaught ForceObjectDelete called by workers>base @gkaissisCaught ForceObjectDelete called by workers>base @gkaissisCaught ForceObjectDelete called by workers>base @gkaissisCaught ForceObjectDelete called by workers>base @gkaissisCaught ForceObjectDelete called by workers>base @gkaissisCaught ForceObjectDelete called by workers>base @gkaissisCaught ForceObjectDelete called by workers>base @gkaissisCaught ForceObjectDelete called by workers>base @gkaissisCaught ForceObjectDelete called by workers>base @gkaissisCaught ForceObjectDelete called by workers>base @gkaissisCaught ForceObjectDelete called by workers>base @gkaissisCaught ForceObjectDelete called by workers>base @gkaissisCaught ForceObjectDelete called by workers>base @gkaissisCaught ForceObjectDelete called by workers>base @gkaissisCaught ForceObjectDelete called by workers>base @gkaissisCaught ForceObjectDelete called by workers>base @gkaissisCaught ForceObjectDelete called by workers>base @gkaissisCaught ForceObjectDelete called by workers>base @gkaissisCaught ForceObjectDelete called by workers>base @gkaissisCaught ForceObjectDelete called by workers>base @gkaissisCaught ForceObjectDelete called by workers>base @gkaissisCaught ForceObjectDelete called by workers>base @gkaissisCaught ForceObjectDelete called by workers>base @gkaissisCaught ForceObjectDelete called by workers>base @gkaissisCaught ForceObjectDelete called by workers>base @gkaissisCaught ForceObjectDelete called by workers>base @gkaissisCaught ForceObjectDelete called by workers>base @gkaissisCaught ForceObjectDelete called by workers>base @gkaissisCaught ForceObjectDelete called by workers>base @gkaissisCaught ForceObjectDelete called by workers>base @gkaissisCaught ForceObjectDelete called by workers>base @gkaissisCaught ForceObjectDelete called by workers>base @gkaissisCaught ForceObjectDelete called by workers>base @gkaissisCaught ForceObjectDelete called by workers>base @gkaissisCaught ForceObjectDelete called by workers>base @gkaissisCaught ForceObjectDelete called by workers>base @gkaissisCaught ForceObjectDelete called by workers>base @gkaissisCaught ForceObjectDelete called by workers>base @gkaissisCaught ForceObjectDelete called by workers>base @gkaissisCaught ForceObjectDelete called by workers>base @gkaissisCaught ForceObjectDelete called by workers>base @gkaissisCaught ForceObjectDelete called by workers>base @gkaissisCaught ForceObjectDelete called by workers>base @gkaissisCaught ForceObjectDelete called by workers>base @gkaissisCaught ForceObjectDelete called by workers>base @gkaissisCaught ForceObjectDelete called by workers>base @gkaissisCaught ForceObjectDelete called by workers>base @gkaissisCaught ForceObjectDelete called by workers>base @gkaissisCaught ForceObjectDelete called by workers>base @gkaissisCaught ForceObjectDelete called by workers>base @gkaissisCaught ForceObjectDelete called by workers>base @gkaissisCaught ForceObjectDelete called by workers>base @gkaissisCaught ForceObjectDelete called by workers>base @gkaissisCaught ForceObjectDelete called by workers>base @gkaissisCaught ForceObjectDelete called by workers>base @gkaissisCaught ForceObjectDelete called by workers>base @gkaissisCaught ForceObjectDelete called by workers>base @gkaissisCaught ForceObjectDelete called by workers>base @gkaissisCaught ForceObjectDelete called by workers>base @gkaissisCaught ForceObjectDelete called by workers>base @gkaissisCaught ForceObjectDelete called by workers>base @gkaissisCaught ForceObjectDelete called by workers>base @gkaissisCaught ForceObjectDelete called by workers>base @gkaissisCaught ForceObjectDelete called by workers>base @gkaissisCaught ForceObjectDelete called by workers>base @gkaissisCaught ForceObjectDelete called by workers>base @gkaissisCaught ForceObjectDelete called by workers>base @gkaissisCaught ForceObjectDelete called by workers>base @gkaissisCaught ForceObjectDelete called by workers>base @gkaissisCaught ForceObjectDelete called by workers>base @gkaissisCaught ForceObjectDelete called by workers>base @gkaissisCaught ForceObjectDelete called by workers>base @gkaissisCaught ForceObjectDelete called by workers>base @gkaissisCaught ForceObjectDelete called by workers>base @gkaissisCaught ForceObjectDelete called by workers>base @gkaissisCaught ForceObjectDelete called by workers>base @gkaissisCaught ForceObjectDelete called by workers>base @gkaissisCaught ForceObjectDelete called by workers>base @gkaissisCaught ForceObjectDelete called by workers>base @gkaissisCaught ForceObjectDelete called by workers>base @gkaissisCaught ForceObjectDelete called by workers>base @gkaissisCaught ForceObjectDelete called by workers>base @gkaissisCaught ForceObjectDelete called by workers>base @gkaissisCaught ForceObjectDelete called by workers>base @gkaissisCaught ForceObjectDelete called by workers>base @gkaissisCaught ForceObjectDelete called by workers>base @gkaissisCaught ForceObjectDelete called by workers>base @gkaissisCaught ForceObjectDelete called by workers>base @gkaissisCaught ForceObjectDelete called by workers>base @gkaissisCaught ForceObjectDelete called by workers>base @gkaissisCaught ForceObjectDelete called by workers>base @gkaissisCaught ForceObjectDelete called by workers>base @gkaissisCaught ForceObjectDelete called by workers>base @gkaissisCaught ForceObjectDelete called by workers>base @gkaissisCaught ForceObjectDelete called by workers>base @gkaissisCaught ForceObjectDelete called by workers>base @gkaissisCaught ForceObjectDelete called by workers>base @gkaissisCaught ForceObjectDelete called by workers>base @gkaissisCaught ForceObjectDelete called by workers>base @gkaissisCaught ForceObjectDelete called by workers>base @gkaissisCaught ForceObjectDelete called by workers>base @gkaissisCaught ForceObjectDelete called by workers>base @gkaissisCaught ForceObjectDelete called by workers>base @gkaissisCaught ForceObjectDelete called by workers>base @gkaissisCaught ForceObjectDelete called by workers>base @gkaissisCaught ForceObjectDelete called by workers>base @gkaissisCaught ForceObjectDelete called by workers>base @gkaissisCaught ForceObjectDelete called by workers>base @gkaissisCaught ForceObjectDelete called by workers>base @gkaissisCaught ForceObjectDelete called by workers>base @gkaissisCaught ForceObjectDelete called by workers>base @gkaissisCaught ForceObjectDelete called by workers>base @gkaissisCaught ForceObjectDelete called by workers>base @gkaissisCaught ForceObjectDelete called by workers>base @gkaissisCaught ForceObjectDelete called by workers>base @gkaissisCaught ForceObjectDelete called by workers>base @gkaissisCaught ForceObjectDelete called by workers>base @gkaissisCaught ForceObjectDelete called by workers>base @gkaissisCaught ForceObjectDelete called by workers>base @gkaissisCaught ForceObjectDelete called by workers>base @gkaissisCaught ForceObjectDelete called by workers>base @gkaissisCaught ForceObjectDelete called by workers>base @gkaissisCaught ForceObjectDelete called by workers>base @gkaissisCaught ForceObjectDelete called by workers>base @gkaissisCaught ForceObjectDelete called by workers>base @gkaissisCaught ForceObjectDelete called by workers>base @gkaissisCaught ForceObjectDelete called by workers>base @gkaissisCaught ForceObjectDelete called by workers>base @gkaissisCaught ForceObjectDelete called by workers>base @gkaissisCaught ForceObjectDelete called by workers>base @gkaissisCaught ForceObjectDelete called by workers>base @gkaissisCaught ForceObjectDelete called by workers>base @gkaissisCaught ForceObjectDelete called by workers>base @gkaissisCaught ForceObjectDelete called by workers>base @gkaissisCaught ForceObjectDelete called by workers>base @gkaissisCaught ForceObjectDelete called by workers>base @gkaissisCaught ForceObjectDelete called by workers>base @gkaissisCaught ForceObjectDelete called by workers>base @gkaissisCaught ForceObjectDelete called by workers>base @gkaissisCaught ForceObjectDelete called by workers>base @gkaissisCaught ForceObjectDelete called by workers>base @gkaissisCaught ForceObjectDelete called by workers>base @gkaissisCaught ForceObjectDelete called by workers>base @gkaissisCaught ForceObjectDelete called by workers>base @gkaissisCaught ForceObjectDelete called by workers>base @gkaissisCaught ForceObjectDelete called by workers>base @gkaissisCaught ForceObjectDelete called by workers>base @gkaissisCaught ForceObjectDelete called by workers>base @gkaissisCaught ForceObjectDelete called by workers>base @gkaissisCaught ForceObjectDelete called by workers>base @gkaissisCaught ForceObjectDelete called by workers>base @gkaissisCaught ForceObjectDelete called by workers>base @gkaissisCaught ForceObjectDelete called by workers>base @gkaissisCaught ForceObjectDelete called by workers>base @gkaissisCaught ForceObjectDelete called by workers>base @gkaissisCaught ForceObjectDelete called by workers>base @gkaissisCaught ForceObjectDelete called by workers>base @gkaissisCaught ForceObjectDelete called by workers>base @gkaissisCaught ForceObjectDelete called by workers>base @gkaissisCaught ForceObjectDelete called by workers>base @gkaissisCaught ForceObjectDelete called by workers>base @gkaissisCaught ForceObjectDelete called by workers>base @gkaissisCaught ForceObjectDelete called by workers>base @gkaissisCaught ForceObjectDelete called by workers>base @gkaissisCaught ForceObjectDelete called by workers>base @gkaissisCaught ForceObjectDelete called by workers>base @gkaissisCaught ForceObjectDelete called by workers>base @gkaissisCaught ForceObjectDelete called by workers>base @gkaissisCaught ForceObjectDelete called by workers>base @gkaissisCaught ForceObjectDelete called by workers>base @gkaissisCaught ForceObjectDelete called by workers>base @gkaissisCaught ForceObjectDelete called by workers>base @gkaissisCaught ForceObjectDelete called by workers>base @gkaissisCaught ForceObjectDelete called by workers>base @gkaissisCaught ForceObjectDelete called by workers>base @gkaissisCaught ForceObjectDelete called by workers>base @gkaissisCaught ForceObjectDelete called by workers>base @gkaissisCaught ForceObjectDelete called by workers>base @gkaissisCaught ForceObjectDelete called by workers>base @gkaissisCaught ForceObjectDelete called by workers>base @gkaissisCaught ForceObjectDelete called by workers>base @gkaissisCaught ForceObjectDelete called by workers>base @gkaissisCaught ForceObjectDelete called by workers>base @gkaissisCaught ForceObjectDelete called by workers>base @gkaissisCaught ForceObjectDelete called by workers>base @gkaissisCaught ForceObjectDelete called by workers>base @gkaissisCaught ForceObjectDelete called by workers>base @gkaissisCaught ForceObjectDelete called by workers>base @gkaissisCaught ForceObjectDelete called by workers>base @gkaissisCaught ForceObjectDelete called by workers>base @gkaissisCaught ForceObjectDelete called by workers>base @gkaissisCaught ForceObjectDelete called by workers>base @gkaissisCaught ForceObjectDelete called by workers>base @gkaissisCaught ForceObjectDelete called by workers>base @gkaissisCaught ForceObjectDelete called by workers>base @gkaissisCaught ForceObjectDelete called by workers>base @gkaissisCaught ForceObjectDelete called by workers>base @gkaissisCaught ForceObjectDelete called by workers>base @gkaissisCaught ForceObjectDelete called by workers>base @gkaissisCaught ForceObjectDelete called by workers>base @gkaissisCaught ForceObjectDelete called by workers>base @gkaissisCaught ForceObjectDelete called by workers>base @gkaissisCaught ForceObjectDelete called by workers>base @gkaissisCaught ForceObjectDelete called by workers>base @gkaissisCaught ForceObjectDelete called by workers>base @gkaissisCaught ForceObjectDelete called by workers>base @gkaissisCaught ForceObjectDelete called by workers>base @gkaissisCaught ForceObjectDelete called by workers>base @gkaissisCaught ForceObjectDelete called by workers>base @gkaissisCaught ForceObjectDelete called by workers>base @gkaissisCaught ForceObjectDelete called by workers>base @gkaissisCaught ForceObjectDelete called by workers>base @gkaissisCaught ForceObjectDelete called by workers>base @gkaissisCaught ForceObjectDelete called by workers>base @gkaissisCaught ForceObjectDelete called by workers>base @gkaissisCaught ForceObjectDelete called by workers>base @gkaissisCaught ForceObjectDelete called by workers>base @gkaissisCaught ForceObjectDelete called by workers>base @gkaissisCaught ForceObjectDelete called by workers>base @gkaissisCaught ForceObjectDelete called by workers>base @gkaissisCaught ForceObjectDelete called by workers>base @gkaissisCaught ForceObjectDelete called by workers>base @gkaissisCaught ForceObjectDelete called by workers>base @gkaissisCaught ForceObjectDelete called by workers>base @gkaissisCaught ForceObjectDelete called by workers>base @gkaissisCaught ForceObjectDelete called by workers>base @gkaissisCaught ForceObjectDelete called by workers>base @gkaissisCaught ForceObjectDelete called by workers>base @gkaissisCaught ForceObjectDelete called by workers>base @gkaissisCaught ForceObjectDelete called by workers>base @gkaissisCaught ForceObjectDelete called by workers>base @gkaissisCaught ForceObjectDelete called by workers>base @gkaissisCaught ForceObjectDelete called by workers>base @gkaissisCaught ForceObjectDelete called by workers>base @gkaissisCaught ForceObjectDelete called by workers>base @gkaissisCaught ForceObjectDelete called by workers>base @gkaissisCaught ForceObjectDelete called by workers>base @gkaissisCaught ForceObjectDelete called by workers>base @gkaissisCaught ForceObjectDelete called by workers>base @gkaissisCaught ForceObjectDelete called by workers>base @gkaissisCaught ForceObjectDelete called by workers>base @gkaissisCaught ForceObjectDelete called by workers>base @gkaissisCaught ForceObjectDelete called by workers>base @gkaissisCaught ForceObjectDelete called by workers>base @gkaissisCaught ForceObjectDelete called by workers>base @gkaissisCaught ForceObjectDelete called by workers>base @gkaissisCaught ForceObjectDelete called by workers>base @gkaissisCaught ForceObjectDelete called by workers>base @gkaissisCaught ForceObjectDelete called by workers>base @gkaissisCaught ForceObjectDelete called by workers>base @gkaissisCaught ForceObjectDelete called by workers>base @gkaissisCaught ForceObjectDelete called by workers>base @gkaissisCaught ForceObjectDelete called by workers>base @gkaissisCaught ForceObjectDelete called by workers>base @gkaissisCaught ForceObjectDelete called by workers>base @gkaissisCaught ForceObjectDelete called by workers>base @gkaissisCaught ForceObjectDelete called by workers>base @gkaissisCaught ForceObjectDelete called by workers>base @gkaissisCaught ForceObjectDelete called by workers>base @gkaissisCaught ForceObjectDelete called by workers>base @gkaissisCaught ForceObjectDelete called by workers>base @gkaissisCaught ForceObjectDelete called by workers>base @gkaissisCaught ForceObjectDelete called by workers>base @gkaissisCaught ForceObjectDelete called by workers>base @gkaissisCaught ForceObjectDelete called by workers>base @gkaissisCaught ForceObjectDelete called by workers>base @gkaissisCaught ForceObjectDelete called by workers>base @gkaissisCaught ForceObjectDelete called by workers>base @gkaissisCaught ForceObjectDelete called by workers>base @gkaissisCaught ForceObjectDelete called by workers>base @gkaissisCaught ForceObjectDelete called by workers>base @gkaissisCaught ForceObjectDelete called by workers>base @gkaissisCaught ForceObjectDelete called by workers>base @gkaissisCaught ForceObjectDelete called by workers>base @gkaissisCaught ForceObjectDelete called by workers>base @gkaissisCaught ForceObjectDelete called by workers>base @gkaissisCaught ForceObjectDelete called by workers>base @gkaissisCaught ForceObjectDelete called by workers>base @gkaissisCaught ForceObjectDelete called by workers>base @gkaissisde_register_obj called by generic>pointers>object_pointer @gkaissis
Train batch 0:  33%|███▎      | 1/3 [00:02<00:04,  2.18s/it]Caught ForceObjectDelete called by workers>base @gkaissisCaught ForceObjectDelete called by workers>base @gkaissisCaught ForceObjectDelete called by workers>base @gkaissisCaught ForceObjectDelete called by workers>base @gkaissisCaught ForceObjectDelete called by workers>base @gkaissisCaught ForceObjectDelete called by workers>base @gkaissisCaught ForceObjectDelete called by workers>base @gkaissisCaught ForceObjectDelete called by workers>base @gkaissisCaught ForceObjectDelete called by workers>base @gkaissisCaught ForceObjectDelete called by workers>base @gkaissisCaught ForceObjectDelete called by workers>base @gkaissisCaught ForceObjectDelete called by workers>base @gkaissisCaught ForceObjectDelete called by workers>base @gkaissisCaught ForceObjectDelete called by workers>base @gkaissisCaught ForceObjectDelete called by workers>base @gkaissisCaught ForceObjectDelete called by workers>base @gkaissisCaught ForceObjectDelete called by workers>base @gkaissisCaught ForceObjectDelete called by workers>base @gkaissisCaught ForceObjectDelete called by workers>base @gkaissisCaught ForceObjectDelete called by workers>base @gkaissisCaught ForceObjectDelete called by workers>base @gkaissisCaught ForceObjectDelete called by workers>base @gkaissisCaught ForceObjectDelete called by workers>base @gkaissisCaught ForceObjectDelete called by workers>base @gkaissisCaught ForceObjectDelete called by workers>base @gkaissisCaught ForceObjectDelete called by workers>base @gkaissisCaught ForceObjectDelete called by workers>base @gkaissisCaught ForceObjectDelete called by workers>base @gkaissisCaught ForceObjectDelete called by workers>base @gkaissisCaught ForceObjectDelete called by workers>base @gkaissisCaught ForceObjectDelete called by workers>base @gkaissisCaught ForceObjectDelete called by workers>base @gkaissisCaught ForceObjectDelete called by workers>base @gkaissisCaught ForceObjectDelete called by workers>base @gkaissisCaught ForceObjectDelete called by workers>base @gkaissisCaught ForceObjectDelete called by workers>base @gkaissisCaught ForceObjectDelete called by workers>base @gkaissisCaught ForceObjectDelete called by workers>base @gkaissisCaught ForceObjectDelete called by workers>base @gkaissisCaught ForceObjectDelete called by workers>base @gkaissisCaught ForceObjectDelete called by workers>base @gkaissisCaught ForceObjectDelete called by workers>base @gkaissisCaught ForceObjectDelete called by workers>base @gkaissisCaught ForceObjectDelete called by workers>base @gkaissisCaught ForceObjectDelete called by workers>base @gkaissisCaught ForceObjectDelete called by workers>base @gkaissisCaught ForceObjectDelete called by workers>base @gkaissisCaught ForceObjectDelete called by workers>base @gkaissisCaught ForceObjectDelete called by workers>base @gkaissisCaught ForceObjectDelete called by workers>base @gkaissisCaught ForceObjectDelete called by workers>base @gkaissisCaught ForceObjectDelete called by workers>base @gkaissisCaught ForceObjectDelete called by workers>base @gkaissisCaught ForceObjectDelete called by workers>base @gkaissisCaught ForceObjectDelete called by workers>base @gkaissisCaught ForceObjectDelete called by workers>base @gkaissisCaught ForceObjectDelete called by workers>base @gkaissisCaught ForceObjectDelete called by workers>base @gkaissisCaught ForceObjectDelete called by workers>base @gkaissisCaught ForceObjectDelete called by workers>base @gkaissisCaught ForceObjectDelete called by workers>base @gkaissisCaught ForceObjectDelete called by workers>base @gkaissisCaught ForceObjectDelete called by workers>base @gkaissisCaught ForceObjectDelete called by workers>base @gkaissisCaught ForceObjectDelete called by workers>base @gkaissisCaught ForceObjectDelete called by workers>base @gkaissisCaught ForceObjectDelete called by workers>base @gkaissisCaught ForceObjectDelete called by workers>base @gkaissisCaught ForceObjectDelete called by workers>base @gkaissisCaught ForceObjectDelete called by workers>base @gkaissisCaught ForceObjectDelete called by workers>base @gkaissisCaught ForceObjectDelete called by workers>base @gkaissisCaught ForceObjectDelete called by workers>base @gkaissisCaught ForceObjectDelete called by workers>base @gkaissisCaught ForceObjectDelete called by workers>base @gkaissisCaught ForceObjectDelete called by workers>base @gkaissisCaught ForceObjectDelete called by workers>base @gkaissisCaught ForceObjectDelete called by workers>base @gkaissisCaught ForceObjectDelete called by workers>base @gkaissisCaught ForceObjectDelete called by workers>base @gkaissisCaught ForceObjectDelete called by workers>base @gkaissisCaught ForceObjectDelete called by workers>base @gkaissisCaught ForceObjectDelete called by workers>base @gkaissisCaught ForceObjectDelete called by workers>base @gkaissisCaught ForceObjectDelete called by workers>base @gkaissisCaught ForceObjectDelete called by workers>base @gkaissisCaught ForceObjectDelete called by workers>base @gkaissisCaught ForceObjectDelete called by workers>base @gkaissisCaught ForceObjectDelete called by workers>base @gkaissisCaught ForceObjectDelete called by workers>base @gkaissisCaught ForceObjectDelete called by workers>base @gkaissisCaught ForceObjectDelete called by workers>base @gkaissisCaught ForceObjectDelete called by workers>base @gkaissisCaught ForceObjectDelete called by workers>base @gkaissisCaught ForceObjectDelete called by workers>base @gkaissisCaught ForceObjectDelete called by workers>base @gkaissisCaught ForceObjectDelete called by workers>base @gkaissisCaught ForceObjectDelete called by workers>base @gkaissisCaught ForceObjectDelete called by workers>base @gkaissisCaught ForceObjectDelete called by workers>base @gkaissisCaught ForceObjectDelete called by workers>base @gkaissisCaught ForceObjectDelete called by workers>base @gkaissisCaught ForceObjectDelete called by workers>base @gkaissisCaught ForceObjectDelete called by workers>base @gkaissisCaught ForceObjectDelete called by workers>base @gkaissisCaught ForceObjectDelete called by workers>base @gkaissisCaught ForceObjectDelete called by workers>base @gkaissisCaught ForceObjectDelete called by workers>base @gkaissisCaught ForceObjectDelete called by workers>base @gkaissisCaught ForceObjectDelete called by workers>base @gkaissisCaught ForceObjectDelete called by workers>base @gkaissisCaught ForceObjectDelete called by workers>base @gkaissisCaught ForceObjectDelete called by workers>base @gkaissisCaught ForceObjectDelete called by workers>base @gkaissisCaught ForceObjectDelete called by workers>base @gkaissisCaught ForceObjectDelete called by workers>base @gkaissisCaught ForceObjectDelete called by workers>base @gkaissisCaught ForceObjectDelete called by workers>base @gkaissisCaught ForceObjectDelete called by workers>base @gkaissisCaught ForceObjectDelete called by workers>base @gkaissisCaught ForceObjectDelete called by workers>base @gkaissisCaught ForceObjectDelete called by workers>base @gkaissisCaught ForceObjectDelete called by workers>base @gkaissisCaught ForceObjectDelete called by workers>base @gkaissisCaught ForceObjectDelete called by workers>base @gkaissisCaught ForceObjectDelete called by workers>base @gkaissisCaught ForceObjectDelete called by workers>base @gkaissisCaught ForceObjectDelete called by workers>base @gkaissisCaught ForceObjectDelete called by workers>base @gkaissisCaught ForceObjectDelete called by workers>base @gkaissisCaught ForceObjectDelete called by workers>base @gkaissisCaught ForceObjectDelete called by workers>base @gkaissisCaught ForceObjectDelete called by workers>base @gkaissisCaught ForceObjectDelete called by workers>base @gkaissisCaught ForceObjectDelete called by workers>base @gkaissisCaught ForceObjectDelete called by workers>base @gkaissisCaught ForceObjectDelete called by workers>base @gkaissisCaught ForceObjectDelete called by workers>base @gkaissisCaught ForceObjectDelete called by workers>base @gkaissisCaught ForceObjectDelete called by workers>base @gkaissisCaught ForceObjectDelete called by workers>base @gkaissisCaught ForceObjectDelete called by workers>base @gkaissisCaught ForceObjectDelete called by workers>base @gkaissisCaught ForceObjectDelete called by workers>base @gkaissisCaught ForceObjectDelete called by workers>base @gkaissisCaught ForceObjectDelete called by workers>base @gkaissisCaught ForceObjectDelete called by workers>base @gkaissisCaught ForceObjectDelete called by workers>base @gkaissisCaught ForceObjectDelete called by workers>base @gkaissisCaught ForceObjectDelete called by workers>base @gkaissisCaught ForceObjectDelete called by workers>base @gkaissisCaught ForceObjectDelete called by workers>base @gkaissisCaught ForceObjectDelete called by workers>base @gkaissisCaught ForceObjectDelete called by workers>base @gkaissisCaught ForceObjectDelete called by workers>base @gkaissisCaught ForceObjectDelete called by workers>base @gkaissisCaught ForceObjectDelete called by workers>base @gkaissisCaught ForceObjectDelete called by workers>base @gkaissisCaught ForceObjectDelete called by workers>base @gkaissisCaught ForceObjectDelete called by workers>base @gkaissisCaught ForceObjectDelete called by workers>base @gkaissisCaught ForceObjectDelete called by workers>base @gkaissisCaught ForceObjectDelete called by workers>base @gkaissisCaught ForceObjectDelete called by workers>base @gkaissisCaught ForceObjectDelete called by workers>base @gkaissisCaught ForceObjectDelete called by workers>base @gkaissisCaught ForceObjectDelete called by workers>base @gkaissisCaught ForceObjectDelete called by workers>base @gkaissisCaught ForceObjectDelete called by workers>base @gkaissisCaught ForceObjectDelete called by workers>base @gkaissisCaught ForceObjectDelete called by workers>base @gkaissisCaught ForceObjectDelete called by workers>base @gkaissisCaught ForceObjectDelete called by workers>base @gkaissisCaught ForceObjectDelete called by workers>base @gkaissisCaught ForceObjectDelete called by workers>base @gkaissisCaught ForceObjectDelete called by workers>base @gkaissisCaught ForceObjectDelete called by workers>base @gkaissisCaught ForceObjectDelete called by workers>base @gkaissisCaught ForceObjectDelete called by workers>base @gkaissisCaught ForceObjectDelete called by workers>base @gkaissisCaught ForceObjectDelete called by workers>base @gkaissisCaught ForceObjectDelete called by workers>base @gkaissisCaught ForceObjectDelete called by workers>base @gkaissisCaught ForceObjectDelete called by workers>base @gkaissisCaught ForceObjectDelete called by workers>base @gkaissisCaught ForceObjectDelete called by workers>base @gkaissisCaught ForceObjectDelete called by workers>base @gkaissisCaught ForceObjectDelete called by workers>base @gkaissisCaught ForceObjectDelete called by workers>base @gkaissisCaught ForceObjectDelete called by workers>base @gkaissisCaught ForceObjectDelete called by workers>base @gkaissisCaught ForceObjectDelete called by workers>base @gkaissisCaught ForceObjectDelete called by workers>base @gkaissisCaught ForceObjectDelete called by workers>base @gkaissisCaught ForceObjectDelete called by workers>base @gkaissisCaught ForceObjectDelete called by workers>base @gkaissisCaught ForceObjectDelete called by workers>base @gkaissisCaught ForceObjectDelete called by workers>base @gkaissisCaught ForceObjectDelete called by workers>base @gkaissisCaught ForceObjectDelete called by workers>base @gkaissisCaught ForceObjectDelete called by workers>base @gkaissisCaught ForceObjectDelete called by workers>base @gkaissisCaught ForceObjectDelete called by workers>base @gkaissisCaught ForceObjectDelete called by workers>base @gkaissisCaught ForceObjectDelete called by workers>base @gkaissisCaught ForceObjectDelete called by workers>base @gkaissisCaught ForceObjectDelete called by workers>base @gkaissisCaught ForceObjectDelete called by workers>base @gkaissisCaught ForceObjectDelete called by workers>base @gkaissisCaught ForceObjectDelete called by workers>base @gkaissisCaught ForceObjectDelete called by workers>base @gkaissisCaught ForceObjectDelete called by workers>base @gkaissisCaught ForceObjectDelete called by workers>base @gkaissisCaught ForceObjectDelete called by workers>base @gkaissisCaught ForceObjectDelete called by workers>base @gkaissisCaught ForceObjectDelete called by workers>base @gkaissisCaught ForceObjectDelete called by workers>base @gkaissisCaught ForceObjectDelete called by workers>base @gkaissisCaught ForceObjectDelete called by workers>base @gkaissisCaught ForceObjectDelete called by workers>base @gkaissisCaught ForceObjectDelete called by workers>base @gkaissisCaught ForceObjectDelete called by workers>base @gkaissisCaught ForceObjectDelete called by workers>base @gkaissisCaught ForceObjectDelete called by workers>base @gkaissisCaught ForceObjectDelete called by workers>base @gkaissisCaught ForceObjectDelete called by workers>base @gkaissisCaught ForceObjectDelete called by workers>base @gkaissisCaught ForceObjectDelete called by workers>base @gkaissisCaught ForceObjectDelete called by workers>base @gkaissisCaught ForceObjectDelete called by workers>base @gkaissisCaught ForceObjectDelete called by workers>base @gkaissisCaught ForceObjectDelete called by workers>base @gkaissisCaught ForceObjectDelete called by workers>base @gkaissisCaught ForceObjectDelete called by workers>base @gkaissisCaught ForceObjectDelete called by workers>base @gkaissisCaught ForceObjectDelete called by workers>base @gkaissisCaught ForceObjectDelete called by workers>base @gkaissisCaught ForceObjectDelete called by workers>base @gkaissisCaught ForceObjectDelete called by workers>base @gkaissisCaught ForceObjectDelete called by workers>base @gkaissisCaught ForceObjectDelete called by workers>base @gkaissisCaught ForceObjectDelete called by workers>base @gkaissisCaught ForceObjectDelete called by workers>base @gkaissisCaught ForceObjectDelete called by workers>base @gkaissisCaught ForceObjectDelete called by workers>base @gkaissisCaught ForceObjectDelete called by workers>base @gkaissisCaught ForceObjectDelete called by workers>base @gkaissisCaught ForceObjectDelete called by workers>base @gkaissisCaught ForceObjectDelete called by workers>base @gkaissisCaught ForceObjectDelete called by workers>base @gkaissisCaught ForceObjectDelete called by workers>base @gkaissisCaught ForceObjectDelete called by workers>base @gkaissisCaught ForceObjectDelete called by workers>base @gkaissisCaught ForceObjectDelete called by workers>base @gkaissisCaught ForceObjectDelete called by workers>base @gkaissisCaught ForceObjectDelete called by workers>base @gkaissisCaught ForceObjectDelete called by workers>base @gkaissisCaught ForceObjectDelete called by workers>base @gkaissisCaught ForceObjectDelete called by workers>base @gkaissisCaught ForceObjectDelete called by workers>base @gkaissisCaught ForceObjectDelete called by workers>base @gkaissisCaught ForceObjectDelete called by workers>base @gkaissisCaught ForceObjectDelete called by workers>base @gkaissisCaught ForceObjectDelete called by workers>base @gkaissisCaught ForceObjectDelete called by workers>base @gkaissisCaught ForceObjectDelete called by workers>base @gkaissisCaught ForceObjectDelete called by workers>base @gkaissisCaught ForceObjectDelete called by workers>base @gkaissisCaught ForceObjectDelete called by workers>base @gkaissisCaught ForceObjectDelete called by workers>base @gkaissisCaught ForceObjectDelete called by workers>base @gkaissisCaught ForceObjectDelete called by workers>base @gkaissisCaught ForceObjectDelete called by workers>base @gkaissisCaught ForceObjectDelete called by workers>base @gkaissisCaught ForceObjectDelete called by workers>base @gkaissisCaught ForceObjectDelete called by workers>base @gkaissisCaught ForceObjectDelete called by workers>base @gkaissisCaught ForceObjectDelete called by workers>base @gkaissisCaught ForceObjectDelete called by workers>base @gkaissisCaught ForceObjectDelete called by workers>base @gkaissisCaught ForceObjectDelete called by workers>base @gkaissisCaught ForceObjectDelete called by workers>base @gkaissisCaught ForceObjectDelete called by workers>base @gkaissisCaught ForceObjectDelete called by workers>base @gkaissisCaught ForceObjectDelete called by workers>base @gkaissisCaught ForceObjectDelete called by workers>base @gkaissisCaught ForceObjectDelete called by workers>base @gkaissisCaught ForceObjectDelete called by workers>base @gkaissisCaught ForceObjectDelete called by workers>base @gkaissisCaught ForceObjectDelete called by workers>base @gkaissisCaught ForceObjectDelete called by workers>base @gkaissisCaught ForceObjectDelete called by workers>base @gkaissisCaught ForceObjectDelete called by workers>base @gkaissisCaught ForceObjectDelete called by workers>base @gkaissisCaught ForceObjectDelete called by workers>base @gkaissisCaught ForceObjectDelete called by workers>base @gkaissisCaught ForceObjectDelete called by workers>base @gkaissisCaught ForceObjectDelete called by workers>base @gkaissisCaught ForceObjectDelete called by workers>base @gkaissisCaught ForceObjectDelete called by workers>base @gkaissisCaught ForceObjectDelete called by workers>base @gkaissisCaught ForceObjectDelete called by workers>base @gkaissisCaught ForceObjectDelete called by workers>base @gkaissisCaught ForceObjectDelete called by workers>base @gkaissisCaught ForceObjectDelete called by workers>base @gkaissisCaught ForceObjectDelete called by workers>base @gkaissisCaught ForceObjectDelete called by workers>base @gkaissisCaught ForceObjectDelete called by workers>base @gkaissisCaught ForceObjectDelete called by workers>base @gkaissisCaught ForceObjectDelete called by workers>base @gkaissisCaught ForceObjectDelete called by workers>base @gkaissisCaught ForceObjectDelete called by workers>base @gkaissisCaught ForceObjectDelete called by workers>base @gkaissisCaught ForceObjectDelete called by workers>base @gkaissisCaught ForceObjectDelete called by workers>base @gkaissisCaught ForceObjectDelete called by workers>base @gkaissisCaught ForceObjectDelete called by workers>base @gkaissisCaught ForceObjectDelete called by workers>base @gkaissisCaught ForceObjectDelete called by workers>base @gkaissisCaught ForceObjectDelete called by workers>base @gkaissisCaught ForceObjectDelete called by workers>base @gkaissisCaught ForceObjectDelete called by workers>base @gkaissisCaught ForceObjectDelete called by workers>base @gkaissisCaught ForceObjectDelete called by workers>base @gkaissisCaught ForceObjectDelete called by workers>base @gkaissisCaught ForceObjectDelete called by workers>base @gkaissisCaught ForceObjectDelete called by workers>base @gkaissisCaught ForceObjectDelete called by workers>base @gkaissisCaught ForceObjectDelete called by workers>base @gkaissisCaught ForceObjectDelete called by workers>base @gkaissisCaught ForceObjectDelete called by workers>base @gkaissisCaught ForceObjectDelete called by workers>base @gkaissisCaught ForceObjectDelete called by workers>base @gkaissisCaught ForceObjectDelete called by workers>base @gkaissisCaught ForceObjectDelete called by workers>base @gkaissisCaught ForceObjectDelete called by workers>base @gkaissisCaught ForceObjectDelete called by workers>base @gkaissisCaught ForceObjectDelete called by workers>base @gkaissisCaught ForceObjectDelete called by workers>base @gkaissisCaught ForceObjectDelete called by workers>base @gkaissisCaught ForceObjectDelete called by workers>base @gkaissisCaught ForceObjectDelete called by workers>base @gkaissisCaught ForceObjectDelete called by workers>base @gkaissisCaught ForceObjectDelete called by workers>base @gkaissisCaught ForceObjectDelete called by workers>base @gkaissisCaught ForceObjectDelete called by workers>base @gkaissisCaught ForceObjectDelete called by workers>base @gkaissisCaught ForceObjectDelete called by workers>base @gkaissisCaught ForceObjectDelete called by workers>base @gkaissisCaught ForceObjectDelete called by workers>base @gkaissisCaught ForceObjectDelete called by workers>base @gkaissisCaught ForceObjectDelete called by workers>base @gkaissisCaught ForceObjectDelete called by workers>base @gkaissisCaught ForceObjectDelete called by workers>base @gkaissisCaught ForceObjectDelete called by workers>base @gkaissisCaught ForceObjectDelete called by workers>base @gkaissisCaught ForceObjectDelete called by workers>base @gkaissisCaught ForceObjectDelete called by workers>base @gkaissisCaught ForceObjectDelete called by workers>base @gkaissisCaught ForceObjectDelete called by workers>base @gkaissisCaught ForceObjectDelete called by workers>base @gkaissisCaught ForceObjectDelete called by workers>base @gkaissisCaught ForceObjectDelete called by workers>base @gkaissisCaught ForceObjectDelete called by workers>base @gkaissisCaught ForceObjectDelete called by workers>base @gkaissisCaught ForceObjectDelete called by workers>base @gkaissisCaught ForceObjectDelete called by workers>base @gkaissisCaught ForceObjectDelete called by workers>base @gkaissisCaught ForceObjectDelete called by workers>base @gkaissisCaught ForceObjectDelete called by workers>base @gkaissisCaught ForceObjectDelete called by workers>base @gkaissisCaught ForceObjectDelete called by workers>base @gkaissisCaught ForceObjectDelete called by workers>base @gkaissisCaught ForceObjectDelete called by workers>base @gkaissisCaught ForceObjectDelete called by workers>base @gkaissisCaught ForceObjectDelete called by workers>base @gkaissisCaught ForceObjectDelete called by workers>base @gkaissisCaught ForceObjectDelete called by workers>base @gkaissisCaught ForceObjectDelete called by workers>base @gkaissisCaught ForceObjectDelete called by workers>base @gkaissisCaught ForceObjectDelete called by workers>base @gkaissisCaught ForceObjectDelete called by workers>base @gkaissisCaught ForceObjectDelete called by workers>base @gkaissisCaught ForceObjectDelete called by workers>base @gkaissisCaught ForceObjectDelete called by workers>base @gkaissisCaught ForceObjectDelete called by workers>base @gkaissisCaught ForceObjectDelete called by workers>base @gkaissisCaught ForceObjectDelete called by workers>base @gkaissisCaught ForceObjectDelete called by workers>base @gkaissisCaught ForceObjectDelete called by workers>base @gkaissisCaught ForceObjectDelete called by workers>base @gkaissisCaught ForceObjectDelete called by workers>base @gkaissisCaught ForceObjectDelete called by workers>base @gkaissisCaught ForceObjectDelete called by workers>base @gkaissisCaught ForceObjectDelete called by workers>base @gkaissisCaught ForceObjectDelete called by workers>base @gkaissisCaught ForceObjectDelete called by workers>base @gkaissisCaught ForceObjectDelete called by workers>base @gkaissisCaught ForceObjectDelete called by workers>base @gkaissisCaught ForceObjectDelete called by workers>base @gkaissisCaught ForceObjectDelete called by workers>base @gkaissisCaught ForceObjectDelete called by workers>base @gkaissisCaught ForceObjectDelete called by workers>base @gkaissisCaught ForceObjectDelete called by workers>base @gkaissisCaught ForceObjectDelete called by workers>base @gkaissisCaught ForceObjectDelete called by workers>base @gkaissisCaught ForceObjectDelete called by workers>base @gkaissisCaught ForceObjectDelete called by workers>base @gkaissisCaught ForceObjectDelete called by workers>base @gkaissisCaught ForceObjectDelete called by workers>base @gkaissisCaught ForceObjectDelete called by workers>base @gkaissisCaught ForceObjectDelete called by workers>base @gkaissisCaught ForceObjectDelete called by workers>base @gkaissisCaught ForceObjectDelete called by workers>base @gkaissisCaught ForceObjectDelete called by workers>base @gkaissisCaught ForceObjectDelete called by workers>base @gkaissisCaught ForceObjectDelete called by workers>base @gkaissisCaught ForceObjectDelete called by workers>base @gkaissisCaught ForceObjectDelete called by workers>base @gkaissisCaught ForceObjectDelete called by workers>base @gkaissisCaught ForceObjectDelete called by workers>base @gkaissisCaught ForceObjectDelete called by workers>base @gkaissisCaught ForceObjectDelete called by workers>base @gkaissisCaught ForceObjectDelete called by workers>base @gkaissisCaught ForceObjectDelete called by workers>base @gkaissisCaught ForceObjectDelete called by workers>base @gkaissisCaught ForceObjectDelete called by workers>base @gkaissisCaught ForceObjectDelete called by workers>base @gkaissisCaught ForceObjectDelete called by workers>base @gkaissisCaught ForceObjectDelete called by workers>base @gkaissisCaught ForceObjectDelete called by workers>base @gkaissisCaught ForceObjectDelete called by workers>base @gkaissisCaught ForceObjectDelete called by workers>base @gkaissisCaught ForceObjectDelete called by workers>base @gkaissisCaught ForceObjectDelete called by workers>base @gkaissisCaught ForceObjectDelete called by workers>base @gkaissisCaught ForceObjectDelete called by workers>base @gkaissisCaught ForceObjectDelete called by workers>base @gkaissisCaught ForceObjectDelete called by workers>base @gkaissisCaught ForceObjectDelete called by workers>base @gkaissisCaught ForceObjectDelete called by workers>base @gkaissisCaught ForceObjectDelete called by workers>base @gkaissisCaught ForceObjectDelete called by workers>base @gkaissisCaught ForceObjectDelete called by workers>base @gkaissisCaught ForceObjectDelete called by workers>base @gkaissisCaught ForceObjectDelete called by workers>base @gkaissisCaught ForceObjectDelete called by workers>base @gkaissisCaught ForceObjectDelete called by workers>base @gkaissisCaught ForceObjectDelete called by workers>base @gkaissisCaught ForceObjectDelete called by workers>base @gkaissisCaught ForceObjectDelete called by workers>base @gkaissisCaught ForceObjectDelete called by workers>base @gkaissisCaught ForceObjectDelete called by workers>base @gkaissisCaught ForceObjectDelete called by workers>base @gkaissisCaught ForceObjectDelete called by workers>base @gkaissisCaught ForceObjectDelete called by workers>base @gkaissisCaught ForceObjectDelete called by workers>base @gkaissisCaught ForceObjectDelete called by workers>base @gkaissisCaught ForceObjectDelete called by workers>base @gkaissisCaught ForceObjectDelete called by workers>base @gkaissisCaught ForceObjectDelete called by workers>base @gkaissisCaught ForceObjectDelete called by workers>base @gkaissisCaught ForceObjectDelete called by workers>base @gkaissisCaught ForceObjectDelete called by workers>base @gkaissisCaught ForceObjectDelete called by workers>base @gkaissisCaught ForceObjectDelete called by workers>base @gkaissisCaught ForceObjectDelete called by workers>base @gkaissisCaught ForceObjectDelete called by workers>base @gkaissisCaught ForceObjectDelete called by workers>base @gkaissisCaught ForceObjectDelete called by workers>base @gkaissisCaught ForceObjectDelete called by workers>base @gkaissisCaught ForceObjectDelete called by workers>base @gkaissisCaught ForceObjectDelete called by workers>base @gkaissisCaught ForceObjectDelete called by workers>base @gkaissisCaught ForceObjectDelete called by workers>base @gkaissisCaught ForceObjectDelete called by workers>base @gkaissisCaught ForceObjectDelete called by workers>base @gkaissisCaught ForceObjectDelete called by workers>base @gkaissisCaught ForceObjectDelete called by workers>base @gkaissisCaught ForceObjectDelete called by workers>base @gkaissisCaught ForceObjectDelete called by workers>base @gkaissisCaught ForceObjectDelete called by workers>base @gkaissisCaught ForceObjectDelete called by workers>base @gkaissisCaught ForceObjectDelete called by workers>base @gkaissisCaught ForceObjectDelete called by workers>base @gkaissisCaught ForceObjectDelete called by workers>base @gkaissisCaught ForceObjectDelete called by workers>base @gkaissisCaught ForceObjectDelete called by workers>base @gkaissisCaught ForceObjectDelete called by workers>base @gkaissisCaught ForceObjectDelete called by workers>base @gkaissisCaught ForceObjectDelete called by workers>base @gkaissisCaught ForceObjectDelete called by workers>base @gkaissisCaught ForceObjectDelete called by workers>base @gkaissisCaught ForceObjectDelete called by workers>base @gkaissisCaught ForceObjectDelete called by workers>base @gkaissisCaught ForceObjectDelete called by workers>base @gkaissisCaught ForceObjectDelete called by workers>base @gkaissisCaught ForceObjectDelete called by workers>base @gkaissisCaught ForceObjectDelete called by workers>base @gkaissisCaught ForceObjectDelete called by workers>base @gkaissisCaught ForceObjectDelete called by workers>base @gkaissisCaught ForceObjectDelete called by workers>base @gkaissisCaught ForceObjectDelete called by workers>base @gkaissisCaught ForceObjectDelete called by workers>base @gkaissisCaught ForceObjectDelete called by workers>base @gkaissisCaught ForceObjectDelete called by workers>base @gkaissisCaught ForceObjectDelete called by workers>base @gkaissisCaught ForceObjectDelete called by workers>base @gkaissisCaught ForceObjectDelete called by workers>base @gkaissisCaught ForceObjectDelete called by workers>base @gkaissisCaught ForceObjectDelete called by workers>base @gkaissisCaught ForceObjectDelete called by workers>base @gkaissisCaught ForceObjectDelete called by workers>base @gkaissisCaught ForceObjectDelete called by workers>base @gkaissisCaught ForceObjectDelete called by workers>base @gkaissisCaught ForceObjectDelete called by workers>base @gkaissisCaught ForceObjectDelete called by workers>base @gkaissisCaught ForceObjectDelete called by workers>base @gkaissisCaught ForceObjectDelete called by workers>base @gkaissisCaught ForceObjectDelete called by workers>base @gkaissisCaught ForceObjectDelete called by workers>base @gkaissisCaught ForceObjectDelete called by workers>base @gkaissisCaught ForceObjectDelete called by workers>base @gkaissisCaught ForceObjectDelete called by workers>base @gkaissisCaught ForceObjectDelete called by workers>base @gkaissisCaught ForceObjectDelete called by workers>base @gkaissisCaught ForceObjectDelete called by workers>base @gkaissisCaught ForceObjectDelete called by workers>base @gkaissisCaught ForceObjectDelete called by workers>base @gkaissisCaught ForceObjectDelete called by workers>base @gkaissisCaught ForceObjectDelete called by workers>base @gkaissisCaught ForceObjectDelete called by workers>base @gkaissisCaught ForceObjectDelete called by workers>base @gkaissisCaught ForceObjectDelete called by workers>base @gkaissisCaught ForceObjectDelete called by workers>base @gkaissisCaught ForceObjectDelete called by workers>base @gkaissisCaught ForceObjectDelete called by workers>base @gkaissisCaught ForceObjectDelete called by workers>base @gkaissisCaught ForceObjectDelete called by workers>base @gkaissisCaught ForceObjectDelete called by workers>base @gkaissisCaught ForceObjectDelete called by workers>base @gkaissisCaught ForceObjectDelete called by workers>base @gkaissisCaught ForceObjectDelete called by workers>base @gkaissisCaught ForceObjectDelete called by workers>base @gkaissisCaught ForceObjectDelete called by workers>base @gkaissisCaught ForceObjectDelete called by workers>base @gkaissisCaught ForceObjectDelete called by workers>base @gkaissisCaught ForceObjectDelete called by workers>base @gkaissisCaught ForceObjectDelete called by workers>base @gkaissisCaught ForceObjectDelete called by workers>base @gkaissisCaught ForceObjectDelete called by workers>base @gkaissisCaught ForceObjectDelete called by workers>base @gkaissisCaught ForceObjectDelete called by workers>base @gkaissisCaught ForceObjectDelete called by workers>base @gkaissisCaught ForceObjectDelete called by workers>base @gkaissisCaught ForceObjectDelete called by workers>base @gkaissisCaught ForceObjectDelete called by workers>base @gkaissisCaught ForceObjectDelete called by workers>base @gkaissisCaught ForceObjectDelete called by workers>base @gkaissisCaught ForceObjectDelete called by workers>base @gkaissisCaught ForceObjectDelete called by workers>base @gkaissisCaught ForceObjectDelete called by workers>base @gkaissisCaught ForceObjectDelete called by workers>base @gkaissisCaught ForceObjectDelete called by workers>base @gkaissisCaught ForceObjectDelete called by workers>base @gkaissisCaught ForceObjectDelete called by workers>base @gkaissisCaught ForceObjectDelete called by workers>base @gkaissisCaught ForceObjectDelete called by workers>base @gkaissisCaught ForceObjectDelete called by workers>base @gkaissisCaught ForceObjectDelete called by workers>base @gkaissisCaught ForceObjectDelete called by workers>base @gkaissisCaught ForceObjectDelete called by workers>base @gkaissisCaught ForceObjectDelete called by workers>base @gkaissisCaught ForceObjectDelete called by workers>base @gkaissisCaught ForceObjectDelete called by workers>base @gkaissisCaught ForceObjectDelete called by workers>base @gkaissisCaught ForceObjectDelete called by workers>base @gkaissisCaught ForceObjectDelete called by workers>base @gkaissisCaught ForceObjectDelete called by workers>base @gkaissisCaught ForceObjectDelete called by workers>base @gkaissisCaught ForceObjectDelete called by workers>base @gkaissisCaught ForceObjectDelete called by workers>base @gkaissisCaught ForceObjectDelete called by workers>base @gkaissisCaught ForceObjectDelete called by workers>base @gkaissisCaught ForceObjectDelete called by workers>base @gkaissisCaught ForceObjectDelete called by workers>base @gkaissisCaught ForceObjectDelete called by workers>base @gkaissisCaught ForceObjectDelete called by workers>base @gkaissisCaught ForceObjectDelete called by workers>base @gkaissisCaught ForceObjectDelete called by workers>base @gkaissisCaught ForceObjectDelete called by workers>base @gkaissisCaught ForceObjectDelete called by workers>base @gkaissisCaught ForceObjectDelete called by workers>base @gkaissisCaught ForceObjectDelete called by workers>base @gkaissisCaught ForceObjectDelete called by workers>base @gkaissisCaught ForceObjectDelete called by workers>base @gkaissisCaught ForceObjectDelete called by workers>base @gkaissisCaught ForceObjectDelete called by workers>base @gkaissisCaught ForceObjectDelete called by workers>base @gkaissisCaught ForceObjectDelete called by workers>base @gkaissisCaught ForceObjectDelete called by workers>base @gkaissisCaught ForceObjectDelete called by workers>base @gkaissisCaught ForceObjectDelete called by workers>base @gkaissisCaught ForceObjectDelete called by workers>base @gkaissisCaught ForceObjectDelete called by workers>base @gkaissisCaught ForceObjectDelete called by workers>base @gkaissisCaught ForceObjectDelete called by workers>base @gkaissisCaught ForceObjectDelete called by workers>base @gkaissisCaught ForceObjectDelete called by workers>base @gkaissisCaught ForceObjectDelete called by workers>base @gkaissisCaught ForceObjectDelete called by workers>base @gkaissisCaught ForceObjectDelete called by workers>base @gkaissisCaught ForceObjectDelete called by workers>base @gkaissisCaught ForceObjectDelete called by workers>base @gkaissisCaught ForceObjectDelete called by workers>base @gkaissisCaught ForceObjectDelete called by workers>base @gkaissisCaught ForceObjectDelete called by workers>base @gkaissisCaught ForceObjectDelete called by workers>base @gkaissisCaught ForceObjectDelete called by workers>base @gkaissisCaught ForceObjectDelete called by workers>base @gkaissisCaught ForceObjectDelete called by workers>base @gkaissisCaught ForceObjectDelete called by workers>base @gkaissisCaught ForceObjectDelete called by workers>base @gkaissisCaught ForceObjectDelete called by workers>base @gkaissisCaught ForceObjectDelete called by workers>base @gkaissisCaught ForceObjectDelete called by workers>base @gkaissisCaught ForceObjectDelete called by workers>base @gkaissisCaught ForceObjectDelete called by workers>base @gkaissisCaught ForceObjectDelete called by workers>base @gkaissisCaught ForceObjectDelete called by workers>base @gkaissisCaught ForceObjectDelete called by workers>base @gkaissisCaught ForceObjectDelete called by workers>base @gkaissisCaught ForceObjectDelete called by workers>base @gkaissisCaught ForceObjectDelete called by workers>base @gkaissisCaught ForceObjectDelete called by workers>base @gkaissisCaught ForceObjectDelete called by workers>base @gkaissisCaught ForceObjectDelete called by workers>base @gkaissisCaught ForceObjectDelete called by workers>base @gkaissisCaught ForceObjectDelete called by workers>base @gkaissisCaught ForceObjectDelete called by workers>base @gkaissisCaught ForceObjectDelete called by workers>base @gkaissisCaught ForceObjectDelete called by workers>base @gkaissisCaught ForceObjectDelete called by workers>base @gkaissisCaught ForceObjectDelete called by workers>base @gkaissisCaught ForceObjectDelete called by workers>base @gkaissisCaught ForceObjectDelete called by workers>base @gkaissisCaught ForceObjectDelete called by workers>base @gkaissisCaught ForceObjectDelete called by workers>base @gkaissisCaught ForceObjectDelete called by workers>base @gkaissisCaught ForceObjectDelete called by workers>base @gkaissisCaught ForceObjectDelete called by workers>base @gkaissisCaught ForceObjectDelete called by workers>base @gkaissisCaught ForceObjectDelete called by workers>base @gkaissisCaught ForceObjectDelete called by workers>base @gkaissisCaught ForceObjectDelete called by workers>base @gkaissisCaught ForceObjectDelete called by workers>base @gkaissisCaught ForceObjectDelete called by workers>base @gkaissisCaught ForceObjectDelete called by workers>base @gkaissisCaught ForceObjectDelete called by workers>base @gkaissisCaught ForceObjectDelete called by workers>base @gkaissisCaught ForceObjectDelete called by workers>base @gkaissisCaught ForceObjectDelete called by workers>base @gkaissisCaught ForceObjectDelete called by workers>base @gkaissisCaught ForceObjectDelete called by workers>base @gkaissisCaught ForceObjectDelete called by workers>base @gkaissisCaught ForceObjectDelete called by workers>base @gkaissisCaught ForceObjectDelete called by workers>base @gkaissisCaught ForceObjectDelete called by workers>base @gkaissisCaught ForceObjectDelete called by workers>base @gkaissisCaught ForceObjectDelete called by workers>base @gkaissisCaught ForceObjectDelete called by workers>base @gkaissisCaught ForceObjectDelete called by workers>base @gkaissisCaught ForceObjectDelete called by workers>base @gkaissisCaught ForceObjectDelete called by workers>base @gkaissisCaught ForceObjectDelete called by workers>base @gkaissisCaught ForceObjectDelete called by workers>base @gkaissisCaught ForceObjectDelete called by workers>base @gkaissisCaught ForceObjectDelete called by workers>base @gkaissisCaught ForceObjectDelete called by workers>base @gkaissisCaught ForceObjectDelete called by workers>base @gkaissisCaught ForceObjectDelete called by workers>base @gkaissisCaught ForceObjectDelete called by workers>base @gkaissisCaught ForceObjectDelete called by workers>base @gkaissisCaught ForceObjectDelete called by workers>base @gkaissisCaught ForceObjectDelete called by workers>base @gkaissisCaught ForceObjectDelete called by workers>base @gkaissisCaught ForceObjectDelete called by workers>base @gkaissisCaught ForceObjectDelete called by workers>base @gkaissisCaught ForceObjectDelete called by workers>base @gkaissisCaught ForceObjectDelete called by workers>base @gkaissisCaught ForceObjectDelete called by workers>base @gkaissisCaught ForceObjectDelete called by workers>base @gkaissisCaught ForceObjectDelete called by workers>base @gkaissisCaught ForceObjectDelete called by workers>base @gkaissisCaught ForceObjectDelete called by workers>base @gkaissisCaught ForceObjectDelete called by workers>base @gkaissisCaught ForceObjectDelete called by workers>base @gkaissisCaught ForceObjectDelete called by workers>base @gkaissisCaught ForceObjectDelete called by workers>base @gkaissisCaught ForceObjectDelete called by workers>base @gkaissisCaught ForceObjectDelete called by workers>base @gkaissisCaught ForceObjectDelete called by workers>base @gkaissisCaught ForceObjectDelete called by workers>base @gkaissisCaught ForceObjectDelete called by workers>base @gkaissisCaught ForceObjectDelete called by workers>base @gkaissisCaught ForceObjectDelete called by workers>base @gkaissisCaught ForceObjectDelete called by workers>base @gkaissisCaught ForceObjectDelete called by workers>base @gkaissisCaught ForceObjectDelete called by workers>base @gkaissisCaught ForceObjectDelete called by workers>base @gkaissisCaught ForceObjectDelete called by workers>base @gkaissisCaught ForceObjectDelete called by workers>base @gkaissisCaught ForceObjectDelete called by workers>base @gkaissisCaught ForceObjectDelete called by workers>base @gkaissisCaught ForceObjectDelete called by workers>base @gkaissisCaught ForceObjectDelete called by workers>base @gkaissisCaught ForceObjectDelete called by workers>base @gkaissisCaught ForceObjectDelete called by workers>base @gkaissisCaught ForceObjectDelete called by workers>base @gkaissisCaught ForceObjectDelete called by workers>base @gkaissisCaught ForceObjectDelete called by workers>base @gkaissisCaught ForceObjectDelete called by workers>base @gkaissisCaught ForceObjectDelete called by workers>base @gkaissisCaught ForceObjectDelete called by workers>base @gkaissisCaught ForceObjectDelete called by workers>base @gkaissisCaught ForceObjectDelete called by workers>base @gkaissisCaught ForceObjectDelete called by workers>base @gkaissisCaught ForceObjectDelete called by workers>base @gkaissisCaught ForceObjectDelete called by workers>base @gkaissisCaught ForceObjectDelete called by workers>base @gkaissisCaught ForceObjectDelete called by workers>base @gkaissisCaught ForceObjectDelete called by workers>base @gkaissisCaught ForceObjectDelete called by workers>base @gkaissisCaught ForceObjectDelete called by workers>base @gkaissisCaught ForceObjectDelete called by workers>base @gkaissisCaught ForceObjectDelete called by workers>base @gkaissisCaught ForceObjectDelete called by workers>base @gkaissisCaught ForceObjectDelete called by workers>base @gkaissisCaught ForceObjectDelete called by workers>base @gkaissisCaught ForceObjectDelete called by workers>base @gkaissisCaught ForceObjectDelete called by workers>base @gkaissisCaught ForceObjectDelete called by workers>base @gkaissisCaught ForceObjectDelete called by workers>base @gkaissisCaught ForceObjectDelete called by workers>base @gkaissisCaught ForceObjectDelete called by workers>base @gkaissisCaught ForceObjectDelete called by workers>base @gkaissisCaught ForceObjectDelete called by workers>base @gkaissisCaught ForceObjectDelete called by workers>base @gkaissisCaught ForceObjectDelete called by workers>base @gkaissisCaught ForceObjectDelete called by workers>base @gkaissisCaught ForceObjectDelete called by workers>base @gkaissisCaught ForceObjectDelete called by workers>base @gkaissisCaught ForceObjectDelete called by workers>base @gkaissisCaught ForceObjectDelete called by workers>base @gkaissisCaught ForceObjectDelete called by workers>base @gkaissisCaught ForceObjectDelete called by workers>base @gkaissisCaught ForceObjectDelete called by workers>base @gkaissisCaught ForceObjectDelete called by workers>base @gkaissisCaught ForceObjectDelete called by workers>base @gkaissisCaught ForceObjectDelete called by workers>base @gkaissisCaught ForceObjectDelete called by workers>base @gkaissisCaught ForceObjectDelete called by workers>base @gkaissisCaught ForceObjectDelete called by workers>base @gkaissisCaught ForceObjectDelete called by workers>base @gkaissisCaught ForceObjectDelete called by workers>base @gkaissisCaught ForceObjectDelete called by workers>base @gkaissisCaught ForceObjectDelete called by workers>base @gkaissisCaught ForceObjectDelete called by workers>base @gkaissisCaught ForceObjectDelete called by workers>base @gkaissisCaught ForceObjectDelete called by workers>base @gkaissisCaught ForceObjectDelete called by workers>base @gkaissisCaught ForceObjectDelete called by workers>base @gkaissisCaught ForceObjectDelete called by workers>base @gkaissisCaught ForceObjectDelete called by workers>base @gkaissisCaught ForceObjectDelete called by workers>base @gkaissisCaught ForceObjectDelete called by workers>base @gkaissisCaught ForceObjectDelete called by workers>base @gkaissisCaught ForceObjectDelete called by workers>base @gkaissisCaught ForceObjectDelete called by workers>base @gkaissisCaught ForceObjectDelete called by workers>base @gkaissisCaught ForceObjectDelete called by workers>base @gkaissisCaught ForceObjectDelete called by workers>base @gkaissisCaught ForceObjectDelete called by workers>base @gkaissisCaught ForceObjectDelete called by workers>base @gkaissisCaught ForceObjectDelete called by workers>base @gkaissisCaught ForceObjectDelete called by workers>base @gkaissisCaught ForceObjectDelete called by workers>base @gkaissisCaught ForceObjectDelete called by workers>base @gkaissisCaught ForceObjectDelete called by workers>base @gkaissisCaught ForceObjectDelete called by workers>base @gkaissisCaught ForceObjectDelete called by workers>base @gkaissisCaught ForceObjectDelete called by workers>base @gkaissisCaught ForceObjectDelete called by workers>base @gkaissisCaught ForceObjectDelete called by workers>base @gkaissisCaught ForceObjectDelete called by workers>base @gkaissisCaught ForceObjectDelete called by workers>base @gkaissisCaught ForceObjectDelete called by workers>base @gkaissisCaught ForceObjectDelete called by workers>base @gkaissisCaught ForceObjectDelete called by workers>base @gkaissisCaught ForceObjectDelete called by workers>base @gkaissisCaught ForceObjectDelete called by workers>base @gkaissisCaught ForceObjectDelete called by workers>base @gkaissisCaught ForceObjectDelete called by workers>base @gkaissisCaught ForceObjectDelete called by workers>base @gkaissisCaught ForceObjectDelete called by workers>base @gkaissisCaught ForceObjectDelete called by workers>base @gkaissisCaught ForceObjectDelete called by workers>base @gkaissisCaught ForceObjectDelete called by workers>base @gkaissisCaught ForceObjectDelete called by workers>base @gkaissisCaught ForceObjectDelete called by workers>base @gkaissisCaught ForceObjectDelete called by workers>base @gkaissisCaught ForceObjectDelete called by workers>base @gkaissisCaught ForceObjectDelete called by workers>base @gkaissisCaught ForceObjectDelete called by workers>base @gkaissisCaught ForceObjectDelete called by workers>base @gkaissisCaught ForceObjectDelete called by workers>base @gkaissisCaught ForceObjectDelete called by workers>base @gkaissisCaught ForceObjectDelete called by workers>base @gkaissisCaught ForceObjectDelete called by workers>base @gkaissisCaught ForceObjectDelete called by workers>base @gkaissisCaught ForceObjectDelete called by workers>base @gkaissisCaught ForceObjectDelete called by workers>base @gkaissisCaught ForceObjectDelete called by workers>base @gkaissisCaught ForceObjectDelete called by workers>base @gkaissisCaught ForceObjectDelete called by workers>base @gkaissisCaught ForceObjectDelete called by workers>base @gkaissisCaught ForceObjectDelete called by workers>base @gkaissisCaught ForceObjectDelete called by workers>base @gkaissisCaught ForceObjectDelete called by workers>base @gkaissisCaught ForceObjectDelete called by workers>base @gkaissisCaught ForceObjectDelete called by workers>base @gkaissisCaught ForceObjectDelete called by workers>base @gkaissisCaught ForceObjectDelete called by workers>base @gkaissisCaught ForceObjectDelete called by workers>base @gkaissisCaught ForceObjectDelete called by workers>base @gkaissisCaught ForceObjectDelete called by workers>base @gkaissisCaught ForceObjectDelete called by workers>base @gkaissisCaught ForceObjectDelete called by workers>base @gkaissisCaught ForceObjectDelete called by workers>base @gkaissisCaught ForceObjectDelete called by workers>base @gkaissisCaught ForceObjectDelete called by workers>base @gkaissisCaught ForceObjectDelete called by workers>base @gkaissisCaught ForceObjectDelete called by workers>base @gkaissisCaught ForceObjectDelete called by workers>base @gkaissisCaught ForceObjectDelete called by workers>base @gkaissisCaught ForceObjectDelete called by workers>base @gkaissisCaught ForceObjectDelete called by workers>base @gkaissisCaught ForceObjectDelete called by workers>base @gkaissisCaught ForceObjectDelete called by workers>base @gkaissisCaught ForceObjectDelete called by workers>base @gkaissisCaught ForceObjectDelete called by workers>base @gkaissisCaught ForceObjectDelete called by workers>base @gkaissisCaught ForceObjectDelete called by workers>base @gkaissisCaught ForceObjectDelete called by workers>base @gkaissisCaught ForceObjectDelete called by workers>base @gkaissisCaught ForceObjectDelete called by workers>base @gkaissisCaught ForceObjectDelete called by workers>base @gkaissisCaught ForceObjectDelete called by workers>base @gkaissisCaught ForceObjectDelete called by workers>base @gkaissisCaught ForceObjectDelete called by workers>base @gkaissisCaught ForceObjectDelete called by workers>base @gkaissisCaught ForceObjectDelete called by workers>base @gkaissisCaught ForceObjectDelete called by workers>base @gkaissisCaught ForceObjectDelete called by workers>base @gkaissisCaught ForceObjectDelete called by workers>base @gkaissisCaught ForceObjectDelete called by workers>base @gkaissisCaught ForceObjectDelete called by workers>base @gkaissisCaught ForceObjectDelete called by workers>base @gkaissisCaught ForceObjectDelete called by workers>base @gkaissisCaught ForceObjectDelete called by workers>base @gkaissisCaught ForceObjectDelete called by workers>base @gkaissisCaught ForceObjectDelete called by workers>base @gkaissisCaught ForceObjectDelete called by workers>base @gkaissisCaught ForceObjectDelete called by workers>base @gkaissisCaught ForceObjectDelete called by workers>base @gkaissisCaught ForceObjectDelete called by workers>base @gkaissisCaught ForceObjectDelete called by workers>base @gkaissisCaught ForceObjectDelete called by workers>base @gkaissisCaught ForceObjectDelete called by workers>base @gkaissisCaught ForceObjectDelete called by workers>base @gkaissisCaught ForceObjectDelete called by workers>base @gkaissisCaught ForceObjectDelete called by workers>base @gkaissisCaught ForceObjectDelete called by workers>base @gkaissisCaught ForceObjectDelete called by workers>base @gkaissisCaught ForceObjectDelete called by workers>base @gkaissisCaught ForceObjectDelete called by workers>base @gkaissisCaught ForceObjectDelete called by workers>base @gkaissisCaught ForceObjectDelete called by workers>base @gkaissisCaught ForceObjectDelete called by workers>base @gkaissisCaught ForceObjectDelete called by workers>base @gkaissisCaught ForceObjectDelete called by workers>base @gkaissisCaught ForceObjectDelete called by workers>base @gkaissisCaught ForceObjectDelete called by workers>base @gkaissisCaught ForceObjectDelete called by workers>base @gkaissisCaught ForceObjectDelete called by workers>base @gkaissisCaught ForceObjectDelete called by workers>base @gkaissisCaught ForceObjectDelete called by workers>base @gkaissisCaught ForceObjectDelete called by workers>base @gkaissisCaught ForceObjectDelete called by workers>base @gkaissisCaught ForceObjectDelete called by workers>base @gkaissisCaught ForceObjectDelete called by workers>base @gkaissisCaught ForceObjectDelete called by workers>base @gkaissisCaught ForceObjectDelete called by workers>base @gkaissisCaught ForceObjectDelete called by workers>base @gkaissisCaught ForceObjectDelete called by workers>base @gkaissisCaught ForceObjectDelete called by workers>base @gkaissisCaught ForceObjectDelete called by workers>base @gkaissisCaught ForceObjectDelete called by workers>base @gkaissisCaught ForceObjectDelete called by workers>base @gkaissisCaught ForceObjectDelete called by workers>base @gkaissisCaught ForceObjectDelete called by workers>base @gkaissisCaught ForceObjectDelete called by workers>base @gkaissisCaught ForceObjectDelete called by workers>base @gkaissisCaught ForceObjectDelete called by workers>base @gkaissisCaught ForceObjectDelete called by workers>base @gkaissisCaught ForceObjectDelete called by workers>base @gkaissisCaught ForceObjectDelete called by workers>base @gkaissisCaught ForceObjectDelete called by workers>base @gkaissisCaught ForceObjectDelete called by workers>base @gkaissisCaught ForceObjectDelete called by workers>base @gkaissisCaught ForceObjectDelete called by workers>base @gkaissisCaught ForceObjectDelete called by workers>base @gkaissisCaught ForceObjectDelete called by workers>base @gkaissisCaught ForceObjectDelete called by workers>base @gkaissisCaught ForceObjectDelete called by workers>base @gkaissisCaught ForceObjectDelete called by workers>base @gkaissisCaught ForceObjectDelete called by workers>base @gkaissisCaught ForceObjectDelete called by workers>base @gkaissisCaught ForceObjectDelete called by workers>base @gkaissisCaught ForceObjectDelete called by workers>base @gkaissisCaught ForceObjectDelete called by workers>base @gkaissisCaught ForceObjectDelete called by workers>base @gkaissisCaught ForceObjectDelete called by workers>base @gkaissisCaught ForceObjectDelete called by workers>base @gkaissisCaught ForceObjectDelete called by workers>base @gkaissisCaught ForceObjectDelete called by workers>base @gkaissisCaught ForceObjectDelete called by workers>base @gkaissisCaught ForceObjectDelete called by workers>base @gkaissisCaught ForceObjectDelete called by workers>base @gkaissisCaught ForceObjectDelete called by workers>base @gkaissisCaught ForceObjectDelete called by workers>base @gkaissisCaught ForceObjectDelete called by workers>base @gkaissisCaught ForceObjectDelete called by workers>base @gkaissisCaught ForceObjectDelete called by workers>base @gkaissisCaught ForceObjectDelete called by workers>base @gkaissisCaught ForceObjectDelete called by workers>base @gkaissisCaught ForceObjectDelete called by workers>base @gkaissisCaught ForceObjectDelete called by workers>base @gkaissisCaught ForceObjectDelete called by workers>base @gkaissisCaught ForceObjectDelete called by workers>base @gkaissisCaught ForceObjectDelete called by workers>base @gkaissisCaught ForceObjectDelete called by workers>base @gkaissisCaught ForceObjectDelete called by workers>base @gkaissisCaught ForceObjectDelete called by workers>base @gkaissisCaught ForceObjectDelete called by workers>base @gkaissisCaught ForceObjectDelete called by workers>base @gkaissisCaught ForceObjectDelete called by workers>base @gkaissisCaught ForceObjectDelete called by workers>base @gkaissisCaught ForceObjectDelete called by workers>base @gkaissisCaught ForceObjectDelete called by workers>base @gkaissisCaught ForceObjectDelete called by workers>base @gkaissisCaught ForceObjectDelete called by workers>base @gkaissisCaught ForceObjectDelete called by workers>base @gkaissisCaught ForceObjectDelete called by workers>base @gkaissisCaught ForceObjectDelete called by workers>base @gkaissisCaught ForceObjectDelete called by workers>base @gkaissisCaught ForceObjectDelete called by workers>base @gkaissisCaught ForceObjectDelete called by workers>base @gkaissisCaught ForceObjectDelete called by workers>base @gkaissisCaught ForceObjectDelete called by workers>base @gkaissisCaught ForceObjectDelete called by workers>base @gkaissisCaught ForceObjectDelete called by workers>base @gkaissisCaught ForceObjectDelete called by workers>base @gkaissisCaught ForceObjectDelete called by workers>base @gkaissisCaught ForceObjectDelete called by workers>base @gkaissisCaught ForceObjectDelete called by workers>base @gkaissisCaught ForceObjectDelete called by workers>base @gkaissisCaught ForceObjectDelete called by workers>base @gkaissisCaught ForceObjectDelete called by workers>base @gkaissisCaught ForceObjectDelete called by workers>base @gkaissisCaught ForceObjectDelete called by workers>base @gkaissisCaught ForceObjectDelete called by workers>base @gkaissisCaught ForceObjectDelete called by workers>base @gkaissisCaught ForceObjectDelete called by workers>base @gkaissisCaught ForceObjectDelete called by workers>base @gkaissisCaught ForceObjectDelete called by workers>base @gkaissisCaught ForceObjectDelete called by workers>base @gkaissisCaught ForceObjectDelete called by workers>base @gkaissisCaught ForceObjectDelete called by workers>base @gkaissisCaught ForceObjectDelete called by workers>base @gkaissisCaught ForceObjectDelete called by workers>base @gkaissisCaught ForceObjectDelete called by workers>base @gkaissisCaught ForceObjectDelete called by workers>base @gkaissisCaught ForceObjectDelete called by workers>base @gkaissisCaught ForceObjectDelete called by workers>base @gkaissisCaught ForceObjectDelete called by workers>base @gkaissisCaught ForceObjectDelete called by workers>base @gkaissisCaught ForceObjectDelete called by workers>base @gkaissisCaught ForceObjectDelete called by workers>base @gkaissisCaught ForceObjectDelete called by workers>base @gkaissisCaught ForceObjectDelete called by workers>base @gkaissisCaught ForceObjectDelete called by workers>base @gkaissisCaught ForceObjectDelete called by workers>base @gkaissisCaught ForceObjectDelete called by workers>base @gkaissisCaught ForceObjectDelete called by workers>base @gkaissisCaught ForceObjectDelete called by workers>base @gkaissisCaught ForceObjectDelete called by workers>base @gkaissisCaught ForceObjectDelete called by workers>base @gkaissisCaught ForceObjectDelete called by workers>base @gkaissisCaught ForceObjectDelete called by workers>base @gkaissisCaught ForceObjectDelete called by workers>base @gkaissisCaught ForceObjectDelete called by workers>base @gkaissisCaught ForceObjectDelete called by workers>base @gkaissisCaught ForceObjectDelete called by workers>base @gkaissisCaught ForceObjectDelete called by workers>base @gkaissisCaught ForceObjectDelete called by workers>base @gkaissisCaught ForceObjectDelete called by workers>base @gkaissisCaught ForceObjectDelete called by workers>base @gkaissisCaught ForceObjectDelete called by workers>base @gkaissisCaught ForceObjectDelete called by workers>base @gkaissisCaught ForceObjectDelete called by workers>base @gkaissisCaught ForceObjectDelete called by workers>base @gkaissisCaught ForceObjectDelete called by workers>base @gkaissisCaught ForceObjectDelete called by workers>base @gkaissisCaught ForceObjectDelete called by workers>base @gkaissisCaught ForceObjectDelete called by workers>base @gkaissisCaught ForceObjectDelete called by workers>base @gkaissisCaught ForceObjectDelete called by workers>base @gkaissisCaught ForceObjectDelete called by workers>base @gkaissisCaught ForceObjectDelete called by workers>base @gkaissisCaught ForceObjectDelete called by workers>base @gkaissisCaught ForceObjectDelete called by workers>base @gkaissisCaught ForceObjectDelete called by workers>base @gkaissisCaught ForceObjectDelete called by workers>base @gkaissisCaught ForceObjectDelete called by workers>base @gkaissisCaught ForceObjectDelete called by workers>base @gkaissisCaught ForceObjectDelete called by workers>base @gkaissisCaught ForceObjectDelete called by workers>base @gkaissisCaught ForceObjectDelete called by workers>base @gkaissisCaught ForceObjectDelete called by workers>base @gkaissisCaught ForceObjectDelete called by workers>base @gkaissisCaught ForceObjectDelete called by workers>base @gkaissisCaught ForceObjectDelete called by workers>base @gkaissisCaught ForceObjectDelete called by workers>base @gkaissisCaught ForceObjectDelete called by workers>base @gkaissisCaught ForceObjectDelete called by workers>base @gkaissisCaught ForceObjectDelete called by workers>base @gkaissisCaught ForceObjectDelete called by workers>base @gkaissisCaught ForceObjectDelete called by workers>base @gkaissisCaught ForceObjectDelete called by workers>base @gkaissisCaught ForceObjectDelete called by workers>base @gkaissisCaught ForceObjectDelete called by workers>base @gkaissisCaught ForceObjectDelete called by workers>base @gkaissisCaught ForceObjectDelete called by workers>base @gkaissisCaught ForceObjectDelete called by workers>base @gkaissisCaught ForceObjectDelete called by workers>base @gkaissisCaught ForceObjectDelete called by workers>base @gkaissisCaught ForceObjectDelete called by workers>base @gkaissisCaught ForceObjectDelete called by workers>base @gkaissisCaught ForceObjectDelete called by workers>base @gkaissisCaught ForceObjectDelete called by workers>base @gkaissisCaught ForceObjectDelete called by workers>base @gkaissisCaught ForceObjectDelete called by workers>base @gkaissisCaught ForceObjectDelete called by workers>base @gkaissisCaught ForceObjectDelete called by workers>base @gkaissisCaught ForceObjectDelete called by workers>base @gkaissisCaught ForceObjectDelete called by workers>base @gkaissisCaught ForceObjectDelete called by workers>base @gkaissisCaught ForceObjectDelete called by workers>base @gkaissisCaught ForceObjectDelete called by workers>base @gkaissisCaught ForceObjectDelete called by workers>base @gkaissisCaught ForceObjectDelete called by workers>base @gkaissisCaught ForceObjectDelete called by workers>base @gkaissisCaught ForceObjectDelete called by workers>base @gkaissisCaught ForceObjectDelete called by workers>base @gkaissisCaught ForceObjectDelete called by workers>base @gkaissisCaught ForceObjectDelete called by workers>base @gkaissisCaught ForceObjectDelete called by workers>base @gkaissisCaught ForceObjectDelete called by workers>base @gkaissisCaught ForceObjectDelete called by workers>base @gkaissisCaught ForceObjectDelete called by workers>base @gkaissisCaught ForceObjectDelete called by workers>base @gkaissisCaught ForceObjectDelete called by workers>base @gkaissisCaught ForceObjectDelete called by workers>base @gkaissisCaught ForceObjectDelete called by workers>base @gkaissisCaught ForceObjectDelete called by workers>base @gkaissisCaught ForceObjectDelete called by workers>base @gkaissisCaught ForceObjectDelete called by workers>base @gkaissisCaught ForceObjectDelete called by workers>base @gkaissisCaught ForceObjectDelete called by workers>base @gkaissisCaught ForceObjectDelete called by workers>base @gkaissisCaught ForceObjectDelete called by workers>base @gkaissisCaught ForceObjectDelete called by workers>base @gkaissisCaught ForceObjectDelete called by workers>base @gkaissisCaught ForceObjectDelete called by workers>base @gkaissisCaught ForceObjectDelete called by workers>base @gkaissisCaught ForceObjectDelete called by workers>base @gkaissisCaught ForceObjectDelete called by workers>base @gkaissisCaught ForceObjectDelete called by workers>base @gkaissisCaught ForceObjectDelete called by workers>base @gkaissisCaught ForceObjectDelete called by workers>base @gkaissisCaught ForceObjectDelete called by workers>base @gkaissisCaught ForceObjectDelete called by workers>base @gkaissisCaught ForceObjectDelete called by workers>base @gkaissisCaught ForceObjectDelete called by workers>base @gkaissisCaught ForceObjectDelete called by workers>base @gkaissisCaught ForceObjectDelete called by workers>base @gkaissisCaught ForceObjectDelete called by workers>base @gkaissisCaught ForceObjectDelete called by workers>base @gkaissisCaught ForceObjectDelete called by workers>base @gkaissisCaught ForceObjectDelete called by workers>base @gkaissisCaught ForceObjectDelete called by workers>base @gkaissisCaught ForceObjectDelete called by workers>base @gkaissisCaught ForceObjectDelete called by workers>base @gkaissisCaught ForceObjectDelete called by workers>base @gkaissisCaught ForceObjectDelete called by workers>base @gkaissisCaught ForceObjectDelete called by workers>base @gkaissisCaught ForceObjectDelete called by workers>base @gkaissisCaught ForceObjectDelete called by workers>base @gkaissisCaught ForceObjectDelete called by workers>base @gkaissisCaught ForceObjectDelete called by workers>base @gkaissisCaught ForceObjectDelete called by workers>base @gkaissisCaught ForceObjectDelete called by workers>base @gkaissisCaught ForceObjectDelete called by workers>base @gkaissisCaught ForceObjectDelete called by workers>base @gkaissisCaught ForceObjectDelete called by workers>base @gkaissisCaught ForceObjectDelete called by workers>base @gkaissisCaught ForceObjectDelete called by workers>base @gkaissisCaught ForceObjectDelete called by workers>base @gkaissisCaught ForceObjectDelete called by workers>base @gkaissisCaught ForceObjectDelete called by workers>base @gkaissisCaught ForceObjectDelete called by workers>base @gkaissisCaught ForceObjectDelete called by workers>base @gkaissisCaught ForceObjectDelete called by workers>base @gkaissisCaught ForceObjectDelete called by workers>base @gkaissisCaught ForceObjectDelete called by workers>base @gkaissisCaught ForceObjectDelete called by workers>base @gkaissisCaught ForceObjectDelete called by workers>base @gkaissisCaught ForceObjectDelete called by workers>base @gkaissisCaught ForceObjectDelete called by workers>base @gkaissisCaught ForceObjectDelete called by workers>base @gkaissisCaught ForceObjectDelete called by workers>base @gkaissisCaught ForceObjectDelete called by workers>base @gkaissisCaught ForceObjectDelete called by workers>base @gkaissisCaught ForceObjectDelete called by workers>base @gkaissisCaught ForceObjectDelete called by workers>base @gkaissisCaught ForceObjectDelete called by workers>base @gkaissisCaught ForceObjectDelete called by workers>base @gkaissisCaught ForceObjectDelete called by workers>base @gkaissisCaught ForceObjectDelete called by workers>base @gkaissisCaught ForceObjectDelete called by workers>base @gkaissisCaught ForceObjectDelete called by workers>base @gkaissisCaught ForceObjectDelete called by workers>base @gkaissisCaught ForceObjectDelete called by workers>base @gkaissisCaught ForceObjectDelete called by workers>base @gkaissisCaught ForceObjectDelete called by workers>base @gkaissisCaught ForceObjectDelete called by workers>base @gkaissisCaught ForceObjectDelete called by workers>base @gkaissisCaught ForceObjectDelete called by workers>base @gkaissisCaught ForceObjectDelete called by workers>base @gkaissisCaught ForceObjectDelete called by workers>base @gkaissisCaught ForceObjectDelete called by workers>base @gkaissisCaught ForceObjectDelete called by workers>base @gkaissisCaught ForceObjectDelete called by workers>base @gkaissisCaught ForceObjectDelete called by workers>base @gkaissisCaught ForceObjectDelete called by workers>base @gkaissisCaught ForceObjectDelete called by workers>base @gkaissisCaught ForceObjectDelete called by workers>base @gkaissisCaught ForceObjectDelete called by workers>base @gkaissisCaught ForceObjectDelete called by workers>base @gkaissisCaught ForceObjectDelete called by workers>base @gkaissisCaught ForceObjectDelete called by workers>base @gkaissisCaught ForceObjectDelete called by workers>base @gkaissisCaught ForceObjectDelete called by workers>base @gkaissisCaught ForceObjectDelete called by workers>base @gkaissisCaught ForceObjectDelete called by workers>base @gkaissisCaught ForceObjectDelete called by workers>base @gkaissisCaught ForceObjectDelete called by workers>base @gkaissisCaught ForceObjectDelete called by workers>base @gkaissisCaught ForceObjectDelete called by workers>base @gkaissisCaught ForceObjectDelete called by workers>base @gkaissisCaught ForceObjectDelete called by workers>base @gkaissisCaught ForceObjectDelete called by workers>base @gkaissisCaught ForceObjectDelete called by workers>base @gkaissisCaught ForceObjectDelete called by workers>base @gkaissisCaught ForceObjectDelete called by workers>base @gkaissisCaught ForceObjectDelete called by workers>base @gkaissisCaught ForceObjectDelete called by workers>base @gkaissisCaught ForceObjectDelete called by workers>base @gkaissisCaught ForceObjectDelete called by workers>base @gkaissisCaught ForceObjectDelete called by workers>base @gkaissisCaught ForceObjectDelete called by workers>base @gkaissisCaught ForceObjectDelete called by workers>base @gkaissisCaught ForceObjectDelete called by workers>base @gkaissisCaught ForceObjectDelete called by workers>base @gkaissisCaught ForceObjectDelete called by workers>base @gkaissisCaught ForceObjectDelete called by workers>base @gkaissisCaught ForceObjectDelete called by workers>base @gkaissisCaught ForceObjectDelete called by workers>base @gkaissisCaught ForceObjectDelete called by workers>base @gkaissisCaught ForceObjectDelete called by workers>base @gkaissisCaught ForceObjectDelete called by workers>base @gkaissisCaught ForceObjectDelete called by workers>base @gkaissisCaught ForceObjectDelete called by workers>base @gkaissisCaught ForceObjectDelete called by workers>base @gkaissisCaught ForceObjectDelete called by workers>base @gkaissisCaught ForceObjectDelete called by workers>base @gkaissisCaught ForceObjectDelete called by workers>base @gkaissisCaught ForceObjectDelete called by workers>base @gkaissisCaught ForceObjectDelete called by workers>base @gkaissisCaught ForceObjectDelete called by workers>base @gkaissisCaught ForceObjectDelete called by workers>base @gkaissisCaught ForceObjectDelete called by workers>base @gkaissisCaught ForceObjectDelete called by workers>base @gkaissisCaught ForceObjectDelete called by workers>base @gkaissisCaught ForceObjectDelete called by workers>base @gkaissisCaught ForceObjectDelete called by workers>base @gkaissisCaught ForceObjectDelete called by workers>base @gkaissisCaught ForceObjectDelete called by workers>base @gkaissisCaught ForceObjectDelete called by workers>base @gkaissisCaught ForceObjectDelete called by workers>base @gkaissisCaught ForceObjectDelete called by workers>base @gkaissisCaught ForceObjectDelete called by workers>base @gkaissisCaught ForceObjectDelete called by workers>base @gkaissisCaught ForceObjectDelete called by workers>base @gkaissisCaught ForceObjectDelete called by workers>base @gkaissisCaught ForceObjectDelete called by workers>base @gkaissisCaught ForceObjectDelete called by workers>base @gkaissisCaught ForceObjectDelete called by workers>base @gkaissisCaught ForceObjectDelete called by workers>base @gkaissisCaught ForceObjectDelete called by workers>base @gkaissisCaught ForceObjectDelete called by workers>base @gkaissisCaught ForceObjectDelete called by workers>base @gkaissisCaught ForceObjectDelete called by workers>base @gkaissisCaught ForceObjectDelete called by workers>base @gkaissisCaught ForceObjectDelete called by workers>base @gkaissisCaught ForceObjectDelete called by workers>base @gkaissisCaught ForceObjectDelete called by workers>base @gkaissisCaught ForceObjectDelete called by workers>base @gkaissisCaught ForceObjectDelete called by workers>base @gkaissisCaught ForceObjectDelete called by workers>base @gkaissisCaught ForceObjectDelete called by workers>base @gkaissisCaught ForceObjectDelete called by workers>base @gkaissisCaught ForceObjectDelete called by workers>base @gkaissisCaught ForceObjectDelete called by workers>base @gkaissisCaught ForceObjectDelete called by workers>base @gkaissisCaught ForceObjectDelete called by workers>base @gkaissisCaught ForceObjectDelete called by workers>base @gkaissisCaught ForceObjectDelete called by workers>base @gkaissisCaught ForceObjectDelete called by workers>base @gkaissisCaught ForceObjectDelete called by workers>base @gkaissisCaught ForceObjectDelete called by workers>base @gkaissisCaught ForceObjectDelete called by workers>base @gkaissisCaught ForceObjectDelete called by workers>base @gkaissisCaught ForceObjectDelete called by workers>base @gkaissisCaught ForceObjectDelete called by workers>base @gkaissisCaught ForceObjectDelete called by workers>base @gkaissisCaught ForceObjectDelete called by workers>base @gkaissisCaught ForceObjectDelete called by workers>base @gkaissisCaught ForceObjectDelete called by workers>base @gkaissisCaught ForceObjectDelete called by workers>base @gkaissisCaught ForceObjectDelete called by workers>base @gkaissisCaught ForceObjectDelete called by workers>base @gkaissisCaught ForceObjectDelete called by workers>base @gkaissisCaught ForceObjectDelete called by workers>base @gkaissisCaught ForceObjectDelete called by workers>base @gkaissisCaught ForceObjectDelete called by workers>base @gkaissisCaught ForceObjectDelete called by workers>base @gkaissisCaught ForceObjectDelete called by workers>base @gkaissisCaught ForceObjectDelete called by workers>base @gkaissisCaught ForceObjectDelete called by workers>base @gkaissisCaught ForceObjectDelete called by workers>base @gkaissisCaught ForceObjectDelete called by workers>base @gkaissisCaught ForceObjectDelete called by workers>base @gkaissisCaught ForceObjectDelete called by workers>base @gkaissisCaught ForceObjectDelete called by workers>base @gkaissisCaught ForceObjectDelete called by workers>base @gkaissisCaught ForceObjectDelete called by workers>base @gkaissisCaught ForceObjectDelete called by workers>base @gkaissisCaught ForceObjectDelete called by workers>base @gkaissisCaught ForceObjectDelete called by workers>base @gkaissisCaught ForceObjectDelete called by workers>base @gkaissisCaught ForceObjectDelete called by workers>base @gkaissisCaught ForceObjectDelete called by workers>base @gkaissisCaught ForceObjectDelete called by workers>base @gkaissisCaught ForceObjectDelete called by workers>base @gkaissisCaught ForceObjectDelete called by workers>base @gkaissisCaught ForceObjectDelete called by workers>base @gkaissisCaught ForceObjectDelete called by workers>base @gkaissisCaught ForceObjectDelete called by workers>base @gkaissisCaught ForceObjectDelete called by workers>base @gkaissisCaught ForceObjectDelete called by workers>base @gkaissisCaught ForceObjectDelete called by workers>base @gkaissisCaught ForceObjectDelete called by workers>base @gkaissisCaught ForceObjectDelete called by workers>base @gkaissisCaught ForceObjectDelete called by workers>base @gkaissisCaught ForceObjectDelete called by workers>base @gkaissisCaught ForceObjectDelete called by workers>base @gkaissisCaught ForceObjectDelete called by workers>base @gkaissisCaught ForceObjectDelete called by workers>base @gkaissisCaught ForceObjectDelete called by workers>base @gkaissisCaught ForceObjectDelete called by workers>base @gkaissisCaught ForceObjectDelete called by workers>base @gkaissisCaught ForceObjectDelete called by workers>base @gkaissisCaught ForceObjectDelete called by workers>base @gkaissisCaught ForceObjectDelete called by workers>base @gkaissisCaught ForceObjectDelete called by workers>base @gkaissisCaught ForceObjectDelete called by workers>base @gkaissisCaught ForceObjectDelete called by workers>base @gkaissisCaught ForceObjectDelete called by workers>base @gkaissisCaught ForceObjectDelete called by workers>base @gkaissisCaught ForceObjectDelete called by workers>base @gkaissisCaught ForceObjectDelete called by workers>base @gkaissisCaught ForceObjectDelete called by workers>base @gkaissisCaught ForceObjectDelete called by workers>base @gkaissisCaught ForceObjectDelete called by workers>base @gkaissisCaught ForceObjectDelete called by workers>base @gkaissisCaught ForceObjectDelete called by workers>base @gkaissisCaught ForceObjectDelete called by workers>base @gkaissisCaught ForceObjectDelete called by workers>base @gkaissisCaught ForceObjectDelete called by workers>base @gkaissisCaught ForceObjectDelete called by workers>base @gkaissisCaught ForceObjectDelete called by workers>base @gkaissisCaught ForceObjectDelete called by workers>base @gkaissisCaught ForceObjectDelete called by workers>base @gkaissisCaught ForceObjectDelete called by workers>base @gkaissisCaught ForceObjectDelete called by workers>base @gkaissisCaught ForceObjectDelete called by workers>base @gkaissisCaught ForceObjectDelete called by workers>base @gkaissisCaught ForceObjectDelete called by workers>base @gkaissisCaught ForceObjectDelete called by workers>base @gkaissisCaught ForceObjectDelete called by workers>base @gkaissisCaught ForceObjectDelete called by workers>base @gkaissisCaught ForceObjectDelete called by workers>base @gkaissisCaught ForceObjectDelete called by workers>base @gkaissisCaught ForceObjectDelete called by workers>base @gkaissisCaught ForceObjectDelete called by workers>base @gkaissisCaught ForceObjectDelete called by workers>base @gkaissisCaught ForceObjectDelete called by workers>base @gkaissisCaught ForceObjectDelete called by workers>base @gkaissisCaught ForceObjectDelete called by workers>base @gkaissisCaught ForceObjectDelete called by workers>base @gkaissisCaught ForceObjectDelete called by workers>base @gkaissisCaught ForceObjectDelete called by workers>base @gkaissisCaught ForceObjectDelete called by workers>base @gkaissisCaught ForceObjectDelete called by workers>base @gkaissisCaught ForceObjectDelete called by workers>base @gkaissisCaught ForceObjectDelete called by workers>base @gkaissisCaught ForceObjectDelete called by workers>base @gkaissisCaught ForceObjectDelete called by workers>base @gkaissisCaught ForceObjectDelete called by workers>base @gkaissisCaught ForceObjectDelete called by workers>base @gkaissisCaught ForceObjectDelete called by workers>base @gkaissisCaught ForceObjectDelete called by workers>base @gkaissisCaught ForceObjectDelete called by workers>base @gkaissisCaught ForceObjectDelete called by workers>base @gkaissisCaught ForceObjectDelete called by workers>base @gkaissisCaught ForceObjectDelete called by workers>base @gkaissisCaught ForceObjectDelete called by workers>base @gkaissisCaught ForceObjectDelete called by workers>base @gkaissisCaught ForceObjectDelete called by workers>base @gkaissisCaught ForceObjectDelete called by workers>base @gkaissisCaught ForceObjectDelete called by workers>base @gkaissisCaught ForceObjectDelete called by workers>base @gkaissisCaught ForceObjectDelete called by workers>base @gkaissisCaught ForceObjectDelete called by workers>base @gkaissisCaught ForceObjectDelete called by workers>base @gkaissisCaught ForceObjectDelete called by workers>base @gkaissisCaught ForceObjectDelete called by workers>base @gkaissisCaught ForceObjectDelete called by workers>base @gkaissisCaught ForceObjectDelete called by workers>base @gkaissisCaught ForceObjectDelete called by workers>base @gkaissisCaught ForceObjectDelete called by workers>base @gkaissisCaught ForceObjectDelete called by workers>base @gkaissisCaught ForceObjectDelete called by workers>base @gkaissisCaught ForceObjectDelete called by workers>base @gkaissisCaught ForceObjectDelete called by workers>base @gkaissisCaught ForceObjectDelete called by workers>base @gkaissisCaught ForceObjectDelete called by workers>base @gkaissisCaught ForceObjectDelete called by workers>base @gkaissisCaught ForceObjectDelete called by workers>base @gkaissisCaught ForceObjectDelete called by workers>base @gkaissisCaught ForceObjectDelete called by workers>base @gkaissisCaught ForceObjectDelete called by workers>base @gkaissisCaught ForceObjectDelete called by workers>base @gkaissisCaught ForceObjectDelete called by workers>base @gkaissisCaught ForceObjectDelete called by workers>base @gkaissisCaught ForceObjectDelete called by workers>base @gkaissisCaught ForceObjectDelete called by workers>base @gkaissisCaught ForceObjectDelete called by workers>base @gkaissisCaught ForceObjectDelete called by workers>base @gkaissisCaught ForceObjectDelete called by workers>base @gkaissisCaught ForceObjectDelete called by workers>base @gkaissisCaught ForceObjectDelete called by workers>base @gkaissisCaught ForceObjectDelete called by workers>base @gkaissisCaught ForceObjectDelete called by workers>base @gkaissisCaught ForceObjectDelete called by workers>base @gkaissisCaught ForceObjectDelete called by workers>base @gkaissisCaught ForceObjectDelete called by workers>base @gkaissisCaught ForceObjectDelete called by workers>base @gkaissisCaught ForceObjectDelete called by workers>base @gkaissisCaught ForceObjectDelete called by workers>base @gkaissisCaught ForceObjectDelete called by workers>base @gkaissisCaught ForceObjectDelete called by workers>base @gkaissisCaught ForceObjectDelete called by workers>base @gkaissisCaught ForceObjectDelete called by workers>base @gkaissisCaught ForceObjectDelete called by workers>base @gkaissisCaught ForceObjectDelete called by workers>base @gkaissisCaught ForceObjectDelete called by workers>base @gkaissisCaught ForceObjectDelete called by workers>base @gkaissisCaught ForceObjectDelete called by workers>base @gkaissisCaught ForceObjectDelete called by workers>base @gkaissisCaught ForceObjectDelete called by workers>base @gkaissisCaught ForceObjectDelete called by workers>base @gkaissisCaught ForceObjectDelete called by workers>base @gkaissisCaught ForceObjectDelete called by workers>base @gkaissisCaught ForceObjectDelete called by workers>base @gkaissisCaught ForceObjectDelete called by workers>base @gkaissisCaught ForceObjectDelete called by workers>base @gkaissisCaught ForceObjectDelete called by workers>base @gkaissisCaught ForceObjectDelete called by workers>base @gkaissisCaught ForceObjectDelete called by workers>base @gkaissisCaught ForceObjectDelete called by workers>base @gkaissisCaught ForceObjectDelete called by workers>base @gkaissisCaught ForceObjectDelete called by workers>base @gkaissisCaught ForceObjectDelete called by workers>base @gkaissisCaught ForceObjectDelete called by workers>base @gkaissisCaught ForceObjectDelete called by workers>base @gkaissisCaught ForceObjectDelete called by workers>base @gkaissisCaught ForceObjectDelete called by workers>base @gkaissisCaught ForceObjectDelete called by workers>base @gkaissisCaught ForceObjectDelete called by workers>base @gkaissisCaught ForceObjectDelete called by workers>base @gkaissisCaught ForceObjectDelete called by workers>base @gkaissisCaught ForceObjectDelete called by workers>base @gkaissisCaught ForceObjectDelete called by workers>base @gkaissisCaught ForceObjectDelete called by workers>base @gkaissisCaught ForceObjectDelete called by workers>base @gkaissisCaught ForceObjectDelete called by workers>base @gkaissisCaught ForceObjectDelete called by workers>base @gkaissisCaught ForceObjectDelete called by workers>base @gkaissisCaught ForceObjectDelete called by workers>base @gkaissisCaught ForceObjectDelete called by workers>base @gkaissisCaught ForceObjectDelete called by workers>base @gkaissisCaught ForceObjectDelete called by workers>base @gkaissisCaught ForceObjectDelete called by workers>base @gkaissisCaught ForceObjectDelete called by workers>base @gkaissisCaught ForceObjectDelete called by workers>base @gkaissisCaught ForceObjectDelete called by workers>base @gkaissisCaught ForceObjectDelete called by workers>base @gkaissisCaught ForceObjectDelete called by workers>base @gkaissisCaught ForceObjectDelete called by workers>base @gkaissisCaught ForceObjectDelete called by workers>base @gkaissisCaught ForceObjectDelete called by workers>base @gkaissisCaught ForceObjectDelete called by workers>base @gkaissisCaught ForceObjectDelete called by workers>base @gkaissisCaught ForceObjectDelete called by workers>base @gkaissisCaught ForceObjectDelete called by workers>base @gkaissisCaught ForceObjectDelete called by workers>base @gkaissisCaught ForceObjectDelete called by workers>base @gkaissisCaught ForceObjectDelete called by workers>base @gkaissisCaught ForceObjectDelete called by workers>base @gkaissisCaught ForceObjectDelete called by workers>base @gkaissisCaught ForceObjectDelete called by workers>base @gkaissisCaught ForceObjectDelete called by workers>base @gkaissisCaught ForceObjectDelete called by workers>base @gkaissisCaught ForceObjectDelete called by workers>base @gkaissisCaught ForceObjectDelete called by workers>base @gkaissisCaught ForceObjectDelete called by workers>base @gkaissisCaught ForceObjectDelete called by workers>base @gkaissisCaught ForceObjectDelete called by workers>base @gkaissisCaught ForceObjectDelete called by workers>base @gkaissisCaught ForceObjectDelete called by workers>base @gkaissisCaught ForceObjectDelete called by workers>base @gkaissisCaught ForceObjectDelete called by workers>base @gkaissisCaught ForceObjectDelete called by workers>base @gkaissisCaught ForceObjectDelete called by workers>base @gkaissisCaught ForceObjectDelete called by workers>base @gkaissisCaught ForceObjectDelete called by workers>base @gkaissisCaught ForceObjectDelete called by workers>base @gkaissisCaught ForceObjectDelete called by workers>base @gkaissisCaught ForceObjectDelete called by workers>base @gkaissisCaught ForceObjectDelete called by workers>base @gkaissisCaught ForceObjectDelete called by workers>base @gkaissisCaught ForceObjectDelete called by workers>base @gkaissisCaught ForceObjectDelete called by workers>base @gkaissisCaught ForceObjectDelete called by workers>base @gkaissisCaught ForceObjectDelete called by workers>base @gkaissisCaught ForceObjectDelete called by workers>base @gkaissisCaught ForceObjectDelete called by workers>base @gkaissisCaught ForceObjectDelete called by workers>base @gkaissisCaught ForceObjectDelete called by workers>base @gkaissisCaught ForceObjectDelete called by workers>base @gkaissisCaught ForceObjectDelete called by workers>base @gkaissisCaught ForceObjectDelete called by workers>base @gkaissisCaught ForceObjectDelete called by workers>base @gkaissisCaught ForceObjectDelete called by workers>base @gkaissisCaught ForceObjectDelete called by workers>base @gkaissisCaught ForceObjectDelete called by workers>base @gkaissisCaught ForceObjectDelete called by workers>base @gkaissisCaught ForceObjectDelete called by workers>base @gkaissisCaught ForceObjectDelete called by workers>base @gkaissisCaught ForceObjectDelete called by workers>base @gkaissisCaught ForceObjectDelete called by workers>base @gkaissisCaught ForceObjectDelete called by workers>base @gkaissisCaught ForceObjectDelete called by workers>base @gkaissisCaught ForceObjectDelete called by workers>base @gkaissisCaught ForceObjectDelete called by workers>base @gkaissisCaught ForceObjectDelete called by workers>base @gkaissisCaught ForceObjectDelete called by workers>base @gkaissisCaught ForceObjectDelete called by workers>base @gkaissisCaught ForceObjectDelete called by workers>base @gkaissisCaught ForceObjectDelete called by workers>base @gkaissisCaught ForceObjectDelete called by workers>base @gkaissisCaught ForceObjectDelete called by workers>base @gkaissisCaught ForceObjectDelete called by workers>base @gkaissisCaught ForceObjectDelete called by workers>base @gkaissisCaught ForceObjectDelete called by workers>base @gkaissisCaught ForceObjectDelete called by workers>base @gkaissisCaught ForceObjectDelete called by workers>base @gkaissisCaught ForceObjectDelete called by workers>base @gkaissisCaught ForceObjectDelete called by workers>base @gkaissisCaught ForceObjectDelete called by workers>base @gkaissisCaught ForceObjectDelete called by workers>base @gkaissisCaught ForceObjectDelete called by workers>base @gkaissisCaught ForceObjectDelete called by workers>base @gkaissisCaught ForceObjectDelete called by workers>base @gkaissisCaught ForceObjectDelete called by workers>base @gkaissisCaught ForceObjectDelete called by workers>base @gkaissisCaught ForceObjectDelete called by workers>base @gkaissisCaught ForceObjectDelete called by workers>base @gkaissisCaught ForceObjectDelete called by workers>base @gkaissisCaught ForceObjectDelete called by workers>base @gkaissisCaught ForceObjectDelete called by workers>base @gkaissisCaught ForceObjectDelete called by workers>base @gkaissisCaught ForceObjectDelete called by workers>base @gkaissisCaught ForceObjectDelete called by workers>base @gkaissisCaught ForceObjectDelete called by workers>base @gkaissisCaught ForceObjectDelete called by workers>base @gkaissisCaught ForceObjectDelete called by workers>base @gkaissisCaught ForceObjectDelete called by workers>base @gkaissisCaught ForceObjectDelete called by workers>base @gkaissisCaught ForceObjectDelete called by workers>base @gkaissisCaught ForceObjectDelete called by workers>base @gkaissisCaught ForceObjectDelete called by workers>base @gkaissisCaught ForceObjectDelete called by workers>base @gkaissisCaught ForceObjectDelete called by workers>base @gkaissisCaught ForceObjectDelete called by workers>base @gkaissisCaught ForceObjectDelete called by workers>base @gkaissisCaught ForceObjectDelete called by workers>base @gkaissisCaught ForceObjectDelete called by workers>base @gkaissisCaught ForceObjectDelete called by workers>base @gkaissisCaught ForceObjectDelete called by workers>base @gkaissisCaught ForceObjectDelete called by workers>base @gkaissisCaught ForceObjectDelete called by workers>base @gkaissisCaught ForceObjectDelete called by workers>base @gkaissisCaught ForceObjectDelete called by workers>base @gkaissisCaught ForceObjectDelete called by workers>base @gkaissisCaught ForceObjectDelete called by workers>base @gkaissisCaught ForceObjectDelete called by workers>base @gkaissisCaught ForceObjectDelete called by workers>base @gkaissisCaught ForceObjectDelete called by workers>base @gkaissisCaught ForceObjectDelete called by workers>base @gkaissisCaught ForceObjectDelete called by workers>base @gkaissisCaught ForceObjectDelete called by workers>base @gkaissisCaught ForceObjectDelete called by workers>base @gkaissisCaught ForceObjectDelete called by workers>base @gkaissisCaught ForceObjectDelete called by workers>base @gkaissisCaught ForceObjectDelete called by workers>base @gkaissisCaught ForceObjectDelete called by workers>base @gkaissisCaught ForceObjectDelete called by workers>base @gkaissisCaught ForceObjectDelete called by workers>base @gkaissisCaught ForceObjectDelete called by workers>base @gkaissisCaught ForceObjectDelete called by workers>base @gkaissisCaught ForceObjectDelete called by workers>base @gkaissisCaught ForceObjectDelete called by workers>base @gkaissisCaught ForceObjectDelete called by workers>base @gkaissisCaught ForceObjectDelete called by workers>base @gkaissisCaught ForceObjectDelete called by workers>base @gkaissisCaught ForceObjectDelete called by workers>base @gkaissisCaught ForceObjectDelete called by workers>base @gkaissisCaught ForceObjectDelete called by workers>base @gkaissisCaught ForceObjectDelete called by workers>base @gkaissisCaught ForceObjectDelete called by workers>base @gkaissisCaught ForceObjectDelete called by workers>base @gkaissisCaught ForceObjectDelete called by workers>base @gkaissisCaught ForceObjectDelete called by workers>base @gkaissisCaught ForceObjectDelete called by workers>base @gkaissisCaught ForceObjectDelete called by workers>base @gkaissisCaught ForceObjectDelete called by workers>base @gkaissisCaught ForceObjectDelete called by workers>base @gkaissisCaught ForceObjectDelete called by workers>base @gkaissisCaught ForceObjectDelete called by workers>base @gkaissisCaught ForceObjectDelete called by workers>base @gkaissisCaught ForceObjectDelete called by workers>base @gkaissisCaught ForceObjectDelete called by workers>base @gkaissisCaught ForceObjectDelete called by workers>base @gkaissisCaught ForceObjectDelete called by workers>base @gkaissisCaught ForceObjectDelete called by workers>base @gkaissisCaught ForceObjectDelete called by workers>base @gkaissisCaught ForceObjectDelete called by workers>base @gkaissisCaught ForceObjectDelete called by workers>base @gkaissisCaught ForceObjectDelete called by workers>base @gkaissisCaught ForceObjectDelete called by workers>base @gkaissisCaught ForceObjectDelete called by workers>base @gkaissisCaught ForceObjectDelete called by workers>base @gkaissisCaught ForceObjectDelete called by workers>base @gkaissisCaught ForceObjectDelete called by workers>base @gkaissisCaught ForceObjectDelete called by workers>base @gkaissisCaught ForceObjectDelete called by workers>base @gkaissisCaught ForceObjectDelete called by workers>base @gkaissisCaught ForceObjectDelete called by workers>base @gkaissisCaught ForceObjectDelete called by workers>base @gkaissisCaught ForceObjectDelete called by workers>base @gkaissisCaught ForceObjectDelete called by workers>base @gkaissisCaught ForceObjectDelete called by workers>base @gkaissisCaught ForceObjectDelete called by workers>base @gkaissisCaught ForceObjectDelete called by workers>base @gkaissisCaught ForceObjectDelete called by workers>base @gkaissisCaught ForceObjectDelete called by workers>base @gkaissisCaught ForceObjectDelete called by workers>base @gkaissisCaught ForceObjectDelete called by workers>base @gkaissisCaught ForceObjectDelete called by workers>base @gkaissisCaught ForceObjectDelete called by workers>base @gkaissisCaught ForceObjectDelete called by workers>base @gkaissisCaught ForceObjectDelete called by workers>base @gkaissisCaught ForceObjectDelete called by workers>base @gkaissisCaught ForceObjectDelete called by workers>base @gkaissisCaught ForceObjectDelete called by workers>base @gkaissisCaught ForceObjectDelete called by workers>base @gkaissisCaught ForceObjectDelete called by workers>base @gkaissisCaught ForceObjectDelete called by workers>base @gkaissisCaught ForceObjectDelete called by workers>base @gkaissisCaught ForceObjectDelete called by workers>base @gkaissisCaught ForceObjectDelete called by workers>base @gkaissisCaught ForceObjectDelete called by workers>base @gkaissisCaught ForceObjectDelete called by workers>base @gkaissisCaught ForceObjectDelete called by workers>base @gkaissisCaught ForceObjectDelete called by workers>base @gkaissisCaught ForceObjectDelete called by workers>base @gkaissisCaught ForceObjectDelete called by workers>base @gkaissisCaught ForceObjectDelete called by workers>base @gkaissisCaught ForceObjectDelete called by workers>base @gkaissisCaught ForceObjectDelete called by workers>base @gkaissisCaught ForceObjectDelete called by workers>base @gkaissisCaught ForceObjectDelete called by workers>base @gkaissisCaught ForceObjectDelete called by workers>base @gkaissisCaught ForceObjectDelete called by workers>base @gkaissisCaught ForceObjectDelete called by workers>base @gkaissisCaught ForceObjectDelete called by workers>base @gkaissisCaught ForceObjectDelete called by workers>base @gkaissisCaught ForceObjectDelete called by workers>base @gkaissisCaught ForceObjectDelete called by workers>base @gkaissisCaught ForceObjectDelete called by workers>base @gkaissisCaught ForceObjectDelete called by workers>base @gkaissisCaught ForceObjectDelete called by workers>base @gkaissisCaught ForceObjectDelete called by workers>base @gkaissisCaught ForceObjectDelete called by workers>base @gkaissisCaught ForceObjectDelete called by workers>base @gkaissisCaught ForceObjectDelete called by workers>base @gkaissisCaught ForceObjectDelete called by workers>base @gkaissisCaught ForceObjectDelete called by workers>base @gkaissisCaught ForceObjectDelete called by workers>base @gkaissisCaught ForceObjectDelete called by workers>base @gkaissisCaught ForceObjectDelete called by workers>base @gkaissisCaught ForceObjectDelete called by workers>base @gkaissisCaught ForceObjectDelete called by workers>base @gkaissisCaught ForceObjectDelete called by workers>base @gkaissisCaught ForceObjectDelete called by workers>base @gkaissisCaught ForceObjectDelete called by workers>base @gkaissisCaught ForceObjectDelete called by workers>base @gkaissisCaught ForceObjectDelete called by workers>base @gkaissisCaught ForceObjectDelete called by workers>base @gkaissisCaught ForceObjectDelete called by workers>base @gkaissisCaught ForceObjectDelete called by workers>base @gkaissisCaught ForceObjectDelete called by workers>base @gkaissisCaught ForceObjectDelete called by workers>base @gkaissisCaught ForceObjectDelete called by workers>base @gkaissisCaught ForceObjectDelete called by workers>base @gkaissisCaught ForceObjectDelete called by workers>base @gkaissisCaught ForceObjectDelete called by workers>base @gkaissisCaught ForceObjectDelete called by workers>base @gkaissisCaught ForceObjectDelete called by workers>base @gkaissisCaught ForceObjectDelete called by workers>base @gkaissisCaught ForceObjectDelete called by workers>base @gkaissisCaught ForceObjectDelete called by workers>base @gkaissisCaught ForceObjectDelete called by workers>base @gkaissisCaught ForceObjectDelete called by workers>base @gkaissisCaught ForceObjectDelete called by workers>base @gkaissisCaught ForceObjectDelete called by workers>base @gkaissisCaught ForceObjectDelete called by workers>base @gkaissisCaught ForceObjectDelete called by workers>base @gkaissisCaught ForceObjectDelete called by workers>base @gkaissisCaught ForceObjectDelete called by workers>base @gkaissisCaught ForceObjectDelete called by workers>base @gkaissisCaught ForceObjectDelete called by workers>base @gkaissisCaught ForceObjectDelete called by workers>base @gkaissisCaught ForceObjectDelete called by workers>base @gkaissisCaught ForceObjectDelete called by workers>base @gkaissisCaught ForceObjectDelete called by workers>base @gkaissisCaught ForceObjectDelete called by workers>base @gkaissisCaught ForceObjectDelete called by workers>base @gkaissisCaught ForceObjectDelete called by workers>base @gkaissisCaught ForceObjectDelete called by workers>base @gkaissisCaught ForceObjectDelete called by workers>base @gkaissisCaught ForceObjectDelete called by workers>base @gkaissisCaught ForceObjectDelete called by workers>base @gkaissisCaught ForceObjectDelete called by workers>base @gkaissisCaught ForceObjectDelete called by workers>base @gkaissisCaught ForceObjectDelete called by workers>base @gkaissisCaught ForceObjectDelete called by workers>base @gkaissisCaught ForceObjectDelete called by workers>base @gkaissisCaught ForceObjectDelete called by workers>base @gkaissisCaught ForceObjectDelete called by workers>base @gkaissisCaught ForceObjectDelete called by workers>base @gkaissisCaught ForceObjectDelete called by workers>base @gkaissisCaught ForceObjectDelete called by workers>base @gkaissisCaught ForceObjectDelete called by workers>base @gkaissisCaught ForceObjectDelete called by workers>base @gkaissisCaught ForceObjectDelete called by workers>base @gkaissisCaught ForceObjectDelete called by workers>base @gkaissisCaught ForceObjectDelete called by workers>base @gkaissisCaught ForceObjectDelete called by workers>base @gkaissisCaught ForceObjectDelete called by workers>base @gkaissisCaught ForceObjectDelete called by workers>base @gkaissisCaught ForceObjectDelete called by workers>base @gkaissisCaught ForceObjectDelete called by workers>base @gkaissisCaught ForceObjectDelete called by workers>base @gkaissisCaught ForceObjectDelete called by workers>base @gkaissisCaught ForceObjectDelete called by workers>base @gkaissisCaught ForceObjectDelete called by workers>base @gkaissisCaught ForceObjectDelete called by workers>base @gkaissisCaught ForceObjectDelete called by workers>base @gkaissisCaught ForceObjectDelete called by workers>base @gkaissisCaught ForceObjectDelete called by workers>base @gkaissisCaught ForceObjectDelete called by workers>base @gkaissisCaught ForceObjectDelete called by workers>base @gkaissisCaught ForceObjectDelete called by workers>base @gkaissisCaught ForceObjectDelete called by workers>base @gkaissisCaught ForceObjectDelete called by workers>base @gkaissisCaught ForceObjectDelete called by workers>base @gkaissisCaught ForceObjectDelete called by workers>base @gkaissisCaught ForceObjectDelete called by workers>base @gkaissisCaught ForceObjectDelete called by workers>base @gkaissisCaught ForceObjectDelete called by workers>base @gkaissisCaught ForceObjectDelete called by workers>base @gkaissisCaught ForceObjectDelete called by workers>base @gkaissisCaught ForceObjectDelete called by workers>base @gkaissisCaught ForceObjectDelete called by workers>base @gkaissisCaught ForceObjectDelete called by workers>base @gkaissisCaught ForceObjectDelete called by workers>base @gkaissisCaught ForceObjectDelete called by workers>base @gkaissisCaught ForceObjectDelete called by workers>base @gkaissisCaught ForceObjectDelete called by workers>base @gkaissisCaught ForceObjectDelete called by workers>base @gkaissisCaught ForceObjectDelete called by workers>base @gkaissisCaught ForceObjectDelete called by workers>base @gkaissisCaught ForceObjectDelete called by workers>base @gkaissisCaught ForceObjectDelete called by workers>base @gkaissisCaught ForceObjectDelete called by workers>base @gkaissisCaught ForceObjectDelete called by workers>base @gkaissisCaught ForceObjectDelete called by workers>base @gkaissisCaught ForceObjectDelete called by workers>base @gkaissisCaught ForceObjectDelete called by workers>base @gkaissisCaught ForceObjectDelete called by workers>base @gkaissisCaught ForceObjectDelete called by workers>base @gkaissisCaught ForceObjectDelete called by workers>base @gkaissisCaught ForceObjectDelete called by workers>base @gkaissisCaught ForceObjectDelete called by workers>base @gkaissisCaught ForceObjectDelete called by workers>base @gkaissisCaught ForceObjectDelete called by workers>base @gkaissisCaught ForceObjectDelete called by workers>base @gkaissisCaught ForceObjectDelete called by workers>base @gkaissisCaught ForceObjectDelete called by workers>base @gkaissisCaught ForceObjectDelete called by workers>base @gkaissisCaught ForceObjectDelete called by workers>base @gkaissisCaught ForceObjectDelete called by workers>base @gkaissisCaught ForceObjectDelete called by workers>base @gkaissisCaught ForceObjectDelete called by workers>base @gkaissisCaught ForceObjectDelete called by workers>base @gkaissisCaught ForceObjectDelete called by workers>base @gkaissisCaught ForceObjectDelete called by workers>base @gkaissisCaught ForceObjectDelete called by workers>base @gkaissisCaught ForceObjectDelete called by workers>base @gkaissisCaught ForceObjectDelete called by workers>base @gkaissisCaught ForceObjectDelete called by workers>base @gkaissisCaught ForceObjectDelete called by workers>base @gkaissisCaught ForceObjectDelete called by workers>base @gkaissisCaught ForceObjectDelete called by workers>base @gkaissisCaught ForceObjectDelete called by workers>base @gkaissisCaught ForceObjectDelete called by workers>base @gkaissisCaught ForceObjectDelete called by workers>base @gkaissisCaught ForceObjectDelete called by workers>base @gkaissisCaught ForceObjectDelete called by workers>base @gkaissisCaught ForceObjectDelete called by workers>base @gkaissisCaught ForceObjectDelete called by workers>base @gkaissisCaught ForceObjectDelete called by workers>base @gkaissisCaught ForceObjectDelete called by workers>base @gkaissisCaught ForceObjectDelete called by workers>base @gkaissisCaught ForceObjectDelete called by workers>base @gkaissisCaught ForceObjectDelete called by workers>base @gkaissisCaught ForceObjectDelete called by workers>base @gkaissisCaught ForceObjectDelete called by workers>base @gkaissisCaught ForceObjectDelete called by workers>base @gkaissisCaught ForceObjectDelete called by workers>base @gkaissisCaught ForceObjectDelete called by workers>base @gkaissisCaught ForceObjectDelete called by workers>base @gkaissisCaught ForceObjectDelete called by workers>base @gkaissisCaught ForceObjectDelete called by workers>base @gkaissisCaught ForceObjectDelete called by workers>base @gkaissisCaught ForceObjectDelete called by workers>base @gkaissisCaught ForceObjectDelete called by workers>base @gkaissisCaught ForceObjectDelete called by workers>base @gkaissisCaught ForceObjectDelete called by workers>base @gkaissisCaught ForceObjectDelete called by workers>base @gkaissisCaught ForceObjectDelete called by workers>base @gkaissisCaught ForceObjectDelete called by workers>base @gkaissisCaught ForceObjectDelete called by workers>base @gkaissisCaught ForceObjectDelete called by workers>base @gkaissisCaught ForceObjectDelete called by workers>base @gkaissisCaught ForceObjectDelete called by workers>base @gkaissisCaught ForceObjectDelete called by workers>base @gkaissisCaught ForceObjectDelete called by workers>base @gkaissisCaught ForceObjectDelete called by workers>base @gkaissisCaught ForceObjectDelete called by workers>base @gkaissisCaught ForceObjectDelete called by workers>base @gkaissisCaught ForceObjectDelete called by workers>base @gkaissisCaught ForceObjectDelete called by workers>base @gkaissisCaught ForceObjectDelete called by workers>base @gkaissisCaught ForceObjectDelete called by workers>base @gkaissisCaught ForceObjectDelete called by workers>base @gkaissisCaught ForceObjectDelete called by workers>base @gkaissisCaught ForceObjectDelete called by workers>base @gkaissisCaught ForceObjectDelete called by workers>base @gkaissisCaught ForceObjectDelete called by workers>base @gkaissisCaught ForceObjectDelete called by workers>base @gkaissisCaught ForceObjectDelete called by workers>base @gkaissisCaught ForceObjectDelete called by workers>base @gkaissisCaught ForceObjectDelete called by workers>base @gkaissisCaught ForceObjectDelete called by workers>base @gkaissisCaught ForceObjectDelete called by workers>base @gkaissisCaught ForceObjectDelete called by workers>base @gkaissisCaught ForceObjectDelete called by workers>base @gkaissisCaught ForceObjectDelete called by workers>base @gkaissisCaught ForceObjectDelete called by workers>base @gkaissisCaught ForceObjectDelete called by workers>base @gkaissisCaught ForceObjectDelete called by workers>base @gkaissisCaught ForceObjectDelete called by workers>base @gkaissisCaught ForceObjectDelete called by workers>base @gkaissisCaught ForceObjectDelete called by workers>base @gkaissisCaught ForceObjectDelete called by workers>base @gkaissisCaught ForceObjectDelete called by workers>base @gkaissisCaught ForceObjectDelete called by workers>base @gkaissisCaught ForceObjectDelete called by workers>base @gkaissisCaught ForceObjectDelete called by workers>base @gkaissisCaught ForceObjectDelete called by workers>base @gkaissisCaught ForceObjectDelete called by workers>base @gkaissisCaught ForceObjectDelete called by workers>base @gkaissisCaught ForceObjectDelete called by workers>base @gkaissisCaught ForceObjectDelete called by workers>base @gkaissisCaught ForceObjectDelete called by workers>base @gkaissisCaught ForceObjectDelete called by workers>base @gkaissisCaught ForceObjectDelete called by workers>base @gkaissisCaught ForceObjectDelete called by workers>base @gkaissisCaught ForceObjectDelete called by workers>base @gkaissisCaught ForceObjectDelete called by workers>base @gkaissisCaught ForceObjectDelete called by workers>base @gkaissisCaught ForceObjectDelete called by workers>base @gkaissisCaught ForceObjectDelete called by workers>base @gkaissisCaught ForceObjectDelete called by workers>base @gkaissisCaught ForceObjectDelete called by workers>base @gkaissisCaught ForceObjectDelete called by workers>base @gkaissisCaught ForceObjectDelete called by workers>base @gkaissisCaught ForceObjectDelete called by workers>base @gkaissisCaught ForceObjectDelete called by workers>base @gkaissisCaught ForceObjectDelete called by workers>base @gkaissisCaught ForceObjectDelete called by workers>base @gkaissisCaught ForceObjectDelete called by workers>base @gkaissisCaught ForceObjectDelete called by workers>base @gkaissisCaught ForceObjectDelete called by workers>base @gkaissisCaught ForceObjectDelete called by workers>base @gkaissisCaught ForceObjectDelete called by workers>base @gkaissisCaught ForceObjectDelete called by workers>base @gkaissisCaught ForceObjectDelete called by workers>base @gkaissisCaught ForceObjectDelete called by workers>base @gkaissisCaught ForceObjectDelete called by workers>base @gkaissisCaught ForceObjectDelete called by workers>base @gkaissisCaught ForceObjectDelete called by workers>base @gkaissisCaught ForceObjectDelete called by workers>base @gkaissisCaught ForceObjectDelete called by workers>base @gkaissisCaught ForceObjectDelete called by workers>base @gkaissisCaught ForceObjectDelete called by workers>base @gkaissisCaught ForceObjectDelete called by workers>base @gkaissisCaught ForceObjectDelete called by workers>base @gkaissisCaught ForceObjectDelete called by workers>base @gkaissisCaught ForceObjectDelete called by workers>base @gkaissisCaught ForceObjectDelete called by workers>base @gkaissisCaught ForceObjectDelete called by workers>base @gkaissisCaught ForceObjectDelete called by workers>base @gkaissisCaught ForceObjectDelete called by workers>base @gkaissisCaught ForceObjectDelete called by workers>base @gkaissisCaught ForceObjectDelete called by workers>base @gkaissisCaught ForceObjectDelete called by workers>base @gkaissisCaught ForceObjectDelete called by workers>base @gkaissisCaught ForceObjectDelete called by workers>base @gkaissisCaught ForceObjectDelete called by workers>base @gkaissisCaught ForceObjectDelete called by workers>base @gkaissisCaught ForceObjectDelete called by workers>base @gkaissisCaught ForceObjectDelete called by workers>base @gkaissisCaught ForceObjectDelete called by workers>base @gkaissisCaught ForceObjectDelete called by workers>base @gkaissisCaught ForceObjectDelete called by workers>base @gkaissisCaught ForceObjectDelete called by workers>base @gkaissisCaught ForceObjectDelete called by workers>base @gkaissisCaught ForceObjectDelete called by workers>base @gkaissisCaught ForceObjectDelete called by workers>base @gkaissisCaught ForceObjectDelete called by workers>base @gkaissisCaught ForceObjectDelete called by workers>base @gkaissisCaught ForceObjectDelete called by workers>base @gkaissisCaught ForceObjectDelete called by workers>base @gkaissisCaught ForceObjectDelete called by workers>base @gkaissisCaught ForceObjectDelete called by workers>base @gkaissisCaught ForceObjectDelete called by workers>base @gkaissisCaught ForceObjectDelete called by workers>base @gkaissisCaught ForceObjectDelete called by workers>base @gkaissisCaught ForceObjectDelete called by workers>base @gkaissisCaught ForceObjectDelete called by workers>base @gkaissisCaught ForceObjectDelete called by workers>base @gkaissisCaught ForceObjectDelete called by workers>base @gkaissisCaught ForceObjectDelete called by workers>base @gkaissisCaught ForceObjectDelete called by workers>base @gkaissisCaught ForceObjectDelete called by workers>base @gkaissisCaught ForceObjectDelete called by workers>base @gkaissisCaught ForceObjectDelete called by workers>base @gkaissisCaught ForceObjectDelete called by workers>base @gkaissisCaught ForceObjectDelete called by workers>base @gkaissisCaught ForceObjectDelete called by workers>base @gkaissisCaught ForceObjectDelete called by workers>base @gkaissisCaught ForceObjectDelete called by workers>base @gkaissisCaught ForceObjectDelete called by workers>base @gkaissisCaught ForceObjectDelete called by workers>base @gkaissisCaught ForceObjectDelete called by workers>base @gkaissisCaught ForceObjectDelete called by workers>base @gkaissisCaught ForceObjectDelete called by workers>base @gkaissisCaught ForceObjectDelete called by workers>base @gkaissisCaught ForceObjectDelete called by workers>base @gkaissisCaught ForceObjectDelete called by workers>base @gkaissisCaught ForceObjectDelete called by workers>base @gkaissisCaught ForceObjectDelete called by workers>base @gkaissisCaught ForceObjectDelete called by workers>base @gkaissisCaught ForceObjectDelete called by workers>base @gkaissisCaught ForceObjectDelete called by workers>base @gkaissisCaught ForceObjectDelete called by workers>base @gkaissisCaught ForceObjectDelete called by workers>base @gkaissisCaught ForceObjectDelete called by workers>base @gkaissisCaught ForceObjectDelete called by workers>base @gkaissisCaught ForceObjectDelete called by workers>base @gkaissisCaught ForceObjectDelete called by workers>base @gkaissisCaught ForceObjectDelete called by workers>base @gkaissisCaught ForceObjectDelete called by workers>base @gkaissisCaught ForceObjectDelete called by workers>base @gkaissisCaught ForceObjectDelete called by workers>base @gkaissisCaught ForceObjectDelete called by workers>base @gkaissisCaught ForceObjectDelete called by workers>base @gkaissisCaught ForceObjectDelete called by workers>base @gkaissisCaught ForceObjectDelete called by workers>base @gkaissisCaught ForceObjectDelete called by workers>base @gkaissisCaught ForceObjectDelete called by workers>base @gkaissisCaught ForceObjectDelete called by workers>base @gkaissisCaught ForceObjectDelete called by workers>base @gkaissisCaught ForceObjectDelete called by workers>base @gkaissisCaught ForceObjectDelete called by workers>base @gkaissisCaught ForceObjectDelete called by workers>base @gkaissisCaught ForceObjectDelete called by workers>base @gkaissisCaught ForceObjectDelete called by workers>base @gkaissisCaught ForceObjectDelete called by workers>base @gkaissisCaught ForceObjectDelete called by workers>base @gkaissisCaught ForceObjectDelete called by workers>base @gkaissisCaught ForceObjectDelete called by workers>base @gkaissisCaught ForceObjectDelete called by workers>base @gkaissisCaught ForceObjectDelete called by workers>base @gkaissisCaught ForceObjectDelete called by workers>base @gkaissisCaught ForceObjectDelete called by workers>base @gkaissisCaught ForceObjectDelete called by workers>base @gkaissisCaught ForceObjectDelete called by workers>base @gkaissisCaught ForceObjectDelete called by workers>base @gkaissisCaught ForceObjectDelete called by workers>base @gkaissisCaught ForceObjectDelete called by workers>base @gkaissisCaught ForceObjectDelete called by workers>base @gkaissisCaught ForceObjectDelete called by workers>base @gkaissisCaught ForceObjectDelete called by workers>base @gkaissisCaught ForceObjectDelete called by workers>base @gkaissisCaught ForceObjectDelete called by workers>base @gkaissisCaught ForceObjectDelete called by workers>base @gkaissisCaught ForceObjectDelete called by workers>base @gkaissisCaught ForceObjectDelete called by workers>base @gkaissisCaught ForceObjectDelete called by workers>base @gkaissisCaught ForceObjectDelete called by workers>base @gkaissisCaught ForceObjectDelete called by workers>base @gkaissisCaught ForceObjectDelete called by workers>base @gkaissisCaught ForceObjectDelete called by workers>base @gkaissisCaught ForceObjectDelete called by workers>base @gkaissisCaught ForceObjectDelete called by workers>base @gkaissisCaught ForceObjectDelete called by workers>base @gkaissisCaught ForceObjectDelete called by workers>base @gkaissisCaught ForceObjectDelete called by workers>base @gkaissisCaught ForceObjectDelete called by workers>base @gkaissisCaught ForceObjectDelete called by workers>base @gkaissisCaught ForceObjectDelete called by workers>base @gkaissisCaught ForceObjectDelete called by workers>base @gkaissisCaught ForceObjectDelete called by workers>base @gkaissisCaught ForceObjectDelete called by workers>base @gkaissisCaught ForceObjectDelete called by workers>base @gkaissisCaught ForceObjectDelete called by workers>base @gkaissisCaught ForceObjectDelete called by workers>base @gkaissisCaught ForceObjectDelete called by workers>base @gkaissisCaught ForceObjectDelete called by workers>base @gkaissisCaught ForceObjectDelete called by workers>base @gkaissisCaught ForceObjectDelete called by workers>base @gkaissisCaught ForceObjectDelete called by workers>base @gkaissisCaught ForceObjectDelete called by workers>base @gkaissisCaught ForceObjectDelete called by workers>base @gkaissisCaught ForceObjectDelete called by workers>base @gkaissisCaught ForceObjectDelete called by workers>base @gkaissisCaught ForceObjectDelete called by workers>base @gkaissisCaught ForceObjectDelete called by workers>base @gkaissisCaught ForceObjectDelete called by workers>base @gkaissisCaught ForceObjectDelete called by workers>base @gkaissisCaught ForceObjectDelete called by workers>base @gkaissisCaught ForceObjectDelete called by workers>base @gkaissisCaught ForceObjectDelete called by workers>base @gkaissisCaught ForceObjectDelete called by workers>base @gkaissisCaught ForceObjectDelete called by workers>base @gkaissisCaught ForceObjectDelete called by workers>base @gkaissisCaught ForceObjectDelete called by workers>base @gkaissisCaught ForceObjectDelete called by workers>base @gkaissisCaught ForceObjectDelete called by workers>base @gkaissisCaught ForceObjectDelete called by workers>base @gkaissisCaught ForceObjectDelete called by workers>base @gkaissisCaught ForceObjectDelete called by workers>base @gkaissisCaught ForceObjectDelete called by workers>base @gkaissisCaught ForceObjectDelete called by workers>base @gkaissisCaught ForceObjectDelete called by workers>base @gkaissisCaught ForceObjectDelete called by workers>base @gkaissisCaught ForceObjectDelete called by workers>base @gkaissisCaught ForceObjectDelete called by workers>base @gkaissisCaught ForceObjectDelete called by workers>base @gkaissisCaught ForceObjectDelete called by workers>base @gkaissisCaught ForceObjectDelete called by workers>base @gkaissisCaught ForceObjectDelete called by workers>base @gkaissisCaught ForceObjectDelete called by workers>base @gkaissisCaught ForceObjectDelete called by workers>base @gkaissisCaught ForceObjectDelete called by workers>base @gkaissisCaught ForceObjectDelete called by workers>base @gkaissisCaught ForceObjectDelete called by workers>base @gkaissisCaught ForceObjectDelete called by workers>base @gkaissisCaught ForceObjectDelete called by workers>base @gkaissisCaught ForceObjectDelete called by workers>base @gkaissisCaught ForceObjectDelete called by workers>base @gkaissisCaught ForceObjectDelete called by workers>base @gkaissisCaught ForceObjectDelete called by workers>base @gkaissisCaught ForceObjectDelete called by workers>base @gkaissisCaught ForceObjectDelete called by workers>base @gkaissisCaught ForceObjectDelete called by workers>base @gkaissisCaught ForceObjectDelete called by workers>base @gkaissisCaught ForceObjectDelete called by workers>base @gkaissisCaught ForceObjectDelete called by workers>base @gkaissisCaught ForceObjectDelete called by workers>base @gkaissisCaught ForceObjectDelete called by workers>base @gkaissisCaught ForceObjectDelete called by workers>base @gkaissisCaught ForceObjectDelete called by workers>base @gkaissisCaught ForceObjectDelete called by workers>base @gkaissisCaught ForceObjectDelete called by workers>base @gkaissisCaught ForceObjectDelete called by workers>base @gkaissisCaught ForceObjectDelete called by workers>base @gkaissisCaught ForceObjectDelete called by workers>base @gkaissisCaught ForceObjectDelete called by workers>base @gkaissisCaught ForceObjectDelete called by workers>base @gkaissisCaught ForceObjectDelete called by workers>base @gkaissisCaught ForceObjectDelete called by workers>base @gkaissisCaught ForceObjectDelete called by workers>base @gkaissisCaught ForceObjectDelete called by workers>base @gkaissisCaught ForceObjectDelete called by workers>base @gkaissisCaught ForceObjectDelete called by workers>base @gkaissisCaught ForceObjectDelete called by workers>base @gkaissisCaught ForceObjectDelete called by workers>base @gkaissisCaught ForceObjectDelete called by workers>base @gkaissisCaught ForceObjectDelete called by workers>base @gkaissisCaught ForceObjectDelete called by workers>base @gkaissisCaught ForceObjectDelete called by workers>base @gkaissisCaught ForceObjectDelete called by workers>base @gkaissisCaught ForceObjectDelete called by workers>base @gkaissisCaught ForceObjectDelete called by workers>base @gkaissisCaught ForceObjectDelete called by workers>base @gkaissisCaught ForceObjectDelete called by workers>base @gkaissisCaught ForceObjectDelete called by workers>base @gkaissisCaught ForceObjectDelete called by workers>base @gkaissisCaught ForceObjectDelete called by workers>base @gkaissisCaught ForceObjectDelete called by workers>base @gkaissisCaught ForceObjectDelete called by workers>base @gkaissisCaught ForceObjectDelete called by workers>base @gkaissisCaught ForceObjectDelete called by workers>base @gkaissisCaught ForceObjectDelete called by workers>base @gkaissisCaught ForceObjectDelete called by workers>base @gkaissisCaught ForceObjectDelete called by workers>base @gkaissisCaught ForceObjectDelete called by workers>base @gkaissisCaught ForceObjectDelete called by workers>base @gkaissisCaught ForceObjectDelete called by workers>base @gkaissisCaught ForceObjectDelete called by workers>base @gkaissisCaught ForceObjectDelete called by workers>base @gkaissisCaught ForceObjectDelete called by workers>base @gkaissisCaught ForceObjectDelete called by workers>base @gkaissisCaught ForceObjectDelete called by workers>base @gkaissisCaught ForceObjectDelete called by workers>base @gkaissisCaught ForceObjectDelete called by workers>base @gkaissisCaught ForceObjectDelete called by workers>base @gkaissisCaught ForceObjectDelete called by workers>base @gkaissisCaught ForceObjectDelete called by workers>base @gkaissisCaught ForceObjectDelete called by workers>base @gkaissisCaught ForceObjectDelete called by workers>base @gkaissisCaught ForceObjectDelete called by workers>base @gkaissisCaught ForceObjectDelete called by workers>base @gkaissisCaught ForceObjectDelete called by workers>base @gkaissisCaught ForceObjectDelete called by workers>base @gkaissisCaught ForceObjectDelete called by workers>base @gkaissisCaught ForceObjectDelete called by workers>base @gkaissisCaught ForceObjectDelete called by workers>base @gkaissisCaught ForceObjectDelete called by workers>base @gkaissisCaught ForceObjectDelete called by workers>base @gkaissisCaught ForceObjectDelete called by workers>base @gkaissisCaught ForceObjectDelete called by workers>base @gkaissisCaught ForceObjectDelete called by workers>base @gkaissisCaught ForceObjectDelete called by workers>base @gkaissisCaught ForceObjectDelete called by workers>base @gkaissisCaught ForceObjectDelete called by workers>base @gkaissisCaught ForceObjectDelete called by workers>base @gkaissisCaught ForceObjectDelete called by workers>base @gkaissisCaught ForceObjectDelete called by workers>base @gkaissisCaught ForceObjectDelete called by workers>base @gkaissisCaught ForceObjectDelete called by workers>base @gkaissisCaught ForceObjectDelete called by workers>base @gkaissisCaught ForceObjectDelete called by workers>base @gkaissisCaught ForceObjectDelete called by workers>base @gkaissisCaught ForceObjectDelete called by workers>base @gkaissisCaught ForceObjectDelete called by workers>base @gkaissisCaught ForceObjectDelete called by workers>base @gkaissisCaught ForceObjectDelete called by workers>base @gkaissisCaught ForceObjectDelete called by workers>base @gkaissisCaught ForceObjectDelete called by workers>base @gkaissisCaught ForceObjectDelete called by workers>base @gkaissisCaught ForceObjectDelete called by workers>base @gkaissisCaught ForceObjectDelete called by workers>base @gkaissisCaught ForceObjectDelete called by workers>base @gkaissisCaught ForceObjectDelete called by workers>base @gkaissisCaught ForceObjectDelete called by workers>base @gkaissisCaught ForceObjectDelete called by workers>base @gkaissisCaught ForceObjectDelete called by workers>base @gkaissisCaught ForceObjectDelete called by workers>base @gkaissisCaught ForceObjectDelete called by workers>base @gkaissisCaught ForceObjectDelete called by workers>base @gkaissisCaught ForceObjectDelete called by workers>base @gkaissisCaught ForceObjectDelete called by workers>base @gkaissisCaught ForceObjectDelete called by workers>base @gkaissisCaught ForceObjectDelete called by workers>base @gkaissisCaught ForceObjectDelete called by workers>base @gkaissisCaught ForceObjectDelete called by workers>base @gkaissisCaught ForceObjectDelete called by workers>base @gkaissisCaught ForceObjectDelete called by workers>base @gkaissisCaught ForceObjectDelete called by workers>base @gkaissisCaught ForceObjectDelete called by workers>base @gkaissisCaught ForceObjectDelete called by workers>base @gkaissisCaught ForceObjectDelete called by workers>base @gkaissisCaught ForceObjectDelete called by workers>base @gkaissisCaught ForceObjectDelete called by workers>base @gkaissisCaught ForceObjectDelete called by workers>base @gkaissisCaught ForceObjectDelete called by workers>base @gkaissisCaught ForceObjectDelete called by workers>base @gkaissisCaught ForceObjectDelete called by workers>base @gkaissisCaught ForceObjectDelete called by workers>base @gkaissisCaught ForceObjectDelete called by workers>base @gkaissisCaught ForceObjectDelete called by workers>base @gkaissisCaught ForceObjectDelete called by workers>base @gkaissisCaught ForceObjectDelete called by workers>base @gkaissisCaught ForceObjectDelete called by workers>base @gkaissisCaught ForceObjectDelete called by workers>base @gkaissisCaught ForceObjectDelete called by workers>base @gkaissisCaught ForceObjectDelete called by workers>base @gkaissisCaught ForceObjectDelete called by workers>base @gkaissisCaught ForceObjectDelete called by workers>base @gkaissisCaught ForceObjectDelete called by workers>base @gkaissisCaught ForceObjectDelete called by workers>base @gkaissisCaught ForceObjectDelete called by workers>base @gkaissisCaught ForceObjectDelete called by workers>base @gkaissisCaught ForceObjectDelete called by workers>base @gkaissisCaught ForceObjectDelete called by workers>base @gkaissisCaught ForceObjectDelete called by workers>base @gkaissisCaught ForceObjectDelete called by workers>base @gkaissisCaught ForceObjectDelete called by workers>base @gkaissisCaught ForceObjectDelete called by workers>base @gkaissisCaught ForceObjectDelete called by workers>base @gkaissisCaught ForceObjectDelete called by workers>base @gkaissisCaught ForceObjectDelete called by workers>base @gkaissisCaught ForceObjectDelete called by workers>base @gkaissisCaught ForceObjectDelete called by workers>base @gkaissisCaught ForceObjectDelete called by workers>base @gkaissisCaught ForceObjectDelete called by workers>base @gkaissisde_register_obj called by generic>pointers>object_pointer @gkaissis
Train batch 0:  67%|██████▋   | 2/3 [00:04<00:02,  2.19s/it]Caught ForceObjectDelete called by workers>base @gkaissisCaught ForceObjectDelete called by workers>base @gkaissisCaught ForceObjectDelete called by workers>base @gkaissisCaught ForceObjectDelete called by workers>base @gkaissisCaught ForceObjectDelete called by workers>base @gkaissisCaught ForceObjectDelete called by workers>base @gkaissisCaught ForceObjectDelete called by workers>base @gkaissisCaught ForceObjectDelete called by workers>base @gkaissisCaught ForceObjectDelete called by workers>base @gkaissisCaught ForceObjectDelete called by workers>base @gkaissisCaught ForceObjectDelete called by workers>base @gkaissisCaught ForceObjectDelete called by workers>base @gkaissisCaught ForceObjectDelete called by workers>base @gkaissisCaught ForceObjectDelete called by workers>base @gkaissisCaught ForceObjectDelete called by workers>base @gkaissisCaught ForceObjectDelete called by workers>base @gkaissisCaught ForceObjectDelete called by workers>base @gkaissisCaught ForceObjectDelete called by workers>base @gkaissisCaught ForceObjectDelete called by workers>base @gkaissisCaught ForceObjectDelete called by workers>base @gkaissisCaught ForceObjectDelete called by workers>base @gkaissisCaught ForceObjectDelete called by workers>base @gkaissisCaught ForceObjectDelete called by workers>base @gkaissisCaught ForceObjectDelete called by workers>base @gkaissisCaught ForceObjectDelete called by workers>base @gkaissisCaught ForceObjectDelete called by workers>base @gkaissisCaught ForceObjectDelete called by workers>base @gkaissisCaught ForceObjectDelete called by workers>base @gkaissisCaught ForceObjectDelete called by workers>base @gkaissisCaught ForceObjectDelete called by workers>base @gkaissisCaught ForceObjectDelete called by workers>base @gkaissisCaught ForceObjectDelete called by workers>base @gkaissisCaught ForceObjectDelete called by workers>base @gkaissisCaught ForceObjectDelete called by workers>base @gkaissisCaught ForceObjectDelete called by workers>base @gkaissisCaught ForceObjectDelete called by workers>base @gkaissisCaught ForceObjectDelete called by workers>base @gkaissisCaught ForceObjectDelete called by workers>base @gkaissisCaught ForceObjectDelete called by workers>base @gkaissisCaught ForceObjectDelete called by workers>base @gkaissisCaught ForceObjectDelete called by workers>base @gkaissisCaught ForceObjectDelete called by workers>base @gkaissisCaught ForceObjectDelete called by workers>base @gkaissisCaught ForceObjectDelete called by workers>base @gkaissisCaught ForceObjectDelete called by workers>base @gkaissisCaught ForceObjectDelete called by workers>base @gkaissisCaught ForceObjectDelete called by workers>base @gkaissisCaught ForceObjectDelete called by workers>base @gkaissisCaught ForceObjectDelete called by workers>base @gkaissisCaught ForceObjectDelete called by workers>base @gkaissisCaught ForceObjectDelete called by workers>base @gkaissisCaught ForceObjectDelete called by workers>base @gkaissisCaught ForceObjectDelete called by workers>base @gkaissisCaught ForceObjectDelete called by workers>base @gkaissisCaught ForceObjectDelete called by workers>base @gkaissisCaught ForceObjectDelete called by workers>base @gkaissisCaught ForceObjectDelete called by workers>base @gkaissisCaught ForceObjectDelete called by workers>base @gkaissisCaught ForceObjectDelete called by workers>base @gkaissisCaught ForceObjectDelete called by workers>base @gkaissisCaught ForceObjectDelete called by workers>base @gkaissisCaught ForceObjectDelete called by workers>base @gkaissisCaught ForceObjectDelete called by workers>base @gkaissisCaught ForceObjectDelete called by workers>base @gkaissisCaught ForceObjectDelete called by workers>base @gkaissisCaught ForceObjectDelete called by workers>base @gkaissisCaught ForceObjectDelete called by workers>base @gkaissisCaught ForceObjectDelete called by workers>base @gkaissisCaught ForceObjectDelete called by workers>base @gkaissisCaught ForceObjectDelete called by workers>base @gkaissisCaught ForceObjectDelete called by workers>base @gkaissisCaught ForceObjectDelete called by workers>base @gkaissisCaught ForceObjectDelete called by workers>base @gkaissisCaught ForceObjectDelete called by workers>base @gkaissisCaught ForceObjectDelete called by workers>base @gkaissisCaught ForceObjectDelete called by workers>base @gkaissisCaught ForceObjectDelete called by workers>base @gkaissisCaught ForceObjectDelete called by workers>base @gkaissisCaught ForceObjectDelete called by workers>base @gkaissisCaught ForceObjectDelete called by workers>base @gkaissisCaught ForceObjectDelete called by workers>base @gkaissisCaught ForceObjectDelete called by workers>base @gkaissisCaught ForceObjectDelete called by workers>base @gkaissisCaught ForceObjectDelete called by workers>base @gkaissisCaught ForceObjectDelete called by workers>base @gkaissisCaught ForceObjectDelete called by workers>base @gkaissisCaught ForceObjectDelete called by workers>base @gkaissisCaught ForceObjectDelete called by workers>base @gkaissisCaught ForceObjectDelete called by workers>base @gkaissisCaught ForceObjectDelete called by workers>base @gkaissisCaught ForceObjectDelete called by workers>base @gkaissisCaught ForceObjectDelete called by workers>base @gkaissisCaught ForceObjectDelete called by workers>base @gkaissisCaught ForceObjectDelete called by workers>base @gkaissisCaught ForceObjectDelete called by workers>base @gkaissisCaught ForceObjectDelete called by workers>base @gkaissisCaught ForceObjectDelete called by workers>base @gkaissisCaught ForceObjectDelete called by workers>base @gkaissisCaught ForceObjectDelete called by workers>base @gkaissisCaught ForceObjectDelete called by workers>base @gkaissisCaught ForceObjectDelete called by workers>base @gkaissisCaught ForceObjectDelete called by workers>base @gkaissisCaught ForceObjectDelete called by workers>base @gkaissisCaught ForceObjectDelete called by workers>base @gkaissisCaught ForceObjectDelete called by workers>base @gkaissisCaught ForceObjectDelete called by workers>base @gkaissisCaught ForceObjectDelete called by workers>base @gkaissisCaught ForceObjectDelete called by workers>base @gkaissisCaught ForceObjectDelete called by workers>base @gkaissisCaught ForceObjectDelete called by workers>base @gkaissisCaught ForceObjectDelete called by workers>base @gkaissisCaught ForceObjectDelete called by workers>base @gkaissisCaught ForceObjectDelete called by workers>base @gkaissisCaught ForceObjectDelete called by workers>base @gkaissisCaught ForceObjectDelete called by workers>base @gkaissisCaught ForceObjectDelete called by workers>base @gkaissisCaught ForceObjectDelete called by workers>base @gkaissisCaught ForceObjectDelete called by workers>base @gkaissisCaught ForceObjectDelete called by workers>base @gkaissisCaught ForceObjectDelete called by workers>base @gkaissisCaught ForceObjectDelete called by workers>base @gkaissisCaught ForceObjectDelete called by workers>base @gkaissisCaught ForceObjectDelete called by workers>base @gkaissisCaught ForceObjectDelete called by workers>base @gkaissisCaught ForceObjectDelete called by workers>base @gkaissisCaught ForceObjectDelete called by workers>base @gkaissisCaught ForceObjectDelete called by workers>base @gkaissisCaught ForceObjectDelete called by workers>base @gkaissisCaught ForceObjectDelete called by workers>base @gkaissisCaught ForceObjectDelete called by workers>base @gkaissisCaught ForceObjectDelete called by workers>base @gkaissisCaught ForceObjectDelete called by workers>base @gkaissisCaught ForceObjectDelete called by workers>base @gkaissisCaught ForceObjectDelete called by workers>base @gkaissisCaught ForceObjectDelete called by workers>base @gkaissisCaught ForceObjectDelete called by workers>base @gkaissisCaught ForceObjectDelete called by workers>base @gkaissisCaught ForceObjectDelete called by workers>base @gkaissisCaught ForceObjectDelete called by workers>base @gkaissisCaught ForceObjectDelete called by workers>base @gkaissisCaught ForceObjectDelete called by workers>base @gkaissisCaught ForceObjectDelete called by workers>base @gkaissisCaught ForceObjectDelete called by workers>base @gkaissisCaught ForceObjectDelete called by workers>base @gkaissisCaught ForceObjectDelete called by workers>base @gkaissisCaught ForceObjectDelete called by workers>base @gkaissisCaught ForceObjectDelete called by workers>base @gkaissisCaught ForceObjectDelete called by workers>base @gkaissisCaught ForceObjectDelete called by workers>base @gkaissisCaught ForceObjectDelete called by workers>base @gkaissisCaught ForceObjectDelete called by workers>base @gkaissisCaught ForceObjectDelete called by workers>base @gkaissisCaught ForceObjectDelete called by workers>base @gkaissisCaught ForceObjectDelete called by workers>base @gkaissisCaught ForceObjectDelete called by workers>base @gkaissisCaught ForceObjectDelete called by workers>base @gkaissisCaught ForceObjectDelete called by workers>base @gkaissisCaught ForceObjectDelete called by workers>base @gkaissisCaught ForceObjectDelete called by workers>base @gkaissisCaught ForceObjectDelete called by workers>base @gkaissisCaught ForceObjectDelete called by workers>base @gkaissisCaught ForceObjectDelete called by workers>base @gkaissisCaught ForceObjectDelete called by workers>base @gkaissisCaught ForceObjectDelete called by workers>base @gkaissisCaught ForceObjectDelete called by workers>base @gkaissisCaught ForceObjectDelete called by workers>base @gkaissisCaught ForceObjectDelete called by workers>base @gkaissisCaught ForceObjectDelete called by workers>base @gkaissisCaught ForceObjectDelete called by workers>base @gkaissisCaught ForceObjectDelete called by workers>base @gkaissisCaught ForceObjectDelete called by workers>base @gkaissisCaught ForceObjectDelete called by workers>base @gkaissisCaught ForceObjectDelete called by workers>base @gkaissisCaught ForceObjectDelete called by workers>base @gkaissisCaught ForceObjectDelete called by workers>base @gkaissisCaught ForceObjectDelete called by workers>base @gkaissisCaught ForceObjectDelete called by workers>base @gkaissisCaught ForceObjectDelete called by workers>base @gkaissisCaught ForceObjectDelete called by workers>base @gkaissisCaught ForceObjectDelete called by workers>base @gkaissisCaught ForceObjectDelete called by workers>base @gkaissisCaught ForceObjectDelete called by workers>base @gkaissisCaught ForceObjectDelete called by workers>base @gkaissisCaught ForceObjectDelete called by workers>base @gkaissisCaught ForceObjectDelete called by workers>base @gkaissisCaught ForceObjectDelete called by workers>base @gkaissisCaught ForceObjectDelete called by workers>base @gkaissisCaught ForceObjectDelete called by workers>base @gkaissisCaught ForceObjectDelete called by workers>base @gkaissisCaught ForceObjectDelete called by workers>base @gkaissisCaught ForceObjectDelete called by workers>base @gkaissisCaught ForceObjectDelete called by workers>base @gkaissisCaught ForceObjectDelete called by workers>base @gkaissisCaught ForceObjectDelete called by workers>base @gkaissisCaught ForceObjectDelete called by workers>base @gkaissisCaught ForceObjectDelete called by workers>base @gkaissisCaught ForceObjectDelete called by workers>base @gkaissisCaught ForceObjectDelete called by workers>base @gkaissisCaught ForceObjectDelete called by workers>base @gkaissisCaught ForceObjectDelete called by workers>base @gkaissisCaught ForceObjectDelete called by workers>base @gkaissisCaught ForceObjectDelete called by workers>base @gkaissisCaught ForceObjectDelete called by workers>base @gkaissisCaught ForceObjectDelete called by workers>base @gkaissisCaught ForceObjectDelete called by workers>base @gkaissisCaught ForceObjectDelete called by workers>base @gkaissisCaught ForceObjectDelete called by workers>base @gkaissisCaught ForceObjectDelete called by workers>base @gkaissisCaught ForceObjectDelete called by workers>base @gkaissisCaught ForceObjectDelete called by workers>base @gkaissisCaught ForceObjectDelete called by workers>base @gkaissisCaught ForceObjectDelete called by workers>base @gkaissisCaught ForceObjectDelete called by workers>base @gkaissisCaught ForceObjectDelete called by workers>base @gkaissisCaught ForceObjectDelete called by workers>base @gkaissisCaught ForceObjectDelete called by workers>base @gkaissisCaught ForceObjectDelete called by workers>base @gkaissisCaught ForceObjectDelete called by workers>base @gkaissisCaught ForceObjectDelete called by workers>base @gkaissisCaught ForceObjectDelete called by workers>base @gkaissisCaught ForceObjectDelete called by workers>base @gkaissisCaught ForceObjectDelete called by workers>base @gkaissisCaught ForceObjectDelete called by workers>base @gkaissisCaught ForceObjectDelete called by workers>base @gkaissisCaught ForceObjectDelete called by workers>base @gkaissisCaught ForceObjectDelete called by workers>base @gkaissisCaught ForceObjectDelete called by workers>base @gkaissisCaught ForceObjectDelete called by workers>base @gkaissisCaught ForceObjectDelete called by workers>base @gkaissisCaught ForceObjectDelete called by workers>base @gkaissisCaught ForceObjectDelete called by workers>base @gkaissisCaught ForceObjectDelete called by workers>base @gkaissisCaught ForceObjectDelete called by workers>base @gkaissisCaught ForceObjectDelete called by workers>base @gkaissisCaught ForceObjectDelete called by workers>base @gkaissisCaught ForceObjectDelete called by workers>base @gkaissisCaught ForceObjectDelete called by workers>base @gkaissisCaught ForceObjectDelete called by workers>base @gkaissisCaught ForceObjectDelete called by workers>base @gkaissisCaught ForceObjectDelete called by workers>base @gkaissisCaught ForceObjectDelete called by workers>base @gkaissisCaught ForceObjectDelete called by workers>base @gkaissisCaught ForceObjectDelete called by workers>base @gkaissisCaught ForceObjectDelete called by workers>base @gkaissisCaught ForceObjectDelete called by workers>base @gkaissisCaught ForceObjectDelete called by workers>base @gkaissisCaught ForceObjectDelete called by workers>base @gkaissisCaught ForceObjectDelete called by workers>base @gkaissisCaught ForceObjectDelete called by workers>base @gkaissisCaught ForceObjectDelete called by workers>base @gkaissisCaught ForceObjectDelete called by workers>base @gkaissisCaught ForceObjectDelete called by workers>base @gkaissisCaught ForceObjectDelete called by workers>base @gkaissisCaught ForceObjectDelete called by workers>base @gkaissisCaught ForceObjectDelete called by workers>base @gkaissisCaught ForceObjectDelete called by workers>base @gkaissisCaught ForceObjectDelete called by workers>base @gkaissisCaught ForceObjectDelete called by workers>base @gkaissisCaught ForceObjectDelete called by workers>base @gkaissisCaught ForceObjectDelete called by workers>base @gkaissisCaught ForceObjectDelete called by workers>base @gkaissisCaught ForceObjectDelete called by workers>base @gkaissisCaught ForceObjectDelete called by workers>base @gkaissisCaught ForceObjectDelete called by workers>base @gkaissisCaught ForceObjectDelete called by workers>base @gkaissisCaught ForceObjectDelete called by workers>base @gkaissisCaught ForceObjectDelete called by workers>base @gkaissisCaught ForceObjectDelete called by workers>base @gkaissisCaught ForceObjectDelete called by workers>base @gkaissisCaught ForceObjectDelete called by workers>base @gkaissisCaught ForceObjectDelete called by workers>base @gkaissisCaught ForceObjectDelete called by workers>base @gkaissisCaught ForceObjectDelete called by workers>base @gkaissisCaught ForceObjectDelete called by workers>base @gkaissisCaught ForceObjectDelete called by workers>base @gkaissisCaught ForceObjectDelete called by workers>base @gkaissisCaught ForceObjectDelete called by workers>base @gkaissisCaught ForceObjectDelete called by workers>base @gkaissisCaught ForceObjectDelete called by workers>base @gkaissisCaught ForceObjectDelete called by workers>base @gkaissisCaught ForceObjectDelete called by workers>base @gkaissisCaught ForceObjectDelete called by workers>base @gkaissisCaught ForceObjectDelete called by workers>base @gkaissisCaught ForceObjectDelete called by workers>base @gkaissisCaught ForceObjectDelete called by workers>base @gkaissisCaught ForceObjectDelete called by workers>base @gkaissisCaught ForceObjectDelete called by workers>base @gkaissisCaught ForceObjectDelete called by workers>base @gkaissisCaught ForceObjectDelete called by workers>base @gkaissisCaught ForceObjectDelete called by workers>base @gkaissisCaught ForceObjectDelete called by workers>base @gkaissisCaught ForceObjectDelete called by workers>base @gkaissisCaught ForceObjectDelete called by workers>base @gkaissisCaught ForceObjectDelete called by workers>base @gkaissisCaught ForceObjectDelete called by workers>base @gkaissisCaught ForceObjectDelete called by workers>base @gkaissisCaught ForceObjectDelete called by workers>base @gkaissisCaught ForceObjectDelete called by workers>base @gkaissisCaught ForceObjectDelete called by workers>base @gkaissisCaught ForceObjectDelete called by workers>base @gkaissisCaught ForceObjectDelete called by workers>base @gkaissisCaught ForceObjectDelete called by workers>base @gkaissisCaught ForceObjectDelete called by workers>base @gkaissisCaught ForceObjectDelete called by workers>base @gkaissisCaught ForceObjectDelete called by workers>base @gkaissisCaught ForceObjectDelete called by workers>base @gkaissisCaught ForceObjectDelete called by workers>base @gkaissisCaught ForceObjectDelete called by workers>base @gkaissisCaught ForceObjectDelete called by workers>base @gkaissisCaught ForceObjectDelete called by workers>base @gkaissisCaught ForceObjectDelete called by workers>base @gkaissisCaught ForceObjectDelete called by workers>base @gkaissisCaught ForceObjectDelete called by workers>base @gkaissisCaught ForceObjectDelete called by workers>base @gkaissisCaught ForceObjectDelete called by workers>base @gkaissisCaught ForceObjectDelete called by workers>base @gkaissisCaught ForceObjectDelete called by workers>base @gkaissisCaught ForceObjectDelete called by workers>base @gkaissisCaught ForceObjectDelete called by workers>base @gkaissisCaught ForceObjectDelete called by workers>base @gkaissisCaught ForceObjectDelete called by workers>base @gkaissisCaught ForceObjectDelete called by workers>base @gkaissisCaught ForceObjectDelete called by workers>base @gkaissisCaught ForceObjectDelete called by workers>base @gkaissisCaught ForceObjectDelete called by workers>base @gkaissisCaught ForceObjectDelete called by workers>base @gkaissisCaught ForceObjectDelete called by workers>base @gkaissisCaught ForceObjectDelete called by workers>base @gkaissisCaught ForceObjectDelete called by workers>base @gkaissisCaught ForceObjectDelete called by workers>base @gkaissisCaught ForceObjectDelete called by workers>base @gkaissisCaught ForceObjectDelete called by workers>base @gkaissisCaught ForceObjectDelete called by workers>base @gkaissisCaught ForceObjectDelete called by workers>base @gkaissisCaught ForceObjectDelete called by workers>base @gkaissisCaught ForceObjectDelete called by workers>base @gkaissisCaught ForceObjectDelete called by workers>base @gkaissisCaught ForceObjectDelete called by workers>base @gkaissisCaught ForceObjectDelete called by workers>base @gkaissisCaught ForceObjectDelete called by workers>base @gkaissisCaught ForceObjectDelete called by workers>base @gkaissisCaught ForceObjectDelete called by workers>base @gkaissisCaught ForceObjectDelete called by workers>base @gkaissisCaught ForceObjectDelete called by workers>base @gkaissisCaught ForceObjectDelete called by workers>base @gkaissisCaught ForceObjectDelete called by workers>base @gkaissisCaught ForceObjectDelete called by workers>base @gkaissisCaught ForceObjectDelete called by workers>base @gkaissisCaught ForceObjectDelete called by workers>base @gkaissisCaught ForceObjectDelete called by workers>base @gkaissisCaught ForceObjectDelete called by workers>base @gkaissisCaught ForceObjectDelete called by workers>base @gkaissisCaught ForceObjectDelete called by workers>base @gkaissisCaught ForceObjectDelete called by workers>base @gkaissisCaught ForceObjectDelete called by workers>base @gkaissisCaught ForceObjectDelete called by workers>base @gkaissisCaught ForceObjectDelete called by workers>base @gkaissisCaught ForceObjectDelete called by workers>base @gkaissisCaught ForceObjectDelete called by workers>base @gkaissisCaught ForceObjectDelete called by workers>base @gkaissisCaught ForceObjectDelete called by workers>base @gkaissisCaught ForceObjectDelete called by workers>base @gkaissisCaught ForceObjectDelete called by workers>base @gkaissisCaught ForceObjectDelete called by workers>base @gkaissisCaught ForceObjectDelete called by workers>base @gkaissisCaught ForceObjectDelete called by workers>base @gkaissisCaught ForceObjectDelete called by workers>base @gkaissisCaught ForceObjectDelete called by workers>base @gkaissisCaught ForceObjectDelete called by workers>base @gkaissisCaught ForceObjectDelete called by workers>base @gkaissisCaught ForceObjectDelete called by workers>base @gkaissisCaught ForceObjectDelete called by workers>base @gkaissisCaught ForceObjectDelete called by workers>base @gkaissisCaught ForceObjectDelete called by workers>base @gkaissisCaught ForceObjectDelete called by workers>base @gkaissisCaught ForceObjectDelete called by workers>base @gkaissisCaught ForceObjectDelete called by workers>base @gkaissisCaught ForceObjectDelete called by workers>base @gkaissisCaught ForceObjectDelete called by workers>base @gkaissisCaught ForceObjectDelete called by workers>base @gkaissisCaught ForceObjectDelete called by workers>base @gkaissisCaught ForceObjectDelete called by workers>base @gkaissisCaught ForceObjectDelete called by workers>base @gkaissisCaught ForceObjectDelete called by workers>base @gkaissisCaught ForceObjectDelete called by workers>base @gkaissisCaught ForceObjectDelete called by workers>base @gkaissisCaught ForceObjectDelete called by workers>base @gkaissisCaught ForceObjectDelete called by workers>base @gkaissisCaught ForceObjectDelete called by workers>base @gkaissisCaught ForceObjectDelete called by workers>base @gkaissisCaught ForceObjectDelete called by workers>base @gkaissisCaught ForceObjectDelete called by workers>base @gkaissisCaught ForceObjectDelete called by workers>base @gkaissisCaught ForceObjectDelete called by workers>base @gkaissisCaught ForceObjectDelete called by workers>base @gkaissisCaught ForceObjectDelete called by workers>base @gkaissisCaught ForceObjectDelete called by workers>base @gkaissisCaught ForceObjectDelete called by workers>base @gkaissisCaught ForceObjectDelete called by workers>base @gkaissisCaught ForceObjectDelete called by workers>base @gkaissisCaught ForceObjectDelete called by workers>base @gkaissisCaught ForceObjectDelete called by workers>base @gkaissisCaught ForceObjectDelete called by workers>base @gkaissisCaught ForceObjectDelete called by workers>base @gkaissisCaught ForceObjectDelete called by workers>base @gkaissisCaught ForceObjectDelete called by workers>base @gkaissisCaught ForceObjectDelete called by workers>base @gkaissisCaught ForceObjectDelete called by workers>base @gkaissisCaught ForceObjectDelete called by workers>base @gkaissisCaught ForceObjectDelete called by workers>base @gkaissisCaught ForceObjectDelete called by workers>base @gkaissisCaught ForceObjectDelete called by workers>base @gkaissisCaught ForceObjectDelete called by workers>base @gkaissisCaught ForceObjectDelete called by workers>base @gkaissisCaught ForceObjectDelete called by workers>base @gkaissisCaught ForceObjectDelete called by workers>base @gkaissisCaught ForceObjectDelete called by workers>base @gkaissisCaught ForceObjectDelete called by workers>base @gkaissisCaught ForceObjectDelete called by workers>base @gkaissisCaught ForceObjectDelete called by workers>base @gkaissisCaught ForceObjectDelete called by workers>base @gkaissisCaught ForceObjectDelete called by workers>base @gkaissisCaught ForceObjectDelete called by workers>base @gkaissisCaught ForceObjectDelete called by workers>base @gkaissisCaught ForceObjectDelete called by workers>base @gkaissisCaught ForceObjectDelete called by workers>base @gkaissisCaught ForceObjectDelete called by workers>base @gkaissisCaught ForceObjectDelete called by workers>base @gkaissisCaught ForceObjectDelete called by workers>base @gkaissisCaught ForceObjectDelete called by workers>base @gkaissisCaught ForceObjectDelete called by workers>base @gkaissisCaught ForceObjectDelete called by workers>base @gkaissisCaught ForceObjectDelete called by workers>base @gkaissisCaught ForceObjectDelete called by workers>base @gkaissisCaught ForceObjectDelete called by workers>base @gkaissisCaught ForceObjectDelete called by workers>base @gkaissisCaught ForceObjectDelete called by workers>base @gkaissisCaught ForceObjectDelete called by workers>base @gkaissisCaught ForceObjectDelete called by workers>base @gkaissisCaught ForceObjectDelete called by workers>base @gkaissisCaught ForceObjectDelete called by workers>base @gkaissisCaught ForceObjectDelete called by workers>base @gkaissisCaught ForceObjectDelete called by workers>base @gkaissisCaught ForceObjectDelete called by workers>base @gkaissisCaught ForceObjectDelete called by workers>base @gkaissisCaught ForceObjectDelete called by workers>base @gkaissisCaught ForceObjectDelete called by workers>base @gkaissisCaught ForceObjectDelete called by workers>base @gkaissisCaught ForceObjectDelete called by workers>base @gkaissisCaught ForceObjectDelete called by workers>base @gkaissisCaught ForceObjectDelete called by workers>base @gkaissisCaught ForceObjectDelete called by workers>base @gkaissisCaught ForceObjectDelete called by workers>base @gkaissisCaught ForceObjectDelete called by workers>base @gkaissisCaught ForceObjectDelete called by workers>base @gkaissisCaught ForceObjectDelete called by workers>base @gkaissisCaught ForceObjectDelete called by workers>base @gkaissisCaught ForceObjectDelete called by workers>base @gkaissisCaught ForceObjectDelete called by workers>base @gkaissisCaught ForceObjectDelete called by workers>base @gkaissisCaught ForceObjectDelete called by workers>base @gkaissisCaught ForceObjectDelete called by workers>base @gkaissisCaught ForceObjectDelete called by workers>base @gkaissisCaught ForceObjectDelete called by workers>base @gkaissisCaught ForceObjectDelete called by workers>base @gkaissisCaught ForceObjectDelete called by workers>base @gkaissisCaught ForceObjectDelete called by workers>base @gkaissisCaught ForceObjectDelete called by workers>base @gkaissisCaught ForceObjectDelete called by workers>base @gkaissisCaught ForceObjectDelete called by workers>base @gkaissisCaught ForceObjectDelete called by workers>base @gkaissisCaught ForceObjectDelete called by workers>base @gkaissisCaught ForceObjectDelete called by workers>base @gkaissisCaught ForceObjectDelete called by workers>base @gkaissisCaught ForceObjectDelete called by workers>base @gkaissisCaught ForceObjectDelete called by workers>base @gkaissisCaught ForceObjectDelete called by workers>base @gkaissisCaught ForceObjectDelete called by workers>base @gkaissisCaught ForceObjectDelete called by workers>base @gkaissisCaught ForceObjectDelete called by workers>base @gkaissisCaught ForceObjectDelete called by workers>base @gkaissisCaught ForceObjectDelete called by workers>base @gkaissisCaught ForceObjectDelete called by workers>base @gkaissisCaught ForceObjectDelete called by workers>base @gkaissisCaught ForceObjectDelete called by workers>base @gkaissisCaught ForceObjectDelete called by workers>base @gkaissisCaught ForceObjectDelete called by workers>base @gkaissisCaught ForceObjectDelete called by workers>base @gkaissisCaught ForceObjectDelete called by workers>base @gkaissisCaught ForceObjectDelete called by workers>base @gkaissisCaught ForceObjectDelete called by workers>base @gkaissisCaught ForceObjectDelete called by workers>base @gkaissisCaught ForceObjectDelete called by workers>base @gkaissisCaught ForceObjectDelete called by workers>base @gkaissisCaught ForceObjectDelete called by workers>base @gkaissisCaught ForceObjectDelete called by workers>base @gkaissisCaught ForceObjectDelete called by workers>base @gkaissisCaught ForceObjectDelete called by workers>base @gkaissisCaught ForceObjectDelete called by workers>base @gkaissisCaught ForceObjectDelete called by workers>base @gkaissisCaught ForceObjectDelete called by workers>base @gkaissisCaught ForceObjectDelete called by workers>base @gkaissisCaught ForceObjectDelete called by workers>base @gkaissisCaught ForceObjectDelete called by workers>base @gkaissisCaught ForceObjectDelete called by workers>base @gkaissisCaught ForceObjectDelete called by workers>base @gkaissisCaught ForceObjectDelete called by workers>base @gkaissisCaught ForceObjectDelete called by workers>base @gkaissisCaught ForceObjectDelete called by workers>base @gkaissisCaught ForceObjectDelete called by workers>base @gkaissisCaught ForceObjectDelete called by workers>base @gkaissisCaught ForceObjectDelete called by workers>base @gkaissisCaught ForceObjectDelete called by workers>base @gkaissisCaught ForceObjectDelete called by workers>base @gkaissisCaught ForceObjectDelete called by workers>base @gkaissisCaught ForceObjectDelete called by workers>base @gkaissisCaught ForceObjectDelete called by workers>base @gkaissisCaught ForceObjectDelete called by workers>base @gkaissisCaught ForceObjectDelete called by workers>base @gkaissisCaught ForceObjectDelete called by workers>base @gkaissisCaught ForceObjectDelete called by workers>base @gkaissisCaught ForceObjectDelete called by workers>base @gkaissisCaught ForceObjectDelete called by workers>base @gkaissisCaught ForceObjectDelete called by workers>base @gkaissisCaught ForceObjectDelete called by workers>base @gkaissisCaught ForceObjectDelete called by workers>base @gkaissisCaught ForceObjectDelete called by workers>base @gkaissisCaught ForceObjectDelete called by workers>base @gkaissisCaught ForceObjectDelete called by workers>base @gkaissisCaught ForceObjectDelete called by workers>base @gkaissisCaught ForceObjectDelete called by workers>base @gkaissisCaught ForceObjectDelete called by workers>base @gkaissisCaught ForceObjectDelete called by workers>base @gkaissisCaught ForceObjectDelete called by workers>base @gkaissisCaught ForceObjectDelete called by workers>base @gkaissisCaught ForceObjectDelete called by workers>base @gkaissisCaught ForceObjectDelete called by workers>base @gkaissisCaught ForceObjectDelete called by workers>base @gkaissisCaught ForceObjectDelete called by workers>base @gkaissisCaught ForceObjectDelete called by workers>base @gkaissisCaught ForceObjectDelete called by workers>base @gkaissisCaught ForceObjectDelete called by workers>base @gkaissisCaught ForceObjectDelete called by workers>base @gkaissisCaught ForceObjectDelete called by workers>base @gkaissisCaught ForceObjectDelete called by workers>base @gkaissisCaught ForceObjectDelete called by workers>base @gkaissisCaught ForceObjectDelete called by workers>base @gkaissisCaught ForceObjectDelete called by workers>base @gkaissisCaught ForceObjectDelete called by workers>base @gkaissisCaught ForceObjectDelete called by workers>base @gkaissisCaught ForceObjectDelete called by workers>base @gkaissisCaught ForceObjectDelete called by workers>base @gkaissisCaught ForceObjectDelete called by workers>base @gkaissisCaught ForceObjectDelete called by workers>base @gkaissisCaught ForceObjectDelete called by workers>base @gkaissisCaught ForceObjectDelete called by workers>base @gkaissisCaught ForceObjectDelete called by workers>base @gkaissisCaught ForceObjectDelete called by workers>base @gkaissisCaught ForceObjectDelete called by workers>base @gkaissisCaught ForceObjectDelete called by workers>base @gkaissisCaught ForceObjectDelete called by workers>base @gkaissisCaught ForceObjectDelete called by workers>base @gkaissisCaught ForceObjectDelete called by workers>base @gkaissisCaught ForceObjectDelete called by workers>base @gkaissisCaught ForceObjectDelete called by workers>base @gkaissisCaught ForceObjectDelete called by workers>base @gkaissisCaught ForceObjectDelete called by workers>base @gkaissisCaught ForceObjectDelete called by workers>base @gkaissisCaught ForceObjectDelete called by workers>base @gkaissisCaught ForceObjectDelete called by workers>base @gkaissisCaught ForceObjectDelete called by workers>base @gkaissisCaught ForceObjectDelete called by workers>base @gkaissisCaught ForceObjectDelete called by workers>base @gkaissisCaught ForceObjectDelete called by workers>base @gkaissisCaught ForceObjectDelete called by workers>base @gkaissisCaught ForceObjectDelete called by workers>base @gkaissisCaught ForceObjectDelete called by workers>base @gkaissisCaught ForceObjectDelete called by workers>base @gkaissisCaught ForceObjectDelete called by workers>base @gkaissisCaught ForceObjectDelete called by workers>base @gkaissisCaught ForceObjectDelete called by workers>base @gkaissisCaught ForceObjectDelete called by workers>base @gkaissisCaught ForceObjectDelete called by workers>base @gkaissisCaught ForceObjectDelete called by workers>base @gkaissisCaught ForceObjectDelete called by workers>base @gkaissisCaught ForceObjectDelete called by workers>base @gkaissisCaught ForceObjectDelete called by workers>base @gkaissisCaught ForceObjectDelete called by workers>base @gkaissisCaught ForceObjectDelete called by workers>base @gkaissisCaught ForceObjectDelete called by workers>base @gkaissisCaught ForceObjectDelete called by workers>base @gkaissisCaught ForceObjectDelete called by workers>base @gkaissisCaught ForceObjectDelete called by workers>base @gkaissisCaught ForceObjectDelete called by workers>base @gkaissisCaught ForceObjectDelete called by workers>base @gkaissisCaught ForceObjectDelete called by workers>base @gkaissisCaught ForceObjectDelete called by workers>base @gkaissisCaught ForceObjectDelete called by workers>base @gkaissisCaught ForceObjectDelete called by workers>base @gkaissisCaught ForceObjectDelete called by workers>base @gkaissisCaught ForceObjectDelete called by workers>base @gkaissisCaught ForceObjectDelete called by workers>base @gkaissisCaught ForceObjectDelete called by workers>base @gkaissisCaught ForceObjectDelete called by workers>base @gkaissisCaught ForceObjectDelete called by workers>base @gkaissisCaught ForceObjectDelete called by workers>base @gkaissisCaught ForceObjectDelete called by workers>base @gkaissisCaught ForceObjectDelete called by workers>base @gkaissisCaught ForceObjectDelete called by workers>base @gkaissisCaught ForceObjectDelete called by workers>base @gkaissisCaught ForceObjectDelete called by workers>base @gkaissisCaught ForceObjectDelete called by workers>base @gkaissisCaught ForceObjectDelete called by workers>base @gkaissisCaught ForceObjectDelete called by workers>base @gkaissisCaught ForceObjectDelete called by workers>base @gkaissisCaught ForceObjectDelete called by workers>base @gkaissisCaught ForceObjectDelete called by workers>base @gkaissisCaught ForceObjectDelete called by workers>base @gkaissisCaught ForceObjectDelete called by workers>base @gkaissisCaught ForceObjectDelete called by workers>base @gkaissisCaught ForceObjectDelete called by workers>base @gkaissisCaught ForceObjectDelete called by workers>base @gkaissisCaught ForceObjectDelete called by workers>base @gkaissisCaught ForceObjectDelete called by workers>base @gkaissisCaught ForceObjectDelete called by workers>base @gkaissisCaught ForceObjectDelete called by workers>base @gkaissisCaught ForceObjectDelete called by workers>base @gkaissisCaught ForceObjectDelete called by workers>base @gkaissisCaught ForceObjectDelete called by workers>base @gkaissisCaught ForceObjectDelete called by workers>base @gkaissisCaught ForceObjectDelete called by workers>base @gkaissisCaught ForceObjectDelete called by workers>base @gkaissisCaught ForceObjectDelete called by workers>base @gkaissisCaught ForceObjectDelete called by workers>base @gkaissisCaught ForceObjectDelete called by workers>base @gkaissisCaught ForceObjectDelete called by workers>base @gkaissisCaught ForceObjectDelete called by workers>base @gkaissisCaught ForceObjectDelete called by workers>base @gkaissisCaught ForceObjectDelete called by workers>base @gkaissisCaught ForceObjectDelete called by workers>base @gkaissisCaught ForceObjectDelete called by workers>base @gkaissisCaught ForceObjectDelete called by workers>base @gkaissisCaught ForceObjectDelete called by workers>base @gkaissisCaught ForceObjectDelete called by workers>base @gkaissisCaught ForceObjectDelete called by workers>base @gkaissisCaught ForceObjectDelete called by workers>base @gkaissisCaught ForceObjectDelete called by workers>base @gkaissisCaught ForceObjectDelete called by workers>base @gkaissisCaught ForceObjectDelete called by workers>base @gkaissisCaught ForceObjectDelete called by workers>base @gkaissisCaught ForceObjectDelete called by workers>base @gkaissisCaught ForceObjectDelete called by workers>base @gkaissisCaught ForceObjectDelete called by workers>base @gkaissisCaught ForceObjectDelete called by workers>base @gkaissisCaught ForceObjectDelete called by workers>base @gkaissisCaught ForceObjectDelete called by workers>base @gkaissisCaught ForceObjectDelete called by workers>base @gkaissisCaught ForceObjectDelete called by workers>base @gkaissisCaught ForceObjectDelete called by workers>base @gkaissisCaught ForceObjectDelete called by workers>base @gkaissisCaught ForceObjectDelete called by workers>base @gkaissisCaught ForceObjectDelete called by workers>base @gkaissisCaught ForceObjectDelete called by workers>base @gkaissisCaught ForceObjectDelete called by workers>base @gkaissisCaught ForceObjectDelete called by workers>base @gkaissisCaught ForceObjectDelete called by workers>base @gkaissisCaught ForceObjectDelete called by workers>base @gkaissisCaught ForceObjectDelete called by workers>base @gkaissisCaught ForceObjectDelete called by workers>base @gkaissisCaught ForceObjectDelete called by workers>base @gkaissisCaught ForceObjectDelete called by workers>base @gkaissisCaught ForceObjectDelete called by workers>base @gkaissisCaught ForceObjectDelete called by workers>base @gkaissisCaught ForceObjectDelete called by workers>base @gkaissisCaught ForceObjectDelete called by workers>base @gkaissisCaught ForceObjectDelete called by workers>base @gkaissisCaught ForceObjectDelete called by workers>base @gkaissisCaught ForceObjectDelete called by workers>base @gkaissisCaught ForceObjectDelete called by workers>base @gkaissisCaught ForceObjectDelete called by workers>base @gkaissisCaught ForceObjectDelete called by workers>base @gkaissisCaught ForceObjectDelete called by workers>base @gkaissisCaught ForceObjectDelete called by workers>base @gkaissisCaught ForceObjectDelete called by workers>base @gkaissisCaught ForceObjectDelete called by workers>base @gkaissisCaught ForceObjectDelete called by workers>base @gkaissisCaught ForceObjectDelete called by workers>base @gkaissisCaught ForceObjectDelete called by workers>base @gkaissisCaught ForceObjectDelete called by workers>base @gkaissisCaught ForceObjectDelete called by workers>base @gkaissisCaught ForceObjectDelete called by workers>base @gkaissisCaught ForceObjectDelete called by workers>base @gkaissisCaught ForceObjectDelete called by workers>base @gkaissisCaught ForceObjectDelete called by workers>base @gkaissisCaught ForceObjectDelete called by workers>base @gkaissisCaught ForceObjectDelete called by workers>base @gkaissisCaught ForceObjectDelete called by workers>base @gkaissisCaught ForceObjectDelete called by workers>base @gkaissisCaught ForceObjectDelete called by workers>base @gkaissisCaught ForceObjectDelete called by workers>base @gkaissisCaught ForceObjectDelete called by workers>base @gkaissisCaught ForceObjectDelete called by workers>base @gkaissisCaught ForceObjectDelete called by workers>base @gkaissisCaught ForceObjectDelete called by workers>base @gkaissisCaught ForceObjectDelete called by workers>base @gkaissisCaught ForceObjectDelete called by workers>base @gkaissisCaught ForceObjectDelete called by workers>base @gkaissisCaught ForceObjectDelete called by workers>base @gkaissisCaught ForceObjectDelete called by workers>base @gkaissisCaught ForceObjectDelete called by workers>base @gkaissisCaught ForceObjectDelete called by workers>base @gkaissisCaught ForceObjectDelete called by workers>base @gkaissisCaught ForceObjectDelete called by workers>base @gkaissisCaught ForceObjectDelete called by workers>base @gkaissisCaught ForceObjectDelete called by workers>base @gkaissisCaught ForceObjectDelete called by workers>base @gkaissisCaught ForceObjectDelete called by workers>base @gkaissisCaught ForceObjectDelete called by workers>base @gkaissisCaught ForceObjectDelete called by workers>base @gkaissisCaught ForceObjectDelete called by workers>base @gkaissisCaught ForceObjectDelete called by workers>base @gkaissisCaught ForceObjectDelete called by workers>base @gkaissisCaught ForceObjectDelete called by workers>base @gkaissisCaught ForceObjectDelete called by workers>base @gkaissisCaught ForceObjectDelete called by workers>base @gkaissisCaught ForceObjectDelete called by workers>base @gkaissisCaught ForceObjectDelete called by workers>base @gkaissisCaught ForceObjectDelete called by workers>base @gkaissisCaught ForceObjectDelete called by workers>base @gkaissisCaught ForceObjectDelete called by workers>base @gkaissisCaught ForceObjectDelete called by workers>base @gkaissisCaught ForceObjectDelete called by workers>base @gkaissisCaught ForceObjectDelete called by workers>base @gkaissisCaught ForceObjectDelete called by workers>base @gkaissisCaught ForceObjectDelete called by workers>base @gkaissisCaught ForceObjectDelete called by workers>base @gkaissisCaught ForceObjectDelete called by workers>base @gkaissisCaught ForceObjectDelete called by workers>base @gkaissisCaught ForceObjectDelete called by workers>base @gkaissisCaught ForceObjectDelete called by workers>base @gkaissisCaught ForceObjectDelete called by workers>base @gkaissisCaught ForceObjectDelete called by workers>base @gkaissisCaught ForceObjectDelete called by workers>base @gkaissisCaught ForceObjectDelete called by workers>base @gkaissisCaught ForceObjectDelete called by workers>base @gkaissisCaught ForceObjectDelete called by workers>base @gkaissisCaught ForceObjectDelete called by workers>base @gkaissisCaught ForceObjectDelete called by workers>base @gkaissisCaught ForceObjectDelete called by workers>base @gkaissisCaught ForceObjectDelete called by workers>base @gkaissisCaught ForceObjectDelete called by workers>base @gkaissisCaught ForceObjectDelete called by workers>base @gkaissisCaught ForceObjectDelete called by workers>base @gkaissisCaught ForceObjectDelete called by workers>base @gkaissisCaught ForceObjectDelete called by workers>base @gkaissisCaught ForceObjectDelete called by workers>base @gkaissisCaught ForceObjectDelete called by workers>base @gkaissisCaught ForceObjectDelete called by workers>base @gkaissisCaught ForceObjectDelete called by workers>base @gkaissisCaught ForceObjectDelete called by workers>base @gkaissisCaught ForceObjectDelete called by workers>base @gkaissisCaught ForceObjectDelete called by workers>base @gkaissisCaught ForceObjectDelete called by workers>base @gkaissisCaught ForceObjectDelete called by workers>base @gkaissisCaught ForceObjectDelete called by workers>base @gkaissisCaught ForceObjectDelete called by workers>base @gkaissisCaught ForceObjectDelete called by workers>base @gkaissisCaught ForceObjectDelete called by workers>base @gkaissisCaught ForceObjectDelete called by workers>base @gkaissisCaught ForceObjectDelete called by workers>base @gkaissisCaught ForceObjectDelete called by workers>base @gkaissisCaught ForceObjectDelete called by workers>base @gkaissisCaught ForceObjectDelete called by workers>base @gkaissisCaught ForceObjectDelete called by workers>base @gkaissisCaught ForceObjectDelete called by workers>base @gkaissisCaught ForceObjectDelete called by workers>base @gkaissisCaught ForceObjectDelete called by workers>base @gkaissisCaught ForceObjectDelete called by workers>base @gkaissisCaught ForceObjectDelete called by workers>base @gkaissisCaught ForceObjectDelete called by workers>base @gkaissisCaught ForceObjectDelete called by workers>base @gkaissisCaught ForceObjectDelete called by workers>base @gkaissisCaught ForceObjectDelete called by workers>base @gkaissisCaught ForceObjectDelete called by workers>base @gkaissisCaught ForceObjectDelete called by workers>base @gkaissisCaught ForceObjectDelete called by workers>base @gkaissisCaught ForceObjectDelete called by workers>base @gkaissisCaught ForceObjectDelete called by workers>base @gkaissisCaught ForceObjectDelete called by workers>base @gkaissisCaught ForceObjectDelete called by workers>base @gkaissisCaught ForceObjectDelete called by workers>base @gkaissisCaught ForceObjectDelete called by workers>base @gkaissisCaught ForceObjectDelete called by workers>base @gkaissisCaught ForceObjectDelete called by workers>base @gkaissisCaught ForceObjectDelete called by workers>base @gkaissisCaught ForceObjectDelete called by workers>base @gkaissisCaught ForceObjectDelete called by workers>base @gkaissisCaught ForceObjectDelete called by workers>base @gkaissisCaught ForceObjectDelete called by workers>base @gkaissisCaught ForceObjectDelete called by workers>base @gkaissisCaught ForceObjectDelete called by workers>base @gkaissisCaught ForceObjectDelete called by workers>base @gkaissisCaught ForceObjectDelete called by workers>base @gkaissisCaught ForceObjectDelete called by workers>base @gkaissisCaught ForceObjectDelete called by workers>base @gkaissisCaught ForceObjectDelete called by workers>base @gkaissisCaught ForceObjectDelete called by workers>base @gkaissisCaught ForceObjectDelete called by workers>base @gkaissisCaught ForceObjectDelete called by workers>base @gkaissisCaught ForceObjectDelete called by workers>base @gkaissisCaught ForceObjectDelete called by workers>base @gkaissisCaught ForceObjectDelete called by workers>base @gkaissisCaught ForceObjectDelete called by workers>base @gkaissisCaught ForceObjectDelete called by workers>base @gkaissisCaught ForceObjectDelete called by workers>base @gkaissisCaught ForceObjectDelete called by workers>base @gkaissisCaught ForceObjectDelete called by workers>base @gkaissisCaught ForceObjectDelete called by workers>base @gkaissisCaught ForceObjectDelete called by workers>base @gkaissisCaught ForceObjectDelete called by workers>base @gkaissisCaught ForceObjectDelete called by workers>base @gkaissisCaught ForceObjectDelete called by workers>base @gkaissisCaught ForceObjectDelete called by workers>base @gkaissisCaught ForceObjectDelete called by workers>base @gkaissisCaught ForceObjectDelete called by workers>base @gkaissisCaught ForceObjectDelete called by workers>base @gkaissisCaught ForceObjectDelete called by workers>base @gkaissisCaught ForceObjectDelete called by workers>base @gkaissisCaught ForceObjectDelete called by workers>base @gkaissisCaught ForceObjectDelete called by workers>base @gkaissisCaught ForceObjectDelete called by workers>base @gkaissisCaught ForceObjectDelete called by workers>base @gkaissisCaught ForceObjectDelete called by workers>base @gkaissisCaught ForceObjectDelete called by workers>base @gkaissisCaught ForceObjectDelete called by workers>base @gkaissisCaught ForceObjectDelete called by workers>base @gkaissisCaught ForceObjectDelete called by workers>base @gkaissisCaught ForceObjectDelete called by workers>base @gkaissisCaught ForceObjectDelete called by workers>base @gkaissisCaught ForceObjectDelete called by workers>base @gkaissisCaught ForceObjectDelete called by workers>base @gkaissisCaught ForceObjectDelete called by workers>base @gkaissisCaught ForceObjectDelete called by workers>base @gkaissisCaught ForceObjectDelete called by workers>base @gkaissisCaught ForceObjectDelete called by workers>base @gkaissisCaught ForceObjectDelete called by workers>base @gkaissisCaught ForceObjectDelete called by workers>base @gkaissisCaught ForceObjectDelete called by workers>base @gkaissisCaught ForceObjectDelete called by workers>base @gkaissisCaught ForceObjectDelete called by workers>base @gkaissisCaught ForceObjectDelete called by workers>base @gkaissisCaught ForceObjectDelete called by workers>base @gkaissisCaught ForceObjectDelete called by workers>base @gkaissisCaught ForceObjectDelete called by workers>base @gkaissisCaught ForceObjectDelete called by workers>base @gkaissisCaught ForceObjectDelete called by workers>base @gkaissisCaught ForceObjectDelete called by workers>base @gkaissisCaught ForceObjectDelete called by workers>base @gkaissisCaught ForceObjectDelete called by workers>base @gkaissisCaught ForceObjectDelete called by workers>base @gkaissisCaught ForceObjectDelete called by workers>base @gkaissisCaught ForceObjectDelete called by workers>base @gkaissisCaught ForceObjectDelete called by workers>base @gkaissisCaught ForceObjectDelete called by workers>base @gkaissisCaught ForceObjectDelete called by workers>base @gkaissisCaught ForceObjectDelete called by workers>base @gkaissisCaught ForceObjectDelete called by workers>base @gkaissisCaught ForceObjectDelete called by workers>base @gkaissisCaught ForceObjectDelete called by workers>base @gkaissisCaught ForceObjectDelete called by workers>base @gkaissisCaught ForceObjectDelete called by workers>base @gkaissisCaught ForceObjectDelete called by workers>base @gkaissisCaught ForceObjectDelete called by workers>base @gkaissisCaught ForceObjectDelete called by workers>base @gkaissisCaught ForceObjectDelete called by workers>base @gkaissisCaught ForceObjectDelete called by workers>base @gkaissisCaught ForceObjectDelete called by workers>base @gkaissisCaught ForceObjectDelete called by workers>base @gkaissisCaught ForceObjectDelete called by workers>base @gkaissisCaught ForceObjectDelete called by workers>base @gkaissisCaught ForceObjectDelete called by workers>base @gkaissisCaught ForceObjectDelete called by workers>base @gkaissisCaught ForceObjectDelete called by workers>base @gkaissisCaught ForceObjectDelete called by workers>base @gkaissisCaught ForceObjectDelete called by workers>base @gkaissisCaught ForceObjectDelete called by workers>base @gkaissisCaught ForceObjectDelete called by workers>base @gkaissisCaught ForceObjectDelete called by workers>base @gkaissisCaught ForceObjectDelete called by workers>base @gkaissisCaught ForceObjectDelete called by workers>base @gkaissisCaught ForceObjectDelete called by workers>base @gkaissisCaught ForceObjectDelete called by workers>base @gkaissisCaught ForceObjectDelete called by workers>base @gkaissisCaught ForceObjectDelete called by workers>base @gkaissisCaught ForceObjectDelete called by workers>base @gkaissisCaught ForceObjectDelete called by workers>base @gkaissisCaught ForceObjectDelete called by workers>base @gkaissisCaught ForceObjectDelete called by workers>base @gkaissisCaught ForceObjectDelete called by workers>base @gkaissisCaught ForceObjectDelete called by workers>base @gkaissisCaught ForceObjectDelete called by workers>base @gkaissisCaught ForceObjectDelete called by workers>base @gkaissisCaught ForceObjectDelete called by workers>base @gkaissisCaught ForceObjectDelete called by workers>base @gkaissisCaught ForceObjectDelete called by workers>base @gkaissisCaught ForceObjectDelete called by workers>base @gkaissisCaught ForceObjectDelete called by workers>base @gkaissisCaught ForceObjectDelete called by workers>base @gkaissisCaught ForceObjectDelete called by workers>base @gkaissisCaught ForceObjectDelete called by workers>base @gkaissisCaught ForceObjectDelete called by workers>base @gkaissisCaught ForceObjectDelete called by workers>base @gkaissisCaught ForceObjectDelete called by workers>base @gkaissisCaught ForceObjectDelete called by workers>base @gkaissisCaught ForceObjectDelete called by workers>base @gkaissisCaught ForceObjectDelete called by workers>base @gkaissisCaught ForceObjectDelete called by workers>base @gkaissisCaught ForceObjectDelete called by workers>base @gkaissisCaught ForceObjectDelete called by workers>base @gkaissisCaught ForceObjectDelete called by workers>base @gkaissisCaught ForceObjectDelete called by workers>base @gkaissisCaught ForceObjectDelete called by workers>base @gkaissisCaught ForceObjectDelete called by workers>base @gkaissisCaught ForceObjectDelete called by workers>base @gkaissisCaught ForceObjectDelete called by workers>base @gkaissisCaught ForceObjectDelete called by workers>base @gkaissisCaught ForceObjectDelete called by workers>base @gkaissisCaught ForceObjectDelete called by workers>base @gkaissisCaught ForceObjectDelete called by workers>base @gkaissisCaught ForceObjectDelete called by workers>base @gkaissisCaught ForceObjectDelete called by workers>base @gkaissisCaught ForceObjectDelete called by workers>base @gkaissisCaught ForceObjectDelete called by workers>base @gkaissisCaught ForceObjectDelete called by workers>base @gkaissisCaught ForceObjectDelete called by workers>base @gkaissisCaught ForceObjectDelete called by workers>base @gkaissisCaught ForceObjectDelete called by workers>base @gkaissisCaught ForceObjectDelete called by workers>base @gkaissisCaught ForceObjectDelete called by workers>base @gkaissisCaught ForceObjectDelete called by workers>base @gkaissisCaught ForceObjectDelete called by workers>base @gkaissisCaught ForceObjectDelete called by workers>base @gkaissisCaught ForceObjectDelete called by workers>base @gkaissisCaught ForceObjectDelete called by workers>base @gkaissisCaught ForceObjectDelete called by workers>base @gkaissisCaught ForceObjectDelete called by workers>base @gkaissisCaught ForceObjectDelete called by workers>base @gkaissisCaught ForceObjectDelete called by workers>base @gkaissisCaught ForceObjectDelete called by workers>base @gkaissisCaught ForceObjectDelete called by workers>base @gkaissisCaught ForceObjectDelete called by workers>base @gkaissisCaught ForceObjectDelete called by workers>base @gkaissisCaught ForceObjectDelete called by workers>base @gkaissisCaught ForceObjectDelete called by workers>base @gkaissisCaught ForceObjectDelete called by workers>base @gkaissisCaught ForceObjectDelete called by workers>base @gkaissisCaught ForceObjectDelete called by workers>base @gkaissisCaught ForceObjectDelete called by workers>base @gkaissisCaught ForceObjectDelete called by workers>base @gkaissisCaught ForceObjectDelete called by workers>base @gkaissisCaught ForceObjectDelete called by workers>base @gkaissisCaught ForceObjectDelete called by workers>base @gkaissisCaught ForceObjectDelete called by workers>base @gkaissisCaught ForceObjectDelete called by workers>base @gkaissisCaught ForceObjectDelete called by workers>base @gkaissisCaught ForceObjectDelete called by workers>base @gkaissisCaught ForceObjectDelete called by workers>base @gkaissisCaught ForceObjectDelete called by workers>base @gkaissisCaught ForceObjectDelete called by workers>base @gkaissisCaught ForceObjectDelete called by workers>base @gkaissisCaught ForceObjectDelete called by workers>base @gkaissisCaught ForceObjectDelete called by workers>base @gkaissisCaught ForceObjectDelete called by workers>base @gkaissisCaught ForceObjectDelete called by workers>base @gkaissisCaught ForceObjectDelete called by workers>base @gkaissisCaught ForceObjectDelete called by workers>base @gkaissisCaught ForceObjectDelete called by workers>base @gkaissisCaught ForceObjectDelete called by workers>base @gkaissisCaught ForceObjectDelete called by workers>base @gkaissisCaught ForceObjectDelete called by workers>base @gkaissisCaught ForceObjectDelete called by workers>base @gkaissisCaught ForceObjectDelete called by workers>base @gkaissisCaught ForceObjectDelete called by workers>base @gkaissisCaught ForceObjectDelete called by workers>base @gkaissisCaught ForceObjectDelete called by workers>base @gkaissisCaught ForceObjectDelete called by workers>base @gkaissisCaught ForceObjectDelete called by workers>base @gkaissisCaught ForceObjectDelete called by workers>base @gkaissisCaught ForceObjectDelete called by workers>base @gkaissisCaught ForceObjectDelete called by workers>base @gkaissisCaught ForceObjectDelete called by workers>base @gkaissisCaught ForceObjectDelete called by workers>base @gkaissisCaught ForceObjectDelete called by workers>base @gkaissisCaught ForceObjectDelete called by workers>base @gkaissisCaught ForceObjectDelete called by workers>base @gkaissisCaught ForceObjectDelete called by workers>base @gkaissisCaught ForceObjectDelete called by workers>base @gkaissisCaught ForceObjectDelete called by workers>base @gkaissisCaught ForceObjectDelete called by workers>base @gkaissisCaught ForceObjectDelete called by workers>base @gkaissisCaught ForceObjectDelete called by workers>base @gkaissisCaught ForceObjectDelete called by workers>base @gkaissisCaught ForceObjectDelete called by workers>base @gkaissisCaught ForceObjectDelete called by workers>base @gkaissisCaught ForceObjectDelete called by workers>base @gkaissisCaught ForceObjectDelete called by workers>base @gkaissisCaught ForceObjectDelete called by workers>base @gkaissisCaught ForceObjectDelete called by workers>base @gkaissisCaught ForceObjectDelete called by workers>base @gkaissisCaught ForceObjectDelete called by workers>base @gkaissisCaught ForceObjectDelete called by workers>base @gkaissisCaught ForceObjectDelete called by workers>base @gkaissisCaught ForceObjectDelete called by workers>base @gkaissisCaught ForceObjectDelete called by workers>base @gkaissisCaught ForceObjectDelete called by workers>base @gkaissisCaught ForceObjectDelete called by workers>base @gkaissisCaught ForceObjectDelete called by workers>base @gkaissisCaught ForceObjectDelete called by workers>base @gkaissisCaught ForceObjectDelete called by workers>base @gkaissisCaught ForceObjectDelete called by workers>base @gkaissisCaught ForceObjectDelete called by workers>base @gkaissisCaught ForceObjectDelete called by workers>base @gkaissisCaught ForceObjectDelete called by workers>base @gkaissisCaught ForceObjectDelete called by workers>base @gkaissisCaught ForceObjectDelete called by workers>base @gkaissisCaught ForceObjectDelete called by workers>base @gkaissisCaught ForceObjectDelete called by workers>base @gkaissisCaught ForceObjectDelete called by workers>base @gkaissisCaught ForceObjectDelete called by workers>base @gkaissisCaught ForceObjectDelete called by workers>base @gkaissisCaught ForceObjectDelete called by workers>base @gkaissisCaught ForceObjectDelete called by workers>base @gkaissisCaught ForceObjectDelete called by workers>base @gkaissisCaught ForceObjectDelete called by workers>base @gkaissisCaught ForceObjectDelete called by workers>base @gkaissisCaught ForceObjectDelete called by workers>base @gkaissisCaught ForceObjectDelete called by workers>base @gkaissisCaught ForceObjectDelete called by workers>base @gkaissisCaught ForceObjectDelete called by workers>base @gkaissisCaught ForceObjectDelete called by workers>base @gkaissisCaught ForceObjectDelete called by workers>base @gkaissisCaught ForceObjectDelete called by workers>base @gkaissisCaught ForceObjectDelete called by workers>base @gkaissisCaught ForceObjectDelete called by workers>base @gkaissisCaught ForceObjectDelete called by workers>base @gkaissisCaught ForceObjectDelete called by workers>base @gkaissisCaught ForceObjectDelete called by workers>base @gkaissisCaught ForceObjectDelete called by workers>base @gkaissisCaught ForceObjectDelete called by workers>base @gkaissisCaught ForceObjectDelete called by workers>base @gkaissisCaught ForceObjectDelete called by workers>base @gkaissisCaught ForceObjectDelete called by workers>base @gkaissisCaught ForceObjectDelete called by workers>base @gkaissisCaught ForceObjectDelete called by workers>base @gkaissisCaught ForceObjectDelete called by workers>base @gkaissisCaught ForceObjectDelete called by workers>base @gkaissisCaught ForceObjectDelete called by workers>base @gkaissisCaught ForceObjectDelete called by workers>base @gkaissisCaught ForceObjectDelete called by workers>base @gkaissisCaught ForceObjectDelete called by workers>base @gkaissisCaught ForceObjectDelete called by workers>base @gkaissisCaught ForceObjectDelete called by workers>base @gkaissisCaught ForceObjectDelete called by workers>base @gkaissisCaught ForceObjectDelete called by workers>base @gkaissisCaught ForceObjectDelete called by workers>base @gkaissisCaught ForceObjectDelete called by workers>base @gkaissisCaught ForceObjectDelete called by workers>base @gkaissisCaught ForceObjectDelete called by workers>base @gkaissisCaught ForceObjectDelete called by workers>base @gkaissisCaught ForceObjectDelete called by workers>base @gkaissisCaught ForceObjectDelete called by workers>base @gkaissisCaught ForceObjectDelete called by workers>base @gkaissisCaught ForceObjectDelete called by workers>base @gkaissisCaught ForceObjectDelete called by workers>base @gkaissisCaught ForceObjectDelete called by workers>base @gkaissisCaught ForceObjectDelete called by workers>base @gkaissisCaught ForceObjectDelete called by workers>base @gkaissisCaught ForceObjectDelete called by workers>base @gkaissisCaught ForceObjectDelete called by workers>base @gkaissisCaught ForceObjectDelete called by workers>base @gkaissisCaught ForceObjectDelete called by workers>base @gkaissisCaught ForceObjectDelete called by workers>base @gkaissisCaught ForceObjectDelete called by workers>base @gkaissisCaught ForceObjectDelete called by workers>base @gkaissisCaught ForceObjectDelete called by workers>base @gkaissisCaught ForceObjectDelete called by workers>base @gkaissisCaught ForceObjectDelete called by workers>base @gkaissisCaught ForceObjectDelete called by workers>base @gkaissisCaught ForceObjectDelete called by workers>base @gkaissisCaught ForceObjectDelete called by workers>base @gkaissisCaught ForceObjectDelete called by workers>base @gkaissisCaught ForceObjectDelete called by workers>base @gkaissisCaught ForceObjectDelete called by workers>base @gkaissisCaught ForceObjectDelete called by workers>base @gkaissisCaught ForceObjectDelete called by workers>base @gkaissisCaught ForceObjectDelete called by workers>base @gkaissisCaught ForceObjectDelete called by workers>base @gkaissisCaught ForceObjectDelete called by workers>base @gkaissisCaught ForceObjectDelete called by workers>base @gkaissisCaught ForceObjectDelete called by workers>base @gkaissisCaught ForceObjectDelete called by workers>base @gkaissisCaught ForceObjectDelete called by workers>base @gkaissisCaught ForceObjectDelete called by workers>base @gkaissisCaught ForceObjectDelete called by workers>base @gkaissisCaught ForceObjectDelete called by workers>base @gkaissisCaught ForceObjectDelete called by workers>base @gkaissisCaught ForceObjectDelete called by workers>base @gkaissisCaught ForceObjectDelete called by workers>base @gkaissisCaught ForceObjectDelete called by workers>base @gkaissisCaught ForceObjectDelete called by workers>base @gkaissisCaught ForceObjectDelete called by workers>base @gkaissisCaught ForceObjectDelete called by workers>base @gkaissisCaught ForceObjectDelete called by workers>base @gkaissisCaught ForceObjectDelete called by workers>base @gkaissisCaught ForceObjectDelete called by workers>base @gkaissisCaught ForceObjectDelete called by workers>base @gkaissisCaught ForceObjectDelete called by workers>base @gkaissisCaught ForceObjectDelete called by workers>base @gkaissisCaught ForceObjectDelete called by workers>base @gkaissisCaught ForceObjectDelete called by workers>base @gkaissisCaught ForceObjectDelete called by workers>base @gkaissisCaught ForceObjectDelete called by workers>base @gkaissisCaught ForceObjectDelete called by workers>base @gkaissisCaught ForceObjectDelete called by workers>base @gkaissisCaught ForceObjectDelete called by workers>base @gkaissisCaught ForceObjectDelete called by workers>base @gkaissisCaught ForceObjectDelete called by workers>base @gkaissisCaught ForceObjectDelete called by workers>base @gkaissisCaught ForceObjectDelete called by workers>base @gkaissisCaught ForceObjectDelete called by workers>base @gkaissisCaught ForceObjectDelete called by workers>base @gkaissisCaught ForceObjectDelete called by workers>base @gkaissisCaught ForceObjectDelete called by workers>base @gkaissisCaught ForceObjectDelete called by workers>base @gkaissisCaught ForceObjectDelete called by workers>base @gkaissisCaught ForceObjectDelete called by workers>base @gkaissisCaught ForceObjectDelete called by workers>base @gkaissisCaught ForceObjectDelete called by workers>base @gkaissisCaught ForceObjectDelete called by workers>base @gkaissisCaught ForceObjectDelete called by workers>base @gkaissisCaught ForceObjectDelete called by workers>base @gkaissisCaught ForceObjectDelete called by workers>base @gkaissisCaught ForceObjectDelete called by workers>base @gkaissisCaught ForceObjectDelete called by workers>base @gkaissisCaught ForceObjectDelete called by workers>base @gkaissisCaught ForceObjectDelete called by workers>base @gkaissisCaught ForceObjectDelete called by workers>base @gkaissisCaught ForceObjectDelete called by workers>base @gkaissisCaught ForceObjectDelete called by workers>base @gkaissisCaught ForceObjectDelete called by workers>base @gkaissisCaught ForceObjectDelete called by workers>base @gkaissisCaught ForceObjectDelete called by workers>base @gkaissisCaught ForceObjectDelete called by workers>base @gkaissisCaught ForceObjectDelete called by workers>base @gkaissisCaught ForceObjectDelete called by workers>base @gkaissisCaught ForceObjectDelete called by workers>base @gkaissisCaught ForceObjectDelete called by workers>base @gkaissisCaught ForceObjectDelete called by workers>base @gkaissisCaught ForceObjectDelete called by workers>base @gkaissisCaught ForceObjectDelete called by workers>base @gkaissisCaught ForceObjectDelete called by workers>base @gkaissisCaught ForceObjectDelete called by workers>base @gkaissisCaught ForceObjectDelete called by workers>base @gkaissisCaught ForceObjectDelete called by workers>base @gkaissisCaught ForceObjectDelete called by workers>base @gkaissisCaught ForceObjectDelete called by workers>base @gkaissisCaught ForceObjectDelete called by workers>base @gkaissisCaught ForceObjectDelete called by workers>base @gkaissisCaught ForceObjectDelete called by workers>base @gkaissisCaught ForceObjectDelete called by workers>base @gkaissisCaught ForceObjectDelete called by workers>base @gkaissisCaught ForceObjectDelete called by workers>base @gkaissisCaught ForceObjectDelete called by workers>base @gkaissisCaught ForceObjectDelete called by workers>base @gkaissisCaught ForceObjectDelete called by workers>base @gkaissisCaught ForceObjectDelete called by workers>base @gkaissisCaught ForceObjectDelete called by workers>base @gkaissisCaught ForceObjectDelete called by workers>base @gkaissisCaught ForceObjectDelete called by workers>base @gkaissisCaught ForceObjectDelete called by workers>base @gkaissisCaught ForceObjectDelete called by workers>base @gkaissisCaught ForceObjectDelete called by workers>base @gkaissisCaught ForceObjectDelete called by workers>base @gkaissisCaught ForceObjectDelete called by workers>base @gkaissisCaught ForceObjectDelete called by workers>base @gkaissisCaught ForceObjectDelete called by workers>base @gkaissisCaught ForceObjectDelete called by workers>base @gkaissisCaught ForceObjectDelete called by workers>base @gkaissisCaught ForceObjectDelete called by workers>base @gkaissisCaught ForceObjectDelete called by workers>base @gkaissisCaught ForceObjectDelete called by workers>base @gkaissisCaught ForceObjectDelete called by workers>base @gkaissisCaught ForceObjectDelete called by workers>base @gkaissisCaught ForceObjectDelete called by workers>base @gkaissisCaught ForceObjectDelete called by workers>base @gkaissisCaught ForceObjectDelete called by workers>base @gkaissisCaught ForceObjectDelete called by workers>base @gkaissisCaught ForceObjectDelete called by workers>base @gkaissisCaught ForceObjectDelete called by workers>base @gkaissisCaught ForceObjectDelete called by workers>base @gkaissisCaught ForceObjectDelete called by workers>base @gkaissisCaught ForceObjectDelete called by workers>base @gkaissisCaught ForceObjectDelete called by workers>base @gkaissisCaught ForceObjectDelete called by workers>base @gkaissisCaught ForceObjectDelete called by workers>base @gkaissisCaught ForceObjectDelete called by workers>base @gkaissisCaught ForceObjectDelete called by workers>base @gkaissisCaught ForceObjectDelete called by workers>base @gkaissisCaught ForceObjectDelete called by workers>base @gkaissisCaught ForceObjectDelete called by workers>base @gkaissisCaught ForceObjectDelete called by workers>base @gkaissisCaught ForceObjectDelete called by workers>base @gkaissisCaught ForceObjectDelete called by workers>base @gkaissisCaught ForceObjectDelete called by workers>base @gkaissisCaught ForceObjectDelete called by workers>base @gkaissisCaught ForceObjectDelete called by workers>base @gkaissisCaught ForceObjectDelete called by workers>base @gkaissisCaught ForceObjectDelete called by workers>base @gkaissisCaught ForceObjectDelete called by workers>base @gkaissisCaught ForceObjectDelete called by workers>base @gkaissisCaught ForceObjectDelete called by workers>base @gkaissisCaught ForceObjectDelete called by workers>base @gkaissisCaught ForceObjectDelete called by workers>base @gkaissisCaught ForceObjectDelete called by workers>base @gkaissisCaught ForceObjectDelete called by workers>base @gkaissisCaught ForceObjectDelete called by workers>base @gkaissisCaught ForceObjectDelete called by workers>base @gkaissisCaught ForceObjectDelete called by workers>base @gkaissisCaught ForceObjectDelete called by workers>base @gkaissisCaught ForceObjectDelete called by workers>base @gkaissisCaught ForceObjectDelete called by workers>base @gkaissisCaught ForceObjectDelete called by workers>base @gkaissisCaught ForceObjectDelete called by workers>base @gkaissisCaught ForceObjectDelete called by workers>base @gkaissisCaught ForceObjectDelete called by workers>base @gkaissisCaught ForceObjectDelete called by workers>base @gkaissisCaught ForceObjectDelete called by workers>base @gkaissisCaught ForceObjectDelete called by workers>base @gkaissisCaught ForceObjectDelete called by workers>base @gkaissisCaught ForceObjectDelete called by workers>base @gkaissisCaught ForceObjectDelete called by workers>base @gkaissisCaught ForceObjectDelete called by workers>base @gkaissisCaught ForceObjectDelete called by workers>base @gkaissisCaught ForceObjectDelete called by workers>base @gkaissisCaught ForceObjectDelete called by workers>base @gkaissisCaught ForceObjectDelete called by workers>base @gkaissisCaught ForceObjectDelete called by workers>base @gkaissisCaught ForceObjectDelete called by workers>base @gkaissisCaught ForceObjectDelete called by workers>base @gkaissisCaught ForceObjectDelete called by workers>base @gkaissisCaught ForceObjectDelete called by workers>base @gkaissisCaught ForceObjectDelete called by workers>base @gkaissisCaught ForceObjectDelete called by workers>base @gkaissisCaught ForceObjectDelete called by workers>base @gkaissisCaught ForceObjectDelete called by workers>base @gkaissisCaught ForceObjectDelete called by workers>base @gkaissisCaught ForceObjectDelete called by workers>base @gkaissisCaught ForceObjectDelete called by workers>base @gkaissisCaught ForceObjectDelete called by workers>base @gkaissisCaught ForceObjectDelete called by workers>base @gkaissisCaught ForceObjectDelete called by workers>base @gkaissisCaught ForceObjectDelete called by workers>base @gkaissisCaught ForceObjectDelete called by workers>base @gkaissisCaught ForceObjectDelete called by workers>base @gkaissisCaught ForceObjectDelete called by workers>base @gkaissisCaught ForceObjectDelete called by workers>base @gkaissisCaught ForceObjectDelete called by workers>base @gkaissisCaught ForceObjectDelete called by workers>base @gkaissisCaught ForceObjectDelete called by workers>base @gkaissisCaught ForceObjectDelete called by workers>base @gkaissisCaught ForceObjectDelete called by workers>base @gkaissisCaught ForceObjectDelete called by workers>base @gkaissisCaught ForceObjectDelete called by workers>base @gkaissisCaught ForceObjectDelete called by workers>base @gkaissisCaught ForceObjectDelete called by workers>base @gkaissisCaught ForceObjectDelete called by workers>base @gkaissisCaught ForceObjectDelete called by workers>base @gkaissisCaught ForceObjectDelete called by workers>base @gkaissisCaught ForceObjectDelete called by workers>base @gkaissisCaught ForceObjectDelete called by workers>base @gkaissisCaught ForceObjectDelete called by workers>base @gkaissisCaught ForceObjectDelete called by workers>base @gkaissisCaught ForceObjectDelete called by workers>base @gkaissisCaught ForceObjectDelete called by workers>base @gkaissisCaught ForceObjectDelete called by workers>base @gkaissisCaught ForceObjectDelete called by workers>base @gkaissisCaught ForceObjectDelete called by workers>base @gkaissisCaught ForceObjectDelete called by workers>base @gkaissisCaught ForceObjectDelete called by workers>base @gkaissisCaught ForceObjectDelete called by workers>base @gkaissisCaught ForceObjectDelete called by workers>base @gkaissisCaught ForceObjectDelete called by workers>base @gkaissisCaught ForceObjectDelete called by workers>base @gkaissisCaught ForceObjectDelete called by workers>base @gkaissisCaught ForceObjectDelete called by workers>base @gkaissisCaught ForceObjectDelete called by workers>base @gkaissisCaught ForceObjectDelete called by workers>base @gkaissisCaught ForceObjectDelete called by workers>base @gkaissisCaught ForceObjectDelete called by workers>base @gkaissisCaught ForceObjectDelete called by workers>base @gkaissisCaught ForceObjectDelete called by workers>base @gkaissisCaught ForceObjectDelete called by workers>base @gkaissisCaught ForceObjectDelete called by workers>base @gkaissisCaught ForceObjectDelete called by workers>base @gkaissisCaught ForceObjectDelete called by workers>base @gkaissisCaught ForceObjectDelete called by workers>base @gkaissisCaught ForceObjectDelete called by workers>base @gkaissisCaught ForceObjectDelete called by workers>base @gkaissisCaught ForceObjectDelete called by workers>base @gkaissisCaught ForceObjectDelete called by workers>base @gkaissisCaught ForceObjectDelete called by workers>base @gkaissisCaught ForceObjectDelete called by workers>base @gkaissisCaught ForceObjectDelete called by workers>base @gkaissisCaught ForceObjectDelete called by workers>base @gkaissisCaught ForceObjectDelete called by workers>base @gkaissisCaught ForceObjectDelete called by workers>base @gkaissisCaught ForceObjectDelete called by workers>base @gkaissisCaught ForceObjectDelete called by workers>base @gkaissisCaught ForceObjectDelete called by workers>base @gkaissisCaught ForceObjectDelete called by workers>base @gkaissisCaught ForceObjectDelete called by workers>base @gkaissisCaught ForceObjectDelete called by workers>base @gkaissisCaught ForceObjectDelete called by workers>base @gkaissisCaught ForceObjectDelete called by workers>base @gkaissisCaught ForceObjectDelete called by workers>base @gkaissisCaught ForceObjectDelete called by workers>base @gkaissisCaught ForceObjectDelete called by workers>base @gkaissisCaught ForceObjectDelete called by workers>base @gkaissisCaught ForceObjectDelete called by workers>base @gkaissisCaught ForceObjectDelete called by workers>base @gkaissisCaught ForceObjectDelete called by workers>base @gkaissisCaught ForceObjectDelete called by workers>base @gkaissisCaught ForceObjectDelete called by workers>base @gkaissisCaught ForceObjectDelete called by workers>base @gkaissisCaught ForceObjectDelete called by workers>base @gkaissisCaught ForceObjectDelete called by workers>base @gkaissisCaught ForceObjectDelete called by workers>base @gkaissisCaught ForceObjectDelete called by workers>base @gkaissisCaught ForceObjectDelete called by workers>base @gkaissisCaught ForceObjectDelete called by workers>base @gkaissisCaught ForceObjectDelete called by workers>base @gkaissisCaught ForceObjectDelete called by workers>base @gkaissisCaught ForceObjectDelete called by workers>base @gkaissisCaught ForceObjectDelete called by workers>base @gkaissisCaught ForceObjectDelete called by workers>base @gkaissisCaught ForceObjectDelete called by workers>base @gkaissisCaught ForceObjectDelete called by workers>base @gkaissisCaught ForceObjectDelete called by workers>base @gkaissisCaught ForceObjectDelete called by workers>base @gkaissisCaught ForceObjectDelete called by workers>base @gkaissisCaught ForceObjectDelete called by workers>base @gkaissisCaught ForceObjectDelete called by workers>base @gkaissisCaught ForceObjectDelete called by workers>base @gkaissisCaught ForceObjectDelete called by workers>base @gkaissisCaught ForceObjectDelete called by workers>base @gkaissisCaught ForceObjectDelete called by workers>base @gkaissisCaught ForceObjectDelete called by workers>base @gkaissisCaught ForceObjectDelete called by workers>base @gkaissisCaught ForceObjectDelete called by workers>base @gkaissisCaught ForceObjectDelete called by workers>base @gkaissisCaught ForceObjectDelete called by workers>base @gkaissisCaught ForceObjectDelete called by workers>base @gkaissisCaught ForceObjectDelete called by workers>base @gkaissisCaught ForceObjectDelete called by workers>base @gkaissisCaught ForceObjectDelete called by workers>base @gkaissisCaught ForceObjectDelete called by workers>base @gkaissisCaught ForceObjectDelete called by workers>base @gkaissisCaught ForceObjectDelete called by workers>base @gkaissisCaught ForceObjectDelete called by workers>base @gkaissisCaught ForceObjectDelete called by workers>base @gkaissisCaught ForceObjectDelete called by workers>base @gkaissisCaught ForceObjectDelete called by workers>base @gkaissisCaught ForceObjectDelete called by workers>base @gkaissisCaught ForceObjectDelete called by workers>base @gkaissisCaught ForceObjectDelete called by workers>base @gkaissisCaught ForceObjectDelete called by workers>base @gkaissisCaught ForceObjectDelete called by workers>base @gkaissisCaught ForceObjectDelete called by workers>base @gkaissisCaught ForceObjectDelete called by workers>base @gkaissisCaught ForceObjectDelete called by workers>base @gkaissisCaught ForceObjectDelete called by workers>base @gkaissisCaught ForceObjectDelete called by workers>base @gkaissisCaught ForceObjectDelete called by workers>base @gkaissisCaught ForceObjectDelete called by workers>base @gkaissisCaught ForceObjectDelete called by workers>base @gkaissisCaught ForceObjectDelete called by workers>base @gkaissisCaught ForceObjectDelete called by workers>base @gkaissisCaught ForceObjectDelete called by workers>base @gkaissisCaught ForceObjectDelete called by workers>base @gkaissisCaught ForceObjectDelete called by workers>base @gkaissisCaught ForceObjectDelete called by workers>base @gkaissisCaught ForceObjectDelete called by workers>base @gkaissisCaught ForceObjectDelete called by workers>base @gkaissisCaught ForceObjectDelete called by workers>base @gkaissisCaught ForceObjectDelete called by workers>base @gkaissisCaught ForceObjectDelete called by workers>base @gkaissisCaught ForceObjectDelete called by workers>base @gkaissisCaught ForceObjectDelete called by workers>base @gkaissisCaught ForceObjectDelete called by workers>base @gkaissisCaught ForceObjectDelete called by workers>base @gkaissisCaught ForceObjectDelete called by workers>base @gkaissisCaught ForceObjectDelete called by workers>base @gkaissisCaught ForceObjectDelete called by workers>base @gkaissisCaught ForceObjectDelete called by workers>base @gkaissisCaught ForceObjectDelete called by workers>base @gkaissisCaught ForceObjectDelete called by workers>base @gkaissisCaught ForceObjectDelete called by workers>base @gkaissisCaught ForceObjectDelete called by workers>base @gkaissisCaught ForceObjectDelete called by workers>base @gkaissisCaught ForceObjectDelete called by workers>base @gkaissisCaught ForceObjectDelete called by workers>base @gkaissisCaught ForceObjectDelete called by workers>base @gkaissisCaught ForceObjectDelete called by workers>base @gkaissisCaught ForceObjectDelete called by workers>base @gkaissisCaught ForceObjectDelete called by workers>base @gkaissisCaught ForceObjectDelete called by workers>base @gkaissisCaught ForceObjectDelete called by workers>base @gkaissisCaught ForceObjectDelete called by workers>base @gkaissisCaught ForceObjectDelete called by workers>base @gkaissisCaught ForceObjectDelete called by workers>base @gkaissisCaught ForceObjectDelete called by workers>base @gkaissisCaught ForceObjectDelete called by workers>base @gkaissisCaught ForceObjectDelete called by workers>base @gkaissisCaught ForceObjectDelete called by workers>base @gkaissisCaught ForceObjectDelete called by workers>base @gkaissisCaught ForceObjectDelete called by workers>base @gkaissisCaught ForceObjectDelete called by workers>base @gkaissisCaught ForceObjectDelete called by workers>base @gkaissisCaught ForceObjectDelete called by workers>base @gkaissisCaught ForceObjectDelete called by workers>base @gkaissisCaught ForceObjectDelete called by workers>base @gkaissisCaught ForceObjectDelete called by workers>base @gkaissisCaught ForceObjectDelete called by workers>base @gkaissisCaught ForceObjectDelete called by workers>base @gkaissisCaught ForceObjectDelete called by workers>base @gkaissisCaught ForceObjectDelete called by workers>base @gkaissisCaught ForceObjectDelete called by workers>base @gkaissisCaught ForceObjectDelete called by workers>base @gkaissisCaught ForceObjectDelete called by workers>base @gkaissisCaught ForceObjectDelete called by workers>base @gkaissisCaught ForceObjectDelete called by workers>base @gkaissisCaught ForceObjectDelete called by workers>base @gkaissisCaught ForceObjectDelete called by workers>base @gkaissisCaught ForceObjectDelete called by workers>base @gkaissisCaught ForceObjectDelete called by workers>base @gkaissisCaught ForceObjectDelete called by workers>base @gkaissisCaught ForceObjectDelete called by workers>base @gkaissisCaught ForceObjectDelete called by workers>base @gkaissisCaught ForceObjectDelete called by workers>base @gkaissisCaught ForceObjectDelete called by workers>base @gkaissisCaught ForceObjectDelete called by workers>base @gkaissisCaught ForceObjectDelete called by workers>base @gkaissisCaught ForceObjectDelete called by workers>base @gkaissisCaught ForceObjectDelete called by workers>base @gkaissisCaught ForceObjectDelete called by workers>base @gkaissisCaught ForceObjectDelete called by workers>base @gkaissisCaught ForceObjectDelete called by workers>base @gkaissisCaught ForceObjectDelete called by workers>base @gkaissisCaught ForceObjectDelete called by workers>base @gkaissisCaught ForceObjectDelete called by workers>base @gkaissisCaught ForceObjectDelete called by workers>base @gkaissisCaught ForceObjectDelete called by workers>base @gkaissisCaught ForceObjectDelete called by workers>base @gkaissisCaught ForceObjectDelete called by workers>base @gkaissisCaught ForceObjectDelete called by workers>base @gkaissisCaught ForceObjectDelete called by workers>base @gkaissisCaught ForceObjectDelete called by workers>base @gkaissisCaught ForceObjectDelete called by workers>base @gkaissisCaught ForceObjectDelete called by workers>base @gkaissisCaught ForceObjectDelete called by workers>base @gkaissisCaught ForceObjectDelete called by workers>base @gkaissisCaught ForceObjectDelete called by workers>base @gkaissisCaught ForceObjectDelete called by workers>base @gkaissisCaught ForceObjectDelete called by workers>base @gkaissisCaught ForceObjectDelete called by workers>base @gkaissisCaught ForceObjectDelete called by workers>base @gkaissisCaught ForceObjectDelete called by workers>base @gkaissisCaught ForceObjectDelete called by workers>base @gkaissisCaught ForceObjectDelete called by workers>base @gkaissisCaught ForceObjectDelete called by workers>base @gkaissisCaught ForceObjectDelete called by workers>base @gkaissisCaught ForceObjectDelete called by workers>base @gkaissisCaught ForceObjectDelete called by workers>base @gkaissisCaught ForceObjectDelete called by workers>base @gkaissisCaught ForceObjectDelete called by workers>base @gkaissisCaught ForceObjectDelete called by workers>base @gkaissisCaught ForceObjectDelete called by workers>base @gkaissisCaught ForceObjectDelete called by workers>base @gkaissisCaught ForceObjectDelete called by workers>base @gkaissisCaught ForceObjectDelete called by workers>base @gkaissisCaught ForceObjectDelete called by workers>base @gkaissisCaught ForceObjectDelete called by workers>base @gkaissisCaught ForceObjectDelete called by workers>base @gkaissisCaught ForceObjectDelete called by workers>base @gkaissisCaught ForceObjectDelete called by workers>base @gkaissisCaught ForceObjectDelete called by workers>base @gkaissisCaught ForceObjectDelete called by workers>base @gkaissisCaught ForceObjectDelete called by workers>base @gkaissisCaught ForceObjectDelete called by workers>base @gkaissisCaught ForceObjectDelete called by workers>base @gkaissisCaught ForceObjectDelete called by workers>base @gkaissisCaught ForceObjectDelete called by workers>base @gkaissisCaught ForceObjectDelete called by workers>base @gkaissisCaught ForceObjectDelete called by workers>base @gkaissisCaught ForceObjectDelete called by workers>base @gkaissisCaught ForceObjectDelete called by workers>base @gkaissisCaught ForceObjectDelete called by workers>base @gkaissisCaught ForceObjectDelete called by workers>base @gkaissisCaught ForceObjectDelete called by workers>base @gkaissisCaught ForceObjectDelete called by workers>base @gkaissisCaught ForceObjectDelete called by workers>base @gkaissisCaught ForceObjectDelete called by workers>base @gkaissisCaught ForceObjectDelete called by workers>base @gkaissisCaught ForceObjectDelete called by workers>base @gkaissisCaught ForceObjectDelete called by workers>base @gkaissisCaught ForceObjectDelete called by workers>base @gkaissisCaught ForceObjectDelete called by workers>base @gkaissisCaught ForceObjectDelete called by workers>base @gkaissisCaught ForceObjectDelete called by workers>base @gkaissisCaught ForceObjectDelete called by workers>base @gkaissisCaught ForceObjectDelete called by workers>base @gkaissisCaught ForceObjectDelete called by workers>base @gkaissisCaught ForceObjectDelete called by workers>base @gkaissisCaught ForceObjectDelete called by workers>base @gkaissisCaught ForceObjectDelete called by workers>base @gkaissisCaught ForceObjectDelete called by workers>base @gkaissisCaught ForceObjectDelete called by workers>base @gkaissisCaught ForceObjectDelete called by workers>base @gkaissisCaught ForceObjectDelete called by workers>base @gkaissisCaught ForceObjectDelete called by workers>base @gkaissisCaught ForceObjectDelete called by workers>base @gkaissisCaught ForceObjectDelete called by workers>base @gkaissisCaught ForceObjectDelete called by workers>base @gkaissisCaught ForceObjectDelete called by workers>base @gkaissisCaught ForceObjectDelete called by workers>base @gkaissisCaught ForceObjectDelete called by workers>base @gkaissisCaught ForceObjectDelete called by workers>base @gkaissisCaught ForceObjectDelete called by workers>base @gkaissisCaught ForceObjectDelete called by workers>base @gkaissisCaught ForceObjectDelete called by workers>base @gkaissisCaught ForceObjectDelete called by workers>base @gkaissisCaught ForceObjectDelete called by workers>base @gkaissisCaught ForceObjectDelete called by workers>base @gkaissisCaught ForceObjectDelete called by workers>base @gkaissisCaught ForceObjectDelete called by workers>base @gkaissisCaught ForceObjectDelete called by workers>base @gkaissisCaught ForceObjectDelete called by workers>base @gkaissisCaught ForceObjectDelete called by workers>base @gkaissisCaught ForceObjectDelete called by workers>base @gkaissisCaught ForceObjectDelete called by workers>base @gkaissisCaught ForceObjectDelete called by workers>base @gkaissisCaught ForceObjectDelete called by workers>base @gkaissisCaught ForceObjectDelete called by workers>base @gkaissisCaught ForceObjectDelete called by workers>base @gkaissisCaught ForceObjectDelete called by workers>base @gkaissisCaught ForceObjectDelete called by workers>base @gkaissisCaught ForceObjectDelete called by workers>base @gkaissisCaught ForceObjectDelete called by workers>base @gkaissisCaught ForceObjectDelete called by workers>base @gkaissisCaught ForceObjectDelete called by workers>base @gkaissisCaught ForceObjectDelete called by workers>base @gkaissisCaught ForceObjectDelete called by workers>base @gkaissisCaught ForceObjectDelete called by workers>base @gkaissisCaught ForceObjectDelete called by workers>base @gkaissisCaught ForceObjectDelete called by workers>base @gkaissisCaught ForceObjectDelete called by workers>base @gkaissisCaught ForceObjectDelete called by workers>base @gkaissisCaught ForceObjectDelete called by workers>base @gkaissisCaught ForceObjectDelete called by workers>base @gkaissisCaught ForceObjectDelete called by workers>base @gkaissisCaught ForceObjectDelete called by workers>base @gkaissisCaught ForceObjectDelete called by workers>base @gkaissisCaught ForceObjectDelete called by workers>base @gkaissisCaught ForceObjectDelete called by workers>base @gkaissisCaught ForceObjectDelete called by workers>base @gkaissisCaught ForceObjectDelete called by workers>base @gkaissisCaught ForceObjectDelete called by workers>base @gkaissisCaught ForceObjectDelete called by workers>base @gkaissisCaught ForceObjectDelete called by workers>base @gkaissisCaught ForceObjectDelete called by workers>base @gkaissisCaught ForceObjectDelete called by workers>base @gkaissisCaught ForceObjectDelete called by workers>base @gkaissisCaught ForceObjectDelete called by workers>base @gkaissisCaught ForceObjectDelete called by workers>base @gkaissisCaught ForceObjectDelete called by workers>base @gkaissisCaught ForceObjectDelete called by workers>base @gkaissisCaught ForceObjectDelete called by workers>base @gkaissisCaught ForceObjectDelete called by workers>base @gkaissisCaught ForceObjectDelete called by workers>base @gkaissisCaught ForceObjectDelete called by workers>base @gkaissisCaught ForceObjectDelete called by workers>base @gkaissisCaught ForceObjectDelete called by workers>base @gkaissisCaught ForceObjectDelete called by workers>base @gkaissisCaught ForceObjectDelete called by workers>base @gkaissisCaught ForceObjectDelete called by workers>base @gkaissisCaught ForceObjectDelete called by workers>base @gkaissisCaught ForceObjectDelete called by workers>base @gkaissisCaught ForceObjectDelete called by workers>base @gkaissisCaught ForceObjectDelete called by workers>base @gkaissisCaught ForceObjectDelete called by workers>base @gkaissisCaught ForceObjectDelete called by workers>base @gkaissisCaught ForceObjectDelete called by workers>base @gkaissisCaught ForceObjectDelete called by workers>base @gkaissisCaught ForceObjectDelete called by workers>base @gkaissisCaught ForceObjectDelete called by workers>base @gkaissisCaught ForceObjectDelete called by workers>base @gkaissisCaught ForceObjectDelete called by workers>base @gkaissisCaught ForceObjectDelete called by workers>base @gkaissisCaught ForceObjectDelete called by workers>base @gkaissisCaught ForceObjectDelete called by workers>base @gkaissisCaught ForceObjectDelete called by workers>base @gkaissisCaught ForceObjectDelete called by workers>base @gkaissisCaught ForceObjectDelete called by workers>base @gkaissisCaught ForceObjectDelete called by workers>base @gkaissisCaught ForceObjectDelete called by workers>base @gkaissisCaught ForceObjectDelete called by workers>base @gkaissisCaught ForceObjectDelete called by workers>base @gkaissisCaught ForceObjectDelete called by workers>base @gkaissisCaught ForceObjectDelete called by workers>base @gkaissisCaught ForceObjectDelete called by workers>base @gkaissisCaught ForceObjectDelete called by workers>base @gkaissisCaught ForceObjectDelete called by workers>base @gkaissisCaught ForceObjectDelete called by workers>base @gkaissisCaught ForceObjectDelete called by workers>base @gkaissisCaught ForceObjectDelete called by workers>base @gkaissisCaught ForceObjectDelete called by workers>base @gkaissisCaught ForceObjectDelete called by workers>base @gkaissisCaught ForceObjectDelete called by workers>base @gkaissisCaught ForceObjectDelete called by workers>base @gkaissisCaught ForceObjectDelete called by workers>base @gkaissisCaught ForceObjectDelete called by workers>base @gkaissisCaught ForceObjectDelete called by workers>base @gkaissisCaught ForceObjectDelete called by workers>base @gkaissisCaught ForceObjectDelete called by workers>base @gkaissisCaught ForceObjectDelete called by workers>base @gkaissisCaught ForceObjectDelete called by workers>base @gkaissisCaught ForceObjectDelete called by workers>base @gkaissisCaught ForceObjectDelete called by workers>base @gkaissisCaught ForceObjectDelete called by workers>base @gkaissisCaught ForceObjectDelete called by workers>base @gkaissisCaught ForceObjectDelete called by workers>base @gkaissisCaught ForceObjectDelete called by workers>base @gkaissisCaught ForceObjectDelete called by workers>base @gkaissisCaught ForceObjectDelete called by workers>base @gkaissisCaught ForceObjectDelete called by workers>base @gkaissisCaught ForceObjectDelete called by workers>base @gkaissisCaught ForceObjectDelete called by workers>base @gkaissisCaught ForceObjectDelete called by workers>base @gkaissisCaught ForceObjectDelete called by workers>base @gkaissisCaught ForceObjectDelete called by workers>base @gkaissisCaught ForceObjectDelete called by workers>base @gkaissisCaught ForceObjectDelete called by workers>base @gkaissisCaught ForceObjectDelete called by workers>base @gkaissisCaught ForceObjectDelete called by workers>base @gkaissisCaught ForceObjectDelete called by workers>base @gkaissisCaught ForceObjectDelete called by workers>base @gkaissisCaught ForceObjectDelete called by workers>base @gkaissisCaught ForceObjectDelete called by workers>base @gkaissisCaught ForceObjectDelete called by workers>base @gkaissisCaught ForceObjectDelete called by workers>base @gkaissisCaught ForceObjectDelete called by workers>base @gkaissisCaught ForceObjectDelete called by workers>base @gkaissisCaught ForceObjectDelete called by workers>base @gkaissisCaught ForceObjectDelete called by workers>base @gkaissisCaught ForceObjectDelete called by workers>base @gkaissisCaught ForceObjectDelete called by workers>base @gkaissisCaught ForceObjectDelete called by workers>base @gkaissisCaught ForceObjectDelete called by workers>base @gkaissisCaught ForceObjectDelete called by workers>base @gkaissisCaught ForceObjectDelete called by workers>base @gkaissisCaught ForceObjectDelete called by workers>base @gkaissisCaught ForceObjectDelete called by workers>base @gkaissisCaught ForceObjectDelete called by workers>base @gkaissisCaught ForceObjectDelete called by workers>base @gkaissisCaught ForceObjectDelete called by workers>base @gkaissisCaught ForceObjectDelete called by workers>base @gkaissisCaught ForceObjectDelete called by workers>base @gkaissisCaught ForceObjectDelete called by workers>base @gkaissisCaught ForceObjectDelete called by workers>base @gkaissisCaught ForceObjectDelete called by workers>base @gkaissisCaught ForceObjectDelete called by workers>base @gkaissisCaught ForceObjectDelete called by workers>base @gkaissisCaught ForceObjectDelete called by workers>base @gkaissisCaught ForceObjectDelete called by workers>base @gkaissisCaught ForceObjectDelete called by workers>base @gkaissisCaught ForceObjectDelete called by workers>base @gkaissisCaught ForceObjectDelete called by workers>base @gkaissisCaught ForceObjectDelete called by workers>base @gkaissisCaught ForceObjectDelete called by workers>base @gkaissisCaught ForceObjectDelete called by workers>base @gkaissisCaught ForceObjectDelete called by workers>base @gkaissisCaught ForceObjectDelete called by workers>base @gkaissisCaught ForceObjectDelete called by workers>base @gkaissisCaught ForceObjectDelete called by workers>base @gkaissisCaught ForceObjectDelete called by workers>base @gkaissisCaught ForceObjectDelete called by workers>base @gkaissisCaught ForceObjectDelete called by workers>base @gkaissisCaught ForceObjectDelete called by workers>base @gkaissisCaught ForceObjectDelete called by workers>base @gkaissisCaught ForceObjectDelete called by workers>base @gkaissisCaught ForceObjectDelete called by workers>base @gkaissisCaught ForceObjectDelete called by workers>base @gkaissisCaught ForceObjectDelete called by workers>base @gkaissisCaught ForceObjectDelete called by workers>base @gkaissisCaught ForceObjectDelete called by workers>base @gkaissisCaught ForceObjectDelete called by workers>base @gkaissisCaught ForceObjectDelete called by workers>base @gkaissisCaught ForceObjectDelete called by workers>base @gkaissisCaught ForceObjectDelete called by workers>base @gkaissisCaught ForceObjectDelete called by workers>base @gkaissisCaught ForceObjectDelete called by workers>base @gkaissisCaught ForceObjectDelete called by workers>base @gkaissisCaught ForceObjectDelete called by workers>base @gkaissisCaught ForceObjectDelete called by workers>base @gkaissisCaught ForceObjectDelete called by workers>base @gkaissisCaught ForceObjectDelete called by workers>base @gkaissisCaught ForceObjectDelete called by workers>base @gkaissisCaught ForceObjectDelete called by workers>base @gkaissisCaught ForceObjectDelete called by workers>base @gkaissisCaught ForceObjectDelete called by workers>base @gkaissisCaught ForceObjectDelete called by workers>base @gkaissisCaught ForceObjectDelete called by workers>base @gkaissisCaught ForceObjectDelete called by workers>base @gkaissisCaught ForceObjectDelete called by workers>base @gkaissisCaught ForceObjectDelete called by workers>base @gkaissisCaught ForceObjectDelete called by workers>base @gkaissisCaught ForceObjectDelete called by workers>base @gkaissisCaught ForceObjectDelete called by workers>base @gkaissisCaught ForceObjectDelete called by workers>base @gkaissisCaught ForceObjectDelete called by workers>base @gkaissisCaught ForceObjectDelete called by workers>base @gkaissisCaught ForceObjectDelete called by workers>base @gkaissisCaught ForceObjectDelete called by workers>base @gkaissisCaught ForceObjectDelete called by workers>base @gkaissisCaught ForceObjectDelete called by workers>base @gkaissisCaught ForceObjectDelete called by workers>base @gkaissisCaught ForceObjectDelete called by workers>base @gkaissisCaught ForceObjectDelete called by workers>base @gkaissisCaught ForceObjectDelete called by workers>base @gkaissisCaught ForceObjectDelete called by workers>base @gkaissisCaught ForceObjectDelete called by workers>base @gkaissisCaught ForceObjectDelete called by workers>base @gkaissisCaught ForceObjectDelete called by workers>base @gkaissisCaught ForceObjectDelete called by workers>base @gkaissisCaught ForceObjectDelete called by workers>base @gkaissisCaught ForceObjectDelete called by workers>base @gkaissisCaught ForceObjectDelete called by workers>base @gkaissisCaught ForceObjectDelete called by workers>base @gkaissisCaught ForceObjectDelete called by workers>base @gkaissisCaught ForceObjectDelete called by workers>base @gkaissisCaught ForceObjectDelete called by workers>base @gkaissisCaught ForceObjectDelete called by workers>base @gkaissisCaught ForceObjectDelete called by workers>base @gkaissisCaught ForceObjectDelete called by workers>base @gkaissisCaught ForceObjectDelete called by workers>base @gkaissisCaught ForceObjectDelete called by workers>base @gkaissisCaught ForceObjectDelete called by workers>base @gkaissisCaught ForceObjectDelete called by workers>base @gkaissisCaught ForceObjectDelete called by workers>base @gkaissisCaught ForceObjectDelete called by workers>base @gkaissisCaught ForceObjectDelete called by workers>base @gkaissisCaught ForceObjectDelete called by workers>base @gkaissisCaught ForceObjectDelete called by workers>base @gkaissisCaught ForceObjectDelete called by workers>base @gkaissisCaught ForceObjectDelete called by workers>base @gkaissisCaught ForceObjectDelete called by workers>base @gkaissisCaught ForceObjectDelete called by workers>base @gkaissisCaught ForceObjectDelete called by workers>base @gkaissisCaught ForceObjectDelete called by workers>base @gkaissisCaught ForceObjectDelete called by workers>base @gkaissisCaught ForceObjectDelete called by workers>base @gkaissisCaught ForceObjectDelete called by workers>base @gkaissisCaught ForceObjectDelete called by workers>base @gkaissisCaught ForceObjectDelete called by workers>base @gkaissisCaught ForceObjectDelete called by workers>base @gkaissisCaught ForceObjectDelete called by workers>base @gkaissisCaught ForceObjectDelete called by workers>base @gkaissisCaught ForceObjectDelete called by workers>base @gkaissisCaught ForceObjectDelete called by workers>base @gkaissisCaught ForceObjectDelete called by workers>base @gkaissisCaught ForceObjectDelete called by workers>base @gkaissisCaught ForceObjectDelete called by workers>base @gkaissisCaught ForceObjectDelete called by workers>base @gkaissisCaught ForceObjectDelete called by workers>base @gkaissisCaught ForceObjectDelete called by workers>base @gkaissisCaught ForceObjectDelete called by workers>base @gkaissisCaught ForceObjectDelete called by workers>base @gkaissisCaught ForceObjectDelete called by workers>base @gkaissisCaught ForceObjectDelete called by workers>base @gkaissisCaught ForceObjectDelete called by workers>base @gkaissisCaught ForceObjectDelete called by workers>base @gkaissisCaught ForceObjectDelete called by workers>base @gkaissisCaught ForceObjectDelete called by workers>base @gkaissisCaught ForceObjectDelete called by workers>base @gkaissisCaught ForceObjectDelete called by workers>base @gkaissisCaught ForceObjectDelete called by workers>base @gkaissisCaught ForceObjectDelete called by workers>base @gkaissisCaught ForceObjectDelete called by workers>base @gkaissisCaught ForceObjectDelete called by workers>base @gkaissisCaught ForceObjectDelete called by workers>base @gkaissisCaught ForceObjectDelete called by workers>base @gkaissisCaught ForceObjectDelete called by workers>base @gkaissisCaught ForceObjectDelete called by workers>base @gkaissisCaught ForceObjectDelete called by workers>base @gkaissisCaught ForceObjectDelete called by workers>base @gkaissisCaught ForceObjectDelete called by workers>base @gkaissisCaught ForceObjectDelete called by workers>base @gkaissisCaught ForceObjectDelete called by workers>base @gkaissisCaught ForceObjectDelete called by workers>base @gkaissisCaught ForceObjectDelete called by workers>base @gkaissisCaught ForceObjectDelete called by workers>base @gkaissisCaught ForceObjectDelete called by workers>base @gkaissisCaught ForceObjectDelete called by workers>base @gkaissisCaught ForceObjectDelete called by workers>base @gkaissisCaught ForceObjectDelete called by workers>base @gkaissisCaught ForceObjectDelete called by workers>base @gkaissisCaught ForceObjectDelete called by workers>base @gkaissisCaught ForceObjectDelete called by workers>base @gkaissisCaught ForceObjectDelete called by workers>base @gkaissisCaught ForceObjectDelete called by workers>base @gkaissisCaught ForceObjectDelete called by workers>base @gkaissisCaught ForceObjectDelete called by workers>base @gkaissisCaught ForceObjectDelete called by workers>base @gkaissisCaught ForceObjectDelete called by workers>base @gkaissisCaught ForceObjectDelete called by workers>base @gkaissisCaught ForceObjectDelete called by workers>base @gkaissisCaught ForceObjectDelete called by workers>base @gkaissisCaught ForceObjectDelete called by workers>base @gkaissisCaught ForceObjectDelete called by workers>base @gkaissisCaught ForceObjectDelete called by workers>base @gkaissisCaught ForceObjectDelete called by workers>base @gkaissisCaught ForceObjectDelete called by workers>base @gkaissisCaught ForceObjectDelete called by workers>base @gkaissisCaught ForceObjectDelete called by workers>base @gkaissisCaught ForceObjectDelete called by workers>base @gkaissisCaught ForceObjectDelete called by workers>base @gkaissisCaught ForceObjectDelete called by workers>base @gkaissisCaught ForceObjectDelete called by workers>base @gkaissisCaught ForceObjectDelete called by workers>base @gkaissisCaught ForceObjectDelete called by workers>base @gkaissisCaught ForceObjectDelete called by workers>base @gkaissisCaught ForceObjectDelete called by workers>base @gkaissisCaught ForceObjectDelete called by workers>base @gkaissisCaught ForceObjectDelete called by workers>base @gkaissisCaught ForceObjectDelete called by workers>base @gkaissisCaught ForceObjectDelete called by workers>base @gkaissisCaught ForceObjectDelete called by workers>base @gkaissisCaught ForceObjectDelete called by workers>base @gkaissisCaught ForceObjectDelete called by workers>base @gkaissisCaught ForceObjectDelete called by workers>base @gkaissisCaught ForceObjectDelete called by workers>base @gkaissisCaught ForceObjectDelete called by workers>base @gkaissisCaught ForceObjectDelete called by workers>base @gkaissisCaught ForceObjectDelete called by workers>base @gkaissisCaught ForceObjectDelete called by workers>base @gkaissisCaught ForceObjectDelete called by workers>base @gkaissisCaught ForceObjectDelete called by workers>base @gkaissisCaught ForceObjectDelete called by workers>base @gkaissisCaught ForceObjectDelete called by workers>base @gkaissisCaught ForceObjectDelete called by workers>base @gkaissisCaught ForceObjectDelete called by workers>base @gkaissisCaught ForceObjectDelete called by workers>base @gkaissisCaught ForceObjectDelete called by workers>base @gkaissisCaught ForceObjectDelete called by workers>base @gkaissisCaught ForceObjectDelete called by workers>base @gkaissisCaught ForceObjectDelete called by workers>base @gkaissisCaught ForceObjectDelete called by workers>base @gkaissisCaught ForceObjectDelete called by workers>base @gkaissisCaught ForceObjectDelete called by workers>base @gkaissisCaught ForceObjectDelete called by workers>base @gkaissisCaught ForceObjectDelete called by workers>base @gkaissisCaught ForceObjectDelete called by workers>base @gkaissisCaught ForceObjectDelete called by workers>base @gkaissisCaught ForceObjectDelete called by workers>base @gkaissisCaught ForceObjectDelete called by workers>base @gkaissisCaught ForceObjectDelete called by workers>base @gkaissisCaught ForceObjectDelete called by workers>base @gkaissisCaught ForceObjectDelete called by workers>base @gkaissisCaught ForceObjectDelete called by workers>base @gkaissisCaught ForceObjectDelete called by workers>base @gkaissisCaught ForceObjectDelete called by workers>base @gkaissisCaught ForceObjectDelete called by workers>base @gkaissisCaught ForceObjectDelete called by workers>base @gkaissisCaught ForceObjectDelete called by workers>base @gkaissisCaught ForceObjectDelete called by workers>base @gkaissisCaught ForceObjectDelete called by workers>base @gkaissisCaught ForceObjectDelete called by workers>base @gkaissisCaught ForceObjectDelete called by workers>base @gkaissisCaught ForceObjectDelete called by workers>base @gkaissisCaught ForceObjectDelete called by workers>base @gkaissisCaught ForceObjectDelete called by workers>base @gkaissisCaught ForceObjectDelete called by workers>base @gkaissisCaught ForceObjectDelete called by workers>base @gkaissisCaught ForceObjectDelete called by workers>base @gkaissisCaught ForceObjectDelete called by workers>base @gkaissisCaught ForceObjectDelete called by workers>base @gkaissisCaught ForceObjectDelete called by workers>base @gkaissisCaught ForceObjectDelete called by workers>base @gkaissisCaught ForceObjectDelete called by workers>base @gkaissisCaught ForceObjectDelete called by workers>base @gkaissisCaught ForceObjectDelete called by workers>base @gkaissisCaught ForceObjectDelete called by workers>base @gkaissisCaught ForceObjectDelete called by workers>base @gkaissisCaught ForceObjectDelete called by workers>base @gkaissisCaught ForceObjectDelete called by workers>base @gkaissisCaught ForceObjectDelete called by workers>base @gkaissisCaught ForceObjectDelete called by workers>base @gkaissisCaught ForceObjectDelete called by workers>base @gkaissisCaught ForceObjectDelete called by workers>base @gkaissisCaught ForceObjectDelete called by workers>base @gkaissisCaught ForceObjectDelete called by workers>base @gkaissisCaught ForceObjectDelete called by workers>base @gkaissisCaught ForceObjectDelete called by workers>base @gkaissisCaught ForceObjectDelete called by workers>base @gkaissisCaught ForceObjectDelete called by workers>base @gkaissisCaught ForceObjectDelete called by workers>base @gkaissisCaught ForceObjectDelete called by workers>base @gkaissisCaught ForceObjectDelete called by workers>base @gkaissisCaught ForceObjectDelete called by workers>base @gkaissisCaught ForceObjectDelete called by workers>base @gkaissisCaught ForceObjectDelete called by workers>base @gkaissisCaught ForceObjectDelete called by workers>base @gkaissisCaught ForceObjectDelete called by workers>base @gkaissisCaught ForceObjectDelete called by workers>base @gkaissisCaught ForceObjectDelete called by workers>base @gkaissisCaught ForceObjectDelete called by workers>base @gkaissisCaught ForceObjectDelete called by workers>base @gkaissisCaught ForceObjectDelete called by workers>base @gkaissisCaught ForceObjectDelete called by workers>base @gkaissisCaught ForceObjectDelete called by workers>base @gkaissisCaught ForceObjectDelete called by workers>base @gkaissisCaught ForceObjectDelete called by workers>base @gkaissisCaught ForceObjectDelete called by workers>base @gkaissisCaught ForceObjectDelete called by workers>base @gkaissisCaught ForceObjectDelete called by workers>base @gkaissisCaught ForceObjectDelete called by workers>base @gkaissisCaught ForceObjectDelete called by workers>base @gkaissisCaught ForceObjectDelete called by workers>base @gkaissisCaught ForceObjectDelete called by workers>base @gkaissisCaught ForceObjectDelete called by workers>base @gkaissisCaught ForceObjectDelete called by workers>base @gkaissisCaught ForceObjectDelete called by workers>base @gkaissisCaught ForceObjectDelete called by workers>base @gkaissisCaught ForceObjectDelete called by workers>base @gkaissisCaught ForceObjectDelete called by workers>base @gkaissisCaught ForceObjectDelete called by workers>base @gkaissisCaught ForceObjectDelete called by workers>base @gkaissisCaught ForceObjectDelete called by workers>base @gkaissisCaught ForceObjectDelete called by workers>base @gkaissisCaught ForceObjectDelete called by workers>base @gkaissisCaught ForceObjectDelete called by workers>base @gkaissisCaught ForceObjectDelete called by workers>base @gkaissisCaught ForceObjectDelete called by workers>base @gkaissisCaught ForceObjectDelete called by workers>base @gkaissisCaught ForceObjectDelete called by workers>base @gkaissisCaught ForceObjectDelete called by workers>base @gkaissisCaught ForceObjectDelete called by workers>base @gkaissisCaught ForceObjectDelete called by workers>base @gkaissisCaught ForceObjectDelete called by workers>base @gkaissisCaught ForceObjectDelete called by workers>base @gkaissisCaught ForceObjectDelete called by workers>base @gkaissisCaught ForceObjectDelete called by workers>base @gkaissisCaught ForceObjectDelete called by workers>base @gkaissisCaught ForceObjectDelete called by workers>base @gkaissisCaught ForceObjectDelete called by workers>base @gkaissisCaught ForceObjectDelete called by workers>base @gkaissisCaught ForceObjectDelete called by workers>base @gkaissisCaught ForceObjectDelete called by workers>base @gkaissisCaught ForceObjectDelete called by workers>base @gkaissisCaught ForceObjectDelete called by workers>base @gkaissisCaught ForceObjectDelete called by workers>base @gkaissisCaught ForceObjectDelete called by workers>base @gkaissisCaught ForceObjectDelete called by workers>base @gkaissisCaught ForceObjectDelete called by workers>base @gkaissisCaught ForceObjectDelete called by workers>base @gkaissisCaught ForceObjectDelete called by workers>base @gkaissisCaught ForceObjectDelete called by workers>base @gkaissisCaught ForceObjectDelete called by workers>base @gkaissisCaught ForceObjectDelete called by workers>base @gkaissisCaught ForceObjectDelete called by workers>base @gkaissisCaught ForceObjectDelete called by workers>base @gkaissisCaught ForceObjectDelete called by workers>base @gkaissisCaught ForceObjectDelete called by workers>base @gkaissisCaught ForceObjectDelete called by workers>base @gkaissisCaught ForceObjectDelete called by workers>base @gkaissisCaught ForceObjectDelete called by workers>base @gkaissisCaught ForceObjectDelete called by workers>base @gkaissisCaught ForceObjectDelete called by workers>base @gkaissisCaught ForceObjectDelete called by workers>base @gkaissisCaught ForceObjectDelete called by workers>base @gkaissisCaught ForceObjectDelete called by workers>base @gkaissisCaught ForceObjectDelete called by workers>base @gkaissisCaught ForceObjectDelete called by workers>base @gkaissisCaught ForceObjectDelete called by workers>base @gkaissisCaught ForceObjectDelete called by workers>base @gkaissisCaught ForceObjectDelete called by workers>base @gkaissisCaught ForceObjectDelete called by workers>base @gkaissisCaught ForceObjectDelete called by workers>base @gkaissisCaught ForceObjectDelete called by workers>base @gkaissisCaught ForceObjectDelete called by workers>base @gkaissisCaught ForceObjectDelete called by workers>base @gkaissisCaught ForceObjectDelete called by workers>base @gkaissisCaught ForceObjectDelete called by workers>base @gkaissisCaught ForceObjectDelete called by workers>base @gkaissisCaught ForceObjectDelete called by workers>base @gkaissisCaught ForceObjectDelete called by workers>base @gkaissisCaught ForceObjectDelete called by workers>base @gkaissisCaught ForceObjectDelete called by workers>base @gkaissisCaught ForceObjectDelete called by workers>base @gkaissisCaught ForceObjectDelete called by workers>base @gkaissisCaught ForceObjectDelete called by workers>base @gkaissisCaught ForceObjectDelete called by workers>base @gkaissisCaught ForceObjectDelete called by workers>base @gkaissisCaught ForceObjectDelete called by workers>base @gkaissisCaught ForceObjectDelete called by workers>base @gkaissisCaught ForceObjectDelete called by workers>base @gkaissisCaught ForceObjectDelete called by workers>base @gkaissisCaught ForceObjectDelete called by workers>base @gkaissisCaught ForceObjectDelete called by workers>base @gkaissisCaught ForceObjectDelete called by workers>base @gkaissisCaught ForceObjectDelete called by workers>base @gkaissisCaught ForceObjectDelete called by workers>base @gkaissisCaught ForceObjectDelete called by workers>base @gkaissisCaught ForceObjectDelete called by workers>base @gkaissisCaught ForceObjectDelete called by workers>base @gkaissisCaught ForceObjectDelete called by workers>base @gkaissisCaught ForceObjectDelete called by workers>base @gkaissisCaught ForceObjectDelete called by workers>base @gkaissisCaught ForceObjectDelete called by workers>base @gkaissisCaught ForceObjectDelete called by workers>base @gkaissisCaught ForceObjectDelete called by workers>base @gkaissisCaught ForceObjectDelete called by workers>base @gkaissisCaught ForceObjectDelete called by workers>base @gkaissisCaught ForceObjectDelete called by workers>base @gkaissisCaught ForceObjectDelete called by workers>base @gkaissisCaught ForceObjectDelete called by workers>base @gkaissisCaught ForceObjectDelete called by workers>base @gkaissisCaught ForceObjectDelete called by workers>base @gkaissisCaught ForceObjectDelete called by workers>base @gkaissisCaught ForceObjectDelete called by workers>base @gkaissisCaught ForceObjectDelete called by workers>base @gkaissisCaught ForceObjectDelete called by workers>base @gkaissisCaught ForceObjectDelete called by workers>base @gkaissisCaught ForceObjectDelete called by workers>base @gkaissisCaught ForceObjectDelete called by workers>base @gkaissisCaught ForceObjectDelete called by workers>base @gkaissisCaught ForceObjectDelete called by workers>base @gkaissisCaught ForceObjectDelete called by workers>base @gkaissisCaught ForceObjectDelete called by workers>base @gkaissisCaught ForceObjectDelete called by workers>base @gkaissisCaught ForceObjectDelete called by workers>base @gkaissisCaught ForceObjectDelete called by workers>base @gkaissisCaught ForceObjectDelete called by workers>base @gkaissisCaught ForceObjectDelete called by workers>base @gkaissisCaught ForceObjectDelete called by workers>base @gkaissisCaught ForceObjectDelete called by workers>base @gkaissisCaught ForceObjectDelete called by workers>base @gkaissisCaught ForceObjectDelete called by workers>base @gkaissisCaught ForceObjectDelete called by workers>base @gkaissisCaught ForceObjectDelete called by workers>base @gkaissisCaught ForceObjectDelete called by workers>base @gkaissisCaught ForceObjectDelete called by workers>base @gkaissisCaught ForceObjectDelete called by workers>base @gkaissisCaught ForceObjectDelete called by workers>base @gkaissisCaught ForceObjectDelete called by workers>base @gkaissisCaught ForceObjectDelete called by workers>base @gkaissisCaught ForceObjectDelete called by workers>base @gkaissisCaught ForceObjectDelete called by workers>base @gkaissisCaught ForceObjectDelete called by workers>base @gkaissisCaught ForceObjectDelete called by workers>base @gkaissisCaught ForceObjectDelete called by workers>base @gkaissisCaught ForceObjectDelete called by workers>base @gkaissisCaught ForceObjectDelete called by workers>base @gkaissisCaught ForceObjectDelete called by workers>base @gkaissisCaught ForceObjectDelete called by workers>base @gkaissisCaught ForceObjectDelete called by workers>base @gkaissisCaught ForceObjectDelete called by workers>base @gkaissisCaught ForceObjectDelete called by workers>base @gkaissisCaught ForceObjectDelete called by workers>base @gkaissisCaught ForceObjectDelete called by workers>base @gkaissisCaught ForceObjectDelete called by workers>base @gkaissisCaught ForceObjectDelete called by workers>base @gkaissisCaught ForceObjectDelete called by workers>base @gkaissisCaught ForceObjectDelete called by workers>base @gkaissisCaught ForceObjectDelete called by workers>base @gkaissisCaught ForceObjectDelete called by workers>base @gkaissisCaught ForceObjectDelete called by workers>base @gkaissisCaught ForceObjectDelete called by workers>base @gkaissisCaught ForceObjectDelete called by workers>base @gkaissisCaught ForceObjectDelete called by workers>base @gkaissisCaught ForceObjectDelete called by workers>base @gkaissisCaught ForceObjectDelete called by workers>base @gkaissisCaught ForceObjectDelete called by workers>base @gkaissisCaught ForceObjectDelete called by workers>base @gkaissisCaught ForceObjectDelete called by workers>base @gkaissisCaught ForceObjectDelete called by workers>base @gkaissisCaught ForceObjectDelete called by workers>base @gkaissisCaught ForceObjectDelete called by workers>base @gkaissisCaught ForceObjectDelete called by workers>base @gkaissisCaught ForceObjectDelete called by workers>base @gkaissisCaught ForceObjectDelete called by workers>base @gkaissisCaught ForceObjectDelete called by workers>base @gkaissisCaught ForceObjectDelete called by workers>base @gkaissisCaught ForceObjectDelete called by workers>base @gkaissisCaught ForceObjectDelete called by workers>base @gkaissisCaught ForceObjectDelete called by workers>base @gkaissisCaught ForceObjectDelete called by workers>base @gkaissisCaught ForceObjectDelete called by workers>base @gkaissisCaught ForceObjectDelete called by workers>base @gkaissisCaught ForceObjectDelete called by workers>base @gkaissisCaught ForceObjectDelete called by workers>base @gkaissisCaught ForceObjectDelete called by workers>base @gkaissisCaught ForceObjectDelete called by workers>base @gkaissisCaught ForceObjectDelete called by workers>base @gkaissisCaught ForceObjectDelete called by workers>base @gkaissisCaught ForceObjectDelete called by workers>base @gkaissisCaught ForceObjectDelete called by workers>base @gkaissisCaught ForceObjectDelete called by workers>base @gkaissisCaught ForceObjectDelete called by workers>base @gkaissisCaught ForceObjectDelete called by workers>base @gkaissisCaught ForceObjectDelete called by workers>base @gkaissisCaught ForceObjectDelete called by workers>base @gkaissisCaught ForceObjectDelete called by workers>base @gkaissisCaught ForceObjectDelete called by workers>base @gkaissisCaught ForceObjectDelete called by workers>base @gkaissisCaught ForceObjectDelete called by workers>base @gkaissisCaught ForceObjectDelete called by workers>base @gkaissisCaught ForceObjectDelete called by workers>base @gkaissisCaught ForceObjectDelete called by workers>base @gkaissisCaught ForceObjectDelete called by workers>base @gkaissisCaught ForceObjectDelete called by workers>base @gkaissisCaught ForceObjectDelete called by workers>base @gkaissisCaught ForceObjectDelete called by workers>base @gkaissisCaught ForceObjectDelete called by workers>base @gkaissisCaught ForceObjectDelete called by workers>base @gkaissisCaught ForceObjectDelete called by workers>base @gkaissisCaught ForceObjectDelete called by workers>base @gkaissisCaught ForceObjectDelete called by workers>base @gkaissisCaught ForceObjectDelete called by workers>base @gkaissisCaught ForceObjectDelete called by workers>base @gkaissisCaught ForceObjectDelete called by workers>base @gkaissisCaught ForceObjectDelete called by workers>base @gkaissisCaught ForceObjectDelete called by workers>base @gkaissisCaught ForceObjectDelete called by workers>base @gkaissisCaught ForceObjectDelete called by workers>base @gkaissisCaught ForceObjectDelete called by workers>base @gkaissisCaught ForceObjectDelete called by workers>base @gkaissisCaught ForceObjectDelete called by workers>base @gkaissisCaught ForceObjectDelete called by workers>base @gkaissisCaught ForceObjectDelete called by workers>base @gkaissisCaught ForceObjectDelete called by workers>base @gkaissisCaught ForceObjectDelete called by workers>base @gkaissisCaught ForceObjectDelete called by workers>base @gkaissisCaught ForceObjectDelete called by workers>base @gkaissisCaught ForceObjectDelete called by workers>base @gkaissisCaught ForceObjectDelete called by workers>base @gkaissisCaught ForceObjectDelete called by workers>base @gkaissisCaught ForceObjectDelete called by workers>base @gkaissisCaught ForceObjectDelete called by workers>base @gkaissisCaught ForceObjectDelete called by workers>base @gkaissisCaught ForceObjectDelete called by workers>base @gkaissisCaught ForceObjectDelete called by workers>base @gkaissisCaught ForceObjectDelete called by workers>base @gkaissisCaught ForceObjectDelete called by workers>base @gkaissisCaught ForceObjectDelete called by workers>base @gkaissisCaught ForceObjectDelete called by workers>base @gkaissisCaught ForceObjectDelete called by workers>base @gkaissisCaught ForceObjectDelete called by workers>base @gkaissisCaught ForceObjectDelete called by workers>base @gkaissisCaught ForceObjectDelete called by workers>base @gkaissisCaught ForceObjectDelete called by workers>base @gkaissisCaught ForceObjectDelete called by workers>base @gkaissisCaught ForceObjectDelete called by workers>base @gkaissisCaught ForceObjectDelete called by workers>base @gkaissisCaught ForceObjectDelete called by workers>base @gkaissisCaught ForceObjectDelete called by workers>base @gkaissisCaught ForceObjectDelete called by workers>base @gkaissisCaught ForceObjectDelete called by workers>base @gkaissisCaught ForceObjectDelete called by workers>base @gkaissisCaught ForceObjectDelete called by workers>base @gkaissisCaught ForceObjectDelete called by workers>base @gkaissisCaught ForceObjectDelete called by workers>base @gkaissisCaught ForceObjectDelete called by workers>base @gkaissisCaught ForceObjectDelete called by workers>base @gkaissisCaught ForceObjectDelete called by workers>base @gkaissisCaught ForceObjectDelete called by workers>base @gkaissisCaught ForceObjectDelete called by workers>base @gkaissisCaught ForceObjectDelete called by workers>base @gkaissisCaught ForceObjectDelete called by workers>base @gkaissisCaught ForceObjectDelete called by workers>base @gkaissisCaught ForceObjectDelete called by workers>base @gkaissisCaught ForceObjectDelete called by workers>base @gkaissisCaught ForceObjectDelete called by workers>base @gkaissisCaught ForceObjectDelete called by workers>base @gkaissisCaught ForceObjectDelete called by workers>base @gkaissisCaught ForceObjectDelete called by workers>base @gkaissisCaught ForceObjectDelete called by workers>base @gkaissisCaught ForceObjectDelete called by workers>base @gkaissisCaught ForceObjectDelete called by workers>base @gkaissisCaught ForceObjectDelete called by workers>base @gkaissisCaught ForceObjectDelete called by workers>base @gkaissisCaught ForceObjectDelete called by workers>base @gkaissisCaught ForceObjectDelete called by workers>base @gkaissisCaught ForceObjectDelete called by workers>base @gkaissisCaught ForceObjectDelete called by workers>base @gkaissisCaught ForceObjectDelete called by workers>base @gkaissisde_register_obj called by generic>pointers>object_pointer @gkaissis
Train batch 0: 100%|██████████| 3/3 [00:06<00:00,  2.18s/it]
                                                            Training with secure aggregation: 100%|██████████| 1/1 [00:06<00:00,  6.56s/it]                                                                               Caught ForceObjectDelete called by workers>base @gkaissisCaught ForceObjectDelete called by workers>base @gkaissisCaught ForceObjectDelete called by workers>base @gkaissisCaught ForceObjectDelete called by workers>base @gkaissistesting epoch 2:   0%|          | 0/12 [00:00<?, ?it/s]testing epoch 2:  33%|███▎      | 4/12 [00:00<00:00, 37.97it/s]testing epoch 2:  58%|█████▊    | 7/12 [00:00<00:00, 33.53it/s]testing epoch 2:  83%|████████▎ | 10/12 [00:00<00:00, 32.34it/s]                                                                Caught ForceObjectDelete called by workers>base @gkaissisCaught ForceObjectDelete called by workers>base @gkaissisCaught ForceObjectDelete called by workers>base @gkaissisCaught ForceObjectDelete called by workers>base @gkaissisCaught ForceObjectDelete called by workers>base @gkaissisCaught ForceObjectDelete called by workers>base @gkaissisCaught ForceObjectDelete called by workers>base @gkaissisCaught ForceObjectDelete called by workers>base @gkaissisCaught ForceObjectDelete called by workers>base @gkaissisCaught ForceObjectDelete called by workers>base @gkaissisCaught ForceObjectDelete called by workers>base @gkaissisCaught ForceObjectDelete called by workers>base @gkaissisCaught ForceObjectDelete called by workers>base @gkaissisCaught ForceObjectDelete called by workers>base @gkaissisCaught ForceObjectDelete called by workers>base @gkaissisCaught ForceObjectDelete called by workers>base @gkaissisCaught ForceObjectDelete called by workers>base @gkaissisCaught ForceObjectDelete called by workers>base @gkaissisCaught ForceObjectDelete called by workers>base @gkaissisCaught ForceObjectDelete called by workers>base @gkaissisCaught ForceObjectDelete called by workers>base @gkaissisCaught ForceObjectDelete called by workers>base @gkaissisCaught ForceObjectDelete called by workers>base @gkaissisCaught ForceObjectDelete called by workers>base @gkaissisCaught ForceObjectDelete called by workers>base @gkaissisCaught ForceObjectDelete called by workers>base @gkaissisCaught ForceObjectDelete called by workers>base @gkaissisCaught ForceObjectDelete called by workers>base @gkaissisCaught ForceObjectDelete called by workers>base @gkaissisCaught ForceObjectDelete called by workers>base @gkaissisCaught ForceObjectDelete called by workers>base @gkaissisCaught ForceObjectDelete called by workers>base @gkaissisCaught ForceObjectDelete called by workers>base @gkaissisCaught ForceObjectDelete called by workers>base @gkaissisCaught ForceObjectDelete called by workers>base @gkaissisCaught ForceObjectDelete called by workers>base @gkaissisCaught ForceObjectDelete called by workers>base @gkaissisCaught ForceObjectDelete called by workers>base @gkaissisCaught ForceObjectDelete called by workers>base @gkaissisCaught ForceObjectDelete called by workers>base @gkaissisCaught ForceObjectDelete called by workers>base @gkaissisCaught ForceObjectDelete called by workers>base @gkaissisCaught ForceObjectDelete called by workers>base @gkaissisCaught ForceObjectDelete called by workers>base @gkaissisCaught ForceObjectDelete called by workers>base @gkaissisCaught ForceObjectDelete called by workers>base @gkaissisCaught ForceObjectDelete called by workers>base @gkaissisCaught ForceObjectDelete called by workers>base @gkaissisCaught ForceObjectDelete called by workers>base @gkaissisCaught ForceObjectDelete called by workers>base @gkaissisCaught ForceObjectDelete called by workers>base @gkaissisCaught ForceObjectDelete called by workers>base @gkaissisCaught ForceObjectDelete called by workers>base @gkaissisCaught ForceObjectDelete called by workers>base @gkaissisCaught ForceObjectDelete called by workers>base @gkaissisCaught ForceObjectDelete called by workers>base @gkaissisCaught ForceObjectDelete called by workers>base @gkaissisCaught ForceObjectDelete called by workers>base @gkaissisCaught ForceObjectDelete called by workers>base @gkaissisCaught ForceObjectDelete called by workers>base @gkaissisCaught ForceObjectDelete called by workers>base @gkaissisCaught ForceObjectDelete called by workers>base @gkaissisCaught ForceObjectDelete called by workers>base @gkaissisCaught ForceObjectDelete called by workers>base @gkaissisCaught ForceObjectDelete called by workers>base @gkaissisCaught ForceObjectDelete called by workers>base @gkaissisCaught ForceObjectDelete called by workers>base @gkaissisCaught ForceObjectDelete called by workers>base @gkaissisCaught ForceObjectDelete called by workers>base @gkaissisCaught ForceObjectDelete called by workers>base @gkaissisCaught ForceObjectDelete called by workers>base @gkaissisCaught ForceObjectDelete called by workers>base @gkaissisCaught ForceObjectDelete called by workers>base @gkaissisCaught ForceObjectDelete called by workers>base @gkaissisCaught ForceObjectDelete called by workers>base @gkaissisCaught ForceObjectDelete called by workers>base @gkaissisCaught ForceObjectDelete called by workers>base @gkaissisCaught ForceObjectDelete called by workers>base @gkaissisCaught ForceObjectDelete called by workers>base @gkaissisCaught ForceObjectDelete called by workers>base @gkaissisCaught ForceObjectDelete called by workers>base @gkaissisCaught ForceObjectDelete called by workers>base @gkaissisCaught ForceObjectDelete called by workers>base @gkaissisCaught ForceObjectDelete called by workers>base @gkaissisCaught ForceObjectDelete called by workers>base @gkaissisCaught ForceObjectDelete called by workers>base @gkaissisCaught ForceObjectDelete called by workers>base @gkaissisCaught ForceObjectDelete called by workers>base @gkaissisCaught ForceObjectDelete called by workers>base @gkaissisCaught ForceObjectDelete called by workers>base @gkaissisCaught ForceObjectDelete called by workers>base @gkaissisCaught ForceObjectDelete called by workers>base @gkaissisCaught ForceObjectDelete called by workers>base @gkaissisCaught ForceObjectDelete called by workers>base @gkaissisCaught ForceObjectDelete called by workers>base @gkaissisCaught ForceObjectDelete called by workers>base @gkaissisCaught ForceObjectDelete called by workers>base @gkaissisCaught ForceObjectDelete called by workers>base @gkaissisCaught ForceObjectDelete called by workers>base @gkaissisCaught ForceObjectDelete called by workers>base @gkaissisCaught ForceObjectDelete called by workers>base @gkaissisCaught ForceObjectDelete called by workers>base @gkaissisCaught ForceObjectDelete called by workers>base @gkaissisCaught ForceObjectDelete called by workers>base @gkaissisCaught ForceObjectDelete called by workers>base @gkaissisCaught ForceObjectDelete called by workers>base @gkaissisCaught ForceObjectDelete called by workers>base @gkaissisCaught ForceObjectDelete called by workers>base @gkaissisCaught ForceObjectDelete called by workers>base @gkaissisCaught ForceObjectDelete called by workers>base @gkaissisCaught ForceObjectDelete called by workers>base @gkaissisCaught ForceObjectDelete called by workers>base @gkaissisCaught ForceObjectDelete called by workers>base @gkaissisCaught ForceObjectDelete called by workers>base @gkaissisCaught ForceObjectDelete called by workers>base @gkaissisCaught ForceObjectDelete called by workers>base @gkaissisCaught ForceObjectDelete called by workers>base @gkaissisCaught ForceObjectDelete called by workers>base @gkaissisCaught ForceObjectDelete called by workers>base @gkaissisCaught ForceObjectDelete called by workers>base @gkaissisCaught ForceObjectDelete called by workers>base @gkaissisCaught ForceObjectDelete called by workers>base @gkaissisCaught ForceObjectDelete called by workers>base @gkaissisCaught ForceObjectDelete called by workers>base @gkaissisCaught ForceObjectDelete called by workers>base @gkaissisCaught ForceObjectDelete called by workers>base @gkaissisCaught ForceObjectDelete called by workers>base @gkaissisCaught ForceObjectDelete called by workers>base @gkaissisCaught ForceObjectDelete called by workers>base @gkaissisCaught ForceObjectDelete called by workers>base @gkaissisCaught ForceObjectDelete called by workers>base @gkaissisCaught ForceObjectDelete called by workers>base @gkaissisCaught ForceObjectDelete called by workers>base @gkaissisCaught ForceObjectDelete called by workers>base @gkaissisCaught ForceObjectDelete called by workers>base @gkaissisCaught ForceObjectDelete called by workers>base @gkaissisCaught ForceObjectDelete called by workers>base @gkaissisCaught ForceObjectDelete called by workers>base @gkaissisCaught ForceObjectDelete called by workers>base @gkaissisCaught ForceObjectDelete called by workers>base @gkaissisCaught ForceObjectDelete called by workers>base @gkaissisCaught ForceObjectDelete called by workers>base @gkaissisCaught ForceObjectDelete called by workers>base @gkaissisCaught ForceObjectDelete called by workers>base @gkaissisCaught ForceObjectDelete called by workers>base @gkaissisCaught ForceObjectDelete called by workers>base @gkaissisCaught ForceObjectDelete called by workers>base @gkaissisCaught ForceObjectDelete called by workers>base @gkaissisCaught ForceObjectDelete called by workers>base @gkaissisCaught ForceObjectDelete called by workers>base @gkaissisCaught ForceObjectDelete called by workers>base @gkaissisCaught ForceObjectDelete called by workers>base @gkaissisCaught ForceObjectDelete called by workers>base @gkaissisCaught ForceObjectDelete called by workers>base @gkaissisCaught ForceObjectDelete called by workers>base @gkaissisCaught ForceObjectDelete called by workers>base @gkaissisCaught ForceObjectDelete called by workers>base @gkaissisCaught ForceObjectDelete called by workers>base @gkaissisCaught ForceObjectDelete called by workers>base @gkaissisCaught ForceObjectDelete called by workers>base @gkaissisCaught ForceObjectDelete called by workers>base @gkaissisCaught ForceObjectDelete called by workers>base @gkaissisCaught ForceObjectDelete called by workers>base @gkaissisCaught ForceObjectDelete called by workers>base @gkaissisCaught ForceObjectDelete called by workers>base @gkaissisCaught ForceObjectDelete called by workers>base @gkaissisCaught ForceObjectDelete called by workers>base @gkaissisCaught ForceObjectDelete called by workers>base @gkaissisCaught ForceObjectDelete called by workers>base @gkaissisCaught ForceObjectDelete called by workers>base @gkaissisCaught ForceObjectDelete called by workers>base @gkaissisCaught ForceObjectDelete called by workers>base @gkaissisCaught ForceObjectDelete called by workers>base @gkaissisCaught ForceObjectDelete called by workers>base @gkaissisCaught ForceObjectDelete called by workers>base @gkaissisCaught ForceObjectDelete called by workers>base @gkaissisCaught ForceObjectDelete called by workers>base @gkaissisCaught ForceObjectDelete called by workers>base @gkaissisCaught ForceObjectDelete called by workers>base @gkaissisCaught ForceObjectDelete called by workers>base @gkaissisCaught ForceObjectDelete called by workers>base @gkaissisCaught ForceObjectDelete called by workers>base @gkaissisCaught ForceObjectDelete called by workers>base @gkaissisCaught ForceObjectDelete called by workers>base @gkaissisCaught ForceObjectDelete called by workers>base @gkaissisCaught ForceObjectDelete called by workers>base @gkaissisCaught ForceObjectDelete called by workers>base @gkaissisCaught ForceObjectDelete called by workers>base @gkaissisCaught ForceObjectDelete called by workers>base @gkaissisCaught ForceObjectDelete called by workers>base @gkaissisCaught ForceObjectDelete called by workers>base @gkaissisCaught ForceObjectDelete called by workers>base @gkaissisCaught ForceObjectDelete called by workers>base @gkaissisCaught ForceObjectDelete called by workers>base @gkaissisCaught ForceObjectDelete called by workers>base @gkaissisCaught ForceObjectDelete called by workers>base @gkaissisCaught ForceObjectDelete called by workers>base @gkaissisCaught ForceObjectDelete called by workers>base @gkaissisCaught ForceObjectDelete called by workers>base @gkaissisCaught ForceObjectDelete called by workers>base @gkaissisCaught ForceObjectDelete called by workers>base @gkaissisCaught ForceObjectDelete called by workers>base @gkaissisCaught ForceObjectDelete called by workers>base @gkaissisCaught ForceObjectDelete called by workers>base @gkaissisCaught ForceObjectDelete called by workers>base @gkaissisCaught ForceObjectDelete called by workers>base @gkaissisCaught ForceObjectDelete called by workers>base @gkaissisCaught ForceObjectDelete called by workers>base @gkaissisCaught ForceObjectDelete called by workers>base @gkaissisCaught ForceObjectDelete called by workers>base @gkaissisCaught ForceObjectDelete called by workers>base @gkaissisCaught ForceObjectDelete called by workers>base @gkaissisCaught ForceObjectDelete called by workers>base @gkaissisCaught ForceObjectDelete called by workers>base @gkaissisCaught ForceObjectDelete called by workers>base @gkaissisCaught ForceObjectDelete called by workers>base @gkaissisCaught ForceObjectDelete called by workers>base @gkaissisCaught ForceObjectDelete called by workers>base @gkaissisCaught ForceObjectDelete called by workers>base @gkaissisCaught ForceObjectDelete called by workers>base @gkaissisCaught ForceObjectDelete called by workers>base @gkaissisCaught ForceObjectDelete called by workers>base @gkaissisCaught ForceObjectDelete called by workers>base @gkaissisCaught ForceObjectDelete called by workers>base @gkaissisCaught ForceObjectDelete called by workers>base @gkaissisCaught ForceObjectDelete called by workers>base @gkaissisCaught ForceObjectDelete called by workers>base @gkaissisCaught ForceObjectDelete called by workers>base @gkaissisCaught ForceObjectDelete called by workers>base @gkaissisCaught ForceObjectDelete called by workers>base @gkaissisCaught ForceObjectDelete called by workers>base @gkaissisCaught ForceObjectDelete called by workers>base @gkaissisCaught ForceObjectDelete called by workers>base @gkaissisCaught ForceObjectDelete called by workers>base @gkaissisCaught ForceObjectDelete called by workers>base @gkaissisCaught ForceObjectDelete called by workers>base @gkaissisCaught ForceObjectDelete called by workers>base @gkaissisCaught ForceObjectDelete called by workers>base @gkaissisCaught ForceObjectDelete called by workers>base @gkaissisCaught ForceObjectDelete called by workers>base @gkaissisCaught ForceObjectDelete called by workers>base @gkaissisCaught ForceObjectDelete called by workers>base @gkaissisCaught ForceObjectDelete called by workers>base @gkaissisCaught ForceObjectDelete called by workers>base @gkaissisCaught ForceObjectDelete called by workers>base @gkaissisCaught ForceObjectDelete called by workers>base @gkaissisCaught ForceObjectDelete called by workers>base @gkaissisCaught ForceObjectDelete called by workers>base @gkaissisCaught ForceObjectDelete called by workers>base @gkaissisCaught ForceObjectDelete called by workers>base @gkaissisCaught ForceObjectDelete called by workers>base @gkaissisCaught ForceObjectDelete called by workers>base @gkaissisCaught ForceObjectDelete called by workers>base @gkaissisCaught ForceObjectDelete called by workers>base @gkaissisCaught ForceObjectDelete called by workers>base @gkaissisCaught ForceObjectDelete called by workers>base @gkaissisCaught ForceObjectDelete called by workers>base @gkaissisCaught ForceObjectDelete called by workers>base @gkaissisCaught ForceObjectDelete called by workers>base @gkaissisCaught ForceObjectDelete called by workers>base @gkaissisCaught ForceObjectDelete called by workers>base @gkaissisCaught ForceObjectDelete called by workers>base @gkaissisCaught ForceObjectDelete called by workers>base @gkaissisCaught ForceObjectDelete called by workers>base @gkaissisCaught ForceObjectDelete called by workers>base @gkaissisCaught ForceObjectDelete called by workers>base @gkaissisCaught ForceObjectDelete called by workers>base @gkaissisCaught ForceObjectDelete called by workers>base @gkaissisCaught ForceObjectDelete called by workers>base @gkaissisCaught ForceObjectDelete called by workers>base @gkaissisCaught ForceObjectDelete called by workers>base @gkaissisCaught ForceObjectDelete called by workers>base @gkaissisCaught ForceObjectDelete called by workers>base @gkaissisCaught ForceObjectDelete called by workers>base @gkaissisCaught ForceObjectDelete called by workers>base @gkaissisCaught ForceObjectDelete called by workers>base @gkaissisCaught ForceObjectDelete called by workers>base @gkaissisCaught ForceObjectDelete called by workers>base @gkaissisCaught ForceObjectDelete called by workers>base @gkaissisCaught ForceObjectDelete called by workers>base @gkaissisCaught ForceObjectDelete called by workers>base @gkaissisCaught ForceObjectDelete called by workers>base @gkaissisCaught ForceObjectDelete called by workers>base @gkaissisCaught ForceObjectDelete called by workers>base @gkaissisCaught ForceObjectDelete called by workers>base @gkaissisCaught ForceObjectDelete called by workers>base @gkaissisCaught ForceObjectDelete called by workers>base @gkaissisCaught ForceObjectDelete called by workers>base @gkaissisCaught ForceObjectDelete called by workers>base @gkaissisCaught ForceObjectDelete called by workers>base @gkaissisCaught ForceObjectDelete called by workers>base @gkaissisCaught ForceObjectDelete called by workers>base @gkaissisCaught ForceObjectDelete called by workers>base @gkaissisCaught ForceObjectDelete called by workers>base @gkaissisCaught ForceObjectDelete called by workers>base @gkaissisCaught ForceObjectDelete called by workers>base @gkaissisCaught ForceObjectDelete called by workers>base @gkaissisCaught ForceObjectDelete called by workers>base @gkaissisCaught ForceObjectDelete called by workers>base @gkaissisCaught ForceObjectDelete called by workers>base @gkaissisCaught ForceObjectDelete called by workers>base @gkaissisCaught ForceObjectDelete called by workers>base @gkaissisCaught ForceObjectDelete called by workers>base @gkaissisCaught ForceObjectDelete called by workers>base @gkaissisCaught ForceObjectDelete called by workers>base @gkaissisCaught ForceObjectDelete called by workers>base @gkaissisCaught ForceObjectDelete called by workers>base @gkaissisCaught ForceObjectDelete called by workers>base @gkaissisCaught ForceObjectDelete called by workers>base @gkaissisCaught ForceObjectDelete called by workers>base @gkaissisCaught ForceObjectDelete called by workers>base @gkaissisCaught ForceObjectDelete called by workers>base @gkaissisCaught ForceObjectDelete called by workers>base @gkaissisCaught ForceObjectDelete called by workers>base @gkaissisCaught ForceObjectDelete called by workers>base @gkaissisCaught ForceObjectDelete called by workers>base @gkaissisCaught ForceObjectDelete called by workers>base @gkaissisCaught ForceObjectDelete called by workers>base @gkaissisCaught ForceObjectDelete called by workers>base @gkaissisCaught ForceObjectDelete called by workers>base @gkaissisCaught ForceObjectDelete called by workers>base @gkaissisCaught ForceObjectDelete called by workers>base @gkaissisCaught ForceObjectDelete called by workers>base @gkaissisCaught ForceObjectDelete called by workers>base @gkaissisCaught ForceObjectDelete called by workers>base @gkaissisCaught ForceObjectDelete called by workers>base @gkaissisCaught ForceObjectDelete called by workers>base @gkaissisCaught ForceObjectDelete called by workers>base @gkaissisCaught ForceObjectDelete called by workers>base @gkaissisCaught ForceObjectDelete called by workers>base @gkaissisCaught ForceObjectDelete called by workers>base @gkaissisCaught ForceObjectDelete called by workers>base @gkaissisCaught ForceObjectDelete called by workers>base @gkaissisCaught ForceObjectDelete called by workers>base @gkaissisCaught ForceObjectDelete called by workers>base @gkaissisCaught ForceObjectDelete called by workers>base @gkaissisCaught ForceObjectDelete called by workers>base @gkaissisCaught ForceObjectDelete called by workers>base @gkaissisCaught ForceObjectDelete called by workers>base @gkaissisCaught ForceObjectDelete called by workers>base @gkaissisCaught ForceObjectDelete called by workers>base @gkaissisCaught ForceObjectDelete called by workers>base @gkaissisCaught ForceObjectDelete called by workers>base @gkaissisCaught ForceObjectDelete called by workers>base @gkaissisCaught ForceObjectDelete called by workers>base @gkaissisCaught ForceObjectDelete called by workers>base @gkaissisCaught ForceObjectDelete called by workers>base @gkaissisCaught ForceObjectDelete called by workers>base @gkaissisCaught ForceObjectDelete called by workers>base @gkaissisCaught ForceObjectDelete called by workers>base @gkaissisCaught ForceObjectDelete called by workers>base @gkaissisCaught ForceObjectDelete called by workers>base @gkaissisCaught ForceObjectDelete called by workers>base @gkaissisCaught ForceObjectDelete called by workers>base @gkaissisCaught ForceObjectDelete called by workers>base @gkaissisCaught ForceObjectDelete called by workers>base @gkaissisCaught ForceObjectDelete called by workers>base @gkaissisCaught ForceObjectDelete called by workers>base @gkaissisCaught ForceObjectDelete called by workers>base @gkaissisCaught ForceObjectDelete called by workers>base @gkaissisCaught ForceObjectDelete called by workers>base @gkaissisCaught ForceObjectDelete called by workers>base @gkaissisCaught ForceObjectDelete called by workers>base @gkaissisCaught ForceObjectDelete called by workers>base @gkaissisCaught ForceObjectDelete called by workers>base @gkaissisCaught ForceObjectDelete called by workers>base @gkaissisde_register_obj called by generic>pointers>object_pointer @gkaissisde_register_obj called by generic>pointers>object_pointer @gkaissisde_register_obj called by generic>pointers>object_pointer @gkaissisde_register_obj called by generic>pointers>object_pointer @gkaissisde_register_obj called by generic>pointers>object_pointer @gkaissisde_register_obj called by generic>pointers>object_pointer @gkaissisde_register_obj called by generic>pointers>object_pointer @gkaissisde_register_obj called by generic>pointers>object_pointer @gkaissisde_register_obj called by generic>pointers>object_pointer @gkaissisde_register_obj called by generic>pointers>object_pointer @gkaissisde_register_obj called by generic>pointers>object_pointer @gkaissisde_register_obj called by generic>pointers>object_pointer @gkaissisde_register_obj called by generic>pointers>object_pointer @gkaissisde_register_obj called by generic>pointers>object_pointer @gkaissisde_register_obj called by generic>pointers>object_pointer @gkaissisde_register_obj called by generic>pointers>object_pointer @gkaissisde_register_obj called by generic>pointers>object_pointer @gkaissisde_register_obj called by generic>pointers>object_pointer @gkaissisde_register_obj called by generic>pointers>object_pointer @gkaissisde_register_obj called by generic>pointers>object_pointer @gkaissisde_register_obj called by generic>pointers>object_pointer @gkaissisde_register_obj called by generic>pointers>object_pointer @gkaissisde_register_obj called by generic>pointers>object_pointer @gkaissisde_register_obj called by generic>pointers>object_pointer @gkaissisde_register_obj called by generic>pointers>object_pointer @gkaissisde_register_obj called by generic>pointers>object_pointer @gkaissisde_register_obj called by generic>pointers>object_pointer @gkaissisde_register_obj called by generic>pointers>object_pointer @gkaissisde_register_obj called by generic>pointers>object_pointer @gkaissisde_register_obj called by generic>pointers>object_pointer @gkaissisde_register_obj called by generic>pointers>object_pointer @gkaissisde_register_obj called by generic>pointers>object_pointer @gkaissisde_register_obj called by generic>pointers>object_pointer @gkaissisde_register_obj called by generic>pointers>object_pointer @gkaissisde_register_obj called by generic>pointers>object_pointer @gkaissisde_register_obj called by generic>pointers>object_pointer @gkaissisde_register_obj called by generic>pointers>object_pointer @gkaissisde_register_obj called by generic>pointers>object_pointer @gkaissisde_register_obj called by generic>pointers>object_pointer @gkaissisde_register_obj called by generic>pointers>object_pointer @gkaissisde_register_obj called by generic>pointers>object_pointer @gkaissisde_register_obj called by generic>pointers>object_pointer @gkaissisde_register_obj called by generic>pointers>object_pointer @gkaissisde_register_obj called by generic>pointers>object_pointer @gkaissisde_register_obj called by generic>pointers>object_pointer @gkaissisde_register_obj called by generic>pointers>object_pointer @gkaissisde_register_obj called by generic>pointers>object_pointer @gkaissisde_register_obj called by generic>pointers>object_pointer @gkaissisde_register_obj called by generic>pointers>object_pointer @gkaissisde_register_obj called by generic>pointers>object_pointer @gkaissisde_register_obj called by generic>pointers>object_pointer @gkaissisde_register_obj called by generic>pointers>object_pointer @gkaissisde_register_obj called by generic>pointers>object_pointer @gkaissisde_register_obj called by generic>pointers>object_pointer @gkaissisde_register_obj called by generic>pointers>object_pointer @gkaissisde_register_obj called by generic>pointers>object_pointer @gkaissisde_register_obj called by generic>pointers>object_pointer @gkaissisde_register_obj called by generic>pointers>object_pointer @gkaissisde_register_obj called by generic>pointers>object_pointer @gkaissisde_register_obj called by generic>pointers>object_pointer @gkaissisde_register_obj called by generic>pointers>object_pointer @gkaissisde_register_obj called by generic>pointers>object_pointer @gkaissisde_register_obj called by generic>pointers>object_pointer @gkaissisde_register_obj called by generic>pointers>object_pointer @gkaissisde_register_obj called by generic>pointers>object_pointer @gkaissisde_register_obj called by generic>pointers>object_pointer @gkaissisde_register_obj called by generic>pointers>object_pointer @gkaissisde_register_obj called by generic>pointers>object_pointer @gkaissisde_register_obj called by generic>pointers>object_pointer @gkaissisde_register_obj called by generic>pointers>object_pointer @gkaissisde_register_obj called by generic>pointers>object_pointer @gkaissisde_register_obj called by generic>pointers>object_pointer @gkaissisde_register_obj called by generic>pointers>object_pointer @gkaissisde_register_obj called by generic>pointers>object_pointer @gkaissisde_register_obj called by generic>pointers>object_pointer @gkaissisde_register_obj called by generic>pointers>object_pointer @gkaissisde_register_obj called by generic>pointers>object_pointer @gkaissisde_register_obj called by generic>pointers>object_pointer @gkaissisde_register_obj called by generic>pointers>object_pointer @gkaissisde_register_obj called by generic>pointers>object_pointer @gkaissisde_register_obj called by generic>pointers>object_pointer @gkaissisde_register_obj called by generic>pointers>object_pointer @gkaissisde_register_obj called by generic>pointers>object_pointer @gkaissisde_register_obj called by generic>pointers>object_pointer @gkaissisde_register_obj called by generic>pointers>object_pointer @gkaissisde_register_obj called by generic>pointers>object_pointer @gkaissisde_register_obj called by generic>pointers>object_pointer @gkaissisde_register_obj called by generic>pointers>object_pointer @gkaissisde_register_obj called by generic>pointers>object_pointer @gkaissisde_register_obj called by generic>pointers>object_pointer @gkaissisde_register_obj called by generic>pointers>object_pointer @gkaissisde_register_obj called by generic>pointers>object_pointer @gkaissisde_register_obj called by generic>pointers>object_pointer @gkaissisde_register_obj called by generic>pointers>object_pointer @gkaissisde_register_obj called by generic>pointers>object_pointer @gkaissisde_register_obj called by generic>pointers>object_pointer @gkaissisde_register_obj called by generic>pointers>object_pointer @gkaissisde_register_obj called by generic>pointers>object_pointer @gkaissisde_register_obj called by generic>pointers>object_pointer @gkaissisde_register_obj called by generic>pointers>object_pointer @gkaissisde_register_obj called by generic>pointers>object_pointer @gkaissisde_register_obj called by generic>pointers>object_pointer @gkaissisde_register_obj called by generic>pointers>object_pointer @gkaissisde_register_obj called by generic>pointers>object_pointer @gkaissisde_register_obj called by generic>pointers>object_pointer @gkaissisde_register_obj called by generic>pointers>object_pointer @gkaissisde_register_obj called by generic>pointers>object_pointer @gkaissisde_register_obj called by generic>pointers>object_pointer @gkaissisde_register_obj called by generic>pointers>object_pointer @gkaissisde_register_obj called by generic>pointers>object_pointer @gkaissisde_register_obj called by generic>pointers>object_pointer @gkaissisde_register_obj called by generic>pointers>object_pointer @gkaissisde_register_obj called by generic>pointers>object_pointer @gkaissisde_register_obj called by generic>pointers>object_pointer @gkaissisde_register_obj called by generic>pointers>object_pointer @gkaissisde_register_obj called by generic>pointers>object_pointer @gkaissisde_register_obj called by generic>pointers>object_pointer @gkaissisde_register_obj called by generic>pointers>object_pointer @gkaissisde_register_obj called by generic>pointers>object_pointer @gkaissisde_register_obj called by generic>pointers>object_pointer @gkaissisde_register_obj called by generic>pointers>object_pointer @gkaissisde_register_obj called by generic>pointers>object_pointer @gkaissisCaught ForceObjectDelete called by workers>base @gkaissisCaught ForceObjectDelete called by workers>base @gkaissisCaught ForceObjectDelete called by workers>base @gkaissisCaught ForceObjectDelete called by workers>base @gkaissisCaught ForceObjectDelete called by workers>base @gkaissisCaught ForceObjectDelete called by workers>base @gkaissisCaught ForceObjectDelete called by workers>base @gkaissisCaught ForceObjectDelete called by workers>base @gkaissisCaught ForceObjectDelete called by workers>base @gkaissisCaught ForceObjectDelete called by workers>base @gkaissisCaught ForceObjectDelete called by workers>base @gkaissisCaught ForceObjectDelete called by workers>base @gkaissisCaught ForceObjectDelete called by workers>base @gkaissisCaught ForceObjectDelete called by workers>base @gkaissisCaught ForceObjectDelete called by workers>base @gkaissisCaught ForceObjectDelete called by workers>base @gkaissisCaught ForceObjectDelete called by workers>base @gkaissisCaught ForceObjectDelete called by workers>base @gkaissisCaught ForceObjectDelete called by workers>base @gkaissisCaught ForceObjectDelete called by workers>base @gkaissisCaught ForceObjectDelete called by workers>base @gkaissisCaught ForceObjectDelete called by workers>base @gkaissisCaught ForceObjectDelete called by workers>base @gkaissisCaught ForceObjectDelete called by workers>base @gkaissisCaught ForceObjectDelete called by workers>base @gkaissisCaught ForceObjectDelete called by workers>base @gkaissisCaught ForceObjectDelete called by workers>base @gkaissisCaught ForceObjectDelete called by workers>base @gkaissisCaught ForceObjectDelete called by workers>base @gkaissisCaught ForceObjectDelete called by workers>base @gkaissisCaught ForceObjectDelete called by workers>base @gkaissisCaught ForceObjectDelete called by workers>base @gkaissisCaught ForceObjectDelete called by workers>base @gkaissisCaught ForceObjectDelete called by workers>base @gkaissisCaught ForceObjectDelete called by workers>base @gkaissisCaught ForceObjectDelete called by workers>base @gkaissisCaught ForceObjectDelete called by workers>base @gkaissisCaught ForceObjectDelete called by workers>base @gkaissisCaught ForceObjectDelete called by workers>base @gkaissisCaught ForceObjectDelete called by workers>base @gkaissisCaught ForceObjectDelete called by workers>base @gkaissisCaught ForceObjectDelete called by workers>base @gkaissisCaught ForceObjectDelete called by workers>base @gkaissisCaught ForceObjectDelete called by workers>base @gkaissisCaught ForceObjectDelete called by workers>base @gkaissisCaught ForceObjectDelete called by workers>base @gkaissisCaught ForceObjectDelete called by workers>base @gkaissisCaught ForceObjectDelete called by workers>base @gkaissisCaught ForceObjectDelete called by workers>base @gkaissisCaught ForceObjectDelete called by workers>base @gkaissisCaught ForceObjectDelete called by workers>base @gkaissisCaught ForceObjectDelete called by workers>base @gkaissisCaught ForceObjectDelete called by workers>base @gkaissisCaught ForceObjectDelete called by workers>base @gkaissisCaught ForceObjectDelete called by workers>base @gkaissisCaught ForceObjectDelete called by workers>base @gkaissisCaught ForceObjectDelete called by workers>base @gkaissisCaught ForceObjectDelete called by workers>base @gkaissisCaught ForceObjectDelete called by workers>base @gkaissisCaught ForceObjectDelete called by workers>base @gkaissisCaught ForceObjectDelete called by workers>base @gkaissisCaught ForceObjectDelete called by workers>base @gkaissisCaught ForceObjectDelete called by workers>base @gkaissisCaught ForceObjectDelete called by workers>base @gkaissisCaught ForceObjectDelete called by workers>base @gkaissisCaught ForceObjectDelete called by workers>base @gkaissisCaught ForceObjectDelete called by workers>base @gkaissisCaught ForceObjectDelete called by workers>base @gkaissisCaught ForceObjectDelete called by workers>base @gkaissisCaught ForceObjectDelete called by workers>base @gkaissisCaught ForceObjectDelete called by workers>base @gkaissisCaught ForceObjectDelete called by workers>base @gkaissisCaught ForceObjectDelete called by workers>base @gkaissisCaught ForceObjectDelete called by workers>base @gkaissisCaught ForceObjectDelete called by workers>base @gkaissisCaught ForceObjectDelete called by workers>base @gkaissisCaught ForceObjectDelete called by workers>base @gkaissisCaught ForceObjectDelete called by workers>base @gkaissisCaught ForceObjectDelete called by workers>base @gkaissisCaught ForceObjectDelete called by workers>base @gkaissisCaught ForceObjectDelete called by workers>base @gkaissisCaught ForceObjectDelete called by workers>base @gkaissisCaught ForceObjectDelete called by workers>base @gkaissisCaught ForceObjectDelete called by workers>base @gkaissisCaught ForceObjectDelete called by workers>base @gkaissisCaught ForceObjectDelete called by workers>base @gkaissisCaught ForceObjectDelete called by workers>base @gkaissisCaught ForceObjectDelete called by workers>base @gkaissisCaught ForceObjectDelete called by workers>base @gkaissisCaught ForceObjectDelete called by workers>base @gkaissisCaught ForceObjectDelete called by workers>base @gkaissisCaught ForceObjectDelete called by workers>base @gkaissisCaught ForceObjectDelete called by workers>base @gkaissisCaught ForceObjectDelete called by workers>base @gkaissisCaught ForceObjectDelete called by workers>base @gkaissisCaught ForceObjectDelete called by workers>base @gkaissisCaught ForceObjectDelete called by workers>base @gkaissisCaught ForceObjectDelete called by workers>base @gkaissisCaught ForceObjectDelete called by workers>base @gkaissisCaught ForceObjectDelete called by workers>base @gkaissisCaught ForceObjectDelete called by workers>base @gkaissisCaught ForceObjectDelete called by workers>base @gkaissisCaught ForceObjectDelete called by workers>base @gkaissisCaught ForceObjectDelete called by workers>base @gkaissisCaught ForceObjectDelete called by workers>base @gkaissisCaught ForceObjectDelete called by workers>base @gkaissisCaught ForceObjectDelete called by workers>base @gkaissisCaught ForceObjectDelete called by workers>base @gkaissisCaught ForceObjectDelete called by workers>base @gkaissisCaught ForceObjectDelete called by workers>base @gkaissisCaught ForceObjectDelete called by workers>base @gkaissisCaught ForceObjectDelete called by workers>base @gkaissisCaught ForceObjectDelete called by workers>base @gkaissisCaught ForceObjectDelete called by workers>base @gkaissisCaught ForceObjectDelete called by workers>base @gkaissisCaught ForceObjectDelete called by workers>base @gkaissisCaught ForceObjectDelete called by workers>base @gkaissisCaught ForceObjectDelete called by workers>base @gkaissisCaught ForceObjectDelete called by workers>base @gkaissisCaught ForceObjectDelete called by workers>base @gkaissisCaught ForceObjectDelete called by workers>base @gkaissisCaught ForceObjectDelete called by workers>base @gkaissisCaught ForceObjectDelete called by workers>base @gkaissisCaught ForceObjectDelete called by workers>base @gkaissisCaught ForceObjectDelete called by workers>base @gkaissisCaught ForceObjectDelete called by workers>base @gkaissisCaught ForceObjectDelete called by workers>base @gkaissisCaught ForceObjectDelete called by workers>base @gkaissisCaught ForceObjectDelete called by workers>base @gkaissisCaught ForceObjectDelete called by workers>base @gkaissisCaught ForceObjectDelete called by workers>base @gkaissisCaught ForceObjectDelete called by workers>base @gkaissisCaught ForceObjectDelete called by workers>base @gkaissisCaught ForceObjectDelete called by workers>base @gkaissisCaught ForceObjectDelete called by workers>base @gkaissisCaught ForceObjectDelete called by workers>base @gkaissisCaught ForceObjectDelete called by workers>base @gkaissisCaught ForceObjectDelete called by workers>base @gkaissisCaught ForceObjectDelete called by workers>base @gkaissisCaught ForceObjectDelete called by workers>base @gkaissisCaught ForceObjectDelete called by workers>base @gkaissisCaught ForceObjectDelete called by workers>base @gkaissisCaught ForceObjectDelete called by workers>base @gkaissisCaught ForceObjectDelete called by workers>base @gkaissisCaught ForceObjectDelete called by workers>base @gkaissisCaught ForceObjectDelete called by workers>base @gkaissisCaught ForceObjectDelete called by workers>base @gkaissisCaught ForceObjectDelete called by workers>base @gkaissisCaught ForceObjectDelete called by workers>base @gkaissisCaught ForceObjectDelete called by workers>base @gkaissisCaught ForceObjectDelete called by workers>base @gkaissisCaught ForceObjectDelete called by workers>base @gkaissisCaught ForceObjectDelete called by workers>base @gkaissisCaught ForceObjectDelete called by workers>base @gkaissisCaught ForceObjectDelete called by workers>base @gkaissisCaught ForceObjectDelete called by workers>base @gkaissisCaught ForceObjectDelete called by workers>base @gkaissisCaught ForceObjectDelete called by workers>base @gkaissisCaught ForceObjectDelete called by workers>base @gkaissisCaught ForceObjectDelete called by workers>base @gkaissisCaught ForceObjectDelete called by workers>base @gkaissisCaught ForceObjectDelete called by workers>base @gkaissisCaught ForceObjectDelete called by workers>base @gkaissisCaught ForceObjectDelete called by workers>base @gkaissisCaught ForceObjectDelete called by workers>base @gkaissisCaught ForceObjectDelete called by workers>base @gkaissisCaught ForceObjectDelete called by workers>base @gkaissisCaught ForceObjectDelete called by workers>base @gkaissisCaught ForceObjectDelete called by workers>base @gkaissisCaught ForceObjectDelete called by workers>base @gkaissisCaught ForceObjectDelete called by workers>base @gkaissisCaught ForceObjectDelete called by workers>base @gkaissisCaught ForceObjectDelete called by workers>base @gkaissisCaught ForceObjectDelete called by workers>base @gkaissisCaught ForceObjectDelete called by workers>base @gkaissisCaught ForceObjectDelete called by workers>base @gkaissisCaught ForceObjectDelete called by workers>base @gkaissisCaught ForceObjectDelete called by workers>base @gkaissisCaught ForceObjectDelete called by workers>base @gkaissisCaught ForceObjectDelete called by workers>base @gkaissisCaught ForceObjectDelete called by workers>base @gkaissisCaught ForceObjectDelete called by workers>base @gkaissisCaught ForceObjectDelete called by workers>base @gkaissisCaught ForceObjectDelete called by workers>base @gkaissisCaught ForceObjectDelete called by workers>base @gkaissisCaught ForceObjectDelete called by workers>base @gkaissisCaught ForceObjectDelete called by workers>base @gkaissisCaught ForceObjectDelete called by workers>base @gkaissisCaught ForceObjectDelete called by workers>base @gkaissisCaught ForceObjectDelete called by workers>base @gkaissisCaught ForceObjectDelete called by workers>base @gkaissisCaught ForceObjectDelete called by workers>base @gkaissisCaught ForceObjectDelete called by workers>base @gkaissisCaught ForceObjectDelete called by workers>base @gkaissisCaught ForceObjectDelete called by workers>base @gkaissisCaught ForceObjectDelete called by workers>base @gkaissisCaught ForceObjectDelete called by workers>base @gkaissisCaught ForceObjectDelete called by workers>base @gkaissisCaught ForceObjectDelete called by workers>base @gkaissisCaught ForceObjectDelete called by workers>base @gkaissisCaught ForceObjectDelete called by workers>base @gkaissisCaught ForceObjectDelete called by workers>base @gkaissisCaught ForceObjectDelete called by workers>base @gkaissisCaught ForceObjectDelete called by workers>base @gkaissisCaught ForceObjectDelete called by workers>base @gkaissisCaught ForceObjectDelete called by workers>base @gkaissisCaught ForceObjectDelete called by workers>base @gkaissisCaught ForceObjectDelete called by workers>base @gkaissisCaught ForceObjectDelete called by workers>base @gkaissisCaught ForceObjectDelete called by workers>base @gkaissisCaught ForceObjectDelete called by workers>base @gkaissisCaught ForceObjectDelete called by workers>base @gkaissisCaught ForceObjectDelete called by workers>base @gkaissisCaught ForceObjectDelete called by workers>base @gkaissisCaught ForceObjectDelete called by workers>base @gkaissisCaught ForceObjectDelete called by workers>base @gkaissisCaught ForceObjectDelete called by workers>base @gkaissisCaught ForceObjectDelete called by workers>base @gkaissisCaught ForceObjectDelete called by workers>base @gkaissisCaught ForceObjectDelete called by workers>base @gkaissisCaught ForceObjectDelete called by workers>base @gkaissisCaught ForceObjectDelete called by workers>base @gkaissisCaught ForceObjectDelete called by workers>base @gkaissisCaught ForceObjectDelete called by workers>base @gkaissisCaught ForceObjectDelete called by workers>base @gkaissisCaught ForceObjectDelete called by workers>base @gkaissisCaught ForceObjectDelete called by workers>base @gkaissisCaught ForceObjectDelete called by workers>base @gkaissisCaught ForceObjectDelete called by workers>base @gkaissisCaught ForceObjectDelete called by workers>base @gkaissisCaught ForceObjectDelete called by workers>base @gkaissisCaught ForceObjectDelete called by workers>base @gkaissisCaught ForceObjectDelete called by workers>base @gkaissisCaught ForceObjectDelete called by workers>base @gkaissisCaught ForceObjectDelete called by workers>base @gkaissisCaught ForceObjectDelete called by workers>base @gkaissisCaught ForceObjectDelete called by workers>base @gkaissisCaught ForceObjectDelete called by workers>base @gkaissisCaught ForceObjectDelete called by workers>base @gkaissisCaught ForceObjectDelete called by workers>base @gkaissisCaught ForceObjectDelete called by workers>base @gkaissisCaught ForceObjectDelete called by workers>base @gkaissisCaught ForceObjectDelete called by workers>base @gkaissisCaught ForceObjectDelete called by workers>base @gkaissisCaught ForceObjectDelete called by workers>base @gkaissisCaught ForceObjectDelete called by workers>base @gkaissisCaught ForceObjectDelete called by workers>base @gkaissisCaught ForceObjectDelete called by workers>base @gkaissisCaught ForceObjectDelete called by workers>base @gkaissisCaught ForceObjectDelete called by workers>base @gkaissisCaught ForceObjectDelete called by workers>base @gkaissisCaught ForceObjectDelete called by workers>base @gkaissisCaught ForceObjectDelete called by workers>base @gkaissisCaught ForceObjectDelete called by workers>base @gkaissisCaught ForceObjectDelete called by workers>base @gkaissisCaught ForceObjectDelete called by workers>base @gkaissisCaught ForceObjectDelete called by workers>base @gkaissisCaught ForceObjectDelete called by workers>base @gkaissisCaught ForceObjectDelete called by workers>base @gkaissisCaught ForceObjectDelete called by workers>base @gkaissisCaught ForceObjectDelete called by workers>base @gkaissisCaught ForceObjectDelete called by workers>base @gkaissisCaught ForceObjectDelete called by workers>base @gkaissisCaught ForceObjectDelete called by workers>base @gkaissisCaught ForceObjectDelete called by workers>base @gkaissisCaught ForceObjectDelete called by workers>base @gkaissisCaught ForceObjectDelete called by workers>base @gkaissisCaught ForceObjectDelete called by workers>base @gkaissisCaught ForceObjectDelete called by workers>base @gkaissisCaught ForceObjectDelete called by workers>base @gkaissisCaught ForceObjectDelete called by workers>base @gkaissisCaught ForceObjectDelete called by workers>base @gkaissisCaught ForceObjectDelete called by workers>base @gkaissisCaught ForceObjectDelete called by workers>base @gkaissisCaught ForceObjectDelete called by workers>base @gkaissisCaught ForceObjectDelete called by workers>base @gkaissisCaught ForceObjectDelete called by workers>base @gkaissisCaught ForceObjectDelete called by workers>base @gkaissisCaught ForceObjectDelete called by workers>base @gkaissisCaught ForceObjectDelete called by workers>base @gkaissisCaught ForceObjectDelete called by workers>base @gkaissisCaught ForceObjectDelete called by workers>base @gkaissisCaught ForceObjectDelete called by workers>base @gkaissisCaught ForceObjectDelete called by workers>base @gkaissisCaught ForceObjectDelete called by workers>base @gkaissisCaught ForceObjectDelete called by workers>base @gkaissisCaught ForceObjectDelete called by workers>base @gkaissisCaught ForceObjectDelete called by workers>base @gkaissisCaught ForceObjectDelete called by workers>base @gkaissisCaught ForceObjectDelete called by workers>base @gkaissisCaught ForceObjectDelete called by workers>base @gkaissisCaught ForceObjectDelete called by workers>base @gkaissisCaught ForceObjectDelete called by workers>base @gkaissisCaught ForceObjectDelete called by workers>base @gkaissisCaught ForceObjectDelete called by workers>base @gkaissisCaught ForceObjectDelete called by workers>base @gkaissisCaught ForceObjectDelete called by workers>base @gkaissisCaught ForceObjectDelete called by workers>base @gkaissisCaught ForceObjectDelete called by workers>base @gkaissisCaught ForceObjectDelete called by workers>base @gkaissisCaught ForceObjectDelete called by workers>base @gkaissisCaught ForceObjectDelete called by workers>base @gkaissisCaught ForceObjectDelete called by workers>base @gkaissisCaught ForceObjectDelete called by workers>base @gkaissisCaught ForceObjectDelete called by workers>base @gkaissisCaught ForceObjectDelete called by workers>base @gkaissisCaught ForceObjectDelete called by workers>base @gkaissisCaught ForceObjectDelete called by workers>base @gkaissisCaught ForceObjectDelete called by workers>base @gkaissisCaught ForceObjectDelete called by workers>base @gkaissisCaught ForceObjectDelete called by workers>base @gkaissisCaught ForceObjectDelete called by workers>base @gkaissisCaught ForceObjectDelete called by workers>base @gkaissisCaught ForceObjectDelete called by workers>base @gkaissisCaught ForceObjectDelete called by workers>base @gkaissisCaught ForceObjectDelete called by workers>base @gkaissisCaught ForceObjectDelete called by workers>base @gkaissisCaught ForceObjectDelete called by workers>base @gkaissisCaught ForceObjectDelete called by workers>base @gkaissisCaught ForceObjectDelete called by workers>base @gkaissisCaught ForceObjectDelete called by workers>base @gkaissisCaught ForceObjectDelete called by workers>base @gkaissisCaught ForceObjectDelete called by workers>base @gkaissisCaught ForceObjectDelete called by workers>base @gkaissisCaught ForceObjectDelete called by workers>base @gkaissisCaught ForceObjectDelete called by workers>base @gkaissisCaught ForceObjectDelete called by workers>base @gkaissisCaught ForceObjectDelete called by workers>base @gkaissisCaught ForceObjectDelete called by workers>base @gkaissisCaught ForceObjectDelete called by workers>base @gkaissisCaught ForceObjectDelete called by workers>base @gkaissisCaught ForceObjectDelete called by workers>base @gkaissisCaught ForceObjectDelete called by workers>base @gkaissisCaught ForceObjectDelete called by workers>base @gkaissisCaught ForceObjectDelete called by workers>base @gkaissisCaught ForceObjectDelete called by workers>base @gkaissisCaught ForceObjectDelete called by workers>base @gkaissisCaught ForceObjectDelete called by workers>base @gkaissisCaught ForceObjectDelete called by workers>base @gkaissisCaught ForceObjectDelete called by workers>base @gkaissisCaught ForceObjectDelete called by workers>base @gkaissisCaught ForceObjectDelete called by workers>base @gkaissisCaught ForceObjectDelete called by workers>base @gkaissisCaught ForceObjectDelete called by workers>base @gkaissisCaught ForceObjectDelete called by workers>base @gkaissisCaught ForceObjectDelete called by workers>base @gkaissisCaught ForceObjectDelete called by workers>base @gkaissisCaught ForceObjectDelete called by workers>base @gkaissisCaught ForceObjectDelete called by workers>base @gkaissisCaught ForceObjectDelete called by workers>base @gkaissisCaught ForceObjectDelete called by workers>base @gkaissisCaught ForceObjectDelete called by workers>base @gkaissisCaught ForceObjectDelete called by workers>base @gkaissisCaught ForceObjectDelete called by workers>base @gkaissisCaught ForceObjectDelete called by workers>base @gkaissisCaught ForceObjectDelete called by workers>base @gkaissisCaught ForceObjectDelete called by workers>base @gkaissisCaught ForceObjectDelete called by workers>base @gkaissisCaught ForceObjectDelete called by workers>base @gkaissisCaught ForceObjectDelete called by workers>base @gkaissisCaught ForceObjectDelete called by workers>base @gkaissisCaught ForceObjectDelete called by workers>base @gkaissisCaught ForceObjectDelete called by workers>base @gkaissisCaught ForceObjectDelete called by workers>base @gkaissisCaught ForceObjectDelete called by workers>base @gkaissisCaught ForceObjectDelete called by workers>base @gkaissisde_register_obj called by generic>pointers>object_pointer @gkaissisde_register_obj called by generic>pointers>object_pointer @gkaissisde_register_obj called by generic>pointers>object_pointer @gkaissisde_register_obj called by generic>pointers>object_pointer @gkaissisde_register_obj called by generic>pointers>object_pointer @gkaissisde_register_obj called by generic>pointers>object_pointer @gkaissisde_register_obj called by generic>pointers>object_pointer @gkaissisde_register_obj called by generic>pointers>object_pointer @gkaissisde_register_obj called by generic>pointers>object_pointer @gkaissisde_register_obj called by generic>pointers>object_pointer @gkaissisde_register_obj called by generic>pointers>object_pointer @gkaissisde_register_obj called by generic>pointers>object_pointer @gkaissisde_register_obj called by generic>pointers>object_pointer @gkaissisde_register_obj called by generic>pointers>object_pointer @gkaissisde_register_obj called by generic>pointers>object_pointer @gkaissisde_register_obj called by generic>pointers>object_pointer @gkaissisde_register_obj called by generic>pointers>object_pointer @gkaissisde_register_obj called by generic>pointers>object_pointer @gkaissisde_register_obj called by generic>pointers>object_pointer @gkaissisde_register_obj called by generic>pointers>object_pointer @gkaissisde_register_obj called by generic>pointers>object_pointer @gkaissisde_register_obj called by generic>pointers>object_pointer @gkaissisde_register_obj called by generic>pointers>object_pointer @gkaissisde_register_obj called by generic>pointers>object_pointer @gkaissisde_register_obj called by generic>pointers>object_pointer @gkaissisde_register_obj called by generic>pointers>object_pointer @gkaissisde_register_obj called by generic>pointers>object_pointer @gkaissisde_register_obj called by generic>pointers>object_pointer @gkaissisde_register_obj called by generic>pointers>object_pointer @gkaissisde_register_obj called by generic>pointers>object_pointer @gkaissisde_register_obj called by generic>pointers>object_pointer @gkaissisde_register_obj called by generic>pointers>object_pointer @gkaissisde_register_obj called by generic>pointers>object_pointer @gkaissisde_register_obj called by generic>pointers>object_pointer @gkaissisde_register_obj called by generic>pointers>object_pointer @gkaissisde_register_obj called by generic>pointers>object_pointer @gkaissisde_register_obj called by generic>pointers>object_pointer @gkaissisde_register_obj called by generic>pointers>object_pointer @gkaissisde_register_obj called by generic>pointers>object_pointer @gkaissisde_register_obj called by generic>pointers>object_pointer @gkaissisde_register_obj called by generic>pointers>object_pointer @gkaissisde_register_obj called by generic>pointers>object_pointer @gkaissisde_register_obj called by generic>pointers>object_pointer @gkaissisde_register_obj called by generic>pointers>object_pointer @gkaissisde_register_obj called by generic>pointers>object_pointer @gkaissisde_register_obj called by generic>pointers>object_pointer @gkaissisde_register_obj called by generic>pointers>object_pointer @gkaissisde_register_obj called by generic>pointers>object_pointer @gkaissisde_register_obj called by generic>pointers>object_pointer @gkaissisde_register_obj called by generic>pointers>object_pointer @gkaissisde_register_obj called by generic>pointers>object_pointer @gkaissisde_register_obj called by generic>pointers>object_pointer @gkaissisde_register_obj called by generic>pointers>object_pointer @gkaissisde_register_obj called by generic>pointers>object_pointer @gkaissisde_register_obj called by generic>pointers>object_pointer @gkaissisde_register_obj called by generic>pointers>object_pointer @gkaissisde_register_obj called by generic>pointers>object_pointer @gkaissisde_register_obj called by generic>pointers>object_pointer @gkaissisde_register_obj called by generic>pointers>object_pointer @gkaissisde_register_obj called by generic>pointers>object_pointer @gkaissisde_register_obj called by generic>pointers>object_pointer @gkaissisde_register_obj called by generic>pointers>object_pointer @gkaissisde_register_obj called by generic>pointers>object_pointer @gkaissisde_register_obj called by generic>pointers>object_pointer @gkaissisde_register_obj called by generic>pointers>object_pointer @gkaissisde_register_obj called by generic>pointers>object_pointer @gkaissisde_register_obj called by generic>pointers>object_pointer @gkaissisde_register_obj called by generic>pointers>object_pointer @gkaissisde_register_obj called by generic>pointers>object_pointer @gkaissisde_register_obj called by generic>pointers>object_pointer @gkaissisde_register_obj called by generic>pointers>object_pointer @gkaissisde_register_obj called by generic>pointers>object_pointer @gkaissisde_register_obj called by generic>pointers>object_pointer @gkaissisde_register_obj called by generic>pointers>object_pointer @gkaissisde_register_obj called by generic>pointers>object_pointer @gkaissisde_register_obj called by generic>pointers>object_pointer @gkaissisde_register_obj called by generic>pointers>object_pointer @gkaissisde_register_obj called by generic>pointers>object_pointer @gkaissisde_register_obj called by generic>pointers>object_pointer @gkaissisde_register_obj called by generic>pointers>object_pointer @gkaissisde_register_obj called by generic>pointers>object_pointer @gkaissisde_register_obj called by generic>pointers>object_pointer @gkaissisde_register_obj called by generic>pointers>object_pointer @gkaissisde_register_obj called by generic>pointers>object_pointer @gkaissisde_register_obj called by generic>pointers>object_pointer @gkaissisde_register_obj called by generic>pointers>object_pointer @gkaissisde_register_obj called by generic>pointers>object_pointer @gkaissisde_register_obj called by generic>pointers>object_pointer @gkaissisde_register_obj called by generic>pointers>object_pointer @gkaissisde_register_obj called by generic>pointers>object_pointer @gkaissisde_register_obj called by generic>pointers>object_pointer @gkaissisde_register_obj called by generic>pointers>object_pointer @gkaissisde_register_obj called by generic>pointers>object_pointer @gkaissisde_register_obj called by generic>pointers>object_pointer @gkaissisde_register_obj called by generic>pointers>object_pointer @gkaissisde_register_obj called by generic>pointers>object_pointer @gkaissisde_register_obj called by generic>pointers>object_pointer @gkaissisde_register_obj called by generic>pointers>object_pointer @gkaissisde_register_obj called by generic>pointers>object_pointer @gkaissisde_register_obj called by generic>pointers>object_pointer @gkaissisde_register_obj called by generic>pointers>object_pointer @gkaissisde_register_obj called by generic>pointers>object_pointer @gkaissisde_register_obj called by generic>pointers>object_pointer @gkaissisde_register_obj called by generic>pointers>object_pointer @gkaissisde_register_obj called by generic>pointers>object_pointer @gkaissisde_register_obj called by generic>pointers>object_pointer @gkaissisde_register_obj called by generic>pointers>object_pointer @gkaissisde_register_obj called by generic>pointers>object_pointer @gkaissisde_register_obj called by generic>pointers>object_pointer @gkaissisde_register_obj called by generic>pointers>object_pointer @gkaissisde_register_obj called by generic>pointers>object_pointer @gkaissisde_register_obj called by generic>pointers>object_pointer @gkaissisde_register_obj called by generic>pointers>object_pointer @gkaissisde_register_obj called by generic>pointers>object_pointer @gkaissisde_register_obj called by generic>pointers>object_pointer @gkaissisde_register_obj called by generic>pointers>object_pointer @gkaissisde_register_obj called by generic>pointers>object_pointer @gkaissisde_register_obj called by generic>pointers>object_pointer @gkaissisde_register_obj called by generic>pointers>object_pointer @gkaissisde_register_obj called by generic>pointers>object_pointer @gkaissisde_register_obj called by generic>pointers>object_pointer @gkaissisde_register_obj called by generic>pointers>object_pointer @gkaissisCaught ForceObjectDelete called by workers>base @gkaissisCaught ForceObjectDelete called by workers>base @gkaissisCaught ForceObjectDelete called by workers>base @gkaissisCaught ForceObjectDelete called by workers>base @gkaissisCaught ForceObjectDelete called by workers>base @gkaissisCaught ForceObjectDelete called by workers>base @gkaissisCaught ForceObjectDelete called by workers>base @gkaissisCaught ForceObjectDelete called by workers>base @gkaissisCaught ForceObjectDelete called by workers>base @gkaissisCaught ForceObjectDelete called by workers>base @gkaissisCaught ForceObjectDelete called by workers>base @gkaissisCaught ForceObjectDelete called by workers>base @gkaissisCaught ForceObjectDelete called by workers>base @gkaissisCaught ForceObjectDelete called by workers>base @gkaissisCaught ForceObjectDelete called by workers>base @gkaissisCaught ForceObjectDelete called by workers>base @gkaissisCaught ForceObjectDelete called by workers>base @gkaissisCaught ForceObjectDelete called by workers>base @gkaissisCaught ForceObjectDelete called by workers>base @gkaissisCaught ForceObjectDelete called by workers>base @gkaissisCaught ForceObjectDelete called by workers>base @gkaissisCaught ForceObjectDelete called by workers>base @gkaissisCaught ForceObjectDelete called by workers>base @gkaissisCaught ForceObjectDelete called by workers>base @gkaissisCaught ForceObjectDelete called by workers>base @gkaissisCaught ForceObjectDelete called by workers>base @gkaissisCaught ForceObjectDelete called by workers>base @gkaissisCaught ForceObjectDelete called by workers>base @gkaissisCaught ForceObjectDelete called by workers>base @gkaissisCaught ForceObjectDelete called by workers>base @gkaissisCaught ForceObjectDelete called by workers>base @gkaissisCaught ForceObjectDelete called by workers>base @gkaissisCaught ForceObjectDelete called by workers>base @gkaissisCaught ForceObjectDelete called by workers>base @gkaissisCaught ForceObjectDelete called by workers>base @gkaissisCaught ForceObjectDelete called by workers>base @gkaissisCaught ForceObjectDelete called by workers>base @gkaissisCaught ForceObjectDelete called by workers>base @gkaissisCaught ForceObjectDelete called by workers>base @gkaissisCaught ForceObjectDelete called by workers>base @gkaissisCaught ForceObjectDelete called by workers>base @gkaissisCaught ForceObjectDelete called by workers>base @gkaissisCaught ForceObjectDelete called by workers>base @gkaissisCaught ForceObjectDelete called by workers>base @gkaissisCaught ForceObjectDelete called by workers>base @gkaissisCaught ForceObjectDelete called by workers>base @gkaissisCaught ForceObjectDelete called by workers>base @gkaissisCaught ForceObjectDelete called by workers>base @gkaissisCaught ForceObjectDelete called by workers>base @gkaissisCaught ForceObjectDelete called by workers>base @gkaissisCaught ForceObjectDelete called by workers>base @gkaissisCaught ForceObjectDelete called by workers>base @gkaissisCaught ForceObjectDelete called by workers>base @gkaissisCaught ForceObjectDelete called by workers>base @gkaissisCaught ForceObjectDelete called by workers>base @gkaissisCaught ForceObjectDelete called by workers>base @gkaissisCaught ForceObjectDelete called by workers>base @gkaissisCaught ForceObjectDelete called by workers>base @gkaissisCaught ForceObjectDelete called by workers>base @gkaissisCaught ForceObjectDelete called by workers>base @gkaissisCaught ForceObjectDelete called by workers>base @gkaissisCaught ForceObjectDelete called by workers>base @gkaissisCaught ForceObjectDelete called by workers>base @gkaissisCaught ForceObjectDelete called by workers>base @gkaissisCaught ForceObjectDelete called by workers>base @gkaissisCaught ForceObjectDelete called by workers>base @gkaissisCaught ForceObjectDelete called by workers>base @gkaissisCaught ForceObjectDelete called by workers>base @gkaissisCaught ForceObjectDelete called by workers>base @gkaissisCaught ForceObjectDelete called by workers>base @gkaissisCaught ForceObjectDelete called by workers>base @gkaissisCaught ForceObjectDelete called by workers>base @gkaissisCaught ForceObjectDelete called by workers>base @gkaissisCaught ForceObjectDelete called by workers>base @gkaissisCaught ForceObjectDelete called by workers>base @gkaissisCaught ForceObjectDelete called by workers>base @gkaissisCaught ForceObjectDelete called by workers>base @gkaissisCaught ForceObjectDelete called by workers>base @gkaissisCaught ForceObjectDelete called by workers>base @gkaissisCaught ForceObjectDelete called by workers>base @gkaissisCaught ForceObjectDelete called by workers>base @gkaissisCaught ForceObjectDelete called by workers>base @gkaissisCaught ForceObjectDelete called by workers>base @gkaissisCaught ForceObjectDelete called by workers>base @gkaissisCaught ForceObjectDelete called by workers>base @gkaissisCaught ForceObjectDelete called by workers>base @gkaissisCaught ForceObjectDelete called by workers>base @gkaissisCaught ForceObjectDelete called by workers>base @gkaissisCaught ForceObjectDelete called by workers>base @gkaissisCaught ForceObjectDelete called by workers>base @gkaissisCaught ForceObjectDelete called by workers>base @gkaissisCaught ForceObjectDelete called by workers>base @gkaissisCaught ForceObjectDelete called by workers>base @gkaissisCaught ForceObjectDelete called by workers>base @gkaissisCaught ForceObjectDelete called by workers>base @gkaissisCaught ForceObjectDelete called by workers>base @gkaissisCaught ForceObjectDelete called by workers>base @gkaissisCaught ForceObjectDelete called by workers>base @gkaissisCaught ForceObjectDelete called by workers>base @gkaissisCaught ForceObjectDelete called by workers>base @gkaissisCaught ForceObjectDelete called by workers>base @gkaissisCaught ForceObjectDelete called by workers>base @gkaissisCaught ForceObjectDelete called by workers>base @gkaissisCaught ForceObjectDelete called by workers>base @gkaissisCaught ForceObjectDelete called by workers>base @gkaissisCaught ForceObjectDelete called by workers>base @gkaissisCaught ForceObjectDelete called by workers>base @gkaissisCaught ForceObjectDelete called by workers>base @gkaissisCaught ForceObjectDelete called by workers>base @gkaissisCaught ForceObjectDelete called by workers>base @gkaissisCaught ForceObjectDelete called by workers>base @gkaissisCaught ForceObjectDelete called by workers>base @gkaissisCaught ForceObjectDelete called by workers>base @gkaissisCaught ForceObjectDelete called by workers>base @gkaissisCaught ForceObjectDelete called by workers>base @gkaissisCaught ForceObjectDelete called by workers>base @gkaissisCaught ForceObjectDelete called by workers>base @gkaissisCaught ForceObjectDelete called by workers>base @gkaissisCaught ForceObjectDelete called by workers>base @gkaissisCaught ForceObjectDelete called by workers>base @gkaissisCaught ForceObjectDelete called by workers>base @gkaissisCaught ForceObjectDelete called by workers>base @gkaissisCaught ForceObjectDelete called by workers>base @gkaissisCaught ForceObjectDelete called by workers>base @gkaissisCaught ForceObjectDelete called by workers>base @gkaissisCaught ForceObjectDelete called by workers>base @gkaissisCaught ForceObjectDelete called by workers>base @gkaissisCaught ForceObjectDelete called by workers>base @gkaissisCaught ForceObjectDelete called by workers>base @gkaissisCaught ForceObjectDelete called by workers>base @gkaissisCaught ForceObjectDelete called by workers>base @gkaissisCaught ForceObjectDelete called by workers>base @gkaissisCaught ForceObjectDelete called by workers>base @gkaissisCaught ForceObjectDelete called by workers>base @gkaissisCaught ForceObjectDelete called by workers>base @gkaissisCaught ForceObjectDelete called by workers>base @gkaissisCaught ForceObjectDelete called by workers>base @gkaissisCaught ForceObjectDelete called by workers>base @gkaissisCaught ForceObjectDelete called by workers>base @gkaissisCaught ForceObjectDelete called by workers>base @gkaissisCaught ForceObjectDelete called by workers>base @gkaissisCaught ForceObjectDelete called by workers>base @gkaissisCaught ForceObjectDelete called by workers>base @gkaissisCaught ForceObjectDelete called by workers>base @gkaissisCaught ForceObjectDelete called by workers>base @gkaissisCaught ForceObjectDelete called by workers>base @gkaissisCaught ForceObjectDelete called by workers>base @gkaissisCaught ForceObjectDelete called by workers>base @gkaissisCaught ForceObjectDelete called by workers>base @gkaissisCaught ForceObjectDelete called by workers>base @gkaissisCaught ForceObjectDelete called by workers>base @gkaissisCaught ForceObjectDelete called by workers>base @gkaissisCaught ForceObjectDelete called by workers>base @gkaissisCaught ForceObjectDelete called by workers>base @gkaissisCaught ForceObjectDelete called by workers>base @gkaissisCaught ForceObjectDelete called by workers>base @gkaissisCaught ForceObjectDelete called by workers>base @gkaissisCaught ForceObjectDelete called by workers>base @gkaissisCaught ForceObjectDelete called by workers>base @gkaissisCaught ForceObjectDelete called by workers>base @gkaissisCaught ForceObjectDelete called by workers>base @gkaissisCaught ForceObjectDelete called by workers>base @gkaissisCaught ForceObjectDelete called by workers>base @gkaissisCaught ForceObjectDelete called by workers>base @gkaissisCaught ForceObjectDelete called by workers>base @gkaissisCaught ForceObjectDelete called by workers>base @gkaissisCaught ForceObjectDelete called by workers>base @gkaissisCaught ForceObjectDelete called by workers>base @gkaissisCaught ForceObjectDelete called by workers>base @gkaissisCaught ForceObjectDelete called by workers>base @gkaissisCaught ForceObjectDelete called by workers>base @gkaissisCaught ForceObjectDelete called by workers>base @gkaissisCaught ForceObjectDelete called by workers>base @gkaissisCaught ForceObjectDelete called by workers>base @gkaissisCaught ForceObjectDelete called by workers>base @gkaissisCaught ForceObjectDelete called by workers>base @gkaissisCaught ForceObjectDelete called by workers>base @gkaissisCaught ForceObjectDelete called by workers>base @gkaissisCaught ForceObjectDelete called by workers>base @gkaissisCaught ForceObjectDelete called by workers>base @gkaissisCaught ForceObjectDelete called by workers>base @gkaissisCaught ForceObjectDelete called by workers>base @gkaissisCaught ForceObjectDelete called by workers>base @gkaissisCaught ForceObjectDelete called by workers>base @gkaissisCaught ForceObjectDelete called by workers>base @gkaissisCaught ForceObjectDelete called by workers>base @gkaissisCaught ForceObjectDelete called by workers>base @gkaissisCaught ForceObjectDelete called by workers>base @gkaissisCaught ForceObjectDelete called by workers>base @gkaissisCaught ForceObjectDelete called by workers>base @gkaissisCaught ForceObjectDelete called by workers>base @gkaissisCaught ForceObjectDelete called by workers>base @gkaissisCaught ForceObjectDelete called by workers>base @gkaissisCaught ForceObjectDelete called by workers>base @gkaissisCaught ForceObjectDelete called by workers>base @gkaissisCaught ForceObjectDelete called by workers>base @gkaissisCaught ForceObjectDelete called by workers>base @gkaissisCaught ForceObjectDelete called by workers>base @gkaissisCaught ForceObjectDelete called by workers>base @gkaissisCaught ForceObjectDelete called by workers>base @gkaissisCaught ForceObjectDelete called by workers>base @gkaissisCaught ForceObjectDelete called by workers>base @gkaissisCaught ForceObjectDelete called by workers>base @gkaissisCaught ForceObjectDelete called by workers>base @gkaissisCaught ForceObjectDelete called by workers>base @gkaissisCaught ForceObjectDelete called by workers>base @gkaissisCaught ForceObjectDelete called by workers>base @gkaissisCaught ForceObjectDelete called by workers>base @gkaissisCaught ForceObjectDelete called by workers>base @gkaissisCaught ForceObjectDelete called by workers>base @gkaissisCaught ForceObjectDelete called by workers>base @gkaissisCaught ForceObjectDelete called by workers>base @gkaissisCaught ForceObjectDelete called by workers>base @gkaissisCaught ForceObjectDelete called by workers>base @gkaissisCaught ForceObjectDelete called by workers>base @gkaissisCaught ForceObjectDelete called by workers>base @gkaissisCaught ForceObjectDelete called by workers>base @gkaissisCaught ForceObjectDelete called by workers>base @gkaissisCaught ForceObjectDelete called by workers>base @gkaissisCaught ForceObjectDelete called by workers>base @gkaissisCaught ForceObjectDelete called by workers>base @gkaissisCaught ForceObjectDelete called by workers>base @gkaissisCaught ForceObjectDelete called by workers>base @gkaissisCaught ForceObjectDelete called by workers>base @gkaissisCaught ForceObjectDelete called by workers>base @gkaissisCaught ForceObjectDelete called by workers>base @gkaissisCaught ForceObjectDelete called by workers>base @gkaissisCaught ForceObjectDelete called by workers>base @gkaissisCaught ForceObjectDelete called by workers>base @gkaissisCaught ForceObjectDelete called by workers>base @gkaissisCaught ForceObjectDelete called by workers>base @gkaissisCaught ForceObjectDelete called by workers>base @gkaissisCaught ForceObjectDelete called by workers>base @gkaissisCaught ForceObjectDelete called by workers>base @gkaissisCaught ForceObjectDelete called by workers>base @gkaissisCaught ForceObjectDelete called by workers>base @gkaissisCaught ForceObjectDelete called by workers>base @gkaissisCaught ForceObjectDelete called by workers>base @gkaissisCaught ForceObjectDelete called by workers>base @gkaissisCaught ForceObjectDelete called by workers>base @gkaissisCaught ForceObjectDelete called by workers>base @gkaissisCaught ForceObjectDelete called by workers>base @gkaissisCaught ForceObjectDelete called by workers>base @gkaissisCaught ForceObjectDelete called by workers>base @gkaissisCaught ForceObjectDelete called by workers>base @gkaissisCaught ForceObjectDelete called by workers>base @gkaissisCaught ForceObjectDelete called by workers>base @gkaissisCaught ForceObjectDelete called by workers>base @gkaissisCaught ForceObjectDelete called by workers>base @gkaissisCaught ForceObjectDelete called by workers>base @gkaissisCaught ForceObjectDelete called by workers>base @gkaissisCaught ForceObjectDelete called by workers>base @gkaissisCaught ForceObjectDelete called by workers>base @gkaissisCaught ForceObjectDelete called by workers>base @gkaissisCaught ForceObjectDelete called by workers>base @gkaissisCaught ForceObjectDelete called by workers>base @gkaissisCaught ForceObjectDelete called by workers>base @gkaissisCaught ForceObjectDelete called by workers>base @gkaissisCaught ForceObjectDelete called by workers>base @gkaissisCaught ForceObjectDelete called by workers>base @gkaissisCaught ForceObjectDelete called by workers>base @gkaissisCaught ForceObjectDelete called by workers>base @gkaissisCaught ForceObjectDelete called by workers>base @gkaissisCaught ForceObjectDelete called by workers>base @gkaissisCaught ForceObjectDelete called by workers>base @gkaissisCaught ForceObjectDelete called by workers>base @gkaissisCaught ForceObjectDelete called by workers>base @gkaissisCaught ForceObjectDelete called by workers>base @gkaissisCaught ForceObjectDelete called by workers>base @gkaissisCaught ForceObjectDelete called by workers>base @gkaissisCaught ForceObjectDelete called by workers>base @gkaissisCaught ForceObjectDelete called by workers>base @gkaissisCaught ForceObjectDelete called by workers>base @gkaissisCaught ForceObjectDelete called by workers>base @gkaissisCaught ForceObjectDelete called by workers>base @gkaissisCaught ForceObjectDelete called by workers>base @gkaissisCaught ForceObjectDelete called by workers>base @gkaissisCaught ForceObjectDelete called by workers>base @gkaissisCaught ForceObjectDelete called by workers>base @gkaissisCaught ForceObjectDelete called by workers>base @gkaissisCaught ForceObjectDelete called by workers>base @gkaissisCaught ForceObjectDelete called by workers>base @gkaissisCaught ForceObjectDelete called by workers>base @gkaissisCaught ForceObjectDelete called by workers>base @gkaissisCaught ForceObjectDelete called by workers>base @gkaissisCaught ForceObjectDelete called by workers>base @gkaissisCaught ForceObjectDelete called by workers>base @gkaissisCaught ForceObjectDelete called by workers>base @gkaissisCaught ForceObjectDelete called by workers>base @gkaissisCaught ForceObjectDelete called by workers>base @gkaissisCaught ForceObjectDelete called by workers>base @gkaissisCaught ForceObjectDelete called by workers>base @gkaissisCaught ForceObjectDelete called by workers>base @gkaissisCaught ForceObjectDelete called by workers>base @gkaissisCaught ForceObjectDelete called by workers>base @gkaissisCaught ForceObjectDelete called by workers>base @gkaissisCaught ForceObjectDelete called by workers>base @gkaissisCaught ForceObjectDelete called by workers>base @gkaissisCaught ForceObjectDelete called by workers>base @gkaissisCaught ForceObjectDelete called by workers>base @gkaissisCaught ForceObjectDelete called by workers>base @gkaissisCaught ForceObjectDelete called by workers>base @gkaissisCaught ForceObjectDelete called by workers>base @gkaissisCaught ForceObjectDelete called by workers>base @gkaissisCaught ForceObjectDelete called by workers>base @gkaissisCaught ForceObjectDelete called by workers>base @gkaissisCaught ForceObjectDelete called by workers>base @gkaissisCaught ForceObjectDelete called by workers>base @gkaissisCaught ForceObjectDelete called by workers>base @gkaissisCaught ForceObjectDelete called by workers>base @gkaissisCaught ForceObjectDelete called by workers>base @gkaissisCaught ForceObjectDelete called by workers>base @gkaissisCaught ForceObjectDelete called by workers>base @gkaissisCaught ForceObjectDelete called by workers>base @gkaissisCaught ForceObjectDelete called by workers>base @gkaissisCaught ForceObjectDelete called by workers>base @gkaissisCaught ForceObjectDelete called by workers>base @gkaissisCaught ForceObjectDelete called by workers>base @gkaissisCaught ForceObjectDelete called by workers>base @gkaissisCaught ForceObjectDelete called by workers>base @gkaissisCaught ForceObjectDelete called by workers>base @gkaissisCaught ForceObjectDelete called by workers>base @gkaissisCaught ForceObjectDelete called by workers>base @gkaissisCaught ForceObjectDelete called by workers>base @gkaissisCaught ForceObjectDelete called by workers>base @gkaissisCaught ForceObjectDelete called by workers>base @gkaissisCaught ForceObjectDelete called by workers>base @gkaissisCaught ForceObjectDelete called by workers>base @gkaissisCaught ForceObjectDelete called by workers>base @gkaissisCaught ForceObjectDelete called by workers>base @gkaissisCaught ForceObjectDelete called by workers>base @gkaissisCaught ForceObjectDelete called by workers>base @gkaissisCaught ForceObjectDelete called by workers>base @gkaissisCaught ForceObjectDelete called by workers>base @gkaissisCaught ForceObjectDelete called by workers>base @gkaissisCaught ForceObjectDelete called by workers>base @gkaissisCaught ForceObjectDelete called by workers>base @gkaissisCaught ForceObjectDelete called by workers>base @gkaissisCaught ForceObjectDelete called by workers>base @gkaissisCaught ForceObjectDelete called by workers>base @gkaissisCaught ForceObjectDelete called by workers>base @gkaissisCaught ForceObjectDelete called by workers>base @gkaissisCaught ForceObjectDelete called by workers>base @gkaissisCaught ForceObjectDelete called by workers>base @gkaissisCaught ForceObjectDelete called by workers>base @gkaissisCaught ForceObjectDelete called by workers>base @gkaissisCaught ForceObjectDelete called by workers>base @gkaissisCaught ForceObjectDelete called by workers>base @gkaissisCaught ForceObjectDelete called by workers>base @gkaissisCaught ForceObjectDelete called by workers>base @gkaissisCaught ForceObjectDelete called by workers>base @gkaissisCaught ForceObjectDelete called by workers>base @gkaissisCaught ForceObjectDelete called by workers>base @gkaissisCaught ForceObjectDelete called by workers>base @gkaissisCaught ForceObjectDelete called by workers>base @gkaissisCaught ForceObjectDelete called by workers>base @gkaissisCaught ForceObjectDelete called by workers>base @gkaissisCaught ForceObjectDelete called by workers>base @gkaissisCaught ForceObjectDelete called by workers>base @gkaissisCaught ForceObjectDelete called by workers>base @gkaissisCaught ForceObjectDelete called by workers>base @gkaissisCaught ForceObjectDelete called by workers>base @gkaissisCaught ForceObjectDelete called by workers>base @gkaissisCaught ForceObjectDelete called by workers>base @gkaissisCaught ForceObjectDelete called by workers>base @gkaissisCaught ForceObjectDelete called by workers>base @gkaissisde_register_obj called by generic>pointers>object_pointer @gkaissisde_register_obj called by generic>pointers>object_pointer @gkaissisde_register_obj called by generic>pointers>object_pointer @gkaissisde_register_obj called by generic>pointers>object_pointer @gkaissisde_register_obj called by generic>pointers>object_pointer @gkaissisde_register_obj called by generic>pointers>object_pointer @gkaissisde_register_obj called by generic>pointers>object_pointer @gkaissisde_register_obj called by generic>pointers>object_pointer @gkaissisde_register_obj called by generic>pointers>object_pointer @gkaissisde_register_obj called by generic>pointers>object_pointer @gkaissisde_register_obj called by generic>pointers>object_pointer @gkaissisde_register_obj called by generic>pointers>object_pointer @gkaissisde_register_obj called by generic>pointers>object_pointer @gkaissisde_register_obj called by generic>pointers>object_pointer @gkaissisde_register_obj called by generic>pointers>object_pointer @gkaissisde_register_obj called by generic>pointers>object_pointer @gkaissisde_register_obj called by generic>pointers>object_pointer @gkaissisde_register_obj called by generic>pointers>object_pointer @gkaissisde_register_obj called by generic>pointers>object_pointer @gkaissisde_register_obj called by generic>pointers>object_pointer @gkaissisde_register_obj called by generic>pointers>object_pointer @gkaissisde_register_obj called by generic>pointers>object_pointer @gkaissisde_register_obj called by generic>pointers>object_pointer @gkaissisde_register_obj called by generic>pointers>object_pointer @gkaissisde_register_obj called by generic>pointers>object_pointer @gkaissisde_register_obj called by generic>pointers>object_pointer @gkaissisde_register_obj called by generic>pointers>object_pointer @gkaissisde_register_obj called by generic>pointers>object_pointer @gkaissisde_register_obj called by generic>pointers>object_pointer @gkaissisde_register_obj called by generic>pointers>object_pointer @gkaissisde_register_obj called by generic>pointers>object_pointer @gkaissisde_register_obj called by generic>pointers>object_pointer @gkaissisde_register_obj called by generic>pointers>object_pointer @gkaissisde_register_obj called by generic>pointers>object_pointer @gkaissisde_register_obj called by generic>pointers>object_pointer @gkaissisde_register_obj called by generic>pointers>object_pointer @gkaissisde_register_obj called by generic>pointers>object_pointer @gkaissisde_register_obj called by generic>pointers>object_pointer @gkaissisde_register_obj called by generic>pointers>object_pointer @gkaissisde_register_obj called by generic>pointers>object_pointer @gkaissisde_register_obj called by generic>pointers>object_pointer @gkaissisde_register_obj called by generic>pointers>object_pointer @gkaissisde_register_obj called by generic>pointers>object_pointer @gkaissisde_register_obj called by generic>pointers>object_pointer @gkaissisde_register_obj called by generic>pointers>object_pointer @gkaissisde_register_obj called by generic>pointers>object_pointer @gkaissisde_register_obj called by generic>pointers>object_pointer @gkaissisde_register_obj called by generic>pointers>object_pointer @gkaissisde_register_obj called by generic>pointers>object_pointer @gkaissisde_register_obj called by generic>pointers>object_pointer @gkaissisde_register_obj called by generic>pointers>object_pointer @gkaissisde_register_obj called by generic>pointers>object_pointer @gkaissisde_register_obj called by generic>pointers>object_pointer @gkaissisde_register_obj called by generic>pointers>object_pointer @gkaissisde_register_obj called by generic>pointers>object_pointer @gkaissisde_register_obj called by generic>pointers>object_pointer @gkaissisde_register_obj called by generic>pointers>object_pointer @gkaissisde_register_obj called by generic>pointers>object_pointer @gkaissisde_register_obj called by generic>pointers>object_pointer @gkaissisde_register_obj called by generic>pointers>object_pointer @gkaissisde_register_obj called by generic>pointers>object_pointer @gkaissisde_register_obj called by generic>pointers>object_pointer @gkaissisde_register_obj called by generic>pointers>object_pointer @gkaissisde_register_obj called by generic>pointers>object_pointer @gkaissisde_register_obj called by generic>pointers>object_pointer @gkaissisde_register_obj called by generic>pointers>object_pointer @gkaissisde_register_obj called by generic>pointers>object_pointer @gkaissisde_register_obj called by generic>pointers>object_pointer @gkaissisde_register_obj called by generic>pointers>object_pointer @gkaissisde_register_obj called by generic>pointers>object_pointer @gkaissisde_register_obj called by generic>pointers>object_pointer @gkaissisde_register_obj called by generic>pointers>object_pointer @gkaissisde_register_obj called by generic>pointers>object_pointer @gkaissisde_register_obj called by generic>pointers>object_pointer @gkaissisde_register_obj called by generic>pointers>object_pointer @gkaissisde_register_obj called by generic>pointers>object_pointer @gkaissisde_register_obj called by generic>pointers>object_pointer @gkaissisde_register_obj called by generic>pointers>object_pointer @gkaissisde_register_obj called by generic>pointers>object_pointer @gkaissisde_register_obj called by generic>pointers>object_pointer @gkaissisde_register_obj called by generic>pointers>object_pointer @gkaissisde_register_obj called by generic>pointers>object_pointer @gkaissisde_register_obj called by generic>pointers>object_pointer @gkaissisde_register_obj called by generic>pointers>object_pointer @gkaissisde_register_obj called by generic>pointers>object_pointer @gkaissisde_register_obj called by generic>pointers>object_pointer @gkaissisde_register_obj called by generic>pointers>object_pointer @gkaissisde_register_obj called by generic>pointers>object_pointer @gkaissisde_register_obj called by generic>pointers>object_pointer @gkaissisde_register_obj called by generic>pointers>object_pointer @gkaissisde_register_obj called by generic>pointers>object_pointer @gkaissisde_register_obj called by generic>pointers>object_pointer @gkaissisde_register_obj called by generic>pointers>object_pointer @gkaissisde_register_obj called by generic>pointers>object_pointer @gkaissisde_register_obj called by generic>pointers>object_pointer @gkaissisde_register_obj called by generic>pointers>object_pointer @gkaissisde_register_obj called by generic>pointers>object_pointer @gkaissisde_register_obj called by generic>pointers>object_pointer @gkaissisde_register_obj called by generic>pointers>object_pointer @gkaissisde_register_obj called by generic>pointers>object_pointer @gkaissisde_register_obj called by generic>pointers>object_pointer @gkaissisde_register_obj called by generic>pointers>object_pointer @gkaissisde_register_obj called by generic>pointers>object_pointer @gkaissisde_register_obj called by generic>pointers>object_pointer @gkaissisde_register_obj called by generic>pointers>object_pointer @gkaissisde_register_obj called by generic>pointers>object_pointer @gkaissisde_register_obj called by generic>pointers>object_pointer @gkaissisde_register_obj called by generic>pointers>object_pointer @gkaissisde_register_obj called by generic>pointers>object_pointer @gkaissisde_register_obj called by generic>pointers>object_pointer @gkaissisde_register_obj called by generic>pointers>object_pointer @gkaissisde_register_obj called by generic>pointers>object_pointer @gkaissisde_register_obj called by generic>pointers>object_pointer @gkaissisde_register_obj called by generic>pointers>object_pointer @gkaissisde_register_obj called by generic>pointers>object_pointer @gkaissisde_register_obj called by generic>pointers>object_pointer @gkaissisde_register_obj called by generic>pointers>object_pointer @gkaissisde_register_obj called by generic>pointers>object_pointer @gkaissisde_register_obj called by generic>pointers>object_pointer @gkaissisde_register_obj called by generic>pointers>object_pointer @gkaissisde_register_obj called by generic>pointers>object_pointer @gkaissisde_register_obj called by generic>pointers>object_pointer @gkaissisCaught ForceObjectDelete called by workers>base @gkaissisCaught ForceObjectDelete called by workers>base @gkaissisCaught ForceObjectDelete called by workers>base @gkaissisCaught ForceObjectDelete called by workers>base @gkaissisCaught ForceObjectDelete called by workers>base @gkaissisCaught ForceObjectDelete called by workers>base @gkaissisCaught ForceObjectDelete called by workers>base @gkaissisCaught ForceObjectDelete called by workers>base @gkaissisCaught ForceObjectDelete called by workers>base @gkaissisCaught ForceObjectDelete called by workers>base @gkaissisCaught ForceObjectDelete called by workers>base @gkaissisCaught ForceObjectDelete called by workers>base @gkaissisCaught ForceObjectDelete called by workers>base @gkaissisCaught ForceObjectDelete called by workers>base @gkaissisCaught ForceObjectDelete called by workers>base @gkaissisCaught ForceObjectDelete called by workers>base @gkaissisCaught ForceObjectDelete called by workers>base @gkaissisCaught ForceObjectDelete called by workers>base @gkaissisCaught ForceObjectDelete called by workers>base @gkaissisCaught ForceObjectDelete called by workers>base @gkaissisCaught ForceObjectDelete called by workers>base @gkaissisCaught ForceObjectDelete called by workers>base @gkaissisCaught ForceObjectDelete called by workers>base @gkaissisCaught ForceObjectDelete called by workers>base @gkaissisCaught ForceObjectDelete called by workers>base @gkaissisCaught ForceObjectDelete called by workers>base @gkaissisCaught ForceObjectDelete called by workers>base @gkaissisCaught ForceObjectDelete called by workers>base @gkaissisCaught ForceObjectDelete called by workers>base @gkaissisCaught ForceObjectDelete called by workers>base @gkaissisCaught ForceObjectDelete called by workers>base @gkaissisCaught ForceObjectDelete called by workers>base @gkaissisCaught ForceObjectDelete called by workers>base @gkaissisCaught ForceObjectDelete called by workers>base @gkaissisCaught ForceObjectDelete called by workers>base @gkaissisCaught ForceObjectDelete called by workers>base @gkaissisCaught ForceObjectDelete called by workers>base @gkaissisCaught ForceObjectDelete called by workers>base @gkaissisCaught ForceObjectDelete called by workers>base @gkaissisCaught ForceObjectDelete called by workers>base @gkaissisCaught ForceObjectDelete called by workers>base @gkaissisCaught ForceObjectDelete called by workers>base @gkaissisCaught ForceObjectDelete called by workers>base @gkaissisCaught ForceObjectDelete called by workers>base @gkaissisCaught ForceObjectDelete called by workers>base @gkaissisCaught ForceObjectDelete called by workers>base @gkaissisCaught ForceObjectDelete called by workers>base @gkaissisCaught ForceObjectDelete called by workers>base @gkaissisCaught ForceObjectDelete called by workers>base @gkaissisCaught ForceObjectDelete called by workers>base @gkaissisCaught ForceObjectDelete called by workers>base @gkaissisCaught ForceObjectDelete called by workers>base @gkaissisCaught ForceObjectDelete called by workers>base @gkaissisCaught ForceObjectDelete called by workers>base @gkaissisCaught ForceObjectDelete called by workers>base @gkaissisCaught ForceObjectDelete called by workers>base @gkaissisCaught ForceObjectDelete called by workers>base @gkaissisCaught ForceObjectDelete called by workers>base @gkaissisCaught ForceObjectDelete called by workers>base @gkaissisCaught ForceObjectDelete called by workers>base @gkaissisCaught ForceObjectDelete called by workers>base @gkaissisCaught ForceObjectDelete called by workers>base @gkaissisCaught ForceObjectDelete called by workers>base @gkaissisCaught ForceObjectDelete called by workers>base @gkaissisCaught ForceObjectDelete called by workers>base @gkaissisCaught ForceObjectDelete called by workers>base @gkaissisCaught ForceObjectDelete called by workers>base @gkaissisCaught ForceObjectDelete called by workers>base @gkaissisCaught ForceObjectDelete called by workers>base @gkaissisCaught ForceObjectDelete called by workers>base @gkaissisCaught ForceObjectDelete called by workers>base @gkaissisCaught ForceObjectDelete called by workers>base @gkaissisCaught ForceObjectDelete called by workers>base @gkaissisCaught ForceObjectDelete called by workers>base @gkaissisCaught ForceObjectDelete called by workers>base @gkaissisCaught ForceObjectDelete called by workers>base @gkaissisCaught ForceObjectDelete called by workers>base @gkaissisCaught ForceObjectDelete called by workers>base @gkaissisCaught ForceObjectDelete called by workers>base @gkaissisCaught ForceObjectDelete called by workers>base @gkaissisCaught ForceObjectDelete called by workers>base @gkaissisCaught ForceObjectDelete called by workers>base @gkaissisCaught ForceObjectDelete called by workers>base @gkaissisCaught ForceObjectDelete called by workers>base @gkaissisCaught ForceObjectDelete called by workers>base @gkaissisCaught ForceObjectDelete called by workers>base @gkaissisCaught ForceObjectDelete called by workers>base @gkaissisCaught ForceObjectDelete called by workers>base @gkaissisCaught ForceObjectDelete called by workers>base @gkaissisCaught ForceObjectDelete called by workers>base @gkaissisCaught ForceObjectDelete called by workers>base @gkaissisCaught ForceObjectDelete called by workers>base @gkaissisCaught ForceObjectDelete called by workers>base @gkaissisCaught ForceObjectDelete called by workers>base @gkaissisCaught ForceObjectDelete called by workers>base @gkaissisCaught ForceObjectDelete called by workers>base @gkaissisCaught ForceObjectDelete called by workers>base @gkaissisCaught ForceObjectDelete called by workers>base @gkaissisCaught ForceObjectDelete called by workers>base @gkaissisCaught ForceObjectDelete called by workers>base @gkaissisCaught ForceObjectDelete called by workers>base @gkaissisCaught ForceObjectDelete called by workers>base @gkaissisCaught ForceObjectDelete called by workers>base @gkaissisCaught ForceObjectDelete called by workers>base @gkaissisCaught ForceObjectDelete called by workers>base @gkaissisCaught ForceObjectDelete called by workers>base @gkaissisCaught ForceObjectDelete called by workers>base @gkaissisCaught ForceObjectDelete called by workers>base @gkaissisCaught ForceObjectDelete called by workers>base @gkaissisCaught ForceObjectDelete called by workers>base @gkaissisCaught ForceObjectDelete called by workers>base @gkaissisCaught ForceObjectDelete called by workers>base @gkaissisCaught ForceObjectDelete called by workers>base @gkaissisCaught ForceObjectDelete called by workers>base @gkaissisCaught ForceObjectDelete called by workers>base @gkaissisCaught ForceObjectDelete called by workers>base @gkaissisCaught ForceObjectDelete called by workers>base @gkaissisCaught ForceObjectDelete called by workers>base @gkaissisCaught ForceObjectDelete called by workers>base @gkaissisCaught ForceObjectDelete called by workers>base @gkaissisCaught ForceObjectDelete called by workers>base @gkaissisCaught ForceObjectDelete called by workers>base @gkaissisCaught ForceObjectDelete called by workers>base @gkaissisCaught ForceObjectDelete called by workers>base @gkaissisCaught ForceObjectDelete called by workers>base @gkaissisCaught ForceObjectDelete called by workers>base @gkaissisCaught ForceObjectDelete called by workers>base @gkaissisCaught ForceObjectDelete called by workers>base @gkaissisCaught ForceObjectDelete called by workers>base @gkaissisCaught ForceObjectDelete called by workers>base @gkaissisCaught ForceObjectDelete called by workers>base @gkaissisCaught ForceObjectDelete called by workers>base @gkaissisCaught ForceObjectDelete called by workers>base @gkaissisCaught ForceObjectDelete called by workers>base @gkaissisCaught ForceObjectDelete called by workers>base @gkaissisCaught ForceObjectDelete called by workers>base @gkaissisCaught ForceObjectDelete called by workers>base @gkaissisCaught ForceObjectDelete called by workers>base @gkaissisCaught ForceObjectDelete called by workers>base @gkaissisCaught ForceObjectDelete called by workers>base @gkaissisCaught ForceObjectDelete called by workers>base @gkaissisCaught ForceObjectDelete called by workers>base @gkaissisCaught ForceObjectDelete called by workers>base @gkaissisCaught ForceObjectDelete called by workers>base @gkaissisCaught ForceObjectDelete called by workers>base @gkaissisCaught ForceObjectDelete called by workers>base @gkaissisCaught ForceObjectDelete called by workers>base @gkaissisCaught ForceObjectDelete called by workers>base @gkaissisCaught ForceObjectDelete called by workers>base @gkaissisCaught ForceObjectDelete called by workers>base @gkaissisCaught ForceObjectDelete called by workers>base @gkaissisCaught ForceObjectDelete called by workers>base @gkaissisCaught ForceObjectDelete called by workers>base @gkaissisCaught ForceObjectDelete called by workers>base @gkaissisCaught ForceObjectDelete called by workers>base @gkaissisCaught ForceObjectDelete called by workers>base @gkaissisCaught ForceObjectDelete called by workers>base @gkaissisCaught ForceObjectDelete called by workers>base @gkaissisCaught ForceObjectDelete called by workers>base @gkaissisCaught ForceObjectDelete called by workers>base @gkaissisCaught ForceObjectDelete called by workers>base @gkaissisCaught ForceObjectDelete called by workers>base @gkaissisCaught ForceObjectDelete called by workers>base @gkaissisCaught ForceObjectDelete called by workers>base @gkaissisCaught ForceObjectDelete called by workers>base @gkaissisCaught ForceObjectDelete called by workers>base @gkaissisCaught ForceObjectDelete called by workers>base @gkaissisCaught ForceObjectDelete called by workers>base @gkaissisCaught ForceObjectDelete called by workers>base @gkaissisCaught ForceObjectDelete called by workers>base @gkaissisCaught ForceObjectDelete called by workers>base @gkaissisCaught ForceObjectDelete called by workers>base @gkaissisCaught ForceObjectDelete called by workers>base @gkaissisCaught ForceObjectDelete called by workers>base @gkaissisCaught ForceObjectDelete called by workers>base @gkaissisCaught ForceObjectDelete called by workers>base @gkaissisCaught ForceObjectDelete called by workers>base @gkaissisCaught ForceObjectDelete called by workers>base @gkaissisCaught ForceObjectDelete called by workers>base @gkaissisCaught ForceObjectDelete called by workers>base @gkaissisCaught ForceObjectDelete called by workers>base @gkaissisCaught ForceObjectDelete called by workers>base @gkaissisCaught ForceObjectDelete called by workers>base @gkaissisCaught ForceObjectDelete called by workers>base @gkaissisCaught ForceObjectDelete called by workers>base @gkaissisCaught ForceObjectDelete called by workers>base @gkaissisCaught ForceObjectDelete called by workers>base @gkaissisCaught ForceObjectDelete called by workers>base @gkaissisCaught ForceObjectDelete called by workers>base @gkaissisCaught ForceObjectDelete called by workers>base @gkaissisCaught ForceObjectDelete called by workers>base @gkaissisCaught ForceObjectDelete called by workers>base @gkaissisCaught ForceObjectDelete called by workers>base @gkaissisCaught ForceObjectDelete called by workers>base @gkaissisCaught ForceObjectDelete called by workers>base @gkaissisCaught ForceObjectDelete called by workers>base @gkaissisCaught ForceObjectDelete called by workers>base @gkaissisCaught ForceObjectDelete called by workers>base @gkaissisCaught ForceObjectDelete called by workers>base @gkaissisCaught ForceObjectDelete called by workers>base @gkaissisCaught ForceObjectDelete called by workers>base @gkaissisCaught ForceObjectDelete called by workers>base @gkaissisCaught ForceObjectDelete called by workers>base @gkaissisCaught ForceObjectDelete called by workers>base @gkaissisCaught ForceObjectDelete called by workers>base @gkaissisCaught ForceObjectDelete called by workers>base @gkaissisCaught ForceObjectDelete called by workers>base @gkaissisCaught ForceObjectDelete called by workers>base @gkaissisCaught ForceObjectDelete called by workers>base @gkaissisCaught ForceObjectDelete called by workers>base @gkaissisCaught ForceObjectDelete called by workers>base @gkaissisCaught ForceObjectDelete called by workers>base @gkaissisCaught ForceObjectDelete called by workers>base @gkaissisCaught ForceObjectDelete called by workers>base @gkaissisCaught ForceObjectDelete called by workers>base @gkaissisCaught ForceObjectDelete called by workers>base @gkaissisCaught ForceObjectDelete called by workers>base @gkaissisCaught ForceObjectDelete called by workers>base @gkaissisCaught ForceObjectDelete called by workers>base @gkaissisCaught ForceObjectDelete called by workers>base @gkaissisCaught ForceObjectDelete called by workers>base @gkaissisCaught ForceObjectDelete called by workers>base @gkaissisCaught ForceObjectDelete called by workers>base @gkaissisCaught ForceObjectDelete called by workers>base @gkaissisCaught ForceObjectDelete called by workers>base @gkaissisCaught ForceObjectDelete called by workers>base @gkaissisCaught ForceObjectDelete called by workers>base @gkaissisCaught ForceObjectDelete called by workers>base @gkaissisCaught ForceObjectDelete called by workers>base @gkaissisCaught ForceObjectDelete called by workers>base @gkaissisCaught ForceObjectDelete called by workers>base @gkaissisCaught ForceObjectDelete called by workers>base @gkaissisCaught ForceObjectDelete called by workers>base @gkaissisCaught ForceObjectDelete called by workers>base @gkaissisCaught ForceObjectDelete called by workers>base @gkaissisCaught ForceObjectDelete called by workers>base @gkaissisCaught ForceObjectDelete called by workers>base @gkaissisCaught ForceObjectDelete called by workers>base @gkaissisCaught ForceObjectDelete called by workers>base @gkaissisCaught ForceObjectDelete called by workers>base @gkaissisCaught ForceObjectDelete called by workers>base @gkaissisCaught ForceObjectDelete called by workers>base @gkaissisCaught ForceObjectDelete called by workers>base @gkaissisCaught ForceObjectDelete called by workers>base @gkaissisCaught ForceObjectDelete called by workers>base @gkaissisCaught ForceObjectDelete called by workers>base @gkaissisCaught ForceObjectDelete called by workers>base @gkaissisCaught ForceObjectDelete called by workers>base @gkaissisCaught ForceObjectDelete called by workers>base @gkaissisCaught ForceObjectDelete called by workers>base @gkaissisCaught ForceObjectDelete called by workers>base @gkaissisCaught ForceObjectDelete called by workers>base @gkaissisCaught ForceObjectDelete called by workers>base @gkaissisCaught ForceObjectDelete called by workers>base @gkaissisCaught ForceObjectDelete called by workers>base @gkaissisCaught ForceObjectDelete called by workers>base @gkaissisCaught ForceObjectDelete called by workers>base @gkaissisCaught ForceObjectDelete called by workers>base @gkaissisCaught ForceObjectDelete called by workers>base @gkaissisCaught ForceObjectDelete called by workers>base @gkaissisCaught ForceObjectDelete called by workers>base @gkaissisCaught ForceObjectDelete called by workers>base @gkaissisCaught ForceObjectDelete called by workers>base @gkaissisCaught ForceObjectDelete called by workers>base @gkaissisCaught ForceObjectDelete called by workers>base @gkaissisCaught ForceObjectDelete called by workers>base @gkaissisCaught ForceObjectDelete called by workers>base @gkaissisCaught ForceObjectDelete called by workers>base @gkaissisCaught ForceObjectDelete called by workers>base @gkaissisCaught ForceObjectDelete called by workers>base @gkaissisCaught ForceObjectDelete called by workers>base @gkaissisCaught ForceObjectDelete called by workers>base @gkaissisCaught ForceObjectDelete called by workers>base @gkaissisCaught ForceObjectDelete called by workers>base @gkaissisCaught ForceObjectDelete called by workers>base @gkaissisCaught ForceObjectDelete called by workers>base @gkaissisCaught ForceObjectDelete called by workers>base @gkaissisCaught ForceObjectDelete called by workers>base @gkaissisCaught ForceObjectDelete called by workers>base @gkaissisCaught ForceObjectDelete called by workers>base @gkaissisCaught ForceObjectDelete called by workers>base @gkaissisCaught ForceObjectDelete called by workers>base @gkaissisCaught ForceObjectDelete called by workers>base @gkaissisCaught ForceObjectDelete called by workers>base @gkaissisCaught ForceObjectDelete called by workers>base @gkaissisCaught ForceObjectDelete called by workers>base @gkaissisCaught ForceObjectDelete called by workers>base @gkaissisCaught ForceObjectDelete called by workers>base @gkaissisCaught ForceObjectDelete called by workers>base @gkaissisCaught ForceObjectDelete called by workers>base @gkaissisCaught ForceObjectDelete called by workers>base @gkaissisCaught ForceObjectDelete called by workers>base @gkaissisCaught ForceObjectDelete called by workers>base @gkaissisCaught ForceObjectDelete called by workers>base @gkaissisCaught ForceObjectDelete called by workers>base @gkaissisCaught ForceObjectDelete called by workers>base @gkaissisCaught ForceObjectDelete called by workers>base @gkaissisCaught ForceObjectDelete called by workers>base @gkaissisCaught ForceObjectDelete called by workers>base @gkaissisCaught ForceObjectDelete called by workers>base @gkaissisCaught ForceObjectDelete called by workers>base @gkaissisCaught ForceObjectDelete called by workers>base @gkaissisCaught ForceObjectDelete called by workers>base @gkaissisCaught ForceObjectDelete called by workers>base @gkaissisCaught ForceObjectDelete called by workers>base @gkaissisCaught ForceObjectDelete called by workers>base @gkaissisCaught ForceObjectDelete called by workers>base @gkaissisCaught ForceObjectDelete called by workers>base @gkaissisCaught ForceObjectDelete called by workers>base @gkaissisCaught ForceObjectDelete called by workers>base @gkaissisCaught ForceObjectDelete called by workers>base @gkaissisCaught ForceObjectDelete called by workers>base @gkaissisCaught ForceObjectDelete called by workers>base @gkaissisCaught ForceObjectDelete called by workers>base @gkaissisCaught ForceObjectDelete called by workers>base @gkaissisCaught ForceObjectDelete called by workers>base @gkaissisCaught ForceObjectDelete called by workers>base @gkaissisCaught ForceObjectDelete called by workers>base @gkaissisCaught ForceObjectDelete called by workers>base @gkaissisCaught ForceObjectDelete called by workers>base @gkaissisCaught ForceObjectDelete called by workers>base @gkaissisCaught ForceObjectDelete called by workers>base @gkaissisCaught ForceObjectDelete called by workers>base @gkaissisCaught ForceObjectDelete called by workers>base @gkaissisCaught ForceObjectDelete called by workers>base @gkaissisCaught ForceObjectDelete called by workers>base @gkaissisCaught ForceObjectDelete called by workers>base @gkaissisCaught ForceObjectDelete called by workers>base @gkaissisCaught ForceObjectDelete called by workers>base @gkaissisCaught ForceObjectDelete called by workers>base @gkaissisCaught ForceObjectDelete called by workers>base @gkaissisCaught ForceObjectDelete called by workers>base @gkaissisCaught ForceObjectDelete called by workers>base @gkaissisCaught ForceObjectDelete called by workers>base @gkaissisCaught ForceObjectDelete called by workers>base @gkaissisCaught ForceObjectDelete called by workers>base @gkaissisCaught ForceObjectDelete called by workers>base @gkaissisCaught ForceObjectDelete called by workers>base @gkaissisCaught ForceObjectDelete called by workers>base @gkaissisCaught ForceObjectDelete called by workers>base @gkaissisCaught ForceObjectDelete called by workers>base @gkaissisCaught ForceObjectDelete called by workers>base @gkaissisCaught ForceObjectDelete called by workers>base @gkaissisCaught ForceObjectDelete called by workers>base @gkaissisCaught ForceObjectDelete called by workers>base @gkaissisCaught ForceObjectDelete called by workers>base @gkaissisCaught ForceObjectDelete called by workers>base @gkaissisCaught ForceObjectDelete called by workers>base @gkaissisCaught ForceObjectDelete called by workers>base @gkaissisCaught ForceObjectDelete called by workers>base @gkaissisCaught ForceObjectDelete called by workers>base @gkaissisCaught ForceObjectDelete called by workers>base @gkaissisCaught ForceObjectDelete called by workers>base @gkaissisCaught ForceObjectDelete called by workers>base @gkaissisCaught ForceObjectDelete called by workers>base @gkaissisCaught ForceObjectDelete called by workers>base @gkaissisCaught ForceObjectDelete called by workers>base @gkaissisCaught ForceObjectDelete called by workers>base @gkaissisCaught ForceObjectDelete called by workers>base @gkaissisCaught ForceObjectDelete called by workers>base @gkaissisCaught ForceObjectDelete called by workers>base @gkaissisCaught ForceObjectDelete called by workers>base @gkaissisCaught ForceObjectDelete called by workers>base @gkaissisCaught ForceObjectDelete called by workers>base @gkaissisCaught ForceObjectDelete called by workers>base @gkaissisCaught ForceObjectDelete called by workers>base @gkaissisCaught ForceObjectDelete called by workers>base @gkaissisCaught ForceObjectDelete called by workers>base @gkaissisCaught ForceObjectDelete called by workers>base @gkaissisCaught ForceObjectDelete called by workers>base @gkaissisCaught ForceObjectDelete called by workers>base @gkaissisCaught ForceObjectDelete called by workers>base @gkaissisTraining with secure aggregation:   0%|          | 0/1 [00:00<?, ?it/s]
Train batch 0:   0%|          | 0/3 [00:00<?, ?it/s]Caught ForceObjectDelete called by workers>base @gkaissisCaught ForceObjectDelete called by workers>base @gkaissisCaught ForceObjectDelete called by workers>base @gkaissisCaught ForceObjectDelete called by workers>base @gkaissisCaught ForceObjectDelete called by workers>base @gkaissisCaught ForceObjectDelete called by workers>base @gkaissisCaught ForceObjectDelete called by workers>base @gkaissisCaught ForceObjectDelete called by workers>base @gkaissisCaught ForceObjectDelete called by workers>base @gkaissisCaught ForceObjectDelete called by workers>base @gkaissisCaught ForceObjectDelete called by workers>base @gkaissisCaught ForceObjectDelete called by workers>base @gkaissisCaught ForceObjectDelete called by workers>base @gkaissisCaught ForceObjectDelete called by workers>base @gkaissisCaught ForceObjectDelete called by workers>base @gkaissisCaught ForceObjectDelete called by workers>base @gkaissisCaught ForceObjectDelete called by workers>base @gkaissisCaught ForceObjectDelete called by workers>base @gkaissisCaught ForceObjectDelete called by workers>base @gkaissisCaught ForceObjectDelete called by workers>base @gkaissisCaught ForceObjectDelete called by workers>base @gkaissisCaught ForceObjectDelete called by workers>base @gkaissisCaught ForceObjectDelete called by workers>base @gkaissisCaught ForceObjectDelete called by workers>base @gkaissisCaught ForceObjectDelete called by workers>base @gkaissisCaught ForceObjectDelete called by workers>base @gkaissisCaught ForceObjectDelete called by workers>base @gkaissisCaught ForceObjectDelete called by workers>base @gkaissisCaught ForceObjectDelete called by workers>base @gkaissisCaught ForceObjectDelete called by workers>base @gkaissisCaught ForceObjectDelete called by workers>base @gkaissisCaught ForceObjectDelete called by workers>base @gkaissisCaught ForceObjectDelete called by workers>base @gkaissisCaught ForceObjectDelete called by workers>base @gkaissisCaught ForceObjectDelete called by workers>base @gkaissisCaught ForceObjectDelete called by workers>base @gkaissisCaught ForceObjectDelete called by workers>base @gkaissisCaught ForceObjectDelete called by workers>base @gkaissisCaught ForceObjectDelete called by workers>base @gkaissisCaught ForceObjectDelete called by workers>base @gkaissisCaught ForceObjectDelete called by workers>base @gkaissisCaught ForceObjectDelete called by workers>base @gkaissisCaught ForceObjectDelete called by workers>base @gkaissisCaught ForceObjectDelete called by workers>base @gkaissisCaught ForceObjectDelete called by workers>base @gkaissisCaught ForceObjectDelete called by workers>base @gkaissisCaught ForceObjectDelete called by workers>base @gkaissisCaught ForceObjectDelete called by workers>base @gkaissisCaught ForceObjectDelete called by workers>base @gkaissisCaught ForceObjectDelete called by workers>base @gkaissisCaught ForceObjectDelete called by workers>base @gkaissisCaught ForceObjectDelete called by workers>base @gkaissisCaught ForceObjectDelete called by workers>base @gkaissisCaught ForceObjectDelete called by workers>base @gkaissisCaught ForceObjectDelete called by workers>base @gkaissisCaught ForceObjectDelete called by workers>base @gkaissisCaught ForceObjectDelete called by workers>base @gkaissisCaught ForceObjectDelete called by workers>base @gkaissisCaught ForceObjectDelete called by workers>base @gkaissisCaught ForceObjectDelete called by workers>base @gkaissisCaught ForceObjectDelete called by workers>base @gkaissisCaught ForceObjectDelete called by workers>base @gkaissisCaught ForceObjectDelete called by workers>base @gkaissisCaught ForceObjectDelete called by workers>base @gkaissisCaught ForceObjectDelete called by workers>base @gkaissisCaught ForceObjectDelete called by workers>base @gkaissisCaught ForceObjectDelete called by workers>base @gkaissisCaught ForceObjectDelete called by workers>base @gkaissisCaught ForceObjectDelete called by workers>base @gkaissisCaught ForceObjectDelete called by workers>base @gkaissisCaught ForceObjectDelete called by workers>base @gkaissisCaught ForceObjectDelete called by workers>base @gkaissisCaught ForceObjectDelete called by workers>base @gkaissisCaught ForceObjectDelete called by workers>base @gkaissisCaught ForceObjectDelete called by workers>base @gkaissisCaught ForceObjectDelete called by workers>base @gkaissisCaught ForceObjectDelete called by workers>base @gkaissisCaught ForceObjectDelete called by workers>base @gkaissisCaught ForceObjectDelete called by workers>base @gkaissisCaught ForceObjectDelete called by workers>base @gkaissisCaught ForceObjectDelete called by workers>base @gkaissisCaught ForceObjectDelete called by workers>base @gkaissisCaught ForceObjectDelete called by workers>base @gkaissisCaught ForceObjectDelete called by workers>base @gkaissisCaught ForceObjectDelete called by workers>base @gkaissisCaught ForceObjectDelete called by workers>base @gkaissisCaught ForceObjectDelete called by workers>base @gkaissisCaught ForceObjectDelete called by workers>base @gkaissisCaught ForceObjectDelete called by workers>base @gkaissisCaught ForceObjectDelete called by workers>base @gkaissisCaught ForceObjectDelete called by workers>base @gkaissisCaught ForceObjectDelete called by workers>base @gkaissisCaught ForceObjectDelete called by workers>base @gkaissisCaught ForceObjectDelete called by workers>base @gkaissisCaught ForceObjectDelete called by workers>base @gkaissisCaught ForceObjectDelete called by workers>base @gkaissisCaught ForceObjectDelete called by workers>base @gkaissisCaught ForceObjectDelete called by workers>base @gkaissisCaught ForceObjectDelete called by workers>base @gkaissisCaught ForceObjectDelete called by workers>base @gkaissisCaught ForceObjectDelete called by workers>base @gkaissisCaught ForceObjectDelete called by workers>base @gkaissisCaught ForceObjectDelete called by workers>base @gkaissisCaught ForceObjectDelete called by workers>base @gkaissisCaught ForceObjectDelete called by workers>base @gkaissisCaught ForceObjectDelete called by workers>base @gkaissisCaught ForceObjectDelete called by workers>base @gkaissisCaught ForceObjectDelete called by workers>base @gkaissisCaught ForceObjectDelete called by workers>base @gkaissisCaught ForceObjectDelete called by workers>base @gkaissisCaught ForceObjectDelete called by workers>base @gkaissisCaught ForceObjectDelete called by workers>base @gkaissisCaught ForceObjectDelete called by workers>base @gkaissisCaught ForceObjectDelete called by workers>base @gkaissisCaught ForceObjectDelete called by workers>base @gkaissisCaught ForceObjectDelete called by workers>base @gkaissisCaught ForceObjectDelete called by workers>base @gkaissisCaught ForceObjectDelete called by workers>base @gkaissisCaught ForceObjectDelete called by workers>base @gkaissisCaught ForceObjectDelete called by workers>base @gkaissisCaught ForceObjectDelete called by workers>base @gkaissisCaught ForceObjectDelete called by workers>base @gkaissisCaught ForceObjectDelete called by workers>base @gkaissisCaught ForceObjectDelete called by workers>base @gkaissisCaught ForceObjectDelete called by workers>base @gkaissisCaught ForceObjectDelete called by workers>base @gkaissisCaught ForceObjectDelete called by workers>base @gkaissisCaught ForceObjectDelete called by workers>base @gkaissisCaught ForceObjectDelete called by workers>base @gkaissisCaught ForceObjectDelete called by workers>base @gkaissisCaught ForceObjectDelete called by workers>base @gkaissisCaught ForceObjectDelete called by workers>base @gkaissisCaught ForceObjectDelete called by workers>base @gkaissisCaught ForceObjectDelete called by workers>base @gkaissisCaught ForceObjectDelete called by workers>base @gkaissisCaught ForceObjectDelete called by workers>base @gkaissisCaught ForceObjectDelete called by workers>base @gkaissisCaught ForceObjectDelete called by workers>base @gkaissisCaught ForceObjectDelete called by workers>base @gkaissisCaught ForceObjectDelete called by workers>base @gkaissisCaught ForceObjectDelete called by workers>base @gkaissisCaught ForceObjectDelete called by workers>base @gkaissisCaught ForceObjectDelete called by workers>base @gkaissisCaught ForceObjectDelete called by workers>base @gkaissisCaught ForceObjectDelete called by workers>base @gkaissisCaught ForceObjectDelete called by workers>base @gkaissisCaught ForceObjectDelete called by workers>base @gkaissisCaught ForceObjectDelete called by workers>base @gkaissisCaught ForceObjectDelete called by workers>base @gkaissisCaught ForceObjectDelete called by workers>base @gkaissisCaught ForceObjectDelete called by workers>base @gkaissisCaught ForceObjectDelete called by workers>base @gkaissisCaught ForceObjectDelete called by workers>base @gkaissisCaught ForceObjectDelete called by workers>base @gkaissisCaught ForceObjectDelete called by workers>base @gkaissisCaught ForceObjectDelete called by workers>base @gkaissisCaught ForceObjectDelete called by workers>base @gkaissisCaught ForceObjectDelete called by workers>base @gkaissisCaught ForceObjectDelete called by workers>base @gkaissisCaught ForceObjectDelete called by workers>base @gkaissisCaught ForceObjectDelete called by workers>base @gkaissisCaught ForceObjectDelete called by workers>base @gkaissisCaught ForceObjectDelete called by workers>base @gkaissisCaught ForceObjectDelete called by workers>base @gkaissisCaught ForceObjectDelete called by workers>base @gkaissisCaught ForceObjectDelete called by workers>base @gkaissisCaught ForceObjectDelete called by workers>base @gkaissisCaught ForceObjectDelete called by workers>base @gkaissisCaught ForceObjectDelete called by workers>base @gkaissisCaught ForceObjectDelete called by workers>base @gkaissisCaught ForceObjectDelete called by workers>base @gkaissisCaught ForceObjectDelete called by workers>base @gkaissisCaught ForceObjectDelete called by workers>base @gkaissisCaught ForceObjectDelete called by workers>base @gkaissisCaught ForceObjectDelete called by workers>base @gkaissisCaught ForceObjectDelete called by workers>base @gkaissisCaught ForceObjectDelete called by workers>base @gkaissisCaught ForceObjectDelete called by workers>base @gkaissisCaught ForceObjectDelete called by workers>base @gkaissisCaught ForceObjectDelete called by workers>base @gkaissisCaught ForceObjectDelete called by workers>base @gkaissisCaught ForceObjectDelete called by workers>base @gkaissisCaught ForceObjectDelete called by workers>base @gkaissisCaught ForceObjectDelete called by workers>base @gkaissisCaught ForceObjectDelete called by workers>base @gkaissisCaught ForceObjectDelete called by workers>base @gkaissisCaught ForceObjectDelete called by workers>base @gkaissisCaught ForceObjectDelete called by workers>base @gkaissisCaught ForceObjectDelete called by workers>base @gkaissisCaught ForceObjectDelete called by workers>base @gkaissisCaught ForceObjectDelete called by workers>base @gkaissisCaught ForceObjectDelete called by workers>base @gkaissisCaught ForceObjectDelete called by workers>base @gkaissisCaught ForceObjectDelete called by workers>base @gkaissisCaught ForceObjectDelete called by workers>base @gkaissisCaught ForceObjectDelete called by workers>base @gkaissisCaught ForceObjectDelete called by workers>base @gkaissisCaught ForceObjectDelete called by workers>base @gkaissisCaught ForceObjectDelete called by workers>base @gkaissisCaught ForceObjectDelete called by workers>base @gkaissisCaught ForceObjectDelete called by workers>base @gkaissisCaught ForceObjectDelete called by workers>base @gkaissisCaught ForceObjectDelete called by workers>base @gkaissisCaught ForceObjectDelete called by workers>base @gkaissisCaught ForceObjectDelete called by workers>base @gkaissisCaught ForceObjectDelete called by workers>base @gkaissisCaught ForceObjectDelete called by workers>base @gkaissisCaught ForceObjectDelete called by workers>base @gkaissisCaught ForceObjectDelete called by workers>base @gkaissisCaught ForceObjectDelete called by workers>base @gkaissisCaught ForceObjectDelete called by workers>base @gkaissisCaught ForceObjectDelete called by workers>base @gkaissisCaught ForceObjectDelete called by workers>base @gkaissisCaught ForceObjectDelete called by workers>base @gkaissisCaught ForceObjectDelete called by workers>base @gkaissisCaught ForceObjectDelete called by workers>base @gkaissisCaught ForceObjectDelete called by workers>base @gkaissisCaught ForceObjectDelete called by workers>base @gkaissisCaught ForceObjectDelete called by workers>base @gkaissisCaught ForceObjectDelete called by workers>base @gkaissisCaught ForceObjectDelete called by workers>base @gkaissisCaught ForceObjectDelete called by workers>base @gkaissisCaught ForceObjectDelete called by workers>base @gkaissisCaught ForceObjectDelete called by workers>base @gkaissisCaught ForceObjectDelete called by workers>base @gkaissisCaught ForceObjectDelete called by workers>base @gkaissisCaught ForceObjectDelete called by workers>base @gkaissisCaught ForceObjectDelete called by workers>base @gkaissisCaught ForceObjectDelete called by workers>base @gkaissisCaught ForceObjectDelete called by workers>base @gkaissisCaught ForceObjectDelete called by workers>base @gkaissisCaught ForceObjectDelete called by workers>base @gkaissisCaught ForceObjectDelete called by workers>base @gkaissisCaught ForceObjectDelete called by workers>base @gkaissisCaught ForceObjectDelete called by workers>base @gkaissisCaught ForceObjectDelete called by workers>base @gkaissisCaught ForceObjectDelete called by workers>base @gkaissisCaught ForceObjectDelete called by workers>base @gkaissisCaught ForceObjectDelete called by workers>base @gkaissisCaught ForceObjectDelete called by workers>base @gkaissisCaught ForceObjectDelete called by workers>base @gkaissisCaught ForceObjectDelete called by workers>base @gkaissisCaught ForceObjectDelete called by workers>base @gkaissisCaught ForceObjectDelete called by workers>base @gkaissisCaught ForceObjectDelete called by workers>base @gkaissisCaught ForceObjectDelete called by workers>base @gkaissisCaught ForceObjectDelete called by workers>base @gkaissisCaught ForceObjectDelete called by workers>base @gkaissisCaught ForceObjectDelete called by workers>base @gkaissisCaught ForceObjectDelete called by workers>base @gkaissisCaught ForceObjectDelete called by workers>base @gkaissisCaught ForceObjectDelete called by workers>base @gkaissisCaught ForceObjectDelete called by workers>base @gkaissisCaught ForceObjectDelete called by workers>base @gkaissisCaught ForceObjectDelete called by workers>base @gkaissisCaught ForceObjectDelete called by workers>base @gkaissisCaught ForceObjectDelete called by workers>base @gkaissisCaught ForceObjectDelete called by workers>base @gkaissisCaught ForceObjectDelete called by workers>base @gkaissisCaught ForceObjectDelete called by workers>base @gkaissisCaught ForceObjectDelete called by workers>base @gkaissisCaught ForceObjectDelete called by workers>base @gkaissisCaught ForceObjectDelete called by workers>base @gkaissisCaught ForceObjectDelete called by workers>base @gkaissisCaught ForceObjectDelete called by workers>base @gkaissisCaught ForceObjectDelete called by workers>base @gkaissisCaught ForceObjectDelete called by workers>base @gkaissisCaught ForceObjectDelete called by workers>base @gkaissisCaught ForceObjectDelete called by workers>base @gkaissisCaught ForceObjectDelete called by workers>base @gkaissisCaught ForceObjectDelete called by workers>base @gkaissisCaught ForceObjectDelete called by workers>base @gkaissisCaught ForceObjectDelete called by workers>base @gkaissisCaught ForceObjectDelete called by workers>base @gkaissisCaught ForceObjectDelete called by workers>base @gkaissisCaught ForceObjectDelete called by workers>base @gkaissisCaught ForceObjectDelete called by workers>base @gkaissisCaught ForceObjectDelete called by workers>base @gkaissisCaught ForceObjectDelete called by workers>base @gkaissisCaught ForceObjectDelete called by workers>base @gkaissisCaught ForceObjectDelete called by workers>base @gkaissisCaught ForceObjectDelete called by workers>base @gkaissisCaught ForceObjectDelete called by workers>base @gkaissisCaught ForceObjectDelete called by workers>base @gkaissisCaught ForceObjectDelete called by workers>base @gkaissisCaught ForceObjectDelete called by workers>base @gkaissisCaught ForceObjectDelete called by workers>base @gkaissisCaught ForceObjectDelete called by workers>base @gkaissisCaught ForceObjectDelete called by workers>base @gkaissisCaught ForceObjectDelete called by workers>base @gkaissisCaught ForceObjectDelete called by workers>base @gkaissisCaught ForceObjectDelete called by workers>base @gkaissisCaught ForceObjectDelete called by workers>base @gkaissisCaught ForceObjectDelete called by workers>base @gkaissisCaught ForceObjectDelete called by workers>base @gkaissisCaught ForceObjectDelete called by workers>base @gkaissisCaught ForceObjectDelete called by workers>base @gkaissisCaught ForceObjectDelete called by workers>base @gkaissisCaught ForceObjectDelete called by workers>base @gkaissisCaught ForceObjectDelete called by workers>base @gkaissisCaught ForceObjectDelete called by workers>base @gkaissisCaught ForceObjectDelete called by workers>base @gkaissisCaught ForceObjectDelete called by workers>base @gkaissisCaught ForceObjectDelete called by workers>base @gkaissisCaught ForceObjectDelete called by workers>base @gkaissisCaught ForceObjectDelete called by workers>base @gkaissisCaught ForceObjectDelete called by workers>base @gkaissisCaught ForceObjectDelete called by workers>base @gkaissisCaught ForceObjectDelete called by workers>base @gkaissisCaught ForceObjectDelete called by workers>base @gkaissisCaught ForceObjectDelete called by workers>base @gkaissisCaught ForceObjectDelete called by workers>base @gkaissisCaught ForceObjectDelete called by workers>base @gkaissisCaught ForceObjectDelete called by workers>base @gkaissisCaught ForceObjectDelete called by workers>base @gkaissisCaught ForceObjectDelete called by workers>base @gkaissisCaught ForceObjectDelete called by workers>base @gkaissisCaught ForceObjectDelete called by workers>base @gkaissisCaught ForceObjectDelete called by workers>base @gkaissisCaught ForceObjectDelete called by workers>base @gkaissisCaught ForceObjectDelete called by workers>base @gkaissisCaught ForceObjectDelete called by workers>base @gkaissisCaught ForceObjectDelete called by workers>base @gkaissisCaught ForceObjectDelete called by workers>base @gkaissisCaught ForceObjectDelete called by workers>base @gkaissisCaught ForceObjectDelete called by workers>base @gkaissisCaught ForceObjectDelete called by workers>base @gkaissisCaught ForceObjectDelete called by workers>base @gkaissisCaught ForceObjectDelete called by workers>base @gkaissisCaught ForceObjectDelete called by workers>base @gkaissisCaught ForceObjectDelete called by workers>base @gkaissisCaught ForceObjectDelete called by workers>base @gkaissisCaught ForceObjectDelete called by workers>base @gkaissisCaught ForceObjectDelete called by workers>base @gkaissisCaught ForceObjectDelete called by workers>base @gkaissisCaught ForceObjectDelete called by workers>base @gkaissisCaught ForceObjectDelete called by workers>base @gkaissisCaught ForceObjectDelete called by workers>base @gkaissisCaught ForceObjectDelete called by workers>base @gkaissisCaught ForceObjectDelete called by workers>base @gkaissisCaught ForceObjectDelete called by workers>base @gkaissisCaught ForceObjectDelete called by workers>base @gkaissisCaught ForceObjectDelete called by workers>base @gkaissisCaught ForceObjectDelete called by workers>base @gkaissisCaught ForceObjectDelete called by workers>base @gkaissisCaught ForceObjectDelete called by workers>base @gkaissisCaught ForceObjectDelete called by workers>base @gkaissisCaught ForceObjectDelete called by workers>base @gkaissisCaught ForceObjectDelete called by workers>base @gkaissisCaught ForceObjectDelete called by workers>base @gkaissisCaught ForceObjectDelete called by workers>base @gkaissisCaught ForceObjectDelete called by workers>base @gkaissisCaught ForceObjectDelete called by workers>base @gkaissisCaught ForceObjectDelete called by workers>base @gkaissisCaught ForceObjectDelete called by workers>base @gkaissisCaught ForceObjectDelete called by workers>base @gkaissisCaught ForceObjectDelete called by workers>base @gkaissisCaught ForceObjectDelete called by workers>base @gkaissisCaught ForceObjectDelete called by workers>base @gkaissisCaught ForceObjectDelete called by workers>base @gkaissisCaught ForceObjectDelete called by workers>base @gkaissisCaught ForceObjectDelete called by workers>base @gkaissisCaught ForceObjectDelete called by workers>base @gkaissisCaught ForceObjectDelete called by workers>base @gkaissisCaught ForceObjectDelete called by workers>base @gkaissisCaught ForceObjectDelete called by workers>base @gkaissisCaught ForceObjectDelete called by workers>base @gkaissisCaught ForceObjectDelete called by workers>base @gkaissisCaught ForceObjectDelete called by workers>base @gkaissisCaught ForceObjectDelete called by workers>base @gkaissisCaught ForceObjectDelete called by workers>base @gkaissisCaught ForceObjectDelete called by workers>base @gkaissisCaught ForceObjectDelete called by workers>base @gkaissisCaught ForceObjectDelete called by workers>base @gkaissisCaught ForceObjectDelete called by workers>base @gkaissisCaught ForceObjectDelete called by workers>base @gkaissisCaught ForceObjectDelete called by workers>base @gkaissisCaught ForceObjectDelete called by workers>base @gkaissisCaught ForceObjectDelete called by workers>base @gkaissisCaught ForceObjectDelete called by workers>base @gkaissisCaught ForceObjectDelete called by workers>base @gkaissisCaught ForceObjectDelete called by workers>base @gkaissisCaught ForceObjectDelete called by workers>base @gkaissisCaught ForceObjectDelete called by workers>base @gkaissisCaught ForceObjectDelete called by workers>base @gkaissisCaught ForceObjectDelete called by workers>base @gkaissisCaught ForceObjectDelete called by workers>base @gkaissisCaught ForceObjectDelete called by workers>base @gkaissisCaught ForceObjectDelete called by workers>base @gkaissisCaught ForceObjectDelete called by workers>base @gkaissisCaught ForceObjectDelete called by workers>base @gkaissisCaught ForceObjectDelete called by workers>base @gkaissisCaught ForceObjectDelete called by workers>base @gkaissisCaught ForceObjectDelete called by workers>base @gkaissisCaught ForceObjectDelete called by workers>base @gkaissisCaught ForceObjectDelete called by workers>base @gkaissisCaught ForceObjectDelete called by workers>base @gkaissisCaught ForceObjectDelete called by workers>base @gkaissisCaught ForceObjectDelete called by workers>base @gkaissisCaught ForceObjectDelete called by workers>base @gkaissisCaught ForceObjectDelete called by workers>base @gkaissisCaught ForceObjectDelete called by workers>base @gkaissisCaught ForceObjectDelete called by workers>base @gkaissisCaught ForceObjectDelete called by workers>base @gkaissisCaught ForceObjectDelete called by workers>base @gkaissisCaught ForceObjectDelete called by workers>base @gkaissisCaught ForceObjectDelete called by workers>base @gkaissisCaught ForceObjectDelete called by workers>base @gkaissisCaught ForceObjectDelete called by workers>base @gkaissisCaught ForceObjectDelete called by workers>base @gkaissisCaught ForceObjectDelete called by workers>base @gkaissisCaught ForceObjectDelete called by workers>base @gkaissisCaught ForceObjectDelete called by workers>base @gkaissisCaught ForceObjectDelete called by workers>base @gkaissisCaught ForceObjectDelete called by workers>base @gkaissisCaught ForceObjectDelete called by workers>base @gkaissisCaught ForceObjectDelete called by workers>base @gkaissisCaught ForceObjectDelete called by workers>base @gkaissisCaught ForceObjectDelete called by workers>base @gkaissisCaught ForceObjectDelete called by workers>base @gkaissisCaught ForceObjectDelete called by workers>base @gkaissisCaught ForceObjectDelete called by workers>base @gkaissisCaught ForceObjectDelete called by workers>base @gkaissisCaught ForceObjectDelete called by workers>base @gkaissisCaught ForceObjectDelete called by workers>base @gkaissisCaught ForceObjectDelete called by workers>base @gkaissisCaught ForceObjectDelete called by workers>base @gkaissisCaught ForceObjectDelete called by workers>base @gkaissisCaught ForceObjectDelete called by workers>base @gkaissisCaught ForceObjectDelete called by workers>base @gkaissisCaught ForceObjectDelete called by workers>base @gkaissisCaught ForceObjectDelete called by workers>base @gkaissisCaught ForceObjectDelete called by workers>base @gkaissisCaught ForceObjectDelete called by workers>base @gkaissisCaught ForceObjectDelete called by workers>base @gkaissisCaught ForceObjectDelete called by workers>base @gkaissisCaught ForceObjectDelete called by workers>base @gkaissisCaught ForceObjectDelete called by workers>base @gkaissisCaught ForceObjectDelete called by workers>base @gkaissisCaught ForceObjectDelete called by workers>base @gkaissisCaught ForceObjectDelete called by workers>base @gkaissisCaught ForceObjectDelete called by workers>base @gkaissisCaught ForceObjectDelete called by workers>base @gkaissisCaught ForceObjectDelete called by workers>base @gkaissisCaught ForceObjectDelete called by workers>base @gkaissisCaught ForceObjectDelete called by workers>base @gkaissisCaught ForceObjectDelete called by workers>base @gkaissisCaught ForceObjectDelete called by workers>base @gkaissisCaught ForceObjectDelete called by workers>base @gkaissisCaught ForceObjectDelete called by workers>base @gkaissisCaught ForceObjectDelete called by workers>base @gkaissisCaught ForceObjectDelete called by workers>base @gkaissisCaught ForceObjectDelete called by workers>base @gkaissisCaught ForceObjectDelete called by workers>base @gkaissisCaught ForceObjectDelete called by workers>base @gkaissisCaught ForceObjectDelete called by workers>base @gkaissisCaught ForceObjectDelete called by workers>base @gkaissisCaught ForceObjectDelete called by workers>base @gkaissisCaught ForceObjectDelete called by workers>base @gkaissisCaught ForceObjectDelete called by workers>base @gkaissisCaught ForceObjectDelete called by workers>base @gkaissisCaught ForceObjectDelete called by workers>base @gkaissisCaught ForceObjectDelete called by workers>base @gkaissisCaught ForceObjectDelete called by workers>base @gkaissisCaught ForceObjectDelete called by workers>base @gkaissisCaught ForceObjectDelete called by workers>base @gkaissisCaught ForceObjectDelete called by workers>base @gkaissisCaught ForceObjectDelete called by workers>base @gkaissisCaught ForceObjectDelete called by workers>base @gkaissisCaught ForceObjectDelete called by workers>base @gkaissisCaught ForceObjectDelete called by workers>base @gkaissisCaught ForceObjectDelete called by workers>base @gkaissisCaught ForceObjectDelete called by workers>base @gkaissisCaught ForceObjectDelete called by workers>base @gkaissisCaught ForceObjectDelete called by workers>base @gkaissisCaught ForceObjectDelete called by workers>base @gkaissisCaught ForceObjectDelete called by workers>base @gkaissisCaught ForceObjectDelete called by workers>base @gkaissisCaught ForceObjectDelete called by workers>base @gkaissisCaught ForceObjectDelete called by workers>base @gkaissisCaught ForceObjectDelete called by workers>base @gkaissisCaught ForceObjectDelete called by workers>base @gkaissisCaught ForceObjectDelete called by workers>base @gkaissisCaught ForceObjectDelete called by workers>base @gkaissisCaught ForceObjectDelete called by workers>base @gkaissisCaught ForceObjectDelete called by workers>base @gkaissisCaught ForceObjectDelete called by workers>base @gkaissisCaught ForceObjectDelete called by workers>base @gkaissisCaught ForceObjectDelete called by workers>base @gkaissisCaught ForceObjectDelete called by workers>base @gkaissisCaught ForceObjectDelete called by workers>base @gkaissisCaught ForceObjectDelete called by workers>base @gkaissisCaught ForceObjectDelete called by workers>base @gkaissisCaught ForceObjectDelete called by workers>base @gkaissisCaught ForceObjectDelete called by workers>base @gkaissisCaught ForceObjectDelete called by workers>base @gkaissisCaught ForceObjectDelete called by workers>base @gkaissisCaught ForceObjectDelete called by workers>base @gkaissisCaught ForceObjectDelete called by workers>base @gkaissisCaught ForceObjectDelete called by workers>base @gkaissisCaught ForceObjectDelete called by workers>base @gkaissisCaught ForceObjectDelete called by workers>base @gkaissisCaught ForceObjectDelete called by workers>base @gkaissisCaught ForceObjectDelete called by workers>base @gkaissisCaught ForceObjectDelete called by workers>base @gkaissisCaught ForceObjectDelete called by workers>base @gkaissisCaught ForceObjectDelete called by workers>base @gkaissisCaught ForceObjectDelete called by workers>base @gkaissisCaught ForceObjectDelete called by workers>base @gkaissisCaught ForceObjectDelete called by workers>base @gkaissisCaught ForceObjectDelete called by workers>base @gkaissisCaught ForceObjectDelete called by workers>base @gkaissisCaught ForceObjectDelete called by workers>base @gkaissisCaught ForceObjectDelete called by workers>base @gkaissisCaught ForceObjectDelete called by workers>base @gkaissisCaught ForceObjectDelete called by workers>base @gkaissisCaught ForceObjectDelete called by workers>base @gkaissisCaught ForceObjectDelete called by workers>base @gkaissisCaught ForceObjectDelete called by workers>base @gkaissisCaught ForceObjectDelete called by workers>base @gkaissisCaught ForceObjectDelete called by workers>base @gkaissisCaught ForceObjectDelete called by workers>base @gkaissisCaught ForceObjectDelete called by workers>base @gkaissisCaught ForceObjectDelete called by workers>base @gkaissisCaught ForceObjectDelete called by workers>base @gkaissisCaught ForceObjectDelete called by workers>base @gkaissisCaught ForceObjectDelete called by workers>base @gkaissisCaught ForceObjectDelete called by workers>base @gkaissisCaught ForceObjectDelete called by workers>base @gkaissisCaught ForceObjectDelete called by workers>base @gkaissisCaught ForceObjectDelete called by workers>base @gkaissisCaught ForceObjectDelete called by workers>base @gkaissisCaught ForceObjectDelete called by workers>base @gkaissisCaught ForceObjectDelete called by workers>base @gkaissisCaught ForceObjectDelete called by workers>base @gkaissisCaught ForceObjectDelete called by workers>base @gkaissisCaught ForceObjectDelete called by workers>base @gkaissisCaught ForceObjectDelete called by workers>base @gkaissisCaught ForceObjectDelete called by workers>base @gkaissisCaught ForceObjectDelete called by workers>base @gkaissisCaught ForceObjectDelete called by workers>base @gkaissisCaught ForceObjectDelete called by workers>base @gkaissisCaught ForceObjectDelete called by workers>base @gkaissisCaught ForceObjectDelete called by workers>base @gkaissisCaught ForceObjectDelete called by workers>base @gkaissisCaught ForceObjectDelete called by workers>base @gkaissisCaught ForceObjectDelete called by workers>base @gkaissisCaught ForceObjectDelete called by workers>base @gkaissisCaught ForceObjectDelete called by workers>base @gkaissisCaught ForceObjectDelete called by workers>base @gkaissisCaught ForceObjectDelete called by workers>base @gkaissisCaught ForceObjectDelete called by workers>base @gkaissisCaught ForceObjectDelete called by workers>base @gkaissisCaught ForceObjectDelete called by workers>base @gkaissisCaught ForceObjectDelete called by workers>base @gkaissisCaught ForceObjectDelete called by workers>base @gkaissisCaught ForceObjectDelete called by workers>base @gkaissisCaught ForceObjectDelete called by workers>base @gkaissisCaught ForceObjectDelete called by workers>base @gkaissisCaught ForceObjectDelete called by workers>base @gkaissisCaught ForceObjectDelete called by workers>base @gkaissisCaught ForceObjectDelete called by workers>base @gkaissisCaught ForceObjectDelete called by workers>base @gkaissisCaught ForceObjectDelete called by workers>base @gkaissisCaught ForceObjectDelete called by workers>base @gkaissisCaught ForceObjectDelete called by workers>base @gkaissisCaught ForceObjectDelete called by workers>base @gkaissisCaught ForceObjectDelete called by workers>base @gkaissisCaught ForceObjectDelete called by workers>base @gkaissisCaught ForceObjectDelete called by workers>base @gkaissisCaught ForceObjectDelete called by workers>base @gkaissisCaught ForceObjectDelete called by workers>base @gkaissisCaught ForceObjectDelete called by workers>base @gkaissisCaught ForceObjectDelete called by workers>base @gkaissisCaught ForceObjectDelete called by workers>base @gkaissisCaught ForceObjectDelete called by workers>base @gkaissisCaught ForceObjectDelete called by workers>base @gkaissisCaught ForceObjectDelete called by workers>base @gkaissisCaught ForceObjectDelete called by workers>base @gkaissisCaught ForceObjectDelete called by workers>base @gkaissisCaught ForceObjectDelete called by workers>base @gkaissisCaught ForceObjectDelete called by workers>base @gkaissisCaught ForceObjectDelete called by workers>base @gkaissisCaught ForceObjectDelete called by workers>base @gkaissisCaught ForceObjectDelete called by workers>base @gkaissisCaught ForceObjectDelete called by workers>base @gkaissisCaught ForceObjectDelete called by workers>base @gkaissisCaught ForceObjectDelete called by workers>base @gkaissisCaught ForceObjectDelete called by workers>base @gkaissisCaught ForceObjectDelete called by workers>base @gkaissisCaught ForceObjectDelete called by workers>base @gkaissisCaught ForceObjectDelete called by workers>base @gkaissisCaught ForceObjectDelete called by workers>base @gkaissisCaught ForceObjectDelete called by workers>base @gkaissisCaught ForceObjectDelete called by workers>base @gkaissisCaught ForceObjectDelete called by workers>base @gkaissisCaught ForceObjectDelete called by workers>base @gkaissisCaught ForceObjectDelete called by workers>base @gkaissisCaught ForceObjectDelete called by workers>base @gkaissisCaught ForceObjectDelete called by workers>base @gkaissisCaught ForceObjectDelete called by workers>base @gkaissisCaught ForceObjectDelete called by workers>base @gkaissisCaught ForceObjectDelete called by workers>base @gkaissisCaught ForceObjectDelete called by workers>base @gkaissisCaught ForceObjectDelete called by workers>base @gkaissisCaught ForceObjectDelete called by workers>base @gkaissisCaught ForceObjectDelete called by workers>base @gkaissisCaught ForceObjectDelete called by workers>base @gkaissisCaught ForceObjectDelete called by workers>base @gkaissisCaught ForceObjectDelete called by workers>base @gkaissisCaught ForceObjectDelete called by workers>base @gkaissisCaught ForceObjectDelete called by workers>base @gkaissisCaught ForceObjectDelete called by workers>base @gkaissisCaught ForceObjectDelete called by workers>base @gkaissisCaught ForceObjectDelete called by workers>base @gkaissisCaught ForceObjectDelete called by workers>base @gkaissisCaught ForceObjectDelete called by workers>base @gkaissisCaught ForceObjectDelete called by workers>base @gkaissisCaught ForceObjectDelete called by workers>base @gkaissisCaught ForceObjectDelete called by workers>base @gkaissisCaught ForceObjectDelete called by workers>base @gkaissisCaught ForceObjectDelete called by workers>base @gkaissisCaught ForceObjectDelete called by workers>base @gkaissisCaught ForceObjectDelete called by workers>base @gkaissisCaught ForceObjectDelete called by workers>base @gkaissisCaught ForceObjectDelete called by workers>base @gkaissisCaught ForceObjectDelete called by workers>base @gkaissisCaught ForceObjectDelete called by workers>base @gkaissisCaught ForceObjectDelete called by workers>base @gkaissisCaught ForceObjectDelete called by workers>base @gkaissisCaught ForceObjectDelete called by workers>base @gkaissisCaught ForceObjectDelete called by workers>base @gkaissisCaught ForceObjectDelete called by workers>base @gkaissisCaught ForceObjectDelete called by workers>base @gkaissisCaught ForceObjectDelete called by workers>base @gkaissisCaught ForceObjectDelete called by workers>base @gkaissisCaught ForceObjectDelete called by workers>base @gkaissisCaught ForceObjectDelete called by workers>base @gkaissisCaught ForceObjectDelete called by workers>base @gkaissisCaught ForceObjectDelete called by workers>base @gkaissisCaught ForceObjectDelete called by workers>base @gkaissisCaught ForceObjectDelete called by workers>base @gkaissisCaught ForceObjectDelete called by workers>base @gkaissisCaught ForceObjectDelete called by workers>base @gkaissisCaught ForceObjectDelete called by workers>base @gkaissisCaught ForceObjectDelete called by workers>base @gkaissisCaught ForceObjectDelete called by workers>base @gkaissisCaught ForceObjectDelete called by workers>base @gkaissisCaught ForceObjectDelete called by workers>base @gkaissisCaught ForceObjectDelete called by workers>base @gkaissisCaught ForceObjectDelete called by workers>base @gkaissisCaught ForceObjectDelete called by workers>base @gkaissisCaught ForceObjectDelete called by workers>base @gkaissisCaught ForceObjectDelete called by workers>base @gkaissisCaught ForceObjectDelete called by workers>base @gkaissisCaught ForceObjectDelete called by workers>base @gkaissisCaught ForceObjectDelete called by workers>base @gkaissisCaught ForceObjectDelete called by workers>base @gkaissisCaught ForceObjectDelete called by workers>base @gkaissisCaught ForceObjectDelete called by workers>base @gkaissisCaught ForceObjectDelete called by workers>base @gkaissisCaught ForceObjectDelete called by workers>base @gkaissisCaught ForceObjectDelete called by workers>base @gkaissisCaught ForceObjectDelete called by workers>base @gkaissisCaught ForceObjectDelete called by workers>base @gkaissisCaught ForceObjectDelete called by workers>base @gkaissisCaught ForceObjectDelete called by workers>base @gkaissisCaught ForceObjectDelete called by workers>base @gkaissisCaught ForceObjectDelete called by workers>base @gkaissisCaught ForceObjectDelete called by workers>base @gkaissisCaught ForceObjectDelete called by workers>base @gkaissisCaught ForceObjectDelete called by workers>base @gkaissisCaught ForceObjectDelete called by workers>base @gkaissisCaught ForceObjectDelete called by workers>base @gkaissisCaught ForceObjectDelete called by workers>base @gkaissisCaught ForceObjectDelete called by workers>base @gkaissisCaught ForceObjectDelete called by workers>base @gkaissisCaught ForceObjectDelete called by workers>base @gkaissisCaught ForceObjectDelete called by workers>base @gkaissisCaught ForceObjectDelete called by workers>base @gkaissisCaught ForceObjectDelete called by workers>base @gkaissisCaught ForceObjectDelete called by workers>base @gkaissisCaught ForceObjectDelete called by workers>base @gkaissisCaught ForceObjectDelete called by workers>base @gkaissisCaught ForceObjectDelete called by workers>base @gkaissisCaught ForceObjectDelete called by workers>base @gkaissisCaught ForceObjectDelete called by workers>base @gkaissisCaught ForceObjectDelete called by workers>base @gkaissisCaught ForceObjectDelete called by workers>base @gkaissisCaught ForceObjectDelete called by workers>base @gkaissisCaught ForceObjectDelete called by workers>base @gkaissisCaught ForceObjectDelete called by workers>base @gkaissisCaught ForceObjectDelete called by workers>base @gkaissisCaught ForceObjectDelete called by workers>base @gkaissisCaught ForceObjectDelete called by workers>base @gkaissisCaught ForceObjectDelete called by workers>base @gkaissisCaught ForceObjectDelete called by workers>base @gkaissisCaught ForceObjectDelete called by workers>base @gkaissisCaught ForceObjectDelete called by workers>base @gkaissisCaught ForceObjectDelete called by workers>base @gkaissisCaught ForceObjectDelete called by workers>base @gkaissisCaught ForceObjectDelete called by workers>base @gkaissisCaught ForceObjectDelete called by workers>base @gkaissisCaught ForceObjectDelete called by workers>base @gkaissisCaught ForceObjectDelete called by workers>base @gkaissisCaught ForceObjectDelete called by workers>base @gkaissisCaught ForceObjectDelete called by workers>base @gkaissisCaught ForceObjectDelete called by workers>base @gkaissisCaught ForceObjectDelete called by workers>base @gkaissisCaught ForceObjectDelete called by workers>base @gkaissisCaught ForceObjectDelete called by workers>base @gkaissisCaught ForceObjectDelete called by workers>base @gkaissisCaught ForceObjectDelete called by workers>base @gkaissisCaught ForceObjectDelete called by workers>base @gkaissisCaught ForceObjectDelete called by workers>base @gkaissisCaught ForceObjectDelete called by workers>base @gkaissisCaught ForceObjectDelete called by workers>base @gkaissisCaught ForceObjectDelete called by workers>base @gkaissisCaught ForceObjectDelete called by workers>base @gkaissisCaught ForceObjectDelete called by workers>base @gkaissisCaught ForceObjectDelete called by workers>base @gkaissisCaught ForceObjectDelete called by workers>base @gkaissisCaught ForceObjectDelete called by workers>base @gkaissisCaught ForceObjectDelete called by workers>base @gkaissisCaught ForceObjectDelete called by workers>base @gkaissisCaught ForceObjectDelete called by workers>base @gkaissisCaught ForceObjectDelete called by workers>base @gkaissisCaught ForceObjectDelete called by workers>base @gkaissisCaught ForceObjectDelete called by workers>base @gkaissisCaught ForceObjectDelete called by workers>base @gkaissisCaught ForceObjectDelete called by workers>base @gkaissisCaught ForceObjectDelete called by workers>base @gkaissisCaught ForceObjectDelete called by workers>base @gkaissisCaught ForceObjectDelete called by workers>base @gkaissisCaught ForceObjectDelete called by workers>base @gkaissisCaught ForceObjectDelete called by workers>base @gkaissisCaught ForceObjectDelete called by workers>base @gkaissisCaught ForceObjectDelete called by workers>base @gkaissisCaught ForceObjectDelete called by workers>base @gkaissisCaught ForceObjectDelete called by workers>base @gkaissisCaught ForceObjectDelete called by workers>base @gkaissisCaught ForceObjectDelete called by workers>base @gkaissisCaught ForceObjectDelete called by workers>base @gkaissisCaught ForceObjectDelete called by workers>base @gkaissisCaught ForceObjectDelete called by workers>base @gkaissisCaught ForceObjectDelete called by workers>base @gkaissisCaught ForceObjectDelete called by workers>base @gkaissisCaught ForceObjectDelete called by workers>base @gkaissisCaught ForceObjectDelete called by workers>base @gkaissisCaught ForceObjectDelete called by workers>base @gkaissisCaught ForceObjectDelete called by workers>base @gkaissisCaught ForceObjectDelete called by workers>base @gkaissisCaught ForceObjectDelete called by workers>base @gkaissisCaught ForceObjectDelete called by workers>base @gkaissisCaught ForceObjectDelete called by workers>base @gkaissisCaught ForceObjectDelete called by workers>base @gkaissisCaught ForceObjectDelete called by workers>base @gkaissisCaught ForceObjectDelete called by workers>base @gkaissisCaught ForceObjectDelete called by workers>base @gkaissisCaught ForceObjectDelete called by workers>base @gkaissisCaught ForceObjectDelete called by workers>base @gkaissisCaught ForceObjectDelete called by workers>base @gkaissisCaught ForceObjectDelete called by workers>base @gkaissisCaught ForceObjectDelete called by workers>base @gkaissisCaught ForceObjectDelete called by workers>base @gkaissisCaught ForceObjectDelete called by workers>base @gkaissisCaught ForceObjectDelete called by workers>base @gkaissisCaught ForceObjectDelete called by workers>base @gkaissisCaught ForceObjectDelete called by workers>base @gkaissisCaught ForceObjectDelete called by workers>base @gkaissisCaught ForceObjectDelete called by workers>base @gkaissisCaught ForceObjectDelete called by workers>base @gkaissisCaught ForceObjectDelete called by workers>base @gkaissisCaught ForceObjectDelete called by workers>base @gkaissisCaught ForceObjectDelete called by workers>base @gkaissisCaught ForceObjectDelete called by workers>base @gkaissisCaught ForceObjectDelete called by workers>base @gkaissisCaught ForceObjectDelete called by workers>base @gkaissisCaught ForceObjectDelete called by workers>base @gkaissisCaught ForceObjectDelete called by workers>base @gkaissisCaught ForceObjectDelete called by workers>base @gkaissisCaught ForceObjectDelete called by workers>base @gkaissisCaught ForceObjectDelete called by workers>base @gkaissisCaught ForceObjectDelete called by workers>base @gkaissisCaught ForceObjectDelete called by workers>base @gkaissisCaught ForceObjectDelete called by workers>base @gkaissisCaught ForceObjectDelete called by workers>base @gkaissisCaught ForceObjectDelete called by workers>base @gkaissisCaught ForceObjectDelete called by workers>base @gkaissisCaught ForceObjectDelete called by workers>base @gkaissisCaught ForceObjectDelete called by workers>base @gkaissisCaught ForceObjectDelete called by workers>base @gkaissisCaught ForceObjectDelete called by workers>base @gkaissisCaught ForceObjectDelete called by workers>base @gkaissisCaught ForceObjectDelete called by workers>base @gkaissisCaught ForceObjectDelete called by workers>base @gkaissisCaught ForceObjectDelete called by workers>base @gkaissisCaught ForceObjectDelete called by workers>base @gkaissisCaught ForceObjectDelete called by workers>base @gkaissisCaught ForceObjectDelete called by workers>base @gkaissisCaught ForceObjectDelete called by workers>base @gkaissisCaught ForceObjectDelete called by workers>base @gkaissisCaught ForceObjectDelete called by workers>base @gkaissisCaught ForceObjectDelete called by workers>base @gkaissisCaught ForceObjectDelete called by workers>base @gkaissisCaught ForceObjectDelete called by workers>base @gkaissisCaught ForceObjectDelete called by workers>base @gkaissisCaught ForceObjectDelete called by workers>base @gkaissisCaught ForceObjectDelete called by workers>base @gkaissisCaught ForceObjectDelete called by workers>base @gkaissisCaught ForceObjectDelete called by workers>base @gkaissisCaught ForceObjectDelete called by workers>base @gkaissisCaught ForceObjectDelete called by workers>base @gkaissisCaught ForceObjectDelete called by workers>base @gkaissisCaught ForceObjectDelete called by workers>base @gkaissisCaught ForceObjectDelete called by workers>base @gkaissisCaught ForceObjectDelete called by workers>base @gkaissisCaught ForceObjectDelete called by workers>base @gkaissisCaught ForceObjectDelete called by workers>base @gkaissisCaught ForceObjectDelete called by workers>base @gkaissisCaught ForceObjectDelete called by workers>base @gkaissisCaught ForceObjectDelete called by workers>base @gkaissisCaught ForceObjectDelete called by workers>base @gkaissisCaught ForceObjectDelete called by workers>base @gkaissisCaught ForceObjectDelete called by workers>base @gkaissisCaught ForceObjectDelete called by workers>base @gkaissisCaught ForceObjectDelete called by workers>base @gkaissisCaught ForceObjectDelete called by workers>base @gkaissisCaught ForceObjectDelete called by workers>base @gkaissisCaught ForceObjectDelete called by workers>base @gkaissisCaught ForceObjectDelete called by workers>base @gkaissisCaught ForceObjectDelete called by workers>base @gkaissisCaught ForceObjectDelete called by workers>base @gkaissisCaught ForceObjectDelete called by workers>base @gkaissisCaught ForceObjectDelete called by workers>base @gkaissisCaught ForceObjectDelete called by workers>base @gkaissisCaught ForceObjectDelete called by workers>base @gkaissisCaught ForceObjectDelete called by workers>base @gkaissisCaught ForceObjectDelete called by workers>base @gkaissisCaught ForceObjectDelete called by workers>base @gkaissisCaught ForceObjectDelete called by workers>base @gkaissisCaught ForceObjectDelete called by workers>base @gkaissisCaught ForceObjectDelete called by workers>base @gkaissisCaught ForceObjectDelete called by workers>base @gkaissisCaught ForceObjectDelete called by workers>base @gkaissisCaught ForceObjectDelete called by workers>base @gkaissisCaught ForceObjectDelete called by workers>base @gkaissisCaught ForceObjectDelete called by workers>base @gkaissisCaught ForceObjectDelete called by workers>base @gkaissisCaught ForceObjectDelete called by workers>base @gkaissisCaught ForceObjectDelete called by workers>base @gkaissisCaught ForceObjectDelete called by workers>base @gkaissisCaught ForceObjectDelete called by workers>base @gkaissisCaught ForceObjectDelete called by workers>base @gkaissisCaught ForceObjectDelete called by workers>base @gkaissisCaught ForceObjectDelete called by workers>base @gkaissisCaught ForceObjectDelete called by workers>base @gkaissisCaught ForceObjectDelete called by workers>base @gkaissisCaught ForceObjectDelete called by workers>base @gkaissisCaught ForceObjectDelete called by workers>base @gkaissisCaught ForceObjectDelete called by workers>base @gkaissisCaught ForceObjectDelete called by workers>base @gkaissisCaught ForceObjectDelete called by workers>base @gkaissisCaught ForceObjectDelete called by workers>base @gkaissisCaught ForceObjectDelete called by workers>base @gkaissisCaught ForceObjectDelete called by workers>base @gkaissisCaught ForceObjectDelete called by workers>base @gkaissisCaught ForceObjectDelete called by workers>base @gkaissisCaught ForceObjectDelete called by workers>base @gkaissisCaught ForceObjectDelete called by workers>base @gkaissisCaught ForceObjectDelete called by workers>base @gkaissisCaught ForceObjectDelete called by workers>base @gkaissisCaught ForceObjectDelete called by workers>base @gkaissisCaught ForceObjectDelete called by workers>base @gkaissisCaught ForceObjectDelete called by workers>base @gkaissisCaught ForceObjectDelete called by workers>base @gkaissisCaught ForceObjectDelete called by workers>base @gkaissisCaught ForceObjectDelete called by workers>base @gkaissisCaught ForceObjectDelete called by workers>base @gkaissisCaught ForceObjectDelete called by workers>base @gkaissisCaught ForceObjectDelete called by workers>base @gkaissisCaught ForceObjectDelete called by workers>base @gkaissisCaught ForceObjectDelete called by workers>base @gkaissisCaught ForceObjectDelete called by workers>base @gkaissisCaught ForceObjectDelete called by workers>base @gkaissisCaught ForceObjectDelete called by workers>base @gkaissisCaught ForceObjectDelete called by workers>base @gkaissisCaught ForceObjectDelete called by workers>base @gkaissisCaught ForceObjectDelete called by workers>base @gkaissisCaught ForceObjectDelete called by workers>base @gkaissisCaught ForceObjectDelete called by workers>base @gkaissisCaught ForceObjectDelete called by workers>base @gkaissisCaught ForceObjectDelete called by workers>base @gkaissisCaught ForceObjectDelete called by workers>base @gkaissisCaught ForceObjectDelete called by workers>base @gkaissisCaught ForceObjectDelete called by workers>base @gkaissisCaught ForceObjectDelete called by workers>base @gkaissisCaught ForceObjectDelete called by workers>base @gkaissisCaught ForceObjectDelete called by workers>base @gkaissisCaught ForceObjectDelete called by workers>base @gkaissisCaught ForceObjectDelete called by workers>base @gkaissisCaught ForceObjectDelete called by workers>base @gkaissisCaught ForceObjectDelete called by workers>base @gkaissisCaught ForceObjectDelete called by workers>base @gkaissisCaught ForceObjectDelete called by workers>base @gkaissisCaught ForceObjectDelete called by workers>base @gkaissisCaught ForceObjectDelete called by workers>base @gkaissisCaught ForceObjectDelete called by workers>base @gkaissisCaught ForceObjectDelete called by workers>base @gkaissisCaught ForceObjectDelete called by workers>base @gkaissisCaught ForceObjectDelete called by workers>base @gkaissisCaught ForceObjectDelete called by workers>base @gkaissisCaught ForceObjectDelete called by workers>base @gkaissisCaught ForceObjectDelete called by workers>base @gkaissisCaught ForceObjectDelete called by workers>base @gkaissisCaught ForceObjectDelete called by workers>base @gkaissisCaught ForceObjectDelete called by workers>base @gkaissisCaught ForceObjectDelete called by workers>base @gkaissisCaught ForceObjectDelete called by workers>base @gkaissisCaught ForceObjectDelete called by workers>base @gkaissisCaught ForceObjectDelete called by workers>base @gkaissisCaught ForceObjectDelete called by workers>base @gkaissisCaught ForceObjectDelete called by workers>base @gkaissisCaught ForceObjectDelete called by workers>base @gkaissisCaught ForceObjectDelete called by workers>base @gkaissisCaught ForceObjectDelete called by workers>base @gkaissisCaught ForceObjectDelete called by workers>base @gkaissisCaught ForceObjectDelete called by workers>base @gkaissisCaught ForceObjectDelete called by workers>base @gkaissisCaught ForceObjectDelete called by workers>base @gkaissisCaught ForceObjectDelete called by workers>base @gkaissisCaught ForceObjectDelete called by workers>base @gkaissisCaught ForceObjectDelete called by workers>base @gkaissisCaught ForceObjectDelete called by workers>base @gkaissisCaught ForceObjectDelete called by workers>base @gkaissisCaught ForceObjectDelete called by workers>base @gkaissisCaught ForceObjectDelete called by workers>base @gkaissisCaught ForceObjectDelete called by workers>base @gkaissisCaught ForceObjectDelete called by workers>base @gkaissisCaught ForceObjectDelete called by workers>base @gkaissisCaught ForceObjectDelete called by workers>base @gkaissisCaught ForceObjectDelete called by workers>base @gkaissisCaught ForceObjectDelete called by workers>base @gkaissisCaught ForceObjectDelete called by workers>base @gkaissisCaught ForceObjectDelete called by workers>base @gkaissisCaught ForceObjectDelete called by workers>base @gkaissisCaught ForceObjectDelete called by workers>base @gkaissisCaught ForceObjectDelete called by workers>base @gkaissisCaught ForceObjectDelete called by workers>base @gkaissisCaught ForceObjectDelete called by workers>base @gkaissisCaught ForceObjectDelete called by workers>base @gkaissisCaught ForceObjectDelete called by workers>base @gkaissisCaught ForceObjectDelete called by workers>base @gkaissisCaught ForceObjectDelete called by workers>base @gkaissisCaught ForceObjectDelete called by workers>base @gkaissisCaught ForceObjectDelete called by workers>base @gkaissisCaught ForceObjectDelete called by workers>base @gkaissisCaught ForceObjectDelete called by workers>base @gkaissisCaught ForceObjectDelete called by workers>base @gkaissisCaught ForceObjectDelete called by workers>base @gkaissisCaught ForceObjectDelete called by workers>base @gkaissisCaught ForceObjectDelete called by workers>base @gkaissisCaught ForceObjectDelete called by workers>base @gkaissisCaught ForceObjectDelete called by workers>base @gkaissisCaught ForceObjectDelete called by workers>base @gkaissisCaught ForceObjectDelete called by workers>base @gkaissisCaught ForceObjectDelete called by workers>base @gkaissisCaught ForceObjectDelete called by workers>base @gkaissisCaught ForceObjectDelete called by workers>base @gkaissisCaught ForceObjectDelete called by workers>base @gkaissisCaught ForceObjectDelete called by workers>base @gkaissisCaught ForceObjectDelete called by workers>base @gkaissisCaught ForceObjectDelete called by workers>base @gkaissisCaught ForceObjectDelete called by workers>base @gkaissisCaught ForceObjectDelete called by workers>base @gkaissisCaught ForceObjectDelete called by workers>base @gkaissisCaught ForceObjectDelete called by workers>base @gkaissisCaught ForceObjectDelete called by workers>base @gkaissisCaught ForceObjectDelete called by workers>base @gkaissisCaught ForceObjectDelete called by workers>base @gkaissisCaught ForceObjectDelete called by workers>base @gkaissisCaught ForceObjectDelete called by workers>base @gkaissisCaught ForceObjectDelete called by workers>base @gkaissisCaught ForceObjectDelete called by workers>base @gkaissisCaught ForceObjectDelete called by workers>base @gkaissisCaught ForceObjectDelete called by workers>base @gkaissisCaught ForceObjectDelete called by workers>base @gkaissisCaught ForceObjectDelete called by workers>base @gkaissisCaught ForceObjectDelete called by workers>base @gkaissisCaught ForceObjectDelete called by workers>base @gkaissisCaught ForceObjectDelete called by workers>base @gkaissisCaught ForceObjectDelete called by workers>base @gkaissisCaught ForceObjectDelete called by workers>base @gkaissisCaught ForceObjectDelete called by workers>base @gkaissisCaught ForceObjectDelete called by workers>base @gkaissisCaught ForceObjectDelete called by workers>base @gkaissisCaught ForceObjectDelete called by workers>base @gkaissisCaught ForceObjectDelete called by workers>base @gkaissisCaught ForceObjectDelete called by workers>base @gkaissisCaught ForceObjectDelete called by workers>base @gkaissisCaught ForceObjectDelete called by workers>base @gkaissisCaught ForceObjectDelete called by workers>base @gkaissisCaught ForceObjectDelete called by workers>base @gkaissisCaught ForceObjectDelete called by workers>base @gkaissisCaught ForceObjectDelete called by workers>base @gkaissisCaught ForceObjectDelete called by workers>base @gkaissisCaught ForceObjectDelete called by workers>base @gkaissisCaught ForceObjectDelete called by workers>base @gkaissisCaught ForceObjectDelete called by workers>base @gkaissisCaught ForceObjectDelete called by workers>base @gkaissisCaught ForceObjectDelete called by workers>base @gkaissisCaught ForceObjectDelete called by workers>base @gkaissisCaught ForceObjectDelete called by workers>base @gkaissisCaught ForceObjectDelete called by workers>base @gkaissisCaught ForceObjectDelete called by workers>base @gkaissisCaught ForceObjectDelete called by workers>base @gkaissisCaught ForceObjectDelete called by workers>base @gkaissisCaught ForceObjectDelete called by workers>base @gkaissisCaught ForceObjectDelete called by workers>base @gkaissisCaught ForceObjectDelete called by workers>base @gkaissisCaught ForceObjectDelete called by workers>base @gkaissisCaught ForceObjectDelete called by workers>base @gkaissisCaught ForceObjectDelete called by workers>base @gkaissisCaught ForceObjectDelete called by workers>base @gkaissisCaught ForceObjectDelete called by workers>base @gkaissisCaught ForceObjectDelete called by workers>base @gkaissisCaught ForceObjectDelete called by workers>base @gkaissisCaught ForceObjectDelete called by workers>base @gkaissisCaught ForceObjectDelete called by workers>base @gkaissisCaught ForceObjectDelete called by workers>base @gkaissisCaught ForceObjectDelete called by workers>base @gkaissisCaught ForceObjectDelete called by workers>base @gkaissisCaught ForceObjectDelete called by workers>base @gkaissisCaught ForceObjectDelete called by workers>base @gkaissisCaught ForceObjectDelete called by workers>base @gkaissisCaught ForceObjectDelete called by workers>base @gkaissisCaught ForceObjectDelete called by workers>base @gkaissisCaught ForceObjectDelete called by workers>base @gkaissisCaught ForceObjectDelete called by workers>base @gkaissisCaught ForceObjectDelete called by workers>base @gkaissisCaught ForceObjectDelete called by workers>base @gkaissisCaught ForceObjectDelete called by workers>base @gkaissisCaught ForceObjectDelete called by workers>base @gkaissisCaught ForceObjectDelete called by workers>base @gkaissisCaught ForceObjectDelete called by workers>base @gkaissisCaught ForceObjectDelete called by workers>base @gkaissisCaught ForceObjectDelete called by workers>base @gkaissisCaught ForceObjectDelete called by workers>base @gkaissisCaught ForceObjectDelete called by workers>base @gkaissisCaught ForceObjectDelete called by workers>base @gkaissisCaught ForceObjectDelete called by workers>base @gkaissisCaught ForceObjectDelete called by workers>base @gkaissisCaught ForceObjectDelete called by workers>base @gkaissisCaught ForceObjectDelete called by workers>base @gkaissisCaught ForceObjectDelete called by workers>base @gkaissisCaught ForceObjectDelete called by workers>base @gkaissisCaught ForceObjectDelete called by workers>base @gkaissisCaught ForceObjectDelete called by workers>base @gkaissisCaught ForceObjectDelete called by workers>base @gkaissisCaught ForceObjectDelete called by workers>base @gkaissisCaught ForceObjectDelete called by workers>base @gkaissisCaught ForceObjectDelete called by workers>base @gkaissisCaught ForceObjectDelete called by workers>base @gkaissisCaught ForceObjectDelete called by workers>base @gkaissisCaught ForceObjectDelete called by workers>base @gkaissisCaught ForceObjectDelete called by workers>base @gkaissisCaught ForceObjectDelete called by workers>base @gkaissisCaught ForceObjectDelete called by workers>base @gkaissisCaught ForceObjectDelete called by workers>base @gkaissisCaught ForceObjectDelete called by workers>base @gkaissisCaught ForceObjectDelete called by workers>base @gkaissisCaught ForceObjectDelete called by workers>base @gkaissisCaught ForceObjectDelete called by workers>base @gkaissisCaught ForceObjectDelete called by workers>base @gkaissisCaught ForceObjectDelete called by workers>base @gkaissisCaught ForceObjectDelete called by workers>base @gkaissisCaught ForceObjectDelete called by workers>base @gkaissisCaught ForceObjectDelete called by workers>base @gkaissisCaught ForceObjectDelete called by workers>base @gkaissisCaught ForceObjectDelete called by workers>base @gkaissisCaught ForceObjectDelete called by workers>base @gkaissisCaught ForceObjectDelete called by workers>base @gkaissisCaught ForceObjectDelete called by workers>base @gkaissisCaught ForceObjectDelete called by workers>base @gkaissisCaught ForceObjectDelete called by workers>base @gkaissisCaught ForceObjectDelete called by workers>base @gkaissisCaught ForceObjectDelete called by workers>base @gkaissisCaught ForceObjectDelete called by workers>base @gkaissisCaught ForceObjectDelete called by workers>base @gkaissisCaught ForceObjectDelete called by workers>base @gkaissisCaught ForceObjectDelete called by workers>base @gkaissisCaught ForceObjectDelete called by workers>base @gkaissisCaught ForceObjectDelete called by workers>base @gkaissisCaught ForceObjectDelete called by workers>base @gkaissisCaught ForceObjectDelete called by workers>base @gkaissisCaught ForceObjectDelete called by workers>base @gkaissisCaught ForceObjectDelete called by workers>base @gkaissisCaught ForceObjectDelete called by workers>base @gkaissisCaught ForceObjectDelete called by workers>base @gkaissisCaught ForceObjectDelete called by workers>base @gkaissisCaught ForceObjectDelete called by workers>base @gkaissisCaught ForceObjectDelete called by workers>base @gkaissisCaught ForceObjectDelete called by workers>base @gkaissisCaught ForceObjectDelete called by workers>base @gkaissisCaught ForceObjectDelete called by workers>base @gkaissisCaught ForceObjectDelete called by workers>base @gkaissisCaught ForceObjectDelete called by workers>base @gkaissisCaught ForceObjectDelete called by workers>base @gkaissisCaught ForceObjectDelete called by workers>base @gkaissisCaught ForceObjectDelete called by workers>base @gkaissisCaught ForceObjectDelete called by workers>base @gkaissisCaught ForceObjectDelete called by workers>base @gkaissisCaught ForceObjectDelete called by workers>base @gkaissisCaught ForceObjectDelete called by workers>base @gkaissisCaught ForceObjectDelete called by workers>base @gkaissisCaught ForceObjectDelete called by workers>base @gkaissisCaught ForceObjectDelete called by workers>base @gkaissisCaught ForceObjectDelete called by workers>base @gkaissisCaught ForceObjectDelete called by workers>base @gkaissisCaught ForceObjectDelete called by workers>base @gkaissisCaught ForceObjectDelete called by workers>base @gkaissisCaught ForceObjectDelete called by workers>base @gkaissisCaught ForceObjectDelete called by workers>base @gkaissisCaught ForceObjectDelete called by workers>base @gkaissisCaught ForceObjectDelete called by workers>base @gkaissisCaught ForceObjectDelete called by workers>base @gkaissisCaught ForceObjectDelete called by workers>base @gkaissisCaught ForceObjectDelete called by workers>base @gkaissisCaught ForceObjectDelete called by workers>base @gkaissisCaught ForceObjectDelete called by workers>base @gkaissisCaught ForceObjectDelete called by workers>base @gkaissisCaught ForceObjectDelete called by workers>base @gkaissisCaught ForceObjectDelete called by workers>base @gkaissisCaught ForceObjectDelete called by workers>base @gkaissisCaught ForceObjectDelete called by workers>base @gkaissisCaught ForceObjectDelete called by workers>base @gkaissisCaught ForceObjectDelete called by workers>base @gkaissisCaught ForceObjectDelete called by workers>base @gkaissisCaught ForceObjectDelete called by workers>base @gkaissisCaught ForceObjectDelete called by workers>base @gkaissisCaught ForceObjectDelete called by workers>base @gkaissisCaught ForceObjectDelete called by workers>base @gkaissisCaught ForceObjectDelete called by workers>base @gkaissisCaught ForceObjectDelete called by workers>base @gkaissisCaught ForceObjectDelete called by workers>base @gkaissisCaught ForceObjectDelete called by workers>base @gkaissisCaught ForceObjectDelete called by workers>base @gkaissisCaught ForceObjectDelete called by workers>base @gkaissisCaught ForceObjectDelete called by workers>base @gkaissisCaught ForceObjectDelete called by workers>base @gkaissisCaught ForceObjectDelete called by workers>base @gkaissisCaught ForceObjectDelete called by workers>base @gkaissisCaught ForceObjectDelete called by workers>base @gkaissisCaught ForceObjectDelete called by workers>base @gkaissisCaught ForceObjectDelete called by workers>base @gkaissisCaught ForceObjectDelete called by workers>base @gkaissisCaught ForceObjectDelete called by workers>base @gkaissisCaught ForceObjectDelete called by workers>base @gkaissisCaught ForceObjectDelete called by workers>base @gkaissisCaught ForceObjectDelete called by workers>base @gkaissisCaught ForceObjectDelete called by workers>base @gkaissisCaught ForceObjectDelete called by workers>base @gkaissisCaught ForceObjectDelete called by workers>base @gkaissisCaught ForceObjectDelete called by workers>base @gkaissisCaught ForceObjectDelete called by workers>base @gkaissisCaught ForceObjectDelete called by workers>base @gkaissisCaught ForceObjectDelete called by workers>base @gkaissisCaught ForceObjectDelete called by workers>base @gkaissisCaught ForceObjectDelete called by workers>base @gkaissisCaught ForceObjectDelete called by workers>base @gkaissisCaught ForceObjectDelete called by workers>base @gkaissisCaught ForceObjectDelete called by workers>base @gkaissisCaught ForceObjectDelete called by workers>base @gkaissisCaught ForceObjectDelete called by workers>base @gkaissisCaught ForceObjectDelete called by workers>base @gkaissisCaught ForceObjectDelete called by workers>base @gkaissisCaught ForceObjectDelete called by workers>base @gkaissisCaught ForceObjectDelete called by workers>base @gkaissisCaught ForceObjectDelete called by workers>base @gkaissisCaught ForceObjectDelete called by workers>base @gkaissisCaught ForceObjectDelete called by workers>base @gkaissisCaught ForceObjectDelete called by workers>base @gkaissisCaught ForceObjectDelete called by workers>base @gkaissisCaught ForceObjectDelete called by workers>base @gkaissisCaught ForceObjectDelete called by workers>base @gkaissisCaught ForceObjectDelete called by workers>base @gkaissisCaught ForceObjectDelete called by workers>base @gkaissisCaught ForceObjectDelete called by workers>base @gkaissisCaught ForceObjectDelete called by workers>base @gkaissisCaught ForceObjectDelete called by workers>base @gkaissisCaught ForceObjectDelete called by workers>base @gkaissisCaught ForceObjectDelete called by workers>base @gkaissisCaught ForceObjectDelete called by workers>base @gkaissisCaught ForceObjectDelete called by workers>base @gkaissisCaught ForceObjectDelete called by workers>base @gkaissisCaught ForceObjectDelete called by workers>base @gkaissisCaught ForceObjectDelete called by workers>base @gkaissisCaught ForceObjectDelete called by workers>base @gkaissisCaught ForceObjectDelete called by workers>base @gkaissisCaught ForceObjectDelete called by workers>base @gkaissisCaught ForceObjectDelete called by workers>base @gkaissisCaught ForceObjectDelete called by workers>base @gkaissisCaught ForceObjectDelete called by workers>base @gkaissisCaught ForceObjectDelete called by workers>base @gkaissisCaught ForceObjectDelete called by workers>base @gkaissisCaught ForceObjectDelete called by workers>base @gkaissisCaught ForceObjectDelete called by workers>base @gkaissisCaught ForceObjectDelete called by workers>base @gkaissisCaught ForceObjectDelete called by workers>base @gkaissisCaught ForceObjectDelete called by workers>base @gkaissisCaught ForceObjectDelete called by workers>base @gkaissisCaught ForceObjectDelete called by workers>base @gkaissisCaught ForceObjectDelete called by workers>base @gkaissisCaught ForceObjectDelete called by workers>base @gkaissisCaught ForceObjectDelete called by workers>base @gkaissisCaught ForceObjectDelete called by workers>base @gkaissisCaught ForceObjectDelete called by workers>base @gkaissisCaught ForceObjectDelete called by workers>base @gkaissisCaught ForceObjectDelete called by workers>base @gkaissisCaught ForceObjectDelete called by workers>base @gkaissisCaught ForceObjectDelete called by workers>base @gkaissisCaught ForceObjectDelete called by workers>base @gkaissisCaught ForceObjectDelete called by workers>base @gkaissisCaught ForceObjectDelete called by workers>base @gkaissisCaught ForceObjectDelete called by workers>base @gkaissisCaught ForceObjectDelete called by workers>base @gkaissisCaught ForceObjectDelete called by workers>base @gkaissisCaught ForceObjectDelete called by workers>base @gkaissisCaught ForceObjectDelete called by workers>base @gkaissisCaught ForceObjectDelete called by workers>base @gkaissisCaught ForceObjectDelete called by workers>base @gkaissisCaught ForceObjectDelete called by workers>base @gkaissisCaught ForceObjectDelete called by workers>base @gkaissisCaught ForceObjectDelete called by workers>base @gkaissisCaught ForceObjectDelete called by workers>base @gkaissisCaught ForceObjectDelete called by workers>base @gkaissisCaught ForceObjectDelete called by workers>base @gkaissisCaught ForceObjectDelete called by workers>base @gkaissisCaught ForceObjectDelete called by workers>base @gkaissisCaught ForceObjectDelete called by workers>base @gkaissisCaught ForceObjectDelete called by workers>base @gkaissisCaught ForceObjectDelete called by workers>base @gkaissisCaught ForceObjectDelete called by workers>base @gkaissisCaught ForceObjectDelete called by workers>base @gkaissisCaught ForceObjectDelete called by workers>base @gkaissisCaught ForceObjectDelete called by workers>base @gkaissisCaught ForceObjectDelete called by workers>base @gkaissisCaught ForceObjectDelete called by workers>base @gkaissisCaught ForceObjectDelete called by workers>base @gkaissisCaught ForceObjectDelete called by workers>base @gkaissisCaught ForceObjectDelete called by workers>base @gkaissisCaught ForceObjectDelete called by workers>base @gkaissisCaught ForceObjectDelete called by workers>base @gkaissisCaught ForceObjectDelete called by workers>base @gkaissisCaught ForceObjectDelete called by workers>base @gkaissisCaught ForceObjectDelete called by workers>base @gkaissisCaught ForceObjectDelete called by workers>base @gkaissisCaught ForceObjectDelete called by workers>base @gkaissisCaught ForceObjectDelete called by workers>base @gkaissisCaught ForceObjectDelete called by workers>base @gkaissisCaught ForceObjectDelete called by workers>base @gkaissisCaught ForceObjectDelete called by workers>base @gkaissisCaught ForceObjectDelete called by workers>base @gkaissisCaught ForceObjectDelete called by workers>base @gkaissisCaught ForceObjectDelete called by workers>base @gkaissisCaught ForceObjectDelete called by workers>base @gkaissisCaught ForceObjectDelete called by workers>base @gkaissisCaught ForceObjectDelete called by workers>base @gkaissisCaught ForceObjectDelete called by workers>base @gkaissisCaught ForceObjectDelete called by workers>base @gkaissisCaught ForceObjectDelete called by workers>base @gkaissisCaught ForceObjectDelete called by workers>base @gkaissisCaught ForceObjectDelete called by workers>base @gkaissisCaught ForceObjectDelete called by workers>base @gkaissisCaught ForceObjectDelete called by workers>base @gkaissisCaught ForceObjectDelete called by workers>base @gkaissisCaught ForceObjectDelete called by workers>base @gkaissisCaught ForceObjectDelete called by workers>base @gkaissisCaught ForceObjectDelete called by workers>base @gkaissisCaught ForceObjectDelete called by workers>base @gkaissisCaught ForceObjectDelete called by workers>base @gkaissisCaught ForceObjectDelete called by workers>base @gkaissisCaught ForceObjectDelete called by workers>base @gkaissisCaught ForceObjectDelete called by workers>base @gkaissisCaught ForceObjectDelete called by workers>base @gkaissisCaught ForceObjectDelete called by workers>base @gkaissisCaught ForceObjectDelete called by workers>base @gkaissisCaught ForceObjectDelete called by workers>base @gkaissisCaught ForceObjectDelete called by workers>base @gkaissisCaught ForceObjectDelete called by workers>base @gkaissisCaught ForceObjectDelete called by workers>base @gkaissisCaught ForceObjectDelete called by workers>base @gkaissisCaught ForceObjectDelete called by workers>base @gkaissisCaught ForceObjectDelete called by workers>base @gkaissisCaught ForceObjectDelete called by workers>base @gkaissisCaught ForceObjectDelete called by workers>base @gkaissisCaught ForceObjectDelete called by workers>base @gkaissisCaught ForceObjectDelete called by workers>base @gkaissisCaught ForceObjectDelete called by workers>base @gkaissisCaught ForceObjectDelete called by workers>base @gkaissisCaught ForceObjectDelete called by workers>base @gkaissisCaught ForceObjectDelete called by workers>base @gkaissisCaught ForceObjectDelete called by workers>base @gkaissisCaught ForceObjectDelete called by workers>base @gkaissisCaught ForceObjectDelete called by workers>base @gkaissisCaught ForceObjectDelete called by workers>base @gkaissisCaught ForceObjectDelete called by workers>base @gkaissisCaught ForceObjectDelete called by workers>base @gkaissisCaught ForceObjectDelete called by workers>base @gkaissisCaught ForceObjectDelete called by workers>base @gkaissisCaught ForceObjectDelete called by workers>base @gkaissisCaught ForceObjectDelete called by workers>base @gkaissisCaught ForceObjectDelete called by workers>base @gkaissisCaught ForceObjectDelete called by workers>base @gkaissisCaught ForceObjectDelete called by workers>base @gkaissisCaught ForceObjectDelete called by workers>base @gkaissisCaught ForceObjectDelete called by workers>base @gkaissisCaught ForceObjectDelete called by workers>base @gkaissisCaught ForceObjectDelete called by workers>base @gkaissisCaught ForceObjectDelete called by workers>base @gkaissisCaught ForceObjectDelete called by workers>base @gkaissisCaught ForceObjectDelete called by workers>base @gkaissisCaught ForceObjectDelete called by workers>base @gkaissisCaught ForceObjectDelete called by workers>base @gkaissisCaught ForceObjectDelete called by workers>base @gkaissisCaught ForceObjectDelete called by workers>base @gkaissisCaught ForceObjectDelete called by workers>base @gkaissisCaught ForceObjectDelete called by workers>base @gkaissisCaught ForceObjectDelete called by workers>base @gkaissisCaught ForceObjectDelete called by workers>base @gkaissisCaught ForceObjectDelete called by workers>base @gkaissisCaught ForceObjectDelete called by workers>base @gkaissisCaught ForceObjectDelete called by workers>base @gkaissisCaught ForceObjectDelete called by workers>base @gkaissisCaught ForceObjectDelete called by workers>base @gkaissisCaught ForceObjectDelete called by workers>base @gkaissisCaught ForceObjectDelete called by workers>base @gkaissisCaught ForceObjectDelete called by workers>base @gkaissisCaught ForceObjectDelete called by workers>base @gkaissisCaught ForceObjectDelete called by workers>base @gkaissisCaught ForceObjectDelete called by workers>base @gkaissisCaught ForceObjectDelete called by workers>base @gkaissisCaught ForceObjectDelete called by workers>base @gkaissisCaught ForceObjectDelete called by workers>base @gkaissisCaught ForceObjectDelete called by workers>base @gkaissisCaught ForceObjectDelete called by workers>base @gkaissisCaught ForceObjectDelete called by workers>base @gkaissisCaught ForceObjectDelete called by workers>base @gkaissisCaught ForceObjectDelete called by workers>base @gkaissisCaught ForceObjectDelete called by workers>base @gkaissisCaught ForceObjectDelete called by workers>base @gkaissisCaught ForceObjectDelete called by workers>base @gkaissisCaught ForceObjectDelete called by workers>base @gkaissisCaught ForceObjectDelete called by workers>base @gkaissisCaught ForceObjectDelete called by workers>base @gkaissisCaught ForceObjectDelete called by workers>base @gkaissisCaught ForceObjectDelete called by workers>base @gkaissisCaught ForceObjectDelete called by workers>base @gkaissisCaught ForceObjectDelete called by workers>base @gkaissisCaught ForceObjectDelete called by workers>base @gkaissisCaught ForceObjectDelete called by workers>base @gkaissisCaught ForceObjectDelete called by workers>base @gkaissisCaught ForceObjectDelete called by workers>base @gkaissisCaught ForceObjectDelete called by workers>base @gkaissisCaught ForceObjectDelete called by workers>base @gkaissisCaught ForceObjectDelete called by workers>base @gkaissisCaught ForceObjectDelete called by workers>base @gkaissisCaught ForceObjectDelete called by workers>base @gkaissisCaught ForceObjectDelete called by workers>base @gkaissisCaught ForceObjectDelete called by workers>base @gkaissisCaught ForceObjectDelete called by workers>base @gkaissisCaught ForceObjectDelete called by workers>base @gkaissisCaught ForceObjectDelete called by workers>base @gkaissisCaught ForceObjectDelete called by workers>base @gkaissisCaught ForceObjectDelete called by workers>base @gkaissisCaught ForceObjectDelete called by workers>base @gkaissisCaught ForceObjectDelete called by workers>base @gkaissisCaught ForceObjectDelete called by workers>base @gkaissisCaught ForceObjectDelete called by workers>base @gkaissisCaught ForceObjectDelete called by workers>base @gkaissisCaught ForceObjectDelete called by workers>base @gkaissisCaught ForceObjectDelete called by workers>base @gkaissisCaught ForceObjectDelete called by workers>base @gkaissisCaught ForceObjectDelete called by workers>base @gkaissisCaught ForceObjectDelete called by workers>base @gkaissisCaught ForceObjectDelete called by workers>base @gkaissisCaught ForceObjectDelete called by workers>base @gkaissisCaught ForceObjectDelete called by workers>base @gkaissisCaught ForceObjectDelete called by workers>base @gkaissisCaught ForceObjectDelete called by workers>base @gkaissisCaught ForceObjectDelete called by workers>base @gkaissisCaught ForceObjectDelete called by workers>base @gkaissisCaught ForceObjectDelete called by workers>base @gkaissisCaught ForceObjectDelete called by workers>base @gkaissisCaught ForceObjectDelete called by workers>base @gkaissisCaught ForceObjectDelete called by workers>base @gkaissisCaught ForceObjectDelete called by workers>base @gkaissisCaught ForceObjectDelete called by workers>base @gkaissisCaught ForceObjectDelete called by workers>base @gkaissisCaught ForceObjectDelete called by workers>base @gkaissisCaught ForceObjectDelete called by workers>base @gkaissisCaught ForceObjectDelete called by workers>base @gkaissisCaught ForceObjectDelete called by workers>base @gkaissisCaught ForceObjectDelete called by workers>base @gkaissisCaught ForceObjectDelete called by workers>base @gkaissisCaught ForceObjectDelete called by workers>base @gkaissisCaught ForceObjectDelete called by workers>base @gkaissisCaught ForceObjectDelete called by workers>base @gkaissisCaught ForceObjectDelete called by workers>base @gkaissisCaught ForceObjectDelete called by workers>base @gkaissisCaught ForceObjectDelete called by workers>base @gkaissisCaught ForceObjectDelete called by workers>base @gkaissisCaught ForceObjectDelete called by workers>base @gkaissisCaught ForceObjectDelete called by workers>base @gkaissisCaught ForceObjectDelete called by workers>base @gkaissisCaught ForceObjectDelete called by workers>base @gkaissisCaught ForceObjectDelete called by workers>base @gkaissisCaught ForceObjectDelete called by workers>base @gkaissisCaught ForceObjectDelete called by workers>base @gkaissisCaught ForceObjectDelete called by workers>base @gkaissisCaught ForceObjectDelete called by workers>base @gkaissisCaught ForceObjectDelete called by workers>base @gkaissisCaught ForceObjectDelete called by workers>base @gkaissisCaught ForceObjectDelete called by workers>base @gkaissisCaught ForceObjectDelete called by workers>base @gkaissisCaught ForceObjectDelete called by workers>base @gkaissisCaught ForceObjectDelete called by workers>base @gkaissisCaught ForceObjectDelete called by workers>base @gkaissisCaught ForceObjectDelete called by workers>base @gkaissisCaught ForceObjectDelete called by workers>base @gkaissisCaught ForceObjectDelete called by workers>base @gkaissisCaught ForceObjectDelete called by workers>base @gkaissisCaught ForceObjectDelete called by workers>base @gkaissisCaught ForceObjectDelete called by workers>base @gkaissisCaught ForceObjectDelete called by workers>base @gkaissisCaught ForceObjectDelete called by workers>base @gkaissisCaught ForceObjectDelete called by workers>base @gkaissisCaught ForceObjectDelete called by workers>base @gkaissisCaught ForceObjectDelete called by workers>base @gkaissisCaught ForceObjectDelete called by workers>base @gkaissisCaught ForceObjectDelete called by workers>base @gkaissisCaught ForceObjectDelete called by workers>base @gkaissisCaught ForceObjectDelete called by workers>base @gkaissisCaught ForceObjectDelete called by workers>base @gkaissisCaught ForceObjectDelete called by workers>base @gkaissisCaught ForceObjectDelete called by workers>base @gkaissisCaught ForceObjectDelete called by workers>base @gkaissisCaught ForceObjectDelete called by workers>base @gkaissisCaught ForceObjectDelete called by workers>base @gkaissisCaught ForceObjectDelete called by workers>base @gkaissisCaught ForceObjectDelete called by workers>base @gkaissisCaught ForceObjectDelete called by workers>base @gkaissisCaught ForceObjectDelete called by workers>base @gkaissisCaught ForceObjectDelete called by workers>base @gkaissisCaught ForceObjectDelete called by workers>base @gkaissisCaught ForceObjectDelete called by workers>base @gkaissisCaught ForceObjectDelete called by workers>base @gkaissisCaught ForceObjectDelete called by workers>base @gkaissisCaught ForceObjectDelete called by workers>base @gkaissisCaught ForceObjectDelete called by workers>base @gkaissisCaught ForceObjectDelete called by workers>base @gkaissisCaught ForceObjectDelete called by workers>base @gkaissisCaught ForceObjectDelete called by workers>base @gkaissisCaught ForceObjectDelete called by workers>base @gkaissisCaught ForceObjectDelete called by workers>base @gkaissisCaught ForceObjectDelete called by workers>base @gkaissisCaught ForceObjectDelete called by workers>base @gkaissisCaught ForceObjectDelete called by workers>base @gkaissisCaught ForceObjectDelete called by workers>base @gkaissisCaught ForceObjectDelete called by workers>base @gkaissisCaught ForceObjectDelete called by workers>base @gkaissisCaught ForceObjectDelete called by workers>base @gkaissisCaught ForceObjectDelete called by workers>base @gkaissisCaught ForceObjectDelete called by workers>base @gkaissisCaught ForceObjectDelete called by workers>base @gkaissisCaught ForceObjectDelete called by workers>base @gkaissisCaught ForceObjectDelete called by workers>base @gkaissisCaught ForceObjectDelete called by workers>base @gkaissisCaught ForceObjectDelete called by workers>base @gkaissisCaught ForceObjectDelete called by workers>base @gkaissisCaught ForceObjectDelete called by workers>base @gkaissisCaught ForceObjectDelete called by workers>base @gkaissisCaught ForceObjectDelete called by workers>base @gkaissisCaught ForceObjectDelete called by workers>base @gkaissisCaught ForceObjectDelete called by workers>base @gkaissisCaught ForceObjectDelete called by workers>base @gkaissisCaught ForceObjectDelete called by workers>base @gkaissisCaught ForceObjectDelete called by workers>base @gkaissisCaught ForceObjectDelete called by workers>base @gkaissisCaught ForceObjectDelete called by workers>base @gkaissisCaught ForceObjectDelete called by workers>base @gkaissisCaught ForceObjectDelete called by workers>base @gkaissisCaught ForceObjectDelete called by workers>base @gkaissisCaught ForceObjectDelete called by workers>base @gkaissisCaught ForceObjectDelete called by workers>base @gkaissisCaught ForceObjectDelete called by workers>base @gkaissisCaught ForceObjectDelete called by workers>base @gkaissisCaught ForceObjectDelete called by workers>base @gkaissisCaught ForceObjectDelete called by workers>base @gkaissisCaught ForceObjectDelete called by workers>base @gkaissisCaught ForceObjectDelete called by workers>base @gkaissisCaught ForceObjectDelete called by workers>base @gkaissisCaught ForceObjectDelete called by workers>base @gkaissisCaught ForceObjectDelete called by workers>base @gkaissisCaught ForceObjectDelete called by workers>base @gkaissisCaught ForceObjectDelete called by workers>base @gkaissisCaught ForceObjectDelete called by workers>base @gkaissisCaught ForceObjectDelete called by workers>base @gkaissisCaught ForceObjectDelete called by workers>base @gkaissisCaught ForceObjectDelete called by workers>base @gkaissisCaught ForceObjectDelete called by workers>base @gkaissisCaught ForceObjectDelete called by workers>base @gkaissisCaught ForceObjectDelete called by workers>base @gkaissisCaught ForceObjectDelete called by workers>base @gkaissisCaught ForceObjectDelete called by workers>base @gkaissisCaught ForceObjectDelete called by workers>base @gkaissisCaught ForceObjectDelete called by workers>base @gkaissisCaught ForceObjectDelete called by workers>base @gkaissisCaught ForceObjectDelete called by workers>base @gkaissisCaught ForceObjectDelete called by workers>base @gkaissisCaught ForceObjectDelete called by workers>base @gkaissisCaught ForceObjectDelete called by workers>base @gkaissisCaught ForceObjectDelete called by workers>base @gkaissisCaught ForceObjectDelete called by workers>base @gkaissisCaught ForceObjectDelete called by workers>base @gkaissisCaught ForceObjectDelete called by workers>base @gkaissisCaught ForceObjectDelete called by workers>base @gkaissisCaught ForceObjectDelete called by workers>base @gkaissisCaught ForceObjectDelete called by workers>base @gkaissisCaught ForceObjectDelete called by workers>base @gkaissisCaught ForceObjectDelete called by workers>base @gkaissisCaught ForceObjectDelete called by workers>base @gkaissisCaught ForceObjectDelete called by workers>base @gkaissisCaught ForceObjectDelete called by workers>base @gkaissisCaught ForceObjectDelete called by workers>base @gkaissisCaught ForceObjectDelete called by workers>base @gkaissisCaught ForceObjectDelete called by workers>base @gkaissisCaught ForceObjectDelete called by workers>base @gkaissisCaught ForceObjectDelete called by workers>base @gkaissisCaught ForceObjectDelete called by workers>base @gkaissisCaught ForceObjectDelete called by workers>base @gkaissisCaught ForceObjectDelete called by workers>base @gkaissisCaught ForceObjectDelete called by workers>base @gkaissisCaught ForceObjectDelete called by workers>base @gkaissisCaught ForceObjectDelete called by workers>base @gkaissisCaught ForceObjectDelete called by workers>base @gkaissisCaught ForceObjectDelete called by workers>base @gkaissisCaught ForceObjectDelete called by workers>base @gkaissisCaught ForceObjectDelete called by workers>base @gkaissisCaught ForceObjectDelete called by workers>base @gkaissisCaught ForceObjectDelete called by workers>base @gkaissisCaught ForceObjectDelete called by workers>base @gkaissisCaught ForceObjectDelete called by workers>base @gkaissisCaught ForceObjectDelete called by workers>base @gkaissisCaught ForceObjectDelete called by workers>base @gkaissisCaught ForceObjectDelete called by workers>base @gkaissisCaught ForceObjectDelete called by workers>base @gkaissisCaught ForceObjectDelete called by workers>base @gkaissisCaught ForceObjectDelete called by workers>base @gkaissisCaught ForceObjectDelete called by workers>base @gkaissisCaught ForceObjectDelete called by workers>base @gkaissisCaught ForceObjectDelete called by workers>base @gkaissisCaught ForceObjectDelete called by workers>base @gkaissisCaught ForceObjectDelete called by workers>base @gkaissisCaught ForceObjectDelete called by workers>base @gkaissisCaught ForceObjectDelete called by workers>base @gkaissisCaught ForceObjectDelete called by workers>base @gkaissisCaught ForceObjectDelete called by workers>base @gkaissisCaught ForceObjectDelete called by workers>base @gkaissisCaught ForceObjectDelete called by workers>base @gkaissisCaught ForceObjectDelete called by workers>base @gkaissisCaught ForceObjectDelete called by workers>base @gkaissisCaught ForceObjectDelete called by workers>base @gkaissisCaught ForceObjectDelete called by workers>base @gkaissisCaught ForceObjectDelete called by workers>base @gkaissisCaught ForceObjectDelete called by workers>base @gkaissisCaught ForceObjectDelete called by workers>base @gkaissisCaught ForceObjectDelete called by workers>base @gkaissisCaught ForceObjectDelete called by workers>base @gkaissisCaught ForceObjectDelete called by workers>base @gkaissisCaught ForceObjectDelete called by workers>base @gkaissisCaught ForceObjectDelete called by workers>base @gkaissisCaught ForceObjectDelete called by workers>base @gkaissisCaught ForceObjectDelete called by workers>base @gkaissisCaught ForceObjectDelete called by workers>base @gkaissisCaught ForceObjectDelete called by workers>base @gkaissisCaught ForceObjectDelete called by workers>base @gkaissisCaught ForceObjectDelete called by workers>base @gkaissisCaught ForceObjectDelete called by workers>base @gkaissisCaught ForceObjectDelete called by workers>base @gkaissisCaught ForceObjectDelete called by workers>base @gkaissisCaught ForceObjectDelete called by workers>base @gkaissisCaught ForceObjectDelete called by workers>base @gkaissisCaught ForceObjectDelete called by workers>base @gkaissisCaught ForceObjectDelete called by workers>base @gkaissisCaught ForceObjectDelete called by workers>base @gkaissisCaught ForceObjectDelete called by workers>base @gkaissisCaught ForceObjectDelete called by workers>base @gkaissisCaught ForceObjectDelete called by workers>base @gkaissisCaught ForceObjectDelete called by workers>base @gkaissisCaught ForceObjectDelete called by workers>base @gkaissisCaught ForceObjectDelete called by workers>base @gkaissisCaught ForceObjectDelete called by workers>base @gkaissisCaught ForceObjectDelete called by workers>base @gkaissisCaught ForceObjectDelete called by workers>base @gkaissisCaught ForceObjectDelete called by workers>base @gkaissisCaught ForceObjectDelete called by workers>base @gkaissisCaught ForceObjectDelete called by workers>base @gkaissisCaught ForceObjectDelete called by workers>base @gkaissisCaught ForceObjectDelete called by workers>base @gkaissisCaught ForceObjectDelete called by workers>base @gkaissisCaught ForceObjectDelete called by workers>base @gkaissisCaught ForceObjectDelete called by workers>base @gkaissisCaught ForceObjectDelete called by workers>base @gkaissisCaught ForceObjectDelete called by workers>base @gkaissisCaught ForceObjectDelete called by workers>base @gkaissisCaught ForceObjectDelete called by workers>base @gkaissisCaught ForceObjectDelete called by workers>base @gkaissisCaught ForceObjectDelete called by workers>base @gkaissisCaught ForceObjectDelete called by workers>base @gkaissisCaught ForceObjectDelete called by workers>base @gkaissisCaught ForceObjectDelete called by workers>base @gkaissisCaught ForceObjectDelete called by workers>base @gkaissisCaught ForceObjectDelete called by workers>base @gkaissisCaught ForceObjectDelete called by workers>base @gkaissisCaught ForceObjectDelete called by workers>base @gkaissisCaught ForceObjectDelete called by workers>base @gkaissisCaught ForceObjectDelete called by workers>base @gkaissisCaught ForceObjectDelete called by workers>base @gkaissisCaught ForceObjectDelete called by workers>base @gkaissisCaught ForceObjectDelete called by workers>base @gkaissisCaught ForceObjectDelete called by workers>base @gkaissisCaught ForceObjectDelete called by workers>base @gkaissisCaught ForceObjectDelete called by workers>base @gkaissisCaught ForceObjectDelete called by workers>base @gkaissisCaught ForceObjectDelete called by workers>base @gkaissisCaught ForceObjectDelete called by workers>base @gkaissisCaught ForceObjectDelete called by workers>base @gkaissisCaught ForceObjectDelete called by workers>base @gkaissisCaught ForceObjectDelete called by workers>base @gkaissisCaught ForceObjectDelete called by workers>base @gkaissisCaught ForceObjectDelete called by workers>base @gkaissisCaught ForceObjectDelete called by workers>base @gkaissisCaught ForceObjectDelete called by workers>base @gkaissisCaught ForceObjectDelete called by workers>base @gkaissisCaught ForceObjectDelete called by workers>base @gkaissisCaught ForceObjectDelete called by workers>base @gkaissisCaught ForceObjectDelete called by workers>base @gkaissisCaught ForceObjectDelete called by workers>base @gkaissisCaught ForceObjectDelete called by workers>base @gkaissisCaught ForceObjectDelete called by workers>base @gkaissisCaught ForceObjectDelete called by workers>base @gkaissisCaught ForceObjectDelete called by workers>base @gkaissisCaught ForceObjectDelete called by workers>base @gkaissisCaught ForceObjectDelete called by workers>base @gkaissisCaught ForceObjectDelete called by workers>base @gkaissisCaught ForceObjectDelete called by workers>base @gkaissisCaught ForceObjectDelete called by workers>base @gkaissisCaught ForceObjectDelete called by workers>base @gkaissisCaught ForceObjectDelete called by workers>base @gkaissisCaught ForceObjectDelete called by workers>base @gkaissisCaught ForceObjectDelete called by workers>base @gkaissisCaught ForceObjectDelete called by workers>base @gkaissisCaught ForceObjectDelete called by workers>base @gkaissisCaught ForceObjectDelete called by workers>base @gkaissisCaught ForceObjectDelete called by workers>base @gkaissisCaught ForceObjectDelete called by workers>base @gkaissisCaught ForceObjectDelete called by workers>base @gkaissisCaught ForceObjectDelete called by workers>base @gkaissisCaught ForceObjectDelete called by workers>base @gkaissisCaught ForceObjectDelete called by workers>base @gkaissisCaught ForceObjectDelete called by workers>base @gkaissisCaught ForceObjectDelete called by workers>base @gkaissisCaught ForceObjectDelete called by workers>base @gkaissisCaught ForceObjectDelete called by workers>base @gkaissisCaught ForceObjectDelete called by workers>base @gkaissisCaught ForceObjectDelete called by workers>base @gkaissisCaught ForceObjectDelete called by workers>base @gkaissisCaught ForceObjectDelete called by workers>base @gkaissisCaught ForceObjectDelete called by workers>base @gkaissisCaught ForceObjectDelete called by workers>base @gkaissisCaught ForceObjectDelete called by workers>base @gkaissisCaught ForceObjectDelete called by workers>base @gkaissisCaught ForceObjectDelete called by workers>base @gkaissisCaught ForceObjectDelete called by workers>base @gkaissisCaught ForceObjectDelete called by workers>base @gkaissisCaught ForceObjectDelete called by workers>base @gkaissisCaught ForceObjectDelete called by workers>base @gkaissisCaught ForceObjectDelete called by workers>base @gkaissisCaught ForceObjectDelete called by workers>base @gkaissisCaught ForceObjectDelete called by workers>base @gkaissisCaught ForceObjectDelete called by workers>base @gkaissisCaught ForceObjectDelete called by workers>base @gkaissisCaught ForceObjectDelete called by workers>base @gkaissisCaught ForceObjectDelete called by workers>base @gkaissisCaught ForceObjectDelete called by workers>base @gkaissisCaught ForceObjectDelete called by workers>base @gkaissisCaught ForceObjectDelete called by workers>base @gkaissisCaught ForceObjectDelete called by workers>base @gkaissisCaught ForceObjectDelete called by workers>base @gkaissisCaught ForceObjectDelete called by workers>base @gkaissisCaught ForceObjectDelete called by workers>base @gkaissisCaught ForceObjectDelete called by workers>base @gkaissisCaught ForceObjectDelete called by workers>base @gkaissisCaught ForceObjectDelete called by workers>base @gkaissisCaught ForceObjectDelete called by workers>base @gkaissisCaught ForceObjectDelete called by workers>base @gkaissisCaught ForceObjectDelete called by workers>base @gkaissisCaught ForceObjectDelete called by workers>base @gkaissisCaught ForceObjectDelete called by workers>base @gkaissisCaught ForceObjectDelete called by workers>base @gkaissisCaught ForceObjectDelete called by workers>base @gkaissisCaught ForceObjectDelete called by workers>base @gkaissisCaught ForceObjectDelete called by workers>base @gkaissisCaught ForceObjectDelete called by workers>base @gkaissisCaught ForceObjectDelete called by workers>base @gkaissisCaught ForceObjectDelete called by workers>base @gkaissisCaught ForceObjectDelete called by workers>base @gkaissisCaught ForceObjectDelete called by workers>base @gkaissisCaught ForceObjectDelete called by workers>base @gkaissisCaught ForceObjectDelete called by workers>base @gkaissisCaught ForceObjectDelete called by workers>base @gkaissisCaught ForceObjectDelete called by workers>base @gkaissisCaught ForceObjectDelete called by workers>base @gkaissisCaught ForceObjectDelete called by workers>base @gkaissisCaught ForceObjectDelete called by workers>base @gkaissisCaught ForceObjectDelete called by workers>base @gkaissisCaught ForceObjectDelete called by workers>base @gkaissisCaught ForceObjectDelete called by workers>base @gkaissisCaught ForceObjectDelete called by workers>base @gkaissisCaught ForceObjectDelete called by workers>base @gkaissisCaught ForceObjectDelete called by workers>base @gkaissisCaught ForceObjectDelete called by workers>base @gkaissisCaught ForceObjectDelete called by workers>base @gkaissisCaught ForceObjectDelete called by workers>base @gkaissisCaught ForceObjectDelete called by workers>base @gkaissisCaught ForceObjectDelete called by workers>base @gkaissisCaught ForceObjectDelete called by workers>base @gkaissisCaught ForceObjectDelete called by workers>base @gkaissisCaught ForceObjectDelete called by workers>base @gkaissisCaught ForceObjectDelete called by workers>base @gkaissisCaught ForceObjectDelete called by workers>base @gkaissisCaught ForceObjectDelete called by workers>base @gkaissisCaught ForceObjectDelete called by workers>base @gkaissisCaught ForceObjectDelete called by workers>base @gkaissisCaught ForceObjectDelete called by workers>base @gkaissisCaught ForceObjectDelete called by workers>base @gkaissisCaught ForceObjectDelete called by workers>base @gkaissisCaught ForceObjectDelete called by workers>base @gkaissisCaught ForceObjectDelete called by workers>base @gkaissisCaught ForceObjectDelete called by workers>base @gkaissisCaught ForceObjectDelete called by workers>base @gkaissisCaught ForceObjectDelete called by workers>base @gkaissisCaught ForceObjectDelete called by workers>base @gkaissisCaught ForceObjectDelete called by workers>base @gkaissisCaught ForceObjectDelete called by workers>base @gkaissisCaught ForceObjectDelete called by workers>base @gkaissisCaught ForceObjectDelete called by workers>base @gkaissisCaught ForceObjectDelete called by workers>base @gkaissisCaught ForceObjectDelete called by workers>base @gkaissisCaught ForceObjectDelete called by workers>base @gkaissisCaught ForceObjectDelete called by workers>base @gkaissisCaught ForceObjectDelete called by workers>base @gkaissisCaught ForceObjectDelete called by workers>base @gkaissisCaught ForceObjectDelete called by workers>base @gkaissisCaught ForceObjectDelete called by workers>base @gkaissisCaught ForceObjectDelete called by workers>base @gkaissisCaught ForceObjectDelete called by workers>base @gkaissisCaught ForceObjectDelete called by workers>base @gkaissisCaught ForceObjectDelete called by workers>base @gkaissisCaught ForceObjectDelete called by workers>base @gkaissisCaught ForceObjectDelete called by workers>base @gkaissisCaught ForceObjectDelete called by workers>base @gkaissisCaught ForceObjectDelete called by workers>base @gkaissisCaught ForceObjectDelete called by workers>base @gkaissisCaught ForceObjectDelete called by workers>base @gkaissisCaught ForceObjectDelete called by workers>base @gkaissisCaught ForceObjectDelete called by workers>base @gkaissisCaught ForceObjectDelete called by workers>base @gkaissisCaught ForceObjectDelete called by workers>base @gkaissisCaught ForceObjectDelete called by workers>base @gkaissisCaught ForceObjectDelete called by workers>base @gkaissisCaught ForceObjectDelete called by workers>base @gkaissisCaught ForceObjectDelete called by workers>base @gkaissisCaught ForceObjectDelete called by workers>base @gkaissisCaught ForceObjectDelete called by workers>base @gkaissisCaught ForceObjectDelete called by workers>base @gkaissisCaught ForceObjectDelete called by workers>base @gkaissisCaught ForceObjectDelete called by workers>base @gkaissisCaught ForceObjectDelete called by workers>base @gkaissisCaught ForceObjectDelete called by workers>base @gkaissisCaught ForceObjectDelete called by workers>base @gkaissisCaught ForceObjectDelete called by workers>base @gkaissisCaught ForceObjectDelete called by workers>base @gkaissisCaught ForceObjectDelete called by workers>base @gkaissisCaught ForceObjectDelete called by workers>base @gkaissisCaught ForceObjectDelete called by workers>base @gkaissisCaught ForceObjectDelete called by workers>base @gkaissisCaught ForceObjectDelete called by workers>base @gkaissisCaught ForceObjectDelete called by workers>base @gkaissisCaught ForceObjectDelete called by workers>base @gkaissisCaught ForceObjectDelete called by workers>base @gkaissisCaught ForceObjectDelete called by workers>base @gkaissisCaught ForceObjectDelete called by workers>base @gkaissisCaught ForceObjectDelete called by workers>base @gkaissisCaught ForceObjectDelete called by workers>base @gkaissisCaught ForceObjectDelete called by workers>base @gkaissisCaught ForceObjectDelete called by workers>base @gkaissisCaught ForceObjectDelete called by workers>base @gkaissisCaught ForceObjectDelete called by workers>base @gkaissisCaught ForceObjectDelete called by workers>base @gkaissisCaught ForceObjectDelete called by workers>base @gkaissisCaught ForceObjectDelete called by workers>base @gkaissisCaught ForceObjectDelete called by workers>base @gkaissisCaught ForceObjectDelete called by workers>base @gkaissisCaught ForceObjectDelete called by workers>base @gkaissisCaught ForceObjectDelete called by workers>base @gkaissisCaught ForceObjectDelete called by workers>base @gkaissisCaught ForceObjectDelete called by workers>base @gkaissisCaught ForceObjectDelete called by workers>base @gkaissisCaught ForceObjectDelete called by workers>base @gkaissisCaught ForceObjectDelete called by workers>base @gkaissisCaught ForceObjectDelete called by workers>base @gkaissisCaught ForceObjectDelete called by workers>base @gkaissisCaught ForceObjectDelete called by workers>base @gkaissisCaught ForceObjectDelete called by workers>base @gkaissisCaught ForceObjectDelete called by workers>base @gkaissisCaught ForceObjectDelete called by workers>base @gkaissisCaught ForceObjectDelete called by workers>base @gkaissisCaught ForceObjectDelete called by workers>base @gkaissisCaught ForceObjectDelete called by workers>base @gkaissisCaught ForceObjectDelete called by workers>base @gkaissisCaught ForceObjectDelete called by workers>base @gkaissisCaught ForceObjectDelete called by workers>base @gkaissisCaught ForceObjectDelete called by workers>base @gkaissisCaught ForceObjectDelete called by workers>base @gkaissisCaught ForceObjectDelete called by workers>base @gkaissisCaught ForceObjectDelete called by workers>base @gkaissisCaught ForceObjectDelete called by workers>base @gkaissisCaught ForceObjectDelete called by workers>base @gkaissisCaught ForceObjectDelete called by workers>base @gkaissisCaught ForceObjectDelete called by workers>base @gkaissisCaught ForceObjectDelete called by workers>base @gkaissisCaught ForceObjectDelete called by workers>base @gkaissisCaught ForceObjectDelete called by workers>base @gkaissisCaught ForceObjectDelete called by workers>base @gkaissisCaught ForceObjectDelete called by workers>base @gkaissisCaught ForceObjectDelete called by workers>base @gkaissisCaught ForceObjectDelete called by workers>base @gkaissisCaught ForceObjectDelete called by workers>base @gkaissisCaught ForceObjectDelete called by workers>base @gkaissisCaught ForceObjectDelete called by workers>base @gkaissisCaught ForceObjectDelete called by workers>base @gkaissisCaught ForceObjectDelete called by workers>base @gkaissisCaught ForceObjectDelete called by workers>base @gkaissisCaught ForceObjectDelete called by workers>base @gkaissisCaught ForceObjectDelete called by workers>base @gkaissisCaught ForceObjectDelete called by workers>base @gkaissisCaught ForceObjectDelete called by workers>base @gkaissisCaught ForceObjectDelete called by workers>base @gkaissisCaught ForceObjectDelete called by workers>base @gkaissisCaught ForceObjectDelete called by workers>base @gkaissisCaught ForceObjectDelete called by workers>base @gkaissisCaught ForceObjectDelete called by workers>base @gkaissisCaught ForceObjectDelete called by workers>base @gkaissisCaught ForceObjectDelete called by workers>base @gkaissisCaught ForceObjectDelete called by workers>base @gkaissisCaught ForceObjectDelete called by workers>base @gkaissisCaught ForceObjectDelete called by workers>base @gkaissisCaught ForceObjectDelete called by workers>base @gkaissisCaught ForceObjectDelete called by workers>base @gkaissisCaught ForceObjectDelete called by workers>base @gkaissisCaught ForceObjectDelete called by workers>base @gkaissisCaught ForceObjectDelete called by workers>base @gkaissisCaught ForceObjectDelete called by workers>base @gkaissisCaught ForceObjectDelete called by workers>base @gkaissisCaught ForceObjectDelete called by workers>base @gkaissisCaught ForceObjectDelete called by workers>base @gkaissisCaught ForceObjectDelete called by workers>base @gkaissisCaught ForceObjectDelete called by workers>base @gkaissisCaught ForceObjectDelete called by workers>base @gkaissisCaught ForceObjectDelete called by workers>base @gkaissisCaught ForceObjectDelete called by workers>base @gkaissisCaught ForceObjectDelete called by workers>base @gkaissisCaught ForceObjectDelete called by workers>base @gkaissisCaught ForceObjectDelete called by workers>base @gkaissisCaught ForceObjectDelete called by workers>base @gkaissisCaught ForceObjectDelete called by workers>base @gkaissisCaught ForceObjectDelete called by workers>base @gkaissisCaught ForceObjectDelete called by workers>base @gkaissisCaught ForceObjectDelete called by workers>base @gkaissisCaught ForceObjectDelete called by workers>base @gkaissisCaught ForceObjectDelete called by workers>base @gkaissisCaught ForceObjectDelete called by workers>base @gkaissisCaught ForceObjectDelete called by workers>base @gkaissisCaught ForceObjectDelete called by workers>base @gkaissisCaught ForceObjectDelete called by workers>base @gkaissisCaught ForceObjectDelete called by workers>base @gkaissisCaught ForceObjectDelete called by workers>base @gkaissisCaught ForceObjectDelete called by workers>base @gkaissisCaught ForceObjectDelete called by workers>base @gkaissisCaught ForceObjectDelete called by workers>base @gkaissisCaught ForceObjectDelete called by workers>base @gkaissisCaught ForceObjectDelete called by workers>base @gkaissisCaught ForceObjectDelete called by workers>base @gkaissisCaught ForceObjectDelete called by workers>base @gkaissisCaught ForceObjectDelete called by workers>base @gkaissisCaught ForceObjectDelete called by workers>base @gkaissisCaught ForceObjectDelete called by workers>base @gkaissisCaught ForceObjectDelete called by workers>base @gkaissisCaught ForceObjectDelete called by workers>base @gkaissisCaught ForceObjectDelete called by workers>base @gkaissisCaught ForceObjectDelete called by workers>base @gkaissisCaught ForceObjectDelete called by workers>base @gkaissisCaught ForceObjectDelete called by workers>base @gkaissisCaught ForceObjectDelete called by workers>base @gkaissisCaught ForceObjectDelete called by workers>base @gkaissisCaught ForceObjectDelete called by workers>base @gkaissisCaught ForceObjectDelete called by workers>base @gkaissisCaught ForceObjectDelete called by workers>base @gkaissisCaught ForceObjectDelete called by workers>base @gkaissisCaught ForceObjectDelete called by workers>base @gkaissisCaught ForceObjectDelete called by workers>base @gkaissisCaught ForceObjectDelete called by workers>base @gkaissisCaught ForceObjectDelete called by workers>base @gkaissisCaught ForceObjectDelete called by workers>base @gkaissisCaught ForceObjectDelete called by workers>base @gkaissisCaught ForceObjectDelete called by workers>base @gkaissisCaught ForceObjectDelete called by workers>base @gkaissisCaught ForceObjectDelete called by workers>base @gkaissisCaught ForceObjectDelete called by workers>base @gkaissisCaught ForceObjectDelete called by workers>base @gkaissisCaught ForceObjectDelete called by workers>base @gkaissisCaught ForceObjectDelete called by workers>base @gkaissisCaught ForceObjectDelete called by workers>base @gkaissisCaught ForceObjectDelete called by workers>base @gkaissisCaught ForceObjectDelete called by workers>base @gkaissisCaught ForceObjectDelete called by workers>base @gkaissisCaught ForceObjectDelete called by workers>base @gkaissisCaught ForceObjectDelete called by workers>base @gkaissisCaught ForceObjectDelete called by workers>base @gkaissisCaught ForceObjectDelete called by workers>base @gkaissisCaught ForceObjectDelete called by workers>base @gkaissisCaught ForceObjectDelete called by workers>base @gkaissisCaught ForceObjectDelete called by workers>base @gkaissisCaught ForceObjectDelete called by workers>base @gkaissisCaught ForceObjectDelete called by workers>base @gkaissisCaught ForceObjectDelete called by workers>base @gkaissisCaught ForceObjectDelete called by workers>base @gkaissisCaught ForceObjectDelete called by workers>base @gkaissisCaught ForceObjectDelete called by workers>base @gkaissisCaught ForceObjectDelete called by workers>base @gkaissisCaught ForceObjectDelete called by workers>base @gkaissisCaught ForceObjectDelete called by workers>base @gkaissisCaught ForceObjectDelete called by workers>base @gkaissisCaught ForceObjectDelete called by workers>base @gkaissisCaught ForceObjectDelete called by workers>base @gkaissisCaught ForceObjectDelete called by workers>base @gkaissisCaught ForceObjectDelete called by workers>base @gkaissisCaught ForceObjectDelete called by workers>base @gkaissisCaught ForceObjectDelete called by workers>base @gkaissisCaught ForceObjectDelete called by workers>base @gkaissisCaught ForceObjectDelete called by workers>base @gkaissisCaught ForceObjectDelete called by workers>base @gkaissisCaught ForceObjectDelete called by workers>base @gkaissisCaught ForceObjectDelete called by workers>base @gkaissisCaught ForceObjectDelete called by workers>base @gkaissisCaught ForceObjectDelete called by workers>base @gkaissisCaught ForceObjectDelete called by workers>base @gkaissisCaught ForceObjectDelete called by workers>base @gkaissisCaught ForceObjectDelete called by workers>base @gkaissisCaught ForceObjectDelete called by workers>base @gkaissisCaught ForceObjectDelete called by workers>base @gkaissisCaught ForceObjectDelete called by workers>base @gkaissisCaught ForceObjectDelete called by workers>base @gkaissisCaught ForceObjectDelete called by workers>base @gkaissisCaught ForceObjectDelete called by workers>base @gkaissisCaught ForceObjectDelete called by workers>base @gkaissisCaught ForceObjectDelete called by workers>base @gkaissisCaught ForceObjectDelete called by workers>base @gkaissisCaught ForceObjectDelete called by workers>base @gkaissisCaught ForceObjectDelete called by workers>base @gkaissisCaught ForceObjectDelete called by workers>base @gkaissisCaught ForceObjectDelete called by workers>base @gkaissisCaught ForceObjectDelete called by workers>base @gkaissisCaught ForceObjectDelete called by workers>base @gkaissisCaught ForceObjectDelete called by workers>base @gkaissisCaught ForceObjectDelete called by workers>base @gkaissisCaught ForceObjectDelete called by workers>base @gkaissisCaught ForceObjectDelete called by workers>base @gkaissisCaught ForceObjectDelete called by workers>base @gkaissisCaught ForceObjectDelete called by workers>base @gkaissisCaught ForceObjectDelete called by workers>base @gkaissisCaught ForceObjectDelete called by workers>base @gkaissisCaught ForceObjectDelete called by workers>base @gkaissisCaught ForceObjectDelete called by workers>base @gkaissisCaught ForceObjectDelete called by workers>base @gkaissisCaught ForceObjectDelete called by workers>base @gkaissisCaught ForceObjectDelete called by workers>base @gkaissisCaught ForceObjectDelete called by workers>base @gkaissisCaught ForceObjectDelete called by workers>base @gkaissisCaught ForceObjectDelete called by workers>base @gkaissisCaught ForceObjectDelete called by workers>base @gkaissisCaught ForceObjectDelete called by workers>base @gkaissisCaught ForceObjectDelete called by workers>base @gkaissisCaught ForceObjectDelete called by workers>base @gkaissisCaught ForceObjectDelete called by workers>base @gkaissisCaught ForceObjectDelete called by workers>base @gkaissisCaught ForceObjectDelete called by workers>base @gkaissisCaught ForceObjectDelete called by workers>base @gkaissisCaught ForceObjectDelete called by workers>base @gkaissisCaught ForceObjectDelete called by workers>base @gkaissisCaught ForceObjectDelete called by workers>base @gkaissisCaught ForceObjectDelete called by workers>base @gkaissisCaught ForceObjectDelete called by workers>base @gkaissisCaught ForceObjectDelete called by workers>base @gkaissisCaught ForceObjectDelete called by workers>base @gkaissisCaught ForceObjectDelete called by workers>base @gkaissisCaught ForceObjectDelete called by workers>base @gkaissisCaught ForceObjectDelete called by workers>base @gkaissisCaught ForceObjectDelete called by workers>base @gkaissisCaught ForceObjectDelete called by workers>base @gkaissisCaught ForceObjectDelete called by workers>base @gkaissisCaught ForceObjectDelete called by workers>base @gkaissisCaught ForceObjectDelete called by workers>base @gkaissisCaught ForceObjectDelete called by workers>base @gkaissisCaught ForceObjectDelete called by workers>base @gkaissisCaught ForceObjectDelete called by workers>base @gkaissisCaught ForceObjectDelete called by workers>base @gkaissisCaught ForceObjectDelete called by workers>base @gkaissisCaught ForceObjectDelete called by workers>base @gkaissisCaught ForceObjectDelete called by workers>base @gkaissisCaught ForceObjectDelete called by workers>base @gkaissisCaught ForceObjectDelete called by workers>base @gkaissisCaught ForceObjectDelete called by workers>base @gkaissisCaught ForceObjectDelete called by workers>base @gkaissisCaught ForceObjectDelete called by workers>base @gkaissisCaught ForceObjectDelete called by workers>base @gkaissisCaught ForceObjectDelete called by workers>base @gkaissisCaught ForceObjectDelete called by workers>base @gkaissisCaught ForceObjectDelete called by workers>base @gkaissisCaught ForceObjectDelete called by workers>base @gkaissisCaught ForceObjectDelete called by workers>base @gkaissisCaught ForceObjectDelete called by workers>base @gkaissisCaught ForceObjectDelete called by workers>base @gkaissisCaught ForceObjectDelete called by workers>base @gkaissisCaught ForceObjectDelete called by workers>base @gkaissisCaught ForceObjectDelete called by workers>base @gkaissisCaught ForceObjectDelete called by workers>base @gkaissisCaught ForceObjectDelete called by workers>base @gkaissisCaught ForceObjectDelete called by workers>base @gkaissisCaught ForceObjectDelete called by workers>base @gkaissisCaught ForceObjectDelete called by workers>base @gkaissisCaught ForceObjectDelete called by workers>base @gkaissisCaught ForceObjectDelete called by workers>base @gkaissisCaught ForceObjectDelete called by workers>base @gkaissisCaught ForceObjectDelete called by workers>base @gkaissisCaught ForceObjectDelete called by workers>base @gkaissisCaught ForceObjectDelete called by workers>base @gkaissisCaught ForceObjectDelete called by workers>base @gkaissisCaught ForceObjectDelete called by workers>base @gkaissisCaught ForceObjectDelete called by workers>base @gkaissisCaught ForceObjectDelete called by workers>base @gkaissisCaught ForceObjectDelete called by workers>base @gkaissisCaught ForceObjectDelete called by workers>base @gkaissisCaught ForceObjectDelete called by workers>base @gkaissisCaught ForceObjectDelete called by workers>base @gkaissisCaught ForceObjectDelete called by workers>base @gkaissisCaught ForceObjectDelete called by workers>base @gkaissisCaught ForceObjectDelete called by workers>base @gkaissisCaught ForceObjectDelete called by workers>base @gkaissisCaught ForceObjectDelete called by workers>base @gkaissisCaught ForceObjectDelete called by workers>base @gkaissisCaught ForceObjectDelete called by workers>base @gkaissisCaught ForceObjectDelete called by workers>base @gkaissisCaught ForceObjectDelete called by workers>base @gkaissisCaught ForceObjectDelete called by workers>base @gkaissisCaught ForceObjectDelete called by workers>base @gkaissisCaught ForceObjectDelete called by workers>base @gkaissisCaught ForceObjectDelete called by workers>base @gkaissisCaught ForceObjectDelete called by workers>base @gkaissisCaught ForceObjectDelete called by workers>base @gkaissisCaught ForceObjectDelete called by workers>base @gkaissisCaught ForceObjectDelete called by workers>base @gkaissisCaught ForceObjectDelete called by workers>base @gkaissisCaught ForceObjectDelete called by workers>base @gkaissisCaught ForceObjectDelete called by workers>base @gkaissisCaught ForceObjectDelete called by workers>base @gkaissisCaught ForceObjectDelete called by workers>base @gkaissisCaught ForceObjectDelete called by workers>base @gkaissisCaught ForceObjectDelete called by workers>base @gkaissisCaught ForceObjectDelete called by workers>base @gkaissisCaught ForceObjectDelete called by workers>base @gkaissisCaught ForceObjectDelete called by workers>base @gkaissisCaught ForceObjectDelete called by workers>base @gkaissisCaught ForceObjectDelete called by workers>base @gkaissisCaught ForceObjectDelete called by workers>base @gkaissisCaught ForceObjectDelete called by workers>base @gkaissisCaught ForceObjectDelete called by workers>base @gkaissisCaught ForceObjectDelete called by workers>base @gkaissisCaught ForceObjectDelete called by workers>base @gkaissisCaught ForceObjectDelete called by workers>base @gkaissisCaught ForceObjectDelete called by workers>base @gkaissisCaught ForceObjectDelete called by workers>base @gkaissisCaught ForceObjectDelete called by workers>base @gkaissisCaught ForceObjectDelete called by workers>base @gkaissisCaught ForceObjectDelete called by workers>base @gkaissisCaught ForceObjectDelete called by workers>base @gkaissisCaught ForceObjectDelete called by workers>base @gkaissisCaught ForceObjectDelete called by workers>base @gkaissisCaught ForceObjectDelete called by workers>base @gkaissisCaught ForceObjectDelete called by workers>base @gkaissisCaught ForceObjectDelete called by workers>base @gkaissisCaught ForceObjectDelete called by workers>base @gkaissisCaught ForceObjectDelete called by workers>base @gkaissisCaught ForceObjectDelete called by workers>base @gkaissisCaught ForceObjectDelete called by workers>base @gkaissisCaught ForceObjectDelete called by workers>base @gkaissisCaught ForceObjectDelete called by workers>base @gkaissisCaught ForceObjectDelete called by workers>base @gkaissisCaught ForceObjectDelete called by workers>base @gkaissisCaught ForceObjectDelete called by workers>base @gkaissisCaught ForceObjectDelete called by workers>base @gkaissisCaught ForceObjectDelete called by workers>base @gkaissisCaught ForceObjectDelete called by workers>base @gkaissisCaught ForceObjectDelete called by workers>base @gkaissisCaught ForceObjectDelete called by workers>base @gkaissisCaught ForceObjectDelete called by workers>base @gkaissisCaught ForceObjectDelete called by workers>base @gkaissisCaught ForceObjectDelete called by workers>base @gkaissisCaught ForceObjectDelete called by workers>base @gkaissisCaught ForceObjectDelete called by workers>base @gkaissisCaught ForceObjectDelete called by workers>base @gkaissisCaught ForceObjectDelete called by workers>base @gkaissisCaught ForceObjectDelete called by workers>base @gkaissisCaught ForceObjectDelete called by workers>base @gkaissisCaught ForceObjectDelete called by workers>base @gkaissisCaught ForceObjectDelete called by workers>base @gkaissisCaught ForceObjectDelete called by workers>base @gkaissisCaught ForceObjectDelete called by workers>base @gkaissisCaught ForceObjectDelete called by workers>base @gkaissisCaught ForceObjectDelete called by workers>base @gkaissisCaught ForceObjectDelete called by workers>base @gkaissisCaught ForceObjectDelete called by workers>base @gkaissisCaught ForceObjectDelete called by workers>base @gkaissisCaught ForceObjectDelete called by workers>base @gkaissisCaught ForceObjectDelete called by workers>base @gkaissisCaught ForceObjectDelete called by workers>base @gkaissisCaught ForceObjectDelete called by workers>base @gkaissisCaught ForceObjectDelete called by workers>base @gkaissisCaught ForceObjectDelete called by workers>base @gkaissisCaught ForceObjectDelete called by workers>base @gkaissisCaught ForceObjectDelete called by workers>base @gkaissisCaught ForceObjectDelete called by workers>base @gkaissisCaught ForceObjectDelete called by workers>base @gkaissisCaught ForceObjectDelete called by workers>base @gkaissisCaught ForceObjectDelete called by workers>base @gkaissisCaught ForceObjectDelete called by workers>base @gkaissisCaught ForceObjectDelete called by workers>base @gkaissisCaught ForceObjectDelete called by workers>base @gkaissisCaught ForceObjectDelete called by workers>base @gkaissisCaught ForceObjectDelete called by workers>base @gkaissisCaught ForceObjectDelete called by workers>base @gkaissisCaught ForceObjectDelete called by workers>base @gkaissisCaught ForceObjectDelete called by workers>base @gkaissisCaught ForceObjectDelete called by workers>base @gkaissisCaught ForceObjectDelete called by workers>base @gkaissisCaught ForceObjectDelete called by workers>base @gkaissisCaught ForceObjectDelete called by workers>base @gkaissisCaught ForceObjectDelete called by workers>base @gkaissisCaught ForceObjectDelete called by workers>base @gkaissisCaught ForceObjectDelete called by workers>base @gkaissisCaught ForceObjectDelete called by workers>base @gkaissisCaught ForceObjectDelete called by workers>base @gkaissisCaught ForceObjectDelete called by workers>base @gkaissisCaught ForceObjectDelete called by workers>base @gkaissisCaught ForceObjectDelete called by workers>base @gkaissisCaught ForceObjectDelete called by workers>base @gkaissisCaught ForceObjectDelete called by workers>base @gkaissisCaught ForceObjectDelete called by workers>base @gkaissisCaught ForceObjectDelete called by workers>base @gkaissisCaught ForceObjectDelete called by workers>base @gkaissisCaught ForceObjectDelete called by workers>base @gkaissisCaught ForceObjectDelete called by workers>base @gkaissisCaught ForceObjectDelete called by workers>base @gkaissisCaught ForceObjectDelete called by workers>base @gkaissisCaught ForceObjectDelete called by workers>base @gkaissisCaught ForceObjectDelete called by workers>base @gkaissisCaught ForceObjectDelete called by workers>base @gkaissisCaught ForceObjectDelete called by workers>base @gkaissisCaught ForceObjectDelete called by workers>base @gkaissisCaught ForceObjectDelete called by workers>base @gkaissisCaught ForceObjectDelete called by workers>base @gkaissisCaught ForceObjectDelete called by workers>base @gkaissisCaught ForceObjectDelete called by workers>base @gkaissisCaught ForceObjectDelete called by workers>base @gkaissisCaught ForceObjectDelete called by workers>base @gkaissisCaught ForceObjectDelete called by workers>base @gkaissisCaught ForceObjectDelete called by workers>base @gkaissisCaught ForceObjectDelete called by workers>base @gkaissisCaught ForceObjectDelete called by workers>base @gkaissisCaught ForceObjectDelete called by workers>base @gkaissisde_register_obj called by generic>pointers>object_pointer @gkaissis
Train batch 0:  33%|███▎      | 1/3 [00:02<00:04,  2.14s/it]Caught ForceObjectDelete called by workers>base @gkaissisCaught ForceObjectDelete called by workers>base @gkaissisCaught ForceObjectDelete called by workers>base @gkaissisCaught ForceObjectDelete called by workers>base @gkaissisCaught ForceObjectDelete called by workers>base @gkaissisCaught ForceObjectDelete called by workers>base @gkaissisCaught ForceObjectDelete called by workers>base @gkaissisCaught ForceObjectDelete called by workers>base @gkaissisCaught ForceObjectDelete called by workers>base @gkaissisCaught ForceObjectDelete called by workers>base @gkaissisCaught ForceObjectDelete called by workers>base @gkaissisCaught ForceObjectDelete called by workers>base @gkaissisCaught ForceObjectDelete called by workers>base @gkaissisCaught ForceObjectDelete called by workers>base @gkaissisCaught ForceObjectDelete called by workers>base @gkaissisCaught ForceObjectDelete called by workers>base @gkaissisCaught ForceObjectDelete called by workers>base @gkaissisCaught ForceObjectDelete called by workers>base @gkaissisCaught ForceObjectDelete called by workers>base @gkaissisCaught ForceObjectDelete called by workers>base @gkaissisCaught ForceObjectDelete called by workers>base @gkaissisCaught ForceObjectDelete called by workers>base @gkaissisCaught ForceObjectDelete called by workers>base @gkaissisCaught ForceObjectDelete called by workers>base @gkaissisCaught ForceObjectDelete called by workers>base @gkaissisCaught ForceObjectDelete called by workers>base @gkaissisCaught ForceObjectDelete called by workers>base @gkaissisCaught ForceObjectDelete called by workers>base @gkaissisCaught ForceObjectDelete called by workers>base @gkaissisCaught ForceObjectDelete called by workers>base @gkaissisCaught ForceObjectDelete called by workers>base @gkaissisCaught ForceObjectDelete called by workers>base @gkaissisCaught ForceObjectDelete called by workers>base @gkaissisCaught ForceObjectDelete called by workers>base @gkaissisCaught ForceObjectDelete called by workers>base @gkaissisCaught ForceObjectDelete called by workers>base @gkaissisCaught ForceObjectDelete called by workers>base @gkaissisCaught ForceObjectDelete called by workers>base @gkaissisCaught ForceObjectDelete called by workers>base @gkaissisCaught ForceObjectDelete called by workers>base @gkaissisCaught ForceObjectDelete called by workers>base @gkaissisCaught ForceObjectDelete called by workers>base @gkaissisCaught ForceObjectDelete called by workers>base @gkaissisCaught ForceObjectDelete called by workers>base @gkaissisCaught ForceObjectDelete called by workers>base @gkaissisCaught ForceObjectDelete called by workers>base @gkaissisCaught ForceObjectDelete called by workers>base @gkaissisCaught ForceObjectDelete called by workers>base @gkaissisCaught ForceObjectDelete called by workers>base @gkaissisCaught ForceObjectDelete called by workers>base @gkaissisCaught ForceObjectDelete called by workers>base @gkaissisCaught ForceObjectDelete called by workers>base @gkaissisCaught ForceObjectDelete called by workers>base @gkaissisCaught ForceObjectDelete called by workers>base @gkaissisCaught ForceObjectDelete called by workers>base @gkaissisCaught ForceObjectDelete called by workers>base @gkaissisCaught ForceObjectDelete called by workers>base @gkaissisCaught ForceObjectDelete called by workers>base @gkaissisCaught ForceObjectDelete called by workers>base @gkaissisCaught ForceObjectDelete called by workers>base @gkaissisCaught ForceObjectDelete called by workers>base @gkaissisCaught ForceObjectDelete called by workers>base @gkaissisCaught ForceObjectDelete called by workers>base @gkaissisCaught ForceObjectDelete called by workers>base @gkaissisCaught ForceObjectDelete called by workers>base @gkaissisCaught ForceObjectDelete called by workers>base @gkaissisCaught ForceObjectDelete called by workers>base @gkaissisCaught ForceObjectDelete called by workers>base @gkaissisCaught ForceObjectDelete called by workers>base @gkaissisCaught ForceObjectDelete called by workers>base @gkaissisCaught ForceObjectDelete called by workers>base @gkaissisCaught ForceObjectDelete called by workers>base @gkaissisCaught ForceObjectDelete called by workers>base @gkaissisCaught ForceObjectDelete called by workers>base @gkaissisCaught ForceObjectDelete called by workers>base @gkaissisCaught ForceObjectDelete called by workers>base @gkaissisCaught ForceObjectDelete called by workers>base @gkaissisCaught ForceObjectDelete called by workers>base @gkaissisCaught ForceObjectDelete called by workers>base @gkaissisCaught ForceObjectDelete called by workers>base @gkaissisCaught ForceObjectDelete called by workers>base @gkaissisCaught ForceObjectDelete called by workers>base @gkaissisCaught ForceObjectDelete called by workers>base @gkaissisCaught ForceObjectDelete called by workers>base @gkaissisCaught ForceObjectDelete called by workers>base @gkaissisCaught ForceObjectDelete called by workers>base @gkaissisCaught ForceObjectDelete called by workers>base @gkaissisCaught ForceObjectDelete called by workers>base @gkaissisCaught ForceObjectDelete called by workers>base @gkaissisCaught ForceObjectDelete called by workers>base @gkaissisCaught ForceObjectDelete called by workers>base @gkaissisCaught ForceObjectDelete called by workers>base @gkaissisCaught ForceObjectDelete called by workers>base @gkaissisCaught ForceObjectDelete called by workers>base @gkaissisCaught ForceObjectDelete called by workers>base @gkaissisCaught ForceObjectDelete called by workers>base @gkaissisCaught ForceObjectDelete called by workers>base @gkaissisCaught ForceObjectDelete called by workers>base @gkaissisCaught ForceObjectDelete called by workers>base @gkaissisCaught ForceObjectDelete called by workers>base @gkaissisCaught ForceObjectDelete called by workers>base @gkaissisCaught ForceObjectDelete called by workers>base @gkaissisCaught ForceObjectDelete called by workers>base @gkaissisCaught ForceObjectDelete called by workers>base @gkaissisCaught ForceObjectDelete called by workers>base @gkaissisCaught ForceObjectDelete called by workers>base @gkaissisCaught ForceObjectDelete called by workers>base @gkaissisCaught ForceObjectDelete called by workers>base @gkaissisCaught ForceObjectDelete called by workers>base @gkaissisCaught ForceObjectDelete called by workers>base @gkaissisCaught ForceObjectDelete called by workers>base @gkaissisCaught ForceObjectDelete called by workers>base @gkaissisCaught ForceObjectDelete called by workers>base @gkaissisCaught ForceObjectDelete called by workers>base @gkaissisCaught ForceObjectDelete called by workers>base @gkaissisCaught ForceObjectDelete called by workers>base @gkaissisCaught ForceObjectDelete called by workers>base @gkaissisCaught ForceObjectDelete called by workers>base @gkaissisCaught ForceObjectDelete called by workers>base @gkaissisCaught ForceObjectDelete called by workers>base @gkaissisCaught ForceObjectDelete called by workers>base @gkaissisCaught ForceObjectDelete called by workers>base @gkaissisCaught ForceObjectDelete called by workers>base @gkaissisCaught ForceObjectDelete called by workers>base @gkaissisCaught ForceObjectDelete called by workers>base @gkaissisCaught ForceObjectDelete called by workers>base @gkaissisCaught ForceObjectDelete called by workers>base @gkaissisCaught ForceObjectDelete called by workers>base @gkaissisCaught ForceObjectDelete called by workers>base @gkaissisCaught ForceObjectDelete called by workers>base @gkaissisCaught ForceObjectDelete called by workers>base @gkaissisCaught ForceObjectDelete called by workers>base @gkaissisCaught ForceObjectDelete called by workers>base @gkaissisCaught ForceObjectDelete called by workers>base @gkaissisCaught ForceObjectDelete called by workers>base @gkaissisCaught ForceObjectDelete called by workers>base @gkaissisCaught ForceObjectDelete called by workers>base @gkaissisCaught ForceObjectDelete called by workers>base @gkaissisCaught ForceObjectDelete called by workers>base @gkaissisCaught ForceObjectDelete called by workers>base @gkaissisCaught ForceObjectDelete called by workers>base @gkaissisCaught ForceObjectDelete called by workers>base @gkaissisCaught ForceObjectDelete called by workers>base @gkaissisCaught ForceObjectDelete called by workers>base @gkaissisCaught ForceObjectDelete called by workers>base @gkaissisCaught ForceObjectDelete called by workers>base @gkaissisCaught ForceObjectDelete called by workers>base @gkaissisCaught ForceObjectDelete called by workers>base @gkaissisCaught ForceObjectDelete called by workers>base @gkaissisCaught ForceObjectDelete called by workers>base @gkaissisCaught ForceObjectDelete called by workers>base @gkaissisCaught ForceObjectDelete called by workers>base @gkaissisCaught ForceObjectDelete called by workers>base @gkaissisCaught ForceObjectDelete called by workers>base @gkaissisCaught ForceObjectDelete called by workers>base @gkaissisCaught ForceObjectDelete called by workers>base @gkaissisCaught ForceObjectDelete called by workers>base @gkaissisCaught ForceObjectDelete called by workers>base @gkaissisCaught ForceObjectDelete called by workers>base @gkaissisCaught ForceObjectDelete called by workers>base @gkaissisCaught ForceObjectDelete called by workers>base @gkaissisCaught ForceObjectDelete called by workers>base @gkaissisCaught ForceObjectDelete called by workers>base @gkaissisCaught ForceObjectDelete called by workers>base @gkaissisCaught ForceObjectDelete called by workers>base @gkaissisCaught ForceObjectDelete called by workers>base @gkaissisCaught ForceObjectDelete called by workers>base @gkaissisCaught ForceObjectDelete called by workers>base @gkaissisCaught ForceObjectDelete called by workers>base @gkaissisCaught ForceObjectDelete called by workers>base @gkaissisCaught ForceObjectDelete called by workers>base @gkaissisCaught ForceObjectDelete called by workers>base @gkaissisCaught ForceObjectDelete called by workers>base @gkaissisCaught ForceObjectDelete called by workers>base @gkaissisCaught ForceObjectDelete called by workers>base @gkaissisCaught ForceObjectDelete called by workers>base @gkaissisCaught ForceObjectDelete called by workers>base @gkaissisCaught ForceObjectDelete called by workers>base @gkaissisCaught ForceObjectDelete called by workers>base @gkaissisCaught ForceObjectDelete called by workers>base @gkaissisCaught ForceObjectDelete called by workers>base @gkaissisCaught ForceObjectDelete called by workers>base @gkaissisCaught ForceObjectDelete called by workers>base @gkaissisCaught ForceObjectDelete called by workers>base @gkaissisCaught ForceObjectDelete called by workers>base @gkaissisCaught ForceObjectDelete called by workers>base @gkaissisCaught ForceObjectDelete called by workers>base @gkaissisCaught ForceObjectDelete called by workers>base @gkaissisCaught ForceObjectDelete called by workers>base @gkaissisCaught ForceObjectDelete called by workers>base @gkaissisCaught ForceObjectDelete called by workers>base @gkaissisCaught ForceObjectDelete called by workers>base @gkaissisCaught ForceObjectDelete called by workers>base @gkaissisCaught ForceObjectDelete called by workers>base @gkaissisCaught ForceObjectDelete called by workers>base @gkaissisCaught ForceObjectDelete called by workers>base @gkaissisCaught ForceObjectDelete called by workers>base @gkaissisCaught ForceObjectDelete called by workers>base @gkaissisCaught ForceObjectDelete called by workers>base @gkaissisCaught ForceObjectDelete called by workers>base @gkaissisCaught ForceObjectDelete called by workers>base @gkaissisCaught ForceObjectDelete called by workers>base @gkaissisCaught ForceObjectDelete called by workers>base @gkaissisCaught ForceObjectDelete called by workers>base @gkaissisCaught ForceObjectDelete called by workers>base @gkaissisCaught ForceObjectDelete called by workers>base @gkaissisCaught ForceObjectDelete called by workers>base @gkaissisCaught ForceObjectDelete called by workers>base @gkaissisCaught ForceObjectDelete called by workers>base @gkaissisCaught ForceObjectDelete called by workers>base @gkaissisCaught ForceObjectDelete called by workers>base @gkaissisCaught ForceObjectDelete called by workers>base @gkaissisCaught ForceObjectDelete called by workers>base @gkaissisCaught ForceObjectDelete called by workers>base @gkaissisCaught ForceObjectDelete called by workers>base @gkaissisCaught ForceObjectDelete called by workers>base @gkaissisCaught ForceObjectDelete called by workers>base @gkaissisCaught ForceObjectDelete called by workers>base @gkaissisCaught ForceObjectDelete called by workers>base @gkaissisCaught ForceObjectDelete called by workers>base @gkaissisCaught ForceObjectDelete called by workers>base @gkaissisCaught ForceObjectDelete called by workers>base @gkaissisCaught ForceObjectDelete called by workers>base @gkaissisCaught ForceObjectDelete called by workers>base @gkaissisCaught ForceObjectDelete called by workers>base @gkaissisCaught ForceObjectDelete called by workers>base @gkaissisCaught ForceObjectDelete called by workers>base @gkaissisCaught ForceObjectDelete called by workers>base @gkaissisCaught ForceObjectDelete called by workers>base @gkaissisCaught ForceObjectDelete called by workers>base @gkaissisCaught ForceObjectDelete called by workers>base @gkaissisCaught ForceObjectDelete called by workers>base @gkaissisCaught ForceObjectDelete called by workers>base @gkaissisCaught ForceObjectDelete called by workers>base @gkaissisCaught ForceObjectDelete called by workers>base @gkaissisCaught ForceObjectDelete called by workers>base @gkaissisCaught ForceObjectDelete called by workers>base @gkaissisCaught ForceObjectDelete called by workers>base @gkaissisCaught ForceObjectDelete called by workers>base @gkaissisCaught ForceObjectDelete called by workers>base @gkaissisCaught ForceObjectDelete called by workers>base @gkaissisCaught ForceObjectDelete called by workers>base @gkaissisCaught ForceObjectDelete called by workers>base @gkaissisCaught ForceObjectDelete called by workers>base @gkaissisCaught ForceObjectDelete called by workers>base @gkaissisCaught ForceObjectDelete called by workers>base @gkaissisCaught ForceObjectDelete called by workers>base @gkaissisCaught ForceObjectDelete called by workers>base @gkaissisCaught ForceObjectDelete called by workers>base @gkaissisCaught ForceObjectDelete called by workers>base @gkaissisCaught ForceObjectDelete called by workers>base @gkaissisCaught ForceObjectDelete called by workers>base @gkaissisCaught ForceObjectDelete called by workers>base @gkaissisCaught ForceObjectDelete called by workers>base @gkaissisCaught ForceObjectDelete called by workers>base @gkaissisCaught ForceObjectDelete called by workers>base @gkaissisCaught ForceObjectDelete called by workers>base @gkaissisCaught ForceObjectDelete called by workers>base @gkaissisCaught ForceObjectDelete called by workers>base @gkaissisCaught ForceObjectDelete called by workers>base @gkaissisCaught ForceObjectDelete called by workers>base @gkaissisCaught ForceObjectDelete called by workers>base @gkaissisCaught ForceObjectDelete called by workers>base @gkaissisCaught ForceObjectDelete called by workers>base @gkaissisCaught ForceObjectDelete called by workers>base @gkaissisCaught ForceObjectDelete called by workers>base @gkaissisCaught ForceObjectDelete called by workers>base @gkaissisCaught ForceObjectDelete called by workers>base @gkaissisCaught ForceObjectDelete called by workers>base @gkaissisCaught ForceObjectDelete called by workers>base @gkaissisCaught ForceObjectDelete called by workers>base @gkaissisCaught ForceObjectDelete called by workers>base @gkaissisCaught ForceObjectDelete called by workers>base @gkaissisCaught ForceObjectDelete called by workers>base @gkaissisCaught ForceObjectDelete called by workers>base @gkaissisCaught ForceObjectDelete called by workers>base @gkaissisCaught ForceObjectDelete called by workers>base @gkaissisCaught ForceObjectDelete called by workers>base @gkaissisCaught ForceObjectDelete called by workers>base @gkaissisCaught ForceObjectDelete called by workers>base @gkaissisCaught ForceObjectDelete called by workers>base @gkaissisCaught ForceObjectDelete called by workers>base @gkaissisCaught ForceObjectDelete called by workers>base @gkaissisCaught ForceObjectDelete called by workers>base @gkaissisCaught ForceObjectDelete called by workers>base @gkaissisCaught ForceObjectDelete called by workers>base @gkaissisCaught ForceObjectDelete called by workers>base @gkaissisCaught ForceObjectDelete called by workers>base @gkaissisCaught ForceObjectDelete called by workers>base @gkaissisCaught ForceObjectDelete called by workers>base @gkaissisCaught ForceObjectDelete called by workers>base @gkaissisCaught ForceObjectDelete called by workers>base @gkaissisCaught ForceObjectDelete called by workers>base @gkaissisCaught ForceObjectDelete called by workers>base @gkaissisCaught ForceObjectDelete called by workers>base @gkaissisCaught ForceObjectDelete called by workers>base @gkaissisCaught ForceObjectDelete called by workers>base @gkaissisCaught ForceObjectDelete called by workers>base @gkaissisCaught ForceObjectDelete called by workers>base @gkaissisCaught ForceObjectDelete called by workers>base @gkaissisCaught ForceObjectDelete called by workers>base @gkaissisCaught ForceObjectDelete called by workers>base @gkaissisCaught ForceObjectDelete called by workers>base @gkaissisCaught ForceObjectDelete called by workers>base @gkaissisCaught ForceObjectDelete called by workers>base @gkaissisCaught ForceObjectDelete called by workers>base @gkaissisCaught ForceObjectDelete called by workers>base @gkaissisCaught ForceObjectDelete called by workers>base @gkaissisCaught ForceObjectDelete called by workers>base @gkaissisCaught ForceObjectDelete called by workers>base @gkaissisCaught ForceObjectDelete called by workers>base @gkaissisCaught ForceObjectDelete called by workers>base @gkaissisCaught ForceObjectDelete called by workers>base @gkaissisCaught ForceObjectDelete called by workers>base @gkaissisCaught ForceObjectDelete called by workers>base @gkaissisCaught ForceObjectDelete called by workers>base @gkaissisCaught ForceObjectDelete called by workers>base @gkaissisCaught ForceObjectDelete called by workers>base @gkaissisCaught ForceObjectDelete called by workers>base @gkaissisCaught ForceObjectDelete called by workers>base @gkaissisCaught ForceObjectDelete called by workers>base @gkaissisCaught ForceObjectDelete called by workers>base @gkaissisCaught ForceObjectDelete called by workers>base @gkaissisCaught ForceObjectDelete called by workers>base @gkaissisCaught ForceObjectDelete called by workers>base @gkaissisCaught ForceObjectDelete called by workers>base @gkaissisCaught ForceObjectDelete called by workers>base @gkaissisCaught ForceObjectDelete called by workers>base @gkaissisCaught ForceObjectDelete called by workers>base @gkaissisCaught ForceObjectDelete called by workers>base @gkaissisCaught ForceObjectDelete called by workers>base @gkaissisCaught ForceObjectDelete called by workers>base @gkaissisCaught ForceObjectDelete called by workers>base @gkaissisCaught ForceObjectDelete called by workers>base @gkaissisCaught ForceObjectDelete called by workers>base @gkaissisCaught ForceObjectDelete called by workers>base @gkaissisCaught ForceObjectDelete called by workers>base @gkaissisCaught ForceObjectDelete called by workers>base @gkaissisCaught ForceObjectDelete called by workers>base @gkaissisCaught ForceObjectDelete called by workers>base @gkaissisCaught ForceObjectDelete called by workers>base @gkaissisCaught ForceObjectDelete called by workers>base @gkaissisCaught ForceObjectDelete called by workers>base @gkaissisCaught ForceObjectDelete called by workers>base @gkaissisCaught ForceObjectDelete called by workers>base @gkaissisCaught ForceObjectDelete called by workers>base @gkaissisCaught ForceObjectDelete called by workers>base @gkaissisCaught ForceObjectDelete called by workers>base @gkaissisCaught ForceObjectDelete called by workers>base @gkaissisCaught ForceObjectDelete called by workers>base @gkaissisCaught ForceObjectDelete called by workers>base @gkaissisCaught ForceObjectDelete called by workers>base @gkaissisCaught ForceObjectDelete called by workers>base @gkaissisCaught ForceObjectDelete called by workers>base @gkaissisCaught ForceObjectDelete called by workers>base @gkaissisCaught ForceObjectDelete called by workers>base @gkaissisCaught ForceObjectDelete called by workers>base @gkaissisCaught ForceObjectDelete called by workers>base @gkaissisCaught ForceObjectDelete called by workers>base @gkaissisCaught ForceObjectDelete called by workers>base @gkaissisCaught ForceObjectDelete called by workers>base @gkaissisCaught ForceObjectDelete called by workers>base @gkaissisCaught ForceObjectDelete called by workers>base @gkaissisCaught ForceObjectDelete called by workers>base @gkaissisCaught ForceObjectDelete called by workers>base @gkaissisCaught ForceObjectDelete called by workers>base @gkaissisCaught ForceObjectDelete called by workers>base @gkaissisCaught ForceObjectDelete called by workers>base @gkaissisCaught ForceObjectDelete called by workers>base @gkaissisCaught ForceObjectDelete called by workers>base @gkaissisCaught ForceObjectDelete called by workers>base @gkaissisCaught ForceObjectDelete called by workers>base @gkaissisCaught ForceObjectDelete called by workers>base @gkaissisCaught ForceObjectDelete called by workers>base @gkaissisCaught ForceObjectDelete called by workers>base @gkaissisCaught ForceObjectDelete called by workers>base @gkaissisCaught ForceObjectDelete called by workers>base @gkaissisCaught ForceObjectDelete called by workers>base @gkaissisCaught ForceObjectDelete called by workers>base @gkaissisCaught ForceObjectDelete called by workers>base @gkaissisCaught ForceObjectDelete called by workers>base @gkaissisCaught ForceObjectDelete called by workers>base @gkaissisCaught ForceObjectDelete called by workers>base @gkaissisCaught ForceObjectDelete called by workers>base @gkaissisCaught ForceObjectDelete called by workers>base @gkaissisCaught ForceObjectDelete called by workers>base @gkaissisCaught ForceObjectDelete called by workers>base @gkaissisCaught ForceObjectDelete called by workers>base @gkaissisCaught ForceObjectDelete called by workers>base @gkaissisCaught ForceObjectDelete called by workers>base @gkaissisCaught ForceObjectDelete called by workers>base @gkaissisCaught ForceObjectDelete called by workers>base @gkaissisCaught ForceObjectDelete called by workers>base @gkaissisCaught ForceObjectDelete called by workers>base @gkaissisCaught ForceObjectDelete called by workers>base @gkaissisCaught ForceObjectDelete called by workers>base @gkaissisCaught ForceObjectDelete called by workers>base @gkaissisCaught ForceObjectDelete called by workers>base @gkaissisCaught ForceObjectDelete called by workers>base @gkaissisCaught ForceObjectDelete called by workers>base @gkaissisCaught ForceObjectDelete called by workers>base @gkaissisCaught ForceObjectDelete called by workers>base @gkaissisCaught ForceObjectDelete called by workers>base @gkaissisCaught ForceObjectDelete called by workers>base @gkaissisCaught ForceObjectDelete called by workers>base @gkaissisCaught ForceObjectDelete called by workers>base @gkaissisCaught ForceObjectDelete called by workers>base @gkaissisCaught ForceObjectDelete called by workers>base @gkaissisCaught ForceObjectDelete called by workers>base @gkaissisCaught ForceObjectDelete called by workers>base @gkaissisCaught ForceObjectDelete called by workers>base @gkaissisCaught ForceObjectDelete called by workers>base @gkaissisCaught ForceObjectDelete called by workers>base @gkaissisCaught ForceObjectDelete called by workers>base @gkaissisCaught ForceObjectDelete called by workers>base @gkaissisCaught ForceObjectDelete called by workers>base @gkaissisCaught ForceObjectDelete called by workers>base @gkaissisCaught ForceObjectDelete called by workers>base @gkaissisCaught ForceObjectDelete called by workers>base @gkaissisCaught ForceObjectDelete called by workers>base @gkaissisCaught ForceObjectDelete called by workers>base @gkaissisCaught ForceObjectDelete called by workers>base @gkaissisCaught ForceObjectDelete called by workers>base @gkaissisCaught ForceObjectDelete called by workers>base @gkaissisCaught ForceObjectDelete called by workers>base @gkaissisCaught ForceObjectDelete called by workers>base @gkaissisCaught ForceObjectDelete called by workers>base @gkaissisCaught ForceObjectDelete called by workers>base @gkaissisCaught ForceObjectDelete called by workers>base @gkaissisCaught ForceObjectDelete called by workers>base @gkaissisCaught ForceObjectDelete called by workers>base @gkaissisCaught ForceObjectDelete called by workers>base @gkaissisCaught ForceObjectDelete called by workers>base @gkaissisCaught ForceObjectDelete called by workers>base @gkaissisCaught ForceObjectDelete called by workers>base @gkaissisCaught ForceObjectDelete called by workers>base @gkaissisCaught ForceObjectDelete called by workers>base @gkaissisCaught ForceObjectDelete called by workers>base @gkaissisCaught ForceObjectDelete called by workers>base @gkaissisCaught ForceObjectDelete called by workers>base @gkaissisCaught ForceObjectDelete called by workers>base @gkaissisCaught ForceObjectDelete called by workers>base @gkaissisCaught ForceObjectDelete called by workers>base @gkaissisCaught ForceObjectDelete called by workers>base @gkaissisCaught ForceObjectDelete called by workers>base @gkaissisCaught ForceObjectDelete called by workers>base @gkaissisCaught ForceObjectDelete called by workers>base @gkaissisCaught ForceObjectDelete called by workers>base @gkaissisCaught ForceObjectDelete called by workers>base @gkaissisCaught ForceObjectDelete called by workers>base @gkaissisCaught ForceObjectDelete called by workers>base @gkaissisCaught ForceObjectDelete called by workers>base @gkaissisCaught ForceObjectDelete called by workers>base @gkaissisCaught ForceObjectDelete called by workers>base @gkaissisCaught ForceObjectDelete called by workers>base @gkaissisCaught ForceObjectDelete called by workers>base @gkaissisCaught ForceObjectDelete called by workers>base @gkaissisCaught ForceObjectDelete called by workers>base @gkaissisCaught ForceObjectDelete called by workers>base @gkaissisCaught ForceObjectDelete called by workers>base @gkaissisCaught ForceObjectDelete called by workers>base @gkaissisCaught ForceObjectDelete called by workers>base @gkaissisCaught ForceObjectDelete called by workers>base @gkaissisCaught ForceObjectDelete called by workers>base @gkaissisCaught ForceObjectDelete called by workers>base @gkaissisCaught ForceObjectDelete called by workers>base @gkaissisCaught ForceObjectDelete called by workers>base @gkaissisCaught ForceObjectDelete called by workers>base @gkaissisCaught ForceObjectDelete called by workers>base @gkaissisCaught ForceObjectDelete called by workers>base @gkaissisCaught ForceObjectDelete called by workers>base @gkaissisCaught ForceObjectDelete called by workers>base @gkaissisCaught ForceObjectDelete called by workers>base @gkaissisCaught ForceObjectDelete called by workers>base @gkaissisCaught ForceObjectDelete called by workers>base @gkaissisCaught ForceObjectDelete called by workers>base @gkaissisCaught ForceObjectDelete called by workers>base @gkaissisCaught ForceObjectDelete called by workers>base @gkaissisCaught ForceObjectDelete called by workers>base @gkaissisCaught ForceObjectDelete called by workers>base @gkaissisCaught ForceObjectDelete called by workers>base @gkaissisCaught ForceObjectDelete called by workers>base @gkaissisCaught ForceObjectDelete called by workers>base @gkaissisCaught ForceObjectDelete called by workers>base @gkaissisCaught ForceObjectDelete called by workers>base @gkaissisCaught ForceObjectDelete called by workers>base @gkaissisCaught ForceObjectDelete called by workers>base @gkaissisCaught ForceObjectDelete called by workers>base @gkaissisCaught ForceObjectDelete called by workers>base @gkaissisCaught ForceObjectDelete called by workers>base @gkaissisCaught ForceObjectDelete called by workers>base @gkaissisCaught ForceObjectDelete called by workers>base @gkaissisCaught ForceObjectDelete called by workers>base @gkaissisCaught ForceObjectDelete called by workers>base @gkaissisCaught ForceObjectDelete called by workers>base @gkaissisCaught ForceObjectDelete called by workers>base @gkaissisCaught ForceObjectDelete called by workers>base @gkaissisCaught ForceObjectDelete called by workers>base @gkaissisCaught ForceObjectDelete called by workers>base @gkaissisCaught ForceObjectDelete called by workers>base @gkaissisCaught ForceObjectDelete called by workers>base @gkaissisCaught ForceObjectDelete called by workers>base @gkaissisCaught ForceObjectDelete called by workers>base @gkaissisCaught ForceObjectDelete called by workers>base @gkaissisCaught ForceObjectDelete called by workers>base @gkaissisCaught ForceObjectDelete called by workers>base @gkaissisCaught ForceObjectDelete called by workers>base @gkaissisCaught ForceObjectDelete called by workers>base @gkaissisCaught ForceObjectDelete called by workers>base @gkaissisCaught ForceObjectDelete called by workers>base @gkaissisCaught ForceObjectDelete called by workers>base @gkaissisCaught ForceObjectDelete called by workers>base @gkaissisCaught ForceObjectDelete called by workers>base @gkaissisCaught ForceObjectDelete called by workers>base @gkaissisCaught ForceObjectDelete called by workers>base @gkaissisCaught ForceObjectDelete called by workers>base @gkaissisCaught ForceObjectDelete called by workers>base @gkaissisCaught ForceObjectDelete called by workers>base @gkaissisCaught ForceObjectDelete called by workers>base @gkaissisCaught ForceObjectDelete called by workers>base @gkaissisCaught ForceObjectDelete called by workers>base @gkaissisCaught ForceObjectDelete called by workers>base @gkaissisCaught ForceObjectDelete called by workers>base @gkaissisCaught ForceObjectDelete called by workers>base @gkaissisCaught ForceObjectDelete called by workers>base @gkaissisCaught ForceObjectDelete called by workers>base @gkaissisCaught ForceObjectDelete called by workers>base @gkaissisCaught ForceObjectDelete called by workers>base @gkaissisCaught ForceObjectDelete called by workers>base @gkaissisCaught ForceObjectDelete called by workers>base @gkaissisCaught ForceObjectDelete called by workers>base @gkaissisCaught ForceObjectDelete called by workers>base @gkaissisCaught ForceObjectDelete called by workers>base @gkaissisCaught ForceObjectDelete called by workers>base @gkaissisCaught ForceObjectDelete called by workers>base @gkaissisCaught ForceObjectDelete called by workers>base @gkaissisCaught ForceObjectDelete called by workers>base @gkaissisCaught ForceObjectDelete called by workers>base @gkaissisCaught ForceObjectDelete called by workers>base @gkaissisCaught ForceObjectDelete called by workers>base @gkaissisCaught ForceObjectDelete called by workers>base @gkaissisCaught ForceObjectDelete called by workers>base @gkaissisCaught ForceObjectDelete called by workers>base @gkaissisCaught ForceObjectDelete called by workers>base @gkaissisCaught ForceObjectDelete called by workers>base @gkaissisCaught ForceObjectDelete called by workers>base @gkaissisCaught ForceObjectDelete called by workers>base @gkaissisCaught ForceObjectDelete called by workers>base @gkaissisCaught ForceObjectDelete called by workers>base @gkaissisCaught ForceObjectDelete called by workers>base @gkaissisCaught ForceObjectDelete called by workers>base @gkaissisCaught ForceObjectDelete called by workers>base @gkaissisCaught ForceObjectDelete called by workers>base @gkaissisCaught ForceObjectDelete called by workers>base @gkaissisCaught ForceObjectDelete called by workers>base @gkaissisCaught ForceObjectDelete called by workers>base @gkaissisCaught ForceObjectDelete called by workers>base @gkaissisCaught ForceObjectDelete called by workers>base @gkaissisCaught ForceObjectDelete called by workers>base @gkaissisCaught ForceObjectDelete called by workers>base @gkaissisCaught ForceObjectDelete called by workers>base @gkaissisCaught ForceObjectDelete called by workers>base @gkaissisCaught ForceObjectDelete called by workers>base @gkaissisCaught ForceObjectDelete called by workers>base @gkaissisCaught ForceObjectDelete called by workers>base @gkaissisCaught ForceObjectDelete called by workers>base @gkaissisCaught ForceObjectDelete called by workers>base @gkaissisCaught ForceObjectDelete called by workers>base @gkaissisCaught ForceObjectDelete called by workers>base @gkaissisCaught ForceObjectDelete called by workers>base @gkaissisCaught ForceObjectDelete called by workers>base @gkaissisCaught ForceObjectDelete called by workers>base @gkaissisCaught ForceObjectDelete called by workers>base @gkaissisCaught ForceObjectDelete called by workers>base @gkaissisCaught ForceObjectDelete called by workers>base @gkaissisCaught ForceObjectDelete called by workers>base @gkaissisCaught ForceObjectDelete called by workers>base @gkaissisCaught ForceObjectDelete called by workers>base @gkaissisCaught ForceObjectDelete called by workers>base @gkaissisCaught ForceObjectDelete called by workers>base @gkaissisCaught ForceObjectDelete called by workers>base @gkaissisCaught ForceObjectDelete called by workers>base @gkaissisCaught ForceObjectDelete called by workers>base @gkaissisCaught ForceObjectDelete called by workers>base @gkaissisCaught ForceObjectDelete called by workers>base @gkaissisCaught ForceObjectDelete called by workers>base @gkaissisCaught ForceObjectDelete called by workers>base @gkaissisCaught ForceObjectDelete called by workers>base @gkaissisCaught ForceObjectDelete called by workers>base @gkaissisCaught ForceObjectDelete called by workers>base @gkaissisCaught ForceObjectDelete called by workers>base @gkaissisCaught ForceObjectDelete called by workers>base @gkaissisCaught ForceObjectDelete called by workers>base @gkaissisCaught ForceObjectDelete called by workers>base @gkaissisCaught ForceObjectDelete called by workers>base @gkaissisCaught ForceObjectDelete called by workers>base @gkaissisCaught ForceObjectDelete called by workers>base @gkaissisCaught ForceObjectDelete called by workers>base @gkaissisCaught ForceObjectDelete called by workers>base @gkaissisCaught ForceObjectDelete called by workers>base @gkaissisCaught ForceObjectDelete called by workers>base @gkaissisCaught ForceObjectDelete called by workers>base @gkaissisCaught ForceObjectDelete called by workers>base @gkaissisCaught ForceObjectDelete called by workers>base @gkaissisCaught ForceObjectDelete called by workers>base @gkaissisCaught ForceObjectDelete called by workers>base @gkaissisCaught ForceObjectDelete called by workers>base @gkaissisCaught ForceObjectDelete called by workers>base @gkaissisCaught ForceObjectDelete called by workers>base @gkaissisCaught ForceObjectDelete called by workers>base @gkaissisCaught ForceObjectDelete called by workers>base @gkaissisCaught ForceObjectDelete called by workers>base @gkaissisCaught ForceObjectDelete called by workers>base @gkaissisCaught ForceObjectDelete called by workers>base @gkaissisCaught ForceObjectDelete called by workers>base @gkaissisCaught ForceObjectDelete called by workers>base @gkaissisCaught ForceObjectDelete called by workers>base @gkaissisCaught ForceObjectDelete called by workers>base @gkaissisCaught ForceObjectDelete called by workers>base @gkaissisCaught ForceObjectDelete called by workers>base @gkaissisCaught ForceObjectDelete called by workers>base @gkaissisCaught ForceObjectDelete called by workers>base @gkaissisCaught ForceObjectDelete called by workers>base @gkaissisCaught ForceObjectDelete called by workers>base @gkaissisCaught ForceObjectDelete called by workers>base @gkaissisCaught ForceObjectDelete called by workers>base @gkaissisCaught ForceObjectDelete called by workers>base @gkaissisCaught ForceObjectDelete called by workers>base @gkaissisCaught ForceObjectDelete called by workers>base @gkaissisCaught ForceObjectDelete called by workers>base @gkaissisCaught ForceObjectDelete called by workers>base @gkaissisCaught ForceObjectDelete called by workers>base @gkaissisCaught ForceObjectDelete called by workers>base @gkaissisCaught ForceObjectDelete called by workers>base @gkaissisCaught ForceObjectDelete called by workers>base @gkaissisCaught ForceObjectDelete called by workers>base @gkaissisCaught ForceObjectDelete called by workers>base @gkaissisCaught ForceObjectDelete called by workers>base @gkaissisCaught ForceObjectDelete called by workers>base @gkaissisCaught ForceObjectDelete called by workers>base @gkaissisCaught ForceObjectDelete called by workers>base @gkaissisCaught ForceObjectDelete called by workers>base @gkaissisCaught ForceObjectDelete called by workers>base @gkaissisCaught ForceObjectDelete called by workers>base @gkaissisCaught ForceObjectDelete called by workers>base @gkaissisCaught ForceObjectDelete called by workers>base @gkaissisCaught ForceObjectDelete called by workers>base @gkaissisCaught ForceObjectDelete called by workers>base @gkaissisCaught ForceObjectDelete called by workers>base @gkaissisCaught ForceObjectDelete called by workers>base @gkaissisCaught ForceObjectDelete called by workers>base @gkaissisCaught ForceObjectDelete called by workers>base @gkaissisCaught ForceObjectDelete called by workers>base @gkaissisCaught ForceObjectDelete called by workers>base @gkaissisCaught ForceObjectDelete called by workers>base @gkaissisCaught ForceObjectDelete called by workers>base @gkaissisCaught ForceObjectDelete called by workers>base @gkaissisCaught ForceObjectDelete called by workers>base @gkaissisCaught ForceObjectDelete called by workers>base @gkaissisCaught ForceObjectDelete called by workers>base @gkaissisCaught ForceObjectDelete called by workers>base @gkaissisCaught ForceObjectDelete called by workers>base @gkaissisCaught ForceObjectDelete called by workers>base @gkaissisCaught ForceObjectDelete called by workers>base @gkaissisCaught ForceObjectDelete called by workers>base @gkaissisCaught ForceObjectDelete called by workers>base @gkaissisCaught ForceObjectDelete called by workers>base @gkaissisCaught ForceObjectDelete called by workers>base @gkaissisCaught ForceObjectDelete called by workers>base @gkaissisCaught ForceObjectDelete called by workers>base @gkaissisCaught ForceObjectDelete called by workers>base @gkaissisCaught ForceObjectDelete called by workers>base @gkaissisCaught ForceObjectDelete called by workers>base @gkaissisCaught ForceObjectDelete called by workers>base @gkaissisCaught ForceObjectDelete called by workers>base @gkaissisCaught ForceObjectDelete called by workers>base @gkaissisCaught ForceObjectDelete called by workers>base @gkaissisCaught ForceObjectDelete called by workers>base @gkaissisCaught ForceObjectDelete called by workers>base @gkaissisCaught ForceObjectDelete called by workers>base @gkaissisCaught ForceObjectDelete called by workers>base @gkaissisCaught ForceObjectDelete called by workers>base @gkaissisCaught ForceObjectDelete called by workers>base @gkaissisCaught ForceObjectDelete called by workers>base @gkaissisCaught ForceObjectDelete called by workers>base @gkaissisCaught ForceObjectDelete called by workers>base @gkaissisCaught ForceObjectDelete called by workers>base @gkaissisCaught ForceObjectDelete called by workers>base @gkaissisCaught ForceObjectDelete called by workers>base @gkaissisCaught ForceObjectDelete called by workers>base @gkaissisCaught ForceObjectDelete called by workers>base @gkaissisCaught ForceObjectDelete called by workers>base @gkaissisCaught ForceObjectDelete called by workers>base @gkaissisCaught ForceObjectDelete called by workers>base @gkaissisCaught ForceObjectDelete called by workers>base @gkaissisCaught ForceObjectDelete called by workers>base @gkaissisCaught ForceObjectDelete called by workers>base @gkaissisCaught ForceObjectDelete called by workers>base @gkaissisCaught ForceObjectDelete called by workers>base @gkaissisCaught ForceObjectDelete called by workers>base @gkaissisCaught ForceObjectDelete called by workers>base @gkaissisCaught ForceObjectDelete called by workers>base @gkaissisCaught ForceObjectDelete called by workers>base @gkaissisCaught ForceObjectDelete called by workers>base @gkaissisCaught ForceObjectDelete called by workers>base @gkaissisCaught ForceObjectDelete called by workers>base @gkaissisCaught ForceObjectDelete called by workers>base @gkaissisCaught ForceObjectDelete called by workers>base @gkaissisCaught ForceObjectDelete called by workers>base @gkaissisCaught ForceObjectDelete called by workers>base @gkaissisCaught ForceObjectDelete called by workers>base @gkaissisCaught ForceObjectDelete called by workers>base @gkaissisCaught ForceObjectDelete called by workers>base @gkaissisCaught ForceObjectDelete called by workers>base @gkaissisCaught ForceObjectDelete called by workers>base @gkaissisCaught ForceObjectDelete called by workers>base @gkaissisCaught ForceObjectDelete called by workers>base @gkaissisCaught ForceObjectDelete called by workers>base @gkaissisCaught ForceObjectDelete called by workers>base @gkaissisCaught ForceObjectDelete called by workers>base @gkaissisCaught ForceObjectDelete called by workers>base @gkaissisCaught ForceObjectDelete called by workers>base @gkaissisCaught ForceObjectDelete called by workers>base @gkaissisCaught ForceObjectDelete called by workers>base @gkaissisCaught ForceObjectDelete called by workers>base @gkaissisCaught ForceObjectDelete called by workers>base @gkaissisCaught ForceObjectDelete called by workers>base @gkaissisCaught ForceObjectDelete called by workers>base @gkaissisCaught ForceObjectDelete called by workers>base @gkaissisCaught ForceObjectDelete called by workers>base @gkaissisCaught ForceObjectDelete called by workers>base @gkaissisCaught ForceObjectDelete called by workers>base @gkaissisCaught ForceObjectDelete called by workers>base @gkaissisCaught ForceObjectDelete called by workers>base @gkaissisCaught ForceObjectDelete called by workers>base @gkaissisCaught ForceObjectDelete called by workers>base @gkaissisCaught ForceObjectDelete called by workers>base @gkaissisCaught ForceObjectDelete called by workers>base @gkaissisCaught ForceObjectDelete called by workers>base @gkaissisCaught ForceObjectDelete called by workers>base @gkaissisCaught ForceObjectDelete called by workers>base @gkaissisCaught ForceObjectDelete called by workers>base @gkaissisCaught ForceObjectDelete called by workers>base @gkaissisCaught ForceObjectDelete called by workers>base @gkaissisCaught ForceObjectDelete called by workers>base @gkaissisCaught ForceObjectDelete called by workers>base @gkaissisCaught ForceObjectDelete called by workers>base @gkaissisCaught ForceObjectDelete called by workers>base @gkaissisCaught ForceObjectDelete called by workers>base @gkaissisCaught ForceObjectDelete called by workers>base @gkaissisCaught ForceObjectDelete called by workers>base @gkaissisCaught ForceObjectDelete called by workers>base @gkaissisCaught ForceObjectDelete called by workers>base @gkaissisCaught ForceObjectDelete called by workers>base @gkaissisCaught ForceObjectDelete called by workers>base @gkaissisCaught ForceObjectDelete called by workers>base @gkaissisCaught ForceObjectDelete called by workers>base @gkaissisCaught ForceObjectDelete called by workers>base @gkaissisCaught ForceObjectDelete called by workers>base @gkaissisCaught ForceObjectDelete called by workers>base @gkaissisCaught ForceObjectDelete called by workers>base @gkaissisCaught ForceObjectDelete called by workers>base @gkaissisCaught ForceObjectDelete called by workers>base @gkaissisCaught ForceObjectDelete called by workers>base @gkaissisCaught ForceObjectDelete called by workers>base @gkaissisCaught ForceObjectDelete called by workers>base @gkaissisCaught ForceObjectDelete called by workers>base @gkaissisCaught ForceObjectDelete called by workers>base @gkaissisCaught ForceObjectDelete called by workers>base @gkaissisCaught ForceObjectDelete called by workers>base @gkaissisCaught ForceObjectDelete called by workers>base @gkaissisCaught ForceObjectDelete called by workers>base @gkaissisCaught ForceObjectDelete called by workers>base @gkaissisCaught ForceObjectDelete called by workers>base @gkaissisCaught ForceObjectDelete called by workers>base @gkaissisCaught ForceObjectDelete called by workers>base @gkaissisCaught ForceObjectDelete called by workers>base @gkaissisCaught ForceObjectDelete called by workers>base @gkaissisCaught ForceObjectDelete called by workers>base @gkaissisCaught ForceObjectDelete called by workers>base @gkaissisCaught ForceObjectDelete called by workers>base @gkaissisCaught ForceObjectDelete called by workers>base @gkaissisCaught ForceObjectDelete called by workers>base @gkaissisCaught ForceObjectDelete called by workers>base @gkaissisCaught ForceObjectDelete called by workers>base @gkaissisCaught ForceObjectDelete called by workers>base @gkaissisCaught ForceObjectDelete called by workers>base @gkaissisCaught ForceObjectDelete called by workers>base @gkaissisCaught ForceObjectDelete called by workers>base @gkaissisCaught ForceObjectDelete called by workers>base @gkaissisCaught ForceObjectDelete called by workers>base @gkaissisCaught ForceObjectDelete called by workers>base @gkaissisCaught ForceObjectDelete called by workers>base @gkaissisCaught ForceObjectDelete called by workers>base @gkaissisCaught ForceObjectDelete called by workers>base @gkaissisCaught ForceObjectDelete called by workers>base @gkaissisCaught ForceObjectDelete called by workers>base @gkaissisCaught ForceObjectDelete called by workers>base @gkaissisCaught ForceObjectDelete called by workers>base @gkaissisCaught ForceObjectDelete called by workers>base @gkaissisCaught ForceObjectDelete called by workers>base @gkaissisCaught ForceObjectDelete called by workers>base @gkaissisCaught ForceObjectDelete called by workers>base @gkaissisCaught ForceObjectDelete called by workers>base @gkaissisCaught ForceObjectDelete called by workers>base @gkaissisCaught ForceObjectDelete called by workers>base @gkaissisCaught ForceObjectDelete called by workers>base @gkaissisCaught ForceObjectDelete called by workers>base @gkaissisCaught ForceObjectDelete called by workers>base @gkaissisCaught ForceObjectDelete called by workers>base @gkaissisCaught ForceObjectDelete called by workers>base @gkaissisCaught ForceObjectDelete called by workers>base @gkaissisCaught ForceObjectDelete called by workers>base @gkaissisCaught ForceObjectDelete called by workers>base @gkaissisCaught ForceObjectDelete called by workers>base @gkaissisCaught ForceObjectDelete called by workers>base @gkaissisCaught ForceObjectDelete called by workers>base @gkaissisCaught ForceObjectDelete called by workers>base @gkaissisCaught ForceObjectDelete called by workers>base @gkaissisCaught ForceObjectDelete called by workers>base @gkaissisCaught ForceObjectDelete called by workers>base @gkaissisCaught ForceObjectDelete called by workers>base @gkaissisCaught ForceObjectDelete called by workers>base @gkaissisCaught ForceObjectDelete called by workers>base @gkaissisCaught ForceObjectDelete called by workers>base @gkaissisCaught ForceObjectDelete called by workers>base @gkaissisCaught ForceObjectDelete called by workers>base @gkaissisCaught ForceObjectDelete called by workers>base @gkaissisCaught ForceObjectDelete called by workers>base @gkaissisCaught ForceObjectDelete called by workers>base @gkaissisCaught ForceObjectDelete called by workers>base @gkaissisCaught ForceObjectDelete called by workers>base @gkaissisCaught ForceObjectDelete called by workers>base @gkaissisCaught ForceObjectDelete called by workers>base @gkaissisCaught ForceObjectDelete called by workers>base @gkaissisCaught ForceObjectDelete called by workers>base @gkaissisCaught ForceObjectDelete called by workers>base @gkaissisCaught ForceObjectDelete called by workers>base @gkaissisCaught ForceObjectDelete called by workers>base @gkaissisCaught ForceObjectDelete called by workers>base @gkaissisCaught ForceObjectDelete called by workers>base @gkaissisCaught ForceObjectDelete called by workers>base @gkaissisCaught ForceObjectDelete called by workers>base @gkaissisCaught ForceObjectDelete called by workers>base @gkaissisCaught ForceObjectDelete called by workers>base @gkaissisCaught ForceObjectDelete called by workers>base @gkaissisCaught ForceObjectDelete called by workers>base @gkaissisCaught ForceObjectDelete called by workers>base @gkaissisCaught ForceObjectDelete called by workers>base @gkaissisCaught ForceObjectDelete called by workers>base @gkaissisCaught ForceObjectDelete called by workers>base @gkaissisCaught ForceObjectDelete called by workers>base @gkaissisCaught ForceObjectDelete called by workers>base @gkaissisCaught ForceObjectDelete called by workers>base @gkaissisCaught ForceObjectDelete called by workers>base @gkaissisCaught ForceObjectDelete called by workers>base @gkaissisCaught ForceObjectDelete called by workers>base @gkaissisCaught ForceObjectDelete called by workers>base @gkaissisCaught ForceObjectDelete called by workers>base @gkaissisCaught ForceObjectDelete called by workers>base @gkaissisCaught ForceObjectDelete called by workers>base @gkaissisCaught ForceObjectDelete called by workers>base @gkaissisCaught ForceObjectDelete called by workers>base @gkaissisCaught ForceObjectDelete called by workers>base @gkaissisCaught ForceObjectDelete called by workers>base @gkaissisCaught ForceObjectDelete called by workers>base @gkaissisCaught ForceObjectDelete called by workers>base @gkaissisCaught ForceObjectDelete called by workers>base @gkaissisCaught ForceObjectDelete called by workers>base @gkaissisCaught ForceObjectDelete called by workers>base @gkaissisCaught ForceObjectDelete called by workers>base @gkaissisCaught ForceObjectDelete called by workers>base @gkaissisCaught ForceObjectDelete called by workers>base @gkaissisCaught ForceObjectDelete called by workers>base @gkaissisCaught ForceObjectDelete called by workers>base @gkaissisCaught ForceObjectDelete called by workers>base @gkaissisCaught ForceObjectDelete called by workers>base @gkaissisCaught ForceObjectDelete called by workers>base @gkaissisCaught ForceObjectDelete called by workers>base @gkaissisCaught ForceObjectDelete called by workers>base @gkaissisCaught ForceObjectDelete called by workers>base @gkaissisCaught ForceObjectDelete called by workers>base @gkaissisCaught ForceObjectDelete called by workers>base @gkaissisCaught ForceObjectDelete called by workers>base @gkaissisCaught ForceObjectDelete called by workers>base @gkaissisCaught ForceObjectDelete called by workers>base @gkaissisCaught ForceObjectDelete called by workers>base @gkaissisCaught ForceObjectDelete called by workers>base @gkaissisCaught ForceObjectDelete called by workers>base @gkaissisCaught ForceObjectDelete called by workers>base @gkaissisCaught ForceObjectDelete called by workers>base @gkaissisCaught ForceObjectDelete called by workers>base @gkaissisCaught ForceObjectDelete called by workers>base @gkaissisCaught ForceObjectDelete called by workers>base @gkaissisCaught ForceObjectDelete called by workers>base @gkaissisCaught ForceObjectDelete called by workers>base @gkaissisCaught ForceObjectDelete called by workers>base @gkaissisCaught ForceObjectDelete called by workers>base @gkaissisCaught ForceObjectDelete called by workers>base @gkaissisCaught ForceObjectDelete called by workers>base @gkaissisCaught ForceObjectDelete called by workers>base @gkaissisCaught ForceObjectDelete called by workers>base @gkaissisCaught ForceObjectDelete called by workers>base @gkaissisCaught ForceObjectDelete called by workers>base @gkaissisCaught ForceObjectDelete called by workers>base @gkaissisCaught ForceObjectDelete called by workers>base @gkaissisCaught ForceObjectDelete called by workers>base @gkaissisCaught ForceObjectDelete called by workers>base @gkaissisCaught ForceObjectDelete called by workers>base @gkaissisCaught ForceObjectDelete called by workers>base @gkaissisCaught ForceObjectDelete called by workers>base @gkaissisCaught ForceObjectDelete called by workers>base @gkaissisCaught ForceObjectDelete called by workers>base @gkaissisCaught ForceObjectDelete called by workers>base @gkaissisCaught ForceObjectDelete called by workers>base @gkaissisCaught ForceObjectDelete called by workers>base @gkaissisCaught ForceObjectDelete called by workers>base @gkaissisCaught ForceObjectDelete called by workers>base @gkaissisCaught ForceObjectDelete called by workers>base @gkaissisCaught ForceObjectDelete called by workers>base @gkaissisCaught ForceObjectDelete called by workers>base @gkaissisCaught ForceObjectDelete called by workers>base @gkaissisCaught ForceObjectDelete called by workers>base @gkaissisCaught ForceObjectDelete called by workers>base @gkaissisCaught ForceObjectDelete called by workers>base @gkaissisCaught ForceObjectDelete called by workers>base @gkaissisCaught ForceObjectDelete called by workers>base @gkaissisCaught ForceObjectDelete called by workers>base @gkaissisCaught ForceObjectDelete called by workers>base @gkaissisCaught ForceObjectDelete called by workers>base @gkaissisCaught ForceObjectDelete called by workers>base @gkaissisCaught ForceObjectDelete called by workers>base @gkaissisCaught ForceObjectDelete called by workers>base @gkaissisCaught ForceObjectDelete called by workers>base @gkaissisCaught ForceObjectDelete called by workers>base @gkaissisCaught ForceObjectDelete called by workers>base @gkaissisCaught ForceObjectDelete called by workers>base @gkaissisCaught ForceObjectDelete called by workers>base @gkaissisCaught ForceObjectDelete called by workers>base @gkaissisCaught ForceObjectDelete called by workers>base @gkaissisCaught ForceObjectDelete called by workers>base @gkaissisCaught ForceObjectDelete called by workers>base @gkaissisCaught ForceObjectDelete called by workers>base @gkaissisCaught ForceObjectDelete called by workers>base @gkaissisCaught ForceObjectDelete called by workers>base @gkaissisCaught ForceObjectDelete called by workers>base @gkaissisCaught ForceObjectDelete called by workers>base @gkaissisCaught ForceObjectDelete called by workers>base @gkaissisCaught ForceObjectDelete called by workers>base @gkaissisCaught ForceObjectDelete called by workers>base @gkaissisCaught ForceObjectDelete called by workers>base @gkaissisCaught ForceObjectDelete called by workers>base @gkaissisCaught ForceObjectDelete called by workers>base @gkaissisCaught ForceObjectDelete called by workers>base @gkaissisCaught ForceObjectDelete called by workers>base @gkaissisCaught ForceObjectDelete called by workers>base @gkaissisCaught ForceObjectDelete called by workers>base @gkaissisCaught ForceObjectDelete called by workers>base @gkaissisCaught ForceObjectDelete called by workers>base @gkaissisCaught ForceObjectDelete called by workers>base @gkaissisCaught ForceObjectDelete called by workers>base @gkaissisCaught ForceObjectDelete called by workers>base @gkaissisCaught ForceObjectDelete called by workers>base @gkaissisCaught ForceObjectDelete called by workers>base @gkaissisCaught ForceObjectDelete called by workers>base @gkaissisCaught ForceObjectDelete called by workers>base @gkaissisCaught ForceObjectDelete called by workers>base @gkaissisCaught ForceObjectDelete called by workers>base @gkaissisCaught ForceObjectDelete called by workers>base @gkaissisCaught ForceObjectDelete called by workers>base @gkaissisCaught ForceObjectDelete called by workers>base @gkaissisCaught ForceObjectDelete called by workers>base @gkaissisCaught ForceObjectDelete called by workers>base @gkaissisCaught ForceObjectDelete called by workers>base @gkaissisCaught ForceObjectDelete called by workers>base @gkaissisCaught ForceObjectDelete called by workers>base @gkaissisCaught ForceObjectDelete called by workers>base @gkaissisCaught ForceObjectDelete called by workers>base @gkaissisCaught ForceObjectDelete called by workers>base @gkaissisCaught ForceObjectDelete called by workers>base @gkaissisCaught ForceObjectDelete called by workers>base @gkaissisCaught ForceObjectDelete called by workers>base @gkaissisCaught ForceObjectDelete called by workers>base @gkaissisCaught ForceObjectDelete called by workers>base @gkaissisCaught ForceObjectDelete called by workers>base @gkaissisCaught ForceObjectDelete called by workers>base @gkaissisCaught ForceObjectDelete called by workers>base @gkaissisCaught ForceObjectDelete called by workers>base @gkaissisCaught ForceObjectDelete called by workers>base @gkaissisCaught ForceObjectDelete called by workers>base @gkaissisCaught ForceObjectDelete called by workers>base @gkaissisCaught ForceObjectDelete called by workers>base @gkaissisCaught ForceObjectDelete called by workers>base @gkaissisCaught ForceObjectDelete called by workers>base @gkaissisCaught ForceObjectDelete called by workers>base @gkaissisCaught ForceObjectDelete called by workers>base @gkaissisCaught ForceObjectDelete called by workers>base @gkaissisCaught ForceObjectDelete called by workers>base @gkaissisCaught ForceObjectDelete called by workers>base @gkaissisCaught ForceObjectDelete called by workers>base @gkaissisCaught ForceObjectDelete called by workers>base @gkaissisCaught ForceObjectDelete called by workers>base @gkaissisCaught ForceObjectDelete called by workers>base @gkaissisCaught ForceObjectDelete called by workers>base @gkaissisCaught ForceObjectDelete called by workers>base @gkaissisCaught ForceObjectDelete called by workers>base @gkaissisCaught ForceObjectDelete called by workers>base @gkaissisCaught ForceObjectDelete called by workers>base @gkaissisCaught ForceObjectDelete called by workers>base @gkaissisCaught ForceObjectDelete called by workers>base @gkaissisCaught ForceObjectDelete called by workers>base @gkaissisCaught ForceObjectDelete called by workers>base @gkaissisCaught ForceObjectDelete called by workers>base @gkaissisCaught ForceObjectDelete called by workers>base @gkaissisCaught ForceObjectDelete called by workers>base @gkaissisCaught ForceObjectDelete called by workers>base @gkaissisCaught ForceObjectDelete called by workers>base @gkaissisCaught ForceObjectDelete called by workers>base @gkaissisCaught ForceObjectDelete called by workers>base @gkaissisCaught ForceObjectDelete called by workers>base @gkaissisCaught ForceObjectDelete called by workers>base @gkaissisCaught ForceObjectDelete called by workers>base @gkaissisCaught ForceObjectDelete called by workers>base @gkaissisCaught ForceObjectDelete called by workers>base @gkaissisCaught ForceObjectDelete called by workers>base @gkaissisCaught ForceObjectDelete called by workers>base @gkaissisCaught ForceObjectDelete called by workers>base @gkaissisCaught ForceObjectDelete called by workers>base @gkaissisCaught ForceObjectDelete called by workers>base @gkaissisCaught ForceObjectDelete called by workers>base @gkaissisCaught ForceObjectDelete called by workers>base @gkaissisCaught ForceObjectDelete called by workers>base @gkaissisCaught ForceObjectDelete called by workers>base @gkaissisCaught ForceObjectDelete called by workers>base @gkaissisCaught ForceObjectDelete called by workers>base @gkaissisCaught ForceObjectDelete called by workers>base @gkaissisCaught ForceObjectDelete called by workers>base @gkaissisCaught ForceObjectDelete called by workers>base @gkaissisCaught ForceObjectDelete called by workers>base @gkaissisCaught ForceObjectDelete called by workers>base @gkaissisCaught ForceObjectDelete called by workers>base @gkaissisCaught ForceObjectDelete called by workers>base @gkaissisCaught ForceObjectDelete called by workers>base @gkaissisCaught ForceObjectDelete called by workers>base @gkaissisCaught ForceObjectDelete called by workers>base @gkaissisCaught ForceObjectDelete called by workers>base @gkaissisCaught ForceObjectDelete called by workers>base @gkaissisCaught ForceObjectDelete called by workers>base @gkaissisCaught ForceObjectDelete called by workers>base @gkaissisCaught ForceObjectDelete called by workers>base @gkaissisCaught ForceObjectDelete called by workers>base @gkaissisCaught ForceObjectDelete called by workers>base @gkaissisCaught ForceObjectDelete called by workers>base @gkaissisCaught ForceObjectDelete called by workers>base @gkaissisCaught ForceObjectDelete called by workers>base @gkaissisCaught ForceObjectDelete called by workers>base @gkaissisCaught ForceObjectDelete called by workers>base @gkaissisCaught ForceObjectDelete called by workers>base @gkaissisCaught ForceObjectDelete called by workers>base @gkaissisCaught ForceObjectDelete called by workers>base @gkaissisCaught ForceObjectDelete called by workers>base @gkaissisCaught ForceObjectDelete called by workers>base @gkaissisCaught ForceObjectDelete called by workers>base @gkaissisCaught ForceObjectDelete called by workers>base @gkaissisCaught ForceObjectDelete called by workers>base @gkaissisCaught ForceObjectDelete called by workers>base @gkaissisCaught ForceObjectDelete called by workers>base @gkaissisCaught ForceObjectDelete called by workers>base @gkaissisCaught ForceObjectDelete called by workers>base @gkaissisCaught ForceObjectDelete called by workers>base @gkaissisCaught ForceObjectDelete called by workers>base @gkaissisCaught ForceObjectDelete called by workers>base @gkaissisCaught ForceObjectDelete called by workers>base @gkaissisCaught ForceObjectDelete called by workers>base @gkaissisCaught ForceObjectDelete called by workers>base @gkaissisCaught ForceObjectDelete called by workers>base @gkaissisCaught ForceObjectDelete called by workers>base @gkaissisCaught ForceObjectDelete called by workers>base @gkaissisCaught ForceObjectDelete called by workers>base @gkaissisCaught ForceObjectDelete called by workers>base @gkaissisCaught ForceObjectDelete called by workers>base @gkaissisCaught ForceObjectDelete called by workers>base @gkaissisCaught ForceObjectDelete called by workers>base @gkaissisCaught ForceObjectDelete called by workers>base @gkaissisCaught ForceObjectDelete called by workers>base @gkaissisCaught ForceObjectDelete called by workers>base @gkaissisCaught ForceObjectDelete called by workers>base @gkaissisCaught ForceObjectDelete called by workers>base @gkaissisCaught ForceObjectDelete called by workers>base @gkaissisCaught ForceObjectDelete called by workers>base @gkaissisCaught ForceObjectDelete called by workers>base @gkaissisCaught ForceObjectDelete called by workers>base @gkaissisCaught ForceObjectDelete called by workers>base @gkaissisCaught ForceObjectDelete called by workers>base @gkaissisCaught ForceObjectDelete called by workers>base @gkaissisCaught ForceObjectDelete called by workers>base @gkaissisCaught ForceObjectDelete called by workers>base @gkaissisCaught ForceObjectDelete called by workers>base @gkaissisCaught ForceObjectDelete called by workers>base @gkaissisCaught ForceObjectDelete called by workers>base @gkaissisCaught ForceObjectDelete called by workers>base @gkaissisCaught ForceObjectDelete called by workers>base @gkaissisCaught ForceObjectDelete called by workers>base @gkaissisCaught ForceObjectDelete called by workers>base @gkaissisCaught ForceObjectDelete called by workers>base @gkaissisCaught ForceObjectDelete called by workers>base @gkaissisCaught ForceObjectDelete called by workers>base @gkaissisCaught ForceObjectDelete called by workers>base @gkaissisCaught ForceObjectDelete called by workers>base @gkaissisCaught ForceObjectDelete called by workers>base @gkaissisCaught ForceObjectDelete called by workers>base @gkaissisCaught ForceObjectDelete called by workers>base @gkaissisCaught ForceObjectDelete called by workers>base @gkaissisCaught ForceObjectDelete called by workers>base @gkaissisCaught ForceObjectDelete called by workers>base @gkaissisCaught ForceObjectDelete called by workers>base @gkaissisCaught ForceObjectDelete called by workers>base @gkaissisCaught ForceObjectDelete called by workers>base @gkaissisCaught ForceObjectDelete called by workers>base @gkaissisCaught ForceObjectDelete called by workers>base @gkaissisCaught ForceObjectDelete called by workers>base @gkaissisCaught ForceObjectDelete called by workers>base @gkaissisCaught ForceObjectDelete called by workers>base @gkaissisCaught ForceObjectDelete called by workers>base @gkaissisCaught ForceObjectDelete called by workers>base @gkaissisCaught ForceObjectDelete called by workers>base @gkaissisCaught ForceObjectDelete called by workers>base @gkaissisCaught ForceObjectDelete called by workers>base @gkaissisCaught ForceObjectDelete called by workers>base @gkaissisCaught ForceObjectDelete called by workers>base @gkaissisCaught ForceObjectDelete called by workers>base @gkaissisCaught ForceObjectDelete called by workers>base @gkaissisCaught ForceObjectDelete called by workers>base @gkaissisCaught ForceObjectDelete called by workers>base @gkaissisCaught ForceObjectDelete called by workers>base @gkaissisCaught ForceObjectDelete called by workers>base @gkaissisCaught ForceObjectDelete called by workers>base @gkaissisCaught ForceObjectDelete called by workers>base @gkaissisCaught ForceObjectDelete called by workers>base @gkaissisCaught ForceObjectDelete called by workers>base @gkaissisCaught ForceObjectDelete called by workers>base @gkaissisCaught ForceObjectDelete called by workers>base @gkaissisCaught ForceObjectDelete called by workers>base @gkaissisCaught ForceObjectDelete called by workers>base @gkaissisCaught ForceObjectDelete called by workers>base @gkaissisCaught ForceObjectDelete called by workers>base @gkaissisCaught ForceObjectDelete called by workers>base @gkaissisCaught ForceObjectDelete called by workers>base @gkaissisCaught ForceObjectDelete called by workers>base @gkaissisCaught ForceObjectDelete called by workers>base @gkaissisCaught ForceObjectDelete called by workers>base @gkaissisCaught ForceObjectDelete called by workers>base @gkaissisCaught ForceObjectDelete called by workers>base @gkaissisCaught ForceObjectDelete called by workers>base @gkaissisCaught ForceObjectDelete called by workers>base @gkaissisCaught ForceObjectDelete called by workers>base @gkaissisCaught ForceObjectDelete called by workers>base @gkaissisCaught ForceObjectDelete called by workers>base @gkaissisCaught ForceObjectDelete called by workers>base @gkaissisCaught ForceObjectDelete called by workers>base @gkaissisCaught ForceObjectDelete called by workers>base @gkaissisCaught ForceObjectDelete called by workers>base @gkaissisCaught ForceObjectDelete called by workers>base @gkaissisCaught ForceObjectDelete called by workers>base @gkaissisCaught ForceObjectDelete called by workers>base @gkaissisCaught ForceObjectDelete called by workers>base @gkaissisCaught ForceObjectDelete called by workers>base @gkaissisCaught ForceObjectDelete called by workers>base @gkaissisCaught ForceObjectDelete called by workers>base @gkaissisCaught ForceObjectDelete called by workers>base @gkaissisCaught ForceObjectDelete called by workers>base @gkaissisCaught ForceObjectDelete called by workers>base @gkaissisCaught ForceObjectDelete called by workers>base @gkaissisCaught ForceObjectDelete called by workers>base @gkaissisCaught ForceObjectDelete called by workers>base @gkaissisCaught ForceObjectDelete called by workers>base @gkaissisCaught ForceObjectDelete called by workers>base @gkaissisCaught ForceObjectDelete called by workers>base @gkaissisCaught ForceObjectDelete called by workers>base @gkaissisCaught ForceObjectDelete called by workers>base @gkaissisCaught ForceObjectDelete called by workers>base @gkaissisCaught ForceObjectDelete called by workers>base @gkaissisCaught ForceObjectDelete called by workers>base @gkaissisCaught ForceObjectDelete called by workers>base @gkaissisCaught ForceObjectDelete called by workers>base @gkaissisCaught ForceObjectDelete called by workers>base @gkaissisCaught ForceObjectDelete called by workers>base @gkaissisCaught ForceObjectDelete called by workers>base @gkaissisCaught ForceObjectDelete called by workers>base @gkaissisCaught ForceObjectDelete called by workers>base @gkaissisCaught ForceObjectDelete called by workers>base @gkaissisCaught ForceObjectDelete called by workers>base @gkaissisCaught ForceObjectDelete called by workers>base @gkaissisCaught ForceObjectDelete called by workers>base @gkaissisCaught ForceObjectDelete called by workers>base @gkaissisCaught ForceObjectDelete called by workers>base @gkaissisCaught ForceObjectDelete called by workers>base @gkaissisCaught ForceObjectDelete called by workers>base @gkaissisCaught ForceObjectDelete called by workers>base @gkaissisCaught ForceObjectDelete called by workers>base @gkaissisCaught ForceObjectDelete called by workers>base @gkaissisCaught ForceObjectDelete called by workers>base @gkaissisCaught ForceObjectDelete called by workers>base @gkaissisCaught ForceObjectDelete called by workers>base @gkaissisCaught ForceObjectDelete called by workers>base @gkaissisCaught ForceObjectDelete called by workers>base @gkaissisCaught ForceObjectDelete called by workers>base @gkaissisCaught ForceObjectDelete called by workers>base @gkaissisCaught ForceObjectDelete called by workers>base @gkaissisCaught ForceObjectDelete called by workers>base @gkaissisCaught ForceObjectDelete called by workers>base @gkaissisCaught ForceObjectDelete called by workers>base @gkaissisCaught ForceObjectDelete called by workers>base @gkaissisCaught ForceObjectDelete called by workers>base @gkaissisCaught ForceObjectDelete called by workers>base @gkaissisCaught ForceObjectDelete called by workers>base @gkaissisCaught ForceObjectDelete called by workers>base @gkaissisCaught ForceObjectDelete called by workers>base @gkaissisCaught ForceObjectDelete called by workers>base @gkaissisCaught ForceObjectDelete called by workers>base @gkaissisCaught ForceObjectDelete called by workers>base @gkaissisCaught ForceObjectDelete called by workers>base @gkaissisCaught ForceObjectDelete called by workers>base @gkaissisCaught ForceObjectDelete called by workers>base @gkaissisCaught ForceObjectDelete called by workers>base @gkaissisCaught ForceObjectDelete called by workers>base @gkaissisCaught ForceObjectDelete called by workers>base @gkaissisCaught ForceObjectDelete called by workers>base @gkaissisCaught ForceObjectDelete called by workers>base @gkaissisCaught ForceObjectDelete called by workers>base @gkaissisCaught ForceObjectDelete called by workers>base @gkaissisCaught ForceObjectDelete called by workers>base @gkaissisCaught ForceObjectDelete called by workers>base @gkaissisCaught ForceObjectDelete called by workers>base @gkaissisCaught ForceObjectDelete called by workers>base @gkaissisCaught ForceObjectDelete called by workers>base @gkaissisCaught ForceObjectDelete called by workers>base @gkaissisCaught ForceObjectDelete called by workers>base @gkaissisCaught ForceObjectDelete called by workers>base @gkaissisCaught ForceObjectDelete called by workers>base @gkaissisCaught ForceObjectDelete called by workers>base @gkaissisCaught ForceObjectDelete called by workers>base @gkaissisCaught ForceObjectDelete called by workers>base @gkaissisCaught ForceObjectDelete called by workers>base @gkaissisCaught ForceObjectDelete called by workers>base @gkaissisCaught ForceObjectDelete called by workers>base @gkaissisCaught ForceObjectDelete called by workers>base @gkaissisCaught ForceObjectDelete called by workers>base @gkaissisCaught ForceObjectDelete called by workers>base @gkaissisCaught ForceObjectDelete called by workers>base @gkaissisCaught ForceObjectDelete called by workers>base @gkaissisCaught ForceObjectDelete called by workers>base @gkaissisCaught ForceObjectDelete called by workers>base @gkaissisCaught ForceObjectDelete called by workers>base @gkaissisCaught ForceObjectDelete called by workers>base @gkaissisCaught ForceObjectDelete called by workers>base @gkaissisCaught ForceObjectDelete called by workers>base @gkaissisCaught ForceObjectDelete called by workers>base @gkaissisCaught ForceObjectDelete called by workers>base @gkaissisCaught ForceObjectDelete called by workers>base @gkaissisCaught ForceObjectDelete called by workers>base @gkaissisCaught ForceObjectDelete called by workers>base @gkaissisCaught ForceObjectDelete called by workers>base @gkaissisCaught ForceObjectDelete called by workers>base @gkaissisCaught ForceObjectDelete called by workers>base @gkaissisCaught ForceObjectDelete called by workers>base @gkaissisCaught ForceObjectDelete called by workers>base @gkaissisCaught ForceObjectDelete called by workers>base @gkaissisCaught ForceObjectDelete called by workers>base @gkaissisCaught ForceObjectDelete called by workers>base @gkaissisCaught ForceObjectDelete called by workers>base @gkaissisCaught ForceObjectDelete called by workers>base @gkaissisCaught ForceObjectDelete called by workers>base @gkaissisCaught ForceObjectDelete called by workers>base @gkaissisCaught ForceObjectDelete called by workers>base @gkaissisCaught ForceObjectDelete called by workers>base @gkaissisCaught ForceObjectDelete called by workers>base @gkaissisCaught ForceObjectDelete called by workers>base @gkaissisCaught ForceObjectDelete called by workers>base @gkaissisCaught ForceObjectDelete called by workers>base @gkaissisCaught ForceObjectDelete called by workers>base @gkaissisCaught ForceObjectDelete called by workers>base @gkaissisCaught ForceObjectDelete called by workers>base @gkaissisCaught ForceObjectDelete called by workers>base @gkaissisCaught ForceObjectDelete called by workers>base @gkaissisCaught ForceObjectDelete called by workers>base @gkaissisCaught ForceObjectDelete called by workers>base @gkaissisCaught ForceObjectDelete called by workers>base @gkaissisCaught ForceObjectDelete called by workers>base @gkaissisCaught ForceObjectDelete called by workers>base @gkaissisCaught ForceObjectDelete called by workers>base @gkaissisCaught ForceObjectDelete called by workers>base @gkaissisCaught ForceObjectDelete called by workers>base @gkaissisCaught ForceObjectDelete called by workers>base @gkaissisCaught ForceObjectDelete called by workers>base @gkaissisCaught ForceObjectDelete called by workers>base @gkaissisCaught ForceObjectDelete called by workers>base @gkaissisCaught ForceObjectDelete called by workers>base @gkaissisCaught ForceObjectDelete called by workers>base @gkaissisCaught ForceObjectDelete called by workers>base @gkaissisCaught ForceObjectDelete called by workers>base @gkaissisCaught ForceObjectDelete called by workers>base @gkaissisCaught ForceObjectDelete called by workers>base @gkaissisCaught ForceObjectDelete called by workers>base @gkaissisCaught ForceObjectDelete called by workers>base @gkaissisCaught ForceObjectDelete called by workers>base @gkaissisCaught ForceObjectDelete called by workers>base @gkaissisCaught ForceObjectDelete called by workers>base @gkaissisCaught ForceObjectDelete called by workers>base @gkaissisCaught ForceObjectDelete called by workers>base @gkaissisCaught ForceObjectDelete called by workers>base @gkaissisCaught ForceObjectDelete called by workers>base @gkaissisCaught ForceObjectDelete called by workers>base @gkaissisCaught ForceObjectDelete called by workers>base @gkaissisCaught ForceObjectDelete called by workers>base @gkaissisCaught ForceObjectDelete called by workers>base @gkaissisCaught ForceObjectDelete called by workers>base @gkaissisCaught ForceObjectDelete called by workers>base @gkaissisCaught ForceObjectDelete called by workers>base @gkaissisCaught ForceObjectDelete called by workers>base @gkaissisCaught ForceObjectDelete called by workers>base @gkaissisCaught ForceObjectDelete called by workers>base @gkaissisCaught ForceObjectDelete called by workers>base @gkaissisCaught ForceObjectDelete called by workers>base @gkaissisCaught ForceObjectDelete called by workers>base @gkaissisCaught ForceObjectDelete called by workers>base @gkaissisCaught ForceObjectDelete called by workers>base @gkaissisCaught ForceObjectDelete called by workers>base @gkaissisCaught ForceObjectDelete called by workers>base @gkaissisCaught ForceObjectDelete called by workers>base @gkaissisCaught ForceObjectDelete called by workers>base @gkaissisCaught ForceObjectDelete called by workers>base @gkaissisCaught ForceObjectDelete called by workers>base @gkaissisCaught ForceObjectDelete called by workers>base @gkaissisCaught ForceObjectDelete called by workers>base @gkaissisCaught ForceObjectDelete called by workers>base @gkaissisCaught ForceObjectDelete called by workers>base @gkaissisCaught ForceObjectDelete called by workers>base @gkaissisCaught ForceObjectDelete called by workers>base @gkaissisCaught ForceObjectDelete called by workers>base @gkaissisCaught ForceObjectDelete called by workers>base @gkaissisCaught ForceObjectDelete called by workers>base @gkaissisCaught ForceObjectDelete called by workers>base @gkaissisCaught ForceObjectDelete called by workers>base @gkaissisCaught ForceObjectDelete called by workers>base @gkaissisCaught ForceObjectDelete called by workers>base @gkaissisCaught ForceObjectDelete called by workers>base @gkaissisCaught ForceObjectDelete called by workers>base @gkaissisCaught ForceObjectDelete called by workers>base @gkaissisCaught ForceObjectDelete called by workers>base @gkaissisCaught ForceObjectDelete called by workers>base @gkaissisCaught ForceObjectDelete called by workers>base @gkaissisCaught ForceObjectDelete called by workers>base @gkaissisCaught ForceObjectDelete called by workers>base @gkaissisCaught ForceObjectDelete called by workers>base @gkaissisCaught ForceObjectDelete called by workers>base @gkaissisCaught ForceObjectDelete called by workers>base @gkaissisCaught ForceObjectDelete called by workers>base @gkaissisCaught ForceObjectDelete called by workers>base @gkaissisCaught ForceObjectDelete called by workers>base @gkaissisCaught ForceObjectDelete called by workers>base @gkaissisCaught ForceObjectDelete called by workers>base @gkaissisCaught ForceObjectDelete called by workers>base @gkaissisCaught ForceObjectDelete called by workers>base @gkaissisCaught ForceObjectDelete called by workers>base @gkaissisCaught ForceObjectDelete called by workers>base @gkaissisCaught ForceObjectDelete called by workers>base @gkaissisCaught ForceObjectDelete called by workers>base @gkaissisCaught ForceObjectDelete called by workers>base @gkaissisCaught ForceObjectDelete called by workers>base @gkaissisCaught ForceObjectDelete called by workers>base @gkaissisCaught ForceObjectDelete called by workers>base @gkaissisCaught ForceObjectDelete called by workers>base @gkaissisCaught ForceObjectDelete called by workers>base @gkaissisCaught ForceObjectDelete called by workers>base @gkaissisCaught ForceObjectDelete called by workers>base @gkaissisCaught ForceObjectDelete called by workers>base @gkaissisCaught ForceObjectDelete called by workers>base @gkaissisCaught ForceObjectDelete called by workers>base @gkaissisCaught ForceObjectDelete called by workers>base @gkaissisCaught ForceObjectDelete called by workers>base @gkaissisCaught ForceObjectDelete called by workers>base @gkaissisCaught ForceObjectDelete called by workers>base @gkaissisCaught ForceObjectDelete called by workers>base @gkaissisCaught ForceObjectDelete called by workers>base @gkaissisCaught ForceObjectDelete called by workers>base @gkaissisCaught ForceObjectDelete called by workers>base @gkaissisCaught ForceObjectDelete called by workers>base @gkaissisCaught ForceObjectDelete called by workers>base @gkaissisCaught ForceObjectDelete called by workers>base @gkaissisCaught ForceObjectDelete called by workers>base @gkaissisCaught ForceObjectDelete called by workers>base @gkaissisCaught ForceObjectDelete called by workers>base @gkaissisCaught ForceObjectDelete called by workers>base @gkaissisCaught ForceObjectDelete called by workers>base @gkaissisCaught ForceObjectDelete called by workers>base @gkaissisCaught ForceObjectDelete called by workers>base @gkaissisCaught ForceObjectDelete called by workers>base @gkaissisCaught ForceObjectDelete called by workers>base @gkaissisCaught ForceObjectDelete called by workers>base @gkaissisCaught ForceObjectDelete called by workers>base @gkaissisCaught ForceObjectDelete called by workers>base @gkaissisCaught ForceObjectDelete called by workers>base @gkaissisCaught ForceObjectDelete called by workers>base @gkaissisCaught ForceObjectDelete called by workers>base @gkaissisCaught ForceObjectDelete called by workers>base @gkaissisCaught ForceObjectDelete called by workers>base @gkaissisCaught ForceObjectDelete called by workers>base @gkaissisCaught ForceObjectDelete called by workers>base @gkaissisCaught ForceObjectDelete called by workers>base @gkaissisCaught ForceObjectDelete called by workers>base @gkaissisCaught ForceObjectDelete called by workers>base @gkaissisCaught ForceObjectDelete called by workers>base @gkaissisCaught ForceObjectDelete called by workers>base @gkaissisCaught ForceObjectDelete called by workers>base @gkaissisCaught ForceObjectDelete called by workers>base @gkaissisCaught ForceObjectDelete called by workers>base @gkaissisCaught ForceObjectDelete called by workers>base @gkaissisCaught ForceObjectDelete called by workers>base @gkaissisCaught ForceObjectDelete called by workers>base @gkaissisCaught ForceObjectDelete called by workers>base @gkaissisCaught ForceObjectDelete called by workers>base @gkaissisCaught ForceObjectDelete called by workers>base @gkaissisCaught ForceObjectDelete called by workers>base @gkaissisCaught ForceObjectDelete called by workers>base @gkaissisCaught ForceObjectDelete called by workers>base @gkaissisCaught ForceObjectDelete called by workers>base @gkaissisCaught ForceObjectDelete called by workers>base @gkaissisCaught ForceObjectDelete called by workers>base @gkaissisCaught ForceObjectDelete called by workers>base @gkaissisCaught ForceObjectDelete called by workers>base @gkaissisCaught ForceObjectDelete called by workers>base @gkaissisCaught ForceObjectDelete called by workers>base @gkaissisCaught ForceObjectDelete called by workers>base @gkaissisCaught ForceObjectDelete called by workers>base @gkaissisCaught ForceObjectDelete called by workers>base @gkaissisCaught ForceObjectDelete called by workers>base @gkaissisCaught ForceObjectDelete called by workers>base @gkaissisCaught ForceObjectDelete called by workers>base @gkaissisCaught ForceObjectDelete called by workers>base @gkaissisCaught ForceObjectDelete called by workers>base @gkaissisCaught ForceObjectDelete called by workers>base @gkaissisCaught ForceObjectDelete called by workers>base @gkaissisCaught ForceObjectDelete called by workers>base @gkaissisCaught ForceObjectDelete called by workers>base @gkaissisCaught ForceObjectDelete called by workers>base @gkaissisCaught ForceObjectDelete called by workers>base @gkaissisCaught ForceObjectDelete called by workers>base @gkaissisCaught ForceObjectDelete called by workers>base @gkaissisCaught ForceObjectDelete called by workers>base @gkaissisCaught ForceObjectDelete called by workers>base @gkaissisCaught ForceObjectDelete called by workers>base @gkaissisCaught ForceObjectDelete called by workers>base @gkaissisCaught ForceObjectDelete called by workers>base @gkaissisCaught ForceObjectDelete called by workers>base @gkaissisCaught ForceObjectDelete called by workers>base @gkaissisCaught ForceObjectDelete called by workers>base @gkaissisCaught ForceObjectDelete called by workers>base @gkaissisCaught ForceObjectDelete called by workers>base @gkaissisCaught ForceObjectDelete called by workers>base @gkaissisCaught ForceObjectDelete called by workers>base @gkaissisCaught ForceObjectDelete called by workers>base @gkaissisCaught ForceObjectDelete called by workers>base @gkaissisCaught ForceObjectDelete called by workers>base @gkaissisCaught ForceObjectDelete called by workers>base @gkaissisCaught ForceObjectDelete called by workers>base @gkaissisCaught ForceObjectDelete called by workers>base @gkaissisCaught ForceObjectDelete called by workers>base @gkaissisCaught ForceObjectDelete called by workers>base @gkaissisCaught ForceObjectDelete called by workers>base @gkaissisCaught ForceObjectDelete called by workers>base @gkaissisCaught ForceObjectDelete called by workers>base @gkaissisCaught ForceObjectDelete called by workers>base @gkaissisCaught ForceObjectDelete called by workers>base @gkaissisCaught ForceObjectDelete called by workers>base @gkaissisCaught ForceObjectDelete called by workers>base @gkaissisCaught ForceObjectDelete called by workers>base @gkaissisCaught ForceObjectDelete called by workers>base @gkaissisCaught ForceObjectDelete called by workers>base @gkaissisCaught ForceObjectDelete called by workers>base @gkaissisCaught ForceObjectDelete called by workers>base @gkaissisCaught ForceObjectDelete called by workers>base @gkaissisCaught ForceObjectDelete called by workers>base @gkaissisCaught ForceObjectDelete called by workers>base @gkaissisCaught ForceObjectDelete called by workers>base @gkaissisCaught ForceObjectDelete called by workers>base @gkaissisCaught ForceObjectDelete called by workers>base @gkaissisCaught ForceObjectDelete called by workers>base @gkaissisCaught ForceObjectDelete called by workers>base @gkaissisCaught ForceObjectDelete called by workers>base @gkaissisCaught ForceObjectDelete called by workers>base @gkaissisCaught ForceObjectDelete called by workers>base @gkaissisCaught ForceObjectDelete called by workers>base @gkaissisCaught ForceObjectDelete called by workers>base @gkaissisCaught ForceObjectDelete called by workers>base @gkaissisCaught ForceObjectDelete called by workers>base @gkaissisCaught ForceObjectDelete called by workers>base @gkaissisCaught ForceObjectDelete called by workers>base @gkaissisCaught ForceObjectDelete called by workers>base @gkaissisCaught ForceObjectDelete called by workers>base @gkaissisCaught ForceObjectDelete called by workers>base @gkaissisCaught ForceObjectDelete called by workers>base @gkaissisCaught ForceObjectDelete called by workers>base @gkaissisCaught ForceObjectDelete called by workers>base @gkaissisCaught ForceObjectDelete called by workers>base @gkaissisCaught ForceObjectDelete called by workers>base @gkaissisCaught ForceObjectDelete called by workers>base @gkaissisCaught ForceObjectDelete called by workers>base @gkaissisCaught ForceObjectDelete called by workers>base @gkaissisCaught ForceObjectDelete called by workers>base @gkaissisCaught ForceObjectDelete called by workers>base @gkaissisCaught ForceObjectDelete called by workers>base @gkaissisCaught ForceObjectDelete called by workers>base @gkaissisCaught ForceObjectDelete called by workers>base @gkaissisCaught ForceObjectDelete called by workers>base @gkaissisCaught ForceObjectDelete called by workers>base @gkaissisCaught ForceObjectDelete called by workers>base @gkaissisCaught ForceObjectDelete called by workers>base @gkaissisCaught ForceObjectDelete called by workers>base @gkaissisCaught ForceObjectDelete called by workers>base @gkaissisCaught ForceObjectDelete called by workers>base @gkaissisCaught ForceObjectDelete called by workers>base @gkaissisCaught ForceObjectDelete called by workers>base @gkaissisCaught ForceObjectDelete called by workers>base @gkaissisCaught ForceObjectDelete called by workers>base @gkaissisCaught ForceObjectDelete called by workers>base @gkaissisCaught ForceObjectDelete called by workers>base @gkaissisCaught ForceObjectDelete called by workers>base @gkaissisCaught ForceObjectDelete called by workers>base @gkaissisCaught ForceObjectDelete called by workers>base @gkaissisCaught ForceObjectDelete called by workers>base @gkaissisCaught ForceObjectDelete called by workers>base @gkaissisCaught ForceObjectDelete called by workers>base @gkaissisCaught ForceObjectDelete called by workers>base @gkaissisCaught ForceObjectDelete called by workers>base @gkaissisCaught ForceObjectDelete called by workers>base @gkaissisCaught ForceObjectDelete called by workers>base @gkaissisCaught ForceObjectDelete called by workers>base @gkaissisCaught ForceObjectDelete called by workers>base @gkaissisCaught ForceObjectDelete called by workers>base @gkaissisCaught ForceObjectDelete called by workers>base @gkaissisCaught ForceObjectDelete called by workers>base @gkaissisCaught ForceObjectDelete called by workers>base @gkaissisCaught ForceObjectDelete called by workers>base @gkaissisCaught ForceObjectDelete called by workers>base @gkaissisCaught ForceObjectDelete called by workers>base @gkaissisCaught ForceObjectDelete called by workers>base @gkaissisCaught ForceObjectDelete called by workers>base @gkaissisCaught ForceObjectDelete called by workers>base @gkaissisCaught ForceObjectDelete called by workers>base @gkaissisCaught ForceObjectDelete called by workers>base @gkaissisCaught ForceObjectDelete called by workers>base @gkaissisCaught ForceObjectDelete called by workers>base @gkaissisCaught ForceObjectDelete called by workers>base @gkaissisCaught ForceObjectDelete called by workers>base @gkaissisCaught ForceObjectDelete called by workers>base @gkaissisCaught ForceObjectDelete called by workers>base @gkaissisCaught ForceObjectDelete called by workers>base @gkaissisCaught ForceObjectDelete called by workers>base @gkaissisCaught ForceObjectDelete called by workers>base @gkaissisCaught ForceObjectDelete called by workers>base @gkaissisCaught ForceObjectDelete called by workers>base @gkaissisCaught ForceObjectDelete called by workers>base @gkaissisCaught ForceObjectDelete called by workers>base @gkaissisCaught ForceObjectDelete called by workers>base @gkaissisCaught ForceObjectDelete called by workers>base @gkaissisCaught ForceObjectDelete called by workers>base @gkaissisCaught ForceObjectDelete called by workers>base @gkaissisCaught ForceObjectDelete called by workers>base @gkaissisCaught ForceObjectDelete called by workers>base @gkaissisCaught ForceObjectDelete called by workers>base @gkaissisCaught ForceObjectDelete called by workers>base @gkaissisCaught ForceObjectDelete called by workers>base @gkaissisCaught ForceObjectDelete called by workers>base @gkaissisCaught ForceObjectDelete called by workers>base @gkaissisCaught ForceObjectDelete called by workers>base @gkaissisCaught ForceObjectDelete called by workers>base @gkaissisCaught ForceObjectDelete called by workers>base @gkaissisCaught ForceObjectDelete called by workers>base @gkaissisCaught ForceObjectDelete called by workers>base @gkaissisCaught ForceObjectDelete called by workers>base @gkaissisCaught ForceObjectDelete called by workers>base @gkaissisCaught ForceObjectDelete called by workers>base @gkaissisCaught ForceObjectDelete called by workers>base @gkaissisCaught ForceObjectDelete called by workers>base @gkaissisCaught ForceObjectDelete called by workers>base @gkaissisCaught ForceObjectDelete called by workers>base @gkaissisCaught ForceObjectDelete called by workers>base @gkaissisCaught ForceObjectDelete called by workers>base @gkaissisCaught ForceObjectDelete called by workers>base @gkaissisCaught ForceObjectDelete called by workers>base @gkaissisCaught ForceObjectDelete called by workers>base @gkaissisCaught ForceObjectDelete called by workers>base @gkaissisCaught ForceObjectDelete called by workers>base @gkaissisCaught ForceObjectDelete called by workers>base @gkaissisCaught ForceObjectDelete called by workers>base @gkaissisCaught ForceObjectDelete called by workers>base @gkaissisCaught ForceObjectDelete called by workers>base @gkaissisCaught ForceObjectDelete called by workers>base @gkaissisCaught ForceObjectDelete called by workers>base @gkaissisCaught ForceObjectDelete called by workers>base @gkaissisCaught ForceObjectDelete called by workers>base @gkaissisCaught ForceObjectDelete called by workers>base @gkaissisCaught ForceObjectDelete called by workers>base @gkaissisCaught ForceObjectDelete called by workers>base @gkaissisCaught ForceObjectDelete called by workers>base @gkaissisCaught ForceObjectDelete called by workers>base @gkaissisCaught ForceObjectDelete called by workers>base @gkaissisCaught ForceObjectDelete called by workers>base @gkaissisCaught ForceObjectDelete called by workers>base @gkaissisCaught ForceObjectDelete called by workers>base @gkaissisCaught ForceObjectDelete called by workers>base @gkaissisCaught ForceObjectDelete called by workers>base @gkaissisCaught ForceObjectDelete called by workers>base @gkaissisCaught ForceObjectDelete called by workers>base @gkaissisCaught ForceObjectDelete called by workers>base @gkaissisCaught ForceObjectDelete called by workers>base @gkaissisCaught ForceObjectDelete called by workers>base @gkaissisCaught ForceObjectDelete called by workers>base @gkaissisCaught ForceObjectDelete called by workers>base @gkaissisCaught ForceObjectDelete called by workers>base @gkaissisCaught ForceObjectDelete called by workers>base @gkaissisCaught ForceObjectDelete called by workers>base @gkaissisCaught ForceObjectDelete called by workers>base @gkaissisCaught ForceObjectDelete called by workers>base @gkaissisCaught ForceObjectDelete called by workers>base @gkaissisCaught ForceObjectDelete called by workers>base @gkaissisCaught ForceObjectDelete called by workers>base @gkaissisCaught ForceObjectDelete called by workers>base @gkaissisCaught ForceObjectDelete called by workers>base @gkaissisCaught ForceObjectDelete called by workers>base @gkaissisCaught ForceObjectDelete called by workers>base @gkaissisCaught ForceObjectDelete called by workers>base @gkaissisCaught ForceObjectDelete called by workers>base @gkaissisCaught ForceObjectDelete called by workers>base @gkaissisCaught ForceObjectDelete called by workers>base @gkaissisCaught ForceObjectDelete called by workers>base @gkaissisCaught ForceObjectDelete called by workers>base @gkaissisCaught ForceObjectDelete called by workers>base @gkaissisCaught ForceObjectDelete called by workers>base @gkaissisCaught ForceObjectDelete called by workers>base @gkaissisCaught ForceObjectDelete called by workers>base @gkaissisCaught ForceObjectDelete called by workers>base @gkaissisCaught ForceObjectDelete called by workers>base @gkaissisCaught ForceObjectDelete called by workers>base @gkaissisCaught ForceObjectDelete called by workers>base @gkaissisCaught ForceObjectDelete called by workers>base @gkaissisCaught ForceObjectDelete called by workers>base @gkaissisCaught ForceObjectDelete called by workers>base @gkaissisCaught ForceObjectDelete called by workers>base @gkaissisCaught ForceObjectDelete called by workers>base @gkaissisCaught ForceObjectDelete called by workers>base @gkaissisCaught ForceObjectDelete called by workers>base @gkaissisCaught ForceObjectDelete called by workers>base @gkaissisCaught ForceObjectDelete called by workers>base @gkaissisCaught ForceObjectDelete called by workers>base @gkaissisCaught ForceObjectDelete called by workers>base @gkaissisCaught ForceObjectDelete called by workers>base @gkaissisCaught ForceObjectDelete called by workers>base @gkaissisCaught ForceObjectDelete called by workers>base @gkaissisCaught ForceObjectDelete called by workers>base @gkaissisCaught ForceObjectDelete called by workers>base @gkaissisCaught ForceObjectDelete called by workers>base @gkaissisCaught ForceObjectDelete called by workers>base @gkaissisCaught ForceObjectDelete called by workers>base @gkaissisCaught ForceObjectDelete called by workers>base @gkaissisCaught ForceObjectDelete called by workers>base @gkaissisCaught ForceObjectDelete called by workers>base @gkaissisCaught ForceObjectDelete called by workers>base @gkaissisCaught ForceObjectDelete called by workers>base @gkaissisCaught ForceObjectDelete called by workers>base @gkaissisCaught ForceObjectDelete called by workers>base @gkaissisCaught ForceObjectDelete called by workers>base @gkaissisCaught ForceObjectDelete called by workers>base @gkaissisCaught ForceObjectDelete called by workers>base @gkaissisCaught ForceObjectDelete called by workers>base @gkaissisCaught ForceObjectDelete called by workers>base @gkaissisCaught ForceObjectDelete called by workers>base @gkaissisCaught ForceObjectDelete called by workers>base @gkaissisCaught ForceObjectDelete called by workers>base @gkaissisCaught ForceObjectDelete called by workers>base @gkaissisCaught ForceObjectDelete called by workers>base @gkaissisCaught ForceObjectDelete called by workers>base @gkaissisCaught ForceObjectDelete called by workers>base @gkaissisCaught ForceObjectDelete called by workers>base @gkaissisCaught ForceObjectDelete called by workers>base @gkaissisCaught ForceObjectDelete called by workers>base @gkaissisCaught ForceObjectDelete called by workers>base @gkaissisCaught ForceObjectDelete called by workers>base @gkaissisCaught ForceObjectDelete called by workers>base @gkaissisCaught ForceObjectDelete called by workers>base @gkaissisCaught ForceObjectDelete called by workers>base @gkaissisCaught ForceObjectDelete called by workers>base @gkaissisCaught ForceObjectDelete called by workers>base @gkaissisCaught ForceObjectDelete called by workers>base @gkaissisCaught ForceObjectDelete called by workers>base @gkaissisCaught ForceObjectDelete called by workers>base @gkaissisCaught ForceObjectDelete called by workers>base @gkaissisCaught ForceObjectDelete called by workers>base @gkaissisCaught ForceObjectDelete called by workers>base @gkaissisCaught ForceObjectDelete called by workers>base @gkaissisCaught ForceObjectDelete called by workers>base @gkaissisCaught ForceObjectDelete called by workers>base @gkaissisCaught ForceObjectDelete called by workers>base @gkaissisCaught ForceObjectDelete called by workers>base @gkaissisCaught ForceObjectDelete called by workers>base @gkaissisCaught ForceObjectDelete called by workers>base @gkaissisCaught ForceObjectDelete called by workers>base @gkaissisCaught ForceObjectDelete called by workers>base @gkaissisCaught ForceObjectDelete called by workers>base @gkaissisCaught ForceObjectDelete called by workers>base @gkaissisCaught ForceObjectDelete called by workers>base @gkaissisCaught ForceObjectDelete called by workers>base @gkaissisCaught ForceObjectDelete called by workers>base @gkaissisCaught ForceObjectDelete called by workers>base @gkaissisCaught ForceObjectDelete called by workers>base @gkaissisCaught ForceObjectDelete called by workers>base @gkaissisCaught ForceObjectDelete called by workers>base @gkaissisCaught ForceObjectDelete called by workers>base @gkaissisCaught ForceObjectDelete called by workers>base @gkaissisCaught ForceObjectDelete called by workers>base @gkaissisCaught ForceObjectDelete called by workers>base @gkaissisCaught ForceObjectDelete called by workers>base @gkaissisCaught ForceObjectDelete called by workers>base @gkaissisCaught ForceObjectDelete called by workers>base @gkaissisCaught ForceObjectDelete called by workers>base @gkaissisCaught ForceObjectDelete called by workers>base @gkaissisCaught ForceObjectDelete called by workers>base @gkaissisCaught ForceObjectDelete called by workers>base @gkaissisCaught ForceObjectDelete called by workers>base @gkaissisCaught ForceObjectDelete called by workers>base @gkaissisCaught ForceObjectDelete called by workers>base @gkaissisCaught ForceObjectDelete called by workers>base @gkaissisCaught ForceObjectDelete called by workers>base @gkaissisCaught ForceObjectDelete called by workers>base @gkaissisCaught ForceObjectDelete called by workers>base @gkaissisCaught ForceObjectDelete called by workers>base @gkaissisCaught ForceObjectDelete called by workers>base @gkaissisCaught ForceObjectDelete called by workers>base @gkaissisCaught ForceObjectDelete called by workers>base @gkaissisCaught ForceObjectDelete called by workers>base @gkaissisCaught ForceObjectDelete called by workers>base @gkaissisCaught ForceObjectDelete called by workers>base @gkaissisCaught ForceObjectDelete called by workers>base @gkaissisCaught ForceObjectDelete called by workers>base @gkaissisCaught ForceObjectDelete called by workers>base @gkaissisCaught ForceObjectDelete called by workers>base @gkaissisCaught ForceObjectDelete called by workers>base @gkaissisCaught ForceObjectDelete called by workers>base @gkaissisCaught ForceObjectDelete called by workers>base @gkaissisCaught ForceObjectDelete called by workers>base @gkaissisCaught ForceObjectDelete called by workers>base @gkaissisCaught ForceObjectDelete called by workers>base @gkaissisCaught ForceObjectDelete called by workers>base @gkaissisCaught ForceObjectDelete called by workers>base @gkaissisCaught ForceObjectDelete called by workers>base @gkaissisCaught ForceObjectDelete called by workers>base @gkaissisCaught ForceObjectDelete called by workers>base @gkaissisCaught ForceObjectDelete called by workers>base @gkaissisCaught ForceObjectDelete called by workers>base @gkaissisCaught ForceObjectDelete called by workers>base @gkaissisCaught ForceObjectDelete called by workers>base @gkaissisCaught ForceObjectDelete called by workers>base @gkaissisCaught ForceObjectDelete called by workers>base @gkaissisCaught ForceObjectDelete called by workers>base @gkaissisCaught ForceObjectDelete called by workers>base @gkaissisCaught ForceObjectDelete called by workers>base @gkaissisCaught ForceObjectDelete called by workers>base @gkaissisCaught ForceObjectDelete called by workers>base @gkaissisCaught ForceObjectDelete called by workers>base @gkaissisCaught ForceObjectDelete called by workers>base @gkaissisCaught ForceObjectDelete called by workers>base @gkaissisCaught ForceObjectDelete called by workers>base @gkaissisCaught ForceObjectDelete called by workers>base @gkaissisCaught ForceObjectDelete called by workers>base @gkaissisCaught ForceObjectDelete called by workers>base @gkaissisCaught ForceObjectDelete called by workers>base @gkaissisCaught ForceObjectDelete called by workers>base @gkaissisCaught ForceObjectDelete called by workers>base @gkaissisCaught ForceObjectDelete called by workers>base @gkaissisCaught ForceObjectDelete called by workers>base @gkaissisCaught ForceObjectDelete called by workers>base @gkaissisCaught ForceObjectDelete called by workers>base @gkaissisCaught ForceObjectDelete called by workers>base @gkaissisCaught ForceObjectDelete called by workers>base @gkaissisCaught ForceObjectDelete called by workers>base @gkaissisCaught ForceObjectDelete called by workers>base @gkaissisCaught ForceObjectDelete called by workers>base @gkaissisCaught ForceObjectDelete called by workers>base @gkaissisCaught ForceObjectDelete called by workers>base @gkaissisCaught ForceObjectDelete called by workers>base @gkaissisCaught ForceObjectDelete called by workers>base @gkaissisCaught ForceObjectDelete called by workers>base @gkaissisCaught ForceObjectDelete called by workers>base @gkaissisCaught ForceObjectDelete called by workers>base @gkaissisCaught ForceObjectDelete called by workers>base @gkaissisCaught ForceObjectDelete called by workers>base @gkaissisCaught ForceObjectDelete called by workers>base @gkaissisCaught ForceObjectDelete called by workers>base @gkaissisCaught ForceObjectDelete called by workers>base @gkaissisCaught ForceObjectDelete called by workers>base @gkaissisCaught ForceObjectDelete called by workers>base @gkaissisCaught ForceObjectDelete called by workers>base @gkaissisCaught ForceObjectDelete called by workers>base @gkaissisCaught ForceObjectDelete called by workers>base @gkaissisCaught ForceObjectDelete called by workers>base @gkaissisCaught ForceObjectDelete called by workers>base @gkaissisCaught ForceObjectDelete called by workers>base @gkaissisCaught ForceObjectDelete called by workers>base @gkaissisCaught ForceObjectDelete called by workers>base @gkaissisCaught ForceObjectDelete called by workers>base @gkaissisCaught ForceObjectDelete called by workers>base @gkaissisCaught ForceObjectDelete called by workers>base @gkaissisCaught ForceObjectDelete called by workers>base @gkaissisCaught ForceObjectDelete called by workers>base @gkaissisCaught ForceObjectDelete called by workers>base @gkaissisCaught ForceObjectDelete called by workers>base @gkaissisCaught ForceObjectDelete called by workers>base @gkaissisCaught ForceObjectDelete called by workers>base @gkaissisCaught ForceObjectDelete called by workers>base @gkaissisCaught ForceObjectDelete called by workers>base @gkaissisCaught ForceObjectDelete called by workers>base @gkaissisCaught ForceObjectDelete called by workers>base @gkaissisCaught ForceObjectDelete called by workers>base @gkaissisCaught ForceObjectDelete called by workers>base @gkaissisCaught ForceObjectDelete called by workers>base @gkaissisCaught ForceObjectDelete called by workers>base @gkaissisCaught ForceObjectDelete called by workers>base @gkaissisCaught ForceObjectDelete called by workers>base @gkaissisCaught ForceObjectDelete called by workers>base @gkaissisCaught ForceObjectDelete called by workers>base @gkaissisCaught ForceObjectDelete called by workers>base @gkaissisCaught ForceObjectDelete called by workers>base @gkaissisCaught ForceObjectDelete called by workers>base @gkaissisCaught ForceObjectDelete called by workers>base @gkaissisCaught ForceObjectDelete called by workers>base @gkaissisCaught ForceObjectDelete called by workers>base @gkaissisCaught ForceObjectDelete called by workers>base @gkaissisCaught ForceObjectDelete called by workers>base @gkaissisCaught ForceObjectDelete called by workers>base @gkaissisCaught ForceObjectDelete called by workers>base @gkaissisCaught ForceObjectDelete called by workers>base @gkaissisCaught ForceObjectDelete called by workers>base @gkaissisCaught ForceObjectDelete called by workers>base @gkaissisCaught ForceObjectDelete called by workers>base @gkaissisCaught ForceObjectDelete called by workers>base @gkaissisCaught ForceObjectDelete called by workers>base @gkaissisCaught ForceObjectDelete called by workers>base @gkaissisCaught ForceObjectDelete called by workers>base @gkaissisCaught ForceObjectDelete called by workers>base @gkaissisCaught ForceObjectDelete called by workers>base @gkaissisCaught ForceObjectDelete called by workers>base @gkaissisCaught ForceObjectDelete called by workers>base @gkaissisCaught ForceObjectDelete called by workers>base @gkaissisCaught ForceObjectDelete called by workers>base @gkaissisCaught ForceObjectDelete called by workers>base @gkaissisCaught ForceObjectDelete called by workers>base @gkaissisCaught ForceObjectDelete called by workers>base @gkaissisCaught ForceObjectDelete called by workers>base @gkaissisCaught ForceObjectDelete called by workers>base @gkaissisCaught ForceObjectDelete called by workers>base @gkaissisCaught ForceObjectDelete called by workers>base @gkaissisCaught ForceObjectDelete called by workers>base @gkaissisCaught ForceObjectDelete called by workers>base @gkaissisCaught ForceObjectDelete called by workers>base @gkaissisCaught ForceObjectDelete called by workers>base @gkaissisCaught ForceObjectDelete called by workers>base @gkaissisCaught ForceObjectDelete called by workers>base @gkaissisCaught ForceObjectDelete called by workers>base @gkaissisCaught ForceObjectDelete called by workers>base @gkaissisCaught ForceObjectDelete called by workers>base @gkaissisCaught ForceObjectDelete called by workers>base @gkaissisCaught ForceObjectDelete called by workers>base @gkaissisCaught ForceObjectDelete called by workers>base @gkaissisCaught ForceObjectDelete called by workers>base @gkaissisCaught ForceObjectDelete called by workers>base @gkaissisCaught ForceObjectDelete called by workers>base @gkaissisCaught ForceObjectDelete called by workers>base @gkaissisCaught ForceObjectDelete called by workers>base @gkaissisCaught ForceObjectDelete called by workers>base @gkaissisCaught ForceObjectDelete called by workers>base @gkaissisCaught ForceObjectDelete called by workers>base @gkaissisCaught ForceObjectDelete called by workers>base @gkaissisCaught ForceObjectDelete called by workers>base @gkaissisCaught ForceObjectDelete called by workers>base @gkaissisCaught ForceObjectDelete called by workers>base @gkaissisCaught ForceObjectDelete called by workers>base @gkaissisCaught ForceObjectDelete called by workers>base @gkaissisCaught ForceObjectDelete called by workers>base @gkaissisCaught ForceObjectDelete called by workers>base @gkaissisCaught ForceObjectDelete called by workers>base @gkaissisCaught ForceObjectDelete called by workers>base @gkaissisCaught ForceObjectDelete called by workers>base @gkaissisCaught ForceObjectDelete called by workers>base @gkaissisCaught ForceObjectDelete called by workers>base @gkaissisCaught ForceObjectDelete called by workers>base @gkaissisCaught ForceObjectDelete called by workers>base @gkaissisCaught ForceObjectDelete called by workers>base @gkaissisCaught ForceObjectDelete called by workers>base @gkaissisCaught ForceObjectDelete called by workers>base @gkaissisCaught ForceObjectDelete called by workers>base @gkaissisCaught ForceObjectDelete called by workers>base @gkaissisCaught ForceObjectDelete called by workers>base @gkaissisCaught ForceObjectDelete called by workers>base @gkaissisCaught ForceObjectDelete called by workers>base @gkaissisCaught ForceObjectDelete called by workers>base @gkaissisCaught ForceObjectDelete called by workers>base @gkaissisCaught ForceObjectDelete called by workers>base @gkaissisCaught ForceObjectDelete called by workers>base @gkaissisCaught ForceObjectDelete called by workers>base @gkaissisCaught ForceObjectDelete called by workers>base @gkaissisCaught ForceObjectDelete called by workers>base @gkaissisCaught ForceObjectDelete called by workers>base @gkaissisCaught ForceObjectDelete called by workers>base @gkaissisCaught ForceObjectDelete called by workers>base @gkaissisCaught ForceObjectDelete called by workers>base @gkaissisCaught ForceObjectDelete called by workers>base @gkaissisCaught ForceObjectDelete called by workers>base @gkaissisCaught ForceObjectDelete called by workers>base @gkaissisCaught ForceObjectDelete called by workers>base @gkaissisCaught ForceObjectDelete called by workers>base @gkaissisCaught ForceObjectDelete called by workers>base @gkaissisCaught ForceObjectDelete called by workers>base @gkaissisCaught ForceObjectDelete called by workers>base @gkaissisCaught ForceObjectDelete called by workers>base @gkaissisCaught ForceObjectDelete called by workers>base @gkaissisCaught ForceObjectDelete called by workers>base @gkaissisCaught ForceObjectDelete called by workers>base @gkaissisCaught ForceObjectDelete called by workers>base @gkaissisCaught ForceObjectDelete called by workers>base @gkaissisCaught ForceObjectDelete called by workers>base @gkaissisCaught ForceObjectDelete called by workers>base @gkaissisCaught ForceObjectDelete called by workers>base @gkaissisCaught ForceObjectDelete called by workers>base @gkaissisCaught ForceObjectDelete called by workers>base @gkaissisCaught ForceObjectDelete called by workers>base @gkaissisCaught ForceObjectDelete called by workers>base @gkaissisCaught ForceObjectDelete called by workers>base @gkaissisCaught ForceObjectDelete called by workers>base @gkaissisCaught ForceObjectDelete called by workers>base @gkaissisCaught ForceObjectDelete called by workers>base @gkaissisCaught ForceObjectDelete called by workers>base @gkaissisCaught ForceObjectDelete called by workers>base @gkaissisCaught ForceObjectDelete called by workers>base @gkaissisCaught ForceObjectDelete called by workers>base @gkaissisCaught ForceObjectDelete called by workers>base @gkaissisCaught ForceObjectDelete called by workers>base @gkaissisCaught ForceObjectDelete called by workers>base @gkaissisCaught ForceObjectDelete called by workers>base @gkaissisCaught ForceObjectDelete called by workers>base @gkaissisCaught ForceObjectDelete called by workers>base @gkaissisCaught ForceObjectDelete called by workers>base @gkaissisCaught ForceObjectDelete called by workers>base @gkaissisCaught ForceObjectDelete called by workers>base @gkaissisCaught ForceObjectDelete called by workers>base @gkaissisCaught ForceObjectDelete called by workers>base @gkaissisCaught ForceObjectDelete called by workers>base @gkaissisCaught ForceObjectDelete called by workers>base @gkaissisCaught ForceObjectDelete called by workers>base @gkaissisCaught ForceObjectDelete called by workers>base @gkaissisCaught ForceObjectDelete called by workers>base @gkaissisCaught ForceObjectDelete called by workers>base @gkaissisCaught ForceObjectDelete called by workers>base @gkaissisCaught ForceObjectDelete called by workers>base @gkaissisCaught ForceObjectDelete called by workers>base @gkaissisCaught ForceObjectDelete called by workers>base @gkaissisCaught ForceObjectDelete called by workers>base @gkaissisCaught ForceObjectDelete called by workers>base @gkaissisCaught ForceObjectDelete called by workers>base @gkaissisCaught ForceObjectDelete called by workers>base @gkaissisCaught ForceObjectDelete called by workers>base @gkaissisCaught ForceObjectDelete called by workers>base @gkaissisCaught ForceObjectDelete called by workers>base @gkaissisCaught ForceObjectDelete called by workers>base @gkaissisCaught ForceObjectDelete called by workers>base @gkaissisCaught ForceObjectDelete called by workers>base @gkaissisCaught ForceObjectDelete called by workers>base @gkaissisCaught ForceObjectDelete called by workers>base @gkaissisCaught ForceObjectDelete called by workers>base @gkaissisCaught ForceObjectDelete called by workers>base @gkaissisCaught ForceObjectDelete called by workers>base @gkaissisCaught ForceObjectDelete called by workers>base @gkaissisCaught ForceObjectDelete called by workers>base @gkaissisCaught ForceObjectDelete called by workers>base @gkaissisCaught ForceObjectDelete called by workers>base @gkaissisCaught ForceObjectDelete called by workers>base @gkaissisCaught ForceObjectDelete called by workers>base @gkaissisCaught ForceObjectDelete called by workers>base @gkaissisCaught ForceObjectDelete called by workers>base @gkaissisCaught ForceObjectDelete called by workers>base @gkaissisCaught ForceObjectDelete called by workers>base @gkaissisCaught ForceObjectDelete called by workers>base @gkaissisCaught ForceObjectDelete called by workers>base @gkaissisCaught ForceObjectDelete called by workers>base @gkaissisCaught ForceObjectDelete called by workers>base @gkaissisCaught ForceObjectDelete called by workers>base @gkaissisCaught ForceObjectDelete called by workers>base @gkaissisCaught ForceObjectDelete called by workers>base @gkaissisCaught ForceObjectDelete called by workers>base @gkaissisCaught ForceObjectDelete called by workers>base @gkaissisCaught ForceObjectDelete called by workers>base @gkaissisCaught ForceObjectDelete called by workers>base @gkaissisCaught ForceObjectDelete called by workers>base @gkaissisCaught ForceObjectDelete called by workers>base @gkaissisCaught ForceObjectDelete called by workers>base @gkaissisCaught ForceObjectDelete called by workers>base @gkaissisCaught ForceObjectDelete called by workers>base @gkaissisCaught ForceObjectDelete called by workers>base @gkaissisCaught ForceObjectDelete called by workers>base @gkaissisCaught ForceObjectDelete called by workers>base @gkaissisCaught ForceObjectDelete called by workers>base @gkaissisCaught ForceObjectDelete called by workers>base @gkaissisCaught ForceObjectDelete called by workers>base @gkaissisCaught ForceObjectDelete called by workers>base @gkaissisCaught ForceObjectDelete called by workers>base @gkaissisCaught ForceObjectDelete called by workers>base @gkaissisCaught ForceObjectDelete called by workers>base @gkaissisCaught ForceObjectDelete called by workers>base @gkaissisCaught ForceObjectDelete called by workers>base @gkaissisCaught ForceObjectDelete called by workers>base @gkaissisCaught ForceObjectDelete called by workers>base @gkaissisCaught ForceObjectDelete called by workers>base @gkaissisCaught ForceObjectDelete called by workers>base @gkaissisCaught ForceObjectDelete called by workers>base @gkaissisCaught ForceObjectDelete called by workers>base @gkaissisCaught ForceObjectDelete called by workers>base @gkaissisCaught ForceObjectDelete called by workers>base @gkaissisCaught ForceObjectDelete called by workers>base @gkaissisCaught ForceObjectDelete called by workers>base @gkaissisCaught ForceObjectDelete called by workers>base @gkaissisCaught ForceObjectDelete called by workers>base @gkaissisCaught ForceObjectDelete called by workers>base @gkaissisCaught ForceObjectDelete called by workers>base @gkaissisCaught ForceObjectDelete called by workers>base @gkaissisCaught ForceObjectDelete called by workers>base @gkaissisCaught ForceObjectDelete called by workers>base @gkaissisCaught ForceObjectDelete called by workers>base @gkaissisCaught ForceObjectDelete called by workers>base @gkaissisCaught ForceObjectDelete called by workers>base @gkaissisCaught ForceObjectDelete called by workers>base @gkaissisCaught ForceObjectDelete called by workers>base @gkaissisCaught ForceObjectDelete called by workers>base @gkaissisCaught ForceObjectDelete called by workers>base @gkaissisCaught ForceObjectDelete called by workers>base @gkaissisCaught ForceObjectDelete called by workers>base @gkaissisCaught ForceObjectDelete called by workers>base @gkaissisCaught ForceObjectDelete called by workers>base @gkaissisCaught ForceObjectDelete called by workers>base @gkaissisCaught ForceObjectDelete called by workers>base @gkaissisCaught ForceObjectDelete called by workers>base @gkaissisCaught ForceObjectDelete called by workers>base @gkaissisCaught ForceObjectDelete called by workers>base @gkaissisCaught ForceObjectDelete called by workers>base @gkaissisCaught ForceObjectDelete called by workers>base @gkaissisCaught ForceObjectDelete called by workers>base @gkaissisCaught ForceObjectDelete called by workers>base @gkaissisCaught ForceObjectDelete called by workers>base @gkaissisCaught ForceObjectDelete called by workers>base @gkaissisCaught ForceObjectDelete called by workers>base @gkaissisCaught ForceObjectDelete called by workers>base @gkaissisCaught ForceObjectDelete called by workers>base @gkaissisCaught ForceObjectDelete called by workers>base @gkaissisCaught ForceObjectDelete called by workers>base @gkaissisCaught ForceObjectDelete called by workers>base @gkaissisCaught ForceObjectDelete called by workers>base @gkaissisCaught ForceObjectDelete called by workers>base @gkaissisCaught ForceObjectDelete called by workers>base @gkaissisCaught ForceObjectDelete called by workers>base @gkaissisCaught ForceObjectDelete called by workers>base @gkaissisCaught ForceObjectDelete called by workers>base @gkaissisCaught ForceObjectDelete called by workers>base @gkaissisCaught ForceObjectDelete called by workers>base @gkaissisCaught ForceObjectDelete called by workers>base @gkaissisCaught ForceObjectDelete called by workers>base @gkaissisCaught ForceObjectDelete called by workers>base @gkaissisCaught ForceObjectDelete called by workers>base @gkaissisCaught ForceObjectDelete called by workers>base @gkaissisCaught ForceObjectDelete called by workers>base @gkaissisCaught ForceObjectDelete called by workers>base @gkaissisCaught ForceObjectDelete called by workers>base @gkaissisCaught ForceObjectDelete called by workers>base @gkaissisCaught ForceObjectDelete called by workers>base @gkaissisCaught ForceObjectDelete called by workers>base @gkaissisCaught ForceObjectDelete called by workers>base @gkaissisCaught ForceObjectDelete called by workers>base @gkaissisCaught ForceObjectDelete called by workers>base @gkaissisCaught ForceObjectDelete called by workers>base @gkaissisCaught ForceObjectDelete called by workers>base @gkaissisCaught ForceObjectDelete called by workers>base @gkaissisCaught ForceObjectDelete called by workers>base @gkaissisCaught ForceObjectDelete called by workers>base @gkaissisCaught ForceObjectDelete called by workers>base @gkaissisCaught ForceObjectDelete called by workers>base @gkaissisCaught ForceObjectDelete called by workers>base @gkaissisCaught ForceObjectDelete called by workers>base @gkaissisCaught ForceObjectDelete called by workers>base @gkaissisCaught ForceObjectDelete called by workers>base @gkaissisCaught ForceObjectDelete called by workers>base @gkaissisCaught ForceObjectDelete called by workers>base @gkaissisCaught ForceObjectDelete called by workers>base @gkaissisCaught ForceObjectDelete called by workers>base @gkaissisCaught ForceObjectDelete called by workers>base @gkaissisCaught ForceObjectDelete called by workers>base @gkaissisCaught ForceObjectDelete called by workers>base @gkaissisCaught ForceObjectDelete called by workers>base @gkaissisCaught ForceObjectDelete called by workers>base @gkaissisCaught ForceObjectDelete called by workers>base @gkaissisCaught ForceObjectDelete called by workers>base @gkaissisCaught ForceObjectDelete called by workers>base @gkaissisCaught ForceObjectDelete called by workers>base @gkaissisCaught ForceObjectDelete called by workers>base @gkaissisCaught ForceObjectDelete called by workers>base @gkaissisCaught ForceObjectDelete called by workers>base @gkaissisCaught ForceObjectDelete called by workers>base @gkaissisCaught ForceObjectDelete called by workers>base @gkaissisCaught ForceObjectDelete called by workers>base @gkaissisCaught ForceObjectDelete called by workers>base @gkaissisCaught ForceObjectDelete called by workers>base @gkaissisCaught ForceObjectDelete called by workers>base @gkaissisCaught ForceObjectDelete called by workers>base @gkaissisCaught ForceObjectDelete called by workers>base @gkaissisCaught ForceObjectDelete called by workers>base @gkaissisCaught ForceObjectDelete called by workers>base @gkaissisCaught ForceObjectDelete called by workers>base @gkaissisCaught ForceObjectDelete called by workers>base @gkaissisCaught ForceObjectDelete called by workers>base @gkaissisCaught ForceObjectDelete called by workers>base @gkaissisCaught ForceObjectDelete called by workers>base @gkaissisCaught ForceObjectDelete called by workers>base @gkaissisCaught ForceObjectDelete called by workers>base @gkaissisCaught ForceObjectDelete called by workers>base @gkaissisCaught ForceObjectDelete called by workers>base @gkaissisCaught ForceObjectDelete called by workers>base @gkaissisCaught ForceObjectDelete called by workers>base @gkaissisCaught ForceObjectDelete called by workers>base @gkaissisCaught ForceObjectDelete called by workers>base @gkaissisCaught ForceObjectDelete called by workers>base @gkaissisCaught ForceObjectDelete called by workers>base @gkaissisCaught ForceObjectDelete called by workers>base @gkaissisCaught ForceObjectDelete called by workers>base @gkaissisCaught ForceObjectDelete called by workers>base @gkaissisCaught ForceObjectDelete called by workers>base @gkaissisCaught ForceObjectDelete called by workers>base @gkaissisCaught ForceObjectDelete called by workers>base @gkaissisCaught ForceObjectDelete called by workers>base @gkaissisCaught ForceObjectDelete called by workers>base @gkaissisCaught ForceObjectDelete called by workers>base @gkaissisCaught ForceObjectDelete called by workers>base @gkaissisCaught ForceObjectDelete called by workers>base @gkaissisCaught ForceObjectDelete called by workers>base @gkaissisCaught ForceObjectDelete called by workers>base @gkaissisCaught ForceObjectDelete called by workers>base @gkaissisCaught ForceObjectDelete called by workers>base @gkaissisCaught ForceObjectDelete called by workers>base @gkaissisCaught ForceObjectDelete called by workers>base @gkaissisCaught ForceObjectDelete called by workers>base @gkaissisCaught ForceObjectDelete called by workers>base @gkaissisCaught ForceObjectDelete called by workers>base @gkaissisCaught ForceObjectDelete called by workers>base @gkaissisCaught ForceObjectDelete called by workers>base @gkaissisCaught ForceObjectDelete called by workers>base @gkaissisCaught ForceObjectDelete called by workers>base @gkaissisCaught ForceObjectDelete called by workers>base @gkaissisCaught ForceObjectDelete called by workers>base @gkaissisCaught ForceObjectDelete called by workers>base @gkaissisCaught ForceObjectDelete called by workers>base @gkaissisCaught ForceObjectDelete called by workers>base @gkaissisCaught ForceObjectDelete called by workers>base @gkaissisCaught ForceObjectDelete called by workers>base @gkaissisCaught ForceObjectDelete called by workers>base @gkaissisCaught ForceObjectDelete called by workers>base @gkaissisCaught ForceObjectDelete called by workers>base @gkaissisCaught ForceObjectDelete called by workers>base @gkaissisCaught ForceObjectDelete called by workers>base @gkaissisCaught ForceObjectDelete called by workers>base @gkaissisCaught ForceObjectDelete called by workers>base @gkaissisCaught ForceObjectDelete called by workers>base @gkaissisCaught ForceObjectDelete called by workers>base @gkaissisCaught ForceObjectDelete called by workers>base @gkaissisCaught ForceObjectDelete called by workers>base @gkaissisCaught ForceObjectDelete called by workers>base @gkaissisCaught ForceObjectDelete called by workers>base @gkaissisCaught ForceObjectDelete called by workers>base @gkaissisCaught ForceObjectDelete called by workers>base @gkaissisCaught ForceObjectDelete called by workers>base @gkaissisCaught ForceObjectDelete called by workers>base @gkaissisCaught ForceObjectDelete called by workers>base @gkaissisCaught ForceObjectDelete called by workers>base @gkaissisCaught ForceObjectDelete called by workers>base @gkaissisCaught ForceObjectDelete called by workers>base @gkaissisCaught ForceObjectDelete called by workers>base @gkaissisCaught ForceObjectDelete called by workers>base @gkaissisCaught ForceObjectDelete called by workers>base @gkaissisCaught ForceObjectDelete called by workers>base @gkaissisCaught ForceObjectDelete called by workers>base @gkaissisCaught ForceObjectDelete called by workers>base @gkaissisCaught ForceObjectDelete called by workers>base @gkaissisCaught ForceObjectDelete called by workers>base @gkaissisCaught ForceObjectDelete called by workers>base @gkaissisCaught ForceObjectDelete called by workers>base @gkaissisCaught ForceObjectDelete called by workers>base @gkaissisCaught ForceObjectDelete called by workers>base @gkaissisCaught ForceObjectDelete called by workers>base @gkaissisCaught ForceObjectDelete called by workers>base @gkaissisCaught ForceObjectDelete called by workers>base @gkaissisCaught ForceObjectDelete called by workers>base @gkaissisde_register_obj called by generic>pointers>object_pointer @gkaissis
Train batch 0:  67%|██████▋   | 2/3 [00:04<00:02,  2.16s/it]Caught ForceObjectDelete called by workers>base @gkaissisCaught ForceObjectDelete called by workers>base @gkaissisCaught ForceObjectDelete called by workers>base @gkaissisCaught ForceObjectDelete called by workers>base @gkaissisCaught ForceObjectDelete called by workers>base @gkaissisCaught ForceObjectDelete called by workers>base @gkaissisCaught ForceObjectDelete called by workers>base @gkaissisCaught ForceObjectDelete called by workers>base @gkaissisCaught ForceObjectDelete called by workers>base @gkaissisCaught ForceObjectDelete called by workers>base @gkaissisCaught ForceObjectDelete called by workers>base @gkaissisCaught ForceObjectDelete called by workers>base @gkaissisCaught ForceObjectDelete called by workers>base @gkaissisCaught ForceObjectDelete called by workers>base @gkaissisCaught ForceObjectDelete called by workers>base @gkaissisCaught ForceObjectDelete called by workers>base @gkaissisCaught ForceObjectDelete called by workers>base @gkaissisCaught ForceObjectDelete called by workers>base @gkaissisCaught ForceObjectDelete called by workers>base @gkaissisCaught ForceObjectDelete called by workers>base @gkaissisCaught ForceObjectDelete called by workers>base @gkaissisCaught ForceObjectDelete called by workers>base @gkaissisCaught ForceObjectDelete called by workers>base @gkaissisCaught ForceObjectDelete called by workers>base @gkaissisCaught ForceObjectDelete called by workers>base @gkaissisCaught ForceObjectDelete called by workers>base @gkaissisCaught ForceObjectDelete called by workers>base @gkaissisCaught ForceObjectDelete called by workers>base @gkaissisCaught ForceObjectDelete called by workers>base @gkaissisCaught ForceObjectDelete called by workers>base @gkaissisCaught ForceObjectDelete called by workers>base @gkaissisCaught ForceObjectDelete called by workers>base @gkaissisCaught ForceObjectDelete called by workers>base @gkaissisCaught ForceObjectDelete called by workers>base @gkaissisCaught ForceObjectDelete called by workers>base @gkaissisCaught ForceObjectDelete called by workers>base @gkaissisCaught ForceObjectDelete called by workers>base @gkaissisCaught ForceObjectDelete called by workers>base @gkaissisCaught ForceObjectDelete called by workers>base @gkaissisCaught ForceObjectDelete called by workers>base @gkaissisCaught ForceObjectDelete called by workers>base @gkaissisCaught ForceObjectDelete called by workers>base @gkaissisCaught ForceObjectDelete called by workers>base @gkaissisCaught ForceObjectDelete called by workers>base @gkaissisCaught ForceObjectDelete called by workers>base @gkaissisCaught ForceObjectDelete called by workers>base @gkaissisCaught ForceObjectDelete called by workers>base @gkaissisCaught ForceObjectDelete called by workers>base @gkaissisCaught ForceObjectDelete called by workers>base @gkaissisCaught ForceObjectDelete called by workers>base @gkaissisCaught ForceObjectDelete called by workers>base @gkaissisCaught ForceObjectDelete called by workers>base @gkaissisCaught ForceObjectDelete called by workers>base @gkaissisCaught ForceObjectDelete called by workers>base @gkaissisCaught ForceObjectDelete called by workers>base @gkaissisCaught ForceObjectDelete called by workers>base @gkaissisCaught ForceObjectDelete called by workers>base @gkaissisCaught ForceObjectDelete called by workers>base @gkaissisCaught ForceObjectDelete called by workers>base @gkaissisCaught ForceObjectDelete called by workers>base @gkaissisCaught ForceObjectDelete called by workers>base @gkaissisCaught ForceObjectDelete called by workers>base @gkaissisCaught ForceObjectDelete called by workers>base @gkaissisCaught ForceObjectDelete called by workers>base @gkaissisCaught ForceObjectDelete called by workers>base @gkaissisCaught ForceObjectDelete called by workers>base @gkaissisCaught ForceObjectDelete called by workers>base @gkaissisCaught ForceObjectDelete called by workers>base @gkaissisCaught ForceObjectDelete called by workers>base @gkaissisCaught ForceObjectDelete called by workers>base @gkaissisCaught ForceObjectDelete called by workers>base @gkaissisCaught ForceObjectDelete called by workers>base @gkaissisCaught ForceObjectDelete called by workers>base @gkaissisCaught ForceObjectDelete called by workers>base @gkaissisCaught ForceObjectDelete called by workers>base @gkaissisCaught ForceObjectDelete called by workers>base @gkaissisCaught ForceObjectDelete called by workers>base @gkaissisCaught ForceObjectDelete called by workers>base @gkaissisCaught ForceObjectDelete called by workers>base @gkaissisCaught ForceObjectDelete called by workers>base @gkaissisCaught ForceObjectDelete called by workers>base @gkaissisCaught ForceObjectDelete called by workers>base @gkaissisCaught ForceObjectDelete called by workers>base @gkaissisCaught ForceObjectDelete called by workers>base @gkaissisCaught ForceObjectDelete called by workers>base @gkaissisCaught ForceObjectDelete called by workers>base @gkaissisCaught ForceObjectDelete called by workers>base @gkaissisCaught ForceObjectDelete called by workers>base @gkaissisCaught ForceObjectDelete called by workers>base @gkaissisCaught ForceObjectDelete called by workers>base @gkaissisCaught ForceObjectDelete called by workers>base @gkaissisCaught ForceObjectDelete called by workers>base @gkaissisCaught ForceObjectDelete called by workers>base @gkaissisCaught ForceObjectDelete called by workers>base @gkaissisCaught ForceObjectDelete called by workers>base @gkaissisCaught ForceObjectDelete called by workers>base @gkaissisCaught ForceObjectDelete called by workers>base @gkaissisCaught ForceObjectDelete called by workers>base @gkaissisCaught ForceObjectDelete called by workers>base @gkaissisCaught ForceObjectDelete called by workers>base @gkaissisCaught ForceObjectDelete called by workers>base @gkaissisCaught ForceObjectDelete called by workers>base @gkaissisCaught ForceObjectDelete called by workers>base @gkaissisCaught ForceObjectDelete called by workers>base @gkaissisCaught ForceObjectDelete called by workers>base @gkaissisCaught ForceObjectDelete called by workers>base @gkaissisCaught ForceObjectDelete called by workers>base @gkaissisCaught ForceObjectDelete called by workers>base @gkaissisCaught ForceObjectDelete called by workers>base @gkaissisCaught ForceObjectDelete called by workers>base @gkaissisCaught ForceObjectDelete called by workers>base @gkaissisCaught ForceObjectDelete called by workers>base @gkaissisCaught ForceObjectDelete called by workers>base @gkaissisCaught ForceObjectDelete called by workers>base @gkaissisCaught ForceObjectDelete called by workers>base @gkaissisCaught ForceObjectDelete called by workers>base @gkaissisCaught ForceObjectDelete called by workers>base @gkaissisCaught ForceObjectDelete called by workers>base @gkaissisCaught ForceObjectDelete called by workers>base @gkaissisCaught ForceObjectDelete called by workers>base @gkaissisCaught ForceObjectDelete called by workers>base @gkaissisCaught ForceObjectDelete called by workers>base @gkaissisCaught ForceObjectDelete called by workers>base @gkaissisCaught ForceObjectDelete called by workers>base @gkaissisCaught ForceObjectDelete called by workers>base @gkaissisCaught ForceObjectDelete called by workers>base @gkaissisCaught ForceObjectDelete called by workers>base @gkaissisCaught ForceObjectDelete called by workers>base @gkaissisCaught ForceObjectDelete called by workers>base @gkaissisCaught ForceObjectDelete called by workers>base @gkaissisCaught ForceObjectDelete called by workers>base @gkaissisCaught ForceObjectDelete called by workers>base @gkaissisCaught ForceObjectDelete called by workers>base @gkaissisCaught ForceObjectDelete called by workers>base @gkaissisCaught ForceObjectDelete called by workers>base @gkaissisCaught ForceObjectDelete called by workers>base @gkaissisCaught ForceObjectDelete called by workers>base @gkaissisCaught ForceObjectDelete called by workers>base @gkaissisCaught ForceObjectDelete called by workers>base @gkaissisCaught ForceObjectDelete called by workers>base @gkaissisCaught ForceObjectDelete called by workers>base @gkaissisCaught ForceObjectDelete called by workers>base @gkaissisCaught ForceObjectDelete called by workers>base @gkaissisCaught ForceObjectDelete called by workers>base @gkaissisCaught ForceObjectDelete called by workers>base @gkaissisCaught ForceObjectDelete called by workers>base @gkaissisCaught ForceObjectDelete called by workers>base @gkaissisCaught ForceObjectDelete called by workers>base @gkaissisCaught ForceObjectDelete called by workers>base @gkaissisCaught ForceObjectDelete called by workers>base @gkaissisCaught ForceObjectDelete called by workers>base @gkaissisCaught ForceObjectDelete called by workers>base @gkaissisCaught ForceObjectDelete called by workers>base @gkaissisCaught ForceObjectDelete called by workers>base @gkaissisCaught ForceObjectDelete called by workers>base @gkaissisCaught ForceObjectDelete called by workers>base @gkaissisCaught ForceObjectDelete called by workers>base @gkaissisCaught ForceObjectDelete called by workers>base @gkaissisCaught ForceObjectDelete called by workers>base @gkaissisCaught ForceObjectDelete called by workers>base @gkaissisCaught ForceObjectDelete called by workers>base @gkaissisCaught ForceObjectDelete called by workers>base @gkaissisCaught ForceObjectDelete called by workers>base @gkaissisCaught ForceObjectDelete called by workers>base @gkaissisCaught ForceObjectDelete called by workers>base @gkaissisCaught ForceObjectDelete called by workers>base @gkaissisCaught ForceObjectDelete called by workers>base @gkaissisCaught ForceObjectDelete called by workers>base @gkaissisCaught ForceObjectDelete called by workers>base @gkaissisCaught ForceObjectDelete called by workers>base @gkaissisCaught ForceObjectDelete called by workers>base @gkaissisCaught ForceObjectDelete called by workers>base @gkaissisCaught ForceObjectDelete called by workers>base @gkaissisCaught ForceObjectDelete called by workers>base @gkaissisCaught ForceObjectDelete called by workers>base @gkaissisCaught ForceObjectDelete called by workers>base @gkaissisCaught ForceObjectDelete called by workers>base @gkaissisCaught ForceObjectDelete called by workers>base @gkaissisCaught ForceObjectDelete called by workers>base @gkaissisCaught ForceObjectDelete called by workers>base @gkaissisCaught ForceObjectDelete called by workers>base @gkaissisCaught ForceObjectDelete called by workers>base @gkaissisCaught ForceObjectDelete called by workers>base @gkaissisCaught ForceObjectDelete called by workers>base @gkaissisCaught ForceObjectDelete called by workers>base @gkaissisCaught ForceObjectDelete called by workers>base @gkaissisCaught ForceObjectDelete called by workers>base @gkaissisCaught ForceObjectDelete called by workers>base @gkaissisCaught ForceObjectDelete called by workers>base @gkaissisCaught ForceObjectDelete called by workers>base @gkaissisCaught ForceObjectDelete called by workers>base @gkaissisCaught ForceObjectDelete called by workers>base @gkaissisCaught ForceObjectDelete called by workers>base @gkaissisCaught ForceObjectDelete called by workers>base @gkaissisCaught ForceObjectDelete called by workers>base @gkaissisCaught ForceObjectDelete called by workers>base @gkaissisCaught ForceObjectDelete called by workers>base @gkaissisCaught ForceObjectDelete called by workers>base @gkaissisCaught ForceObjectDelete called by workers>base @gkaissisCaught ForceObjectDelete called by workers>base @gkaissisCaught ForceObjectDelete called by workers>base @gkaissisCaught ForceObjectDelete called by workers>base @gkaissisCaught ForceObjectDelete called by workers>base @gkaissisCaught ForceObjectDelete called by workers>base @gkaissisCaught ForceObjectDelete called by workers>base @gkaissisCaught ForceObjectDelete called by workers>base @gkaissisCaught ForceObjectDelete called by workers>base @gkaissisCaught ForceObjectDelete called by workers>base @gkaissisCaught ForceObjectDelete called by workers>base @gkaissisCaught ForceObjectDelete called by workers>base @gkaissisCaught ForceObjectDelete called by workers>base @gkaissisCaught ForceObjectDelete called by workers>base @gkaissisCaught ForceObjectDelete called by workers>base @gkaissisCaught ForceObjectDelete called by workers>base @gkaissisCaught ForceObjectDelete called by workers>base @gkaissisCaught ForceObjectDelete called by workers>base @gkaissisCaught ForceObjectDelete called by workers>base @gkaissisCaught ForceObjectDelete called by workers>base @gkaissisCaught ForceObjectDelete called by workers>base @gkaissisCaught ForceObjectDelete called by workers>base @gkaissisCaught ForceObjectDelete called by workers>base @gkaissisCaught ForceObjectDelete called by workers>base @gkaissisCaught ForceObjectDelete called by workers>base @gkaissisCaught ForceObjectDelete called by workers>base @gkaissisCaught ForceObjectDelete called by workers>base @gkaissisCaught ForceObjectDelete called by workers>base @gkaissisCaught ForceObjectDelete called by workers>base @gkaissisCaught ForceObjectDelete called by workers>base @gkaissisCaught ForceObjectDelete called by workers>base @gkaissisCaught ForceObjectDelete called by workers>base @gkaissisCaught ForceObjectDelete called by workers>base @gkaissisCaught ForceObjectDelete called by workers>base @gkaissisCaught ForceObjectDelete called by workers>base @gkaissisCaught ForceObjectDelete called by workers>base @gkaissisCaught ForceObjectDelete called by workers>base @gkaissisCaught ForceObjectDelete called by workers>base @gkaissisCaught ForceObjectDelete called by workers>base @gkaissisCaught ForceObjectDelete called by workers>base @gkaissisCaught ForceObjectDelete called by workers>base @gkaissisCaught ForceObjectDelete called by workers>base @gkaissisCaught ForceObjectDelete called by workers>base @gkaissisCaught ForceObjectDelete called by workers>base @gkaissisCaught ForceObjectDelete called by workers>base @gkaissisCaught ForceObjectDelete called by workers>base @gkaissisCaught ForceObjectDelete called by workers>base @gkaissisCaught ForceObjectDelete called by workers>base @gkaissisCaught ForceObjectDelete called by workers>base @gkaissisCaught ForceObjectDelete called by workers>base @gkaissisCaught ForceObjectDelete called by workers>base @gkaissisCaught ForceObjectDelete called by workers>base @gkaissisCaught ForceObjectDelete called by workers>base @gkaissisCaught ForceObjectDelete called by workers>base @gkaissisCaught ForceObjectDelete called by workers>base @gkaissisCaught ForceObjectDelete called by workers>base @gkaissisCaught ForceObjectDelete called by workers>base @gkaissisCaught ForceObjectDelete called by workers>base @gkaissisCaught ForceObjectDelete called by workers>base @gkaissisCaught ForceObjectDelete called by workers>base @gkaissisCaught ForceObjectDelete called by workers>base @gkaissisCaught ForceObjectDelete called by workers>base @gkaissisCaught ForceObjectDelete called by workers>base @gkaissisCaught ForceObjectDelete called by workers>base @gkaissisCaught ForceObjectDelete called by workers>base @gkaissisCaught ForceObjectDelete called by workers>base @gkaissisCaught ForceObjectDelete called by workers>base @gkaissisCaught ForceObjectDelete called by workers>base @gkaissisCaught ForceObjectDelete called by workers>base @gkaissisCaught ForceObjectDelete called by workers>base @gkaissisCaught ForceObjectDelete called by workers>base @gkaissisCaught ForceObjectDelete called by workers>base @gkaissisCaught ForceObjectDelete called by workers>base @gkaissisCaught ForceObjectDelete called by workers>base @gkaissisCaught ForceObjectDelete called by workers>base @gkaissisCaught ForceObjectDelete called by workers>base @gkaissisCaught ForceObjectDelete called by workers>base @gkaissisCaught ForceObjectDelete called by workers>base @gkaissisCaught ForceObjectDelete called by workers>base @gkaissisCaught ForceObjectDelete called by workers>base @gkaissisCaught ForceObjectDelete called by workers>base @gkaissisCaught ForceObjectDelete called by workers>base @gkaissisCaught ForceObjectDelete called by workers>base @gkaissisCaught ForceObjectDelete called by workers>base @gkaissisCaught ForceObjectDelete called by workers>base @gkaissisCaught ForceObjectDelete called by workers>base @gkaissisCaught ForceObjectDelete called by workers>base @gkaissisCaught ForceObjectDelete called by workers>base @gkaissisCaught ForceObjectDelete called by workers>base @gkaissisCaught ForceObjectDelete called by workers>base @gkaissisCaught ForceObjectDelete called by workers>base @gkaissisCaught ForceObjectDelete called by workers>base @gkaissisCaught ForceObjectDelete called by workers>base @gkaissisCaught ForceObjectDelete called by workers>base @gkaissisCaught ForceObjectDelete called by workers>base @gkaissisCaught ForceObjectDelete called by workers>base @gkaissisCaught ForceObjectDelete called by workers>base @gkaissisCaught ForceObjectDelete called by workers>base @gkaissisCaught ForceObjectDelete called by workers>base @gkaissisCaught ForceObjectDelete called by workers>base @gkaissisCaught ForceObjectDelete called by workers>base @gkaissisCaught ForceObjectDelete called by workers>base @gkaissisCaught ForceObjectDelete called by workers>base @gkaissisCaught ForceObjectDelete called by workers>base @gkaissisCaught ForceObjectDelete called by workers>base @gkaissisCaught ForceObjectDelete called by workers>base @gkaissisCaught ForceObjectDelete called by workers>base @gkaissisCaught ForceObjectDelete called by workers>base @gkaissisCaught ForceObjectDelete called by workers>base @gkaissisCaught ForceObjectDelete called by workers>base @gkaissisCaught ForceObjectDelete called by workers>base @gkaissisCaught ForceObjectDelete called by workers>base @gkaissisCaught ForceObjectDelete called by workers>base @gkaissisCaught ForceObjectDelete called by workers>base @gkaissisCaught ForceObjectDelete called by workers>base @gkaissisCaught ForceObjectDelete called by workers>base @gkaissisCaught ForceObjectDelete called by workers>base @gkaissisCaught ForceObjectDelete called by workers>base @gkaissisCaught ForceObjectDelete called by workers>base @gkaissisCaught ForceObjectDelete called by workers>base @gkaissisCaught ForceObjectDelete called by workers>base @gkaissisCaught ForceObjectDelete called by workers>base @gkaissisCaught ForceObjectDelete called by workers>base @gkaissisCaught ForceObjectDelete called by workers>base @gkaissisCaught ForceObjectDelete called by workers>base @gkaissisCaught ForceObjectDelete called by workers>base @gkaissisCaught ForceObjectDelete called by workers>base @gkaissisCaught ForceObjectDelete called by workers>base @gkaissisCaught ForceObjectDelete called by workers>base @gkaissisCaught ForceObjectDelete called by workers>base @gkaissisCaught ForceObjectDelete called by workers>base @gkaissisCaught ForceObjectDelete called by workers>base @gkaissisCaught ForceObjectDelete called by workers>base @gkaissisCaught ForceObjectDelete called by workers>base @gkaissisCaught ForceObjectDelete called by workers>base @gkaissisCaught ForceObjectDelete called by workers>base @gkaissisCaught ForceObjectDelete called by workers>base @gkaissisCaught ForceObjectDelete called by workers>base @gkaissisCaught ForceObjectDelete called by workers>base @gkaissisCaught ForceObjectDelete called by workers>base @gkaissisCaught ForceObjectDelete called by workers>base @gkaissisCaught ForceObjectDelete called by workers>base @gkaissisCaught ForceObjectDelete called by workers>base @gkaissisCaught ForceObjectDelete called by workers>base @gkaissisCaught ForceObjectDelete called by workers>base @gkaissisCaught ForceObjectDelete called by workers>base @gkaissisCaught ForceObjectDelete called by workers>base @gkaissisCaught ForceObjectDelete called by workers>base @gkaissisCaught ForceObjectDelete called by workers>base @gkaissisCaught ForceObjectDelete called by workers>base @gkaissisCaught ForceObjectDelete called by workers>base @gkaissisCaught ForceObjectDelete called by workers>base @gkaissisCaught ForceObjectDelete called by workers>base @gkaissisCaught ForceObjectDelete called by workers>base @gkaissisCaught ForceObjectDelete called by workers>base @gkaissisCaught ForceObjectDelete called by workers>base @gkaissisCaught ForceObjectDelete called by workers>base @gkaissisCaught ForceObjectDelete called by workers>base @gkaissisCaught ForceObjectDelete called by workers>base @gkaissisCaught ForceObjectDelete called by workers>base @gkaissisCaught ForceObjectDelete called by workers>base @gkaissisCaught ForceObjectDelete called by workers>base @gkaissisCaught ForceObjectDelete called by workers>base @gkaissisCaught ForceObjectDelete called by workers>base @gkaissisCaught ForceObjectDelete called by workers>base @gkaissisCaught ForceObjectDelete called by workers>base @gkaissisCaught ForceObjectDelete called by workers>base @gkaissisCaught ForceObjectDelete called by workers>base @gkaissisCaught ForceObjectDelete called by workers>base @gkaissisCaught ForceObjectDelete called by workers>base @gkaissisCaught ForceObjectDelete called by workers>base @gkaissisCaught ForceObjectDelete called by workers>base @gkaissisCaught ForceObjectDelete called by workers>base @gkaissisCaught ForceObjectDelete called by workers>base @gkaissisCaught ForceObjectDelete called by workers>base @gkaissisCaught ForceObjectDelete called by workers>base @gkaissisCaught ForceObjectDelete called by workers>base @gkaissisCaught ForceObjectDelete called by workers>base @gkaissisCaught ForceObjectDelete called by workers>base @gkaissisCaught ForceObjectDelete called by workers>base @gkaissisCaught ForceObjectDelete called by workers>base @gkaissisCaught ForceObjectDelete called by workers>base @gkaissisCaught ForceObjectDelete called by workers>base @gkaissisCaught ForceObjectDelete called by workers>base @gkaissisCaught ForceObjectDelete called by workers>base @gkaissisCaught ForceObjectDelete called by workers>base @gkaissisCaught ForceObjectDelete called by workers>base @gkaissisCaught ForceObjectDelete called by workers>base @gkaissisCaught ForceObjectDelete called by workers>base @gkaissisCaught ForceObjectDelete called by workers>base @gkaissisCaught ForceObjectDelete called by workers>base @gkaissisCaught ForceObjectDelete called by workers>base @gkaissisCaught ForceObjectDelete called by workers>base @gkaissisCaught ForceObjectDelete called by workers>base @gkaissisCaught ForceObjectDelete called by workers>base @gkaissisCaught ForceObjectDelete called by workers>base @gkaissisCaught ForceObjectDelete called by workers>base @gkaissisCaught ForceObjectDelete called by workers>base @gkaissisCaught ForceObjectDelete called by workers>base @gkaissisCaught ForceObjectDelete called by workers>base @gkaissisCaught ForceObjectDelete called by workers>base @gkaissisCaught ForceObjectDelete called by workers>base @gkaissisCaught ForceObjectDelete called by workers>base @gkaissisCaught ForceObjectDelete called by workers>base @gkaissisCaught ForceObjectDelete called by workers>base @gkaissisCaught ForceObjectDelete called by workers>base @gkaissisCaught ForceObjectDelete called by workers>base @gkaissisCaught ForceObjectDelete called by workers>base @gkaissisCaught ForceObjectDelete called by workers>base @gkaissisCaught ForceObjectDelete called by workers>base @gkaissisCaught ForceObjectDelete called by workers>base @gkaissisCaught ForceObjectDelete called by workers>base @gkaissisCaught ForceObjectDelete called by workers>base @gkaissisCaught ForceObjectDelete called by workers>base @gkaissisCaught ForceObjectDelete called by workers>base @gkaissisCaught ForceObjectDelete called by workers>base @gkaissisCaught ForceObjectDelete called by workers>base @gkaissisCaught ForceObjectDelete called by workers>base @gkaissisCaught ForceObjectDelete called by workers>base @gkaissisCaught ForceObjectDelete called by workers>base @gkaissisCaught ForceObjectDelete called by workers>base @gkaissisCaught ForceObjectDelete called by workers>base @gkaissisCaught ForceObjectDelete called by workers>base @gkaissisCaught ForceObjectDelete called by workers>base @gkaissisCaught ForceObjectDelete called by workers>base @gkaissisCaught ForceObjectDelete called by workers>base @gkaissisCaught ForceObjectDelete called by workers>base @gkaissisCaught ForceObjectDelete called by workers>base @gkaissisCaught ForceObjectDelete called by workers>base @gkaissisCaught ForceObjectDelete called by workers>base @gkaissisCaught ForceObjectDelete called by workers>base @gkaissisCaught ForceObjectDelete called by workers>base @gkaissisCaught ForceObjectDelete called by workers>base @gkaissisCaught ForceObjectDelete called by workers>base @gkaissisCaught ForceObjectDelete called by workers>base @gkaissisCaught ForceObjectDelete called by workers>base @gkaissisCaught ForceObjectDelete called by workers>base @gkaissisCaught ForceObjectDelete called by workers>base @gkaissisCaught ForceObjectDelete called by workers>base @gkaissisCaught ForceObjectDelete called by workers>base @gkaissisCaught ForceObjectDelete called by workers>base @gkaissisCaught ForceObjectDelete called by workers>base @gkaissisCaught ForceObjectDelete called by workers>base @gkaissisCaught ForceObjectDelete called by workers>base @gkaissisCaught ForceObjectDelete called by workers>base @gkaissisCaught ForceObjectDelete called by workers>base @gkaissisCaught ForceObjectDelete called by workers>base @gkaissisCaught ForceObjectDelete called by workers>base @gkaissisCaught ForceObjectDelete called by workers>base @gkaissisCaught ForceObjectDelete called by workers>base @gkaissisCaught ForceObjectDelete called by workers>base @gkaissisCaught ForceObjectDelete called by workers>base @gkaissisCaught ForceObjectDelete called by workers>base @gkaissisCaught ForceObjectDelete called by workers>base @gkaissisCaught ForceObjectDelete called by workers>base @gkaissisCaught ForceObjectDelete called by workers>base @gkaissisCaught ForceObjectDelete called by workers>base @gkaissisCaught ForceObjectDelete called by workers>base @gkaissisCaught ForceObjectDelete called by workers>base @gkaissisCaught ForceObjectDelete called by workers>base @gkaissisCaught ForceObjectDelete called by workers>base @gkaissisCaught ForceObjectDelete called by workers>base @gkaissisCaught ForceObjectDelete called by workers>base @gkaissisCaught ForceObjectDelete called by workers>base @gkaissisCaught ForceObjectDelete called by workers>base @gkaissisCaught ForceObjectDelete called by workers>base @gkaissisCaught ForceObjectDelete called by workers>base @gkaissisCaught ForceObjectDelete called by workers>base @gkaissisCaught ForceObjectDelete called by workers>base @gkaissisCaught ForceObjectDelete called by workers>base @gkaissisCaught ForceObjectDelete called by workers>base @gkaissisCaught ForceObjectDelete called by workers>base @gkaissisCaught ForceObjectDelete called by workers>base @gkaissisCaught ForceObjectDelete called by workers>base @gkaissisCaught ForceObjectDelete called by workers>base @gkaissisCaught ForceObjectDelete called by workers>base @gkaissisCaught ForceObjectDelete called by workers>base @gkaissisCaught ForceObjectDelete called by workers>base @gkaissisCaught ForceObjectDelete called by workers>base @gkaissisCaught ForceObjectDelete called by workers>base @gkaissisCaught ForceObjectDelete called by workers>base @gkaissisCaught ForceObjectDelete called by workers>base @gkaissisCaught ForceObjectDelete called by workers>base @gkaissisCaught ForceObjectDelete called by workers>base @gkaissisCaught ForceObjectDelete called by workers>base @gkaissisCaught ForceObjectDelete called by workers>base @gkaissisCaught ForceObjectDelete called by workers>base @gkaissisCaught ForceObjectDelete called by workers>base @gkaissisCaught ForceObjectDelete called by workers>base @gkaissisCaught ForceObjectDelete called by workers>base @gkaissisCaught ForceObjectDelete called by workers>base @gkaissisCaught ForceObjectDelete called by workers>base @gkaissisCaught ForceObjectDelete called by workers>base @gkaissisCaught ForceObjectDelete called by workers>base @gkaissisCaught ForceObjectDelete called by workers>base @gkaissisCaught ForceObjectDelete called by workers>base @gkaissisCaught ForceObjectDelete called by workers>base @gkaissisCaught ForceObjectDelete called by workers>base @gkaissisCaught ForceObjectDelete called by workers>base @gkaissisCaught ForceObjectDelete called by workers>base @gkaissisCaught ForceObjectDelete called by workers>base @gkaissisCaught ForceObjectDelete called by workers>base @gkaissisCaught ForceObjectDelete called by workers>base @gkaissisCaught ForceObjectDelete called by workers>base @gkaissisCaught ForceObjectDelete called by workers>base @gkaissisCaught ForceObjectDelete called by workers>base @gkaissisCaught ForceObjectDelete called by workers>base @gkaissisCaught ForceObjectDelete called by workers>base @gkaissisCaught ForceObjectDelete called by workers>base @gkaissisCaught ForceObjectDelete called by workers>base @gkaissisCaught ForceObjectDelete called by workers>base @gkaissisCaught ForceObjectDelete called by workers>base @gkaissisCaught ForceObjectDelete called by workers>base @gkaissisCaught ForceObjectDelete called by workers>base @gkaissisCaught ForceObjectDelete called by workers>base @gkaissisCaught ForceObjectDelete called by workers>base @gkaissisCaught ForceObjectDelete called by workers>base @gkaissisCaught ForceObjectDelete called by workers>base @gkaissisCaught ForceObjectDelete called by workers>base @gkaissisCaught ForceObjectDelete called by workers>base @gkaissisCaught ForceObjectDelete called by workers>base @gkaissisCaught ForceObjectDelete called by workers>base @gkaissisCaught ForceObjectDelete called by workers>base @gkaissisCaught ForceObjectDelete called by workers>base @gkaissisCaught ForceObjectDelete called by workers>base @gkaissisCaught ForceObjectDelete called by workers>base @gkaissisCaught ForceObjectDelete called by workers>base @gkaissisCaught ForceObjectDelete called by workers>base @gkaissisCaught ForceObjectDelete called by workers>base @gkaissisCaught ForceObjectDelete called by workers>base @gkaissisCaught ForceObjectDelete called by workers>base @gkaissisCaught ForceObjectDelete called by workers>base @gkaissisCaught ForceObjectDelete called by workers>base @gkaissisCaught ForceObjectDelete called by workers>base @gkaissisCaught ForceObjectDelete called by workers>base @gkaissisCaught ForceObjectDelete called by workers>base @gkaissisCaught ForceObjectDelete called by workers>base @gkaissisCaught ForceObjectDelete called by workers>base @gkaissisCaught ForceObjectDelete called by workers>base @gkaissisCaught ForceObjectDelete called by workers>base @gkaissisCaught ForceObjectDelete called by workers>base @gkaissisCaught ForceObjectDelete called by workers>base @gkaissisCaught ForceObjectDelete called by workers>base @gkaissisCaught ForceObjectDelete called by workers>base @gkaissisCaught ForceObjectDelete called by workers>base @gkaissisCaught ForceObjectDelete called by workers>base @gkaissisCaught ForceObjectDelete called by workers>base @gkaissisCaught ForceObjectDelete called by workers>base @gkaissisCaught ForceObjectDelete called by workers>base @gkaissisCaught ForceObjectDelete called by workers>base @gkaissisCaught ForceObjectDelete called by workers>base @gkaissisCaught ForceObjectDelete called by workers>base @gkaissisCaught ForceObjectDelete called by workers>base @gkaissisCaught ForceObjectDelete called by workers>base @gkaissisCaught ForceObjectDelete called by workers>base @gkaissisCaught ForceObjectDelete called by workers>base @gkaissisCaught ForceObjectDelete called by workers>base @gkaissisCaught ForceObjectDelete called by workers>base @gkaissisCaught ForceObjectDelete called by workers>base @gkaissisCaught ForceObjectDelete called by workers>base @gkaissisCaught ForceObjectDelete called by workers>base @gkaissisCaught ForceObjectDelete called by workers>base @gkaissisCaught ForceObjectDelete called by workers>base @gkaissisCaught ForceObjectDelete called by workers>base @gkaissisCaught ForceObjectDelete called by workers>base @gkaissisCaught ForceObjectDelete called by workers>base @gkaissisCaught ForceObjectDelete called by workers>base @gkaissisCaught ForceObjectDelete called by workers>base @gkaissisCaught ForceObjectDelete called by workers>base @gkaissisCaught ForceObjectDelete called by workers>base @gkaissisCaught ForceObjectDelete called by workers>base @gkaissisCaught ForceObjectDelete called by workers>base @gkaissisCaught ForceObjectDelete called by workers>base @gkaissisCaught ForceObjectDelete called by workers>base @gkaissisCaught ForceObjectDelete called by workers>base @gkaissisCaught ForceObjectDelete called by workers>base @gkaissisCaught ForceObjectDelete called by workers>base @gkaissisCaught ForceObjectDelete called by workers>base @gkaissisCaught ForceObjectDelete called by workers>base @gkaissisCaught ForceObjectDelete called by workers>base @gkaissisCaught ForceObjectDelete called by workers>base @gkaissisCaught ForceObjectDelete called by workers>base @gkaissisCaught ForceObjectDelete called by workers>base @gkaissisCaught ForceObjectDelete called by workers>base @gkaissisCaught ForceObjectDelete called by workers>base @gkaissisCaught ForceObjectDelete called by workers>base @gkaissisCaught ForceObjectDelete called by workers>base @gkaissisCaught ForceObjectDelete called by workers>base @gkaissisCaught ForceObjectDelete called by workers>base @gkaissisCaught ForceObjectDelete called by workers>base @gkaissisCaught ForceObjectDelete called by workers>base @gkaissisCaught ForceObjectDelete called by workers>base @gkaissisCaught ForceObjectDelete called by workers>base @gkaissisCaught ForceObjectDelete called by workers>base @gkaissisCaught ForceObjectDelete called by workers>base @gkaissisCaught ForceObjectDelete called by workers>base @gkaissisCaught ForceObjectDelete called by workers>base @gkaissisCaught ForceObjectDelete called by workers>base @gkaissisCaught ForceObjectDelete called by workers>base @gkaissisCaught ForceObjectDelete called by workers>base @gkaissisCaught ForceObjectDelete called by workers>base @gkaissisCaught ForceObjectDelete called by workers>base @gkaissisCaught ForceObjectDelete called by workers>base @gkaissisCaught ForceObjectDelete called by workers>base @gkaissisCaught ForceObjectDelete called by workers>base @gkaissisCaught ForceObjectDelete called by workers>base @gkaissisCaught ForceObjectDelete called by workers>base @gkaissisCaught ForceObjectDelete called by workers>base @gkaissisCaught ForceObjectDelete called by workers>base @gkaissisCaught ForceObjectDelete called by workers>base @gkaissisCaught ForceObjectDelete called by workers>base @gkaissisCaught ForceObjectDelete called by workers>base @gkaissisCaught ForceObjectDelete called by workers>base @gkaissisCaught ForceObjectDelete called by workers>base @gkaissisCaught ForceObjectDelete called by workers>base @gkaissisCaught ForceObjectDelete called by workers>base @gkaissisCaught ForceObjectDelete called by workers>base @gkaissisCaught ForceObjectDelete called by workers>base @gkaissisCaught ForceObjectDelete called by workers>base @gkaissisCaught ForceObjectDelete called by workers>base @gkaissisCaught ForceObjectDelete called by workers>base @gkaissisCaught ForceObjectDelete called by workers>base @gkaissisCaught ForceObjectDelete called by workers>base @gkaissisCaught ForceObjectDelete called by workers>base @gkaissisCaught ForceObjectDelete called by workers>base @gkaissisCaught ForceObjectDelete called by workers>base @gkaissisCaught ForceObjectDelete called by workers>base @gkaissisCaught ForceObjectDelete called by workers>base @gkaissisCaught ForceObjectDelete called by workers>base @gkaissisCaught ForceObjectDelete called by workers>base @gkaissisCaught ForceObjectDelete called by workers>base @gkaissisCaught ForceObjectDelete called by workers>base @gkaissisCaught ForceObjectDelete called by workers>base @gkaissisCaught ForceObjectDelete called by workers>base @gkaissisCaught ForceObjectDelete called by workers>base @gkaissisCaught ForceObjectDelete called by workers>base @gkaissisCaught ForceObjectDelete called by workers>base @gkaissisCaught ForceObjectDelete called by workers>base @gkaissisCaught ForceObjectDelete called by workers>base @gkaissisCaught ForceObjectDelete called by workers>base @gkaissisCaught ForceObjectDelete called by workers>base @gkaissisCaught ForceObjectDelete called by workers>base @gkaissisCaught ForceObjectDelete called by workers>base @gkaissisCaught ForceObjectDelete called by workers>base @gkaissisCaught ForceObjectDelete called by workers>base @gkaissisCaught ForceObjectDelete called by workers>base @gkaissisCaught ForceObjectDelete called by workers>base @gkaissisCaught ForceObjectDelete called by workers>base @gkaissisCaught ForceObjectDelete called by workers>base @gkaissisCaught ForceObjectDelete called by workers>base @gkaissisCaught ForceObjectDelete called by workers>base @gkaissisCaught ForceObjectDelete called by workers>base @gkaissisCaught ForceObjectDelete called by workers>base @gkaissisCaught ForceObjectDelete called by workers>base @gkaissisCaught ForceObjectDelete called by workers>base @gkaissisCaught ForceObjectDelete called by workers>base @gkaissisCaught ForceObjectDelete called by workers>base @gkaissisCaught ForceObjectDelete called by workers>base @gkaissisCaught ForceObjectDelete called by workers>base @gkaissisCaught ForceObjectDelete called by workers>base @gkaissisCaught ForceObjectDelete called by workers>base @gkaissisCaught ForceObjectDelete called by workers>base @gkaissisCaught ForceObjectDelete called by workers>base @gkaissisCaught ForceObjectDelete called by workers>base @gkaissisCaught ForceObjectDelete called by workers>base @gkaissisCaught ForceObjectDelete called by workers>base @gkaissisCaught ForceObjectDelete called by workers>base @gkaissisCaught ForceObjectDelete called by workers>base @gkaissisCaught ForceObjectDelete called by workers>base @gkaissisCaught ForceObjectDelete called by workers>base @gkaissisCaught ForceObjectDelete called by workers>base @gkaissisCaught ForceObjectDelete called by workers>base @gkaissisCaught ForceObjectDelete called by workers>base @gkaissisCaught ForceObjectDelete called by workers>base @gkaissisCaught ForceObjectDelete called by workers>base @gkaissisCaught ForceObjectDelete called by workers>base @gkaissisCaught ForceObjectDelete called by workers>base @gkaissisCaught ForceObjectDelete called by workers>base @gkaissisCaught ForceObjectDelete called by workers>base @gkaissisCaught ForceObjectDelete called by workers>base @gkaissisCaught ForceObjectDelete called by workers>base @gkaissisCaught ForceObjectDelete called by workers>base @gkaissisCaught ForceObjectDelete called by workers>base @gkaissisCaught ForceObjectDelete called by workers>base @gkaissisCaught ForceObjectDelete called by workers>base @gkaissisCaught ForceObjectDelete called by workers>base @gkaissisCaught ForceObjectDelete called by workers>base @gkaissisCaught ForceObjectDelete called by workers>base @gkaissisCaught ForceObjectDelete called by workers>base @gkaissisCaught ForceObjectDelete called by workers>base @gkaissisCaught ForceObjectDelete called by workers>base @gkaissisCaught ForceObjectDelete called by workers>base @gkaissisCaught ForceObjectDelete called by workers>base @gkaissisCaught ForceObjectDelete called by workers>base @gkaissisCaught ForceObjectDelete called by workers>base @gkaissisCaught ForceObjectDelete called by workers>base @gkaissisCaught ForceObjectDelete called by workers>base @gkaissisCaught ForceObjectDelete called by workers>base @gkaissisCaught ForceObjectDelete called by workers>base @gkaissisCaught ForceObjectDelete called by workers>base @gkaissisCaught ForceObjectDelete called by workers>base @gkaissisCaught ForceObjectDelete called by workers>base @gkaissisCaught ForceObjectDelete called by workers>base @gkaissisCaught ForceObjectDelete called by workers>base @gkaissisCaught ForceObjectDelete called by workers>base @gkaissisCaught ForceObjectDelete called by workers>base @gkaissisCaught ForceObjectDelete called by workers>base @gkaissisCaught ForceObjectDelete called by workers>base @gkaissisCaught ForceObjectDelete called by workers>base @gkaissisCaught ForceObjectDelete called by workers>base @gkaissisCaught ForceObjectDelete called by workers>base @gkaissisCaught ForceObjectDelete called by workers>base @gkaissisCaught ForceObjectDelete called by workers>base @gkaissisCaught ForceObjectDelete called by workers>base @gkaissisCaught ForceObjectDelete called by workers>base @gkaissisCaught ForceObjectDelete called by workers>base @gkaissisCaught ForceObjectDelete called by workers>base @gkaissisCaught ForceObjectDelete called by workers>base @gkaissisCaught ForceObjectDelete called by workers>base @gkaissisCaught ForceObjectDelete called by workers>base @gkaissisCaught ForceObjectDelete called by workers>base @gkaissisCaught ForceObjectDelete called by workers>base @gkaissisCaught ForceObjectDelete called by workers>base @gkaissisCaught ForceObjectDelete called by workers>base @gkaissisCaught ForceObjectDelete called by workers>base @gkaissisCaught ForceObjectDelete called by workers>base @gkaissisCaught ForceObjectDelete called by workers>base @gkaissisCaught ForceObjectDelete called by workers>base @gkaissisCaught ForceObjectDelete called by workers>base @gkaissisCaught ForceObjectDelete called by workers>base @gkaissisCaught ForceObjectDelete called by workers>base @gkaissisCaught ForceObjectDelete called by workers>base @gkaissisCaught ForceObjectDelete called by workers>base @gkaissisCaught ForceObjectDelete called by workers>base @gkaissisCaught ForceObjectDelete called by workers>base @gkaissisCaught ForceObjectDelete called by workers>base @gkaissisCaught ForceObjectDelete called by workers>base @gkaissisCaught ForceObjectDelete called by workers>base @gkaissisCaught ForceObjectDelete called by workers>base @gkaissisCaught ForceObjectDelete called by workers>base @gkaissisCaught ForceObjectDelete called by workers>base @gkaissisCaught ForceObjectDelete called by workers>base @gkaissisCaught ForceObjectDelete called by workers>base @gkaissisCaught ForceObjectDelete called by workers>base @gkaissisCaught ForceObjectDelete called by workers>base @gkaissisCaught ForceObjectDelete called by workers>base @gkaissisCaught ForceObjectDelete called by workers>base @gkaissisCaught ForceObjectDelete called by workers>base @gkaissisCaught ForceObjectDelete called by workers>base @gkaissisCaught ForceObjectDelete called by workers>base @gkaissisCaught ForceObjectDelete called by workers>base @gkaissisCaught ForceObjectDelete called by workers>base @gkaissisCaught ForceObjectDelete called by workers>base @gkaissisCaught ForceObjectDelete called by workers>base @gkaissisCaught ForceObjectDelete called by workers>base @gkaissisCaught ForceObjectDelete called by workers>base @gkaissisCaught ForceObjectDelete called by workers>base @gkaissisCaught ForceObjectDelete called by workers>base @gkaissisCaught ForceObjectDelete called by workers>base @gkaissisCaught ForceObjectDelete called by workers>base @gkaissisCaught ForceObjectDelete called by workers>base @gkaissisCaught ForceObjectDelete called by workers>base @gkaissisCaught ForceObjectDelete called by workers>base @gkaissisCaught ForceObjectDelete called by workers>base @gkaissisCaught ForceObjectDelete called by workers>base @gkaissisCaught ForceObjectDelete called by workers>base @gkaissisCaught ForceObjectDelete called by workers>base @gkaissisCaught ForceObjectDelete called by workers>base @gkaissisCaught ForceObjectDelete called by workers>base @gkaissisCaught ForceObjectDelete called by workers>base @gkaissisCaught ForceObjectDelete called by workers>base @gkaissisCaught ForceObjectDelete called by workers>base @gkaissisCaught ForceObjectDelete called by workers>base @gkaissisCaught ForceObjectDelete called by workers>base @gkaissisCaught ForceObjectDelete called by workers>base @gkaissisCaught ForceObjectDelete called by workers>base @gkaissisCaught ForceObjectDelete called by workers>base @gkaissisCaught ForceObjectDelete called by workers>base @gkaissisCaught ForceObjectDelete called by workers>base @gkaissisCaught ForceObjectDelete called by workers>base @gkaissisCaught ForceObjectDelete called by workers>base @gkaissisCaught ForceObjectDelete called by workers>base @gkaissisCaught ForceObjectDelete called by workers>base @gkaissisCaught ForceObjectDelete called by workers>base @gkaissisCaught ForceObjectDelete called by workers>base @gkaissisCaught ForceObjectDelete called by workers>base @gkaissisCaught ForceObjectDelete called by workers>base @gkaissisCaught ForceObjectDelete called by workers>base @gkaissisCaught ForceObjectDelete called by workers>base @gkaissisCaught ForceObjectDelete called by workers>base @gkaissisCaught ForceObjectDelete called by workers>base @gkaissisCaught ForceObjectDelete called by workers>base @gkaissisCaught ForceObjectDelete called by workers>base @gkaissisCaught ForceObjectDelete called by workers>base @gkaissisCaught ForceObjectDelete called by workers>base @gkaissisCaught ForceObjectDelete called by workers>base @gkaissisCaught ForceObjectDelete called by workers>base @gkaissisCaught ForceObjectDelete called by workers>base @gkaissisCaught ForceObjectDelete called by workers>base @gkaissisCaught ForceObjectDelete called by workers>base @gkaissisCaught ForceObjectDelete called by workers>base @gkaissisCaught ForceObjectDelete called by workers>base @gkaissisCaught ForceObjectDelete called by workers>base @gkaissisCaught ForceObjectDelete called by workers>base @gkaissisCaught ForceObjectDelete called by workers>base @gkaissisCaught ForceObjectDelete called by workers>base @gkaissisCaught ForceObjectDelete called by workers>base @gkaissisCaught ForceObjectDelete called by workers>base @gkaissisCaught ForceObjectDelete called by workers>base @gkaissisCaught ForceObjectDelete called by workers>base @gkaissisCaught ForceObjectDelete called by workers>base @gkaissisCaught ForceObjectDelete called by workers>base @gkaissisCaught ForceObjectDelete called by workers>base @gkaissisCaught ForceObjectDelete called by workers>base @gkaissisCaught ForceObjectDelete called by workers>base @gkaissisCaught ForceObjectDelete called by workers>base @gkaissisCaught ForceObjectDelete called by workers>base @gkaissisCaught ForceObjectDelete called by workers>base @gkaissisCaught ForceObjectDelete called by workers>base @gkaissisCaught ForceObjectDelete called by workers>base @gkaissisCaught ForceObjectDelete called by workers>base @gkaissisCaught ForceObjectDelete called by workers>base @gkaissisCaught ForceObjectDelete called by workers>base @gkaissisCaught ForceObjectDelete called by workers>base @gkaissisCaught ForceObjectDelete called by workers>base @gkaissisCaught ForceObjectDelete called by workers>base @gkaissisCaught ForceObjectDelete called by workers>base @gkaissisCaught ForceObjectDelete called by workers>base @gkaissisCaught ForceObjectDelete called by workers>base @gkaissisCaught ForceObjectDelete called by workers>base @gkaissisCaught ForceObjectDelete called by workers>base @gkaissisCaught ForceObjectDelete called by workers>base @gkaissisCaught ForceObjectDelete called by workers>base @gkaissisCaught ForceObjectDelete called by workers>base @gkaissisCaught ForceObjectDelete called by workers>base @gkaissisCaught ForceObjectDelete called by workers>base @gkaissisCaught ForceObjectDelete called by workers>base @gkaissisCaught ForceObjectDelete called by workers>base @gkaissisCaught ForceObjectDelete called by workers>base @gkaissisCaught ForceObjectDelete called by workers>base @gkaissisCaught ForceObjectDelete called by workers>base @gkaissisCaught ForceObjectDelete called by workers>base @gkaissisCaught ForceObjectDelete called by workers>base @gkaissisCaught ForceObjectDelete called by workers>base @gkaissisCaught ForceObjectDelete called by workers>base @gkaissisCaught ForceObjectDelete called by workers>base @gkaissisCaught ForceObjectDelete called by workers>base @gkaissisCaught ForceObjectDelete called by workers>base @gkaissisCaught ForceObjectDelete called by workers>base @gkaissisCaught ForceObjectDelete called by workers>base @gkaissisCaught ForceObjectDelete called by workers>base @gkaissisCaught ForceObjectDelete called by workers>base @gkaissisCaught ForceObjectDelete called by workers>base @gkaissisCaught ForceObjectDelete called by workers>base @gkaissisCaught ForceObjectDelete called by workers>base @gkaissisCaught ForceObjectDelete called by workers>base @gkaissisCaught ForceObjectDelete called by workers>base @gkaissisCaught ForceObjectDelete called by workers>base @gkaissisCaught ForceObjectDelete called by workers>base @gkaissisCaught ForceObjectDelete called by workers>base @gkaissisCaught ForceObjectDelete called by workers>base @gkaissisCaught ForceObjectDelete called by workers>base @gkaissisCaught ForceObjectDelete called by workers>base @gkaissisCaught ForceObjectDelete called by workers>base @gkaissisCaught ForceObjectDelete called by workers>base @gkaissisCaught ForceObjectDelete called by workers>base @gkaissisCaught ForceObjectDelete called by workers>base @gkaissisCaught ForceObjectDelete called by workers>base @gkaissisCaught ForceObjectDelete called by workers>base @gkaissisCaught ForceObjectDelete called by workers>base @gkaissisCaught ForceObjectDelete called by workers>base @gkaissisCaught ForceObjectDelete called by workers>base @gkaissisCaught ForceObjectDelete called by workers>base @gkaissisCaught ForceObjectDelete called by workers>base @gkaissisCaught ForceObjectDelete called by workers>base @gkaissisCaught ForceObjectDelete called by workers>base @gkaissisCaught ForceObjectDelete called by workers>base @gkaissisCaught ForceObjectDelete called by workers>base @gkaissisCaught ForceObjectDelete called by workers>base @gkaissisCaught ForceObjectDelete called by workers>base @gkaissisCaught ForceObjectDelete called by workers>base @gkaissisCaught ForceObjectDelete called by workers>base @gkaissisCaught ForceObjectDelete called by workers>base @gkaissisCaught ForceObjectDelete called by workers>base @gkaissisCaught ForceObjectDelete called by workers>base @gkaissisCaught ForceObjectDelete called by workers>base @gkaissisCaught ForceObjectDelete called by workers>base @gkaissisCaught ForceObjectDelete called by workers>base @gkaissisCaught ForceObjectDelete called by workers>base @gkaissisCaught ForceObjectDelete called by workers>base @gkaissisCaught ForceObjectDelete called by workers>base @gkaissisCaught ForceObjectDelete called by workers>base @gkaissisCaught ForceObjectDelete called by workers>base @gkaissisCaught ForceObjectDelete called by workers>base @gkaissisCaught ForceObjectDelete called by workers>base @gkaissisCaught ForceObjectDelete called by workers>base @gkaissisCaught ForceObjectDelete called by workers>base @gkaissisCaught ForceObjectDelete called by workers>base @gkaissisCaught ForceObjectDelete called by workers>base @gkaissisCaught ForceObjectDelete called by workers>base @gkaissisCaught ForceObjectDelete called by workers>base @gkaissisCaught ForceObjectDelete called by workers>base @gkaissisCaught ForceObjectDelete called by workers>base @gkaissisCaught ForceObjectDelete called by workers>base @gkaissisCaught ForceObjectDelete called by workers>base @gkaissisCaught ForceObjectDelete called by workers>base @gkaissisCaught ForceObjectDelete called by workers>base @gkaissisCaught ForceObjectDelete called by workers>base @gkaissisCaught ForceObjectDelete called by workers>base @gkaissisCaught ForceObjectDelete called by workers>base @gkaissisCaught ForceObjectDelete called by workers>base @gkaissisCaught ForceObjectDelete called by workers>base @gkaissisCaught ForceObjectDelete called by workers>base @gkaissisCaught ForceObjectDelete called by workers>base @gkaissisCaught ForceObjectDelete called by workers>base @gkaissisCaught ForceObjectDelete called by workers>base @gkaissisCaught ForceObjectDelete called by workers>base @gkaissisCaught ForceObjectDelete called by workers>base @gkaissisCaught ForceObjectDelete called by workers>base @gkaissisCaught ForceObjectDelete called by workers>base @gkaissisCaught ForceObjectDelete called by workers>base @gkaissisCaught ForceObjectDelete called by workers>base @gkaissisCaught ForceObjectDelete called by workers>base @gkaissisCaught ForceObjectDelete called by workers>base @gkaissisCaught ForceObjectDelete called by workers>base @gkaissisCaught ForceObjectDelete called by workers>base @gkaissisCaught ForceObjectDelete called by workers>base @gkaissisCaught ForceObjectDelete called by workers>base @gkaissisCaught ForceObjectDelete called by workers>base @gkaissisCaught ForceObjectDelete called by workers>base @gkaissisCaught ForceObjectDelete called by workers>base @gkaissisCaught ForceObjectDelete called by workers>base @gkaissisCaught ForceObjectDelete called by workers>base @gkaissisCaught ForceObjectDelete called by workers>base @gkaissisCaught ForceObjectDelete called by workers>base @gkaissisCaught ForceObjectDelete called by workers>base @gkaissisCaught ForceObjectDelete called by workers>base @gkaissisCaught ForceObjectDelete called by workers>base @gkaissisCaught ForceObjectDelete called by workers>base @gkaissisCaught ForceObjectDelete called by workers>base @gkaissisCaught ForceObjectDelete called by workers>base @gkaissisCaught ForceObjectDelete called by workers>base @gkaissisCaught ForceObjectDelete called by workers>base @gkaissisCaught ForceObjectDelete called by workers>base @gkaissisCaught ForceObjectDelete called by workers>base @gkaissisCaught ForceObjectDelete called by workers>base @gkaissisCaught ForceObjectDelete called by workers>base @gkaissisCaught ForceObjectDelete called by workers>base @gkaissisCaught ForceObjectDelete called by workers>base @gkaissisCaught ForceObjectDelete called by workers>base @gkaissisCaught ForceObjectDelete called by workers>base @gkaissisCaught ForceObjectDelete called by workers>base @gkaissisCaught ForceObjectDelete called by workers>base @gkaissisCaught ForceObjectDelete called by workers>base @gkaissisCaught ForceObjectDelete called by workers>base @gkaissisCaught ForceObjectDelete called by workers>base @gkaissisCaught ForceObjectDelete called by workers>base @gkaissisCaught ForceObjectDelete called by workers>base @gkaissisCaught ForceObjectDelete called by workers>base @gkaissisCaught ForceObjectDelete called by workers>base @gkaissisCaught ForceObjectDelete called by workers>base @gkaissisCaught ForceObjectDelete called by workers>base @gkaissisCaught ForceObjectDelete called by workers>base @gkaissisCaught ForceObjectDelete called by workers>base @gkaissisCaught ForceObjectDelete called by workers>base @gkaissisCaught ForceObjectDelete called by workers>base @gkaissisCaught ForceObjectDelete called by workers>base @gkaissisCaught ForceObjectDelete called by workers>base @gkaissisCaught ForceObjectDelete called by workers>base @gkaissisCaught ForceObjectDelete called by workers>base @gkaissisCaught ForceObjectDelete called by workers>base @gkaissisCaught ForceObjectDelete called by workers>base @gkaissisCaught ForceObjectDelete called by workers>base @gkaissisCaught ForceObjectDelete called by workers>base @gkaissisCaught ForceObjectDelete called by workers>base @gkaissisCaught ForceObjectDelete called by workers>base @gkaissisCaught ForceObjectDelete called by workers>base @gkaissisCaught ForceObjectDelete called by workers>base @gkaissisCaught ForceObjectDelete called by workers>base @gkaissisCaught ForceObjectDelete called by workers>base @gkaissisCaught ForceObjectDelete called by workers>base @gkaissisCaught ForceObjectDelete called by workers>base @gkaissisCaught ForceObjectDelete called by workers>base @gkaissisCaught ForceObjectDelete called by workers>base @gkaissisCaught ForceObjectDelete called by workers>base @gkaissisCaught ForceObjectDelete called by workers>base @gkaissisCaught ForceObjectDelete called by workers>base @gkaissisCaught ForceObjectDelete called by workers>base @gkaissisCaught ForceObjectDelete called by workers>base @gkaissisCaught ForceObjectDelete called by workers>base @gkaissisCaught ForceObjectDelete called by workers>base @gkaissisCaught ForceObjectDelete called by workers>base @gkaissisCaught ForceObjectDelete called by workers>base @gkaissisCaught ForceObjectDelete called by workers>base @gkaissisCaught ForceObjectDelete called by workers>base @gkaissisCaught ForceObjectDelete called by workers>base @gkaissisCaught ForceObjectDelete called by workers>base @gkaissisCaught ForceObjectDelete called by workers>base @gkaissisCaught ForceObjectDelete called by workers>base @gkaissisCaught ForceObjectDelete called by workers>base @gkaissisCaught ForceObjectDelete called by workers>base @gkaissisCaught ForceObjectDelete called by workers>base @gkaissisCaught ForceObjectDelete called by workers>base @gkaissisCaught ForceObjectDelete called by workers>base @gkaissisCaught ForceObjectDelete called by workers>base @gkaissisCaught ForceObjectDelete called by workers>base @gkaissisCaught ForceObjectDelete called by workers>base @gkaissisCaught ForceObjectDelete called by workers>base @gkaissisCaught ForceObjectDelete called by workers>base @gkaissisCaught ForceObjectDelete called by workers>base @gkaissisCaught ForceObjectDelete called by workers>base @gkaissisCaught ForceObjectDelete called by workers>base @gkaissisCaught ForceObjectDelete called by workers>base @gkaissisCaught ForceObjectDelete called by workers>base @gkaissisCaught ForceObjectDelete called by workers>base @gkaissisCaught ForceObjectDelete called by workers>base @gkaissisCaught ForceObjectDelete called by workers>base @gkaissisCaught ForceObjectDelete called by workers>base @gkaissisCaught ForceObjectDelete called by workers>base @gkaissisCaught ForceObjectDelete called by workers>base @gkaissisCaught ForceObjectDelete called by workers>base @gkaissisCaught ForceObjectDelete called by workers>base @gkaissisCaught ForceObjectDelete called by workers>base @gkaissisCaught ForceObjectDelete called by workers>base @gkaissisCaught ForceObjectDelete called by workers>base @gkaissisCaught ForceObjectDelete called by workers>base @gkaissisCaught ForceObjectDelete called by workers>base @gkaissisCaught ForceObjectDelete called by workers>base @gkaissisCaught ForceObjectDelete called by workers>base @gkaissisCaught ForceObjectDelete called by workers>base @gkaissisCaught ForceObjectDelete called by workers>base @gkaissisCaught ForceObjectDelete called by workers>base @gkaissisCaught ForceObjectDelete called by workers>base @gkaissisCaught ForceObjectDelete called by workers>base @gkaissisCaught ForceObjectDelete called by workers>base @gkaissisCaught ForceObjectDelete called by workers>base @gkaissisCaught ForceObjectDelete called by workers>base @gkaissisCaught ForceObjectDelete called by workers>base @gkaissisCaught ForceObjectDelete called by workers>base @gkaissisCaught ForceObjectDelete called by workers>base @gkaissisCaught ForceObjectDelete called by workers>base @gkaissisCaught ForceObjectDelete called by workers>base @gkaissisCaught ForceObjectDelete called by workers>base @gkaissisCaught ForceObjectDelete called by workers>base @gkaissisCaught ForceObjectDelete called by workers>base @gkaissisCaught ForceObjectDelete called by workers>base @gkaissisCaught ForceObjectDelete called by workers>base @gkaissisCaught ForceObjectDelete called by workers>base @gkaissisCaught ForceObjectDelete called by workers>base @gkaissisCaught ForceObjectDelete called by workers>base @gkaissisCaught ForceObjectDelete called by workers>base @gkaissisCaught ForceObjectDelete called by workers>base @gkaissisCaught ForceObjectDelete called by workers>base @gkaissisCaught ForceObjectDelete called by workers>base @gkaissisCaught ForceObjectDelete called by workers>base @gkaissisCaught ForceObjectDelete called by workers>base @gkaissisCaught ForceObjectDelete called by workers>base @gkaissisCaught ForceObjectDelete called by workers>base @gkaissisCaught ForceObjectDelete called by workers>base @gkaissisCaught ForceObjectDelete called by workers>base @gkaissisCaught ForceObjectDelete called by workers>base @gkaissisCaught ForceObjectDelete called by workers>base @gkaissisCaught ForceObjectDelete called by workers>base @gkaissisCaught ForceObjectDelete called by workers>base @gkaissisCaught ForceObjectDelete called by workers>base @gkaissisCaught ForceObjectDelete called by workers>base @gkaissisCaught ForceObjectDelete called by workers>base @gkaissisCaught ForceObjectDelete called by workers>base @gkaissisCaught ForceObjectDelete called by workers>base @gkaissisCaught ForceObjectDelete called by workers>base @gkaissisCaught ForceObjectDelete called by workers>base @gkaissisCaught ForceObjectDelete called by workers>base @gkaissisCaught ForceObjectDelete called by workers>base @gkaissisCaught ForceObjectDelete called by workers>base @gkaissisCaught ForceObjectDelete called by workers>base @gkaissisCaught ForceObjectDelete called by workers>base @gkaissisCaught ForceObjectDelete called by workers>base @gkaissisCaught ForceObjectDelete called by workers>base @gkaissisCaught ForceObjectDelete called by workers>base @gkaissisCaught ForceObjectDelete called by workers>base @gkaissisCaught ForceObjectDelete called by workers>base @gkaissisCaught ForceObjectDelete called by workers>base @gkaissisCaught ForceObjectDelete called by workers>base @gkaissisCaught ForceObjectDelete called by workers>base @gkaissisCaught ForceObjectDelete called by workers>base @gkaissisCaught ForceObjectDelete called by workers>base @gkaissisCaught ForceObjectDelete called by workers>base @gkaissisCaught ForceObjectDelete called by workers>base @gkaissisCaught ForceObjectDelete called by workers>base @gkaissisCaught ForceObjectDelete called by workers>base @gkaissisCaught ForceObjectDelete called by workers>base @gkaissisCaught ForceObjectDelete called by workers>base @gkaissisCaught ForceObjectDelete called by workers>base @gkaissisCaught ForceObjectDelete called by workers>base @gkaissisCaught ForceObjectDelete called by workers>base @gkaissisCaught ForceObjectDelete called by workers>base @gkaissisCaught ForceObjectDelete called by workers>base @gkaissisCaught ForceObjectDelete called by workers>base @gkaissisCaught ForceObjectDelete called by workers>base @gkaissisCaught ForceObjectDelete called by workers>base @gkaissisCaught ForceObjectDelete called by workers>base @gkaissisCaught ForceObjectDelete called by workers>base @gkaissisCaught ForceObjectDelete called by workers>base @gkaissisCaught ForceObjectDelete called by workers>base @gkaissisCaught ForceObjectDelete called by workers>base @gkaissisCaught ForceObjectDelete called by workers>base @gkaissisCaught ForceObjectDelete called by workers>base @gkaissisCaught ForceObjectDelete called by workers>base @gkaissisCaught ForceObjectDelete called by workers>base @gkaissisCaught ForceObjectDelete called by workers>base @gkaissisCaught ForceObjectDelete called by workers>base @gkaissisCaught ForceObjectDelete called by workers>base @gkaissisCaught ForceObjectDelete called by workers>base @gkaissisCaught ForceObjectDelete called by workers>base @gkaissisCaught ForceObjectDelete called by workers>base @gkaissisCaught ForceObjectDelete called by workers>base @gkaissisCaught ForceObjectDelete called by workers>base @gkaissisCaught ForceObjectDelete called by workers>base @gkaissisCaught ForceObjectDelete called by workers>base @gkaissisCaught ForceObjectDelete called by workers>base @gkaissisCaught ForceObjectDelete called by workers>base @gkaissisCaught ForceObjectDelete called by workers>base @gkaissisCaught ForceObjectDelete called by workers>base @gkaissisCaught ForceObjectDelete called by workers>base @gkaissisCaught ForceObjectDelete called by workers>base @gkaissisCaught ForceObjectDelete called by workers>base @gkaissisCaught ForceObjectDelete called by workers>base @gkaissisCaught ForceObjectDelete called by workers>base @gkaissisCaught ForceObjectDelete called by workers>base @gkaissisCaught ForceObjectDelete called by workers>base @gkaissisCaught ForceObjectDelete called by workers>base @gkaissisCaught ForceObjectDelete called by workers>base @gkaissisCaught ForceObjectDelete called by workers>base @gkaissisCaught ForceObjectDelete called by workers>base @gkaissisCaught ForceObjectDelete called by workers>base @gkaissisCaught ForceObjectDelete called by workers>base @gkaissisCaught ForceObjectDelete called by workers>base @gkaissisCaught ForceObjectDelete called by workers>base @gkaissisCaught ForceObjectDelete called by workers>base @gkaissisCaught ForceObjectDelete called by workers>base @gkaissisCaught ForceObjectDelete called by workers>base @gkaissisCaught ForceObjectDelete called by workers>base @gkaissisCaught ForceObjectDelete called by workers>base @gkaissisCaught ForceObjectDelete called by workers>base @gkaissisCaught ForceObjectDelete called by workers>base @gkaissisCaught ForceObjectDelete called by workers>base @gkaissisCaught ForceObjectDelete called by workers>base @gkaissisCaught ForceObjectDelete called by workers>base @gkaissisCaught ForceObjectDelete called by workers>base @gkaissisCaught ForceObjectDelete called by workers>base @gkaissisCaught ForceObjectDelete called by workers>base @gkaissisCaught ForceObjectDelete called by workers>base @gkaissisCaught ForceObjectDelete called by workers>base @gkaissisCaught ForceObjectDelete called by workers>base @gkaissisCaught ForceObjectDelete called by workers>base @gkaissisCaught ForceObjectDelete called by workers>base @gkaissisCaught ForceObjectDelete called by workers>base @gkaissisCaught ForceObjectDelete called by workers>base @gkaissisCaught ForceObjectDelete called by workers>base @gkaissisCaught ForceObjectDelete called by workers>base @gkaissisCaught ForceObjectDelete called by workers>base @gkaissisCaught ForceObjectDelete called by workers>base @gkaissisCaught ForceObjectDelete called by workers>base @gkaissisCaught ForceObjectDelete called by workers>base @gkaissisCaught ForceObjectDelete called by workers>base @gkaissisCaught ForceObjectDelete called by workers>base @gkaissisCaught ForceObjectDelete called by workers>base @gkaissisCaught ForceObjectDelete called by workers>base @gkaissisCaught ForceObjectDelete called by workers>base @gkaissisCaught ForceObjectDelete called by workers>base @gkaissisCaught ForceObjectDelete called by workers>base @gkaissisCaught ForceObjectDelete called by workers>base @gkaissisCaught ForceObjectDelete called by workers>base @gkaissisCaught ForceObjectDelete called by workers>base @gkaissisCaught ForceObjectDelete called by workers>base @gkaissisCaught ForceObjectDelete called by workers>base @gkaissisCaught ForceObjectDelete called by workers>base @gkaissisCaught ForceObjectDelete called by workers>base @gkaissisCaught ForceObjectDelete called by workers>base @gkaissisCaught ForceObjectDelete called by workers>base @gkaissisCaught ForceObjectDelete called by workers>base @gkaissisCaught ForceObjectDelete called by workers>base @gkaissisCaught ForceObjectDelete called by workers>base @gkaissisCaught ForceObjectDelete called by workers>base @gkaissisCaught ForceObjectDelete called by workers>base @gkaissisCaught ForceObjectDelete called by workers>base @gkaissisCaught ForceObjectDelete called by workers>base @gkaissisCaught ForceObjectDelete called by workers>base @gkaissisCaught ForceObjectDelete called by workers>base @gkaissisCaught ForceObjectDelete called by workers>base @gkaissisCaught ForceObjectDelete called by workers>base @gkaissisCaught ForceObjectDelete called by workers>base @gkaissisCaught ForceObjectDelete called by workers>base @gkaissisCaught ForceObjectDelete called by workers>base @gkaissisCaught ForceObjectDelete called by workers>base @gkaissisCaught ForceObjectDelete called by workers>base @gkaissisCaught ForceObjectDelete called by workers>base @gkaissisCaught ForceObjectDelete called by workers>base @gkaissisCaught ForceObjectDelete called by workers>base @gkaissisCaught ForceObjectDelete called by workers>base @gkaissisCaught ForceObjectDelete called by workers>base @gkaissisCaught ForceObjectDelete called by workers>base @gkaissisCaught ForceObjectDelete called by workers>base @gkaissisCaught ForceObjectDelete called by workers>base @gkaissisCaught ForceObjectDelete called by workers>base @gkaissisCaught ForceObjectDelete called by workers>base @gkaissisCaught ForceObjectDelete called by workers>base @gkaissisCaught ForceObjectDelete called by workers>base @gkaissisCaught ForceObjectDelete called by workers>base @gkaissisCaught ForceObjectDelete called by workers>base @gkaissisCaught ForceObjectDelete called by workers>base @gkaissisCaught ForceObjectDelete called by workers>base @gkaissisCaught ForceObjectDelete called by workers>base @gkaissisCaught ForceObjectDelete called by workers>base @gkaissisCaught ForceObjectDelete called by workers>base @gkaissisCaught ForceObjectDelete called by workers>base @gkaissisCaught ForceObjectDelete called by workers>base @gkaissisCaught ForceObjectDelete called by workers>base @gkaissisCaught ForceObjectDelete called by workers>base @gkaissisCaught ForceObjectDelete called by workers>base @gkaissisCaught ForceObjectDelete called by workers>base @gkaissisCaught ForceObjectDelete called by workers>base @gkaissisCaught ForceObjectDelete called by workers>base @gkaissisCaught ForceObjectDelete called by workers>base @gkaissisCaught ForceObjectDelete called by workers>base @gkaissisCaught ForceObjectDelete called by workers>base @gkaissisCaught ForceObjectDelete called by workers>base @gkaissisCaught ForceObjectDelete called by workers>base @gkaissisCaught ForceObjectDelete called by workers>base @gkaissisCaught ForceObjectDelete called by workers>base @gkaissisCaught ForceObjectDelete called by workers>base @gkaissisCaught ForceObjectDelete called by workers>base @gkaissisCaught ForceObjectDelete called by workers>base @gkaissisCaught ForceObjectDelete called by workers>base @gkaissisCaught ForceObjectDelete called by workers>base @gkaissisCaught ForceObjectDelete called by workers>base @gkaissisCaught ForceObjectDelete called by workers>base @gkaissisCaught ForceObjectDelete called by workers>base @gkaissisCaught ForceObjectDelete called by workers>base @gkaissisCaught ForceObjectDelete called by workers>base @gkaissisCaught ForceObjectDelete called by workers>base @gkaissisCaught ForceObjectDelete called by workers>base @gkaissisCaught ForceObjectDelete called by workers>base @gkaissisCaught ForceObjectDelete called by workers>base @gkaissisCaught ForceObjectDelete called by workers>base @gkaissisCaught ForceObjectDelete called by workers>base @gkaissisCaught ForceObjectDelete called by workers>base @gkaissisCaught ForceObjectDelete called by workers>base @gkaissisCaught ForceObjectDelete called by workers>base @gkaissisCaught ForceObjectDelete called by workers>base @gkaissisCaught ForceObjectDelete called by workers>base @gkaissisCaught ForceObjectDelete called by workers>base @gkaissisCaught ForceObjectDelete called by workers>base @gkaissisCaught ForceObjectDelete called by workers>base @gkaissisCaught ForceObjectDelete called by workers>base @gkaissisCaught ForceObjectDelete called by workers>base @gkaissisCaught ForceObjectDelete called by workers>base @gkaissisCaught ForceObjectDelete called by workers>base @gkaissisCaught ForceObjectDelete called by workers>base @gkaissisCaught ForceObjectDelete called by workers>base @gkaissisCaught ForceObjectDelete called by workers>base @gkaissisCaught ForceObjectDelete called by workers>base @gkaissisCaught ForceObjectDelete called by workers>base @gkaissisCaught ForceObjectDelete called by workers>base @gkaissisCaught ForceObjectDelete called by workers>base @gkaissisCaught ForceObjectDelete called by workers>base @gkaissisCaught ForceObjectDelete called by workers>base @gkaissisCaught ForceObjectDelete called by workers>base @gkaissisCaught ForceObjectDelete called by workers>base @gkaissisCaught ForceObjectDelete called by workers>base @gkaissisCaught ForceObjectDelete called by workers>base @gkaissisCaught ForceObjectDelete called by workers>base @gkaissisCaught ForceObjectDelete called by workers>base @gkaissisCaught ForceObjectDelete called by workers>base @gkaissisCaught ForceObjectDelete called by workers>base @gkaissisCaught ForceObjectDelete called by workers>base @gkaissisCaught ForceObjectDelete called by workers>base @gkaissisCaught ForceObjectDelete called by workers>base @gkaissisCaught ForceObjectDelete called by workers>base @gkaissisCaught ForceObjectDelete called by workers>base @gkaissisCaught ForceObjectDelete called by workers>base @gkaissisCaught ForceObjectDelete called by workers>base @gkaissisCaught ForceObjectDelete called by workers>base @gkaissisCaught ForceObjectDelete called by workers>base @gkaissisCaught ForceObjectDelete called by workers>base @gkaissisCaught ForceObjectDelete called by workers>base @gkaissisCaught ForceObjectDelete called by workers>base @gkaissisCaught ForceObjectDelete called by workers>base @gkaissisCaught ForceObjectDelete called by workers>base @gkaissisCaught ForceObjectDelete called by workers>base @gkaissisCaught ForceObjectDelete called by workers>base @gkaissisCaught ForceObjectDelete called by workers>base @gkaissisCaught ForceObjectDelete called by workers>base @gkaissisCaught ForceObjectDelete called by workers>base @gkaissisCaught ForceObjectDelete called by workers>base @gkaissisCaught ForceObjectDelete called by workers>base @gkaissisCaught ForceObjectDelete called by workers>base @gkaissisCaught ForceObjectDelete called by workers>base @gkaissisCaught ForceObjectDelete called by workers>base @gkaissisCaught ForceObjectDelete called by workers>base @gkaissisCaught ForceObjectDelete called by workers>base @gkaissisCaught ForceObjectDelete called by workers>base @gkaissisCaught ForceObjectDelete called by workers>base @gkaissisCaught ForceObjectDelete called by workers>base @gkaissisCaught ForceObjectDelete called by workers>base @gkaissisCaught ForceObjectDelete called by workers>base @gkaissisCaught ForceObjectDelete called by workers>base @gkaissisCaught ForceObjectDelete called by workers>base @gkaissisCaught ForceObjectDelete called by workers>base @gkaissisCaught ForceObjectDelete called by workers>base @gkaissisCaught ForceObjectDelete called by workers>base @gkaissisCaught ForceObjectDelete called by workers>base @gkaissisCaught ForceObjectDelete called by workers>base @gkaissisCaught ForceObjectDelete called by workers>base @gkaissisCaught ForceObjectDelete called by workers>base @gkaissisCaught ForceObjectDelete called by workers>base @gkaissisCaught ForceObjectDelete called by workers>base @gkaissisCaught ForceObjectDelete called by workers>base @gkaissisCaught ForceObjectDelete called by workers>base @gkaissisCaught ForceObjectDelete called by workers>base @gkaissisCaught ForceObjectDelete called by workers>base @gkaissisCaught ForceObjectDelete called by workers>base @gkaissisCaught ForceObjectDelete called by workers>base @gkaissisCaught ForceObjectDelete called by workers>base @gkaissisCaught ForceObjectDelete called by workers>base @gkaissisCaught ForceObjectDelete called by workers>base @gkaissisCaught ForceObjectDelete called by workers>base @gkaissisCaught ForceObjectDelete called by workers>base @gkaissisCaught ForceObjectDelete called by workers>base @gkaissisCaught ForceObjectDelete called by workers>base @gkaissisCaught ForceObjectDelete called by workers>base @gkaissisCaught ForceObjectDelete called by workers>base @gkaissisCaught ForceObjectDelete called by workers>base @gkaissisCaught ForceObjectDelete called by workers>base @gkaissisCaught ForceObjectDelete called by workers>base @gkaissisCaught ForceObjectDelete called by workers>base @gkaissisCaught ForceObjectDelete called by workers>base @gkaissisCaught ForceObjectDelete called by workers>base @gkaissisCaught ForceObjectDelete called by workers>base @gkaissisCaught ForceObjectDelete called by workers>base @gkaissisCaught ForceObjectDelete called by workers>base @gkaissisCaught ForceObjectDelete called by workers>base @gkaissisCaught ForceObjectDelete called by workers>base @gkaissisCaught ForceObjectDelete called by workers>base @gkaissisCaught ForceObjectDelete called by workers>base @gkaissisCaught ForceObjectDelete called by workers>base @gkaissisCaught ForceObjectDelete called by workers>base @gkaissisCaught ForceObjectDelete called by workers>base @gkaissisCaught ForceObjectDelete called by workers>base @gkaissisCaught ForceObjectDelete called by workers>base @gkaissisCaught ForceObjectDelete called by workers>base @gkaissisCaught ForceObjectDelete called by workers>base @gkaissisCaught ForceObjectDelete called by workers>base @gkaissisCaught ForceObjectDelete called by workers>base @gkaissisCaught ForceObjectDelete called by workers>base @gkaissisCaught ForceObjectDelete called by workers>base @gkaissisCaught ForceObjectDelete called by workers>base @gkaissisCaught ForceObjectDelete called by workers>base @gkaissisCaught ForceObjectDelete called by workers>base @gkaissisCaught ForceObjectDelete called by workers>base @gkaissisCaught ForceObjectDelete called by workers>base @gkaissisCaught ForceObjectDelete called by workers>base @gkaissisCaught ForceObjectDelete called by workers>base @gkaissisCaught ForceObjectDelete called by workers>base @gkaissisCaught ForceObjectDelete called by workers>base @gkaissisCaught ForceObjectDelete called by workers>base @gkaissisCaught ForceObjectDelete called by workers>base @gkaissisCaught ForceObjectDelete called by workers>base @gkaissisCaught ForceObjectDelete called by workers>base @gkaissisCaught ForceObjectDelete called by workers>base @gkaissisCaught ForceObjectDelete called by workers>base @gkaissisCaught ForceObjectDelete called by workers>base @gkaissisCaught ForceObjectDelete called by workers>base @gkaissisCaught ForceObjectDelete called by workers>base @gkaissisCaught ForceObjectDelete called by workers>base @gkaissisCaught ForceObjectDelete called by workers>base @gkaissisCaught ForceObjectDelete called by workers>base @gkaissisCaught ForceObjectDelete called by workers>base @gkaissisCaught ForceObjectDelete called by workers>base @gkaissisCaught ForceObjectDelete called by workers>base @gkaissisCaught ForceObjectDelete called by workers>base @gkaissisCaught ForceObjectDelete called by workers>base @gkaissisCaught ForceObjectDelete called by workers>base @gkaissisCaught ForceObjectDelete called by workers>base @gkaissisCaught ForceObjectDelete called by workers>base @gkaissisCaught ForceObjectDelete called by workers>base @gkaissisCaught ForceObjectDelete called by workers>base @gkaissisCaught ForceObjectDelete called by workers>base @gkaissisCaught ForceObjectDelete called by workers>base @gkaissisCaught ForceObjectDelete called by workers>base @gkaissisCaught ForceObjectDelete called by workers>base @gkaissisCaught ForceObjectDelete called by workers>base @gkaissisCaught ForceObjectDelete called by workers>base @gkaissisCaught ForceObjectDelete called by workers>base @gkaissisCaught ForceObjectDelete called by workers>base @gkaissisCaught ForceObjectDelete called by workers>base @gkaissisCaught ForceObjectDelete called by workers>base @gkaissisCaught ForceObjectDelete called by workers>base @gkaissisCaught ForceObjectDelete called by workers>base @gkaissisCaught ForceObjectDelete called by workers>base @gkaissisCaught ForceObjectDelete called by workers>base @gkaissisCaught ForceObjectDelete called by workers>base @gkaissisCaught ForceObjectDelete called by workers>base @gkaissisCaught ForceObjectDelete called by workers>base @gkaissisCaught ForceObjectDelete called by workers>base @gkaissisCaught ForceObjectDelete called by workers>base @gkaissisCaught ForceObjectDelete called by workers>base @gkaissisCaught ForceObjectDelete called by workers>base @gkaissisCaught ForceObjectDelete called by workers>base @gkaissisCaught ForceObjectDelete called by workers>base @gkaissisCaught ForceObjectDelete called by workers>base @gkaissisCaught ForceObjectDelete called by workers>base @gkaissisCaught ForceObjectDelete called by workers>base @gkaissisCaught ForceObjectDelete called by workers>base @gkaissisCaught ForceObjectDelete called by workers>base @gkaissisCaught ForceObjectDelete called by workers>base @gkaissisCaught ForceObjectDelete called by workers>base @gkaissisCaught ForceObjectDelete called by workers>base @gkaissisCaught ForceObjectDelete called by workers>base @gkaissisCaught ForceObjectDelete called by workers>base @gkaissisCaught ForceObjectDelete called by workers>base @gkaissisCaught ForceObjectDelete called by workers>base @gkaissisCaught ForceObjectDelete called by workers>base @gkaissisCaught ForceObjectDelete called by workers>base @gkaissisCaught ForceObjectDelete called by workers>base @gkaissisCaught ForceObjectDelete called by workers>base @gkaissisCaught ForceObjectDelete called by workers>base @gkaissisCaught ForceObjectDelete called by workers>base @gkaissisCaught ForceObjectDelete called by workers>base @gkaissisCaught ForceObjectDelete called by workers>base @gkaissisCaught ForceObjectDelete called by workers>base @gkaissisCaught ForceObjectDelete called by workers>base @gkaissisCaught ForceObjectDelete called by workers>base @gkaissisCaught ForceObjectDelete called by workers>base @gkaissisCaught ForceObjectDelete called by workers>base @gkaissisCaught ForceObjectDelete called by workers>base @gkaissisCaught ForceObjectDelete called by workers>base @gkaissisCaught ForceObjectDelete called by workers>base @gkaissisCaught ForceObjectDelete called by workers>base @gkaissisCaught ForceObjectDelete called by workers>base @gkaissisCaught ForceObjectDelete called by workers>base @gkaissisCaught ForceObjectDelete called by workers>base @gkaissisCaught ForceObjectDelete called by workers>base @gkaissisCaught ForceObjectDelete called by workers>base @gkaissisCaught ForceObjectDelete called by workers>base @gkaissisCaught ForceObjectDelete called by workers>base @gkaissisCaught ForceObjectDelete called by workers>base @gkaissisCaught ForceObjectDelete called by workers>base @gkaissisCaught ForceObjectDelete called by workers>base @gkaissisCaught ForceObjectDelete called by workers>base @gkaissisCaught ForceObjectDelete called by workers>base @gkaissisCaught ForceObjectDelete called by workers>base @gkaissisCaught ForceObjectDelete called by workers>base @gkaissisCaught ForceObjectDelete called by workers>base @gkaissisCaught ForceObjectDelete called by workers>base @gkaissisCaught ForceObjectDelete called by workers>base @gkaissisCaught ForceObjectDelete called by workers>base @gkaissisCaught ForceObjectDelete called by workers>base @gkaissisCaught ForceObjectDelete called by workers>base @gkaissisCaught ForceObjectDelete called by workers>base @gkaissisCaught ForceObjectDelete called by workers>base @gkaissisCaught ForceObjectDelete called by workers>base @gkaissisCaught ForceObjectDelete called by workers>base @gkaissisCaught ForceObjectDelete called by workers>base @gkaissisCaught ForceObjectDelete called by workers>base @gkaissisCaught ForceObjectDelete called by workers>base @gkaissisCaught ForceObjectDelete called by workers>base @gkaissisCaught ForceObjectDelete called by workers>base @gkaissisCaught ForceObjectDelete called by workers>base @gkaissisCaught ForceObjectDelete called by workers>base @gkaissisCaught ForceObjectDelete called by workers>base @gkaissisCaught ForceObjectDelete called by workers>base @gkaissisCaught ForceObjectDelete called by workers>base @gkaissisCaught ForceObjectDelete called by workers>base @gkaissisCaught ForceObjectDelete called by workers>base @gkaissisCaught ForceObjectDelete called by workers>base @gkaissisCaught ForceObjectDelete called by workers>base @gkaissisCaught ForceObjectDelete called by workers>base @gkaissisCaught ForceObjectDelete called by workers>base @gkaissisCaught ForceObjectDelete called by workers>base @gkaissisCaught ForceObjectDelete called by workers>base @gkaissisCaught ForceObjectDelete called by workers>base @gkaissisCaught ForceObjectDelete called by workers>base @gkaissisCaught ForceObjectDelete called by workers>base @gkaissisCaught ForceObjectDelete called by workers>base @gkaissisCaught ForceObjectDelete called by workers>base @gkaissisCaught ForceObjectDelete called by workers>base @gkaissisCaught ForceObjectDelete called by workers>base @gkaissisCaught ForceObjectDelete called by workers>base @gkaissisCaught ForceObjectDelete called by workers>base @gkaissisCaught ForceObjectDelete called by workers>base @gkaissisCaught ForceObjectDelete called by workers>base @gkaissisCaught ForceObjectDelete called by workers>base @gkaissisCaught ForceObjectDelete called by workers>base @gkaissisCaught ForceObjectDelete called by workers>base @gkaissisCaught ForceObjectDelete called by workers>base @gkaissisCaught ForceObjectDelete called by workers>base @gkaissisCaught ForceObjectDelete called by workers>base @gkaissisCaught ForceObjectDelete called by workers>base @gkaissisCaught ForceObjectDelete called by workers>base @gkaissisCaught ForceObjectDelete called by workers>base @gkaissisCaught ForceObjectDelete called by workers>base @gkaissisCaught ForceObjectDelete called by workers>base @gkaissisCaught ForceObjectDelete called by workers>base @gkaissisCaught ForceObjectDelete called by workers>base @gkaissisCaught ForceObjectDelete called by workers>base @gkaissisCaught ForceObjectDelete called by workers>base @gkaissisCaught ForceObjectDelete called by workers>base @gkaissisCaught ForceObjectDelete called by workers>base @gkaissisCaught ForceObjectDelete called by workers>base @gkaissisCaught ForceObjectDelete called by workers>base @gkaissisCaught ForceObjectDelete called by workers>base @gkaissisCaught ForceObjectDelete called by workers>base @gkaissisCaught ForceObjectDelete called by workers>base @gkaissisCaught ForceObjectDelete called by workers>base @gkaissisCaught ForceObjectDelete called by workers>base @gkaissisCaught ForceObjectDelete called by workers>base @gkaissisCaught ForceObjectDelete called by workers>base @gkaissisCaught ForceObjectDelete called by workers>base @gkaissisCaught ForceObjectDelete called by workers>base @gkaissisCaught ForceObjectDelete called by workers>base @gkaissisCaught ForceObjectDelete called by workers>base @gkaissisCaught ForceObjectDelete called by workers>base @gkaissisCaught ForceObjectDelete called by workers>base @gkaissisCaught ForceObjectDelete called by workers>base @gkaissisCaught ForceObjectDelete called by workers>base @gkaissisCaught ForceObjectDelete called by workers>base @gkaissisCaught ForceObjectDelete called by workers>base @gkaissisCaught ForceObjectDelete called by workers>base @gkaissisCaught ForceObjectDelete called by workers>base @gkaissisCaught ForceObjectDelete called by workers>base @gkaissisCaught ForceObjectDelete called by workers>base @gkaissisCaught ForceObjectDelete called by workers>base @gkaissisCaught ForceObjectDelete called by workers>base @gkaissisCaught ForceObjectDelete called by workers>base @gkaissisCaught ForceObjectDelete called by workers>base @gkaissisCaught ForceObjectDelete called by workers>base @gkaissisCaught ForceObjectDelete called by workers>base @gkaissisCaught ForceObjectDelete called by workers>base @gkaissisCaught ForceObjectDelete called by workers>base @gkaissisCaught ForceObjectDelete called by workers>base @gkaissisCaught ForceObjectDelete called by workers>base @gkaissisCaught ForceObjectDelete called by workers>base @gkaissisCaught ForceObjectDelete called by workers>base @gkaissisCaught ForceObjectDelete called by workers>base @gkaissisCaught ForceObjectDelete called by workers>base @gkaissisCaught ForceObjectDelete called by workers>base @gkaissisCaught ForceObjectDelete called by workers>base @gkaissisCaught ForceObjectDelete called by workers>base @gkaissisCaught ForceObjectDelete called by workers>base @gkaissisCaught ForceObjectDelete called by workers>base @gkaissisCaught ForceObjectDelete called by workers>base @gkaissisCaught ForceObjectDelete called by workers>base @gkaissisCaught ForceObjectDelete called by workers>base @gkaissisCaught ForceObjectDelete called by workers>base @gkaissisCaught ForceObjectDelete called by workers>base @gkaissisCaught ForceObjectDelete called by workers>base @gkaissisCaught ForceObjectDelete called by workers>base @gkaissisCaught ForceObjectDelete called by workers>base @gkaissisCaught ForceObjectDelete called by workers>base @gkaissisCaught ForceObjectDelete called by workers>base @gkaissisCaught ForceObjectDelete called by workers>base @gkaissisCaught ForceObjectDelete called by workers>base @gkaissisCaught ForceObjectDelete called by workers>base @gkaissisCaught ForceObjectDelete called by workers>base @gkaissisCaught ForceObjectDelete called by workers>base @gkaissisCaught ForceObjectDelete called by workers>base @gkaissisCaught ForceObjectDelete called by workers>base @gkaissisCaught ForceObjectDelete called by workers>base @gkaissisCaught ForceObjectDelete called by workers>base @gkaissisCaught ForceObjectDelete called by workers>base @gkaissisCaught ForceObjectDelete called by workers>base @gkaissisCaught ForceObjectDelete called by workers>base @gkaissisCaught ForceObjectDelete called by workers>base @gkaissisCaught ForceObjectDelete called by workers>base @gkaissisCaught ForceObjectDelete called by workers>base @gkaissisCaught ForceObjectDelete called by workers>base @gkaissisCaught ForceObjectDelete called by workers>base @gkaissisCaught ForceObjectDelete called by workers>base @gkaissisCaught ForceObjectDelete called by workers>base @gkaissisCaught ForceObjectDelete called by workers>base @gkaissisCaught ForceObjectDelete called by workers>base @gkaissisCaught ForceObjectDelete called by workers>base @gkaissisCaught ForceObjectDelete called by workers>base @gkaissisCaught ForceObjectDelete called by workers>base @gkaissisCaught ForceObjectDelete called by workers>base @gkaissisCaught ForceObjectDelete called by workers>base @gkaissisCaught ForceObjectDelete called by workers>base @gkaissisCaught ForceObjectDelete called by workers>base @gkaissisCaught ForceObjectDelete called by workers>base @gkaissisCaught ForceObjectDelete called by workers>base @gkaissisCaught ForceObjectDelete called by workers>base @gkaissisCaught ForceObjectDelete called by workers>base @gkaissisCaught ForceObjectDelete called by workers>base @gkaissisCaught ForceObjectDelete called by workers>base @gkaissisCaught ForceObjectDelete called by workers>base @gkaissisCaught ForceObjectDelete called by workers>base @gkaissisCaught ForceObjectDelete called by workers>base @gkaissisCaught ForceObjectDelete called by workers>base @gkaissisCaught ForceObjectDelete called by workers>base @gkaissisCaught ForceObjectDelete called by workers>base @gkaissisCaught ForceObjectDelete called by workers>base @gkaissisCaught ForceObjectDelete called by workers>base @gkaissisCaught ForceObjectDelete called by workers>base @gkaissisCaught ForceObjectDelete called by workers>base @gkaissisCaught ForceObjectDelete called by workers>base @gkaissisCaught ForceObjectDelete called by workers>base @gkaissisCaught ForceObjectDelete called by workers>base @gkaissisCaught ForceObjectDelete called by workers>base @gkaissisCaught ForceObjectDelete called by workers>base @gkaissisCaught ForceObjectDelete called by workers>base @gkaissisCaught ForceObjectDelete called by workers>base @gkaissisCaught ForceObjectDelete called by workers>base @gkaissisCaught ForceObjectDelete called by workers>base @gkaissisCaught ForceObjectDelete called by workers>base @gkaissisCaught ForceObjectDelete called by workers>base @gkaissisCaught ForceObjectDelete called by workers>base @gkaissisCaught ForceObjectDelete called by workers>base @gkaissisCaught ForceObjectDelete called by workers>base @gkaissisCaught ForceObjectDelete called by workers>base @gkaissisCaught ForceObjectDelete called by workers>base @gkaissisCaught ForceObjectDelete called by workers>base @gkaissisCaught ForceObjectDelete called by workers>base @gkaissisCaught ForceObjectDelete called by workers>base @gkaissisCaught ForceObjectDelete called by workers>base @gkaissisCaught ForceObjectDelete called by workers>base @gkaissisCaught ForceObjectDelete called by workers>base @gkaissisCaught ForceObjectDelete called by workers>base @gkaissisCaught ForceObjectDelete called by workers>base @gkaissisCaught ForceObjectDelete called by workers>base @gkaissisCaught ForceObjectDelete called by workers>base @gkaissisCaught ForceObjectDelete called by workers>base @gkaissisCaught ForceObjectDelete called by workers>base @gkaissisCaught ForceObjectDelete called by workers>base @gkaissisCaught ForceObjectDelete called by workers>base @gkaissisCaught ForceObjectDelete called by workers>base @gkaissisCaught ForceObjectDelete called by workers>base @gkaissisCaught ForceObjectDelete called by workers>base @gkaissisCaught ForceObjectDelete called by workers>base @gkaissisCaught ForceObjectDelete called by workers>base @gkaissisCaught ForceObjectDelete called by workers>base @gkaissisCaught ForceObjectDelete called by workers>base @gkaissisCaught ForceObjectDelete called by workers>base @gkaissisCaught ForceObjectDelete called by workers>base @gkaissisCaught ForceObjectDelete called by workers>base @gkaissisCaught ForceObjectDelete called by workers>base @gkaissisCaught ForceObjectDelete called by workers>base @gkaissisCaught ForceObjectDelete called by workers>base @gkaissisCaught ForceObjectDelete called by workers>base @gkaissisCaught ForceObjectDelete called by workers>base @gkaissisCaught ForceObjectDelete called by workers>base @gkaissisCaught ForceObjectDelete called by workers>base @gkaissisCaught ForceObjectDelete called by workers>base @gkaissisCaught ForceObjectDelete called by workers>base @gkaissisCaught ForceObjectDelete called by workers>base @gkaissisCaught ForceObjectDelete called by workers>base @gkaissisCaught ForceObjectDelete called by workers>base @gkaissisCaught ForceObjectDelete called by workers>base @gkaissisCaught ForceObjectDelete called by workers>base @gkaissisCaught ForceObjectDelete called by workers>base @gkaissisCaught ForceObjectDelete called by workers>base @gkaissisCaught ForceObjectDelete called by workers>base @gkaissisCaught ForceObjectDelete called by workers>base @gkaissisCaught ForceObjectDelete called by workers>base @gkaissisCaught ForceObjectDelete called by workers>base @gkaissisCaught ForceObjectDelete called by workers>base @gkaissisCaught ForceObjectDelete called by workers>base @gkaissisCaught ForceObjectDelete called by workers>base @gkaissisCaught ForceObjectDelete called by workers>base @gkaissisCaught ForceObjectDelete called by workers>base @gkaissisCaught ForceObjectDelete called by workers>base @gkaissisCaught ForceObjectDelete called by workers>base @gkaissisCaught ForceObjectDelete called by workers>base @gkaissisCaught ForceObjectDelete called by workers>base @gkaissisCaught ForceObjectDelete called by workers>base @gkaissisCaught ForceObjectDelete called by workers>base @gkaissisCaught ForceObjectDelete called by workers>base @gkaissisCaught ForceObjectDelete called by workers>base @gkaissisCaught ForceObjectDelete called by workers>base @gkaissisCaught ForceObjectDelete called by workers>base @gkaissisCaught ForceObjectDelete called by workers>base @gkaissisCaught ForceObjectDelete called by workers>base @gkaissisCaught ForceObjectDelete called by workers>base @gkaissisCaught ForceObjectDelete called by workers>base @gkaissisCaught ForceObjectDelete called by workers>base @gkaissisCaught ForceObjectDelete called by workers>base @gkaissisCaught ForceObjectDelete called by workers>base @gkaissisCaught ForceObjectDelete called by workers>base @gkaissisCaught ForceObjectDelete called by workers>base @gkaissisCaught ForceObjectDelete called by workers>base @gkaissisCaught ForceObjectDelete called by workers>base @gkaissisCaught ForceObjectDelete called by workers>base @gkaissisCaught ForceObjectDelete called by workers>base @gkaissisCaught ForceObjectDelete called by workers>base @gkaissisCaught ForceObjectDelete called by workers>base @gkaissisCaught ForceObjectDelete called by workers>base @gkaissisCaught ForceObjectDelete called by workers>base @gkaissisCaught ForceObjectDelete called by workers>base @gkaissisCaught ForceObjectDelete called by workers>base @gkaissisCaught ForceObjectDelete called by workers>base @gkaissisCaught ForceObjectDelete called by workers>base @gkaissisCaught ForceObjectDelete called by workers>base @gkaissisCaught ForceObjectDelete called by workers>base @gkaissisCaught ForceObjectDelete called by workers>base @gkaissisCaught ForceObjectDelete called by workers>base @gkaissisCaught ForceObjectDelete called by workers>base @gkaissisCaught ForceObjectDelete called by workers>base @gkaissisCaught ForceObjectDelete called by workers>base @gkaissisCaught ForceObjectDelete called by workers>base @gkaissisCaught ForceObjectDelete called by workers>base @gkaissisCaught ForceObjectDelete called by workers>base @gkaissisCaught ForceObjectDelete called by workers>base @gkaissisCaught ForceObjectDelete called by workers>base @gkaissisCaught ForceObjectDelete called by workers>base @gkaissisCaught ForceObjectDelete called by workers>base @gkaissisCaught ForceObjectDelete called by workers>base @gkaissisCaught ForceObjectDelete called by workers>base @gkaissisCaught ForceObjectDelete called by workers>base @gkaissisCaught ForceObjectDelete called by workers>base @gkaissisCaught ForceObjectDelete called by workers>base @gkaissisCaught ForceObjectDelete called by workers>base @gkaissisCaught ForceObjectDelete called by workers>base @gkaissisCaught ForceObjectDelete called by workers>base @gkaissisCaught ForceObjectDelete called by workers>base @gkaissisCaught ForceObjectDelete called by workers>base @gkaissisCaught ForceObjectDelete called by workers>base @gkaissisCaught ForceObjectDelete called by workers>base @gkaissisCaught ForceObjectDelete called by workers>base @gkaissisCaught ForceObjectDelete called by workers>base @gkaissisCaught ForceObjectDelete called by workers>base @gkaissisCaught ForceObjectDelete called by workers>base @gkaissisCaught ForceObjectDelete called by workers>base @gkaissisCaught ForceObjectDelete called by workers>base @gkaissisCaught ForceObjectDelete called by workers>base @gkaissisCaught ForceObjectDelete called by workers>base @gkaissisCaught ForceObjectDelete called by workers>base @gkaissisCaught ForceObjectDelete called by workers>base @gkaissisCaught ForceObjectDelete called by workers>base @gkaissisCaught ForceObjectDelete called by workers>base @gkaissisCaught ForceObjectDelete called by workers>base @gkaissisCaught ForceObjectDelete called by workers>base @gkaissisCaught ForceObjectDelete called by workers>base @gkaissisCaught ForceObjectDelete called by workers>base @gkaissisCaught ForceObjectDelete called by workers>base @gkaissisCaught ForceObjectDelete called by workers>base @gkaissisCaught ForceObjectDelete called by workers>base @gkaissisCaught ForceObjectDelete called by workers>base @gkaissisCaught ForceObjectDelete called by workers>base @gkaissisCaught ForceObjectDelete called by workers>base @gkaissisCaught ForceObjectDelete called by workers>base @gkaissisCaught ForceObjectDelete called by workers>base @gkaissisCaught ForceObjectDelete called by workers>base @gkaissisCaught ForceObjectDelete called by workers>base @gkaissisCaught ForceObjectDelete called by workers>base @gkaissisCaught ForceObjectDelete called by workers>base @gkaissisCaught ForceObjectDelete called by workers>base @gkaissisCaught ForceObjectDelete called by workers>base @gkaissisCaught ForceObjectDelete called by workers>base @gkaissisCaught ForceObjectDelete called by workers>base @gkaissisCaught ForceObjectDelete called by workers>base @gkaissisCaught ForceObjectDelete called by workers>base @gkaissisCaught ForceObjectDelete called by workers>base @gkaissisCaught ForceObjectDelete called by workers>base @gkaissisCaught ForceObjectDelete called by workers>base @gkaissisCaught ForceObjectDelete called by workers>base @gkaissisCaught ForceObjectDelete called by workers>base @gkaissisCaught ForceObjectDelete called by workers>base @gkaissisCaught ForceObjectDelete called by workers>base @gkaissisCaught ForceObjectDelete called by workers>base @gkaissisCaught ForceObjectDelete called by workers>base @gkaissisCaught ForceObjectDelete called by workers>base @gkaissisCaught ForceObjectDelete called by workers>base @gkaissisCaught ForceObjectDelete called by workers>base @gkaissisCaught ForceObjectDelete called by workers>base @gkaissisCaught ForceObjectDelete called by workers>base @gkaissisCaught ForceObjectDelete called by workers>base @gkaissisCaught ForceObjectDelete called by workers>base @gkaissisCaught ForceObjectDelete called by workers>base @gkaissisCaught ForceObjectDelete called by workers>base @gkaissisCaught ForceObjectDelete called by workers>base @gkaissisCaught ForceObjectDelete called by workers>base @gkaissisCaught ForceObjectDelete called by workers>base @gkaissisCaught ForceObjectDelete called by workers>base @gkaissisCaught ForceObjectDelete called by workers>base @gkaissisCaught ForceObjectDelete called by workers>base @gkaissisCaught ForceObjectDelete called by workers>base @gkaissisCaught ForceObjectDelete called by workers>base @gkaissisCaught ForceObjectDelete called by workers>base @gkaissisCaught ForceObjectDelete called by workers>base @gkaissisCaught ForceObjectDelete called by workers>base @gkaissisCaught ForceObjectDelete called by workers>base @gkaissisCaught ForceObjectDelete called by workers>base @gkaissisCaught ForceObjectDelete called by workers>base @gkaissisCaught ForceObjectDelete called by workers>base @gkaissisCaught ForceObjectDelete called by workers>base @gkaissisCaught ForceObjectDelete called by workers>base @gkaissisCaught ForceObjectDelete called by workers>base @gkaissisCaught ForceObjectDelete called by workers>base @gkaissisCaught ForceObjectDelete called by workers>base @gkaissisCaught ForceObjectDelete called by workers>base @gkaissisCaught ForceObjectDelete called by workers>base @gkaissisCaught ForceObjectDelete called by workers>base @gkaissisCaught ForceObjectDelete called by workers>base @gkaissisCaught ForceObjectDelete called by workers>base @gkaissisCaught ForceObjectDelete called by workers>base @gkaissisCaught ForceObjectDelete called by workers>base @gkaissisCaught ForceObjectDelete called by workers>base @gkaissisCaught ForceObjectDelete called by workers>base @gkaissisCaught ForceObjectDelete called by workers>base @gkaissisCaught ForceObjectDelete called by workers>base @gkaissisCaught ForceObjectDelete called by workers>base @gkaissisCaught ForceObjectDelete called by workers>base @gkaissisCaught ForceObjectDelete called by workers>base @gkaissisCaught ForceObjectDelete called by workers>base @gkaissisCaught ForceObjectDelete called by workers>base @gkaissisCaught ForceObjectDelete called by workers>base @gkaissisCaught ForceObjectDelete called by workers>base @gkaissisCaught ForceObjectDelete called by workers>base @gkaissisCaught ForceObjectDelete called by workers>base @gkaissisCaught ForceObjectDelete called by workers>base @gkaissisCaught ForceObjectDelete called by workers>base @gkaissisCaught ForceObjectDelete called by workers>base @gkaissisCaught ForceObjectDelete called by workers>base @gkaissisCaught ForceObjectDelete called by workers>base @gkaissisCaught ForceObjectDelete called by workers>base @gkaissisCaught ForceObjectDelete called by workers>base @gkaissisCaught ForceObjectDelete called by workers>base @gkaissisCaught ForceObjectDelete called by workers>base @gkaissisCaught ForceObjectDelete called by workers>base @gkaissisCaught ForceObjectDelete called by workers>base @gkaissisCaught ForceObjectDelete called by workers>base @gkaissisCaught ForceObjectDelete called by workers>base @gkaissisCaught ForceObjectDelete called by workers>base @gkaissisCaught ForceObjectDelete called by workers>base @gkaissisCaught ForceObjectDelete called by workers>base @gkaissisCaught ForceObjectDelete called by workers>base @gkaissisCaught ForceObjectDelete called by workers>base @gkaissisCaught ForceObjectDelete called by workers>base @gkaissisCaught ForceObjectDelete called by workers>base @gkaissisCaught ForceObjectDelete called by workers>base @gkaissisCaught ForceObjectDelete called by workers>base @gkaissisCaught ForceObjectDelete called by workers>base @gkaissisCaught ForceObjectDelete called by workers>base @gkaissisCaught ForceObjectDelete called by workers>base @gkaissisCaught ForceObjectDelete called by workers>base @gkaissisCaught ForceObjectDelete called by workers>base @gkaissisCaught ForceObjectDelete called by workers>base @gkaissisCaught ForceObjectDelete called by workers>base @gkaissisCaught ForceObjectDelete called by workers>base @gkaissisCaught ForceObjectDelete called by workers>base @gkaissisCaught ForceObjectDelete called by workers>base @gkaissisCaught ForceObjectDelete called by workers>base @gkaissisCaught ForceObjectDelete called by workers>base @gkaissisCaught ForceObjectDelete called by workers>base @gkaissisCaught ForceObjectDelete called by workers>base @gkaissisCaught ForceObjectDelete called by workers>base @gkaissisCaught ForceObjectDelete called by workers>base @gkaissisCaught ForceObjectDelete called by workers>base @gkaissisCaught ForceObjectDelete called by workers>base @gkaissisCaught ForceObjectDelete called by workers>base @gkaissisCaught ForceObjectDelete called by workers>base @gkaissisCaught ForceObjectDelete called by workers>base @gkaissisCaught ForceObjectDelete called by workers>base @gkaissisCaught ForceObjectDelete called by workers>base @gkaissisCaught ForceObjectDelete called by workers>base @gkaissisCaught ForceObjectDelete called by workers>base @gkaissisCaught ForceObjectDelete called by workers>base @gkaissisCaught ForceObjectDelete called by workers>base @gkaissisCaught ForceObjectDelete called by workers>base @gkaissisCaught ForceObjectDelete called by workers>base @gkaissisCaught ForceObjectDelete called by workers>base @gkaissisCaught ForceObjectDelete called by workers>base @gkaissisCaught ForceObjectDelete called by workers>base @gkaissisCaught ForceObjectDelete called by workers>base @gkaissisCaught ForceObjectDelete called by workers>base @gkaissisCaught ForceObjectDelete called by workers>base @gkaissisCaught ForceObjectDelete called by workers>base @gkaissisCaught ForceObjectDelete called by workers>base @gkaissisCaught ForceObjectDelete called by workers>base @gkaissisCaught ForceObjectDelete called by workers>base @gkaissisCaught ForceObjectDelete called by workers>base @gkaissisCaught ForceObjectDelete called by workers>base @gkaissisCaught ForceObjectDelete called by workers>base @gkaissisCaught ForceObjectDelete called by workers>base @gkaissisCaught ForceObjectDelete called by workers>base @gkaissisCaught ForceObjectDelete called by workers>base @gkaissisCaught ForceObjectDelete called by workers>base @gkaissisCaught ForceObjectDelete called by workers>base @gkaissisCaught ForceObjectDelete called by workers>base @gkaissisCaught ForceObjectDelete called by workers>base @gkaissisCaught ForceObjectDelete called by workers>base @gkaissisCaught ForceObjectDelete called by workers>base @gkaissisCaught ForceObjectDelete called by workers>base @gkaissisCaught ForceObjectDelete called by workers>base @gkaissisCaught ForceObjectDelete called by workers>base @gkaissisCaught ForceObjectDelete called by workers>base @gkaissisCaught ForceObjectDelete called by workers>base @gkaissisCaught ForceObjectDelete called by workers>base @gkaissisCaught ForceObjectDelete called by workers>base @gkaissisCaught ForceObjectDelete called by workers>base @gkaissisCaught ForceObjectDelete called by workers>base @gkaissisCaught ForceObjectDelete called by workers>base @gkaissisCaught ForceObjectDelete called by workers>base @gkaissisCaught ForceObjectDelete called by workers>base @gkaissisCaught ForceObjectDelete called by workers>base @gkaissisCaught ForceObjectDelete called by workers>base @gkaissisCaught ForceObjectDelete called by workers>base @gkaissisCaught ForceObjectDelete called by workers>base @gkaissisCaught ForceObjectDelete called by workers>base @gkaissisCaught ForceObjectDelete called by workers>base @gkaissisCaught ForceObjectDelete called by workers>base @gkaissisCaught ForceObjectDelete called by workers>base @gkaissisCaught ForceObjectDelete called by workers>base @gkaissisCaught ForceObjectDelete called by workers>base @gkaissisCaught ForceObjectDelete called by workers>base @gkaissisCaught ForceObjectDelete called by workers>base @gkaissisCaught ForceObjectDelete called by workers>base @gkaissisCaught ForceObjectDelete called by workers>base @gkaissisCaught ForceObjectDelete called by workers>base @gkaissisCaught ForceObjectDelete called by workers>base @gkaissisCaught ForceObjectDelete called by workers>base @gkaissisCaught ForceObjectDelete called by workers>base @gkaissisCaught ForceObjectDelete called by workers>base @gkaissisCaught ForceObjectDelete called by workers>base @gkaissisCaught ForceObjectDelete called by workers>base @gkaissisCaught ForceObjectDelete called by workers>base @gkaissisCaught ForceObjectDelete called by workers>base @gkaissisCaught ForceObjectDelete called by workers>base @gkaissisCaught ForceObjectDelete called by workers>base @gkaissisCaught ForceObjectDelete called by workers>base @gkaissisCaught ForceObjectDelete called by workers>base @gkaissisCaught ForceObjectDelete called by workers>base @gkaissisCaught ForceObjectDelete called by workers>base @gkaissisCaught ForceObjectDelete called by workers>base @gkaissisCaught ForceObjectDelete called by workers>base @gkaissisCaught ForceObjectDelete called by workers>base @gkaissisCaught ForceObjectDelete called by workers>base @gkaissisCaught ForceObjectDelete called by workers>base @gkaissisCaught ForceObjectDelete called by workers>base @gkaissisCaught ForceObjectDelete called by workers>base @gkaissisCaught ForceObjectDelete called by workers>base @gkaissisCaught ForceObjectDelete called by workers>base @gkaissisCaught ForceObjectDelete called by workers>base @gkaissisCaught ForceObjectDelete called by workers>base @gkaissisCaught ForceObjectDelete called by workers>base @gkaissisCaught ForceObjectDelete called by workers>base @gkaissisCaught ForceObjectDelete called by workers>base @gkaissisCaught ForceObjectDelete called by workers>base @gkaissisCaught ForceObjectDelete called by workers>base @gkaissisCaught ForceObjectDelete called by workers>base @gkaissisCaught ForceObjectDelete called by workers>base @gkaissisCaught ForceObjectDelete called by workers>base @gkaissisCaught ForceObjectDelete called by workers>base @gkaissisCaught ForceObjectDelete called by workers>base @gkaissisCaught ForceObjectDelete called by workers>base @gkaissisCaught ForceObjectDelete called by workers>base @gkaissisCaught ForceObjectDelete called by workers>base @gkaissisCaught ForceObjectDelete called by workers>base @gkaissisCaught ForceObjectDelete called by workers>base @gkaissisCaught ForceObjectDelete called by workers>base @gkaissisCaught ForceObjectDelete called by workers>base @gkaissisCaught ForceObjectDelete called by workers>base @gkaissisCaught ForceObjectDelete called by workers>base @gkaissisCaught ForceObjectDelete called by workers>base @gkaissisCaught ForceObjectDelete called by workers>base @gkaissisCaught ForceObjectDelete called by workers>base @gkaissisCaught ForceObjectDelete called by workers>base @gkaissisCaught ForceObjectDelete called by workers>base @gkaissisCaught ForceObjectDelete called by workers>base @gkaissisCaught ForceObjectDelete called by workers>base @gkaissisCaught ForceObjectDelete called by workers>base @gkaissisCaught ForceObjectDelete called by workers>base @gkaissisCaught ForceObjectDelete called by workers>base @gkaissisCaught ForceObjectDelete called by workers>base @gkaissisCaught ForceObjectDelete called by workers>base @gkaissisCaught ForceObjectDelete called by workers>base @gkaissisCaught ForceObjectDelete called by workers>base @gkaissisCaught ForceObjectDelete called by workers>base @gkaissisCaught ForceObjectDelete called by workers>base @gkaissisCaught ForceObjectDelete called by workers>base @gkaissisCaught ForceObjectDelete called by workers>base @gkaissisCaught ForceObjectDelete called by workers>base @gkaissisCaught ForceObjectDelete called by workers>base @gkaissisCaught ForceObjectDelete called by workers>base @gkaissisCaught ForceObjectDelete called by workers>base @gkaissisCaught ForceObjectDelete called by workers>base @gkaissisCaught ForceObjectDelete called by workers>base @gkaissisCaught ForceObjectDelete called by workers>base @gkaissisCaught ForceObjectDelete called by workers>base @gkaissisCaught ForceObjectDelete called by workers>base @gkaissisCaught ForceObjectDelete called by workers>base @gkaissisCaught ForceObjectDelete called by workers>base @gkaissisCaught ForceObjectDelete called by workers>base @gkaissisCaught ForceObjectDelete called by workers>base @gkaissisCaught ForceObjectDelete called by workers>base @gkaissisCaught ForceObjectDelete called by workers>base @gkaissisCaught ForceObjectDelete called by workers>base @gkaissisCaught ForceObjectDelete called by workers>base @gkaissisCaught ForceObjectDelete called by workers>base @gkaissisCaught ForceObjectDelete called by workers>base @gkaissisCaught ForceObjectDelete called by workers>base @gkaissisCaught ForceObjectDelete called by workers>base @gkaissisCaught ForceObjectDelete called by workers>base @gkaissisCaught ForceObjectDelete called by workers>base @gkaissisCaught ForceObjectDelete called by workers>base @gkaissisCaught ForceObjectDelete called by workers>base @gkaissisCaught ForceObjectDelete called by workers>base @gkaissisCaught ForceObjectDelete called by workers>base @gkaissisCaught ForceObjectDelete called by workers>base @gkaissisCaught ForceObjectDelete called by workers>base @gkaissisCaught ForceObjectDelete called by workers>base @gkaissisCaught ForceObjectDelete called by workers>base @gkaissisCaught ForceObjectDelete called by workers>base @gkaissisCaught ForceObjectDelete called by workers>base @gkaissisCaught ForceObjectDelete called by workers>base @gkaissisCaught ForceObjectDelete called by workers>base @gkaissisCaught ForceObjectDelete called by workers>base @gkaissisCaught ForceObjectDelete called by workers>base @gkaissisCaught ForceObjectDelete called by workers>base @gkaissisCaught ForceObjectDelete called by workers>base @gkaissisCaught ForceObjectDelete called by workers>base @gkaissisCaught ForceObjectDelete called by workers>base @gkaissisCaught ForceObjectDelete called by workers>base @gkaissisCaught ForceObjectDelete called by workers>base @gkaissisCaught ForceObjectDelete called by workers>base @gkaissisCaught ForceObjectDelete called by workers>base @gkaissisCaught ForceObjectDelete called by workers>base @gkaissisCaught ForceObjectDelete called by workers>base @gkaissisCaught ForceObjectDelete called by workers>base @gkaissisCaught ForceObjectDelete called by workers>base @gkaissisCaught ForceObjectDelete called by workers>base @gkaissisCaught ForceObjectDelete called by workers>base @gkaissisCaught ForceObjectDelete called by workers>base @gkaissisCaught ForceObjectDelete called by workers>base @gkaissisCaught ForceObjectDelete called by workers>base @gkaissisCaught ForceObjectDelete called by workers>base @gkaissisCaught ForceObjectDelete called by workers>base @gkaissisCaught ForceObjectDelete called by workers>base @gkaissisCaught ForceObjectDelete called by workers>base @gkaissisCaught ForceObjectDelete called by workers>base @gkaissisCaught ForceObjectDelete called by workers>base @gkaissisCaught ForceObjectDelete called by workers>base @gkaissisCaught ForceObjectDelete called by workers>base @gkaissisCaught ForceObjectDelete called by workers>base @gkaissisCaught ForceObjectDelete called by workers>base @gkaissisCaught ForceObjectDelete called by workers>base @gkaissisCaught ForceObjectDelete called by workers>base @gkaissisCaught ForceObjectDelete called by workers>base @gkaissisCaught ForceObjectDelete called by workers>base @gkaissisCaught ForceObjectDelete called by workers>base @gkaissisCaught ForceObjectDelete called by workers>base @gkaissisCaught ForceObjectDelete called by workers>base @gkaissisCaught ForceObjectDelete called by workers>base @gkaissisCaught ForceObjectDelete called by workers>base @gkaissisCaught ForceObjectDelete called by workers>base @gkaissisCaught ForceObjectDelete called by workers>base @gkaissisCaught ForceObjectDelete called by workers>base @gkaissisCaught ForceObjectDelete called by workers>base @gkaissisCaught ForceObjectDelete called by workers>base @gkaissisCaught ForceObjectDelete called by workers>base @gkaissisCaught ForceObjectDelete called by workers>base @gkaissisCaught ForceObjectDelete called by workers>base @gkaissisCaught ForceObjectDelete called by workers>base @gkaissisCaught ForceObjectDelete called by workers>base @gkaissisCaught ForceObjectDelete called by workers>base @gkaissisCaught ForceObjectDelete called by workers>base @gkaissisCaught ForceObjectDelete called by workers>base @gkaissisCaught ForceObjectDelete called by workers>base @gkaissisCaught ForceObjectDelete called by workers>base @gkaissisCaught ForceObjectDelete called by workers>base @gkaissisCaught ForceObjectDelete called by workers>base @gkaissisCaught ForceObjectDelete called by workers>base @gkaissisCaught ForceObjectDelete called by workers>base @gkaissisCaught ForceObjectDelete called by workers>base @gkaissisCaught ForceObjectDelete called by workers>base @gkaissisCaught ForceObjectDelete called by workers>base @gkaissisCaught ForceObjectDelete called by workers>base @gkaissisCaught ForceObjectDelete called by workers>base @gkaissisCaught ForceObjectDelete called by workers>base @gkaissisCaught ForceObjectDelete called by workers>base @gkaissisCaught ForceObjectDelete called by workers>base @gkaissisCaught ForceObjectDelete called by workers>base @gkaissisCaught ForceObjectDelete called by workers>base @gkaissisCaught ForceObjectDelete called by workers>base @gkaissisCaught ForceObjectDelete called by workers>base @gkaissisCaught ForceObjectDelete called by workers>base @gkaissisCaught ForceObjectDelete called by workers>base @gkaissisCaught ForceObjectDelete called by workers>base @gkaissisCaught ForceObjectDelete called by workers>base @gkaissisCaught ForceObjectDelete called by workers>base @gkaissisCaught ForceObjectDelete called by workers>base @gkaissisCaught ForceObjectDelete called by workers>base @gkaissisCaught ForceObjectDelete called by workers>base @gkaissisCaught ForceObjectDelete called by workers>base @gkaissisCaught ForceObjectDelete called by workers>base @gkaissisCaught ForceObjectDelete called by workers>base @gkaissisCaught ForceObjectDelete called by workers>base @gkaissisCaught ForceObjectDelete called by workers>base @gkaissisCaught ForceObjectDelete called by workers>base @gkaissisCaught ForceObjectDelete called by workers>base @gkaissisCaught ForceObjectDelete called by workers>base @gkaissisCaught ForceObjectDelete called by workers>base @gkaissisCaught ForceObjectDelete called by workers>base @gkaissisCaught ForceObjectDelete called by workers>base @gkaissisCaught ForceObjectDelete called by workers>base @gkaissisCaught ForceObjectDelete called by workers>base @gkaissisCaught ForceObjectDelete called by workers>base @gkaissisCaught ForceObjectDelete called by workers>base @gkaissisCaught ForceObjectDelete called by workers>base @gkaissisCaught ForceObjectDelete called by workers>base @gkaissisCaught ForceObjectDelete called by workers>base @gkaissisCaught ForceObjectDelete called by workers>base @gkaissisCaught ForceObjectDelete called by workers>base @gkaissisCaught ForceObjectDelete called by workers>base @gkaissisCaught ForceObjectDelete called by workers>base @gkaissisCaught ForceObjectDelete called by workers>base @gkaissisCaught ForceObjectDelete called by workers>base @gkaissisCaught ForceObjectDelete called by workers>base @gkaissisCaught ForceObjectDelete called by workers>base @gkaissisCaught ForceObjectDelete called by workers>base @gkaissisCaught ForceObjectDelete called by workers>base @gkaissisCaught ForceObjectDelete called by workers>base @gkaissisCaught ForceObjectDelete called by workers>base @gkaissisCaught ForceObjectDelete called by workers>base @gkaissisCaught ForceObjectDelete called by workers>base @gkaissisCaught ForceObjectDelete called by workers>base @gkaissisCaught ForceObjectDelete called by workers>base @gkaissisCaught ForceObjectDelete called by workers>base @gkaissisCaught ForceObjectDelete called by workers>base @gkaissisCaught ForceObjectDelete called by workers>base @gkaissisCaught ForceObjectDelete called by workers>base @gkaissisCaught ForceObjectDelete called by workers>base @gkaissisCaught ForceObjectDelete called by workers>base @gkaissisCaught ForceObjectDelete called by workers>base @gkaissisCaught ForceObjectDelete called by workers>base @gkaissisCaught ForceObjectDelete called by workers>base @gkaissisCaught ForceObjectDelete called by workers>base @gkaissisCaught ForceObjectDelete called by workers>base @gkaissisCaught ForceObjectDelete called by workers>base @gkaissisCaught ForceObjectDelete called by workers>base @gkaissisCaught ForceObjectDelete called by workers>base @gkaissisCaught ForceObjectDelete called by workers>base @gkaissisCaught ForceObjectDelete called by workers>base @gkaissisCaught ForceObjectDelete called by workers>base @gkaissisCaught ForceObjectDelete called by workers>base @gkaissisCaught ForceObjectDelete called by workers>base @gkaissisCaught ForceObjectDelete called by workers>base @gkaissisCaught ForceObjectDelete called by workers>base @gkaissisCaught ForceObjectDelete called by workers>base @gkaissisCaught ForceObjectDelete called by workers>base @gkaissisCaught ForceObjectDelete called by workers>base @gkaissisCaught ForceObjectDelete called by workers>base @gkaissisCaught ForceObjectDelete called by workers>base @gkaissisCaught ForceObjectDelete called by workers>base @gkaissisCaught ForceObjectDelete called by workers>base @gkaissisCaught ForceObjectDelete called by workers>base @gkaissisCaught ForceObjectDelete called by workers>base @gkaissisCaught ForceObjectDelete called by workers>base @gkaissisCaught ForceObjectDelete called by workers>base @gkaissisCaught ForceObjectDelete called by workers>base @gkaissisCaught ForceObjectDelete called by workers>base @gkaissisCaught ForceObjectDelete called by workers>base @gkaissisCaught ForceObjectDelete called by workers>base @gkaissisCaught ForceObjectDelete called by workers>base @gkaissisCaught ForceObjectDelete called by workers>base @gkaissisCaught ForceObjectDelete called by workers>base @gkaissisCaught ForceObjectDelete called by workers>base @gkaissisCaught ForceObjectDelete called by workers>base @gkaissisCaught ForceObjectDelete called by workers>base @gkaissisCaught ForceObjectDelete called by workers>base @gkaissisCaught ForceObjectDelete called by workers>base @gkaissisCaught ForceObjectDelete called by workers>base @gkaissisCaught ForceObjectDelete called by workers>base @gkaissisCaught ForceObjectDelete called by workers>base @gkaissisCaught ForceObjectDelete called by workers>base @gkaissisCaught ForceObjectDelete called by workers>base @gkaissisCaught ForceObjectDelete called by workers>base @gkaissisCaught ForceObjectDelete called by workers>base @gkaissisCaught ForceObjectDelete called by workers>base @gkaissisCaught ForceObjectDelete called by workers>base @gkaissisCaught ForceObjectDelete called by workers>base @gkaissisCaught ForceObjectDelete called by workers>base @gkaissisCaught ForceObjectDelete called by workers>base @gkaissisCaught ForceObjectDelete called by workers>base @gkaissisCaught ForceObjectDelete called by workers>base @gkaissisCaught ForceObjectDelete called by workers>base @gkaissisCaught ForceObjectDelete called by workers>base @gkaissisCaught ForceObjectDelete called by workers>base @gkaissisCaught ForceObjectDelete called by workers>base @gkaissisCaught ForceObjectDelete called by workers>base @gkaissisCaught ForceObjectDelete called by workers>base @gkaissisCaught ForceObjectDelete called by workers>base @gkaissisCaught ForceObjectDelete called by workers>base @gkaissisCaught ForceObjectDelete called by workers>base @gkaissisCaught ForceObjectDelete called by workers>base @gkaissisCaught ForceObjectDelete called by workers>base @gkaissisCaught ForceObjectDelete called by workers>base @gkaissisCaught ForceObjectDelete called by workers>base @gkaissisCaught ForceObjectDelete called by workers>base @gkaissisCaught ForceObjectDelete called by workers>base @gkaissisCaught ForceObjectDelete called by workers>base @gkaissisCaught ForceObjectDelete called by workers>base @gkaissisCaught ForceObjectDelete called by workers>base @gkaissisCaught ForceObjectDelete called by workers>base @gkaissisCaught ForceObjectDelete called by workers>base @gkaissisCaught ForceObjectDelete called by workers>base @gkaissisCaught ForceObjectDelete called by workers>base @gkaissisCaught ForceObjectDelete called by workers>base @gkaissisde_register_obj called by generic>pointers>object_pointer @gkaissis
Train batch 0: 100%|██████████| 3/3 [00:06<00:00,  2.16s/it]
                                                            Training with secure aggregation: 100%|██████████| 1/1 [00:06<00:00,  6.52s/it]                                                                               Caught ForceObjectDelete called by workers>base @gkaissisCaught ForceObjectDelete called by workers>base @gkaissisCaught ForceObjectDelete called by workers>base @gkaissisCaught ForceObjectDelete called by workers>base @gkaissistesting epoch 3:   0%|          | 0/12 [00:00<?, ?it/s]testing epoch 3:  33%|███▎      | 4/12 [00:00<00:00, 38.22it/s]testing epoch 3:  58%|█████▊    | 7/12 [00:00<00:00, 33.74it/s]testing epoch 3:  83%|████████▎ | 10/12 [00:00<00:00, 32.49it/s]                                                                Caught ForceObjectDelete called by workers>base @gkaissisCaught ForceObjectDelete called by workers>base @gkaissisCaught ForceObjectDelete called by workers>base @gkaissisCaught ForceObjectDelete called by workers>base @gkaissisCaught ForceObjectDelete called by workers>base @gkaissisCaught ForceObjectDelete called by workers>base @gkaissisCaught ForceObjectDelete called by workers>base @gkaissisCaught ForceObjectDelete called by workers>base @gkaissisCaught ForceObjectDelete called by workers>base @gkaissisCaught ForceObjectDelete called by workers>base @gkaissisCaught ForceObjectDelete called by workers>base @gkaissisCaught ForceObjectDelete called by workers>base @gkaissisCaught ForceObjectDelete called by workers>base @gkaissisCaught ForceObjectDelete called by workers>base @gkaissisCaught ForceObjectDelete called by workers>base @gkaissisCaught ForceObjectDelete called by workers>base @gkaissisCaught ForceObjectDelete called by workers>base @gkaissisCaught ForceObjectDelete called by workers>base @gkaissisCaught ForceObjectDelete called by workers>base @gkaissisCaught ForceObjectDelete called by workers>base @gkaissisCaught ForceObjectDelete called by workers>base @gkaissisCaught ForceObjectDelete called by workers>base @gkaissisCaught ForceObjectDelete called by workers>base @gkaissisCaught ForceObjectDelete called by workers>base @gkaissisCaught ForceObjectDelete called by workers>base @gkaissisCaught ForceObjectDelete called by workers>base @gkaissisCaught ForceObjectDelete called by workers>base @gkaissisCaught ForceObjectDelete called by workers>base @gkaissisCaught ForceObjectDelete called by workers>base @gkaissisCaught ForceObjectDelete called by workers>base @gkaissisCaught ForceObjectDelete called by workers>base @gkaissisCaught ForceObjectDelete called by workers>base @gkaissisCaught ForceObjectDelete called by workers>base @gkaissisCaught ForceObjectDelete called by workers>base @gkaissisCaught ForceObjectDelete called by workers>base @gkaissisCaught ForceObjectDelete called by workers>base @gkaissisCaught ForceObjectDelete called by workers>base @gkaissisCaught ForceObjectDelete called by workers>base @gkaissisCaught ForceObjectDelete called by workers>base @gkaissisCaught ForceObjectDelete called by workers>base @gkaissisCaught ForceObjectDelete called by workers>base @gkaissisCaught ForceObjectDelete called by workers>base @gkaissisCaught ForceObjectDelete called by workers>base @gkaissisCaught ForceObjectDelete called by workers>base @gkaissisCaught ForceObjectDelete called by workers>base @gkaissisCaught ForceObjectDelete called by workers>base @gkaissisCaught ForceObjectDelete called by workers>base @gkaissisCaught ForceObjectDelete called by workers>base @gkaissisCaught ForceObjectDelete called by workers>base @gkaissisCaught ForceObjectDelete called by workers>base @gkaissisCaught ForceObjectDelete called by workers>base @gkaissisCaught ForceObjectDelete called by workers>base @gkaissisCaught ForceObjectDelete called by workers>base @gkaissisCaught ForceObjectDelete called by workers>base @gkaissisCaught ForceObjectDelete called by workers>base @gkaissisCaught ForceObjectDelete called by workers>base @gkaissisCaught ForceObjectDelete called by workers>base @gkaissisCaught ForceObjectDelete called by workers>base @gkaissisCaught ForceObjectDelete called by workers>base @gkaissisCaught ForceObjectDelete called by workers>base @gkaissisCaught ForceObjectDelete called by workers>base @gkaissisCaught ForceObjectDelete called by workers>base @gkaissisCaught ForceObjectDelete called by workers>base @gkaissisCaught ForceObjectDelete called by workers>base @gkaissisCaught ForceObjectDelete called by workers>base @gkaissisCaught ForceObjectDelete called by workers>base @gkaissisCaught ForceObjectDelete called by workers>base @gkaissisCaught ForceObjectDelete called by workers>base @gkaissisCaught ForceObjectDelete called by workers>base @gkaissisCaught ForceObjectDelete called by workers>base @gkaissisCaught ForceObjectDelete called by workers>base @gkaissisCaught ForceObjectDelete called by workers>base @gkaissisCaught ForceObjectDelete called by workers>base @gkaissisCaught ForceObjectDelete called by workers>base @gkaissisCaught ForceObjectDelete called by workers>base @gkaissisCaught ForceObjectDelete called by workers>base @gkaissisCaught ForceObjectDelete called by workers>base @gkaissisCaught ForceObjectDelete called by workers>base @gkaissisCaught ForceObjectDelete called by workers>base @gkaissisCaught ForceObjectDelete called by workers>base @gkaissisCaught ForceObjectDelete called by workers>base @gkaissisCaught ForceObjectDelete called by workers>base @gkaissisCaught ForceObjectDelete called by workers>base @gkaissisCaught ForceObjectDelete called by workers>base @gkaissisCaught ForceObjectDelete called by workers>base @gkaissisCaught ForceObjectDelete called by workers>base @gkaissisCaught ForceObjectDelete called by workers>base @gkaissisCaught ForceObjectDelete called by workers>base @gkaissisCaught ForceObjectDelete called by workers>base @gkaissisCaught ForceObjectDelete called by workers>base @gkaissisCaught ForceObjectDelete called by workers>base @gkaissisCaught ForceObjectDelete called by workers>base @gkaissisCaught ForceObjectDelete called by workers>base @gkaissisCaught ForceObjectDelete called by workers>base @gkaissisCaught ForceObjectDelete called by workers>base @gkaissisCaught ForceObjectDelete called by workers>base @gkaissisCaught ForceObjectDelete called by workers>base @gkaissisCaught ForceObjectDelete called by workers>base @gkaissisCaught ForceObjectDelete called by workers>base @gkaissisCaught ForceObjectDelete called by workers>base @gkaissisCaught ForceObjectDelete called by workers>base @gkaissisCaught ForceObjectDelete called by workers>base @gkaissisCaught ForceObjectDelete called by workers>base @gkaissisCaught ForceObjectDelete called by workers>base @gkaissisCaught ForceObjectDelete called by workers>base @gkaissisCaught ForceObjectDelete called by workers>base @gkaissisCaught ForceObjectDelete called by workers>base @gkaissisCaught ForceObjectDelete called by workers>base @gkaissisCaught ForceObjectDelete called by workers>base @gkaissisCaught ForceObjectDelete called by workers>base @gkaissisCaught ForceObjectDelete called by workers>base @gkaissisCaught ForceObjectDelete called by workers>base @gkaissisCaught ForceObjectDelete called by workers>base @gkaissisCaught ForceObjectDelete called by workers>base @gkaissisCaught ForceObjectDelete called by workers>base @gkaissisCaught ForceObjectDelete called by workers>base @gkaissisCaught ForceObjectDelete called by workers>base @gkaissisCaught ForceObjectDelete called by workers>base @gkaissisCaught ForceObjectDelete called by workers>base @gkaissisCaught ForceObjectDelete called by workers>base @gkaissisCaught ForceObjectDelete called by workers>base @gkaissisCaught ForceObjectDelete called by workers>base @gkaissisCaught ForceObjectDelete called by workers>base @gkaissisCaught ForceObjectDelete called by workers>base @gkaissisCaught ForceObjectDelete called by workers>base @gkaissisCaught ForceObjectDelete called by workers>base @gkaissisCaught ForceObjectDelete called by workers>base @gkaissisCaught ForceObjectDelete called by workers>base @gkaissisCaught ForceObjectDelete called by workers>base @gkaissisCaught ForceObjectDelete called by workers>base @gkaissisCaught ForceObjectDelete called by workers>base @gkaissisCaught ForceObjectDelete called by workers>base @gkaissisCaught ForceObjectDelete called by workers>base @gkaissisCaught ForceObjectDelete called by workers>base @gkaissisCaught ForceObjectDelete called by workers>base @gkaissisCaught ForceObjectDelete called by workers>base @gkaissisCaught ForceObjectDelete called by workers>base @gkaissisCaught ForceObjectDelete called by workers>base @gkaissisCaught ForceObjectDelete called by workers>base @gkaissisCaught ForceObjectDelete called by workers>base @gkaissisCaught ForceObjectDelete called by workers>base @gkaissisCaught ForceObjectDelete called by workers>base @gkaissisCaught ForceObjectDelete called by workers>base @gkaissisCaught ForceObjectDelete called by workers>base @gkaissisCaught ForceObjectDelete called by workers>base @gkaissisCaught ForceObjectDelete called by workers>base @gkaissisCaught ForceObjectDelete called by workers>base @gkaissisCaught ForceObjectDelete called by workers>base @gkaissisCaught ForceObjectDelete called by workers>base @gkaissisCaught ForceObjectDelete called by workers>base @gkaissisCaught ForceObjectDelete called by workers>base @gkaissisCaught ForceObjectDelete called by workers>base @gkaissisCaught ForceObjectDelete called by workers>base @gkaissisCaught ForceObjectDelete called by workers>base @gkaissisCaught ForceObjectDelete called by workers>base @gkaissisCaught ForceObjectDelete called by workers>base @gkaissisCaught ForceObjectDelete called by workers>base @gkaissisCaught ForceObjectDelete called by workers>base @gkaissisCaught ForceObjectDelete called by workers>base @gkaissisCaught ForceObjectDelete called by workers>base @gkaissisCaught ForceObjectDelete called by workers>base @gkaissisCaught ForceObjectDelete called by workers>base @gkaissisCaught ForceObjectDelete called by workers>base @gkaissisCaught ForceObjectDelete called by workers>base @gkaissisCaught ForceObjectDelete called by workers>base @gkaissisCaught ForceObjectDelete called by workers>base @gkaissisCaught ForceObjectDelete called by workers>base @gkaissisCaught ForceObjectDelete called by workers>base @gkaissisCaught ForceObjectDelete called by workers>base @gkaissisCaught ForceObjectDelete called by workers>base @gkaissisCaught ForceObjectDelete called by workers>base @gkaissisCaught ForceObjectDelete called by workers>base @gkaissisCaught ForceObjectDelete called by workers>base @gkaissisCaught ForceObjectDelete called by workers>base @gkaissisCaught ForceObjectDelete called by workers>base @gkaissisCaught ForceObjectDelete called by workers>base @gkaissisCaught ForceObjectDelete called by workers>base @gkaissisCaught ForceObjectDelete called by workers>base @gkaissisCaught ForceObjectDelete called by workers>base @gkaissisCaught ForceObjectDelete called by workers>base @gkaissisCaught ForceObjectDelete called by workers>base @gkaissisCaught ForceObjectDelete called by workers>base @gkaissisCaught ForceObjectDelete called by workers>base @gkaissisCaught ForceObjectDelete called by workers>base @gkaissisCaught ForceObjectDelete called by workers>base @gkaissisCaught ForceObjectDelete called by workers>base @gkaissisCaught ForceObjectDelete called by workers>base @gkaissisCaught ForceObjectDelete called by workers>base @gkaissisCaught ForceObjectDelete called by workers>base @gkaissisCaught ForceObjectDelete called by workers>base @gkaissisCaught ForceObjectDelete called by workers>base @gkaissisCaught ForceObjectDelete called by workers>base @gkaissisCaught ForceObjectDelete called by workers>base @gkaissisCaught ForceObjectDelete called by workers>base @gkaissisCaught ForceObjectDelete called by workers>base @gkaissisCaught ForceObjectDelete called by workers>base @gkaissisCaught ForceObjectDelete called by workers>base @gkaissisCaught ForceObjectDelete called by workers>base @gkaissisCaught ForceObjectDelete called by workers>base @gkaissisCaught ForceObjectDelete called by workers>base @gkaissisCaught ForceObjectDelete called by workers>base @gkaissisCaught ForceObjectDelete called by workers>base @gkaissisCaught ForceObjectDelete called by workers>base @gkaissisCaught ForceObjectDelete called by workers>base @gkaissisCaught ForceObjectDelete called by workers>base @gkaissisCaught ForceObjectDelete called by workers>base @gkaissisCaught ForceObjectDelete called by workers>base @gkaissisCaught ForceObjectDelete called by workers>base @gkaissisCaught ForceObjectDelete called by workers>base @gkaissisCaught ForceObjectDelete called by workers>base @gkaissisCaught ForceObjectDelete called by workers>base @gkaissisCaught ForceObjectDelete called by workers>base @gkaissisCaught ForceObjectDelete called by workers>base @gkaissisCaught ForceObjectDelete called by workers>base @gkaissisCaught ForceObjectDelete called by workers>base @gkaissisCaught ForceObjectDelete called by workers>base @gkaissisCaught ForceObjectDelete called by workers>base @gkaissisCaught ForceObjectDelete called by workers>base @gkaissisCaught ForceObjectDelete called by workers>base @gkaissisCaught ForceObjectDelete called by workers>base @gkaissisCaught ForceObjectDelete called by workers>base @gkaissisCaught ForceObjectDelete called by workers>base @gkaissisCaught ForceObjectDelete called by workers>base @gkaissisCaught ForceObjectDelete called by workers>base @gkaissisCaught ForceObjectDelete called by workers>base @gkaissisCaught ForceObjectDelete called by workers>base @gkaissisCaught ForceObjectDelete called by workers>base @gkaissisCaught ForceObjectDelete called by workers>base @gkaissisCaught ForceObjectDelete called by workers>base @gkaissisCaught ForceObjectDelete called by workers>base @gkaissisCaught ForceObjectDelete called by workers>base @gkaissisCaught ForceObjectDelete called by workers>base @gkaissisCaught ForceObjectDelete called by workers>base @gkaissisCaught ForceObjectDelete called by workers>base @gkaissisCaught ForceObjectDelete called by workers>base @gkaissisCaught ForceObjectDelete called by workers>base @gkaissisCaught ForceObjectDelete called by workers>base @gkaissisCaught ForceObjectDelete called by workers>base @gkaissisCaught ForceObjectDelete called by workers>base @gkaissisCaught ForceObjectDelete called by workers>base @gkaissisCaught ForceObjectDelete called by workers>base @gkaissisCaught ForceObjectDelete called by workers>base @gkaissisCaught ForceObjectDelete called by workers>base @gkaissisCaught ForceObjectDelete called by workers>base @gkaissisCaught ForceObjectDelete called by workers>base @gkaissisCaught ForceObjectDelete called by workers>base @gkaissisCaught ForceObjectDelete called by workers>base @gkaissisCaught ForceObjectDelete called by workers>base @gkaissisCaught ForceObjectDelete called by workers>base @gkaissisCaught ForceObjectDelete called by workers>base @gkaissisCaught ForceObjectDelete called by workers>base @gkaissisCaught ForceObjectDelete called by workers>base @gkaissisCaught ForceObjectDelete called by workers>base @gkaissisCaught ForceObjectDelete called by workers>base @gkaissisCaught ForceObjectDelete called by workers>base @gkaissisCaught ForceObjectDelete called by workers>base @gkaissisCaught ForceObjectDelete called by workers>base @gkaissisCaught ForceObjectDelete called by workers>base @gkaissisCaught ForceObjectDelete called by workers>base @gkaissisCaught ForceObjectDelete called by workers>base @gkaissisCaught ForceObjectDelete called by workers>base @gkaissisCaught ForceObjectDelete called by workers>base @gkaissisCaught ForceObjectDelete called by workers>base @gkaissisCaught ForceObjectDelete called by workers>base @gkaissisCaught ForceObjectDelete called by workers>base @gkaissisCaught ForceObjectDelete called by workers>base @gkaissisCaught ForceObjectDelete called by workers>base @gkaissisCaught ForceObjectDelete called by workers>base @gkaissisCaught ForceObjectDelete called by workers>base @gkaissisCaught ForceObjectDelete called by workers>base @gkaissisCaught ForceObjectDelete called by workers>base @gkaissisCaught ForceObjectDelete called by workers>base @gkaissisCaught ForceObjectDelete called by workers>base @gkaissisCaught ForceObjectDelete called by workers>base @gkaissisCaught ForceObjectDelete called by workers>base @gkaissisCaught ForceObjectDelete called by workers>base @gkaissisCaught ForceObjectDelete called by workers>base @gkaissisCaught ForceObjectDelete called by workers>base @gkaissisCaught ForceObjectDelete called by workers>base @gkaissisCaught ForceObjectDelete called by workers>base @gkaissisCaught ForceObjectDelete called by workers>base @gkaissisCaught ForceObjectDelete called by workers>base @gkaissisCaught ForceObjectDelete called by workers>base @gkaissisCaught ForceObjectDelete called by workers>base @gkaissisCaught ForceObjectDelete called by workers>base @gkaissisCaught ForceObjectDelete called by workers>base @gkaissisCaught ForceObjectDelete called by workers>base @gkaissisCaught ForceObjectDelete called by workers>base @gkaissisCaught ForceObjectDelete called by workers>base @gkaissisCaught ForceObjectDelete called by workers>base @gkaissisCaught ForceObjectDelete called by workers>base @gkaissisCaught ForceObjectDelete called by workers>base @gkaissisCaught ForceObjectDelete called by workers>base @gkaissisCaught ForceObjectDelete called by workers>base @gkaissisCaught ForceObjectDelete called by workers>base @gkaissisCaught ForceObjectDelete called by workers>base @gkaissisCaught ForceObjectDelete called by workers>base @gkaissisCaught ForceObjectDelete called by workers>base @gkaissisCaught ForceObjectDelete called by workers>base @gkaissisCaught ForceObjectDelete called by workers>base @gkaissisCaught ForceObjectDelete called by workers>base @gkaissisCaught ForceObjectDelete called by workers>base @gkaissisCaught ForceObjectDelete called by workers>base @gkaissisCaught ForceObjectDelete called by workers>base @gkaissisCaught ForceObjectDelete called by workers>base @gkaissisCaught ForceObjectDelete called by workers>base @gkaissisCaught ForceObjectDelete called by workers>base @gkaissisCaught ForceObjectDelete called by workers>base @gkaissisCaught ForceObjectDelete called by workers>base @gkaissisCaught ForceObjectDelete called by workers>base @gkaissisCaught ForceObjectDelete called by workers>base @gkaissisCaught ForceObjectDelete called by workers>base @gkaissisCaught ForceObjectDelete called by workers>base @gkaissisCaught ForceObjectDelete called by workers>base @gkaissisCaught ForceObjectDelete called by workers>base @gkaissisCaught ForceObjectDelete called by workers>base @gkaissisCaught ForceObjectDelete called by workers>base @gkaissisCaught ForceObjectDelete called by workers>base @gkaissisCaught ForceObjectDelete called by workers>base @gkaissisCaught ForceObjectDelete called by workers>base @gkaissisCaught ForceObjectDelete called by workers>base @gkaissisCaught ForceObjectDelete called by workers>base @gkaissisCaught ForceObjectDelete called by workers>base @gkaissisCaught ForceObjectDelete called by workers>base @gkaissisCaught ForceObjectDelete called by workers>base @gkaissisCaught ForceObjectDelete called by workers>base @gkaissisCaught ForceObjectDelete called by workers>base @gkaissisCaught ForceObjectDelete called by workers>base @gkaissisCaught ForceObjectDelete called by workers>base @gkaissisCaught ForceObjectDelete called by workers>base @gkaissisCaught ForceObjectDelete called by workers>base @gkaissisCaught ForceObjectDelete called by workers>base @gkaissisCaught ForceObjectDelete called by workers>base @gkaissisCaught ForceObjectDelete called by workers>base @gkaissisCaught ForceObjectDelete called by workers>base @gkaissisCaught ForceObjectDelete called by workers>base @gkaissisCaught ForceObjectDelete called by workers>base @gkaissisCaught ForceObjectDelete called by workers>base @gkaissisCaught ForceObjectDelete called by workers>base @gkaissisCaught ForceObjectDelete called by workers>base @gkaissisCaught ForceObjectDelete called by workers>base @gkaissisCaught ForceObjectDelete called by workers>base @gkaissisCaught ForceObjectDelete called by workers>base @gkaissisCaught ForceObjectDelete called by workers>base @gkaissisCaught ForceObjectDelete called by workers>base @gkaissisCaught ForceObjectDelete called by workers>base @gkaissisCaught ForceObjectDelete called by workers>base @gkaissisCaught ForceObjectDelete called by workers>base @gkaissisCaught ForceObjectDelete called by workers>base @gkaissisCaught ForceObjectDelete called by workers>base @gkaissisCaught ForceObjectDelete called by workers>base @gkaissisCaught ForceObjectDelete called by workers>base @gkaissisCaught ForceObjectDelete called by workers>base @gkaissisCaught ForceObjectDelete called by workers>base @gkaissisCaught ForceObjectDelete called by workers>base @gkaissisCaught ForceObjectDelete called by workers>base @gkaissisCaught ForceObjectDelete called by workers>base @gkaissisCaught ForceObjectDelete called by workers>base @gkaissisCaught ForceObjectDelete called by workers>base @gkaissisCaught ForceObjectDelete called by workers>base @gkaissisCaught ForceObjectDelete called by workers>base @gkaissisCaught ForceObjectDelete called by workers>base @gkaissisCaught ForceObjectDelete called by workers>base @gkaissisCaught ForceObjectDelete called by workers>base @gkaissisCaught ForceObjectDelete called by workers>base @gkaissisCaught ForceObjectDelete called by workers>base @gkaissisde_register_obj called by generic>pointers>object_pointer @gkaissisde_register_obj called by generic>pointers>object_pointer @gkaissisde_register_obj called by generic>pointers>object_pointer @gkaissisde_register_obj called by generic>pointers>object_pointer @gkaissisde_register_obj called by generic>pointers>object_pointer @gkaissisde_register_obj called by generic>pointers>object_pointer @gkaissisde_register_obj called by generic>pointers>object_pointer @gkaissisde_register_obj called by generic>pointers>object_pointer @gkaissisde_register_obj called by generic>pointers>object_pointer @gkaissisde_register_obj called by generic>pointers>object_pointer @gkaissisde_register_obj called by generic>pointers>object_pointer @gkaissisde_register_obj called by generic>pointers>object_pointer @gkaissisde_register_obj called by generic>pointers>object_pointer @gkaissisde_register_obj called by generic>pointers>object_pointer @gkaissisde_register_obj called by generic>pointers>object_pointer @gkaissisde_register_obj called by generic>pointers>object_pointer @gkaissisde_register_obj called by generic>pointers>object_pointer @gkaissisde_register_obj called by generic>pointers>object_pointer @gkaissisde_register_obj called by generic>pointers>object_pointer @gkaissisde_register_obj called by generic>pointers>object_pointer @gkaissisde_register_obj called by generic>pointers>object_pointer @gkaissisde_register_obj called by generic>pointers>object_pointer @gkaissisde_register_obj called by generic>pointers>object_pointer @gkaissisde_register_obj called by generic>pointers>object_pointer @gkaissisde_register_obj called by generic>pointers>object_pointer @gkaissisde_register_obj called by generic>pointers>object_pointer @gkaissisde_register_obj called by generic>pointers>object_pointer @gkaissisde_register_obj called by generic>pointers>object_pointer @gkaissisde_register_obj called by generic>pointers>object_pointer @gkaissisde_register_obj called by generic>pointers>object_pointer @gkaissisde_register_obj called by generic>pointers>object_pointer @gkaissisde_register_obj called by generic>pointers>object_pointer @gkaissisde_register_obj called by generic>pointers>object_pointer @gkaissisde_register_obj called by generic>pointers>object_pointer @gkaissisde_register_obj called by generic>pointers>object_pointer @gkaissisde_register_obj called by generic>pointers>object_pointer @gkaissisde_register_obj called by generic>pointers>object_pointer @gkaissisde_register_obj called by generic>pointers>object_pointer @gkaissisde_register_obj called by generic>pointers>object_pointer @gkaissisde_register_obj called by generic>pointers>object_pointer @gkaissisde_register_obj called by generic>pointers>object_pointer @gkaissisde_register_obj called by generic>pointers>object_pointer @gkaissisde_register_obj called by generic>pointers>object_pointer @gkaissisde_register_obj called by generic>pointers>object_pointer @gkaissisde_register_obj called by generic>pointers>object_pointer @gkaissisde_register_obj called by generic>pointers>object_pointer @gkaissisde_register_obj called by generic>pointers>object_pointer @gkaissisde_register_obj called by generic>pointers>object_pointer @gkaissisde_register_obj called by generic>pointers>object_pointer @gkaissisde_register_obj called by generic>pointers>object_pointer @gkaissisde_register_obj called by generic>pointers>object_pointer @gkaissisde_register_obj called by generic>pointers>object_pointer @gkaissisde_register_obj called by generic>pointers>object_pointer @gkaissisde_register_obj called by generic>pointers>object_pointer @gkaissisde_register_obj called by generic>pointers>object_pointer @gkaissisde_register_obj called by generic>pointers>object_pointer @gkaissisde_register_obj called by generic>pointers>object_pointer @gkaissisde_register_obj called by generic>pointers>object_pointer @gkaissisde_register_obj called by generic>pointers>object_pointer @gkaissisde_register_obj called by generic>pointers>object_pointer @gkaissisde_register_obj called by generic>pointers>object_pointer @gkaissisde_register_obj called by generic>pointers>object_pointer @gkaissisde_register_obj called by generic>pointers>object_pointer @gkaissisde_register_obj called by generic>pointers>object_pointer @gkaissisde_register_obj called by generic>pointers>object_pointer @gkaissisde_register_obj called by generic>pointers>object_pointer @gkaissisde_register_obj called by generic>pointers>object_pointer @gkaissisde_register_obj called by generic>pointers>object_pointer @gkaissisde_register_obj called by generic>pointers>object_pointer @gkaissisde_register_obj called by generic>pointers>object_pointer @gkaissisde_register_obj called by generic>pointers>object_pointer @gkaissisde_register_obj called by generic>pointers>object_pointer @gkaissisde_register_obj called by generic>pointers>object_pointer @gkaissisde_register_obj called by generic>pointers>object_pointer @gkaissisde_register_obj called by generic>pointers>object_pointer @gkaissisde_register_obj called by generic>pointers>object_pointer @gkaissisde_register_obj called by generic>pointers>object_pointer @gkaissisde_register_obj called by generic>pointers>object_pointer @gkaissisde_register_obj called by generic>pointers>object_pointer @gkaissisde_register_obj called by generic>pointers>object_pointer @gkaissisde_register_obj called by generic>pointers>object_pointer @gkaissisde_register_obj called by generic>pointers>object_pointer @gkaissisde_register_obj called by generic>pointers>object_pointer @gkaissisde_register_obj called by generic>pointers>object_pointer @gkaissisde_register_obj called by generic>pointers>object_pointer @gkaissisde_register_obj called by generic>pointers>object_pointer @gkaissisde_register_obj called by generic>pointers>object_pointer @gkaissisde_register_obj called by generic>pointers>object_pointer @gkaissisde_register_obj called by generic>pointers>object_pointer @gkaissisde_register_obj called by generic>pointers>object_pointer @gkaissisde_register_obj called by generic>pointers>object_pointer @gkaissisde_register_obj called by generic>pointers>object_pointer @gkaissisde_register_obj called by generic>pointers>object_pointer @gkaissisde_register_obj called by generic>pointers>object_pointer @gkaissisde_register_obj called by generic>pointers>object_pointer @gkaissisde_register_obj called by generic>pointers>object_pointer @gkaissisde_register_obj called by generic>pointers>object_pointer @gkaissisde_register_obj called by generic>pointers>object_pointer @gkaissisde_register_obj called by generic>pointers>object_pointer @gkaissisde_register_obj called by generic>pointers>object_pointer @gkaissisde_register_obj called by generic>pointers>object_pointer @gkaissisde_register_obj called by generic>pointers>object_pointer @gkaissisde_register_obj called by generic>pointers>object_pointer @gkaissisde_register_obj called by generic>pointers>object_pointer @gkaissisde_register_obj called by generic>pointers>object_pointer @gkaissisde_register_obj called by generic>pointers>object_pointer @gkaissisde_register_obj called by generic>pointers>object_pointer @gkaissisde_register_obj called by generic>pointers>object_pointer @gkaissisde_register_obj called by generic>pointers>object_pointer @gkaissisde_register_obj called by generic>pointers>object_pointer @gkaissisde_register_obj called by generic>pointers>object_pointer @gkaissisde_register_obj called by generic>pointers>object_pointer @gkaissisde_register_obj called by generic>pointers>object_pointer @gkaissisde_register_obj called by generic>pointers>object_pointer @gkaissisde_register_obj called by generic>pointers>object_pointer @gkaissisde_register_obj called by generic>pointers>object_pointer @gkaissisde_register_obj called by generic>pointers>object_pointer @gkaissisde_register_obj called by generic>pointers>object_pointer @gkaissisde_register_obj called by generic>pointers>object_pointer @gkaissisde_register_obj called by generic>pointers>object_pointer @gkaissisde_register_obj called by generic>pointers>object_pointer @gkaissisde_register_obj called by generic>pointers>object_pointer @gkaissisCaught ForceObjectDelete called by workers>base @gkaissisCaught ForceObjectDelete called by workers>base @gkaissisCaught ForceObjectDelete called by workers>base @gkaissisCaught ForceObjectDelete called by workers>base @gkaissisCaught ForceObjectDelete called by workers>base @gkaissisCaught ForceObjectDelete called by workers>base @gkaissisCaught ForceObjectDelete called by workers>base @gkaissisCaught ForceObjectDelete called by workers>base @gkaissisCaught ForceObjectDelete called by workers>base @gkaissisCaught ForceObjectDelete called by workers>base @gkaissisCaught ForceObjectDelete called by workers>base @gkaissisCaught ForceObjectDelete called by workers>base @gkaissisCaught ForceObjectDelete called by workers>base @gkaissisCaught ForceObjectDelete called by workers>base @gkaissisCaught ForceObjectDelete called by workers>base @gkaissisCaught ForceObjectDelete called by workers>base @gkaissisCaught ForceObjectDelete called by workers>base @gkaissisCaught ForceObjectDelete called by workers>base @gkaissisCaught ForceObjectDelete called by workers>base @gkaissisCaught ForceObjectDelete called by workers>base @gkaissisCaught ForceObjectDelete called by workers>base @gkaissisCaught ForceObjectDelete called by workers>base @gkaissisCaught ForceObjectDelete called by workers>base @gkaissisCaught ForceObjectDelete called by workers>base @gkaissisCaught ForceObjectDelete called by workers>base @gkaissisCaught ForceObjectDelete called by workers>base @gkaissisCaught ForceObjectDelete called by workers>base @gkaissisCaught ForceObjectDelete called by workers>base @gkaissisCaught ForceObjectDelete called by workers>base @gkaissisCaught ForceObjectDelete called by workers>base @gkaissisCaught ForceObjectDelete called by workers>base @gkaissisCaught ForceObjectDelete called by workers>base @gkaissisCaught ForceObjectDelete called by workers>base @gkaissisCaught ForceObjectDelete called by workers>base @gkaissisCaught ForceObjectDelete called by workers>base @gkaissisCaught ForceObjectDelete called by workers>base @gkaissisCaught ForceObjectDelete called by workers>base @gkaissisCaught ForceObjectDelete called by workers>base @gkaissisCaught ForceObjectDelete called by workers>base @gkaissisCaught ForceObjectDelete called by workers>base @gkaissisCaught ForceObjectDelete called by workers>base @gkaissisCaught ForceObjectDelete called by workers>base @gkaissisCaught ForceObjectDelete called by workers>base @gkaissisCaught ForceObjectDelete called by workers>base @gkaissisCaught ForceObjectDelete called by workers>base @gkaissisCaught ForceObjectDelete called by workers>base @gkaissisCaught ForceObjectDelete called by workers>base @gkaissisCaught ForceObjectDelete called by workers>base @gkaissisCaught ForceObjectDelete called by workers>base @gkaissisCaught ForceObjectDelete called by workers>base @gkaissisCaught ForceObjectDelete called by workers>base @gkaissisCaught ForceObjectDelete called by workers>base @gkaissisCaught ForceObjectDelete called by workers>base @gkaissisCaught ForceObjectDelete called by workers>base @gkaissisCaught ForceObjectDelete called by workers>base @gkaissisCaught ForceObjectDelete called by workers>base @gkaissisCaught ForceObjectDelete called by workers>base @gkaissisCaught ForceObjectDelete called by workers>base @gkaissisCaught ForceObjectDelete called by workers>base @gkaissisCaught ForceObjectDelete called by workers>base @gkaissisCaught ForceObjectDelete called by workers>base @gkaissisCaught ForceObjectDelete called by workers>base @gkaissisCaught ForceObjectDelete called by workers>base @gkaissisCaught ForceObjectDelete called by workers>base @gkaissisCaught ForceObjectDelete called by workers>base @gkaissisCaught ForceObjectDelete called by workers>base @gkaissisCaught ForceObjectDelete called by workers>base @gkaissisCaught ForceObjectDelete called by workers>base @gkaissisCaught ForceObjectDelete called by workers>base @gkaissisCaught ForceObjectDelete called by workers>base @gkaissisCaught ForceObjectDelete called by workers>base @gkaissisCaught ForceObjectDelete called by workers>base @gkaissisCaught ForceObjectDelete called by workers>base @gkaissisCaught ForceObjectDelete called by workers>base @gkaissisCaught ForceObjectDelete called by workers>base @gkaissisCaught ForceObjectDelete called by workers>base @gkaissisCaught ForceObjectDelete called by workers>base @gkaissisCaught ForceObjectDelete called by workers>base @gkaissisCaught ForceObjectDelete called by workers>base @gkaissisCaught ForceObjectDelete called by workers>base @gkaissisCaught ForceObjectDelete called by workers>base @gkaissisCaught ForceObjectDelete called by workers>base @gkaissisCaught ForceObjectDelete called by workers>base @gkaissisCaught ForceObjectDelete called by workers>base @gkaissisCaught ForceObjectDelete called by workers>base @gkaissisCaught ForceObjectDelete called by workers>base @gkaissisCaught ForceObjectDelete called by workers>base @gkaissisCaught ForceObjectDelete called by workers>base @gkaissisCaught ForceObjectDelete called by workers>base @gkaissisCaught ForceObjectDelete called by workers>base @gkaissisCaught ForceObjectDelete called by workers>base @gkaissisCaught ForceObjectDelete called by workers>base @gkaissisCaught ForceObjectDelete called by workers>base @gkaissisCaught ForceObjectDelete called by workers>base @gkaissisCaught ForceObjectDelete called by workers>base @gkaissisCaught ForceObjectDelete called by workers>base @gkaissisCaught ForceObjectDelete called by workers>base @gkaissisCaught ForceObjectDelete called by workers>base @gkaissisCaught ForceObjectDelete called by workers>base @gkaissisCaught ForceObjectDelete called by workers>base @gkaissisCaught ForceObjectDelete called by workers>base @gkaissisCaught ForceObjectDelete called by workers>base @gkaissisCaught ForceObjectDelete called by workers>base @gkaissisCaught ForceObjectDelete called by workers>base @gkaissisCaught ForceObjectDelete called by workers>base @gkaissisCaught ForceObjectDelete called by workers>base @gkaissisCaught ForceObjectDelete called by workers>base @gkaissisCaught ForceObjectDelete called by workers>base @gkaissisCaught ForceObjectDelete called by workers>base @gkaissisCaught ForceObjectDelete called by workers>base @gkaissisCaught ForceObjectDelete called by workers>base @gkaissisCaught ForceObjectDelete called by workers>base @gkaissisCaught ForceObjectDelete called by workers>base @gkaissisCaught ForceObjectDelete called by workers>base @gkaissisCaught ForceObjectDelete called by workers>base @gkaissisCaught ForceObjectDelete called by workers>base @gkaissisCaught ForceObjectDelete called by workers>base @gkaissisCaught ForceObjectDelete called by workers>base @gkaissisCaught ForceObjectDelete called by workers>base @gkaissisCaught ForceObjectDelete called by workers>base @gkaissisCaught ForceObjectDelete called by workers>base @gkaissisCaught ForceObjectDelete called by workers>base @gkaissisCaught ForceObjectDelete called by workers>base @gkaissisCaught ForceObjectDelete called by workers>base @gkaissisCaught ForceObjectDelete called by workers>base @gkaissisCaught ForceObjectDelete called by workers>base @gkaissisCaught ForceObjectDelete called by workers>base @gkaissisCaught ForceObjectDelete called by workers>base @gkaissisCaught ForceObjectDelete called by workers>base @gkaissisCaught ForceObjectDelete called by workers>base @gkaissisCaught ForceObjectDelete called by workers>base @gkaissisCaught ForceObjectDelete called by workers>base @gkaissisCaught ForceObjectDelete called by workers>base @gkaissisCaught ForceObjectDelete called by workers>base @gkaissisCaught ForceObjectDelete called by workers>base @gkaissisCaught ForceObjectDelete called by workers>base @gkaissisCaught ForceObjectDelete called by workers>base @gkaissisCaught ForceObjectDelete called by workers>base @gkaissisCaught ForceObjectDelete called by workers>base @gkaissisCaught ForceObjectDelete called by workers>base @gkaissisCaught ForceObjectDelete called by workers>base @gkaissisCaught ForceObjectDelete called by workers>base @gkaissisCaught ForceObjectDelete called by workers>base @gkaissisCaught ForceObjectDelete called by workers>base @gkaissisCaught ForceObjectDelete called by workers>base @gkaissisCaught ForceObjectDelete called by workers>base @gkaissisCaught ForceObjectDelete called by workers>base @gkaissisCaught ForceObjectDelete called by workers>base @gkaissisCaught ForceObjectDelete called by workers>base @gkaissisCaught ForceObjectDelete called by workers>base @gkaissisCaught ForceObjectDelete called by workers>base @gkaissisCaught ForceObjectDelete called by workers>base @gkaissisCaught ForceObjectDelete called by workers>base @gkaissisCaught ForceObjectDelete called by workers>base @gkaissisCaught ForceObjectDelete called by workers>base @gkaissisCaught ForceObjectDelete called by workers>base @gkaissisCaught ForceObjectDelete called by workers>base @gkaissisCaught ForceObjectDelete called by workers>base @gkaissisCaught ForceObjectDelete called by workers>base @gkaissisCaught ForceObjectDelete called by workers>base @gkaissisCaught ForceObjectDelete called by workers>base @gkaissisCaught ForceObjectDelete called by workers>base @gkaissisCaught ForceObjectDelete called by workers>base @gkaissisCaught ForceObjectDelete called by workers>base @gkaissisCaught ForceObjectDelete called by workers>base @gkaissisCaught ForceObjectDelete called by workers>base @gkaissisCaught ForceObjectDelete called by workers>base @gkaissisCaught ForceObjectDelete called by workers>base @gkaissisCaught ForceObjectDelete called by workers>base @gkaissisCaught ForceObjectDelete called by workers>base @gkaissisCaught ForceObjectDelete called by workers>base @gkaissisCaught ForceObjectDelete called by workers>base @gkaissisCaught ForceObjectDelete called by workers>base @gkaissisCaught ForceObjectDelete called by workers>base @gkaissisCaught ForceObjectDelete called by workers>base @gkaissisCaught ForceObjectDelete called by workers>base @gkaissisCaught ForceObjectDelete called by workers>base @gkaissisCaught ForceObjectDelete called by workers>base @gkaissisCaught ForceObjectDelete called by workers>base @gkaissisCaught ForceObjectDelete called by workers>base @gkaissisCaught ForceObjectDelete called by workers>base @gkaissisCaught ForceObjectDelete called by workers>base @gkaissisCaught ForceObjectDelete called by workers>base @gkaissisCaught ForceObjectDelete called by workers>base @gkaissisCaught ForceObjectDelete called by workers>base @gkaissisCaught ForceObjectDelete called by workers>base @gkaissisCaught ForceObjectDelete called by workers>base @gkaissisCaught ForceObjectDelete called by workers>base @gkaissisCaught ForceObjectDelete called by workers>base @gkaissisCaught ForceObjectDelete called by workers>base @gkaissisCaught ForceObjectDelete called by workers>base @gkaissisCaught ForceObjectDelete called by workers>base @gkaissisCaught ForceObjectDelete called by workers>base @gkaissisCaught ForceObjectDelete called by workers>base @gkaissisCaught ForceObjectDelete called by workers>base @gkaissisCaught ForceObjectDelete called by workers>base @gkaissisCaught ForceObjectDelete called by workers>base @gkaissisCaught ForceObjectDelete called by workers>base @gkaissisCaught ForceObjectDelete called by workers>base @gkaissisCaught ForceObjectDelete called by workers>base @gkaissisCaught ForceObjectDelete called by workers>base @gkaissisCaught ForceObjectDelete called by workers>base @gkaissisCaught ForceObjectDelete called by workers>base @gkaissisCaught ForceObjectDelete called by workers>base @gkaissisCaught ForceObjectDelete called by workers>base @gkaissisCaught ForceObjectDelete called by workers>base @gkaissisCaught ForceObjectDelete called by workers>base @gkaissisCaught ForceObjectDelete called by workers>base @gkaissisCaught ForceObjectDelete called by workers>base @gkaissisCaught ForceObjectDelete called by workers>base @gkaissisCaught ForceObjectDelete called by workers>base @gkaissisCaught ForceObjectDelete called by workers>base @gkaissisCaught ForceObjectDelete called by workers>base @gkaissisCaught ForceObjectDelete called by workers>base @gkaissisCaught ForceObjectDelete called by workers>base @gkaissisCaught ForceObjectDelete called by workers>base @gkaissisCaught ForceObjectDelete called by workers>base @gkaissisCaught ForceObjectDelete called by workers>base @gkaissisCaught ForceObjectDelete called by workers>base @gkaissisCaught ForceObjectDelete called by workers>base @gkaissisCaught ForceObjectDelete called by workers>base @gkaissisCaught ForceObjectDelete called by workers>base @gkaissisCaught ForceObjectDelete called by workers>base @gkaissisCaught ForceObjectDelete called by workers>base @gkaissisCaught ForceObjectDelete called by workers>base @gkaissisCaught ForceObjectDelete called by workers>base @gkaissisCaught ForceObjectDelete called by workers>base @gkaissisCaught ForceObjectDelete called by workers>base @gkaissisCaught ForceObjectDelete called by workers>base @gkaissisCaught ForceObjectDelete called by workers>base @gkaissisCaught ForceObjectDelete called by workers>base @gkaissisCaught ForceObjectDelete called by workers>base @gkaissisCaught ForceObjectDelete called by workers>base @gkaissisCaught ForceObjectDelete called by workers>base @gkaissisCaught ForceObjectDelete called by workers>base @gkaissisCaught ForceObjectDelete called by workers>base @gkaissisCaught ForceObjectDelete called by workers>base @gkaissisCaught ForceObjectDelete called by workers>base @gkaissisCaught ForceObjectDelete called by workers>base @gkaissisCaught ForceObjectDelete called by workers>base @gkaissisCaught ForceObjectDelete called by workers>base @gkaissisCaught ForceObjectDelete called by workers>base @gkaissisCaught ForceObjectDelete called by workers>base @gkaissisCaught ForceObjectDelete called by workers>base @gkaissisCaught ForceObjectDelete called by workers>base @gkaissisCaught ForceObjectDelete called by workers>base @gkaissisCaught ForceObjectDelete called by workers>base @gkaissisCaught ForceObjectDelete called by workers>base @gkaissisCaught ForceObjectDelete called by workers>base @gkaissisCaught ForceObjectDelete called by workers>base @gkaissisCaught ForceObjectDelete called by workers>base @gkaissisCaught ForceObjectDelete called by workers>base @gkaissisCaught ForceObjectDelete called by workers>base @gkaissisCaught ForceObjectDelete called by workers>base @gkaissisCaught ForceObjectDelete called by workers>base @gkaissisCaught ForceObjectDelete called by workers>base @gkaissisCaught ForceObjectDelete called by workers>base @gkaissisCaught ForceObjectDelete called by workers>base @gkaissisCaught ForceObjectDelete called by workers>base @gkaissisCaught ForceObjectDelete called by workers>base @gkaissisCaught ForceObjectDelete called by workers>base @gkaissisCaught ForceObjectDelete called by workers>base @gkaissisCaught ForceObjectDelete called by workers>base @gkaissisCaught ForceObjectDelete called by workers>base @gkaissisCaught ForceObjectDelete called by workers>base @gkaissisCaught ForceObjectDelete called by workers>base @gkaissisCaught ForceObjectDelete called by workers>base @gkaissisCaught ForceObjectDelete called by workers>base @gkaissisCaught ForceObjectDelete called by workers>base @gkaissisCaught ForceObjectDelete called by workers>base @gkaissisCaught ForceObjectDelete called by workers>base @gkaissisCaught ForceObjectDelete called by workers>base @gkaissisCaught ForceObjectDelete called by workers>base @gkaissisCaught ForceObjectDelete called by workers>base @gkaissisCaught ForceObjectDelete called by workers>base @gkaissisCaught ForceObjectDelete called by workers>base @gkaissisCaught ForceObjectDelete called by workers>base @gkaissisCaught ForceObjectDelete called by workers>base @gkaissisCaught ForceObjectDelete called by workers>base @gkaissisCaught ForceObjectDelete called by workers>base @gkaissisCaught ForceObjectDelete called by workers>base @gkaissisCaught ForceObjectDelete called by workers>base @gkaissisCaught ForceObjectDelete called by workers>base @gkaissisCaught ForceObjectDelete called by workers>base @gkaissisCaught ForceObjectDelete called by workers>base @gkaissisCaught ForceObjectDelete called by workers>base @gkaissisCaught ForceObjectDelete called by workers>base @gkaissisCaught ForceObjectDelete called by workers>base @gkaissisCaught ForceObjectDelete called by workers>base @gkaissisCaught ForceObjectDelete called by workers>base @gkaissisCaught ForceObjectDelete called by workers>base @gkaissisCaught ForceObjectDelete called by workers>base @gkaissisCaught ForceObjectDelete called by workers>base @gkaissisCaught ForceObjectDelete called by workers>base @gkaissisCaught ForceObjectDelete called by workers>base @gkaissisCaught ForceObjectDelete called by workers>base @gkaissisCaught ForceObjectDelete called by workers>base @gkaissisCaught ForceObjectDelete called by workers>base @gkaissisCaught ForceObjectDelete called by workers>base @gkaissisCaught ForceObjectDelete called by workers>base @gkaissisCaught ForceObjectDelete called by workers>base @gkaissisCaught ForceObjectDelete called by workers>base @gkaissisCaught ForceObjectDelete called by workers>base @gkaissisCaught ForceObjectDelete called by workers>base @gkaissisCaught ForceObjectDelete called by workers>base @gkaissisCaught ForceObjectDelete called by workers>base @gkaissisCaught ForceObjectDelete called by workers>base @gkaissisCaught ForceObjectDelete called by workers>base @gkaissisCaught ForceObjectDelete called by workers>base @gkaissisCaught ForceObjectDelete called by workers>base @gkaissisCaught ForceObjectDelete called by workers>base @gkaissisCaught ForceObjectDelete called by workers>base @gkaissisCaught ForceObjectDelete called by workers>base @gkaissisCaught ForceObjectDelete called by workers>base @gkaissisCaught ForceObjectDelete called by workers>base @gkaissisCaught ForceObjectDelete called by workers>base @gkaissisCaught ForceObjectDelete called by workers>base @gkaissisCaught ForceObjectDelete called by workers>base @gkaissisCaught ForceObjectDelete called by workers>base @gkaissisCaught ForceObjectDelete called by workers>base @gkaissisCaught ForceObjectDelete called by workers>base @gkaissisCaught ForceObjectDelete called by workers>base @gkaissisCaught ForceObjectDelete called by workers>base @gkaissisCaught ForceObjectDelete called by workers>base @gkaissisCaught ForceObjectDelete called by workers>base @gkaissisCaught ForceObjectDelete called by workers>base @gkaissisCaught ForceObjectDelete called by workers>base @gkaissisCaught ForceObjectDelete called by workers>base @gkaissisCaught ForceObjectDelete called by workers>base @gkaissisCaught ForceObjectDelete called by workers>base @gkaissisCaught ForceObjectDelete called by workers>base @gkaissisCaught ForceObjectDelete called by workers>base @gkaissisCaught ForceObjectDelete called by workers>base @gkaissisCaught ForceObjectDelete called by workers>base @gkaissisCaught ForceObjectDelete called by workers>base @gkaissisCaught ForceObjectDelete called by workers>base @gkaissisCaught ForceObjectDelete called by workers>base @gkaissisCaught ForceObjectDelete called by workers>base @gkaissisCaught ForceObjectDelete called by workers>base @gkaissisCaught ForceObjectDelete called by workers>base @gkaissisCaught ForceObjectDelete called by workers>base @gkaissisCaught ForceObjectDelete called by workers>base @gkaissisCaught ForceObjectDelete called by workers>base @gkaissisCaught ForceObjectDelete called by workers>base @gkaissisCaught ForceObjectDelete called by workers>base @gkaissisCaught ForceObjectDelete called by workers>base @gkaissisCaught ForceObjectDelete called by workers>base @gkaissisCaught ForceObjectDelete called by workers>base @gkaissisCaught ForceObjectDelete called by workers>base @gkaissisCaught ForceObjectDelete called by workers>base @gkaissisCaught ForceObjectDelete called by workers>base @gkaissisCaught ForceObjectDelete called by workers>base @gkaissisCaught ForceObjectDelete called by workers>base @gkaissisCaught ForceObjectDelete called by workers>base @gkaissisCaught ForceObjectDelete called by workers>base @gkaissisCaught ForceObjectDelete called by workers>base @gkaissisCaught ForceObjectDelete called by workers>base @gkaissisCaught ForceObjectDelete called by workers>base @gkaissisCaught ForceObjectDelete called by workers>base @gkaissisCaught ForceObjectDelete called by workers>base @gkaissisCaught ForceObjectDelete called by workers>base @gkaissisCaught ForceObjectDelete called by workers>base @gkaissisCaught ForceObjectDelete called by workers>base @gkaissisCaught ForceObjectDelete called by workers>base @gkaissisCaught ForceObjectDelete called by workers>base @gkaissisCaught ForceObjectDelete called by workers>base @gkaissisde_register_obj called by generic>pointers>object_pointer @gkaissisde_register_obj called by generic>pointers>object_pointer @gkaissisde_register_obj called by generic>pointers>object_pointer @gkaissisde_register_obj called by generic>pointers>object_pointer @gkaissisde_register_obj called by generic>pointers>object_pointer @gkaissisde_register_obj called by generic>pointers>object_pointer @gkaissisde_register_obj called by generic>pointers>object_pointer @gkaissisde_register_obj called by generic>pointers>object_pointer @gkaissisde_register_obj called by generic>pointers>object_pointer @gkaissisde_register_obj called by generic>pointers>object_pointer @gkaissisde_register_obj called by generic>pointers>object_pointer @gkaissisde_register_obj called by generic>pointers>object_pointer @gkaissisde_register_obj called by generic>pointers>object_pointer @gkaissisde_register_obj called by generic>pointers>object_pointer @gkaissisde_register_obj called by generic>pointers>object_pointer @gkaissisde_register_obj called by generic>pointers>object_pointer @gkaissisde_register_obj called by generic>pointers>object_pointer @gkaissisde_register_obj called by generic>pointers>object_pointer @gkaissisde_register_obj called by generic>pointers>object_pointer @gkaissisde_register_obj called by generic>pointers>object_pointer @gkaissisde_register_obj called by generic>pointers>object_pointer @gkaissisde_register_obj called by generic>pointers>object_pointer @gkaissisde_register_obj called by generic>pointers>object_pointer @gkaissisde_register_obj called by generic>pointers>object_pointer @gkaissisde_register_obj called by generic>pointers>object_pointer @gkaissisde_register_obj called by generic>pointers>object_pointer @gkaissisde_register_obj called by generic>pointers>object_pointer @gkaissisde_register_obj called by generic>pointers>object_pointer @gkaissisde_register_obj called by generic>pointers>object_pointer @gkaissisde_register_obj called by generic>pointers>object_pointer @gkaissisde_register_obj called by generic>pointers>object_pointer @gkaissisde_register_obj called by generic>pointers>object_pointer @gkaissisde_register_obj called by generic>pointers>object_pointer @gkaissisde_register_obj called by generic>pointers>object_pointer @gkaissisde_register_obj called by generic>pointers>object_pointer @gkaissisde_register_obj called by generic>pointers>object_pointer @gkaissisde_register_obj called by generic>pointers>object_pointer @gkaissisde_register_obj called by generic>pointers>object_pointer @gkaissisde_register_obj called by generic>pointers>object_pointer @gkaissisde_register_obj called by generic>pointers>object_pointer @gkaissisde_register_obj called by generic>pointers>object_pointer @gkaissisde_register_obj called by generic>pointers>object_pointer @gkaissisde_register_obj called by generic>pointers>object_pointer @gkaissisde_register_obj called by generic>pointers>object_pointer @gkaissisde_register_obj called by generic>pointers>object_pointer @gkaissisde_register_obj called by generic>pointers>object_pointer @gkaissisde_register_obj called by generic>pointers>object_pointer @gkaissisde_register_obj called by generic>pointers>object_pointer @gkaissisde_register_obj called by generic>pointers>object_pointer @gkaissisde_register_obj called by generic>pointers>object_pointer @gkaissisde_register_obj called by generic>pointers>object_pointer @gkaissisde_register_obj called by generic>pointers>object_pointer @gkaissisde_register_obj called by generic>pointers>object_pointer @gkaissisde_register_obj called by generic>pointers>object_pointer @gkaissisde_register_obj called by generic>pointers>object_pointer @gkaissisde_register_obj called by generic>pointers>object_pointer @gkaissisde_register_obj called by generic>pointers>object_pointer @gkaissisde_register_obj called by generic>pointers>object_pointer @gkaissisde_register_obj called by generic>pointers>object_pointer @gkaissisde_register_obj called by generic>pointers>object_pointer @gkaissisde_register_obj called by generic>pointers>object_pointer @gkaissisde_register_obj called by generic>pointers>object_pointer @gkaissisde_register_obj called by generic>pointers>object_pointer @gkaissisde_register_obj called by generic>pointers>object_pointer @gkaissisde_register_obj called by generic>pointers>object_pointer @gkaissisde_register_obj called by generic>pointers>object_pointer @gkaissisde_register_obj called by generic>pointers>object_pointer @gkaissisde_register_obj called by generic>pointers>object_pointer @gkaissisde_register_obj called by generic>pointers>object_pointer @gkaissisde_register_obj called by generic>pointers>object_pointer @gkaissisde_register_obj called by generic>pointers>object_pointer @gkaissisde_register_obj called by generic>pointers>object_pointer @gkaissisde_register_obj called by generic>pointers>object_pointer @gkaissisde_register_obj called by generic>pointers>object_pointer @gkaissisde_register_obj called by generic>pointers>object_pointer @gkaissisde_register_obj called by generic>pointers>object_pointer @gkaissisde_register_obj called by generic>pointers>object_pointer @gkaissisde_register_obj called by generic>pointers>object_pointer @gkaissisde_register_obj called by generic>pointers>object_pointer @gkaissisde_register_obj called by generic>pointers>object_pointer @gkaissisde_register_obj called by generic>pointers>object_pointer @gkaissisde_register_obj called by generic>pointers>object_pointer @gkaissisde_register_obj called by generic>pointers>object_pointer @gkaissisde_register_obj called by generic>pointers>object_pointer @gkaissisde_register_obj called by generic>pointers>object_pointer @gkaissisde_register_obj called by generic>pointers>object_pointer @gkaissisde_register_obj called by generic>pointers>object_pointer @gkaissisde_register_obj called by generic>pointers>object_pointer @gkaissisde_register_obj called by generic>pointers>object_pointer @gkaissisde_register_obj called by generic>pointers>object_pointer @gkaissisde_register_obj called by generic>pointers>object_pointer @gkaissisde_register_obj called by generic>pointers>object_pointer @gkaissisde_register_obj called by generic>pointers>object_pointer @gkaissisde_register_obj called by generic>pointers>object_pointer @gkaissisde_register_obj called by generic>pointers>object_pointer @gkaissisde_register_obj called by generic>pointers>object_pointer @gkaissisde_register_obj called by generic>pointers>object_pointer @gkaissisde_register_obj called by generic>pointers>object_pointer @gkaissisde_register_obj called by generic>pointers>object_pointer @gkaissisde_register_obj called by generic>pointers>object_pointer @gkaissisde_register_obj called by generic>pointers>object_pointer @gkaissisde_register_obj called by generic>pointers>object_pointer @gkaissisde_register_obj called by generic>pointers>object_pointer @gkaissisde_register_obj called by generic>pointers>object_pointer @gkaissisde_register_obj called by generic>pointers>object_pointer @gkaissisde_register_obj called by generic>pointers>object_pointer @gkaissisde_register_obj called by generic>pointers>object_pointer @gkaissisde_register_obj called by generic>pointers>object_pointer @gkaissisde_register_obj called by generic>pointers>object_pointer @gkaissisde_register_obj called by generic>pointers>object_pointer @gkaissisde_register_obj called by generic>pointers>object_pointer @gkaissisde_register_obj called by generic>pointers>object_pointer @gkaissisde_register_obj called by generic>pointers>object_pointer @gkaissisde_register_obj called by generic>pointers>object_pointer @gkaissisde_register_obj called by generic>pointers>object_pointer @gkaissisde_register_obj called by generic>pointers>object_pointer @gkaissisde_register_obj called by generic>pointers>object_pointer @gkaissisde_register_obj called by generic>pointers>object_pointer @gkaissisde_register_obj called by generic>pointers>object_pointer @gkaissisde_register_obj called by generic>pointers>object_pointer @gkaissisde_register_obj called by generic>pointers>object_pointer @gkaissisde_register_obj called by generic>pointers>object_pointer @gkaissisCaught ForceObjectDelete called by workers>base @gkaissisCaught ForceObjectDelete called by workers>base @gkaissisCaught ForceObjectDelete called by workers>base @gkaissisCaught ForceObjectDelete called by workers>base @gkaissisCaught ForceObjectDelete called by workers>base @gkaissisCaught ForceObjectDelete called by workers>base @gkaissisCaught ForceObjectDelete called by workers>base @gkaissisCaught ForceObjectDelete called by workers>base @gkaissisCaught ForceObjectDelete called by workers>base @gkaissisCaught ForceObjectDelete called by workers>base @gkaissisCaught ForceObjectDelete called by workers>base @gkaissisCaught ForceObjectDelete called by workers>base @gkaissisCaught ForceObjectDelete called by workers>base @gkaissisCaught ForceObjectDelete called by workers>base @gkaissisCaught ForceObjectDelete called by workers>base @gkaissisCaught ForceObjectDelete called by workers>base @gkaissisCaught ForceObjectDelete called by workers>base @gkaissisCaught ForceObjectDelete called by workers>base @gkaissisCaught ForceObjectDelete called by workers>base @gkaissisCaught ForceObjectDelete called by workers>base @gkaissisCaught ForceObjectDelete called by workers>base @gkaissisCaught ForceObjectDelete called by workers>base @gkaissisCaught ForceObjectDelete called by workers>base @gkaissisCaught ForceObjectDelete called by workers>base @gkaissisCaught ForceObjectDelete called by workers>base @gkaissisCaught ForceObjectDelete called by workers>base @gkaissisCaught ForceObjectDelete called by workers>base @gkaissisCaught ForceObjectDelete called by workers>base @gkaissisCaught ForceObjectDelete called by workers>base @gkaissisCaught ForceObjectDelete called by workers>base @gkaissisCaught ForceObjectDelete called by workers>base @gkaissisCaught ForceObjectDelete called by workers>base @gkaissisCaught ForceObjectDelete called by workers>base @gkaissisCaught ForceObjectDelete called by workers>base @gkaissisCaught ForceObjectDelete called by workers>base @gkaissisCaught ForceObjectDelete called by workers>base @gkaissisCaught ForceObjectDelete called by workers>base @gkaissisCaught ForceObjectDelete called by workers>base @gkaissisCaught ForceObjectDelete called by workers>base @gkaissisCaught ForceObjectDelete called by workers>base @gkaissisCaught ForceObjectDelete called by workers>base @gkaissisCaught ForceObjectDelete called by workers>base @gkaissisCaught ForceObjectDelete called by workers>base @gkaissisCaught ForceObjectDelete called by workers>base @gkaissisCaught ForceObjectDelete called by workers>base @gkaissisCaught ForceObjectDelete called by workers>base @gkaissisCaught ForceObjectDelete called by workers>base @gkaissisCaught ForceObjectDelete called by workers>base @gkaissisCaught ForceObjectDelete called by workers>base @gkaissisCaught ForceObjectDelete called by workers>base @gkaissisCaught ForceObjectDelete called by workers>base @gkaissisCaught ForceObjectDelete called by workers>base @gkaissisCaught ForceObjectDelete called by workers>base @gkaissisCaught ForceObjectDelete called by workers>base @gkaissisCaught ForceObjectDelete called by workers>base @gkaissisCaught ForceObjectDelete called by workers>base @gkaissisCaught ForceObjectDelete called by workers>base @gkaissisCaught ForceObjectDelete called by workers>base @gkaissisCaught ForceObjectDelete called by workers>base @gkaissisCaught ForceObjectDelete called by workers>base @gkaissisCaught ForceObjectDelete called by workers>base @gkaissisCaught ForceObjectDelete called by workers>base @gkaissisCaught ForceObjectDelete called by workers>base @gkaissisCaught ForceObjectDelete called by workers>base @gkaissisCaught ForceObjectDelete called by workers>base @gkaissisCaught ForceObjectDelete called by workers>base @gkaissisCaught ForceObjectDelete called by workers>base @gkaissisCaught ForceObjectDelete called by workers>base @gkaissisCaught ForceObjectDelete called by workers>base @gkaissisCaught ForceObjectDelete called by workers>base @gkaissisCaught ForceObjectDelete called by workers>base @gkaissisCaught ForceObjectDelete called by workers>base @gkaissisCaught ForceObjectDelete called by workers>base @gkaissisCaught ForceObjectDelete called by workers>base @gkaissisCaught ForceObjectDelete called by workers>base @gkaissisCaught ForceObjectDelete called by workers>base @gkaissisCaught ForceObjectDelete called by workers>base @gkaissisCaught ForceObjectDelete called by workers>base @gkaissisCaught ForceObjectDelete called by workers>base @gkaissisCaught ForceObjectDelete called by workers>base @gkaissisCaught ForceObjectDelete called by workers>base @gkaissisCaught ForceObjectDelete called by workers>base @gkaissisCaught ForceObjectDelete called by workers>base @gkaissisCaught ForceObjectDelete called by workers>base @gkaissisCaught ForceObjectDelete called by workers>base @gkaissisCaught ForceObjectDelete called by workers>base @gkaissisCaught ForceObjectDelete called by workers>base @gkaissisCaught ForceObjectDelete called by workers>base @gkaissisCaught ForceObjectDelete called by workers>base @gkaissisCaught ForceObjectDelete called by workers>base @gkaissisCaught ForceObjectDelete called by workers>base @gkaissisCaught ForceObjectDelete called by workers>base @gkaissisCaught ForceObjectDelete called by workers>base @gkaissisCaught ForceObjectDelete called by workers>base @gkaissisCaught ForceObjectDelete called by workers>base @gkaissisCaught ForceObjectDelete called by workers>base @gkaissisCaught ForceObjectDelete called by workers>base @gkaissisCaught ForceObjectDelete called by workers>base @gkaissisCaught ForceObjectDelete called by workers>base @gkaissisCaught ForceObjectDelete called by workers>base @gkaissisCaught ForceObjectDelete called by workers>base @gkaissisCaught ForceObjectDelete called by workers>base @gkaissisCaught ForceObjectDelete called by workers>base @gkaissisCaught ForceObjectDelete called by workers>base @gkaissisCaught ForceObjectDelete called by workers>base @gkaissisCaught ForceObjectDelete called by workers>base @gkaissisCaught ForceObjectDelete called by workers>base @gkaissisCaught ForceObjectDelete called by workers>base @gkaissisCaught ForceObjectDelete called by workers>base @gkaissisCaught ForceObjectDelete called by workers>base @gkaissisCaught ForceObjectDelete called by workers>base @gkaissisCaught ForceObjectDelete called by workers>base @gkaissisCaught ForceObjectDelete called by workers>base @gkaissisCaught ForceObjectDelete called by workers>base @gkaissisCaught ForceObjectDelete called by workers>base @gkaissisCaught ForceObjectDelete called by workers>base @gkaissisCaught ForceObjectDelete called by workers>base @gkaissisCaught ForceObjectDelete called by workers>base @gkaissisCaught ForceObjectDelete called by workers>base @gkaissisCaught ForceObjectDelete called by workers>base @gkaissisCaught ForceObjectDelete called by workers>base @gkaissisCaught ForceObjectDelete called by workers>base @gkaissisCaught ForceObjectDelete called by workers>base @gkaissisCaught ForceObjectDelete called by workers>base @gkaissisCaught ForceObjectDelete called by workers>base @gkaissisCaught ForceObjectDelete called by workers>base @gkaissisCaught ForceObjectDelete called by workers>base @gkaissisCaught ForceObjectDelete called by workers>base @gkaissisCaught ForceObjectDelete called by workers>base @gkaissisCaught ForceObjectDelete called by workers>base @gkaissisCaught ForceObjectDelete called by workers>base @gkaissisCaught ForceObjectDelete called by workers>base @gkaissisCaught ForceObjectDelete called by workers>base @gkaissisCaught ForceObjectDelete called by workers>base @gkaissisCaught ForceObjectDelete called by workers>base @gkaissisCaught ForceObjectDelete called by workers>base @gkaissisCaught ForceObjectDelete called by workers>base @gkaissisCaught ForceObjectDelete called by workers>base @gkaissisCaught ForceObjectDelete called by workers>base @gkaissisCaught ForceObjectDelete called by workers>base @gkaissisCaught ForceObjectDelete called by workers>base @gkaissisCaught ForceObjectDelete called by workers>base @gkaissisCaught ForceObjectDelete called by workers>base @gkaissisCaught ForceObjectDelete called by workers>base @gkaissisCaught ForceObjectDelete called by workers>base @gkaissisCaught ForceObjectDelete called by workers>base @gkaissisCaught ForceObjectDelete called by workers>base @gkaissisCaught ForceObjectDelete called by workers>base @gkaissisCaught ForceObjectDelete called by workers>base @gkaissisCaught ForceObjectDelete called by workers>base @gkaissisCaught ForceObjectDelete called by workers>base @gkaissisCaught ForceObjectDelete called by workers>base @gkaissisCaught ForceObjectDelete called by workers>base @gkaissisCaught ForceObjectDelete called by workers>base @gkaissisCaught ForceObjectDelete called by workers>base @gkaissisCaught ForceObjectDelete called by workers>base @gkaissisCaught ForceObjectDelete called by workers>base @gkaissisCaught ForceObjectDelete called by workers>base @gkaissisCaught ForceObjectDelete called by workers>base @gkaissisCaught ForceObjectDelete called by workers>base @gkaissisCaught ForceObjectDelete called by workers>base @gkaissisCaught ForceObjectDelete called by workers>base @gkaissisCaught ForceObjectDelete called by workers>base @gkaissisCaught ForceObjectDelete called by workers>base @gkaissisCaught ForceObjectDelete called by workers>base @gkaissisCaught ForceObjectDelete called by workers>base @gkaissisCaught ForceObjectDelete called by workers>base @gkaissisCaught ForceObjectDelete called by workers>base @gkaissisCaught ForceObjectDelete called by workers>base @gkaissisCaught ForceObjectDelete called by workers>base @gkaissisCaught ForceObjectDelete called by workers>base @gkaissisCaught ForceObjectDelete called by workers>base @gkaissisCaught ForceObjectDelete called by workers>base @gkaissisCaught ForceObjectDelete called by workers>base @gkaissisCaught ForceObjectDelete called by workers>base @gkaissisCaught ForceObjectDelete called by workers>base @gkaissisCaught ForceObjectDelete called by workers>base @gkaissisCaught ForceObjectDelete called by workers>base @gkaissisCaught ForceObjectDelete called by workers>base @gkaissisCaught ForceObjectDelete called by workers>base @gkaissisCaught ForceObjectDelete called by workers>base @gkaissisCaught ForceObjectDelete called by workers>base @gkaissisCaught ForceObjectDelete called by workers>base @gkaissisCaught ForceObjectDelete called by workers>base @gkaissisCaught ForceObjectDelete called by workers>base @gkaissisCaught ForceObjectDelete called by workers>base @gkaissisCaught ForceObjectDelete called by workers>base @gkaissisCaught ForceObjectDelete called by workers>base @gkaissisCaught ForceObjectDelete called by workers>base @gkaissisCaught ForceObjectDelete called by workers>base @gkaissisCaught ForceObjectDelete called by workers>base @gkaissisCaught ForceObjectDelete called by workers>base @gkaissisCaught ForceObjectDelete called by workers>base @gkaissisCaught ForceObjectDelete called by workers>base @gkaissisCaught ForceObjectDelete called by workers>base @gkaissisCaught ForceObjectDelete called by workers>base @gkaissisCaught ForceObjectDelete called by workers>base @gkaissisCaught ForceObjectDelete called by workers>base @gkaissisCaught ForceObjectDelete called by workers>base @gkaissisCaught ForceObjectDelete called by workers>base @gkaissisCaught ForceObjectDelete called by workers>base @gkaissisCaught ForceObjectDelete called by workers>base @gkaissisCaught ForceObjectDelete called by workers>base @gkaissisCaught ForceObjectDelete called by workers>base @gkaissisCaught ForceObjectDelete called by workers>base @gkaissisCaught ForceObjectDelete called by workers>base @gkaissisCaught ForceObjectDelete called by workers>base @gkaissisCaught ForceObjectDelete called by workers>base @gkaissisCaught ForceObjectDelete called by workers>base @gkaissisCaught ForceObjectDelete called by workers>base @gkaissisCaught ForceObjectDelete called by workers>base @gkaissisCaught ForceObjectDelete called by workers>base @gkaissisCaught ForceObjectDelete called by workers>base @gkaissisCaught ForceObjectDelete called by workers>base @gkaissisCaught ForceObjectDelete called by workers>base @gkaissisCaught ForceObjectDelete called by workers>base @gkaissisCaught ForceObjectDelete called by workers>base @gkaissisCaught ForceObjectDelete called by workers>base @gkaissisCaught ForceObjectDelete called by workers>base @gkaissisCaught ForceObjectDelete called by workers>base @gkaissisCaught ForceObjectDelete called by workers>base @gkaissisCaught ForceObjectDelete called by workers>base @gkaissisCaught ForceObjectDelete called by workers>base @gkaissisCaught ForceObjectDelete called by workers>base @gkaissisCaught ForceObjectDelete called by workers>base @gkaissisCaught ForceObjectDelete called by workers>base @gkaissisCaught ForceObjectDelete called by workers>base @gkaissisCaught ForceObjectDelete called by workers>base @gkaissisCaught ForceObjectDelete called by workers>base @gkaissisCaught ForceObjectDelete called by workers>base @gkaissisCaught ForceObjectDelete called by workers>base @gkaissisCaught ForceObjectDelete called by workers>base @gkaissisCaught ForceObjectDelete called by workers>base @gkaissisCaught ForceObjectDelete called by workers>base @gkaissisCaught ForceObjectDelete called by workers>base @gkaissisCaught ForceObjectDelete called by workers>base @gkaissisCaught ForceObjectDelete called by workers>base @gkaissisCaught ForceObjectDelete called by workers>base @gkaissisCaught ForceObjectDelete called by workers>base @gkaissisCaught ForceObjectDelete called by workers>base @gkaissisCaught ForceObjectDelete called by workers>base @gkaissisCaught ForceObjectDelete called by workers>base @gkaissisCaught ForceObjectDelete called by workers>base @gkaissisCaught ForceObjectDelete called by workers>base @gkaissisCaught ForceObjectDelete called by workers>base @gkaissisCaught ForceObjectDelete called by workers>base @gkaissisCaught ForceObjectDelete called by workers>base @gkaissisCaught ForceObjectDelete called by workers>base @gkaissisCaught ForceObjectDelete called by workers>base @gkaissisCaught ForceObjectDelete called by workers>base @gkaissisCaught ForceObjectDelete called by workers>base @gkaissisCaught ForceObjectDelete called by workers>base @gkaissisCaught ForceObjectDelete called by workers>base @gkaissisCaught ForceObjectDelete called by workers>base @gkaissisCaught ForceObjectDelete called by workers>base @gkaissisCaught ForceObjectDelete called by workers>base @gkaissisCaught ForceObjectDelete called by workers>base @gkaissisCaught ForceObjectDelete called by workers>base @gkaissisCaught ForceObjectDelete called by workers>base @gkaissisCaught ForceObjectDelete called by workers>base @gkaissisCaught ForceObjectDelete called by workers>base @gkaissisCaught ForceObjectDelete called by workers>base @gkaissisCaught ForceObjectDelete called by workers>base @gkaissisCaught ForceObjectDelete called by workers>base @gkaissisCaught ForceObjectDelete called by workers>base @gkaissisCaught ForceObjectDelete called by workers>base @gkaissisCaught ForceObjectDelete called by workers>base @gkaissisCaught ForceObjectDelete called by workers>base @gkaissisCaught ForceObjectDelete called by workers>base @gkaissisCaught ForceObjectDelete called by workers>base @gkaissisCaught ForceObjectDelete called by workers>base @gkaissisCaught ForceObjectDelete called by workers>base @gkaissisCaught ForceObjectDelete called by workers>base @gkaissisCaught ForceObjectDelete called by workers>base @gkaissisCaught ForceObjectDelete called by workers>base @gkaissisCaught ForceObjectDelete called by workers>base @gkaissisCaught ForceObjectDelete called by workers>base @gkaissisCaught ForceObjectDelete called by workers>base @gkaissisCaught ForceObjectDelete called by workers>base @gkaissisCaught ForceObjectDelete called by workers>base @gkaissisCaught ForceObjectDelete called by workers>base @gkaissisCaught ForceObjectDelete called by workers>base @gkaissisCaught ForceObjectDelete called by workers>base @gkaissisCaught ForceObjectDelete called by workers>base @gkaissisCaught ForceObjectDelete called by workers>base @gkaissisCaught ForceObjectDelete called by workers>base @gkaissisCaught ForceObjectDelete called by workers>base @gkaissisCaught ForceObjectDelete called by workers>base @gkaissisCaught ForceObjectDelete called by workers>base @gkaissisCaught ForceObjectDelete called by workers>base @gkaissisCaught ForceObjectDelete called by workers>base @gkaissisCaught ForceObjectDelete called by workers>base @gkaissisCaught ForceObjectDelete called by workers>base @gkaissisCaught ForceObjectDelete called by workers>base @gkaissisCaught ForceObjectDelete called by workers>base @gkaissisCaught ForceObjectDelete called by workers>base @gkaissisCaught ForceObjectDelete called by workers>base @gkaissisCaught ForceObjectDelete called by workers>base @gkaissisCaught ForceObjectDelete called by workers>base @gkaissisCaught ForceObjectDelete called by workers>base @gkaissisCaught ForceObjectDelete called by workers>base @gkaissisCaught ForceObjectDelete called by workers>base @gkaissisCaught ForceObjectDelete called by workers>base @gkaissisCaught ForceObjectDelete called by workers>base @gkaissisCaught ForceObjectDelete called by workers>base @gkaissisCaught ForceObjectDelete called by workers>base @gkaissisCaught ForceObjectDelete called by workers>base @gkaissisCaught ForceObjectDelete called by workers>base @gkaissisCaught ForceObjectDelete called by workers>base @gkaissisCaught ForceObjectDelete called by workers>base @gkaissisCaught ForceObjectDelete called by workers>base @gkaissisCaught ForceObjectDelete called by workers>base @gkaissisCaught ForceObjectDelete called by workers>base @gkaissisCaught ForceObjectDelete called by workers>base @gkaissisCaught ForceObjectDelete called by workers>base @gkaissisCaught ForceObjectDelete called by workers>base @gkaissisCaught ForceObjectDelete called by workers>base @gkaissisCaught ForceObjectDelete called by workers>base @gkaissisCaught ForceObjectDelete called by workers>base @gkaissisCaught ForceObjectDelete called by workers>base @gkaissisCaught ForceObjectDelete called by workers>base @gkaissisCaught ForceObjectDelete called by workers>base @gkaissisCaught ForceObjectDelete called by workers>base @gkaissisCaught ForceObjectDelete called by workers>base @gkaissisCaught ForceObjectDelete called by workers>base @gkaissisCaught ForceObjectDelete called by workers>base @gkaissisCaught ForceObjectDelete called by workers>base @gkaissisCaught ForceObjectDelete called by workers>base @gkaissisCaught ForceObjectDelete called by workers>base @gkaissisCaught ForceObjectDelete called by workers>base @gkaissisCaught ForceObjectDelete called by workers>base @gkaissisCaught ForceObjectDelete called by workers>base @gkaissisCaught ForceObjectDelete called by workers>base @gkaissisCaught ForceObjectDelete called by workers>base @gkaissisCaught ForceObjectDelete called by workers>base @gkaissisCaught ForceObjectDelete called by workers>base @gkaissisCaught ForceObjectDelete called by workers>base @gkaissisCaught ForceObjectDelete called by workers>base @gkaissisCaught ForceObjectDelete called by workers>base @gkaissisCaught ForceObjectDelete called by workers>base @gkaissisCaught ForceObjectDelete called by workers>base @gkaissisCaught ForceObjectDelete called by workers>base @gkaissisCaught ForceObjectDelete called by workers>base @gkaissisCaught ForceObjectDelete called by workers>base @gkaissisCaught ForceObjectDelete called by workers>base @gkaissisCaught ForceObjectDelete called by workers>base @gkaissisCaught ForceObjectDelete called by workers>base @gkaissisCaught ForceObjectDelete called by workers>base @gkaissisCaught ForceObjectDelete called by workers>base @gkaissisCaught ForceObjectDelete called by workers>base @gkaissisCaught ForceObjectDelete called by workers>base @gkaissisCaught ForceObjectDelete called by workers>base @gkaissisCaught ForceObjectDelete called by workers>base @gkaissisCaught ForceObjectDelete called by workers>base @gkaissisCaught ForceObjectDelete called by workers>base @gkaissisCaught ForceObjectDelete called by workers>base @gkaissisCaught ForceObjectDelete called by workers>base @gkaissisCaught ForceObjectDelete called by workers>base @gkaissisCaught ForceObjectDelete called by workers>base @gkaissisCaught ForceObjectDelete called by workers>base @gkaissisCaught ForceObjectDelete called by workers>base @gkaissisCaught ForceObjectDelete called by workers>base @gkaissisCaught ForceObjectDelete called by workers>base @gkaissisCaught ForceObjectDelete called by workers>base @gkaissisCaught ForceObjectDelete called by workers>base @gkaissisCaught ForceObjectDelete called by workers>base @gkaissisde_register_obj called by generic>pointers>object_pointer @gkaissisde_register_obj called by generic>pointers>object_pointer @gkaissisde_register_obj called by generic>pointers>object_pointer @gkaissisde_register_obj called by generic>pointers>object_pointer @gkaissisde_register_obj called by generic>pointers>object_pointer @gkaissisde_register_obj called by generic>pointers>object_pointer @gkaissisde_register_obj called by generic>pointers>object_pointer @gkaissisde_register_obj called by generic>pointers>object_pointer @gkaissisde_register_obj called by generic>pointers>object_pointer @gkaissisde_register_obj called by generic>pointers>object_pointer @gkaissisde_register_obj called by generic>pointers>object_pointer @gkaissisde_register_obj called by generic>pointers>object_pointer @gkaissisde_register_obj called by generic>pointers>object_pointer @gkaissisde_register_obj called by generic>pointers>object_pointer @gkaissisde_register_obj called by generic>pointers>object_pointer @gkaissisde_register_obj called by generic>pointers>object_pointer @gkaissisde_register_obj called by generic>pointers>object_pointer @gkaissisde_register_obj called by generic>pointers>object_pointer @gkaissisde_register_obj called by generic>pointers>object_pointer @gkaissisde_register_obj called by generic>pointers>object_pointer @gkaissisde_register_obj called by generic>pointers>object_pointer @gkaissisde_register_obj called by generic>pointers>object_pointer @gkaissisde_register_obj called by generic>pointers>object_pointer @gkaissisde_register_obj called by generic>pointers>object_pointer @gkaissisde_register_obj called by generic>pointers>object_pointer @gkaissisde_register_obj called by generic>pointers>object_pointer @gkaissisde_register_obj called by generic>pointers>object_pointer @gkaissisde_register_obj called by generic>pointers>object_pointer @gkaissisde_register_obj called by generic>pointers>object_pointer @gkaissisde_register_obj called by generic>pointers>object_pointer @gkaissisde_register_obj called by generic>pointers>object_pointer @gkaissisde_register_obj called by generic>pointers>object_pointer @gkaissisde_register_obj called by generic>pointers>object_pointer @gkaissisde_register_obj called by generic>pointers>object_pointer @gkaissisde_register_obj called by generic>pointers>object_pointer @gkaissisde_register_obj called by generic>pointers>object_pointer @gkaissisde_register_obj called by generic>pointers>object_pointer @gkaissisde_register_obj called by generic>pointers>object_pointer @gkaissisde_register_obj called by generic>pointers>object_pointer @gkaissisde_register_obj called by generic>pointers>object_pointer @gkaissisde_register_obj called by generic>pointers>object_pointer @gkaissisde_register_obj called by generic>pointers>object_pointer @gkaissisde_register_obj called by generic>pointers>object_pointer @gkaissisde_register_obj called by generic>pointers>object_pointer @gkaissisde_register_obj called by generic>pointers>object_pointer @gkaissisde_register_obj called by generic>pointers>object_pointer @gkaissisde_register_obj called by generic>pointers>object_pointer @gkaissisde_register_obj called by generic>pointers>object_pointer @gkaissisde_register_obj called by generic>pointers>object_pointer @gkaissisde_register_obj called by generic>pointers>object_pointer @gkaissisde_register_obj called by generic>pointers>object_pointer @gkaissisde_register_obj called by generic>pointers>object_pointer @gkaissisde_register_obj called by generic>pointers>object_pointer @gkaissisde_register_obj called by generic>pointers>object_pointer @gkaissisde_register_obj called by generic>pointers>object_pointer @gkaissisde_register_obj called by generic>pointers>object_pointer @gkaissisde_register_obj called by generic>pointers>object_pointer @gkaissisde_register_obj called by generic>pointers>object_pointer @gkaissisde_register_obj called by generic>pointers>object_pointer @gkaissisde_register_obj called by generic>pointers>object_pointer @gkaissisde_register_obj called by generic>pointers>object_pointer @gkaissisde_register_obj called by generic>pointers>object_pointer @gkaissisde_register_obj called by generic>pointers>object_pointer @gkaissisde_register_obj called by generic>pointers>object_pointer @gkaissisde_register_obj called by generic>pointers>object_pointer @gkaissisde_register_obj called by generic>pointers>object_pointer @gkaissisde_register_obj called by generic>pointers>object_pointer @gkaissisde_register_obj called by generic>pointers>object_pointer @gkaissisde_register_obj called by generic>pointers>object_pointer @gkaissisde_register_obj called by generic>pointers>object_pointer @gkaissisde_register_obj called by generic>pointers>object_pointer @gkaissisde_register_obj called by generic>pointers>object_pointer @gkaissisde_register_obj called by generic>pointers>object_pointer @gkaissisde_register_obj called by generic>pointers>object_pointer @gkaissisde_register_obj called by generic>pointers>object_pointer @gkaissisde_register_obj called by generic>pointers>object_pointer @gkaissisde_register_obj called by generic>pointers>object_pointer @gkaissisde_register_obj called by generic>pointers>object_pointer @gkaissisde_register_obj called by generic>pointers>object_pointer @gkaissisde_register_obj called by generic>pointers>object_pointer @gkaissisde_register_obj called by generic>pointers>object_pointer @gkaissisde_register_obj called by generic>pointers>object_pointer @gkaissisde_register_obj called by generic>pointers>object_pointer @gkaissisde_register_obj called by generic>pointers>object_pointer @gkaissisde_register_obj called by generic>pointers>object_pointer @gkaissisde_register_obj called by generic>pointers>object_pointer @gkaissisde_register_obj called by generic>pointers>object_pointer @gkaissisde_register_obj called by generic>pointers>object_pointer @gkaissisde_register_obj called by generic>pointers>object_pointer @gkaissisde_register_obj called by generic>pointers>object_pointer @gkaissisde_register_obj called by generic>pointers>object_pointer @gkaissisde_register_obj called by generic>pointers>object_pointer @gkaissisde_register_obj called by generic>pointers>object_pointer @gkaissisde_register_obj called by generic>pointers>object_pointer @gkaissisde_register_obj called by generic>pointers>object_pointer @gkaissisde_register_obj called by generic>pointers>object_pointer @gkaissisde_register_obj called by generic>pointers>object_pointer @gkaissisde_register_obj called by generic>pointers>object_pointer @gkaissisde_register_obj called by generic>pointers>object_pointer @gkaissisde_register_obj called by generic>pointers>object_pointer @gkaissisde_register_obj called by generic>pointers>object_pointer @gkaissisde_register_obj called by generic>pointers>object_pointer @gkaissisde_register_obj called by generic>pointers>object_pointer @gkaissisde_register_obj called by generic>pointers>object_pointer @gkaissisde_register_obj called by generic>pointers>object_pointer @gkaissisde_register_obj called by generic>pointers>object_pointer @gkaissisde_register_obj called by generic>pointers>object_pointer @gkaissisde_register_obj called by generic>pointers>object_pointer @gkaissisde_register_obj called by generic>pointers>object_pointer @gkaissisde_register_obj called by generic>pointers>object_pointer @gkaissisde_register_obj called by generic>pointers>object_pointer @gkaissisde_register_obj called by generic>pointers>object_pointer @gkaissisde_register_obj called by generic>pointers>object_pointer @gkaissisde_register_obj called by generic>pointers>object_pointer @gkaissisde_register_obj called by generic>pointers>object_pointer @gkaissisde_register_obj called by generic>pointers>object_pointer @gkaissisde_register_obj called by generic>pointers>object_pointer @gkaissisde_register_obj called by generic>pointers>object_pointer @gkaissisde_register_obj called by generic>pointers>object_pointer @gkaissisde_register_obj called by generic>pointers>object_pointer @gkaissisde_register_obj called by generic>pointers>object_pointer @gkaissisde_register_obj called by generic>pointers>object_pointer @gkaissisCaught ForceObjectDelete called by workers>base @gkaissisCaught ForceObjectDelete called by workers>base @gkaissisCaught ForceObjectDelete called by workers>base @gkaissisCaught ForceObjectDelete called by workers>base @gkaissisCaught ForceObjectDelete called by workers>base @gkaissisCaught ForceObjectDelete called by workers>base @gkaissisCaught ForceObjectDelete called by workers>base @gkaissisCaught ForceObjectDelete called by workers>base @gkaissisCaught ForceObjectDelete called by workers>base @gkaissisCaught ForceObjectDelete called by workers>base @gkaissisCaught ForceObjectDelete called by workers>base @gkaissisCaught ForceObjectDelete called by workers>base @gkaissisCaught ForceObjectDelete called by workers>base @gkaissisCaught ForceObjectDelete called by workers>base @gkaissisCaught ForceObjectDelete called by workers>base @gkaissisCaught ForceObjectDelete called by workers>base @gkaissisCaught ForceObjectDelete called by workers>base @gkaissisCaught ForceObjectDelete called by workers>base @gkaissisCaught ForceObjectDelete called by workers>base @gkaissisCaught ForceObjectDelete called by workers>base @gkaissisCaught ForceObjectDelete called by workers>base @gkaissisCaught ForceObjectDelete called by workers>base @gkaissisCaught ForceObjectDelete called by workers>base @gkaissisCaught ForceObjectDelete called by workers>base @gkaissisCaught ForceObjectDelete called by workers>base @gkaissisCaught ForceObjectDelete called by workers>base @gkaissisCaught ForceObjectDelete called by workers>base @gkaissisCaught ForceObjectDelete called by workers>base @gkaissisCaught ForceObjectDelete called by workers>base @gkaissisCaught ForceObjectDelete called by workers>base @gkaissisCaught ForceObjectDelete called by workers>base @gkaissisCaught ForceObjectDelete called by workers>base @gkaissisCaught ForceObjectDelete called by workers>base @gkaissisCaught ForceObjectDelete called by workers>base @gkaissisCaught ForceObjectDelete called by workers>base @gkaissisCaught ForceObjectDelete called by workers>base @gkaissisCaught ForceObjectDelete called by workers>base @gkaissisCaught ForceObjectDelete called by workers>base @gkaissisCaught ForceObjectDelete called by workers>base @gkaissisCaught ForceObjectDelete called by workers>base @gkaissisCaught ForceObjectDelete called by workers>base @gkaissisCaught ForceObjectDelete called by workers>base @gkaissisCaught ForceObjectDelete called by workers>base @gkaissisCaught ForceObjectDelete called by workers>base @gkaissisCaught ForceObjectDelete called by workers>base @gkaissisCaught ForceObjectDelete called by workers>base @gkaissisCaught ForceObjectDelete called by workers>base @gkaissisCaught ForceObjectDelete called by workers>base @gkaissisCaught ForceObjectDelete called by workers>base @gkaissisCaught ForceObjectDelete called by workers>base @gkaissisCaught ForceObjectDelete called by workers>base @gkaissisCaught ForceObjectDelete called by workers>base @gkaissisCaught ForceObjectDelete called by workers>base @gkaissisCaught ForceObjectDelete called by workers>base @gkaissisCaught ForceObjectDelete called by workers>base @gkaissisCaught ForceObjectDelete called by workers>base @gkaissisCaught ForceObjectDelete called by workers>base @gkaissisCaught ForceObjectDelete called by workers>base @gkaissisCaught ForceObjectDelete called by workers>base @gkaissisCaught ForceObjectDelete called by workers>base @gkaissisCaught ForceObjectDelete called by workers>base @gkaissisCaught ForceObjectDelete called by workers>base @gkaissisCaught ForceObjectDelete called by workers>base @gkaissisCaught ForceObjectDelete called by workers>base @gkaissisCaught ForceObjectDelete called by workers>base @gkaissisCaught ForceObjectDelete called by workers>base @gkaissisCaught ForceObjectDelete called by workers>base @gkaissisCaught ForceObjectDelete called by workers>base @gkaissisCaught ForceObjectDelete called by workers>base @gkaissisCaught ForceObjectDelete called by workers>base @gkaissisCaught ForceObjectDelete called by workers>base @gkaissisCaught ForceObjectDelete called by workers>base @gkaissisCaught ForceObjectDelete called by workers>base @gkaissisCaught ForceObjectDelete called by workers>base @gkaissisCaught ForceObjectDelete called by workers>base @gkaissisCaught ForceObjectDelete called by workers>base @gkaissisCaught ForceObjectDelete called by workers>base @gkaissisCaught ForceObjectDelete called by workers>base @gkaissisCaught ForceObjectDelete called by workers>base @gkaissisCaught ForceObjectDelete called by workers>base @gkaissisCaught ForceObjectDelete called by workers>base @gkaissisCaught ForceObjectDelete called by workers>base @gkaissisCaught ForceObjectDelete called by workers>base @gkaissisCaught ForceObjectDelete called by workers>base @gkaissisCaught ForceObjectDelete called by workers>base @gkaissisCaught ForceObjectDelete called by workers>base @gkaissisCaught ForceObjectDelete called by workers>base @gkaissisCaught ForceObjectDelete called by workers>base @gkaissisCaught ForceObjectDelete called by workers>base @gkaissisCaught ForceObjectDelete called by workers>base @gkaissisCaught ForceObjectDelete called by workers>base @gkaissisCaught ForceObjectDelete called by workers>base @gkaissisCaught ForceObjectDelete called by workers>base @gkaissisCaught ForceObjectDelete called by workers>base @gkaissisCaught ForceObjectDelete called by workers>base @gkaissisCaught ForceObjectDelete called by workers>base @gkaissisCaught ForceObjectDelete called by workers>base @gkaissisCaught ForceObjectDelete called by workers>base @gkaissisCaught ForceObjectDelete called by workers>base @gkaissisCaught ForceObjectDelete called by workers>base @gkaissisCaught ForceObjectDelete called by workers>base @gkaissisCaught ForceObjectDelete called by workers>base @gkaissisCaught ForceObjectDelete called by workers>base @gkaissisCaught ForceObjectDelete called by workers>base @gkaissisCaught ForceObjectDelete called by workers>base @gkaissisCaught ForceObjectDelete called by workers>base @gkaissisCaught ForceObjectDelete called by workers>base @gkaissisCaught ForceObjectDelete called by workers>base @gkaissisCaught ForceObjectDelete called by workers>base @gkaissisCaught ForceObjectDelete called by workers>base @gkaissisCaught ForceObjectDelete called by workers>base @gkaissisCaught ForceObjectDelete called by workers>base @gkaissisCaught ForceObjectDelete called by workers>base @gkaissisCaught ForceObjectDelete called by workers>base @gkaissisCaught ForceObjectDelete called by workers>base @gkaissisCaught ForceObjectDelete called by workers>base @gkaissisCaught ForceObjectDelete called by workers>base @gkaissisCaught ForceObjectDelete called by workers>base @gkaissisCaught ForceObjectDelete called by workers>base @gkaissisCaught ForceObjectDelete called by workers>base @gkaissisCaught ForceObjectDelete called by workers>base @gkaissisCaught ForceObjectDelete called by workers>base @gkaissisCaught ForceObjectDelete called by workers>base @gkaissisCaught ForceObjectDelete called by workers>base @gkaissisCaught ForceObjectDelete called by workers>base @gkaissisCaught ForceObjectDelete called by workers>base @gkaissisCaught ForceObjectDelete called by workers>base @gkaissisCaught ForceObjectDelete called by workers>base @gkaissisCaught ForceObjectDelete called by workers>base @gkaissisCaught ForceObjectDelete called by workers>base @gkaissisCaught ForceObjectDelete called by workers>base @gkaissisCaught ForceObjectDelete called by workers>base @gkaissisCaught ForceObjectDelete called by workers>base @gkaissisCaught ForceObjectDelete called by workers>base @gkaissisCaught ForceObjectDelete called by workers>base @gkaissisCaught ForceObjectDelete called by workers>base @gkaissisCaught ForceObjectDelete called by workers>base @gkaissisCaught ForceObjectDelete called by workers>base @gkaissisCaught ForceObjectDelete called by workers>base @gkaissisCaught ForceObjectDelete called by workers>base @gkaissisCaught ForceObjectDelete called by workers>base @gkaissisCaught ForceObjectDelete called by workers>base @gkaissisCaught ForceObjectDelete called by workers>base @gkaissisCaught ForceObjectDelete called by workers>base @gkaissisCaught ForceObjectDelete called by workers>base @gkaissisCaught ForceObjectDelete called by workers>base @gkaissisCaught ForceObjectDelete called by workers>base @gkaissisCaught ForceObjectDelete called by workers>base @gkaissisCaught ForceObjectDelete called by workers>base @gkaissisCaught ForceObjectDelete called by workers>base @gkaissisCaught ForceObjectDelete called by workers>base @gkaissisCaught ForceObjectDelete called by workers>base @gkaissisCaught ForceObjectDelete called by workers>base @gkaissisCaught ForceObjectDelete called by workers>base @gkaissisCaught ForceObjectDelete called by workers>base @gkaissisCaught ForceObjectDelete called by workers>base @gkaissisCaught ForceObjectDelete called by workers>base @gkaissisCaught ForceObjectDelete called by workers>base @gkaissisCaught ForceObjectDelete called by workers>base @gkaissisCaught ForceObjectDelete called by workers>base @gkaissisCaught ForceObjectDelete called by workers>base @gkaissisCaught ForceObjectDelete called by workers>base @gkaissisCaught ForceObjectDelete called by workers>base @gkaissisCaught ForceObjectDelete called by workers>base @gkaissisCaught ForceObjectDelete called by workers>base @gkaissisCaught ForceObjectDelete called by workers>base @gkaissisCaught ForceObjectDelete called by workers>base @gkaissisCaught ForceObjectDelete called by workers>base @gkaissisCaught ForceObjectDelete called by workers>base @gkaissisCaught ForceObjectDelete called by workers>base @gkaissisCaught ForceObjectDelete called by workers>base @gkaissisCaught ForceObjectDelete called by workers>base @gkaissisCaught ForceObjectDelete called by workers>base @gkaissisCaught ForceObjectDelete called by workers>base @gkaissisCaught ForceObjectDelete called by workers>base @gkaissisCaught ForceObjectDelete called by workers>base @gkaissisCaught ForceObjectDelete called by workers>base @gkaissisCaught ForceObjectDelete called by workers>base @gkaissisCaught ForceObjectDelete called by workers>base @gkaissisCaught ForceObjectDelete called by workers>base @gkaissisCaught ForceObjectDelete called by workers>base @gkaissisCaught ForceObjectDelete called by workers>base @gkaissisCaught ForceObjectDelete called by workers>base @gkaissisCaught ForceObjectDelete called by workers>base @gkaissisCaught ForceObjectDelete called by workers>base @gkaissisCaught ForceObjectDelete called by workers>base @gkaissisCaught ForceObjectDelete called by workers>base @gkaissisCaught ForceObjectDelete called by workers>base @gkaissisCaught ForceObjectDelete called by workers>base @gkaissisCaught ForceObjectDelete called by workers>base @gkaissisCaught ForceObjectDelete called by workers>base @gkaissisCaught ForceObjectDelete called by workers>base @gkaissisCaught ForceObjectDelete called by workers>base @gkaissisCaught ForceObjectDelete called by workers>base @gkaissisCaught ForceObjectDelete called by workers>base @gkaissisCaught ForceObjectDelete called by workers>base @gkaissisCaught ForceObjectDelete called by workers>base @gkaissisCaught ForceObjectDelete called by workers>base @gkaissisCaught ForceObjectDelete called by workers>base @gkaissisCaught ForceObjectDelete called by workers>base @gkaissisCaught ForceObjectDelete called by workers>base @gkaissisCaught ForceObjectDelete called by workers>base @gkaissisCaught ForceObjectDelete called by workers>base @gkaissisCaught ForceObjectDelete called by workers>base @gkaissisCaught ForceObjectDelete called by workers>base @gkaissisCaught ForceObjectDelete called by workers>base @gkaissisCaught ForceObjectDelete called by workers>base @gkaissisCaught ForceObjectDelete called by workers>base @gkaissisCaught ForceObjectDelete called by workers>base @gkaissisCaught ForceObjectDelete called by workers>base @gkaissisCaught ForceObjectDelete called by workers>base @gkaissisCaught ForceObjectDelete called by workers>base @gkaissisCaught ForceObjectDelete called by workers>base @gkaissisCaught ForceObjectDelete called by workers>base @gkaissisCaught ForceObjectDelete called by workers>base @gkaissisCaught ForceObjectDelete called by workers>base @gkaissisCaught ForceObjectDelete called by workers>base @gkaissisCaught ForceObjectDelete called by workers>base @gkaissisCaught ForceObjectDelete called by workers>base @gkaissisCaught ForceObjectDelete called by workers>base @gkaissisCaught ForceObjectDelete called by workers>base @gkaissisCaught ForceObjectDelete called by workers>base @gkaissisCaught ForceObjectDelete called by workers>base @gkaissisCaught ForceObjectDelete called by workers>base @gkaissisCaught ForceObjectDelete called by workers>base @gkaissisCaught ForceObjectDelete called by workers>base @gkaissisCaught ForceObjectDelete called by workers>base @gkaissisCaught ForceObjectDelete called by workers>base @gkaissisCaught ForceObjectDelete called by workers>base @gkaissisCaught ForceObjectDelete called by workers>base @gkaissisCaught ForceObjectDelete called by workers>base @gkaissisCaught ForceObjectDelete called by workers>base @gkaissisCaught ForceObjectDelete called by workers>base @gkaissisCaught ForceObjectDelete called by workers>base @gkaissisCaught ForceObjectDelete called by workers>base @gkaissisCaught ForceObjectDelete called by workers>base @gkaissisCaught ForceObjectDelete called by workers>base @gkaissisCaught ForceObjectDelete called by workers>base @gkaissisCaught ForceObjectDelete called by workers>base @gkaissisCaught ForceObjectDelete called by workers>base @gkaissisCaught ForceObjectDelete called by workers>base @gkaissisCaught ForceObjectDelete called by workers>base @gkaissisCaught ForceObjectDelete called by workers>base @gkaissisCaught ForceObjectDelete called by workers>base @gkaissisCaught ForceObjectDelete called by workers>base @gkaissisCaught ForceObjectDelete called by workers>base @gkaissisCaught ForceObjectDelete called by workers>base @gkaissisCaught ForceObjectDelete called by workers>base @gkaissisCaught ForceObjectDelete called by workers>base @gkaissisCaught ForceObjectDelete called by workers>base @gkaissisCaught ForceObjectDelete called by workers>base @gkaissisCaught ForceObjectDelete called by workers>base @gkaissisCaught ForceObjectDelete called by workers>base @gkaissisCaught ForceObjectDelete called by workers>base @gkaissisCaught ForceObjectDelete called by workers>base @gkaissisCaught ForceObjectDelete called by workers>base @gkaissisCaught ForceObjectDelete called by workers>base @gkaissisCaught ForceObjectDelete called by workers>base @gkaissisCaught ForceObjectDelete called by workers>base @gkaissisCaught ForceObjectDelete called by workers>base @gkaissisCaught ForceObjectDelete called by workers>base @gkaissisCaught ForceObjectDelete called by workers>base @gkaissisCaught ForceObjectDelete called by workers>base @gkaissisCaught ForceObjectDelete called by workers>base @gkaissisCaught ForceObjectDelete called by workers>base @gkaissisCaught ForceObjectDelete called by workers>base @gkaissisCaught ForceObjectDelete called by workers>base @gkaissisCaught ForceObjectDelete called by workers>base @gkaissisCaught ForceObjectDelete called by workers>base @gkaissisCaught ForceObjectDelete called by workers>base @gkaissisCaught ForceObjectDelete called by workers>base @gkaissisCaught ForceObjectDelete called by workers>base @gkaissisCaught ForceObjectDelete called by workers>base @gkaissisCaught ForceObjectDelete called by workers>base @gkaissisCaught ForceObjectDelete called by workers>base @gkaissisCaught ForceObjectDelete called by workers>base @gkaissisCaught ForceObjectDelete called by workers>base @gkaissisCaught ForceObjectDelete called by workers>base @gkaissisCaught ForceObjectDelete called by workers>base @gkaissisCaught ForceObjectDelete called by workers>base @gkaissisCaught ForceObjectDelete called by workers>base @gkaissisCaught ForceObjectDelete called by workers>base @gkaissisCaught ForceObjectDelete called by workers>base @gkaissisCaught ForceObjectDelete called by workers>base @gkaissisCaught ForceObjectDelete called by workers>base @gkaissisCaught ForceObjectDelete called by workers>base @gkaissisCaught ForceObjectDelete called by workers>base @gkaissisCaught ForceObjectDelete called by workers>base @gkaissisCaught ForceObjectDelete called by workers>base @gkaissisCaught ForceObjectDelete called by workers>base @gkaissisCaught ForceObjectDelete called by workers>base @gkaissisCaught ForceObjectDelete called by workers>base @gkaissisCaught ForceObjectDelete called by workers>base @gkaissisCaught ForceObjectDelete called by workers>base @gkaissisCaught ForceObjectDelete called by workers>base @gkaissisCaught ForceObjectDelete called by workers>base @gkaissisCaught ForceObjectDelete called by workers>base @gkaissisCaught ForceObjectDelete called by workers>base @gkaissisCaught ForceObjectDelete called by workers>base @gkaissisCaught ForceObjectDelete called by workers>base @gkaissisCaught ForceObjectDelete called by workers>base @gkaissisCaught ForceObjectDelete called by workers>base @gkaissisCaught ForceObjectDelete called by workers>base @gkaissisCaught ForceObjectDelete called by workers>base @gkaissisCaught ForceObjectDelete called by workers>base @gkaissisCaught ForceObjectDelete called by workers>base @gkaissisCaught ForceObjectDelete called by workers>base @gkaissisCaught ForceObjectDelete called by workers>base @gkaissisCaught ForceObjectDelete called by workers>base @gkaissisCaught ForceObjectDelete called by workers>base @gkaissisCaught ForceObjectDelete called by workers>base @gkaissisCaught ForceObjectDelete called by workers>base @gkaissisCaught ForceObjectDelete called by workers>base @gkaissisCaught ForceObjectDelete called by workers>base @gkaissisCaught ForceObjectDelete called by workers>base @gkaissisCaught ForceObjectDelete called by workers>base @gkaissisCaught ForceObjectDelete called by workers>base @gkaissisCaught ForceObjectDelete called by workers>base @gkaissisCaught ForceObjectDelete called by workers>base @gkaissisCaught ForceObjectDelete called by workers>base @gkaissisCaught ForceObjectDelete called by workers>base @gkaissisCaught ForceObjectDelete called by workers>base @gkaissisCaught ForceObjectDelete called by workers>base @gkaissisCaught ForceObjectDelete called by workers>base @gkaissisCaught ForceObjectDelete called by workers>base @gkaissisCaught ForceObjectDelete called by workers>base @gkaissisCaught ForceObjectDelete called by workers>base @gkaissisCaught ForceObjectDelete called by workers>base @gkaissisCaught ForceObjectDelete called by workers>base @gkaissisCaught ForceObjectDelete called by workers>base @gkaissisCaught ForceObjectDelete called by workers>base @gkaissisCaught ForceObjectDelete called by workers>base @gkaissisCaught ForceObjectDelete called by workers>base @gkaissisCaught ForceObjectDelete called by workers>base @gkaissisCaught ForceObjectDelete called by workers>base @gkaissisCaught ForceObjectDelete called by workers>base @gkaissisCaught ForceObjectDelete called by workers>base @gkaissisCaught ForceObjectDelete called by workers>base @gkaissisCaught ForceObjectDelete called by workers>base @gkaissisCaught ForceObjectDelete called by workers>base @gkaissisCaught ForceObjectDelete called by workers>base @gkaissisCaught ForceObjectDelete called by workers>base @gkaissisCaught ForceObjectDelete called by workers>base @gkaissisCaught ForceObjectDelete called by workers>base @gkaissisCaught ForceObjectDelete called by workers>base @gkaissisCaught ForceObjectDelete called by workers>base @gkaissisCaught ForceObjectDelete called by workers>base @gkaissisCaught ForceObjectDelete called by workers>base @gkaissisCaught ForceObjectDelete called by workers>base @gkaissisCaught ForceObjectDelete called by workers>base @gkaissisCaught ForceObjectDelete called by workers>base @gkaissisCaught ForceObjectDelete called by workers>base @gkaissisCaught ForceObjectDelete called by workers>base @gkaissisCaught ForceObjectDelete called by workers>base @gkaissisCaught ForceObjectDelete called by workers>base @gkaissisCaught ForceObjectDelete called by workers>base @gkaissisCaught ForceObjectDelete called by workers>base @gkaissisCaught ForceObjectDelete called by workers>base @gkaissisCaught ForceObjectDelete called by workers>base @gkaissisCaught ForceObjectDelete called by workers>base @gkaissisCaught ForceObjectDelete called by workers>base @gkaissisCaught ForceObjectDelete called by workers>base @gkaissisCaught ForceObjectDelete called by workers>base @gkaissisCaught ForceObjectDelete called by workers>base @gkaissisCaught ForceObjectDelete called by workers>base @gkaissisCaught ForceObjectDelete called by workers>base @gkaissisCaught ForceObjectDelete called by workers>base @gkaissisCaught ForceObjectDelete called by workers>base @gkaissisCaught ForceObjectDelete called by workers>base @gkaissisCaught ForceObjectDelete called by workers>base @gkaissisCaught ForceObjectDelete called by workers>base @gkaissisCaught ForceObjectDelete called by workers>base @gkaissisTraining with secure aggregation:   0%|          | 0/1 [00:00<?, ?it/s]
Train batch 0:   0%|          | 0/3 [00:00<?, ?it/s]Caught ForceObjectDelete called by workers>base @gkaissisCaught ForceObjectDelete called by workers>base @gkaissisCaught ForceObjectDelete called by workers>base @gkaissisCaught ForceObjectDelete called by workers>base @gkaissisCaught ForceObjectDelete called by workers>base @gkaissisCaught ForceObjectDelete called by workers>base @gkaissisCaught ForceObjectDelete called by workers>base @gkaissisCaught ForceObjectDelete called by workers>base @gkaissisCaught ForceObjectDelete called by workers>base @gkaissisCaught ForceObjectDelete called by workers>base @gkaissisCaught ForceObjectDelete called by workers>base @gkaissisCaught ForceObjectDelete called by workers>base @gkaissisCaught ForceObjectDelete called by workers>base @gkaissisCaught ForceObjectDelete called by workers>base @gkaissisCaught ForceObjectDelete called by workers>base @gkaissisCaught ForceObjectDelete called by workers>base @gkaissisCaught ForceObjectDelete called by workers>base @gkaissisCaught ForceObjectDelete called by workers>base @gkaissisCaught ForceObjectDelete called by workers>base @gkaissisCaught ForceObjectDelete called by workers>base @gkaissisCaught ForceObjectDelete called by workers>base @gkaissisCaught ForceObjectDelete called by workers>base @gkaissisCaught ForceObjectDelete called by workers>base @gkaissisCaught ForceObjectDelete called by workers>base @gkaissisCaught ForceObjectDelete called by workers>base @gkaissisCaught ForceObjectDelete called by workers>base @gkaissisCaught ForceObjectDelete called by workers>base @gkaissisCaught ForceObjectDelete called by workers>base @gkaissisCaught ForceObjectDelete called by workers>base @gkaissisCaught ForceObjectDelete called by workers>base @gkaissisCaught ForceObjectDelete called by workers>base @gkaissisCaught ForceObjectDelete called by workers>base @gkaissisCaught ForceObjectDelete called by workers>base @gkaissisCaught ForceObjectDelete called by workers>base @gkaissisCaught ForceObjectDelete called by workers>base @gkaissisCaught ForceObjectDelete called by workers>base @gkaissisCaught ForceObjectDelete called by workers>base @gkaissisCaught ForceObjectDelete called by workers>base @gkaissisCaught ForceObjectDelete called by workers>base @gkaissisCaught ForceObjectDelete called by workers>base @gkaissisCaught ForceObjectDelete called by workers>base @gkaissisCaught ForceObjectDelete called by workers>base @gkaissisCaught ForceObjectDelete called by workers>base @gkaissisCaught ForceObjectDelete called by workers>base @gkaissisCaught ForceObjectDelete called by workers>base @gkaissisCaught ForceObjectDelete called by workers>base @gkaissisCaught ForceObjectDelete called by workers>base @gkaissisCaught ForceObjectDelete called by workers>base @gkaissisCaught ForceObjectDelete called by workers>base @gkaissisCaught ForceObjectDelete called by workers>base @gkaissisCaught ForceObjectDelete called by workers>base @gkaissisCaught ForceObjectDelete called by workers>base @gkaissisCaught ForceObjectDelete called by workers>base @gkaissisCaught ForceObjectDelete called by workers>base @gkaissisCaught ForceObjectDelete called by workers>base @gkaissisCaught ForceObjectDelete called by workers>base @gkaissisCaught ForceObjectDelete called by workers>base @gkaissisCaught ForceObjectDelete called by workers>base @gkaissisCaught ForceObjectDelete called by workers>base @gkaissisCaught ForceObjectDelete called by workers>base @gkaissisCaught ForceObjectDelete called by workers>base @gkaissisCaught ForceObjectDelete called by workers>base @gkaissisCaught ForceObjectDelete called by workers>base @gkaissisCaught ForceObjectDelete called by workers>base @gkaissisCaught ForceObjectDelete called by workers>base @gkaissisCaught ForceObjectDelete called by workers>base @gkaissisCaught ForceObjectDelete called by workers>base @gkaissisCaught ForceObjectDelete called by workers>base @gkaissisCaught ForceObjectDelete called by workers>base @gkaissisCaught ForceObjectDelete called by workers>base @gkaissisCaught ForceObjectDelete called by workers>base @gkaissisCaught ForceObjectDelete called by workers>base @gkaissisCaught ForceObjectDelete called by workers>base @gkaissisCaught ForceObjectDelete called by workers>base @gkaissisCaught ForceObjectDelete called by workers>base @gkaissisCaught ForceObjectDelete called by workers>base @gkaissisCaught ForceObjectDelete called by workers>base @gkaissisCaught ForceObjectDelete called by workers>base @gkaissisCaught ForceObjectDelete called by workers>base @gkaissisCaught ForceObjectDelete called by workers>base @gkaissisCaught ForceObjectDelete called by workers>base @gkaissisCaught ForceObjectDelete called by workers>base @gkaissisCaught ForceObjectDelete called by workers>base @gkaissisCaught ForceObjectDelete called by workers>base @gkaissisCaught ForceObjectDelete called by workers>base @gkaissisCaught ForceObjectDelete called by workers>base @gkaissisCaught ForceObjectDelete called by workers>base @gkaissisCaught ForceObjectDelete called by workers>base @gkaissisCaught ForceObjectDelete called by workers>base @gkaissisCaught ForceObjectDelete called by workers>base @gkaissisCaught ForceObjectDelete called by workers>base @gkaissisCaught ForceObjectDelete called by workers>base @gkaissisCaught ForceObjectDelete called by workers>base @gkaissisCaught ForceObjectDelete called by workers>base @gkaissisCaught ForceObjectDelete called by workers>base @gkaissisCaught ForceObjectDelete called by workers>base @gkaissisCaught ForceObjectDelete called by workers>base @gkaissisCaught ForceObjectDelete called by workers>base @gkaissisCaught ForceObjectDelete called by workers>base @gkaissisCaught ForceObjectDelete called by workers>base @gkaissisCaught ForceObjectDelete called by workers>base @gkaissisCaught ForceObjectDelete called by workers>base @gkaissisCaught ForceObjectDelete called by workers>base @gkaissisCaught ForceObjectDelete called by workers>base @gkaissisCaught ForceObjectDelete called by workers>base @gkaissisCaught ForceObjectDelete called by workers>base @gkaissisCaught ForceObjectDelete called by workers>base @gkaissisCaught ForceObjectDelete called by workers>base @gkaissisCaught ForceObjectDelete called by workers>base @gkaissisCaught ForceObjectDelete called by workers>base @gkaissisCaught ForceObjectDelete called by workers>base @gkaissisCaught ForceObjectDelete called by workers>base @gkaissisCaught ForceObjectDelete called by workers>base @gkaissisCaught ForceObjectDelete called by workers>base @gkaissisCaught ForceObjectDelete called by workers>base @gkaissisCaught ForceObjectDelete called by workers>base @gkaissisCaught ForceObjectDelete called by workers>base @gkaissisCaught ForceObjectDelete called by workers>base @gkaissisCaught ForceObjectDelete called by workers>base @gkaissisCaught ForceObjectDelete called by workers>base @gkaissisCaught ForceObjectDelete called by workers>base @gkaissisCaught ForceObjectDelete called by workers>base @gkaissisCaught ForceObjectDelete called by workers>base @gkaissisCaught ForceObjectDelete called by workers>base @gkaissisCaught ForceObjectDelete called by workers>base @gkaissisCaught ForceObjectDelete called by workers>base @gkaissisCaught ForceObjectDelete called by workers>base @gkaissisCaught ForceObjectDelete called by workers>base @gkaissisCaught ForceObjectDelete called by workers>base @gkaissisCaught ForceObjectDelete called by workers>base @gkaissisCaught ForceObjectDelete called by workers>base @gkaissisCaught ForceObjectDelete called by workers>base @gkaissisCaught ForceObjectDelete called by workers>base @gkaissisCaught ForceObjectDelete called by workers>base @gkaissisCaught ForceObjectDelete called by workers>base @gkaissisCaught ForceObjectDelete called by workers>base @gkaissisCaught ForceObjectDelete called by workers>base @gkaissisCaught ForceObjectDelete called by workers>base @gkaissisCaught ForceObjectDelete called by workers>base @gkaissisCaught ForceObjectDelete called by workers>base @gkaissisCaught ForceObjectDelete called by workers>base @gkaissisCaught ForceObjectDelete called by workers>base @gkaissisCaught ForceObjectDelete called by workers>base @gkaissisCaught ForceObjectDelete called by workers>base @gkaissisCaught ForceObjectDelete called by workers>base @gkaissisCaught ForceObjectDelete called by workers>base @gkaissisCaught ForceObjectDelete called by workers>base @gkaissisCaught ForceObjectDelete called by workers>base @gkaissisCaught ForceObjectDelete called by workers>base @gkaissisCaught ForceObjectDelete called by workers>base @gkaissisCaught ForceObjectDelete called by workers>base @gkaissisCaught ForceObjectDelete called by workers>base @gkaissisCaught ForceObjectDelete called by workers>base @gkaissisCaught ForceObjectDelete called by workers>base @gkaissisCaught ForceObjectDelete called by workers>base @gkaissisCaught ForceObjectDelete called by workers>base @gkaissisCaught ForceObjectDelete called by workers>base @gkaissisCaught ForceObjectDelete called by workers>base @gkaissisCaught ForceObjectDelete called by workers>base @gkaissisCaught ForceObjectDelete called by workers>base @gkaissisCaught ForceObjectDelete called by workers>base @gkaissisCaught ForceObjectDelete called by workers>base @gkaissisCaught ForceObjectDelete called by workers>base @gkaissisCaught ForceObjectDelete called by workers>base @gkaissisCaught ForceObjectDelete called by workers>base @gkaissisCaught ForceObjectDelete called by workers>base @gkaissisCaught ForceObjectDelete called by workers>base @gkaissisCaught ForceObjectDelete called by workers>base @gkaissisCaught ForceObjectDelete called by workers>base @gkaissisCaught ForceObjectDelete called by workers>base @gkaissisCaught ForceObjectDelete called by workers>base @gkaissisCaught ForceObjectDelete called by workers>base @gkaissisCaught ForceObjectDelete called by workers>base @gkaissisCaught ForceObjectDelete called by workers>base @gkaissisCaught ForceObjectDelete called by workers>base @gkaissisCaught ForceObjectDelete called by workers>base @gkaissisCaught ForceObjectDelete called by workers>base @gkaissisCaught ForceObjectDelete called by workers>base @gkaissisCaught ForceObjectDelete called by workers>base @gkaissisCaught ForceObjectDelete called by workers>base @gkaissisCaught ForceObjectDelete called by workers>base @gkaissisCaught ForceObjectDelete called by workers>base @gkaissisCaught ForceObjectDelete called by workers>base @gkaissisCaught ForceObjectDelete called by workers>base @gkaissisCaught ForceObjectDelete called by workers>base @gkaissisCaught ForceObjectDelete called by workers>base @gkaissisCaught ForceObjectDelete called by workers>base @gkaissisCaught ForceObjectDelete called by workers>base @gkaissisCaught ForceObjectDelete called by workers>base @gkaissisCaught ForceObjectDelete called by workers>base @gkaissisCaught ForceObjectDelete called by workers>base @gkaissisCaught ForceObjectDelete called by workers>base @gkaissisCaught ForceObjectDelete called by workers>base @gkaissisCaught ForceObjectDelete called by workers>base @gkaissisCaught ForceObjectDelete called by workers>base @gkaissisCaught ForceObjectDelete called by workers>base @gkaissisCaught ForceObjectDelete called by workers>base @gkaissisCaught ForceObjectDelete called by workers>base @gkaissisCaught ForceObjectDelete called by workers>base @gkaissisCaught ForceObjectDelete called by workers>base @gkaissisCaught ForceObjectDelete called by workers>base @gkaissisCaught ForceObjectDelete called by workers>base @gkaissisCaught ForceObjectDelete called by workers>base @gkaissisCaught ForceObjectDelete called by workers>base @gkaissisCaught ForceObjectDelete called by workers>base @gkaissisCaught ForceObjectDelete called by workers>base @gkaissisCaught ForceObjectDelete called by workers>base @gkaissisCaught ForceObjectDelete called by workers>base @gkaissisCaught ForceObjectDelete called by workers>base @gkaissisCaught ForceObjectDelete called by workers>base @gkaissisCaught ForceObjectDelete called by workers>base @gkaissisCaught ForceObjectDelete called by workers>base @gkaissisCaught ForceObjectDelete called by workers>base @gkaissisCaught ForceObjectDelete called by workers>base @gkaissisCaught ForceObjectDelete called by workers>base @gkaissisCaught ForceObjectDelete called by workers>base @gkaissisCaught ForceObjectDelete called by workers>base @gkaissisCaught ForceObjectDelete called by workers>base @gkaissisCaught ForceObjectDelete called by workers>base @gkaissisCaught ForceObjectDelete called by workers>base @gkaissisCaught ForceObjectDelete called by workers>base @gkaissisCaught ForceObjectDelete called by workers>base @gkaissisCaught ForceObjectDelete called by workers>base @gkaissisCaught ForceObjectDelete called by workers>base @gkaissisCaught ForceObjectDelete called by workers>base @gkaissisCaught ForceObjectDelete called by workers>base @gkaissisCaught ForceObjectDelete called by workers>base @gkaissisCaught ForceObjectDelete called by workers>base @gkaissisCaught ForceObjectDelete called by workers>base @gkaissisCaught ForceObjectDelete called by workers>base @gkaissisCaught ForceObjectDelete called by workers>base @gkaissisCaught ForceObjectDelete called by workers>base @gkaissisCaught ForceObjectDelete called by workers>base @gkaissisCaught ForceObjectDelete called by workers>base @gkaissisCaught ForceObjectDelete called by workers>base @gkaissisCaught ForceObjectDelete called by workers>base @gkaissisCaught ForceObjectDelete called by workers>base @gkaissisCaught ForceObjectDelete called by workers>base @gkaissisCaught ForceObjectDelete called by workers>base @gkaissisCaught ForceObjectDelete called by workers>base @gkaissisCaught ForceObjectDelete called by workers>base @gkaissisCaught ForceObjectDelete called by workers>base @gkaissisCaught ForceObjectDelete called by workers>base @gkaissisCaught ForceObjectDelete called by workers>base @gkaissisCaught ForceObjectDelete called by workers>base @gkaissisCaught ForceObjectDelete called by workers>base @gkaissisCaught ForceObjectDelete called by workers>base @gkaissisCaught ForceObjectDelete called by workers>base @gkaissisCaught ForceObjectDelete called by workers>base @gkaissisCaught ForceObjectDelete called by workers>base @gkaissisCaught ForceObjectDelete called by workers>base @gkaissisCaught ForceObjectDelete called by workers>base @gkaissisCaught ForceObjectDelete called by workers>base @gkaissisCaught ForceObjectDelete called by workers>base @gkaissisCaught ForceObjectDelete called by workers>base @gkaissisCaught ForceObjectDelete called by workers>base @gkaissisCaught ForceObjectDelete called by workers>base @gkaissisCaught ForceObjectDelete called by workers>base @gkaissisCaught ForceObjectDelete called by workers>base @gkaissisCaught ForceObjectDelete called by workers>base @gkaissisCaught ForceObjectDelete called by workers>base @gkaissisCaught ForceObjectDelete called by workers>base @gkaissisCaught ForceObjectDelete called by workers>base @gkaissisCaught ForceObjectDelete called by workers>base @gkaissisCaught ForceObjectDelete called by workers>base @gkaissisCaught ForceObjectDelete called by workers>base @gkaissisCaught ForceObjectDelete called by workers>base @gkaissisCaught ForceObjectDelete called by workers>base @gkaissisCaught ForceObjectDelete called by workers>base @gkaissisCaught ForceObjectDelete called by workers>base @gkaissisCaught ForceObjectDelete called by workers>base @gkaissisCaught ForceObjectDelete called by workers>base @gkaissisCaught ForceObjectDelete called by workers>base @gkaissisCaught ForceObjectDelete called by workers>base @gkaissisCaught ForceObjectDelete called by workers>base @gkaissisCaught ForceObjectDelete called by workers>base @gkaissisCaught ForceObjectDelete called by workers>base @gkaissisCaught ForceObjectDelete called by workers>base @gkaissisCaught ForceObjectDelete called by workers>base @gkaissisCaught ForceObjectDelete called by workers>base @gkaissisCaught ForceObjectDelete called by workers>base @gkaissisCaught ForceObjectDelete called by workers>base @gkaissisCaught ForceObjectDelete called by workers>base @gkaissisCaught ForceObjectDelete called by workers>base @gkaissisCaught ForceObjectDelete called by workers>base @gkaissisCaught ForceObjectDelete called by workers>base @gkaissisCaught ForceObjectDelete called by workers>base @gkaissisCaught ForceObjectDelete called by workers>base @gkaissisCaught ForceObjectDelete called by workers>base @gkaissisCaught ForceObjectDelete called by workers>base @gkaissisCaught ForceObjectDelete called by workers>base @gkaissisCaught ForceObjectDelete called by workers>base @gkaissisCaught ForceObjectDelete called by workers>base @gkaissisCaught ForceObjectDelete called by workers>base @gkaissisCaught ForceObjectDelete called by workers>base @gkaissisCaught ForceObjectDelete called by workers>base @gkaissisCaught ForceObjectDelete called by workers>base @gkaissisCaught ForceObjectDelete called by workers>base @gkaissisCaught ForceObjectDelete called by workers>base @gkaissisCaught ForceObjectDelete called by workers>base @gkaissisCaught ForceObjectDelete called by workers>base @gkaissisCaught ForceObjectDelete called by workers>base @gkaissisCaught ForceObjectDelete called by workers>base @gkaissisCaught ForceObjectDelete called by workers>base @gkaissisCaught ForceObjectDelete called by workers>base @gkaissisCaught ForceObjectDelete called by workers>base @gkaissisCaught ForceObjectDelete called by workers>base @gkaissisCaught ForceObjectDelete called by workers>base @gkaissisCaught ForceObjectDelete called by workers>base @gkaissisCaught ForceObjectDelete called by workers>base @gkaissisCaught ForceObjectDelete called by workers>base @gkaissisCaught ForceObjectDelete called by workers>base @gkaissisCaught ForceObjectDelete called by workers>base @gkaissisCaught ForceObjectDelete called by workers>base @gkaissisCaught ForceObjectDelete called by workers>base @gkaissisCaught ForceObjectDelete called by workers>base @gkaissisCaught ForceObjectDelete called by workers>base @gkaissisCaught ForceObjectDelete called by workers>base @gkaissisCaught ForceObjectDelete called by workers>base @gkaissisCaught ForceObjectDelete called by workers>base @gkaissisCaught ForceObjectDelete called by workers>base @gkaissisCaught ForceObjectDelete called by workers>base @gkaissisCaught ForceObjectDelete called by workers>base @gkaissisCaught ForceObjectDelete called by workers>base @gkaissisCaught ForceObjectDelete called by workers>base @gkaissisCaught ForceObjectDelete called by workers>base @gkaissisCaught ForceObjectDelete called by workers>base @gkaissisCaught ForceObjectDelete called by workers>base @gkaissisCaught ForceObjectDelete called by workers>base @gkaissisCaught ForceObjectDelete called by workers>base @gkaissisCaught ForceObjectDelete called by workers>base @gkaissisCaught ForceObjectDelete called by workers>base @gkaissisCaught ForceObjectDelete called by workers>base @gkaissisCaught ForceObjectDelete called by workers>base @gkaissisCaught ForceObjectDelete called by workers>base @gkaissisCaught ForceObjectDelete called by workers>base @gkaissisCaught ForceObjectDelete called by workers>base @gkaissisCaught ForceObjectDelete called by workers>base @gkaissisCaught ForceObjectDelete called by workers>base @gkaissisCaught ForceObjectDelete called by workers>base @gkaissisCaught ForceObjectDelete called by workers>base @gkaissisCaught ForceObjectDelete called by workers>base @gkaissisCaught ForceObjectDelete called by workers>base @gkaissisCaught ForceObjectDelete called by workers>base @gkaissisCaught ForceObjectDelete called by workers>base @gkaissisCaught ForceObjectDelete called by workers>base @gkaissisCaught ForceObjectDelete called by workers>base @gkaissisCaught ForceObjectDelete called by workers>base @gkaissisCaught ForceObjectDelete called by workers>base @gkaissisCaught ForceObjectDelete called by workers>base @gkaissisCaught ForceObjectDelete called by workers>base @gkaissisCaught ForceObjectDelete called by workers>base @gkaissisCaught ForceObjectDelete called by workers>base @gkaissisCaught ForceObjectDelete called by workers>base @gkaissisCaught ForceObjectDelete called by workers>base @gkaissisCaught ForceObjectDelete called by workers>base @gkaissisCaught ForceObjectDelete called by workers>base @gkaissisCaught ForceObjectDelete called by workers>base @gkaissisCaught ForceObjectDelete called by workers>base @gkaissisCaught ForceObjectDelete called by workers>base @gkaissisCaught ForceObjectDelete called by workers>base @gkaissisCaught ForceObjectDelete called by workers>base @gkaissisCaught ForceObjectDelete called by workers>base @gkaissisCaught ForceObjectDelete called by workers>base @gkaissisCaught ForceObjectDelete called by workers>base @gkaissisCaught ForceObjectDelete called by workers>base @gkaissisCaught ForceObjectDelete called by workers>base @gkaissisCaught ForceObjectDelete called by workers>base @gkaissisCaught ForceObjectDelete called by workers>base @gkaissisCaught ForceObjectDelete called by workers>base @gkaissisCaught ForceObjectDelete called by workers>base @gkaissisCaught ForceObjectDelete called by workers>base @gkaissisCaught ForceObjectDelete called by workers>base @gkaissisCaught ForceObjectDelete called by workers>base @gkaissisCaught ForceObjectDelete called by workers>base @gkaissisCaught ForceObjectDelete called by workers>base @gkaissisCaught ForceObjectDelete called by workers>base @gkaissisCaught ForceObjectDelete called by workers>base @gkaissisCaught ForceObjectDelete called by workers>base @gkaissisCaught ForceObjectDelete called by workers>base @gkaissisCaught ForceObjectDelete called by workers>base @gkaissisCaught ForceObjectDelete called by workers>base @gkaissisCaught ForceObjectDelete called by workers>base @gkaissisCaught ForceObjectDelete called by workers>base @gkaissisCaught ForceObjectDelete called by workers>base @gkaissisCaught ForceObjectDelete called by workers>base @gkaissisCaught ForceObjectDelete called by workers>base @gkaissisCaught ForceObjectDelete called by workers>base @gkaissisCaught ForceObjectDelete called by workers>base @gkaissisCaught ForceObjectDelete called by workers>base @gkaissisCaught ForceObjectDelete called by workers>base @gkaissisCaught ForceObjectDelete called by workers>base @gkaissisCaught ForceObjectDelete called by workers>base @gkaissisCaught ForceObjectDelete called by workers>base @gkaissisCaught ForceObjectDelete called by workers>base @gkaissisCaught ForceObjectDelete called by workers>base @gkaissisCaught ForceObjectDelete called by workers>base @gkaissisCaught ForceObjectDelete called by workers>base @gkaissisCaught ForceObjectDelete called by workers>base @gkaissisCaught ForceObjectDelete called by workers>base @gkaissisCaught ForceObjectDelete called by workers>base @gkaissisCaught ForceObjectDelete called by workers>base @gkaissisCaught ForceObjectDelete called by workers>base @gkaissisCaught ForceObjectDelete called by workers>base @gkaissisCaught ForceObjectDelete called by workers>base @gkaissisCaught ForceObjectDelete called by workers>base @gkaissisCaught ForceObjectDelete called by workers>base @gkaissisCaught ForceObjectDelete called by workers>base @gkaissisCaught ForceObjectDelete called by workers>base @gkaissisCaught ForceObjectDelete called by workers>base @gkaissisCaught ForceObjectDelete called by workers>base @gkaissisCaught ForceObjectDelete called by workers>base @gkaissisCaught ForceObjectDelete called by workers>base @gkaissisCaught ForceObjectDelete called by workers>base @gkaissisCaught ForceObjectDelete called by workers>base @gkaissisCaught ForceObjectDelete called by workers>base @gkaissisCaught ForceObjectDelete called by workers>base @gkaissisCaught ForceObjectDelete called by workers>base @gkaissisCaught ForceObjectDelete called by workers>base @gkaissisCaught ForceObjectDelete called by workers>base @gkaissisCaught ForceObjectDelete called by workers>base @gkaissisCaught ForceObjectDelete called by workers>base @gkaissisCaught ForceObjectDelete called by workers>base @gkaissisCaught ForceObjectDelete called by workers>base @gkaissisCaught ForceObjectDelete called by workers>base @gkaissisCaught ForceObjectDelete called by workers>base @gkaissisCaught ForceObjectDelete called by workers>base @gkaissisCaught ForceObjectDelete called by workers>base @gkaissisCaught ForceObjectDelete called by workers>base @gkaissisCaught ForceObjectDelete called by workers>base @gkaissisCaught ForceObjectDelete called by workers>base @gkaissisCaught ForceObjectDelete called by workers>base @gkaissisCaught ForceObjectDelete called by workers>base @gkaissisCaught ForceObjectDelete called by workers>base @gkaissisCaught ForceObjectDelete called by workers>base @gkaissisCaught ForceObjectDelete called by workers>base @gkaissisCaught ForceObjectDelete called by workers>base @gkaissisCaught ForceObjectDelete called by workers>base @gkaissisCaught ForceObjectDelete called by workers>base @gkaissisCaught ForceObjectDelete called by workers>base @gkaissisCaught ForceObjectDelete called by workers>base @gkaissisCaught ForceObjectDelete called by workers>base @gkaissisCaught ForceObjectDelete called by workers>base @gkaissisCaught ForceObjectDelete called by workers>base @gkaissisCaught ForceObjectDelete called by workers>base @gkaissisCaught ForceObjectDelete called by workers>base @gkaissisCaught ForceObjectDelete called by workers>base @gkaissisCaught ForceObjectDelete called by workers>base @gkaissisCaught ForceObjectDelete called by workers>base @gkaissisCaught ForceObjectDelete called by workers>base @gkaissisCaught ForceObjectDelete called by workers>base @gkaissisCaught ForceObjectDelete called by workers>base @gkaissisCaught ForceObjectDelete called by workers>base @gkaissisCaught ForceObjectDelete called by workers>base @gkaissisCaught ForceObjectDelete called by workers>base @gkaissisCaught ForceObjectDelete called by workers>base @gkaissisCaught ForceObjectDelete called by workers>base @gkaissisCaught ForceObjectDelete called by workers>base @gkaissisCaught ForceObjectDelete called by workers>base @gkaissisCaught ForceObjectDelete called by workers>base @gkaissisCaught ForceObjectDelete called by workers>base @gkaissisCaught ForceObjectDelete called by workers>base @gkaissisCaught ForceObjectDelete called by workers>base @gkaissisCaught ForceObjectDelete called by workers>base @gkaissisCaught ForceObjectDelete called by workers>base @gkaissisCaught ForceObjectDelete called by workers>base @gkaissisCaught ForceObjectDelete called by workers>base @gkaissisCaught ForceObjectDelete called by workers>base @gkaissisCaught ForceObjectDelete called by workers>base @gkaissisCaught ForceObjectDelete called by workers>base @gkaissisCaught ForceObjectDelete called by workers>base @gkaissisCaught ForceObjectDelete called by workers>base @gkaissisCaught ForceObjectDelete called by workers>base @gkaissisCaught ForceObjectDelete called by workers>base @gkaissisCaught ForceObjectDelete called by workers>base @gkaissisCaught ForceObjectDelete called by workers>base @gkaissisCaught ForceObjectDelete called by workers>base @gkaissisCaught ForceObjectDelete called by workers>base @gkaissisCaught ForceObjectDelete called by workers>base @gkaissisCaught ForceObjectDelete called by workers>base @gkaissisCaught ForceObjectDelete called by workers>base @gkaissisCaught ForceObjectDelete called by workers>base @gkaissisCaught ForceObjectDelete called by workers>base @gkaissisCaught ForceObjectDelete called by workers>base @gkaissisCaught ForceObjectDelete called by workers>base @gkaissisCaught ForceObjectDelete called by workers>base @gkaissisCaught ForceObjectDelete called by workers>base @gkaissisCaught ForceObjectDelete called by workers>base @gkaissisCaught ForceObjectDelete called by workers>base @gkaissisCaught ForceObjectDelete called by workers>base @gkaissisCaught ForceObjectDelete called by workers>base @gkaissisCaught ForceObjectDelete called by workers>base @gkaissisCaught ForceObjectDelete called by workers>base @gkaissisCaught ForceObjectDelete called by workers>base @gkaissisCaught ForceObjectDelete called by workers>base @gkaissisCaught ForceObjectDelete called by workers>base @gkaissisCaught ForceObjectDelete called by workers>base @gkaissisCaught ForceObjectDelete called by workers>base @gkaissisCaught ForceObjectDelete called by workers>base @gkaissisCaught ForceObjectDelete called by workers>base @gkaissisCaught ForceObjectDelete called by workers>base @gkaissisCaught ForceObjectDelete called by workers>base @gkaissisCaught ForceObjectDelete called by workers>base @gkaissisCaught ForceObjectDelete called by workers>base @gkaissisCaught ForceObjectDelete called by workers>base @gkaissisCaught ForceObjectDelete called by workers>base @gkaissisCaught ForceObjectDelete called by workers>base @gkaissisCaught ForceObjectDelete called by workers>base @gkaissisCaught ForceObjectDelete called by workers>base @gkaissisCaught ForceObjectDelete called by workers>base @gkaissisCaught ForceObjectDelete called by workers>base @gkaissisCaught ForceObjectDelete called by workers>base @gkaissisCaught ForceObjectDelete called by workers>base @gkaissisCaught ForceObjectDelete called by workers>base @gkaissisCaught ForceObjectDelete called by workers>base @gkaissisCaught ForceObjectDelete called by workers>base @gkaissisCaught ForceObjectDelete called by workers>base @gkaissisCaught ForceObjectDelete called by workers>base @gkaissisCaught ForceObjectDelete called by workers>base @gkaissisCaught ForceObjectDelete called by workers>base @gkaissisCaught ForceObjectDelete called by workers>base @gkaissisCaught ForceObjectDelete called by workers>base @gkaissisCaught ForceObjectDelete called by workers>base @gkaissisCaught ForceObjectDelete called by workers>base @gkaissisCaught ForceObjectDelete called by workers>base @gkaissisCaught ForceObjectDelete called by workers>base @gkaissisCaught ForceObjectDelete called by workers>base @gkaissisCaught ForceObjectDelete called by workers>base @gkaissisCaught ForceObjectDelete called by workers>base @gkaissisCaught ForceObjectDelete called by workers>base @gkaissisCaught ForceObjectDelete called by workers>base @gkaissisCaught ForceObjectDelete called by workers>base @gkaissisCaught ForceObjectDelete called by workers>base @gkaissisCaught ForceObjectDelete called by workers>base @gkaissisCaught ForceObjectDelete called by workers>base @gkaissisCaught ForceObjectDelete called by workers>base @gkaissisCaught ForceObjectDelete called by workers>base @gkaissisCaught ForceObjectDelete called by workers>base @gkaissisCaught ForceObjectDelete called by workers>base @gkaissisCaught ForceObjectDelete called by workers>base @gkaissisCaught ForceObjectDelete called by workers>base @gkaissisCaught ForceObjectDelete called by workers>base @gkaissisCaught ForceObjectDelete called by workers>base @gkaissisCaught ForceObjectDelete called by workers>base @gkaissisCaught ForceObjectDelete called by workers>base @gkaissisCaught ForceObjectDelete called by workers>base @gkaissisCaught ForceObjectDelete called by workers>base @gkaissisCaught ForceObjectDelete called by workers>base @gkaissisCaught ForceObjectDelete called by workers>base @gkaissisCaught ForceObjectDelete called by workers>base @gkaissisCaught ForceObjectDelete called by workers>base @gkaissisCaught ForceObjectDelete called by workers>base @gkaissisCaught ForceObjectDelete called by workers>base @gkaissisCaught ForceObjectDelete called by workers>base @gkaissisCaught ForceObjectDelete called by workers>base @gkaissisCaught ForceObjectDelete called by workers>base @gkaissisCaught ForceObjectDelete called by workers>base @gkaissisCaught ForceObjectDelete called by workers>base @gkaissisCaught ForceObjectDelete called by workers>base @gkaissisCaught ForceObjectDelete called by workers>base @gkaissisCaught ForceObjectDelete called by workers>base @gkaissisCaught ForceObjectDelete called by workers>base @gkaissisCaught ForceObjectDelete called by workers>base @gkaissisCaught ForceObjectDelete called by workers>base @gkaissisCaught ForceObjectDelete called by workers>base @gkaissisCaught ForceObjectDelete called by workers>base @gkaissisCaught ForceObjectDelete called by workers>base @gkaissisCaught ForceObjectDelete called by workers>base @gkaissisCaught ForceObjectDelete called by workers>base @gkaissisCaught ForceObjectDelete called by workers>base @gkaissisCaught ForceObjectDelete called by workers>base @gkaissisCaught ForceObjectDelete called by workers>base @gkaissisCaught ForceObjectDelete called by workers>base @gkaissisCaught ForceObjectDelete called by workers>base @gkaissisCaught ForceObjectDelete called by workers>base @gkaissisCaught ForceObjectDelete called by workers>base @gkaissisCaught ForceObjectDelete called by workers>base @gkaissisCaught ForceObjectDelete called by workers>base @gkaissisCaught ForceObjectDelete called by workers>base @gkaissisCaught ForceObjectDelete called by workers>base @gkaissisCaught ForceObjectDelete called by workers>base @gkaissisCaught ForceObjectDelete called by workers>base @gkaissisCaught ForceObjectDelete called by workers>base @gkaissisCaught ForceObjectDelete called by workers>base @gkaissisCaught ForceObjectDelete called by workers>base @gkaissisCaught ForceObjectDelete called by workers>base @gkaissisCaught ForceObjectDelete called by workers>base @gkaissisCaught ForceObjectDelete called by workers>base @gkaissisCaught ForceObjectDelete called by workers>base @gkaissisCaught ForceObjectDelete called by workers>base @gkaissisCaught ForceObjectDelete called by workers>base @gkaissisCaught ForceObjectDelete called by workers>base @gkaissisCaught ForceObjectDelete called by workers>base @gkaissisCaught ForceObjectDelete called by workers>base @gkaissisCaught ForceObjectDelete called by workers>base @gkaissisCaught ForceObjectDelete called by workers>base @gkaissisCaught ForceObjectDelete called by workers>base @gkaissisCaught ForceObjectDelete called by workers>base @gkaissisCaught ForceObjectDelete called by workers>base @gkaissisCaught ForceObjectDelete called by workers>base @gkaissisCaught ForceObjectDelete called by workers>base @gkaissisCaught ForceObjectDelete called by workers>base @gkaissisCaught ForceObjectDelete called by workers>base @gkaissisCaught ForceObjectDelete called by workers>base @gkaissisCaught ForceObjectDelete called by workers>base @gkaissisCaught ForceObjectDelete called by workers>base @gkaissisCaught ForceObjectDelete called by workers>base @gkaissisCaught ForceObjectDelete called by workers>base @gkaissisCaught ForceObjectDelete called by workers>base @gkaissisCaught ForceObjectDelete called by workers>base @gkaissisCaught ForceObjectDelete called by workers>base @gkaissisCaught ForceObjectDelete called by workers>base @gkaissisCaught ForceObjectDelete called by workers>base @gkaissisCaught ForceObjectDelete called by workers>base @gkaissisCaught ForceObjectDelete called by workers>base @gkaissisCaught ForceObjectDelete called by workers>base @gkaissisCaught ForceObjectDelete called by workers>base @gkaissisCaught ForceObjectDelete called by workers>base @gkaissisCaught ForceObjectDelete called by workers>base @gkaissisCaught ForceObjectDelete called by workers>base @gkaissisCaught ForceObjectDelete called by workers>base @gkaissisCaught ForceObjectDelete called by workers>base @gkaissisCaught ForceObjectDelete called by workers>base @gkaissisCaught ForceObjectDelete called by workers>base @gkaissisCaught ForceObjectDelete called by workers>base @gkaissisCaught ForceObjectDelete called by workers>base @gkaissisCaught ForceObjectDelete called by workers>base @gkaissisCaught ForceObjectDelete called by workers>base @gkaissisCaught ForceObjectDelete called by workers>base @gkaissisCaught ForceObjectDelete called by workers>base @gkaissisCaught ForceObjectDelete called by workers>base @gkaissisCaught ForceObjectDelete called by workers>base @gkaissisCaught ForceObjectDelete called by workers>base @gkaissisCaught ForceObjectDelete called by workers>base @gkaissisCaught ForceObjectDelete called by workers>base @gkaissisCaught ForceObjectDelete called by workers>base @gkaissisCaught ForceObjectDelete called by workers>base @gkaissisCaught ForceObjectDelete called by workers>base @gkaissisCaught ForceObjectDelete called by workers>base @gkaissisCaught ForceObjectDelete called by workers>base @gkaissisCaught ForceObjectDelete called by workers>base @gkaissisCaught ForceObjectDelete called by workers>base @gkaissisCaught ForceObjectDelete called by workers>base @gkaissisCaught ForceObjectDelete called by workers>base @gkaissisCaught ForceObjectDelete called by workers>base @gkaissisCaught ForceObjectDelete called by workers>base @gkaissisCaught ForceObjectDelete called by workers>base @gkaissisCaught ForceObjectDelete called by workers>base @gkaissisCaught ForceObjectDelete called by workers>base @gkaissisCaught ForceObjectDelete called by workers>base @gkaissisCaught ForceObjectDelete called by workers>base @gkaissisCaught ForceObjectDelete called by workers>base @gkaissisCaught ForceObjectDelete called by workers>base @gkaissisCaught ForceObjectDelete called by workers>base @gkaissisCaught ForceObjectDelete called by workers>base @gkaissisCaught ForceObjectDelete called by workers>base @gkaissisCaught ForceObjectDelete called by workers>base @gkaissisCaught ForceObjectDelete called by workers>base @gkaissisCaught ForceObjectDelete called by workers>base @gkaissisCaught ForceObjectDelete called by workers>base @gkaissisCaught ForceObjectDelete called by workers>base @gkaissisCaught ForceObjectDelete called by workers>base @gkaissisCaught ForceObjectDelete called by workers>base @gkaissisCaught ForceObjectDelete called by workers>base @gkaissisCaught ForceObjectDelete called by workers>base @gkaissisCaught ForceObjectDelete called by workers>base @gkaissisCaught ForceObjectDelete called by workers>base @gkaissisCaught ForceObjectDelete called by workers>base @gkaissisCaught ForceObjectDelete called by workers>base @gkaissisCaught ForceObjectDelete called by workers>base @gkaissisCaught ForceObjectDelete called by workers>base @gkaissisCaught ForceObjectDelete called by workers>base @gkaissisCaught ForceObjectDelete called by workers>base @gkaissisCaught ForceObjectDelete called by workers>base @gkaissisCaught ForceObjectDelete called by workers>base @gkaissisCaught ForceObjectDelete called by workers>base @gkaissisCaught ForceObjectDelete called by workers>base @gkaissisCaught ForceObjectDelete called by workers>base @gkaissisCaught ForceObjectDelete called by workers>base @gkaissisCaught ForceObjectDelete called by workers>base @gkaissisCaught ForceObjectDelete called by workers>base @gkaissisCaught ForceObjectDelete called by workers>base @gkaissisCaught ForceObjectDelete called by workers>base @gkaissisCaught ForceObjectDelete called by workers>base @gkaissisCaught ForceObjectDelete called by workers>base @gkaissisCaught ForceObjectDelete called by workers>base @gkaissisCaught ForceObjectDelete called by workers>base @gkaissisCaught ForceObjectDelete called by workers>base @gkaissisCaught ForceObjectDelete called by workers>base @gkaissisCaught ForceObjectDelete called by workers>base @gkaissisCaught ForceObjectDelete called by workers>base @gkaissisCaught ForceObjectDelete called by workers>base @gkaissisCaught ForceObjectDelete called by workers>base @gkaissisCaught ForceObjectDelete called by workers>base @gkaissisCaught ForceObjectDelete called by workers>base @gkaissisCaught ForceObjectDelete called by workers>base @gkaissisCaught ForceObjectDelete called by workers>base @gkaissisCaught ForceObjectDelete called by workers>base @gkaissisCaught ForceObjectDelete called by workers>base @gkaissisCaught ForceObjectDelete called by workers>base @gkaissisCaught ForceObjectDelete called by workers>base @gkaissisCaught ForceObjectDelete called by workers>base @gkaissisCaught ForceObjectDelete called by workers>base @gkaissisCaught ForceObjectDelete called by workers>base @gkaissisCaught ForceObjectDelete called by workers>base @gkaissisCaught ForceObjectDelete called by workers>base @gkaissisCaught ForceObjectDelete called by workers>base @gkaissisCaught ForceObjectDelete called by workers>base @gkaissisCaught ForceObjectDelete called by workers>base @gkaissisCaught ForceObjectDelete called by workers>base @gkaissisCaught ForceObjectDelete called by workers>base @gkaissisCaught ForceObjectDelete called by workers>base @gkaissisCaught ForceObjectDelete called by workers>base @gkaissisCaught ForceObjectDelete called by workers>base @gkaissisCaught ForceObjectDelete called by workers>base @gkaissisCaught ForceObjectDelete called by workers>base @gkaissisCaught ForceObjectDelete called by workers>base @gkaissisCaught ForceObjectDelete called by workers>base @gkaissisCaught ForceObjectDelete called by workers>base @gkaissisCaught ForceObjectDelete called by workers>base @gkaissisCaught ForceObjectDelete called by workers>base @gkaissisCaught ForceObjectDelete called by workers>base @gkaissisCaught ForceObjectDelete called by workers>base @gkaissisCaught ForceObjectDelete called by workers>base @gkaissisCaught ForceObjectDelete called by workers>base @gkaissisCaught ForceObjectDelete called by workers>base @gkaissisCaught ForceObjectDelete called by workers>base @gkaissisCaught ForceObjectDelete called by workers>base @gkaissisCaught ForceObjectDelete called by workers>base @gkaissisCaught ForceObjectDelete called by workers>base @gkaissisCaught ForceObjectDelete called by workers>base @gkaissisCaught ForceObjectDelete called by workers>base @gkaissisCaught ForceObjectDelete called by workers>base @gkaissisCaught ForceObjectDelete called by workers>base @gkaissisCaught ForceObjectDelete called by workers>base @gkaissisCaught ForceObjectDelete called by workers>base @gkaissisCaught ForceObjectDelete called by workers>base @gkaissisCaught ForceObjectDelete called by workers>base @gkaissisCaught ForceObjectDelete called by workers>base @gkaissisCaught ForceObjectDelete called by workers>base @gkaissisCaught ForceObjectDelete called by workers>base @gkaissisCaught ForceObjectDelete called by workers>base @gkaissisCaught ForceObjectDelete called by workers>base @gkaissisCaught ForceObjectDelete called by workers>base @gkaissisCaught ForceObjectDelete called by workers>base @gkaissisCaught ForceObjectDelete called by workers>base @gkaissisCaught ForceObjectDelete called by workers>base @gkaissisCaught ForceObjectDelete called by workers>base @gkaissisCaught ForceObjectDelete called by workers>base @gkaissisCaught ForceObjectDelete called by workers>base @gkaissisCaught ForceObjectDelete called by workers>base @gkaissisCaught ForceObjectDelete called by workers>base @gkaissisCaught ForceObjectDelete called by workers>base @gkaissisCaught ForceObjectDelete called by workers>base @gkaissisCaught ForceObjectDelete called by workers>base @gkaissisCaught ForceObjectDelete called by workers>base @gkaissisCaught ForceObjectDelete called by workers>base @gkaissisCaught ForceObjectDelete called by workers>base @gkaissisCaught ForceObjectDelete called by workers>base @gkaissisCaught ForceObjectDelete called by workers>base @gkaissisCaught ForceObjectDelete called by workers>base @gkaissisCaught ForceObjectDelete called by workers>base @gkaissisCaught ForceObjectDelete called by workers>base @gkaissisCaught ForceObjectDelete called by workers>base @gkaissisCaught ForceObjectDelete called by workers>base @gkaissisCaught ForceObjectDelete called by workers>base @gkaissisCaught ForceObjectDelete called by workers>base @gkaissisCaught ForceObjectDelete called by workers>base @gkaissisCaught ForceObjectDelete called by workers>base @gkaissisCaught ForceObjectDelete called by workers>base @gkaissisCaught ForceObjectDelete called by workers>base @gkaissisCaught ForceObjectDelete called by workers>base @gkaissisCaught ForceObjectDelete called by workers>base @gkaissisCaught ForceObjectDelete called by workers>base @gkaissisCaught ForceObjectDelete called by workers>base @gkaissisCaught ForceObjectDelete called by workers>base @gkaissisCaught ForceObjectDelete called by workers>base @gkaissisCaught ForceObjectDelete called by workers>base @gkaissisCaught ForceObjectDelete called by workers>base @gkaissisCaught ForceObjectDelete called by workers>base @gkaissisCaught ForceObjectDelete called by workers>base @gkaissisCaught ForceObjectDelete called by workers>base @gkaissisCaught ForceObjectDelete called by workers>base @gkaissisCaught ForceObjectDelete called by workers>base @gkaissisCaught ForceObjectDelete called by workers>base @gkaissisCaught ForceObjectDelete called by workers>base @gkaissisCaught ForceObjectDelete called by workers>base @gkaissisCaught ForceObjectDelete called by workers>base @gkaissisCaught ForceObjectDelete called by workers>base @gkaissisCaught ForceObjectDelete called by workers>base @gkaissisCaught ForceObjectDelete called by workers>base @gkaissisCaught ForceObjectDelete called by workers>base @gkaissisCaught ForceObjectDelete called by workers>base @gkaissisCaught ForceObjectDelete called by workers>base @gkaissisCaught ForceObjectDelete called by workers>base @gkaissisCaught ForceObjectDelete called by workers>base @gkaissisCaught ForceObjectDelete called by workers>base @gkaissisCaught ForceObjectDelete called by workers>base @gkaissisCaught ForceObjectDelete called by workers>base @gkaissisCaught ForceObjectDelete called by workers>base @gkaissisCaught ForceObjectDelete called by workers>base @gkaissisCaught ForceObjectDelete called by workers>base @gkaissisCaught ForceObjectDelete called by workers>base @gkaissisCaught ForceObjectDelete called by workers>base @gkaissisCaught ForceObjectDelete called by workers>base @gkaissisCaught ForceObjectDelete called by workers>base @gkaissisCaught ForceObjectDelete called by workers>base @gkaissisCaught ForceObjectDelete called by workers>base @gkaissisCaught ForceObjectDelete called by workers>base @gkaissisCaught ForceObjectDelete called by workers>base @gkaissisCaught ForceObjectDelete called by workers>base @gkaissisCaught ForceObjectDelete called by workers>base @gkaissisCaught ForceObjectDelete called by workers>base @gkaissisCaught ForceObjectDelete called by workers>base @gkaissisCaught ForceObjectDelete called by workers>base @gkaissisCaught ForceObjectDelete called by workers>base @gkaissisCaught ForceObjectDelete called by workers>base @gkaissisCaught ForceObjectDelete called by workers>base @gkaissisCaught ForceObjectDelete called by workers>base @gkaissisCaught ForceObjectDelete called by workers>base @gkaissisCaught ForceObjectDelete called by workers>base @gkaissisCaught ForceObjectDelete called by workers>base @gkaissisCaught ForceObjectDelete called by workers>base @gkaissisCaught ForceObjectDelete called by workers>base @gkaissisCaught ForceObjectDelete called by workers>base @gkaissisCaught ForceObjectDelete called by workers>base @gkaissisCaught ForceObjectDelete called by workers>base @gkaissisCaught ForceObjectDelete called by workers>base @gkaissisCaught ForceObjectDelete called by workers>base @gkaissisCaught ForceObjectDelete called by workers>base @gkaissisCaught ForceObjectDelete called by workers>base @gkaissisCaught ForceObjectDelete called by workers>base @gkaissisCaught ForceObjectDelete called by workers>base @gkaissisCaught ForceObjectDelete called by workers>base @gkaissisCaught ForceObjectDelete called by workers>base @gkaissisCaught ForceObjectDelete called by workers>base @gkaissisCaught ForceObjectDelete called by workers>base @gkaissisCaught ForceObjectDelete called by workers>base @gkaissisCaught ForceObjectDelete called by workers>base @gkaissisCaught ForceObjectDelete called by workers>base @gkaissisCaught ForceObjectDelete called by workers>base @gkaissisCaught ForceObjectDelete called by workers>base @gkaissisCaught ForceObjectDelete called by workers>base @gkaissisCaught ForceObjectDelete called by workers>base @gkaissisCaught ForceObjectDelete called by workers>base @gkaissisCaught ForceObjectDelete called by workers>base @gkaissisCaught ForceObjectDelete called by workers>base @gkaissisCaught ForceObjectDelete called by workers>base @gkaissisCaught ForceObjectDelete called by workers>base @gkaissisCaught ForceObjectDelete called by workers>base @gkaissisCaught ForceObjectDelete called by workers>base @gkaissisCaught ForceObjectDelete called by workers>base @gkaissisCaught ForceObjectDelete called by workers>base @gkaissisCaught ForceObjectDelete called by workers>base @gkaissisCaught ForceObjectDelete called by workers>base @gkaissisCaught ForceObjectDelete called by workers>base @gkaissisCaught ForceObjectDelete called by workers>base @gkaissisCaught ForceObjectDelete called by workers>base @gkaissisCaught ForceObjectDelete called by workers>base @gkaissisCaught ForceObjectDelete called by workers>base @gkaissisCaught ForceObjectDelete called by workers>base @gkaissisCaught ForceObjectDelete called by workers>base @gkaissisCaught ForceObjectDelete called by workers>base @gkaissisCaught ForceObjectDelete called by workers>base @gkaissisCaught ForceObjectDelete called by workers>base @gkaissisCaught ForceObjectDelete called by workers>base @gkaissisCaught ForceObjectDelete called by workers>base @gkaissisCaught ForceObjectDelete called by workers>base @gkaissisCaught ForceObjectDelete called by workers>base @gkaissisCaught ForceObjectDelete called by workers>base @gkaissisCaught ForceObjectDelete called by workers>base @gkaissisCaught ForceObjectDelete called by workers>base @gkaissisCaught ForceObjectDelete called by workers>base @gkaissisCaught ForceObjectDelete called by workers>base @gkaissisCaught ForceObjectDelete called by workers>base @gkaissisCaught ForceObjectDelete called by workers>base @gkaissisCaught ForceObjectDelete called by workers>base @gkaissisCaught ForceObjectDelete called by workers>base @gkaissisCaught ForceObjectDelete called by workers>base @gkaissisCaught ForceObjectDelete called by workers>base @gkaissisCaught ForceObjectDelete called by workers>base @gkaissisCaught ForceObjectDelete called by workers>base @gkaissisCaught ForceObjectDelete called by workers>base @gkaissisCaught ForceObjectDelete called by workers>base @gkaissisCaught ForceObjectDelete called by workers>base @gkaissisCaught ForceObjectDelete called by workers>base @gkaissisCaught ForceObjectDelete called by workers>base @gkaissisCaught ForceObjectDelete called by workers>base @gkaissisCaught ForceObjectDelete called by workers>base @gkaissisCaught ForceObjectDelete called by workers>base @gkaissisCaught ForceObjectDelete called by workers>base @gkaissisCaught ForceObjectDelete called by workers>base @gkaissisCaught ForceObjectDelete called by workers>base @gkaissisCaught ForceObjectDelete called by workers>base @gkaissisCaught ForceObjectDelete called by workers>base @gkaissisCaught ForceObjectDelete called by workers>base @gkaissisCaught ForceObjectDelete called by workers>base @gkaissisCaught ForceObjectDelete called by workers>base @gkaissisCaught ForceObjectDelete called by workers>base @gkaissisCaught ForceObjectDelete called by workers>base @gkaissisCaught ForceObjectDelete called by workers>base @gkaissisCaught ForceObjectDelete called by workers>base @gkaissisCaught ForceObjectDelete called by workers>base @gkaissisCaught ForceObjectDelete called by workers>base @gkaissisCaught ForceObjectDelete called by workers>base @gkaissisCaught ForceObjectDelete called by workers>base @gkaissisCaught ForceObjectDelete called by workers>base @gkaissisCaught ForceObjectDelete called by workers>base @gkaissisCaught ForceObjectDelete called by workers>base @gkaissisCaught ForceObjectDelete called by workers>base @gkaissisCaught ForceObjectDelete called by workers>base @gkaissisCaught ForceObjectDelete called by workers>base @gkaissisCaught ForceObjectDelete called by workers>base @gkaissisCaught ForceObjectDelete called by workers>base @gkaissisCaught ForceObjectDelete called by workers>base @gkaissisCaught ForceObjectDelete called by workers>base @gkaissisCaught ForceObjectDelete called by workers>base @gkaissisCaught ForceObjectDelete called by workers>base @gkaissisCaught ForceObjectDelete called by workers>base @gkaissisCaught ForceObjectDelete called by workers>base @gkaissisCaught ForceObjectDelete called by workers>base @gkaissisCaught ForceObjectDelete called by workers>base @gkaissisCaught ForceObjectDelete called by workers>base @gkaissisCaught ForceObjectDelete called by workers>base @gkaissisCaught ForceObjectDelete called by workers>base @gkaissisCaught ForceObjectDelete called by workers>base @gkaissisCaught ForceObjectDelete called by workers>base @gkaissisCaught ForceObjectDelete called by workers>base @gkaissisCaught ForceObjectDelete called by workers>base @gkaissisCaught ForceObjectDelete called by workers>base @gkaissisCaught ForceObjectDelete called by workers>base @gkaissisCaught ForceObjectDelete called by workers>base @gkaissisCaught ForceObjectDelete called by workers>base @gkaissisCaught ForceObjectDelete called by workers>base @gkaissisCaught ForceObjectDelete called by workers>base @gkaissisCaught ForceObjectDelete called by workers>base @gkaissisCaught ForceObjectDelete called by workers>base @gkaissisCaught ForceObjectDelete called by workers>base @gkaissisCaught ForceObjectDelete called by workers>base @gkaissisCaught ForceObjectDelete called by workers>base @gkaissisCaught ForceObjectDelete called by workers>base @gkaissisCaught ForceObjectDelete called by workers>base @gkaissisCaught ForceObjectDelete called by workers>base @gkaissisCaught ForceObjectDelete called by workers>base @gkaissisCaught ForceObjectDelete called by workers>base @gkaissisCaught ForceObjectDelete called by workers>base @gkaissisCaught ForceObjectDelete called by workers>base @gkaissisCaught ForceObjectDelete called by workers>base @gkaissisCaught ForceObjectDelete called by workers>base @gkaissisCaught ForceObjectDelete called by workers>base @gkaissisCaught ForceObjectDelete called by workers>base @gkaissisCaught ForceObjectDelete called by workers>base @gkaissisCaught ForceObjectDelete called by workers>base @gkaissisCaught ForceObjectDelete called by workers>base @gkaissisCaught ForceObjectDelete called by workers>base @gkaissisCaught ForceObjectDelete called by workers>base @gkaissisCaught ForceObjectDelete called by workers>base @gkaissisCaught ForceObjectDelete called by workers>base @gkaissisCaught ForceObjectDelete called by workers>base @gkaissisCaught ForceObjectDelete called by workers>base @gkaissisCaught ForceObjectDelete called by workers>base @gkaissisCaught ForceObjectDelete called by workers>base @gkaissisCaught ForceObjectDelete called by workers>base @gkaissisCaught ForceObjectDelete called by workers>base @gkaissisCaught ForceObjectDelete called by workers>base @gkaissisCaught ForceObjectDelete called by workers>base @gkaissisCaught ForceObjectDelete called by workers>base @gkaissisCaught ForceObjectDelete called by workers>base @gkaissisCaught ForceObjectDelete called by workers>base @gkaissisCaught ForceObjectDelete called by workers>base @gkaissisCaught ForceObjectDelete called by workers>base @gkaissisCaught ForceObjectDelete called by workers>base @gkaissisCaught ForceObjectDelete called by workers>base @gkaissisCaught ForceObjectDelete called by workers>base @gkaissisCaught ForceObjectDelete called by workers>base @gkaissisCaught ForceObjectDelete called by workers>base @gkaissisCaught ForceObjectDelete called by workers>base @gkaissisCaught ForceObjectDelete called by workers>base @gkaissisCaught ForceObjectDelete called by workers>base @gkaissisCaught ForceObjectDelete called by workers>base @gkaissisCaught ForceObjectDelete called by workers>base @gkaissisCaught ForceObjectDelete called by workers>base @gkaissisCaught ForceObjectDelete called by workers>base @gkaissisCaught ForceObjectDelete called by workers>base @gkaissisCaught ForceObjectDelete called by workers>base @gkaissisCaught ForceObjectDelete called by workers>base @gkaissisCaught ForceObjectDelete called by workers>base @gkaissisCaught ForceObjectDelete called by workers>base @gkaissisCaught ForceObjectDelete called by workers>base @gkaissisCaught ForceObjectDelete called by workers>base @gkaissisCaught ForceObjectDelete called by workers>base @gkaissisCaught ForceObjectDelete called by workers>base @gkaissisCaught ForceObjectDelete called by workers>base @gkaissisCaught ForceObjectDelete called by workers>base @gkaissisCaught ForceObjectDelete called by workers>base @gkaissisCaught ForceObjectDelete called by workers>base @gkaissisCaught ForceObjectDelete called by workers>base @gkaissisCaught ForceObjectDelete called by workers>base @gkaissisCaught ForceObjectDelete called by workers>base @gkaissisCaught ForceObjectDelete called by workers>base @gkaissisCaught ForceObjectDelete called by workers>base @gkaissisCaught ForceObjectDelete called by workers>base @gkaissisCaught ForceObjectDelete called by workers>base @gkaissisCaught ForceObjectDelete called by workers>base @gkaissisCaught ForceObjectDelete called by workers>base @gkaissisCaught ForceObjectDelete called by workers>base @gkaissisCaught ForceObjectDelete called by workers>base @gkaissisCaught ForceObjectDelete called by workers>base @gkaissisCaught ForceObjectDelete called by workers>base @gkaissisCaught ForceObjectDelete called by workers>base @gkaissisCaught ForceObjectDelete called by workers>base @gkaissisCaught ForceObjectDelete called by workers>base @gkaissisCaught ForceObjectDelete called by workers>base @gkaissisCaught ForceObjectDelete called by workers>base @gkaissisCaught ForceObjectDelete called by workers>base @gkaissisCaught ForceObjectDelete called by workers>base @gkaissisCaught ForceObjectDelete called by workers>base @gkaissisCaught ForceObjectDelete called by workers>base @gkaissisCaught ForceObjectDelete called by workers>base @gkaissisCaught ForceObjectDelete called by workers>base @gkaissisCaught ForceObjectDelete called by workers>base @gkaissisCaught ForceObjectDelete called by workers>base @gkaissisCaught ForceObjectDelete called by workers>base @gkaissisCaught ForceObjectDelete called by workers>base @gkaissisCaught ForceObjectDelete called by workers>base @gkaissisCaught ForceObjectDelete called by workers>base @gkaissisCaught ForceObjectDelete called by workers>base @gkaissisCaught ForceObjectDelete called by workers>base @gkaissisCaught ForceObjectDelete called by workers>base @gkaissisCaught ForceObjectDelete called by workers>base @gkaissisCaught ForceObjectDelete called by workers>base @gkaissisCaught ForceObjectDelete called by workers>base @gkaissisCaught ForceObjectDelete called by workers>base @gkaissisCaught ForceObjectDelete called by workers>base @gkaissisCaught ForceObjectDelete called by workers>base @gkaissisCaught ForceObjectDelete called by workers>base @gkaissisCaught ForceObjectDelete called by workers>base @gkaissisCaught ForceObjectDelete called by workers>base @gkaissisCaught ForceObjectDelete called by workers>base @gkaissisCaught ForceObjectDelete called by workers>base @gkaissisCaught ForceObjectDelete called by workers>base @gkaissisCaught ForceObjectDelete called by workers>base @gkaissisCaught ForceObjectDelete called by workers>base @gkaissisCaught ForceObjectDelete called by workers>base @gkaissisCaught ForceObjectDelete called by workers>base @gkaissisCaught ForceObjectDelete called by workers>base @gkaissisCaught ForceObjectDelete called by workers>base @gkaissisCaught ForceObjectDelete called by workers>base @gkaissisCaught ForceObjectDelete called by workers>base @gkaissisCaught ForceObjectDelete called by workers>base @gkaissisCaught ForceObjectDelete called by workers>base @gkaissisCaught ForceObjectDelete called by workers>base @gkaissisCaught ForceObjectDelete called by workers>base @gkaissisCaught ForceObjectDelete called by workers>base @gkaissisCaught ForceObjectDelete called by workers>base @gkaissisCaught ForceObjectDelete called by workers>base @gkaissisCaught ForceObjectDelete called by workers>base @gkaissisCaught ForceObjectDelete called by workers>base @gkaissisCaught ForceObjectDelete called by workers>base @gkaissisCaught ForceObjectDelete called by workers>base @gkaissisCaught ForceObjectDelete called by workers>base @gkaissisCaught ForceObjectDelete called by workers>base @gkaissisCaught ForceObjectDelete called by workers>base @gkaissisCaught ForceObjectDelete called by workers>base @gkaissisCaught ForceObjectDelete called by workers>base @gkaissisCaught ForceObjectDelete called by workers>base @gkaissisCaught ForceObjectDelete called by workers>base @gkaissisCaught ForceObjectDelete called by workers>base @gkaissisCaught ForceObjectDelete called by workers>base @gkaissisCaught ForceObjectDelete called by workers>base @gkaissisCaught ForceObjectDelete called by workers>base @gkaissisCaught ForceObjectDelete called by workers>base @gkaissisCaught ForceObjectDelete called by workers>base @gkaissisCaught ForceObjectDelete called by workers>base @gkaissisCaught ForceObjectDelete called by workers>base @gkaissisCaught ForceObjectDelete called by workers>base @gkaissisCaught ForceObjectDelete called by workers>base @gkaissisCaught ForceObjectDelete called by workers>base @gkaissisCaught ForceObjectDelete called by workers>base @gkaissisCaught ForceObjectDelete called by workers>base @gkaissisCaught ForceObjectDelete called by workers>base @gkaissisCaught ForceObjectDelete called by workers>base @gkaissisCaught ForceObjectDelete called by workers>base @gkaissisCaught ForceObjectDelete called by workers>base @gkaissisCaught ForceObjectDelete called by workers>base @gkaissisCaught ForceObjectDelete called by workers>base @gkaissisCaught ForceObjectDelete called by workers>base @gkaissisCaught ForceObjectDelete called by workers>base @gkaissisCaught ForceObjectDelete called by workers>base @gkaissisCaught ForceObjectDelete called by workers>base @gkaissisCaught ForceObjectDelete called by workers>base @gkaissisCaught ForceObjectDelete called by workers>base @gkaissisCaught ForceObjectDelete called by workers>base @gkaissisCaught ForceObjectDelete called by workers>base @gkaissisCaught ForceObjectDelete called by workers>base @gkaissisCaught ForceObjectDelete called by workers>base @gkaissisCaught ForceObjectDelete called by workers>base @gkaissisCaught ForceObjectDelete called by workers>base @gkaissisCaught ForceObjectDelete called by workers>base @gkaissisCaught ForceObjectDelete called by workers>base @gkaissisCaught ForceObjectDelete called by workers>base @gkaissisCaught ForceObjectDelete called by workers>base @gkaissisCaught ForceObjectDelete called by workers>base @gkaissisCaught ForceObjectDelete called by workers>base @gkaissisCaught ForceObjectDelete called by workers>base @gkaissisCaught ForceObjectDelete called by workers>base @gkaissisCaught ForceObjectDelete called by workers>base @gkaissisCaught ForceObjectDelete called by workers>base @gkaissisCaught ForceObjectDelete called by workers>base @gkaissisCaught ForceObjectDelete called by workers>base @gkaissisCaught ForceObjectDelete called by workers>base @gkaissisCaught ForceObjectDelete called by workers>base @gkaissisCaught ForceObjectDelete called by workers>base @gkaissisCaught ForceObjectDelete called by workers>base @gkaissisCaught ForceObjectDelete called by workers>base @gkaissisCaught ForceObjectDelete called by workers>base @gkaissisCaught ForceObjectDelete called by workers>base @gkaissisCaught ForceObjectDelete called by workers>base @gkaissisCaught ForceObjectDelete called by workers>base @gkaissisCaught ForceObjectDelete called by workers>base @gkaissisCaught ForceObjectDelete called by workers>base @gkaissisCaught ForceObjectDelete called by workers>base @gkaissisCaught ForceObjectDelete called by workers>base @gkaissisCaught ForceObjectDelete called by workers>base @gkaissisCaught ForceObjectDelete called by workers>base @gkaissisCaught ForceObjectDelete called by workers>base @gkaissisCaught ForceObjectDelete called by workers>base @gkaissisCaught ForceObjectDelete called by workers>base @gkaissisCaught ForceObjectDelete called by workers>base @gkaissisCaught ForceObjectDelete called by workers>base @gkaissisCaught ForceObjectDelete called by workers>base @gkaissisCaught ForceObjectDelete called by workers>base @gkaissisCaught ForceObjectDelete called by workers>base @gkaissisCaught ForceObjectDelete called by workers>base @gkaissisCaught ForceObjectDelete called by workers>base @gkaissisCaught ForceObjectDelete called by workers>base @gkaissisCaught ForceObjectDelete called by workers>base @gkaissisCaught ForceObjectDelete called by workers>base @gkaissisCaught ForceObjectDelete called by workers>base @gkaissisCaught ForceObjectDelete called by workers>base @gkaissisCaught ForceObjectDelete called by workers>base @gkaissisCaught ForceObjectDelete called by workers>base @gkaissisCaught ForceObjectDelete called by workers>base @gkaissisCaught ForceObjectDelete called by workers>base @gkaissisCaught ForceObjectDelete called by workers>base @gkaissisCaught ForceObjectDelete called by workers>base @gkaissisCaught ForceObjectDelete called by workers>base @gkaissisCaught ForceObjectDelete called by workers>base @gkaissisCaught ForceObjectDelete called by workers>base @gkaissisCaught ForceObjectDelete called by workers>base @gkaissisCaught ForceObjectDelete called by workers>base @gkaissisCaught ForceObjectDelete called by workers>base @gkaissisCaught ForceObjectDelete called by workers>base @gkaissisCaught ForceObjectDelete called by workers>base @gkaissisCaught ForceObjectDelete called by workers>base @gkaissisCaught ForceObjectDelete called by workers>base @gkaissisCaught ForceObjectDelete called by workers>base @gkaissisCaught ForceObjectDelete called by workers>base @gkaissisCaught ForceObjectDelete called by workers>base @gkaissisCaught ForceObjectDelete called by workers>base @gkaissisCaught ForceObjectDelete called by workers>base @gkaissisCaught ForceObjectDelete called by workers>base @gkaissisCaught ForceObjectDelete called by workers>base @gkaissisCaught ForceObjectDelete called by workers>base @gkaissisCaught ForceObjectDelete called by workers>base @gkaissisCaught ForceObjectDelete called by workers>base @gkaissisCaught ForceObjectDelete called by workers>base @gkaissisCaught ForceObjectDelete called by workers>base @gkaissisCaught ForceObjectDelete called by workers>base @gkaissisCaught ForceObjectDelete called by workers>base @gkaissisCaught ForceObjectDelete called by workers>base @gkaissisCaught ForceObjectDelete called by workers>base @gkaissisCaught ForceObjectDelete called by workers>base @gkaissisCaught ForceObjectDelete called by workers>base @gkaissisCaught ForceObjectDelete called by workers>base @gkaissisCaught ForceObjectDelete called by workers>base @gkaissisCaught ForceObjectDelete called by workers>base @gkaissisCaught ForceObjectDelete called by workers>base @gkaissisCaught ForceObjectDelete called by workers>base @gkaissisCaught ForceObjectDelete called by workers>base @gkaissisCaught ForceObjectDelete called by workers>base @gkaissisCaught ForceObjectDelete called by workers>base @gkaissisCaught ForceObjectDelete called by workers>base @gkaissisCaught ForceObjectDelete called by workers>base @gkaissisCaught ForceObjectDelete called by workers>base @gkaissisCaught ForceObjectDelete called by workers>base @gkaissisCaught ForceObjectDelete called by workers>base @gkaissisCaught ForceObjectDelete called by workers>base @gkaissisCaught ForceObjectDelete called by workers>base @gkaissisCaught ForceObjectDelete called by workers>base @gkaissisCaught ForceObjectDelete called by workers>base @gkaissisCaught ForceObjectDelete called by workers>base @gkaissisCaught ForceObjectDelete called by workers>base @gkaissisCaught ForceObjectDelete called by workers>base @gkaissisCaught ForceObjectDelete called by workers>base @gkaissisCaught ForceObjectDelete called by workers>base @gkaissisCaught ForceObjectDelete called by workers>base @gkaissisCaught ForceObjectDelete called by workers>base @gkaissisCaught ForceObjectDelete called by workers>base @gkaissisCaught ForceObjectDelete called by workers>base @gkaissisCaught ForceObjectDelete called by workers>base @gkaissisCaught ForceObjectDelete called by workers>base @gkaissisCaught ForceObjectDelete called by workers>base @gkaissisCaught ForceObjectDelete called by workers>base @gkaissisCaught ForceObjectDelete called by workers>base @gkaissisCaught ForceObjectDelete called by workers>base @gkaissisCaught ForceObjectDelete called by workers>base @gkaissisCaught ForceObjectDelete called by workers>base @gkaissisCaught ForceObjectDelete called by workers>base @gkaissisCaught ForceObjectDelete called by workers>base @gkaissisCaught ForceObjectDelete called by workers>base @gkaissisCaught ForceObjectDelete called by workers>base @gkaissisCaught ForceObjectDelete called by workers>base @gkaissisCaught ForceObjectDelete called by workers>base @gkaissisCaught ForceObjectDelete called by workers>base @gkaissisCaught ForceObjectDelete called by workers>base @gkaissisCaught ForceObjectDelete called by workers>base @gkaissisCaught ForceObjectDelete called by workers>base @gkaissisCaught ForceObjectDelete called by workers>base @gkaissisCaught ForceObjectDelete called by workers>base @gkaissisCaught ForceObjectDelete called by workers>base @gkaissisCaught ForceObjectDelete called by workers>base @gkaissisCaught ForceObjectDelete called by workers>base @gkaissisCaught ForceObjectDelete called by workers>base @gkaissisCaught ForceObjectDelete called by workers>base @gkaissisCaught ForceObjectDelete called by workers>base @gkaissisCaught ForceObjectDelete called by workers>base @gkaissisCaught ForceObjectDelete called by workers>base @gkaissisCaught ForceObjectDelete called by workers>base @gkaissisCaught ForceObjectDelete called by workers>base @gkaissisCaught ForceObjectDelete called by workers>base @gkaissisCaught ForceObjectDelete called by workers>base @gkaissisCaught ForceObjectDelete called by workers>base @gkaissisCaught ForceObjectDelete called by workers>base @gkaissisCaught ForceObjectDelete called by workers>base @gkaissisCaught ForceObjectDelete called by workers>base @gkaissisCaught ForceObjectDelete called by workers>base @gkaissisCaught ForceObjectDelete called by workers>base @gkaissisCaught ForceObjectDelete called by workers>base @gkaissisCaught ForceObjectDelete called by workers>base @gkaissisCaught ForceObjectDelete called by workers>base @gkaissisCaught ForceObjectDelete called by workers>base @gkaissisCaught ForceObjectDelete called by workers>base @gkaissisCaught ForceObjectDelete called by workers>base @gkaissisCaught ForceObjectDelete called by workers>base @gkaissisCaught ForceObjectDelete called by workers>base @gkaissisCaught ForceObjectDelete called by workers>base @gkaissisCaught ForceObjectDelete called by workers>base @gkaissisCaught ForceObjectDelete called by workers>base @gkaissisCaught ForceObjectDelete called by workers>base @gkaissisCaught ForceObjectDelete called by workers>base @gkaissisCaught ForceObjectDelete called by workers>base @gkaissisCaught ForceObjectDelete called by workers>base @gkaissisCaught ForceObjectDelete called by workers>base @gkaissisCaught ForceObjectDelete called by workers>base @gkaissisCaught ForceObjectDelete called by workers>base @gkaissisCaught ForceObjectDelete called by workers>base @gkaissisCaught ForceObjectDelete called by workers>base @gkaissisCaught ForceObjectDelete called by workers>base @gkaissisCaught ForceObjectDelete called by workers>base @gkaissisCaught ForceObjectDelete called by workers>base @gkaissisCaught ForceObjectDelete called by workers>base @gkaissisCaught ForceObjectDelete called by workers>base @gkaissisCaught ForceObjectDelete called by workers>base @gkaissisCaught ForceObjectDelete called by workers>base @gkaissisCaught ForceObjectDelete called by workers>base @gkaissisCaught ForceObjectDelete called by workers>base @gkaissisCaught ForceObjectDelete called by workers>base @gkaissisCaught ForceObjectDelete called by workers>base @gkaissisCaught ForceObjectDelete called by workers>base @gkaissisCaught ForceObjectDelete called by workers>base @gkaissisCaught ForceObjectDelete called by workers>base @gkaissisCaught ForceObjectDelete called by workers>base @gkaissisCaught ForceObjectDelete called by workers>base @gkaissisCaught ForceObjectDelete called by workers>base @gkaissisCaught ForceObjectDelete called by workers>base @gkaissisCaught ForceObjectDelete called by workers>base @gkaissisCaught ForceObjectDelete called by workers>base @gkaissisCaught ForceObjectDelete called by workers>base @gkaissisCaught ForceObjectDelete called by workers>base @gkaissisCaught ForceObjectDelete called by workers>base @gkaissisCaught ForceObjectDelete called by workers>base @gkaissisCaught ForceObjectDelete called by workers>base @gkaissisCaught ForceObjectDelete called by workers>base @gkaissisCaught ForceObjectDelete called by workers>base @gkaissisCaught ForceObjectDelete called by workers>base @gkaissisCaught ForceObjectDelete called by workers>base @gkaissisCaught ForceObjectDelete called by workers>base @gkaissisCaught ForceObjectDelete called by workers>base @gkaissisCaught ForceObjectDelete called by workers>base @gkaissisCaught ForceObjectDelete called by workers>base @gkaissisCaught ForceObjectDelete called by workers>base @gkaissisCaught ForceObjectDelete called by workers>base @gkaissisCaught ForceObjectDelete called by workers>base @gkaissisCaught ForceObjectDelete called by workers>base @gkaissisCaught ForceObjectDelete called by workers>base @gkaissisCaught ForceObjectDelete called by workers>base @gkaissisCaught ForceObjectDelete called by workers>base @gkaissisCaught ForceObjectDelete called by workers>base @gkaissisCaught ForceObjectDelete called by workers>base @gkaissisCaught ForceObjectDelete called by workers>base @gkaissisCaught ForceObjectDelete called by workers>base @gkaissisCaught ForceObjectDelete called by workers>base @gkaissisCaught ForceObjectDelete called by workers>base @gkaissisCaught ForceObjectDelete called by workers>base @gkaissisCaught ForceObjectDelete called by workers>base @gkaissisCaught ForceObjectDelete called by workers>base @gkaissisCaught ForceObjectDelete called by workers>base @gkaissisCaught ForceObjectDelete called by workers>base @gkaissisCaught ForceObjectDelete called by workers>base @gkaissisCaught ForceObjectDelete called by workers>base @gkaissisCaught ForceObjectDelete called by workers>base @gkaissisCaught ForceObjectDelete called by workers>base @gkaissisCaught ForceObjectDelete called by workers>base @gkaissisCaught ForceObjectDelete called by workers>base @gkaissisCaught ForceObjectDelete called by workers>base @gkaissisCaught ForceObjectDelete called by workers>base @gkaissisCaught ForceObjectDelete called by workers>base @gkaissisCaught ForceObjectDelete called by workers>base @gkaissisCaught ForceObjectDelete called by workers>base @gkaissisCaught ForceObjectDelete called by workers>base @gkaissisCaught ForceObjectDelete called by workers>base @gkaissisCaught ForceObjectDelete called by workers>base @gkaissisCaught ForceObjectDelete called by workers>base @gkaissisCaught ForceObjectDelete called by workers>base @gkaissisCaught ForceObjectDelete called by workers>base @gkaissisCaught ForceObjectDelete called by workers>base @gkaissisCaught ForceObjectDelete called by workers>base @gkaissisCaught ForceObjectDelete called by workers>base @gkaissisCaught ForceObjectDelete called by workers>base @gkaissisCaught ForceObjectDelete called by workers>base @gkaissisCaught ForceObjectDelete called by workers>base @gkaissisCaught ForceObjectDelete called by workers>base @gkaissisCaught ForceObjectDelete called by workers>base @gkaissisCaught ForceObjectDelete called by workers>base @gkaissisCaught ForceObjectDelete called by workers>base @gkaissisCaught ForceObjectDelete called by workers>base @gkaissisCaught ForceObjectDelete called by workers>base @gkaissisCaught ForceObjectDelete called by workers>base @gkaissisCaught ForceObjectDelete called by workers>base @gkaissisCaught ForceObjectDelete called by workers>base @gkaissisCaught ForceObjectDelete called by workers>base @gkaissisCaught ForceObjectDelete called by workers>base @gkaissisCaught ForceObjectDelete called by workers>base @gkaissisCaught ForceObjectDelete called by workers>base @gkaissisCaught ForceObjectDelete called by workers>base @gkaissisCaught ForceObjectDelete called by workers>base @gkaissisCaught ForceObjectDelete called by workers>base @gkaissisCaught ForceObjectDelete called by workers>base @gkaissisCaught ForceObjectDelete called by workers>base @gkaissisCaught ForceObjectDelete called by workers>base @gkaissisCaught ForceObjectDelete called by workers>base @gkaissisCaught ForceObjectDelete called by workers>base @gkaissisCaught ForceObjectDelete called by workers>base @gkaissisCaught ForceObjectDelete called by workers>base @gkaissisCaught ForceObjectDelete called by workers>base @gkaissisCaught ForceObjectDelete called by workers>base @gkaissisCaught ForceObjectDelete called by workers>base @gkaissisCaught ForceObjectDelete called by workers>base @gkaissisCaught ForceObjectDelete called by workers>base @gkaissisCaught ForceObjectDelete called by workers>base @gkaissisCaught ForceObjectDelete called by workers>base @gkaissisCaught ForceObjectDelete called by workers>base @gkaissisCaught ForceObjectDelete called by workers>base @gkaissisCaught ForceObjectDelete called by workers>base @gkaissisCaught ForceObjectDelete called by workers>base @gkaissisCaught ForceObjectDelete called by workers>base @gkaissisCaught ForceObjectDelete called by workers>base @gkaissisCaught ForceObjectDelete called by workers>base @gkaissisCaught ForceObjectDelete called by workers>base @gkaissisCaught ForceObjectDelete called by workers>base @gkaissisCaught ForceObjectDelete called by workers>base @gkaissisCaught ForceObjectDelete called by workers>base @gkaissisCaught ForceObjectDelete called by workers>base @gkaissisCaught ForceObjectDelete called by workers>base @gkaissisCaught ForceObjectDelete called by workers>base @gkaissisCaught ForceObjectDelete called by workers>base @gkaissisCaught ForceObjectDelete called by workers>base @gkaissisCaught ForceObjectDelete called by workers>base @gkaissisCaught ForceObjectDelete called by workers>base @gkaissisCaught ForceObjectDelete called by workers>base @gkaissisCaught ForceObjectDelete called by workers>base @gkaissisCaught ForceObjectDelete called by workers>base @gkaissisCaught ForceObjectDelete called by workers>base @gkaissisCaught ForceObjectDelete called by workers>base @gkaissisCaught ForceObjectDelete called by workers>base @gkaissisCaught ForceObjectDelete called by workers>base @gkaissisCaught ForceObjectDelete called by workers>base @gkaissisCaught ForceObjectDelete called by workers>base @gkaissisCaught ForceObjectDelete called by workers>base @gkaissisCaught ForceObjectDelete called by workers>base @gkaissisCaught ForceObjectDelete called by workers>base @gkaissisCaught ForceObjectDelete called by workers>base @gkaissisCaught ForceObjectDelete called by workers>base @gkaissisCaught ForceObjectDelete called by workers>base @gkaissisCaught ForceObjectDelete called by workers>base @gkaissisCaught ForceObjectDelete called by workers>base @gkaissisCaught ForceObjectDelete called by workers>base @gkaissisCaught ForceObjectDelete called by workers>base @gkaissisCaught ForceObjectDelete called by workers>base @gkaissisCaught ForceObjectDelete called by workers>base @gkaissisCaught ForceObjectDelete called by workers>base @gkaissisCaught ForceObjectDelete called by workers>base @gkaissisCaught ForceObjectDelete called by workers>base @gkaissisCaught ForceObjectDelete called by workers>base @gkaissisCaught ForceObjectDelete called by workers>base @gkaissisCaught ForceObjectDelete called by workers>base @gkaissisCaught ForceObjectDelete called by workers>base @gkaissisCaught ForceObjectDelete called by workers>base @gkaissisCaught ForceObjectDelete called by workers>base @gkaissisCaught ForceObjectDelete called by workers>base @gkaissisCaught ForceObjectDelete called by workers>base @gkaissisCaught ForceObjectDelete called by workers>base @gkaissisCaught ForceObjectDelete called by workers>base @gkaissisCaught ForceObjectDelete called by workers>base @gkaissisCaught ForceObjectDelete called by workers>base @gkaissisCaught ForceObjectDelete called by workers>base @gkaissisCaught ForceObjectDelete called by workers>base @gkaissisCaught ForceObjectDelete called by workers>base @gkaissisCaught ForceObjectDelete called by workers>base @gkaissisCaught ForceObjectDelete called by workers>base @gkaissisCaught ForceObjectDelete called by workers>base @gkaissisCaught ForceObjectDelete called by workers>base @gkaissisCaught ForceObjectDelete called by workers>base @gkaissisCaught ForceObjectDelete called by workers>base @gkaissisCaught ForceObjectDelete called by workers>base @gkaissisCaught ForceObjectDelete called by workers>base @gkaissisCaught ForceObjectDelete called by workers>base @gkaissisCaught ForceObjectDelete called by workers>base @gkaissisCaught ForceObjectDelete called by workers>base @gkaissisCaught ForceObjectDelete called by workers>base @gkaissisCaught ForceObjectDelete called by workers>base @gkaissisCaught ForceObjectDelete called by workers>base @gkaissisCaught ForceObjectDelete called by workers>base @gkaissisCaught ForceObjectDelete called by workers>base @gkaissisCaught ForceObjectDelete called by workers>base @gkaissisCaught ForceObjectDelete called by workers>base @gkaissisCaught ForceObjectDelete called by workers>base @gkaissisCaught ForceObjectDelete called by workers>base @gkaissisCaught ForceObjectDelete called by workers>base @gkaissisCaught ForceObjectDelete called by workers>base @gkaissisCaught ForceObjectDelete called by workers>base @gkaissisCaught ForceObjectDelete called by workers>base @gkaissisCaught ForceObjectDelete called by workers>base @gkaissisCaught ForceObjectDelete called by workers>base @gkaissisCaught ForceObjectDelete called by workers>base @gkaissisCaught ForceObjectDelete called by workers>base @gkaissisCaught ForceObjectDelete called by workers>base @gkaissisCaught ForceObjectDelete called by workers>base @gkaissisCaught ForceObjectDelete called by workers>base @gkaissisCaught ForceObjectDelete called by workers>base @gkaissisCaught ForceObjectDelete called by workers>base @gkaissisCaught ForceObjectDelete called by workers>base @gkaissisCaught ForceObjectDelete called by workers>base @gkaissisCaught ForceObjectDelete called by workers>base @gkaissisCaught ForceObjectDelete called by workers>base @gkaissisCaught ForceObjectDelete called by workers>base @gkaissisCaught ForceObjectDelete called by workers>base @gkaissisCaught ForceObjectDelete called by workers>base @gkaissisCaught ForceObjectDelete called by workers>base @gkaissisCaught ForceObjectDelete called by workers>base @gkaissisCaught ForceObjectDelete called by workers>base @gkaissisCaught ForceObjectDelete called by workers>base @gkaissisCaught ForceObjectDelete called by workers>base @gkaissisCaught ForceObjectDelete called by workers>base @gkaissisCaught ForceObjectDelete called by workers>base @gkaissisCaught ForceObjectDelete called by workers>base @gkaissisCaught ForceObjectDelete called by workers>base @gkaissisCaught ForceObjectDelete called by workers>base @gkaissisCaught ForceObjectDelete called by workers>base @gkaissisCaught ForceObjectDelete called by workers>base @gkaissisCaught ForceObjectDelete called by workers>base @gkaissisCaught ForceObjectDelete called by workers>base @gkaissisCaught ForceObjectDelete called by workers>base @gkaissisCaught ForceObjectDelete called by workers>base @gkaissisCaught ForceObjectDelete called by workers>base @gkaissisCaught ForceObjectDelete called by workers>base @gkaissisCaught ForceObjectDelete called by workers>base @gkaissisCaught ForceObjectDelete called by workers>base @gkaissisCaught ForceObjectDelete called by workers>base @gkaissisCaught ForceObjectDelete called by workers>base @gkaissisCaught ForceObjectDelete called by workers>base @gkaissisCaught ForceObjectDelete called by workers>base @gkaissisCaught ForceObjectDelete called by workers>base @gkaissisCaught ForceObjectDelete called by workers>base @gkaissisCaught ForceObjectDelete called by workers>base @gkaissisCaught ForceObjectDelete called by workers>base @gkaissisCaught ForceObjectDelete called by workers>base @gkaissisCaught ForceObjectDelete called by workers>base @gkaissisCaught ForceObjectDelete called by workers>base @gkaissisCaught ForceObjectDelete called by workers>base @gkaissisCaught ForceObjectDelete called by workers>base @gkaissisCaught ForceObjectDelete called by workers>base @gkaissisCaught ForceObjectDelete called by workers>base @gkaissisCaught ForceObjectDelete called by workers>base @gkaissisCaught ForceObjectDelete called by workers>base @gkaissisCaught ForceObjectDelete called by workers>base @gkaissisCaught ForceObjectDelete called by workers>base @gkaissisCaught ForceObjectDelete called by workers>base @gkaissisCaught ForceObjectDelete called by workers>base @gkaissisCaught ForceObjectDelete called by workers>base @gkaissisCaught ForceObjectDelete called by workers>base @gkaissisCaught ForceObjectDelete called by workers>base @gkaissisCaught ForceObjectDelete called by workers>base @gkaissisCaught ForceObjectDelete called by workers>base @gkaissisCaught ForceObjectDelete called by workers>base @gkaissisCaught ForceObjectDelete called by workers>base @gkaissisCaught ForceObjectDelete called by workers>base @gkaissisCaught ForceObjectDelete called by workers>base @gkaissisCaught ForceObjectDelete called by workers>base @gkaissisCaught ForceObjectDelete called by workers>base @gkaissisCaught ForceObjectDelete called by workers>base @gkaissisCaught ForceObjectDelete called by workers>base @gkaissisCaught ForceObjectDelete called by workers>base @gkaissisCaught ForceObjectDelete called by workers>base @gkaissisCaught ForceObjectDelete called by workers>base @gkaissisCaught ForceObjectDelete called by workers>base @gkaissisCaught ForceObjectDelete called by workers>base @gkaissisCaught ForceObjectDelete called by workers>base @gkaissisCaught ForceObjectDelete called by workers>base @gkaissisCaught ForceObjectDelete called by workers>base @gkaissisCaught ForceObjectDelete called by workers>base @gkaissisCaught ForceObjectDelete called by workers>base @gkaissisCaught ForceObjectDelete called by workers>base @gkaissisCaught ForceObjectDelete called by workers>base @gkaissisCaught ForceObjectDelete called by workers>base @gkaissisCaught ForceObjectDelete called by workers>base @gkaissisCaught ForceObjectDelete called by workers>base @gkaissisCaught ForceObjectDelete called by workers>base @gkaissisCaught ForceObjectDelete called by workers>base @gkaissisCaught ForceObjectDelete called by workers>base @gkaissisCaught ForceObjectDelete called by workers>base @gkaissisCaught ForceObjectDelete called by workers>base @gkaissisCaught ForceObjectDelete called by workers>base @gkaissisCaught ForceObjectDelete called by workers>base @gkaissisCaught ForceObjectDelete called by workers>base @gkaissisCaught ForceObjectDelete called by workers>base @gkaissisCaught ForceObjectDelete called by workers>base @gkaissisCaught ForceObjectDelete called by workers>base @gkaissisCaught ForceObjectDelete called by workers>base @gkaissisCaught ForceObjectDelete called by workers>base @gkaissisCaught ForceObjectDelete called by workers>base @gkaissisCaught ForceObjectDelete called by workers>base @gkaissisCaught ForceObjectDelete called by workers>base @gkaissisCaught ForceObjectDelete called by workers>base @gkaissisCaught ForceObjectDelete called by workers>base @gkaissisCaught ForceObjectDelete called by workers>base @gkaissisCaught ForceObjectDelete called by workers>base @gkaissisCaught ForceObjectDelete called by workers>base @gkaissisCaught ForceObjectDelete called by workers>base @gkaissisCaught ForceObjectDelete called by workers>base @gkaissisCaught ForceObjectDelete called by workers>base @gkaissisCaught ForceObjectDelete called by workers>base @gkaissisCaught ForceObjectDelete called by workers>base @gkaissisCaught ForceObjectDelete called by workers>base @gkaissisCaught ForceObjectDelete called by workers>base @gkaissisCaught ForceObjectDelete called by workers>base @gkaissisCaught ForceObjectDelete called by workers>base @gkaissisCaught ForceObjectDelete called by workers>base @gkaissisCaught ForceObjectDelete called by workers>base @gkaissisCaught ForceObjectDelete called by workers>base @gkaissisCaught ForceObjectDelete called by workers>base @gkaissisCaught ForceObjectDelete called by workers>base @gkaissisCaught ForceObjectDelete called by workers>base @gkaissisCaught ForceObjectDelete called by workers>base @gkaissisCaught ForceObjectDelete called by workers>base @gkaissisCaught ForceObjectDelete called by workers>base @gkaissisCaught ForceObjectDelete called by workers>base @gkaissisCaught ForceObjectDelete called by workers>base @gkaissisCaught ForceObjectDelete called by workers>base @gkaissisCaught ForceObjectDelete called by workers>base @gkaissisCaught ForceObjectDelete called by workers>base @gkaissisCaught ForceObjectDelete called by workers>base @gkaissisCaught ForceObjectDelete called by workers>base @gkaissisCaught ForceObjectDelete called by workers>base @gkaissisCaught ForceObjectDelete called by workers>base @gkaissisCaught ForceObjectDelete called by workers>base @gkaissisCaught ForceObjectDelete called by workers>base @gkaissisCaught ForceObjectDelete called by workers>base @gkaissisCaught ForceObjectDelete called by workers>base @gkaissisCaught ForceObjectDelete called by workers>base @gkaissisCaught ForceObjectDelete called by workers>base @gkaissisCaught ForceObjectDelete called by workers>base @gkaissisCaught ForceObjectDelete called by workers>base @gkaissisCaught ForceObjectDelete called by workers>base @gkaissisCaught ForceObjectDelete called by workers>base @gkaissisCaught ForceObjectDelete called by workers>base @gkaissisCaught ForceObjectDelete called by workers>base @gkaissisCaught ForceObjectDelete called by workers>base @gkaissisCaught ForceObjectDelete called by workers>base @gkaissisCaught ForceObjectDelete called by workers>base @gkaissisCaught ForceObjectDelete called by workers>base @gkaissisCaught ForceObjectDelete called by workers>base @gkaissisCaught ForceObjectDelete called by workers>base @gkaissisCaught ForceObjectDelete called by workers>base @gkaissisCaught ForceObjectDelete called by workers>base @gkaissisCaught ForceObjectDelete called by workers>base @gkaissisCaught ForceObjectDelete called by workers>base @gkaissisCaught ForceObjectDelete called by workers>base @gkaissisCaught ForceObjectDelete called by workers>base @gkaissisCaught ForceObjectDelete called by workers>base @gkaissisCaught ForceObjectDelete called by workers>base @gkaissisCaught ForceObjectDelete called by workers>base @gkaissisCaught ForceObjectDelete called by workers>base @gkaissisCaught ForceObjectDelete called by workers>base @gkaissisCaught ForceObjectDelete called by workers>base @gkaissisCaught ForceObjectDelete called by workers>base @gkaissisCaught ForceObjectDelete called by workers>base @gkaissisCaught ForceObjectDelete called by workers>base @gkaissisCaught ForceObjectDelete called by workers>base @gkaissisCaught ForceObjectDelete called by workers>base @gkaissisCaught ForceObjectDelete called by workers>base @gkaissisCaught ForceObjectDelete called by workers>base @gkaissisCaught ForceObjectDelete called by workers>base @gkaissisCaught ForceObjectDelete called by workers>base @gkaissisCaught ForceObjectDelete called by workers>base @gkaissisCaught ForceObjectDelete called by workers>base @gkaissisCaught ForceObjectDelete called by workers>base @gkaissisCaught ForceObjectDelete called by workers>base @gkaissisCaught ForceObjectDelete called by workers>base @gkaissisCaught ForceObjectDelete called by workers>base @gkaissisCaught ForceObjectDelete called by workers>base @gkaissisCaught ForceObjectDelete called by workers>base @gkaissisCaught ForceObjectDelete called by workers>base @gkaissisCaught ForceObjectDelete called by workers>base @gkaissisCaught ForceObjectDelete called by workers>base @gkaissisCaught ForceObjectDelete called by workers>base @gkaissisCaught ForceObjectDelete called by workers>base @gkaissisCaught ForceObjectDelete called by workers>base @gkaissisCaught ForceObjectDelete called by workers>base @gkaissisCaught ForceObjectDelete called by workers>base @gkaissisCaught ForceObjectDelete called by workers>base @gkaissisCaught ForceObjectDelete called by workers>base @gkaissisCaught ForceObjectDelete called by workers>base @gkaissisCaught ForceObjectDelete called by workers>base @gkaissisCaught ForceObjectDelete called by workers>base @gkaissisCaught ForceObjectDelete called by workers>base @gkaissisCaught ForceObjectDelete called by workers>base @gkaissisCaught ForceObjectDelete called by workers>base @gkaissisCaught ForceObjectDelete called by workers>base @gkaissisCaught ForceObjectDelete called by workers>base @gkaissisCaught ForceObjectDelete called by workers>base @gkaissisCaught ForceObjectDelete called by workers>base @gkaissisCaught ForceObjectDelete called by workers>base @gkaissisCaught ForceObjectDelete called by workers>base @gkaissisCaught ForceObjectDelete called by workers>base @gkaissisCaught ForceObjectDelete called by workers>base @gkaissisCaught ForceObjectDelete called by workers>base @gkaissisCaught ForceObjectDelete called by workers>base @gkaissisCaught ForceObjectDelete called by workers>base @gkaissisCaught ForceObjectDelete called by workers>base @gkaissisCaught ForceObjectDelete called by workers>base @gkaissisCaught ForceObjectDelete called by workers>base @gkaissisCaught ForceObjectDelete called by workers>base @gkaissisCaught ForceObjectDelete called by workers>base @gkaissisCaught ForceObjectDelete called by workers>base @gkaissisCaught ForceObjectDelete called by workers>base @gkaissisCaught ForceObjectDelete called by workers>base @gkaissisCaught ForceObjectDelete called by workers>base @gkaissisCaught ForceObjectDelete called by workers>base @gkaissisCaught ForceObjectDelete called by workers>base @gkaissisCaught ForceObjectDelete called by workers>base @gkaissisCaught ForceObjectDelete called by workers>base @gkaissisCaught ForceObjectDelete called by workers>base @gkaissisCaught ForceObjectDelete called by workers>base @gkaissisCaught ForceObjectDelete called by workers>base @gkaissisCaught ForceObjectDelete called by workers>base @gkaissisCaught ForceObjectDelete called by workers>base @gkaissisCaught ForceObjectDelete called by workers>base @gkaissisCaught ForceObjectDelete called by workers>base @gkaissisCaught ForceObjectDelete called by workers>base @gkaissisCaught ForceObjectDelete called by workers>base @gkaissisCaught ForceObjectDelete called by workers>base @gkaissisCaught ForceObjectDelete called by workers>base @gkaissisCaught ForceObjectDelete called by workers>base @gkaissisCaught ForceObjectDelete called by workers>base @gkaissisCaught ForceObjectDelete called by workers>base @gkaissisCaught ForceObjectDelete called by workers>base @gkaissisCaught ForceObjectDelete called by workers>base @gkaissisCaught ForceObjectDelete called by workers>base @gkaissisCaught ForceObjectDelete called by workers>base @gkaissisCaught ForceObjectDelete called by workers>base @gkaissisCaught ForceObjectDelete called by workers>base @gkaissisCaught ForceObjectDelete called by workers>base @gkaissisCaught ForceObjectDelete called by workers>base @gkaissisCaught ForceObjectDelete called by workers>base @gkaissisCaught ForceObjectDelete called by workers>base @gkaissisCaught ForceObjectDelete called by workers>base @gkaissisCaught ForceObjectDelete called by workers>base @gkaissisCaught ForceObjectDelete called by workers>base @gkaissisCaught ForceObjectDelete called by workers>base @gkaissisCaught ForceObjectDelete called by workers>base @gkaissisCaught ForceObjectDelete called by workers>base @gkaissisCaught ForceObjectDelete called by workers>base @gkaissisCaught ForceObjectDelete called by workers>base @gkaissisCaught ForceObjectDelete called by workers>base @gkaissisCaught ForceObjectDelete called by workers>base @gkaissisCaught ForceObjectDelete called by workers>base @gkaissisCaught ForceObjectDelete called by workers>base @gkaissisCaught ForceObjectDelete called by workers>base @gkaissisCaught ForceObjectDelete called by workers>base @gkaissisCaught ForceObjectDelete called by workers>base @gkaissisCaught ForceObjectDelete called by workers>base @gkaissisCaught ForceObjectDelete called by workers>base @gkaissisCaught ForceObjectDelete called by workers>base @gkaissisCaught ForceObjectDelete called by workers>base @gkaissisCaught ForceObjectDelete called by workers>base @gkaissisCaught ForceObjectDelete called by workers>base @gkaissisCaught ForceObjectDelete called by workers>base @gkaissisCaught ForceObjectDelete called by workers>base @gkaissisCaught ForceObjectDelete called by workers>base @gkaissisCaught ForceObjectDelete called by workers>base @gkaissisCaught ForceObjectDelete called by workers>base @gkaissisCaught ForceObjectDelete called by workers>base @gkaissisCaught ForceObjectDelete called by workers>base @gkaissisCaught ForceObjectDelete called by workers>base @gkaissisCaught ForceObjectDelete called by workers>base @gkaissisCaught ForceObjectDelete called by workers>base @gkaissisCaught ForceObjectDelete called by workers>base @gkaissisCaught ForceObjectDelete called by workers>base @gkaissisCaught ForceObjectDelete called by workers>base @gkaissisCaught ForceObjectDelete called by workers>base @gkaissisCaught ForceObjectDelete called by workers>base @gkaissisCaught ForceObjectDelete called by workers>base @gkaissisCaught ForceObjectDelete called by workers>base @gkaissisCaught ForceObjectDelete called by workers>base @gkaissisCaught ForceObjectDelete called by workers>base @gkaissisCaught ForceObjectDelete called by workers>base @gkaissisCaught ForceObjectDelete called by workers>base @gkaissisCaught ForceObjectDelete called by workers>base @gkaissisCaught ForceObjectDelete called by workers>base @gkaissisCaught ForceObjectDelete called by workers>base @gkaissisCaught ForceObjectDelete called by workers>base @gkaissisCaught ForceObjectDelete called by workers>base @gkaissisCaught ForceObjectDelete called by workers>base @gkaissisCaught ForceObjectDelete called by workers>base @gkaissisCaught ForceObjectDelete called by workers>base @gkaissisCaught ForceObjectDelete called by workers>base @gkaissisCaught ForceObjectDelete called by workers>base @gkaissisCaught ForceObjectDelete called by workers>base @gkaissisCaught ForceObjectDelete called by workers>base @gkaissisCaught ForceObjectDelete called by workers>base @gkaissisCaught ForceObjectDelete called by workers>base @gkaissisCaught ForceObjectDelete called by workers>base @gkaissisCaught ForceObjectDelete called by workers>base @gkaissisCaught ForceObjectDelete called by workers>base @gkaissisCaught ForceObjectDelete called by workers>base @gkaissisCaught ForceObjectDelete called by workers>base @gkaissisCaught ForceObjectDelete called by workers>base @gkaissisCaught ForceObjectDelete called by workers>base @gkaissisCaught ForceObjectDelete called by workers>base @gkaissisCaught ForceObjectDelete called by workers>base @gkaissisCaught ForceObjectDelete called by workers>base @gkaissisCaught ForceObjectDelete called by workers>base @gkaissisCaught ForceObjectDelete called by workers>base @gkaissisCaught ForceObjectDelete called by workers>base @gkaissisCaught ForceObjectDelete called by workers>base @gkaissisCaught ForceObjectDelete called by workers>base @gkaissisCaught ForceObjectDelete called by workers>base @gkaissisCaught ForceObjectDelete called by workers>base @gkaissisCaught ForceObjectDelete called by workers>base @gkaissisCaught ForceObjectDelete called by workers>base @gkaissisCaught ForceObjectDelete called by workers>base @gkaissisCaught ForceObjectDelete called by workers>base @gkaissisCaught ForceObjectDelete called by workers>base @gkaissisCaught ForceObjectDelete called by workers>base @gkaissisCaught ForceObjectDelete called by workers>base @gkaissisCaught ForceObjectDelete called by workers>base @gkaissisCaught ForceObjectDelete called by workers>base @gkaissisCaught ForceObjectDelete called by workers>base @gkaissisCaught ForceObjectDelete called by workers>base @gkaissisCaught ForceObjectDelete called by workers>base @gkaissisCaught ForceObjectDelete called by workers>base @gkaissisCaught ForceObjectDelete called by workers>base @gkaissisCaught ForceObjectDelete called by workers>base @gkaissisCaught ForceObjectDelete called by workers>base @gkaissisCaught ForceObjectDelete called by workers>base @gkaissisCaught ForceObjectDelete called by workers>base @gkaissisCaught ForceObjectDelete called by workers>base @gkaissisCaught ForceObjectDelete called by workers>base @gkaissisCaught ForceObjectDelete called by workers>base @gkaissisCaught ForceObjectDelete called by workers>base @gkaissisCaught ForceObjectDelete called by workers>base @gkaissisCaught ForceObjectDelete called by workers>base @gkaissisCaught ForceObjectDelete called by workers>base @gkaissisCaught ForceObjectDelete called by workers>base @gkaissisCaught ForceObjectDelete called by workers>base @gkaissisCaught ForceObjectDelete called by workers>base @gkaissisCaught ForceObjectDelete called by workers>base @gkaissisCaught ForceObjectDelete called by workers>base @gkaissisCaught ForceObjectDelete called by workers>base @gkaissisCaught ForceObjectDelete called by workers>base @gkaissisCaught ForceObjectDelete called by workers>base @gkaissisCaught ForceObjectDelete called by workers>base @gkaissisCaught ForceObjectDelete called by workers>base @gkaissisCaught ForceObjectDelete called by workers>base @gkaissisCaught ForceObjectDelete called by workers>base @gkaissisCaught ForceObjectDelete called by workers>base @gkaissisCaught ForceObjectDelete called by workers>base @gkaissisCaught ForceObjectDelete called by workers>base @gkaissisCaught ForceObjectDelete called by workers>base @gkaissisCaught ForceObjectDelete called by workers>base @gkaissisCaught ForceObjectDelete called by workers>base @gkaissisCaught ForceObjectDelete called by workers>base @gkaissisCaught ForceObjectDelete called by workers>base @gkaissisCaught ForceObjectDelete called by workers>base @gkaissisCaught ForceObjectDelete called by workers>base @gkaissisCaught ForceObjectDelete called by workers>base @gkaissisCaught ForceObjectDelete called by workers>base @gkaissisCaught ForceObjectDelete called by workers>base @gkaissisCaught ForceObjectDelete called by workers>base @gkaissisCaught ForceObjectDelete called by workers>base @gkaissisCaught ForceObjectDelete called by workers>base @gkaissisCaught ForceObjectDelete called by workers>base @gkaissisCaught ForceObjectDelete called by workers>base @gkaissisCaught ForceObjectDelete called by workers>base @gkaissisCaught ForceObjectDelete called by workers>base @gkaissisCaught ForceObjectDelete called by workers>base @gkaissisCaught ForceObjectDelete called by workers>base @gkaissisCaught ForceObjectDelete called by workers>base @gkaissisCaught ForceObjectDelete called by workers>base @gkaissisCaught ForceObjectDelete called by workers>base @gkaissisCaught ForceObjectDelete called by workers>base @gkaissisCaught ForceObjectDelete called by workers>base @gkaissisCaught ForceObjectDelete called by workers>base @gkaissisCaught ForceObjectDelete called by workers>base @gkaissisCaught ForceObjectDelete called by workers>base @gkaissisCaught ForceObjectDelete called by workers>base @gkaissisCaught ForceObjectDelete called by workers>base @gkaissisCaught ForceObjectDelete called by workers>base @gkaissisCaught ForceObjectDelete called by workers>base @gkaissisCaught ForceObjectDelete called by workers>base @gkaissisCaught ForceObjectDelete called by workers>base @gkaissisCaught ForceObjectDelete called by workers>base @gkaissisCaught ForceObjectDelete called by workers>base @gkaissisCaught ForceObjectDelete called by workers>base @gkaissisCaught ForceObjectDelete called by workers>base @gkaissisCaught ForceObjectDelete called by workers>base @gkaissisCaught ForceObjectDelete called by workers>base @gkaissisCaught ForceObjectDelete called by workers>base @gkaissisCaught ForceObjectDelete called by workers>base @gkaissisCaught ForceObjectDelete called by workers>base @gkaissisCaught ForceObjectDelete called by workers>base @gkaissisCaught ForceObjectDelete called by workers>base @gkaissisCaught ForceObjectDelete called by workers>base @gkaissisCaught ForceObjectDelete called by workers>base @gkaissisCaught ForceObjectDelete called by workers>base @gkaissisCaught ForceObjectDelete called by workers>base @gkaissisCaught ForceObjectDelete called by workers>base @gkaissisCaught ForceObjectDelete called by workers>base @gkaissisCaught ForceObjectDelete called by workers>base @gkaissisCaught ForceObjectDelete called by workers>base @gkaissisCaught ForceObjectDelete called by workers>base @gkaissisCaught ForceObjectDelete called by workers>base @gkaissisCaught ForceObjectDelete called by workers>base @gkaissisCaught ForceObjectDelete called by workers>base @gkaissisCaught ForceObjectDelete called by workers>base @gkaissisCaught ForceObjectDelete called by workers>base @gkaissisCaught ForceObjectDelete called by workers>base @gkaissisCaught ForceObjectDelete called by workers>base @gkaissisCaught ForceObjectDelete called by workers>base @gkaissisCaught ForceObjectDelete called by workers>base @gkaissisCaught ForceObjectDelete called by workers>base @gkaissisCaught ForceObjectDelete called by workers>base @gkaissisCaught ForceObjectDelete called by workers>base @gkaissisCaught ForceObjectDelete called by workers>base @gkaissisCaught ForceObjectDelete called by workers>base @gkaissisCaught ForceObjectDelete called by workers>base @gkaissisCaught ForceObjectDelete called by workers>base @gkaissisCaught ForceObjectDelete called by workers>base @gkaissisCaught ForceObjectDelete called by workers>base @gkaissisCaught ForceObjectDelete called by workers>base @gkaissisCaught ForceObjectDelete called by workers>base @gkaissisCaught ForceObjectDelete called by workers>base @gkaissisCaught ForceObjectDelete called by workers>base @gkaissisCaught ForceObjectDelete called by workers>base @gkaissisCaught ForceObjectDelete called by workers>base @gkaissisCaught ForceObjectDelete called by workers>base @gkaissisCaught ForceObjectDelete called by workers>base @gkaissisCaught ForceObjectDelete called by workers>base @gkaissisCaught ForceObjectDelete called by workers>base @gkaissisCaught ForceObjectDelete called by workers>base @gkaissisCaught ForceObjectDelete called by workers>base @gkaissisCaught ForceObjectDelete called by workers>base @gkaissisCaught ForceObjectDelete called by workers>base @gkaissisCaught ForceObjectDelete called by workers>base @gkaissisCaught ForceObjectDelete called by workers>base @gkaissisCaught ForceObjectDelete called by workers>base @gkaissisCaught ForceObjectDelete called by workers>base @gkaissisCaught ForceObjectDelete called by workers>base @gkaissisCaught ForceObjectDelete called by workers>base @gkaissisCaught ForceObjectDelete called by workers>base @gkaissisCaught ForceObjectDelete called by workers>base @gkaissisCaught ForceObjectDelete called by workers>base @gkaissisCaught ForceObjectDelete called by workers>base @gkaissisCaught ForceObjectDelete called by workers>base @gkaissisCaught ForceObjectDelete called by workers>base @gkaissisCaught ForceObjectDelete called by workers>base @gkaissisCaught ForceObjectDelete called by workers>base @gkaissisCaught ForceObjectDelete called by workers>base @gkaissisCaught ForceObjectDelete called by workers>base @gkaissisCaught ForceObjectDelete called by workers>base @gkaissisCaught ForceObjectDelete called by workers>base @gkaissisCaught ForceObjectDelete called by workers>base @gkaissisCaught ForceObjectDelete called by workers>base @gkaissisCaught ForceObjectDelete called by workers>base @gkaissisCaught ForceObjectDelete called by workers>base @gkaissisCaught ForceObjectDelete called by workers>base @gkaissisCaught ForceObjectDelete called by workers>base @gkaissisCaught ForceObjectDelete called by workers>base @gkaissisCaught ForceObjectDelete called by workers>base @gkaissisCaught ForceObjectDelete called by workers>base @gkaissisCaught ForceObjectDelete called by workers>base @gkaissisCaught ForceObjectDelete called by workers>base @gkaissisCaught ForceObjectDelete called by workers>base @gkaissisCaught ForceObjectDelete called by workers>base @gkaissisCaught ForceObjectDelete called by workers>base @gkaissisCaught ForceObjectDelete called by workers>base @gkaissisCaught ForceObjectDelete called by workers>base @gkaissisCaught ForceObjectDelete called by workers>base @gkaissisCaught ForceObjectDelete called by workers>base @gkaissisCaught ForceObjectDelete called by workers>base @gkaissisCaught ForceObjectDelete called by workers>base @gkaissisCaught ForceObjectDelete called by workers>base @gkaissisCaught ForceObjectDelete called by workers>base @gkaissisCaught ForceObjectDelete called by workers>base @gkaissisCaught ForceObjectDelete called by workers>base @gkaissisCaught ForceObjectDelete called by workers>base @gkaissisCaught ForceObjectDelete called by workers>base @gkaissisCaught ForceObjectDelete called by workers>base @gkaissisCaught ForceObjectDelete called by workers>base @gkaissisCaught ForceObjectDelete called by workers>base @gkaissisCaught ForceObjectDelete called by workers>base @gkaissisCaught ForceObjectDelete called by workers>base @gkaissisCaught ForceObjectDelete called by workers>base @gkaissisCaught ForceObjectDelete called by workers>base @gkaissisCaught ForceObjectDelete called by workers>base @gkaissisCaught ForceObjectDelete called by workers>base @gkaissisCaught ForceObjectDelete called by workers>base @gkaissisCaught ForceObjectDelete called by workers>base @gkaissisCaught ForceObjectDelete called by workers>base @gkaissisCaught ForceObjectDelete called by workers>base @gkaissisCaught ForceObjectDelete called by workers>base @gkaissisCaught ForceObjectDelete called by workers>base @gkaissisCaught ForceObjectDelete called by workers>base @gkaissisCaught ForceObjectDelete called by workers>base @gkaissisCaught ForceObjectDelete called by workers>base @gkaissisCaught ForceObjectDelete called by workers>base @gkaissisCaught ForceObjectDelete called by workers>base @gkaissisCaught ForceObjectDelete called by workers>base @gkaissisCaught ForceObjectDelete called by workers>base @gkaissisCaught ForceObjectDelete called by workers>base @gkaissisCaught ForceObjectDelete called by workers>base @gkaissisCaught ForceObjectDelete called by workers>base @gkaissisCaught ForceObjectDelete called by workers>base @gkaissisCaught ForceObjectDelete called by workers>base @gkaissisCaught ForceObjectDelete called by workers>base @gkaissisCaught ForceObjectDelete called by workers>base @gkaissisCaught ForceObjectDelete called by workers>base @gkaissisCaught ForceObjectDelete called by workers>base @gkaissisCaught ForceObjectDelete called by workers>base @gkaissisCaught ForceObjectDelete called by workers>base @gkaissisCaught ForceObjectDelete called by workers>base @gkaissisCaught ForceObjectDelete called by workers>base @gkaissisCaught ForceObjectDelete called by workers>base @gkaissisCaught ForceObjectDelete called by workers>base @gkaissisCaught ForceObjectDelete called by workers>base @gkaissisCaught ForceObjectDelete called by workers>base @gkaissisCaught ForceObjectDelete called by workers>base @gkaissisCaught ForceObjectDelete called by workers>base @gkaissisCaught ForceObjectDelete called by workers>base @gkaissisCaught ForceObjectDelete called by workers>base @gkaissisCaught ForceObjectDelete called by workers>base @gkaissisCaught ForceObjectDelete called by workers>base @gkaissisCaught ForceObjectDelete called by workers>base @gkaissisCaught ForceObjectDelete called by workers>base @gkaissisCaught ForceObjectDelete called by workers>base @gkaissisCaught ForceObjectDelete called by workers>base @gkaissisCaught ForceObjectDelete called by workers>base @gkaissisCaught ForceObjectDelete called by workers>base @gkaissisCaught ForceObjectDelete called by workers>base @gkaissisCaught ForceObjectDelete called by workers>base @gkaissisCaught ForceObjectDelete called by workers>base @gkaissisCaught ForceObjectDelete called by workers>base @gkaissisCaught ForceObjectDelete called by workers>base @gkaissisCaught ForceObjectDelete called by workers>base @gkaissisCaught ForceObjectDelete called by workers>base @gkaissisCaught ForceObjectDelete called by workers>base @gkaissisCaught ForceObjectDelete called by workers>base @gkaissisCaught ForceObjectDelete called by workers>base @gkaissisCaught ForceObjectDelete called by workers>base @gkaissisCaught ForceObjectDelete called by workers>base @gkaissisCaught ForceObjectDelete called by workers>base @gkaissisCaught ForceObjectDelete called by workers>base @gkaissisCaught ForceObjectDelete called by workers>base @gkaissisCaught ForceObjectDelete called by workers>base @gkaissisCaught ForceObjectDelete called by workers>base @gkaissisCaught ForceObjectDelete called by workers>base @gkaissisCaught ForceObjectDelete called by workers>base @gkaissisCaught ForceObjectDelete called by workers>base @gkaissisCaught ForceObjectDelete called by workers>base @gkaissisCaught ForceObjectDelete called by workers>base @gkaissisCaught ForceObjectDelete called by workers>base @gkaissisCaught ForceObjectDelete called by workers>base @gkaissisCaught ForceObjectDelete called by workers>base @gkaissisCaught ForceObjectDelete called by workers>base @gkaissisCaught ForceObjectDelete called by workers>base @gkaissisCaught ForceObjectDelete called by workers>base @gkaissisCaught ForceObjectDelete called by workers>base @gkaissisCaught ForceObjectDelete called by workers>base @gkaissisCaught ForceObjectDelete called by workers>base @gkaissisCaught ForceObjectDelete called by workers>base @gkaissisCaught ForceObjectDelete called by workers>base @gkaissisCaught ForceObjectDelete called by workers>base @gkaissisCaught ForceObjectDelete called by workers>base @gkaissisCaught ForceObjectDelete called by workers>base @gkaissisCaught ForceObjectDelete called by workers>base @gkaissisCaught ForceObjectDelete called by workers>base @gkaissisCaught ForceObjectDelete called by workers>base @gkaissisCaught ForceObjectDelete called by workers>base @gkaissisCaught ForceObjectDelete called by workers>base @gkaissisCaught ForceObjectDelete called by workers>base @gkaissisCaught ForceObjectDelete called by workers>base @gkaissisCaught ForceObjectDelete called by workers>base @gkaissisCaught ForceObjectDelete called by workers>base @gkaissisCaught ForceObjectDelete called by workers>base @gkaissisCaught ForceObjectDelete called by workers>base @gkaissisCaught ForceObjectDelete called by workers>base @gkaissisCaught ForceObjectDelete called by workers>base @gkaissisCaught ForceObjectDelete called by workers>base @gkaissisCaught ForceObjectDelete called by workers>base @gkaissisCaught ForceObjectDelete called by workers>base @gkaissisCaught ForceObjectDelete called by workers>base @gkaissisCaught ForceObjectDelete called by workers>base @gkaissisCaught ForceObjectDelete called by workers>base @gkaissisCaught ForceObjectDelete called by workers>base @gkaissisCaught ForceObjectDelete called by workers>base @gkaissisCaught ForceObjectDelete called by workers>base @gkaissisCaught ForceObjectDelete called by workers>base @gkaissisCaught ForceObjectDelete called by workers>base @gkaissisCaught ForceObjectDelete called by workers>base @gkaissisCaught ForceObjectDelete called by workers>base @gkaissisCaught ForceObjectDelete called by workers>base @gkaissisCaught ForceObjectDelete called by workers>base @gkaissisCaught ForceObjectDelete called by workers>base @gkaissisCaught ForceObjectDelete called by workers>base @gkaissisCaught ForceObjectDelete called by workers>base @gkaissisCaught ForceObjectDelete called by workers>base @gkaissisCaught ForceObjectDelete called by workers>base @gkaissisCaught ForceObjectDelete called by workers>base @gkaissisCaught ForceObjectDelete called by workers>base @gkaissisCaught ForceObjectDelete called by workers>base @gkaissisCaught ForceObjectDelete called by workers>base @gkaissisCaught ForceObjectDelete called by workers>base @gkaissisCaught ForceObjectDelete called by workers>base @gkaissisCaught ForceObjectDelete called by workers>base @gkaissisCaught ForceObjectDelete called by workers>base @gkaissisCaught ForceObjectDelete called by workers>base @gkaissisCaught ForceObjectDelete called by workers>base @gkaissisCaught ForceObjectDelete called by workers>base @gkaissisCaught ForceObjectDelete called by workers>base @gkaissisCaught ForceObjectDelete called by workers>base @gkaissisCaught ForceObjectDelete called by workers>base @gkaissisCaught ForceObjectDelete called by workers>base @gkaissisCaught ForceObjectDelete called by workers>base @gkaissisCaught ForceObjectDelete called by workers>base @gkaissisCaught ForceObjectDelete called by workers>base @gkaissisCaught ForceObjectDelete called by workers>base @gkaissisCaught ForceObjectDelete called by workers>base @gkaissisCaught ForceObjectDelete called by workers>base @gkaissisCaught ForceObjectDelete called by workers>base @gkaissisCaught ForceObjectDelete called by workers>base @gkaissisCaught ForceObjectDelete called by workers>base @gkaissisCaught ForceObjectDelete called by workers>base @gkaissisCaught ForceObjectDelete called by workers>base @gkaissisCaught ForceObjectDelete called by workers>base @gkaissisCaught ForceObjectDelete called by workers>base @gkaissisCaught ForceObjectDelete called by workers>base @gkaissisCaught ForceObjectDelete called by workers>base @gkaissisCaught ForceObjectDelete called by workers>base @gkaissisCaught ForceObjectDelete called by workers>base @gkaissisCaught ForceObjectDelete called by workers>base @gkaissisCaught ForceObjectDelete called by workers>base @gkaissisCaught ForceObjectDelete called by workers>base @gkaissisCaught ForceObjectDelete called by workers>base @gkaissisCaught ForceObjectDelete called by workers>base @gkaissisCaught ForceObjectDelete called by workers>base @gkaissisCaught ForceObjectDelete called by workers>base @gkaissisCaught ForceObjectDelete called by workers>base @gkaissisCaught ForceObjectDelete called by workers>base @gkaissisCaught ForceObjectDelete called by workers>base @gkaissisCaught ForceObjectDelete called by workers>base @gkaissisCaught ForceObjectDelete called by workers>base @gkaissisCaught ForceObjectDelete called by workers>base @gkaissisCaught ForceObjectDelete called by workers>base @gkaissisCaught ForceObjectDelete called by workers>base @gkaissisCaught ForceObjectDelete called by workers>base @gkaissisCaught ForceObjectDelete called by workers>base @gkaissisCaught ForceObjectDelete called by workers>base @gkaissisCaught ForceObjectDelete called by workers>base @gkaissisCaught ForceObjectDelete called by workers>base @gkaissisCaught ForceObjectDelete called by workers>base @gkaissisCaught ForceObjectDelete called by workers>base @gkaissisCaught ForceObjectDelete called by workers>base @gkaissisCaught ForceObjectDelete called by workers>base @gkaissisCaught ForceObjectDelete called by workers>base @gkaissisCaught ForceObjectDelete called by workers>base @gkaissisCaught ForceObjectDelete called by workers>base @gkaissisCaught ForceObjectDelete called by workers>base @gkaissisCaught ForceObjectDelete called by workers>base @gkaissisCaught ForceObjectDelete called by workers>base @gkaissisCaught ForceObjectDelete called by workers>base @gkaissisCaught ForceObjectDelete called by workers>base @gkaissisCaught ForceObjectDelete called by workers>base @gkaissisCaught ForceObjectDelete called by workers>base @gkaissisCaught ForceObjectDelete called by workers>base @gkaissisCaught ForceObjectDelete called by workers>base @gkaissisCaught ForceObjectDelete called by workers>base @gkaissisCaught ForceObjectDelete called by workers>base @gkaissisCaught ForceObjectDelete called by workers>base @gkaissisCaught ForceObjectDelete called by workers>base @gkaissisCaught ForceObjectDelete called by workers>base @gkaissisCaught ForceObjectDelete called by workers>base @gkaissisCaught ForceObjectDelete called by workers>base @gkaissisCaught ForceObjectDelete called by workers>base @gkaissisCaught ForceObjectDelete called by workers>base @gkaissisCaught ForceObjectDelete called by workers>base @gkaissisCaught ForceObjectDelete called by workers>base @gkaissisCaught ForceObjectDelete called by workers>base @gkaissisCaught ForceObjectDelete called by workers>base @gkaissisCaught ForceObjectDelete called by workers>base @gkaissisCaught ForceObjectDelete called by workers>base @gkaissisCaught ForceObjectDelete called by workers>base @gkaissisCaught ForceObjectDelete called by workers>base @gkaissisCaught ForceObjectDelete called by workers>base @gkaissisCaught ForceObjectDelete called by workers>base @gkaissisCaught ForceObjectDelete called by workers>base @gkaissisCaught ForceObjectDelete called by workers>base @gkaissisCaught ForceObjectDelete called by workers>base @gkaissisCaught ForceObjectDelete called by workers>base @gkaissisCaught ForceObjectDelete called by workers>base @gkaissisCaught ForceObjectDelete called by workers>base @gkaissisCaught ForceObjectDelete called by workers>base @gkaissisCaught ForceObjectDelete called by workers>base @gkaissisCaught ForceObjectDelete called by workers>base @gkaissisCaught ForceObjectDelete called by workers>base @gkaissisCaught ForceObjectDelete called by workers>base @gkaissisCaught ForceObjectDelete called by workers>base @gkaissisCaught ForceObjectDelete called by workers>base @gkaissisCaught ForceObjectDelete called by workers>base @gkaissisCaught ForceObjectDelete called by workers>base @gkaissisCaught ForceObjectDelete called by workers>base @gkaissisCaught ForceObjectDelete called by workers>base @gkaissisCaught ForceObjectDelete called by workers>base @gkaissisCaught ForceObjectDelete called by workers>base @gkaissisCaught ForceObjectDelete called by workers>base @gkaissisCaught ForceObjectDelete called by workers>base @gkaissisCaught ForceObjectDelete called by workers>base @gkaissisCaught ForceObjectDelete called by workers>base @gkaissisCaught ForceObjectDelete called by workers>base @gkaissisCaught ForceObjectDelete called by workers>base @gkaissisCaught ForceObjectDelete called by workers>base @gkaissisCaught ForceObjectDelete called by workers>base @gkaissisCaught ForceObjectDelete called by workers>base @gkaissisCaught ForceObjectDelete called by workers>base @gkaissisCaught ForceObjectDelete called by workers>base @gkaissisCaught ForceObjectDelete called by workers>base @gkaissisCaught ForceObjectDelete called by workers>base @gkaissisCaught ForceObjectDelete called by workers>base @gkaissisCaught ForceObjectDelete called by workers>base @gkaissisCaught ForceObjectDelete called by workers>base @gkaissisCaught ForceObjectDelete called by workers>base @gkaissisCaught ForceObjectDelete called by workers>base @gkaissisCaught ForceObjectDelete called by workers>base @gkaissisCaught ForceObjectDelete called by workers>base @gkaissisCaught ForceObjectDelete called by workers>base @gkaissisCaught ForceObjectDelete called by workers>base @gkaissisCaught ForceObjectDelete called by workers>base @gkaissisCaught ForceObjectDelete called by workers>base @gkaissisCaught ForceObjectDelete called by workers>base @gkaissisCaught ForceObjectDelete called by workers>base @gkaissisCaught ForceObjectDelete called by workers>base @gkaissisCaught ForceObjectDelete called by workers>base @gkaissisCaught ForceObjectDelete called by workers>base @gkaissisCaught ForceObjectDelete called by workers>base @gkaissisCaught ForceObjectDelete called by workers>base @gkaissisCaught ForceObjectDelete called by workers>base @gkaissisCaught ForceObjectDelete called by workers>base @gkaissisCaught ForceObjectDelete called by workers>base @gkaissisCaught ForceObjectDelete called by workers>base @gkaissisCaught ForceObjectDelete called by workers>base @gkaissisCaught ForceObjectDelete called by workers>base @gkaissisCaught ForceObjectDelete called by workers>base @gkaissisCaught ForceObjectDelete called by workers>base @gkaissisCaught ForceObjectDelete called by workers>base @gkaissisCaught ForceObjectDelete called by workers>base @gkaissisCaught ForceObjectDelete called by workers>base @gkaissisCaught ForceObjectDelete called by workers>base @gkaissisCaught ForceObjectDelete called by workers>base @gkaissisCaught ForceObjectDelete called by workers>base @gkaissisCaught ForceObjectDelete called by workers>base @gkaissisCaught ForceObjectDelete called by workers>base @gkaissisde_register_obj called by generic>pointers>object_pointer @gkaissis
Train batch 0:  33%|███▎      | 1/3 [00:02<00:04,  2.15s/it]Caught ForceObjectDelete called by workers>base @gkaissisCaught ForceObjectDelete called by workers>base @gkaissisCaught ForceObjectDelete called by workers>base @gkaissisCaught ForceObjectDelete called by workers>base @gkaissisCaught ForceObjectDelete called by workers>base @gkaissisCaught ForceObjectDelete called by workers>base @gkaissisCaught ForceObjectDelete called by workers>base @gkaissisCaught ForceObjectDelete called by workers>base @gkaissisCaught ForceObjectDelete called by workers>base @gkaissisCaught ForceObjectDelete called by workers>base @gkaissisCaught ForceObjectDelete called by workers>base @gkaissisCaught ForceObjectDelete called by workers>base @gkaissisCaught ForceObjectDelete called by workers>base @gkaissisCaught ForceObjectDelete called by workers>base @gkaissisCaught ForceObjectDelete called by workers>base @gkaissisCaught ForceObjectDelete called by workers>base @gkaissisCaught ForceObjectDelete called by workers>base @gkaissisCaught ForceObjectDelete called by workers>base @gkaissisCaught ForceObjectDelete called by workers>base @gkaissisCaught ForceObjectDelete called by workers>base @gkaissisCaught ForceObjectDelete called by workers>base @gkaissisCaught ForceObjectDelete called by workers>base @gkaissisCaught ForceObjectDelete called by workers>base @gkaissisCaught ForceObjectDelete called by workers>base @gkaissisCaught ForceObjectDelete called by workers>base @gkaissisCaught ForceObjectDelete called by workers>base @gkaissisCaught ForceObjectDelete called by workers>base @gkaissisCaught ForceObjectDelete called by workers>base @gkaissisCaught ForceObjectDelete called by workers>base @gkaissisCaught ForceObjectDelete called by workers>base @gkaissisCaught ForceObjectDelete called by workers>base @gkaissisCaught ForceObjectDelete called by workers>base @gkaissisCaught ForceObjectDelete called by workers>base @gkaissisCaught ForceObjectDelete called by workers>base @gkaissisCaught ForceObjectDelete called by workers>base @gkaissisCaught ForceObjectDelete called by workers>base @gkaissisCaught ForceObjectDelete called by workers>base @gkaissisCaught ForceObjectDelete called by workers>base @gkaissisCaught ForceObjectDelete called by workers>base @gkaissisCaught ForceObjectDelete called by workers>base @gkaissisCaught ForceObjectDelete called by workers>base @gkaissisCaught ForceObjectDelete called by workers>base @gkaissisCaught ForceObjectDelete called by workers>base @gkaissisCaught ForceObjectDelete called by workers>base @gkaissisCaught ForceObjectDelete called by workers>base @gkaissisCaught ForceObjectDelete called by workers>base @gkaissisCaught ForceObjectDelete called by workers>base @gkaissisCaught ForceObjectDelete called by workers>base @gkaissisCaught ForceObjectDelete called by workers>base @gkaissisCaught ForceObjectDelete called by workers>base @gkaissisCaught ForceObjectDelete called by workers>base @gkaissisCaught ForceObjectDelete called by workers>base @gkaissisCaught ForceObjectDelete called by workers>base @gkaissisCaught ForceObjectDelete called by workers>base @gkaissisCaught ForceObjectDelete called by workers>base @gkaissisCaught ForceObjectDelete called by workers>base @gkaissisCaught ForceObjectDelete called by workers>base @gkaissisCaught ForceObjectDelete called by workers>base @gkaissisCaught ForceObjectDelete called by workers>base @gkaissisCaught ForceObjectDelete called by workers>base @gkaissisCaught ForceObjectDelete called by workers>base @gkaissisCaught ForceObjectDelete called by workers>base @gkaissisCaught ForceObjectDelete called by workers>base @gkaissisCaught ForceObjectDelete called by workers>base @gkaissisCaught ForceObjectDelete called by workers>base @gkaissisCaught ForceObjectDelete called by workers>base @gkaissisCaught ForceObjectDelete called by workers>base @gkaissisCaught ForceObjectDelete called by workers>base @gkaissisCaught ForceObjectDelete called by workers>base @gkaissisCaught ForceObjectDelete called by workers>base @gkaissisCaught ForceObjectDelete called by workers>base @gkaissisCaught ForceObjectDelete called by workers>base @gkaissisCaught ForceObjectDelete called by workers>base @gkaissisCaught ForceObjectDelete called by workers>base @gkaissisCaught ForceObjectDelete called by workers>base @gkaissisCaught ForceObjectDelete called by workers>base @gkaissisCaught ForceObjectDelete called by workers>base @gkaissisCaught ForceObjectDelete called by workers>base @gkaissisCaught ForceObjectDelete called by workers>base @gkaissisCaught ForceObjectDelete called by workers>base @gkaissisCaught ForceObjectDelete called by workers>base @gkaissisCaught ForceObjectDelete called by workers>base @gkaissisCaught ForceObjectDelete called by workers>base @gkaissisCaught ForceObjectDelete called by workers>base @gkaissisCaught ForceObjectDelete called by workers>base @gkaissisCaught ForceObjectDelete called by workers>base @gkaissisCaught ForceObjectDelete called by workers>base @gkaissisCaught ForceObjectDelete called by workers>base @gkaissisCaught ForceObjectDelete called by workers>base @gkaissisCaught ForceObjectDelete called by workers>base @gkaissisCaught ForceObjectDelete called by workers>base @gkaissisCaught ForceObjectDelete called by workers>base @gkaissisCaught ForceObjectDelete called by workers>base @gkaissisCaught ForceObjectDelete called by workers>base @gkaissisCaught ForceObjectDelete called by workers>base @gkaissisCaught ForceObjectDelete called by workers>base @gkaissisCaught ForceObjectDelete called by workers>base @gkaissisCaught ForceObjectDelete called by workers>base @gkaissisCaught ForceObjectDelete called by workers>base @gkaissisCaught ForceObjectDelete called by workers>base @gkaissisCaught ForceObjectDelete called by workers>base @gkaissisCaught ForceObjectDelete called by workers>base @gkaissisCaught ForceObjectDelete called by workers>base @gkaissisCaught ForceObjectDelete called by workers>base @gkaissisCaught ForceObjectDelete called by workers>base @gkaissisCaught ForceObjectDelete called by workers>base @gkaissisCaught ForceObjectDelete called by workers>base @gkaissisCaught ForceObjectDelete called by workers>base @gkaissisCaught ForceObjectDelete called by workers>base @gkaissisCaught ForceObjectDelete called by workers>base @gkaissisCaught ForceObjectDelete called by workers>base @gkaissisCaught ForceObjectDelete called by workers>base @gkaissisCaught ForceObjectDelete called by workers>base @gkaissisCaught ForceObjectDelete called by workers>base @gkaissisCaught ForceObjectDelete called by workers>base @gkaissisCaught ForceObjectDelete called by workers>base @gkaissisCaught ForceObjectDelete called by workers>base @gkaissisCaught ForceObjectDelete called by workers>base @gkaissisCaught ForceObjectDelete called by workers>base @gkaissisCaught ForceObjectDelete called by workers>base @gkaissisCaught ForceObjectDelete called by workers>base @gkaissisCaught ForceObjectDelete called by workers>base @gkaissisCaught ForceObjectDelete called by workers>base @gkaissisCaught ForceObjectDelete called by workers>base @gkaissisCaught ForceObjectDelete called by workers>base @gkaissisCaught ForceObjectDelete called by workers>base @gkaissisCaught ForceObjectDelete called by workers>base @gkaissisCaught ForceObjectDelete called by workers>base @gkaissisCaught ForceObjectDelete called by workers>base @gkaissisCaught ForceObjectDelete called by workers>base @gkaissisCaught ForceObjectDelete called by workers>base @gkaissisCaught ForceObjectDelete called by workers>base @gkaissisCaught ForceObjectDelete called by workers>base @gkaissisCaught ForceObjectDelete called by workers>base @gkaissisCaught ForceObjectDelete called by workers>base @gkaissisCaught ForceObjectDelete called by workers>base @gkaissisCaught ForceObjectDelete called by workers>base @gkaissisCaught ForceObjectDelete called by workers>base @gkaissisCaught ForceObjectDelete called by workers>base @gkaissisCaught ForceObjectDelete called by workers>base @gkaissisCaught ForceObjectDelete called by workers>base @gkaissisCaught ForceObjectDelete called by workers>base @gkaissisCaught ForceObjectDelete called by workers>base @gkaissisCaught ForceObjectDelete called by workers>base @gkaissisCaught ForceObjectDelete called by workers>base @gkaissisCaught ForceObjectDelete called by workers>base @gkaissisCaught ForceObjectDelete called by workers>base @gkaissisCaught ForceObjectDelete called by workers>base @gkaissisCaught ForceObjectDelete called by workers>base @gkaissisCaught ForceObjectDelete called by workers>base @gkaissisCaught ForceObjectDelete called by workers>base @gkaissisCaught ForceObjectDelete called by workers>base @gkaissisCaught ForceObjectDelete called by workers>base @gkaissisCaught ForceObjectDelete called by workers>base @gkaissisCaught ForceObjectDelete called by workers>base @gkaissisCaught ForceObjectDelete called by workers>base @gkaissisCaught ForceObjectDelete called by workers>base @gkaissisCaught ForceObjectDelete called by workers>base @gkaissisCaught ForceObjectDelete called by workers>base @gkaissisCaught ForceObjectDelete called by workers>base @gkaissisCaught ForceObjectDelete called by workers>base @gkaissisCaught ForceObjectDelete called by workers>base @gkaissisCaught ForceObjectDelete called by workers>base @gkaissisCaught ForceObjectDelete called by workers>base @gkaissisCaught ForceObjectDelete called by workers>base @gkaissisCaught ForceObjectDelete called by workers>base @gkaissisCaught ForceObjectDelete called by workers>base @gkaissisCaught ForceObjectDelete called by workers>base @gkaissisCaught ForceObjectDelete called by workers>base @gkaissisCaught ForceObjectDelete called by workers>base @gkaissisCaught ForceObjectDelete called by workers>base @gkaissisCaught ForceObjectDelete called by workers>base @gkaissisCaught ForceObjectDelete called by workers>base @gkaissisCaught ForceObjectDelete called by workers>base @gkaissisCaught ForceObjectDelete called by workers>base @gkaissisCaught ForceObjectDelete called by workers>base @gkaissisCaught ForceObjectDelete called by workers>base @gkaissisCaught ForceObjectDelete called by workers>base @gkaissisCaught ForceObjectDelete called by workers>base @gkaissisCaught ForceObjectDelete called by workers>base @gkaissisCaught ForceObjectDelete called by workers>base @gkaissisCaught ForceObjectDelete called by workers>base @gkaissisCaught ForceObjectDelete called by workers>base @gkaissisCaught ForceObjectDelete called by workers>base @gkaissisCaught ForceObjectDelete called by workers>base @gkaissisCaught ForceObjectDelete called by workers>base @gkaissisCaught ForceObjectDelete called by workers>base @gkaissisCaught ForceObjectDelete called by workers>base @gkaissisCaught ForceObjectDelete called by workers>base @gkaissisCaught ForceObjectDelete called by workers>base @gkaissisCaught ForceObjectDelete called by workers>base @gkaissisCaught ForceObjectDelete called by workers>base @gkaissisCaught ForceObjectDelete called by workers>base @gkaissisCaught ForceObjectDelete called by workers>base @gkaissisCaught ForceObjectDelete called by workers>base @gkaissisCaught ForceObjectDelete called by workers>base @gkaissisCaught ForceObjectDelete called by workers>base @gkaissisCaught ForceObjectDelete called by workers>base @gkaissisCaught ForceObjectDelete called by workers>base @gkaissisCaught ForceObjectDelete called by workers>base @gkaissisCaught ForceObjectDelete called by workers>base @gkaissisCaught ForceObjectDelete called by workers>base @gkaissisCaught ForceObjectDelete called by workers>base @gkaissisCaught ForceObjectDelete called by workers>base @gkaissisCaught ForceObjectDelete called by workers>base @gkaissisCaught ForceObjectDelete called by workers>base @gkaissisCaught ForceObjectDelete called by workers>base @gkaissisCaught ForceObjectDelete called by workers>base @gkaissisCaught ForceObjectDelete called by workers>base @gkaissisCaught ForceObjectDelete called by workers>base @gkaissisCaught ForceObjectDelete called by workers>base @gkaissisCaught ForceObjectDelete called by workers>base @gkaissisCaught ForceObjectDelete called by workers>base @gkaissisCaught ForceObjectDelete called by workers>base @gkaissisCaught ForceObjectDelete called by workers>base @gkaissisCaught ForceObjectDelete called by workers>base @gkaissisCaught ForceObjectDelete called by workers>base @gkaissisCaught ForceObjectDelete called by workers>base @gkaissisCaught ForceObjectDelete called by workers>base @gkaissisCaught ForceObjectDelete called by workers>base @gkaissisCaught ForceObjectDelete called by workers>base @gkaissisCaught ForceObjectDelete called by workers>base @gkaissisCaught ForceObjectDelete called by workers>base @gkaissisCaught ForceObjectDelete called by workers>base @gkaissisCaught ForceObjectDelete called by workers>base @gkaissisCaught ForceObjectDelete called by workers>base @gkaissisCaught ForceObjectDelete called by workers>base @gkaissisCaught ForceObjectDelete called by workers>base @gkaissisCaught ForceObjectDelete called by workers>base @gkaissisCaught ForceObjectDelete called by workers>base @gkaissisCaught ForceObjectDelete called by workers>base @gkaissisCaught ForceObjectDelete called by workers>base @gkaissisCaught ForceObjectDelete called by workers>base @gkaissisCaught ForceObjectDelete called by workers>base @gkaissisCaught ForceObjectDelete called by workers>base @gkaissisCaught ForceObjectDelete called by workers>base @gkaissisCaught ForceObjectDelete called by workers>base @gkaissisCaught ForceObjectDelete called by workers>base @gkaissisCaught ForceObjectDelete called by workers>base @gkaissisCaught ForceObjectDelete called by workers>base @gkaissisCaught ForceObjectDelete called by workers>base @gkaissisCaught ForceObjectDelete called by workers>base @gkaissisCaught ForceObjectDelete called by workers>base @gkaissisCaught ForceObjectDelete called by workers>base @gkaissisCaught ForceObjectDelete called by workers>base @gkaissisCaught ForceObjectDelete called by workers>base @gkaissisCaught ForceObjectDelete called by workers>base @gkaissisCaught ForceObjectDelete called by workers>base @gkaissisCaught ForceObjectDelete called by workers>base @gkaissisCaught ForceObjectDelete called by workers>base @gkaissisCaught ForceObjectDelete called by workers>base @gkaissisCaught ForceObjectDelete called by workers>base @gkaissisCaught ForceObjectDelete called by workers>base @gkaissisCaught ForceObjectDelete called by workers>base @gkaissisCaught ForceObjectDelete called by workers>base @gkaissisCaught ForceObjectDelete called by workers>base @gkaissisCaught ForceObjectDelete called by workers>base @gkaissisCaught ForceObjectDelete called by workers>base @gkaissisCaught ForceObjectDelete called by workers>base @gkaissisCaught ForceObjectDelete called by workers>base @gkaissisCaught ForceObjectDelete called by workers>base @gkaissisCaught ForceObjectDelete called by workers>base @gkaissisCaught ForceObjectDelete called by workers>base @gkaissisCaught ForceObjectDelete called by workers>base @gkaissisCaught ForceObjectDelete called by workers>base @gkaissisCaught ForceObjectDelete called by workers>base @gkaissisCaught ForceObjectDelete called by workers>base @gkaissisCaught ForceObjectDelete called by workers>base @gkaissisCaught ForceObjectDelete called by workers>base @gkaissisCaught ForceObjectDelete called by workers>base @gkaissisCaught ForceObjectDelete called by workers>base @gkaissisCaught ForceObjectDelete called by workers>base @gkaissisCaught ForceObjectDelete called by workers>base @gkaissisCaught ForceObjectDelete called by workers>base @gkaissisCaught ForceObjectDelete called by workers>base @gkaissisCaught ForceObjectDelete called by workers>base @gkaissisCaught ForceObjectDelete called by workers>base @gkaissisCaught ForceObjectDelete called by workers>base @gkaissisCaught ForceObjectDelete called by workers>base @gkaissisCaught ForceObjectDelete called by workers>base @gkaissisCaught ForceObjectDelete called by workers>base @gkaissisCaught ForceObjectDelete called by workers>base @gkaissisCaught ForceObjectDelete called by workers>base @gkaissisCaught ForceObjectDelete called by workers>base @gkaissisCaught ForceObjectDelete called by workers>base @gkaissisCaught ForceObjectDelete called by workers>base @gkaissisCaught ForceObjectDelete called by workers>base @gkaissisCaught ForceObjectDelete called by workers>base @gkaissisCaught ForceObjectDelete called by workers>base @gkaissisCaught ForceObjectDelete called by workers>base @gkaissisCaught ForceObjectDelete called by workers>base @gkaissisCaught ForceObjectDelete called by workers>base @gkaissisCaught ForceObjectDelete called by workers>base @gkaissisCaught ForceObjectDelete called by workers>base @gkaissisCaught ForceObjectDelete called by workers>base @gkaissisCaught ForceObjectDelete called by workers>base @gkaissisCaught ForceObjectDelete called by workers>base @gkaissisCaught ForceObjectDelete called by workers>base @gkaissisCaught ForceObjectDelete called by workers>base @gkaissisCaught ForceObjectDelete called by workers>base @gkaissisCaught ForceObjectDelete called by workers>base @gkaissisCaught ForceObjectDelete called by workers>base @gkaissisCaught ForceObjectDelete called by workers>base @gkaissisCaught ForceObjectDelete called by workers>base @gkaissisCaught ForceObjectDelete called by workers>base @gkaissisCaught ForceObjectDelete called by workers>base @gkaissisCaught ForceObjectDelete called by workers>base @gkaissisCaught ForceObjectDelete called by workers>base @gkaissisCaught ForceObjectDelete called by workers>base @gkaissisCaught ForceObjectDelete called by workers>base @gkaissisCaught ForceObjectDelete called by workers>base @gkaissisCaught ForceObjectDelete called by workers>base @gkaissisCaught ForceObjectDelete called by workers>base @gkaissisCaught ForceObjectDelete called by workers>base @gkaissisCaught ForceObjectDelete called by workers>base @gkaissisCaught ForceObjectDelete called by workers>base @gkaissisCaught ForceObjectDelete called by workers>base @gkaissisCaught ForceObjectDelete called by workers>base @gkaissisCaught ForceObjectDelete called by workers>base @gkaissisCaught ForceObjectDelete called by workers>base @gkaissisCaught ForceObjectDelete called by workers>base @gkaissisCaught ForceObjectDelete called by workers>base @gkaissisCaught ForceObjectDelete called by workers>base @gkaissisCaught ForceObjectDelete called by workers>base @gkaissisCaught ForceObjectDelete called by workers>base @gkaissisCaught ForceObjectDelete called by workers>base @gkaissisCaught ForceObjectDelete called by workers>base @gkaissisCaught ForceObjectDelete called by workers>base @gkaissisCaught ForceObjectDelete called by workers>base @gkaissisCaught ForceObjectDelete called by workers>base @gkaissisCaught ForceObjectDelete called by workers>base @gkaissisCaught ForceObjectDelete called by workers>base @gkaissisCaught ForceObjectDelete called by workers>base @gkaissisCaught ForceObjectDelete called by workers>base @gkaissisCaught ForceObjectDelete called by workers>base @gkaissisCaught ForceObjectDelete called by workers>base @gkaissisCaught ForceObjectDelete called by workers>base @gkaissisCaught ForceObjectDelete called by workers>base @gkaissisCaught ForceObjectDelete called by workers>base @gkaissisCaught ForceObjectDelete called by workers>base @gkaissisCaught ForceObjectDelete called by workers>base @gkaissisCaught ForceObjectDelete called by workers>base @gkaissisCaught ForceObjectDelete called by workers>base @gkaissisCaught ForceObjectDelete called by workers>base @gkaissisCaught ForceObjectDelete called by workers>base @gkaissisCaught ForceObjectDelete called by workers>base @gkaissisCaught ForceObjectDelete called by workers>base @gkaissisCaught ForceObjectDelete called by workers>base @gkaissisCaught ForceObjectDelete called by workers>base @gkaissisCaught ForceObjectDelete called by workers>base @gkaissisCaught ForceObjectDelete called by workers>base @gkaissisCaught ForceObjectDelete called by workers>base @gkaissisCaught ForceObjectDelete called by workers>base @gkaissisCaught ForceObjectDelete called by workers>base @gkaissisCaught ForceObjectDelete called by workers>base @gkaissisCaught ForceObjectDelete called by workers>base @gkaissisCaught ForceObjectDelete called by workers>base @gkaissisCaught ForceObjectDelete called by workers>base @gkaissisCaught ForceObjectDelete called by workers>base @gkaissisCaught ForceObjectDelete called by workers>base @gkaissisCaught ForceObjectDelete called by workers>base @gkaissisCaught ForceObjectDelete called by workers>base @gkaissisCaught ForceObjectDelete called by workers>base @gkaissisCaught ForceObjectDelete called by workers>base @gkaissisCaught ForceObjectDelete called by workers>base @gkaissisCaught ForceObjectDelete called by workers>base @gkaissisCaught ForceObjectDelete called by workers>base @gkaissisCaught ForceObjectDelete called by workers>base @gkaissisCaught ForceObjectDelete called by workers>base @gkaissisCaught ForceObjectDelete called by workers>base @gkaissisCaught ForceObjectDelete called by workers>base @gkaissisCaught ForceObjectDelete called by workers>base @gkaissisCaught ForceObjectDelete called by workers>base @gkaissisCaught ForceObjectDelete called by workers>base @gkaissisCaught ForceObjectDelete called by workers>base @gkaissisCaught ForceObjectDelete called by workers>base @gkaissisCaught ForceObjectDelete called by workers>base @gkaissisCaught ForceObjectDelete called by workers>base @gkaissisCaught ForceObjectDelete called by workers>base @gkaissisCaught ForceObjectDelete called by workers>base @gkaissisCaught ForceObjectDelete called by workers>base @gkaissisCaught ForceObjectDelete called by workers>base @gkaissisCaught ForceObjectDelete called by workers>base @gkaissisCaught ForceObjectDelete called by workers>base @gkaissisCaught ForceObjectDelete called by workers>base @gkaissisCaught ForceObjectDelete called by workers>base @gkaissisCaught ForceObjectDelete called by workers>base @gkaissisCaught ForceObjectDelete called by workers>base @gkaissisCaught ForceObjectDelete called by workers>base @gkaissisCaught ForceObjectDelete called by workers>base @gkaissisCaught ForceObjectDelete called by workers>base @gkaissisCaught ForceObjectDelete called by workers>base @gkaissisCaught ForceObjectDelete called by workers>base @gkaissisCaught ForceObjectDelete called by workers>base @gkaissisCaught ForceObjectDelete called by workers>base @gkaissisCaught ForceObjectDelete called by workers>base @gkaissisCaught ForceObjectDelete called by workers>base @gkaissisCaught ForceObjectDelete called by workers>base @gkaissisCaught ForceObjectDelete called by workers>base @gkaissisCaught ForceObjectDelete called by workers>base @gkaissisCaught ForceObjectDelete called by workers>base @gkaissisCaught ForceObjectDelete called by workers>base @gkaissisCaught ForceObjectDelete called by workers>base @gkaissisCaught ForceObjectDelete called by workers>base @gkaissisCaught ForceObjectDelete called by workers>base @gkaissisCaught ForceObjectDelete called by workers>base @gkaissisCaught ForceObjectDelete called by workers>base @gkaissisCaught ForceObjectDelete called by workers>base @gkaissisCaught ForceObjectDelete called by workers>base @gkaissisCaught ForceObjectDelete called by workers>base @gkaissisCaught ForceObjectDelete called by workers>base @gkaissisCaught ForceObjectDelete called by workers>base @gkaissisCaught ForceObjectDelete called by workers>base @gkaissisCaught ForceObjectDelete called by workers>base @gkaissisCaught ForceObjectDelete called by workers>base @gkaissisCaught ForceObjectDelete called by workers>base @gkaissisCaught ForceObjectDelete called by workers>base @gkaissisCaught ForceObjectDelete called by workers>base @gkaissisCaught ForceObjectDelete called by workers>base @gkaissisCaught ForceObjectDelete called by workers>base @gkaissisCaught ForceObjectDelete called by workers>base @gkaissisCaught ForceObjectDelete called by workers>base @gkaissisCaught ForceObjectDelete called by workers>base @gkaissisCaught ForceObjectDelete called by workers>base @gkaissisCaught ForceObjectDelete called by workers>base @gkaissisCaught ForceObjectDelete called by workers>base @gkaissisCaught ForceObjectDelete called by workers>base @gkaissisCaught ForceObjectDelete called by workers>base @gkaissisCaught ForceObjectDelete called by workers>base @gkaissisCaught ForceObjectDelete called by workers>base @gkaissisCaught ForceObjectDelete called by workers>base @gkaissisCaught ForceObjectDelete called by workers>base @gkaissisCaught ForceObjectDelete called by workers>base @gkaissisCaught ForceObjectDelete called by workers>base @gkaissisCaught ForceObjectDelete called by workers>base @gkaissisCaught ForceObjectDelete called by workers>base @gkaissisCaught ForceObjectDelete called by workers>base @gkaissisCaught ForceObjectDelete called by workers>base @gkaissisCaught ForceObjectDelete called by workers>base @gkaissisCaught ForceObjectDelete called by workers>base @gkaissisCaught ForceObjectDelete called by workers>base @gkaissisCaught ForceObjectDelete called by workers>base @gkaissisCaught ForceObjectDelete called by workers>base @gkaissisCaught ForceObjectDelete called by workers>base @gkaissisCaught ForceObjectDelete called by workers>base @gkaissisCaught ForceObjectDelete called by workers>base @gkaissisCaught ForceObjectDelete called by workers>base @gkaissisCaught ForceObjectDelete called by workers>base @gkaissisCaught ForceObjectDelete called by workers>base @gkaissisCaught ForceObjectDelete called by workers>base @gkaissisCaught ForceObjectDelete called by workers>base @gkaissisCaught ForceObjectDelete called by workers>base @gkaissisCaught ForceObjectDelete called by workers>base @gkaissisCaught ForceObjectDelete called by workers>base @gkaissisCaught ForceObjectDelete called by workers>base @gkaissisCaught ForceObjectDelete called by workers>base @gkaissisCaught ForceObjectDelete called by workers>base @gkaissisCaught ForceObjectDelete called by workers>base @gkaissisCaught ForceObjectDelete called by workers>base @gkaissisCaught ForceObjectDelete called by workers>base @gkaissisCaught ForceObjectDelete called by workers>base @gkaissisCaught ForceObjectDelete called by workers>base @gkaissisCaught ForceObjectDelete called by workers>base @gkaissisCaught ForceObjectDelete called by workers>base @gkaissisCaught ForceObjectDelete called by workers>base @gkaissisCaught ForceObjectDelete called by workers>base @gkaissisCaught ForceObjectDelete called by workers>base @gkaissisCaught ForceObjectDelete called by workers>base @gkaissisCaught ForceObjectDelete called by workers>base @gkaissisCaught ForceObjectDelete called by workers>base @gkaissisCaught ForceObjectDelete called by workers>base @gkaissisCaught ForceObjectDelete called by workers>base @gkaissisCaught ForceObjectDelete called by workers>base @gkaissisCaught ForceObjectDelete called by workers>base @gkaissisCaught ForceObjectDelete called by workers>base @gkaissisCaught ForceObjectDelete called by workers>base @gkaissisCaught ForceObjectDelete called by workers>base @gkaissisCaught ForceObjectDelete called by workers>base @gkaissisCaught ForceObjectDelete called by workers>base @gkaissisCaught ForceObjectDelete called by workers>base @gkaissisCaught ForceObjectDelete called by workers>base @gkaissisCaught ForceObjectDelete called by workers>base @gkaissisCaught ForceObjectDelete called by workers>base @gkaissisCaught ForceObjectDelete called by workers>base @gkaissisCaught ForceObjectDelete called by workers>base @gkaissisCaught ForceObjectDelete called by workers>base @gkaissisCaught ForceObjectDelete called by workers>base @gkaissisCaught ForceObjectDelete called by workers>base @gkaissisCaught ForceObjectDelete called by workers>base @gkaissisCaught ForceObjectDelete called by workers>base @gkaissisCaught ForceObjectDelete called by workers>base @gkaissisCaught ForceObjectDelete called by workers>base @gkaissisCaught ForceObjectDelete called by workers>base @gkaissisCaught ForceObjectDelete called by workers>base @gkaissisCaught ForceObjectDelete called by workers>base @gkaissisCaught ForceObjectDelete called by workers>base @gkaissisCaught ForceObjectDelete called by workers>base @gkaissisCaught ForceObjectDelete called by workers>base @gkaissisCaught ForceObjectDelete called by workers>base @gkaissisCaught ForceObjectDelete called by workers>base @gkaissisCaught ForceObjectDelete called by workers>base @gkaissisCaught ForceObjectDelete called by workers>base @gkaissisCaught ForceObjectDelete called by workers>base @gkaissisCaught ForceObjectDelete called by workers>base @gkaissisCaught ForceObjectDelete called by workers>base @gkaissisCaught ForceObjectDelete called by workers>base @gkaissisCaught ForceObjectDelete called by workers>base @gkaissisCaught ForceObjectDelete called by workers>base @gkaissisCaught ForceObjectDelete called by workers>base @gkaissisCaught ForceObjectDelete called by workers>base @gkaissisCaught ForceObjectDelete called by workers>base @gkaissisCaught ForceObjectDelete called by workers>base @gkaissisCaught ForceObjectDelete called by workers>base @gkaissisCaught ForceObjectDelete called by workers>base @gkaissisCaught ForceObjectDelete called by workers>base @gkaissisCaught ForceObjectDelete called by workers>base @gkaissisCaught ForceObjectDelete called by workers>base @gkaissisCaught ForceObjectDelete called by workers>base @gkaissisCaught ForceObjectDelete called by workers>base @gkaissisCaught ForceObjectDelete called by workers>base @gkaissisCaught ForceObjectDelete called by workers>base @gkaissisCaught ForceObjectDelete called by workers>base @gkaissisCaught ForceObjectDelete called by workers>base @gkaissisCaught ForceObjectDelete called by workers>base @gkaissisCaught ForceObjectDelete called by workers>base @gkaissisCaught ForceObjectDelete called by workers>base @gkaissisCaught ForceObjectDelete called by workers>base @gkaissisCaught ForceObjectDelete called by workers>base @gkaissisCaught ForceObjectDelete called by workers>base @gkaissisCaught ForceObjectDelete called by workers>base @gkaissisCaught ForceObjectDelete called by workers>base @gkaissisCaught ForceObjectDelete called by workers>base @gkaissisCaught ForceObjectDelete called by workers>base @gkaissisCaught ForceObjectDelete called by workers>base @gkaissisCaught ForceObjectDelete called by workers>base @gkaissisCaught ForceObjectDelete called by workers>base @gkaissisCaught ForceObjectDelete called by workers>base @gkaissisCaught ForceObjectDelete called by workers>base @gkaissisCaught ForceObjectDelete called by workers>base @gkaissisCaught ForceObjectDelete called by workers>base @gkaissisCaught ForceObjectDelete called by workers>base @gkaissisCaught ForceObjectDelete called by workers>base @gkaissisCaught ForceObjectDelete called by workers>base @gkaissisCaught ForceObjectDelete called by workers>base @gkaissisCaught ForceObjectDelete called by workers>base @gkaissisCaught ForceObjectDelete called by workers>base @gkaissisCaught ForceObjectDelete called by workers>base @gkaissisCaught ForceObjectDelete called by workers>base @gkaissisCaught ForceObjectDelete called by workers>base @gkaissisCaught ForceObjectDelete called by workers>base @gkaissisCaught ForceObjectDelete called by workers>base @gkaissisCaught ForceObjectDelete called by workers>base @gkaissisCaught ForceObjectDelete called by workers>base @gkaissisCaught ForceObjectDelete called by workers>base @gkaissisCaught ForceObjectDelete called by workers>base @gkaissisCaught ForceObjectDelete called by workers>base @gkaissisCaught ForceObjectDelete called by workers>base @gkaissisCaught ForceObjectDelete called by workers>base @gkaissisCaught ForceObjectDelete called by workers>base @gkaissisCaught ForceObjectDelete called by workers>base @gkaissisCaught ForceObjectDelete called by workers>base @gkaissisCaught ForceObjectDelete called by workers>base @gkaissisCaught ForceObjectDelete called by workers>base @gkaissisCaught ForceObjectDelete called by workers>base @gkaissisCaught ForceObjectDelete called by workers>base @gkaissisCaught ForceObjectDelete called by workers>base @gkaissisCaught ForceObjectDelete called by workers>base @gkaissisCaught ForceObjectDelete called by workers>base @gkaissisCaught ForceObjectDelete called by workers>base @gkaissisCaught ForceObjectDelete called by workers>base @gkaissisCaught ForceObjectDelete called by workers>base @gkaissisCaught ForceObjectDelete called by workers>base @gkaissisCaught ForceObjectDelete called by workers>base @gkaissisCaught ForceObjectDelete called by workers>base @gkaissisCaught ForceObjectDelete called by workers>base @gkaissisCaught ForceObjectDelete called by workers>base @gkaissisCaught ForceObjectDelete called by workers>base @gkaissisCaught ForceObjectDelete called by workers>base @gkaissisCaught ForceObjectDelete called by workers>base @gkaissisCaught ForceObjectDelete called by workers>base @gkaissisCaught ForceObjectDelete called by workers>base @gkaissisCaught ForceObjectDelete called by workers>base @gkaissisCaught ForceObjectDelete called by workers>base @gkaissisCaught ForceObjectDelete called by workers>base @gkaissisCaught ForceObjectDelete called by workers>base @gkaissisCaught ForceObjectDelete called by workers>base @gkaissisCaught ForceObjectDelete called by workers>base @gkaissisCaught ForceObjectDelete called by workers>base @gkaissisCaught ForceObjectDelete called by workers>base @gkaissisCaught ForceObjectDelete called by workers>base @gkaissisCaught ForceObjectDelete called by workers>base @gkaissisCaught ForceObjectDelete called by workers>base @gkaissisCaught ForceObjectDelete called by workers>base @gkaissisCaught ForceObjectDelete called by workers>base @gkaissisCaught ForceObjectDelete called by workers>base @gkaissisCaught ForceObjectDelete called by workers>base @gkaissisCaught ForceObjectDelete called by workers>base @gkaissisCaught ForceObjectDelete called by workers>base @gkaissisCaught ForceObjectDelete called by workers>base @gkaissisCaught ForceObjectDelete called by workers>base @gkaissisCaught ForceObjectDelete called by workers>base @gkaissisCaught ForceObjectDelete called by workers>base @gkaissisCaught ForceObjectDelete called by workers>base @gkaissisCaught ForceObjectDelete called by workers>base @gkaissisCaught ForceObjectDelete called by workers>base @gkaissisCaught ForceObjectDelete called by workers>base @gkaissisCaught ForceObjectDelete called by workers>base @gkaissisCaught ForceObjectDelete called by workers>base @gkaissisCaught ForceObjectDelete called by workers>base @gkaissisCaught ForceObjectDelete called by workers>base @gkaissisCaught ForceObjectDelete called by workers>base @gkaissisCaught ForceObjectDelete called by workers>base @gkaissisCaught ForceObjectDelete called by workers>base @gkaissisCaught ForceObjectDelete called by workers>base @gkaissisCaught ForceObjectDelete called by workers>base @gkaissisCaught ForceObjectDelete called by workers>base @gkaissisCaught ForceObjectDelete called by workers>base @gkaissisCaught ForceObjectDelete called by workers>base @gkaissisCaught ForceObjectDelete called by workers>base @gkaissisCaught ForceObjectDelete called by workers>base @gkaissisCaught ForceObjectDelete called by workers>base @gkaissisCaught ForceObjectDelete called by workers>base @gkaissisCaught ForceObjectDelete called by workers>base @gkaissisCaught ForceObjectDelete called by workers>base @gkaissisCaught ForceObjectDelete called by workers>base @gkaissisCaught ForceObjectDelete called by workers>base @gkaissisCaught ForceObjectDelete called by workers>base @gkaissisCaught ForceObjectDelete called by workers>base @gkaissisCaught ForceObjectDelete called by workers>base @gkaissisCaught ForceObjectDelete called by workers>base @gkaissisCaught ForceObjectDelete called by workers>base @gkaissisCaught ForceObjectDelete called by workers>base @gkaissisCaught ForceObjectDelete called by workers>base @gkaissisCaught ForceObjectDelete called by workers>base @gkaissisCaught ForceObjectDelete called by workers>base @gkaissisCaught ForceObjectDelete called by workers>base @gkaissisCaught ForceObjectDelete called by workers>base @gkaissisCaught ForceObjectDelete called by workers>base @gkaissisCaught ForceObjectDelete called by workers>base @gkaissisCaught ForceObjectDelete called by workers>base @gkaissisCaught ForceObjectDelete called by workers>base @gkaissisCaught ForceObjectDelete called by workers>base @gkaissisCaught ForceObjectDelete called by workers>base @gkaissisCaught ForceObjectDelete called by workers>base @gkaissisCaught ForceObjectDelete called by workers>base @gkaissisCaught ForceObjectDelete called by workers>base @gkaissisCaught ForceObjectDelete called by workers>base @gkaissisCaught ForceObjectDelete called by workers>base @gkaissisCaught ForceObjectDelete called by workers>base @gkaissisCaught ForceObjectDelete called by workers>base @gkaissisCaught ForceObjectDelete called by workers>base @gkaissisCaught ForceObjectDelete called by workers>base @gkaissisCaught ForceObjectDelete called by workers>base @gkaissisCaught ForceObjectDelete called by workers>base @gkaissisCaught ForceObjectDelete called by workers>base @gkaissisCaught ForceObjectDelete called by workers>base @gkaissisCaught ForceObjectDelete called by workers>base @gkaissisCaught ForceObjectDelete called by workers>base @gkaissisCaught ForceObjectDelete called by workers>base @gkaissisCaught ForceObjectDelete called by workers>base @gkaissisCaught ForceObjectDelete called by workers>base @gkaissisCaught ForceObjectDelete called by workers>base @gkaissisCaught ForceObjectDelete called by workers>base @gkaissisCaught ForceObjectDelete called by workers>base @gkaissisCaught ForceObjectDelete called by workers>base @gkaissisCaught ForceObjectDelete called by workers>base @gkaissisCaught ForceObjectDelete called by workers>base @gkaissisCaught ForceObjectDelete called by workers>base @gkaissisCaught ForceObjectDelete called by workers>base @gkaissisCaught ForceObjectDelete called by workers>base @gkaissisCaught ForceObjectDelete called by workers>base @gkaissisCaught ForceObjectDelete called by workers>base @gkaissisCaught ForceObjectDelete called by workers>base @gkaissisCaught ForceObjectDelete called by workers>base @gkaissisCaught ForceObjectDelete called by workers>base @gkaissisCaught ForceObjectDelete called by workers>base @gkaissisCaught ForceObjectDelete called by workers>base @gkaissisCaught ForceObjectDelete called by workers>base @gkaissisCaught ForceObjectDelete called by workers>base @gkaissisCaught ForceObjectDelete called by workers>base @gkaissisCaught ForceObjectDelete called by workers>base @gkaissisCaught ForceObjectDelete called by workers>base @gkaissisCaught ForceObjectDelete called by workers>base @gkaissisCaught ForceObjectDelete called by workers>base @gkaissisCaught ForceObjectDelete called by workers>base @gkaissisCaught ForceObjectDelete called by workers>base @gkaissisCaught ForceObjectDelete called by workers>base @gkaissisCaught ForceObjectDelete called by workers>base @gkaissisCaught ForceObjectDelete called by workers>base @gkaissisCaught ForceObjectDelete called by workers>base @gkaissisCaught ForceObjectDelete called by workers>base @gkaissisCaught ForceObjectDelete called by workers>base @gkaissisCaught ForceObjectDelete called by workers>base @gkaissisCaught ForceObjectDelete called by workers>base @gkaissisCaught ForceObjectDelete called by workers>base @gkaissisCaught ForceObjectDelete called by workers>base @gkaissisCaught ForceObjectDelete called by workers>base @gkaissisCaught ForceObjectDelete called by workers>base @gkaissisCaught ForceObjectDelete called by workers>base @gkaissisCaught ForceObjectDelete called by workers>base @gkaissisCaught ForceObjectDelete called by workers>base @gkaissisCaught ForceObjectDelete called by workers>base @gkaissisCaught ForceObjectDelete called by workers>base @gkaissisCaught ForceObjectDelete called by workers>base @gkaissisCaught ForceObjectDelete called by workers>base @gkaissisCaught ForceObjectDelete called by workers>base @gkaissisCaught ForceObjectDelete called by workers>base @gkaissisCaught ForceObjectDelete called by workers>base @gkaissisCaught ForceObjectDelete called by workers>base @gkaissisCaught ForceObjectDelete called by workers>base @gkaissisCaught ForceObjectDelete called by workers>base @gkaissisCaught ForceObjectDelete called by workers>base @gkaissisCaught ForceObjectDelete called by workers>base @gkaissisCaught ForceObjectDelete called by workers>base @gkaissisCaught ForceObjectDelete called by workers>base @gkaissisCaught ForceObjectDelete called by workers>base @gkaissisCaught ForceObjectDelete called by workers>base @gkaissisCaught ForceObjectDelete called by workers>base @gkaissisCaught ForceObjectDelete called by workers>base @gkaissisCaught ForceObjectDelete called by workers>base @gkaissisCaught ForceObjectDelete called by workers>base @gkaissisCaught ForceObjectDelete called by workers>base @gkaissisCaught ForceObjectDelete called by workers>base @gkaissisCaught ForceObjectDelete called by workers>base @gkaissisCaught ForceObjectDelete called by workers>base @gkaissisCaught ForceObjectDelete called by workers>base @gkaissisCaught ForceObjectDelete called by workers>base @gkaissisCaught ForceObjectDelete called by workers>base @gkaissisCaught ForceObjectDelete called by workers>base @gkaissisCaught ForceObjectDelete called by workers>base @gkaissisCaught ForceObjectDelete called by workers>base @gkaissisCaught ForceObjectDelete called by workers>base @gkaissisCaught ForceObjectDelete called by workers>base @gkaissisCaught ForceObjectDelete called by workers>base @gkaissisCaught ForceObjectDelete called by workers>base @gkaissisCaught ForceObjectDelete called by workers>base @gkaissisCaught ForceObjectDelete called by workers>base @gkaissisCaught ForceObjectDelete called by workers>base @gkaissisCaught ForceObjectDelete called by workers>base @gkaissisCaught ForceObjectDelete called by workers>base @gkaissisCaught ForceObjectDelete called by workers>base @gkaissisCaught ForceObjectDelete called by workers>base @gkaissisCaught ForceObjectDelete called by workers>base @gkaissisCaught ForceObjectDelete called by workers>base @gkaissisCaught ForceObjectDelete called by workers>base @gkaissisCaught ForceObjectDelete called by workers>base @gkaissisCaught ForceObjectDelete called by workers>base @gkaissisCaught ForceObjectDelete called by workers>base @gkaissisCaught ForceObjectDelete called by workers>base @gkaissisCaught ForceObjectDelete called by workers>base @gkaissisCaught ForceObjectDelete called by workers>base @gkaissisCaught ForceObjectDelete called by workers>base @gkaissisCaught ForceObjectDelete called by workers>base @gkaissisCaught ForceObjectDelete called by workers>base @gkaissisCaught ForceObjectDelete called by workers>base @gkaissisCaught ForceObjectDelete called by workers>base @gkaissisCaught ForceObjectDelete called by workers>base @gkaissisCaught ForceObjectDelete called by workers>base @gkaissisCaught ForceObjectDelete called by workers>base @gkaissisCaught ForceObjectDelete called by workers>base @gkaissisCaught ForceObjectDelete called by workers>base @gkaissisCaught ForceObjectDelete called by workers>base @gkaissisCaught ForceObjectDelete called by workers>base @gkaissisCaught ForceObjectDelete called by workers>base @gkaissisCaught ForceObjectDelete called by workers>base @gkaissisCaught ForceObjectDelete called by workers>base @gkaissisCaught ForceObjectDelete called by workers>base @gkaissisCaught ForceObjectDelete called by workers>base @gkaissisCaught ForceObjectDelete called by workers>base @gkaissisCaught ForceObjectDelete called by workers>base @gkaissisCaught ForceObjectDelete called by workers>base @gkaissisCaught ForceObjectDelete called by workers>base @gkaissisCaught ForceObjectDelete called by workers>base @gkaissisCaught ForceObjectDelete called by workers>base @gkaissisCaught ForceObjectDelete called by workers>base @gkaissisCaught ForceObjectDelete called by workers>base @gkaissisCaught ForceObjectDelete called by workers>base @gkaissisCaught ForceObjectDelete called by workers>base @gkaissisCaught ForceObjectDelete called by workers>base @gkaissisCaught ForceObjectDelete called by workers>base @gkaissisCaught ForceObjectDelete called by workers>base @gkaissisCaught ForceObjectDelete called by workers>base @gkaissisCaught ForceObjectDelete called by workers>base @gkaissisCaught ForceObjectDelete called by workers>base @gkaissisCaught ForceObjectDelete called by workers>base @gkaissisCaught ForceObjectDelete called by workers>base @gkaissisCaught ForceObjectDelete called by workers>base @gkaissisCaught ForceObjectDelete called by workers>base @gkaissisCaught ForceObjectDelete called by workers>base @gkaissisCaught ForceObjectDelete called by workers>base @gkaissisCaught ForceObjectDelete called by workers>base @gkaissisCaught ForceObjectDelete called by workers>base @gkaissisCaught ForceObjectDelete called by workers>base @gkaissisCaught ForceObjectDelete called by workers>base @gkaissisCaught ForceObjectDelete called by workers>base @gkaissisCaught ForceObjectDelete called by workers>base @gkaissisCaught ForceObjectDelete called by workers>base @gkaissisCaught ForceObjectDelete called by workers>base @gkaissisCaught ForceObjectDelete called by workers>base @gkaissisCaught ForceObjectDelete called by workers>base @gkaissisCaught ForceObjectDelete called by workers>base @gkaissisCaught ForceObjectDelete called by workers>base @gkaissisCaught ForceObjectDelete called by workers>base @gkaissisCaught ForceObjectDelete called by workers>base @gkaissisCaught ForceObjectDelete called by workers>base @gkaissisCaught ForceObjectDelete called by workers>base @gkaissisCaught ForceObjectDelete called by workers>base @gkaissisCaught ForceObjectDelete called by workers>base @gkaissisCaught ForceObjectDelete called by workers>base @gkaissisCaught ForceObjectDelete called by workers>base @gkaissisCaught ForceObjectDelete called by workers>base @gkaissisCaught ForceObjectDelete called by workers>base @gkaissisCaught ForceObjectDelete called by workers>base @gkaissisCaught ForceObjectDelete called by workers>base @gkaissisCaught ForceObjectDelete called by workers>base @gkaissisCaught ForceObjectDelete called by workers>base @gkaissisCaught ForceObjectDelete called by workers>base @gkaissisCaught ForceObjectDelete called by workers>base @gkaissisCaught ForceObjectDelete called by workers>base @gkaissisCaught ForceObjectDelete called by workers>base @gkaissisCaught ForceObjectDelete called by workers>base @gkaissisCaught ForceObjectDelete called by workers>base @gkaissisCaught ForceObjectDelete called by workers>base @gkaissisCaught ForceObjectDelete called by workers>base @gkaissisCaught ForceObjectDelete called by workers>base @gkaissisCaught ForceObjectDelete called by workers>base @gkaissisCaught ForceObjectDelete called by workers>base @gkaissisCaught ForceObjectDelete called by workers>base @gkaissisCaught ForceObjectDelete called by workers>base @gkaissisCaught ForceObjectDelete called by workers>base @gkaissisCaught ForceObjectDelete called by workers>base @gkaissisCaught ForceObjectDelete called by workers>base @gkaissisCaught ForceObjectDelete called by workers>base @gkaissisCaught ForceObjectDelete called by workers>base @gkaissisCaught ForceObjectDelete called by workers>base @gkaissisCaught ForceObjectDelete called by workers>base @gkaissisCaught ForceObjectDelete called by workers>base @gkaissisCaught ForceObjectDelete called by workers>base @gkaissisCaught ForceObjectDelete called by workers>base @gkaissisCaught ForceObjectDelete called by workers>base @gkaissisCaught ForceObjectDelete called by workers>base @gkaissisCaught ForceObjectDelete called by workers>base @gkaissisCaught ForceObjectDelete called by workers>base @gkaissisCaught ForceObjectDelete called by workers>base @gkaissisCaught ForceObjectDelete called by workers>base @gkaissisCaught ForceObjectDelete called by workers>base @gkaissisCaught ForceObjectDelete called by workers>base @gkaissisCaught ForceObjectDelete called by workers>base @gkaissisCaught ForceObjectDelete called by workers>base @gkaissisCaught ForceObjectDelete called by workers>base @gkaissisCaught ForceObjectDelete called by workers>base @gkaissisCaught ForceObjectDelete called by workers>base @gkaissisCaught ForceObjectDelete called by workers>base @gkaissisCaught ForceObjectDelete called by workers>base @gkaissisCaught ForceObjectDelete called by workers>base @gkaissisCaught ForceObjectDelete called by workers>base @gkaissisCaught ForceObjectDelete called by workers>base @gkaissisCaught ForceObjectDelete called by workers>base @gkaissisCaught ForceObjectDelete called by workers>base @gkaissisCaught ForceObjectDelete called by workers>base @gkaissisCaught ForceObjectDelete called by workers>base @gkaissisCaught ForceObjectDelete called by workers>base @gkaissisCaught ForceObjectDelete called by workers>base @gkaissisCaught ForceObjectDelete called by workers>base @gkaissisCaught ForceObjectDelete called by workers>base @gkaissisCaught ForceObjectDelete called by workers>base @gkaissisCaught ForceObjectDelete called by workers>base @gkaissisCaught ForceObjectDelete called by workers>base @gkaissisCaught ForceObjectDelete called by workers>base @gkaissisCaught ForceObjectDelete called by workers>base @gkaissisCaught ForceObjectDelete called by workers>base @gkaissisCaught ForceObjectDelete called by workers>base @gkaissisCaught ForceObjectDelete called by workers>base @gkaissisCaught ForceObjectDelete called by workers>base @gkaissisCaught ForceObjectDelete called by workers>base @gkaissisCaught ForceObjectDelete called by workers>base @gkaissisCaught ForceObjectDelete called by workers>base @gkaissisCaught ForceObjectDelete called by workers>base @gkaissisCaught ForceObjectDelete called by workers>base @gkaissisCaught ForceObjectDelete called by workers>base @gkaissisCaught ForceObjectDelete called by workers>base @gkaissisCaught ForceObjectDelete called by workers>base @gkaissisCaught ForceObjectDelete called by workers>base @gkaissisCaught ForceObjectDelete called by workers>base @gkaissisCaught ForceObjectDelete called by workers>base @gkaissisCaught ForceObjectDelete called by workers>base @gkaissisCaught ForceObjectDelete called by workers>base @gkaissisCaught ForceObjectDelete called by workers>base @gkaissisCaught ForceObjectDelete called by workers>base @gkaissisCaught ForceObjectDelete called by workers>base @gkaissisCaught ForceObjectDelete called by workers>base @gkaissisCaught ForceObjectDelete called by workers>base @gkaissisCaught ForceObjectDelete called by workers>base @gkaissisCaught ForceObjectDelete called by workers>base @gkaissisCaught ForceObjectDelete called by workers>base @gkaissisCaught ForceObjectDelete called by workers>base @gkaissisCaught ForceObjectDelete called by workers>base @gkaissisCaught ForceObjectDelete called by workers>base @gkaissisCaught ForceObjectDelete called by workers>base @gkaissisCaught ForceObjectDelete called by workers>base @gkaissisCaught ForceObjectDelete called by workers>base @gkaissisCaught ForceObjectDelete called by workers>base @gkaissisCaught ForceObjectDelete called by workers>base @gkaissisCaught ForceObjectDelete called by workers>base @gkaissisCaught ForceObjectDelete called by workers>base @gkaissisCaught ForceObjectDelete called by workers>base @gkaissisCaught ForceObjectDelete called by workers>base @gkaissisCaught ForceObjectDelete called by workers>base @gkaissisCaught ForceObjectDelete called by workers>base @gkaissisCaught ForceObjectDelete called by workers>base @gkaissisCaught ForceObjectDelete called by workers>base @gkaissisCaught ForceObjectDelete called by workers>base @gkaissisCaught ForceObjectDelete called by workers>base @gkaissisCaught ForceObjectDelete called by workers>base @gkaissisCaught ForceObjectDelete called by workers>base @gkaissisCaught ForceObjectDelete called by workers>base @gkaissisCaught ForceObjectDelete called by workers>base @gkaissisCaught ForceObjectDelete called by workers>base @gkaissisCaught ForceObjectDelete called by workers>base @gkaissisCaught ForceObjectDelete called by workers>base @gkaissisCaught ForceObjectDelete called by workers>base @gkaissisCaught ForceObjectDelete called by workers>base @gkaissisCaught ForceObjectDelete called by workers>base @gkaissisCaught ForceObjectDelete called by workers>base @gkaissisCaught ForceObjectDelete called by workers>base @gkaissisCaught ForceObjectDelete called by workers>base @gkaissisCaught ForceObjectDelete called by workers>base @gkaissisCaught ForceObjectDelete called by workers>base @gkaissisCaught ForceObjectDelete called by workers>base @gkaissisCaught ForceObjectDelete called by workers>base @gkaissisCaught ForceObjectDelete called by workers>base @gkaissisCaught ForceObjectDelete called by workers>base @gkaissisCaught ForceObjectDelete called by workers>base @gkaissisCaught ForceObjectDelete called by workers>base @gkaissisCaught ForceObjectDelete called by workers>base @gkaissisCaught ForceObjectDelete called by workers>base @gkaissisCaught ForceObjectDelete called by workers>base @gkaissisCaught ForceObjectDelete called by workers>base @gkaissisCaught ForceObjectDelete called by workers>base @gkaissisCaught ForceObjectDelete called by workers>base @gkaissisCaught ForceObjectDelete called by workers>base @gkaissisCaught ForceObjectDelete called by workers>base @gkaissisCaught ForceObjectDelete called by workers>base @gkaissisCaught ForceObjectDelete called by workers>base @gkaissisCaught ForceObjectDelete called by workers>base @gkaissisCaught ForceObjectDelete called by workers>base @gkaissisCaught ForceObjectDelete called by workers>base @gkaissisCaught ForceObjectDelete called by workers>base @gkaissisCaught ForceObjectDelete called by workers>base @gkaissisCaught ForceObjectDelete called by workers>base @gkaissisCaught ForceObjectDelete called by workers>base @gkaissisCaught ForceObjectDelete called by workers>base @gkaissisCaught ForceObjectDelete called by workers>base @gkaissisCaught ForceObjectDelete called by workers>base @gkaissisCaught ForceObjectDelete called by workers>base @gkaissisCaught ForceObjectDelete called by workers>base @gkaissisCaught ForceObjectDelete called by workers>base @gkaissisCaught ForceObjectDelete called by workers>base @gkaissisCaught ForceObjectDelete called by workers>base @gkaissisCaught ForceObjectDelete called by workers>base @gkaissisCaught ForceObjectDelete called by workers>base @gkaissisCaught ForceObjectDelete called by workers>base @gkaissisCaught ForceObjectDelete called by workers>base @gkaissisCaught ForceObjectDelete called by workers>base @gkaissisCaught ForceObjectDelete called by workers>base @gkaissisCaught ForceObjectDelete called by workers>base @gkaissisCaught ForceObjectDelete called by workers>base @gkaissisCaught ForceObjectDelete called by workers>base @gkaissisCaught ForceObjectDelete called by workers>base @gkaissisCaught ForceObjectDelete called by workers>base @gkaissisCaught ForceObjectDelete called by workers>base @gkaissisCaught ForceObjectDelete called by workers>base @gkaissisCaught ForceObjectDelete called by workers>base @gkaissisCaught ForceObjectDelete called by workers>base @gkaissisCaught ForceObjectDelete called by workers>base @gkaissisCaught ForceObjectDelete called by workers>base @gkaissisCaught ForceObjectDelete called by workers>base @gkaissisCaught ForceObjectDelete called by workers>base @gkaissisCaught ForceObjectDelete called by workers>base @gkaissisCaught ForceObjectDelete called by workers>base @gkaissisCaught ForceObjectDelete called by workers>base @gkaissisCaught ForceObjectDelete called by workers>base @gkaissisCaught ForceObjectDelete called by workers>base @gkaissisCaught ForceObjectDelete called by workers>base @gkaissisCaught ForceObjectDelete called by workers>base @gkaissisCaught ForceObjectDelete called by workers>base @gkaissisCaught ForceObjectDelete called by workers>base @gkaissisCaught ForceObjectDelete called by workers>base @gkaissisCaught ForceObjectDelete called by workers>base @gkaissisCaught ForceObjectDelete called by workers>base @gkaissisCaught ForceObjectDelete called by workers>base @gkaissisCaught ForceObjectDelete called by workers>base @gkaissisCaught ForceObjectDelete called by workers>base @gkaissisCaught ForceObjectDelete called by workers>base @gkaissisCaught ForceObjectDelete called by workers>base @gkaissisCaught ForceObjectDelete called by workers>base @gkaissisCaught ForceObjectDelete called by workers>base @gkaissisCaught ForceObjectDelete called by workers>base @gkaissisCaught ForceObjectDelete called by workers>base @gkaissisCaught ForceObjectDelete called by workers>base @gkaissisCaught ForceObjectDelete called by workers>base @gkaissisCaught ForceObjectDelete called by workers>base @gkaissisCaught ForceObjectDelete called by workers>base @gkaissisCaught ForceObjectDelete called by workers>base @gkaissisCaught ForceObjectDelete called by workers>base @gkaissisCaught ForceObjectDelete called by workers>base @gkaissisCaught ForceObjectDelete called by workers>base @gkaissisCaught ForceObjectDelete called by workers>base @gkaissisCaught ForceObjectDelete called by workers>base @gkaissisCaught ForceObjectDelete called by workers>base @gkaissisCaught ForceObjectDelete called by workers>base @gkaissisCaught ForceObjectDelete called by workers>base @gkaissisCaught ForceObjectDelete called by workers>base @gkaissisCaught ForceObjectDelete called by workers>base @gkaissisCaught ForceObjectDelete called by workers>base @gkaissisCaught ForceObjectDelete called by workers>base @gkaissisCaught ForceObjectDelete called by workers>base @gkaissisCaught ForceObjectDelete called by workers>base @gkaissisCaught ForceObjectDelete called by workers>base @gkaissisCaught ForceObjectDelete called by workers>base @gkaissisCaught ForceObjectDelete called by workers>base @gkaissisCaught ForceObjectDelete called by workers>base @gkaissisCaught ForceObjectDelete called by workers>base @gkaissisCaught ForceObjectDelete called by workers>base @gkaissisCaught ForceObjectDelete called by workers>base @gkaissisCaught ForceObjectDelete called by workers>base @gkaissisCaught ForceObjectDelete called by workers>base @gkaissisCaught ForceObjectDelete called by workers>base @gkaissisCaught ForceObjectDelete called by workers>base @gkaissisCaught ForceObjectDelete called by workers>base @gkaissisCaught ForceObjectDelete called by workers>base @gkaissisCaught ForceObjectDelete called by workers>base @gkaissisCaught ForceObjectDelete called by workers>base @gkaissisCaught ForceObjectDelete called by workers>base @gkaissisCaught ForceObjectDelete called by workers>base @gkaissisCaught ForceObjectDelete called by workers>base @gkaissisCaught ForceObjectDelete called by workers>base @gkaissisCaught ForceObjectDelete called by workers>base @gkaissisCaught ForceObjectDelete called by workers>base @gkaissisCaught ForceObjectDelete called by workers>base @gkaissisCaught ForceObjectDelete called by workers>base @gkaissisCaught ForceObjectDelete called by workers>base @gkaissisCaught ForceObjectDelete called by workers>base @gkaissisCaught ForceObjectDelete called by workers>base @gkaissisCaught ForceObjectDelete called by workers>base @gkaissisCaught ForceObjectDelete called by workers>base @gkaissisCaught ForceObjectDelete called by workers>base @gkaissisCaught ForceObjectDelete called by workers>base @gkaissisCaught ForceObjectDelete called by workers>base @gkaissisCaught ForceObjectDelete called by workers>base @gkaissisCaught ForceObjectDelete called by workers>base @gkaissisCaught ForceObjectDelete called by workers>base @gkaissisCaught ForceObjectDelete called by workers>base @gkaissisCaught ForceObjectDelete called by workers>base @gkaissisCaught ForceObjectDelete called by workers>base @gkaissisCaught ForceObjectDelete called by workers>base @gkaissisCaught ForceObjectDelete called by workers>base @gkaissisCaught ForceObjectDelete called by workers>base @gkaissisCaught ForceObjectDelete called by workers>base @gkaissisCaught ForceObjectDelete called by workers>base @gkaissisCaught ForceObjectDelete called by workers>base @gkaissisCaught ForceObjectDelete called by workers>base @gkaissisCaught ForceObjectDelete called by workers>base @gkaissisCaught ForceObjectDelete called by workers>base @gkaissisCaught ForceObjectDelete called by workers>base @gkaissisCaught ForceObjectDelete called by workers>base @gkaissisCaught ForceObjectDelete called by workers>base @gkaissisCaught ForceObjectDelete called by workers>base @gkaissisCaught ForceObjectDelete called by workers>base @gkaissisCaught ForceObjectDelete called by workers>base @gkaissisCaught ForceObjectDelete called by workers>base @gkaissisCaught ForceObjectDelete called by workers>base @gkaissisCaught ForceObjectDelete called by workers>base @gkaissisCaught ForceObjectDelete called by workers>base @gkaissisCaught ForceObjectDelete called by workers>base @gkaissisCaught ForceObjectDelete called by workers>base @gkaissisCaught ForceObjectDelete called by workers>base @gkaissisCaught ForceObjectDelete called by workers>base @gkaissisCaught ForceObjectDelete called by workers>base @gkaissisCaught ForceObjectDelete called by workers>base @gkaissisCaught ForceObjectDelete called by workers>base @gkaissisCaught ForceObjectDelete called by workers>base @gkaissisCaught ForceObjectDelete called by workers>base @gkaissisCaught ForceObjectDelete called by workers>base @gkaissisCaught ForceObjectDelete called by workers>base @gkaissisCaught ForceObjectDelete called by workers>base @gkaissisCaught ForceObjectDelete called by workers>base @gkaissisCaught ForceObjectDelete called by workers>base @gkaissisCaught ForceObjectDelete called by workers>base @gkaissisCaught ForceObjectDelete called by workers>base @gkaissisCaught ForceObjectDelete called by workers>base @gkaissisCaught ForceObjectDelete called by workers>base @gkaissisCaught ForceObjectDelete called by workers>base @gkaissisCaught ForceObjectDelete called by workers>base @gkaissisCaught ForceObjectDelete called by workers>base @gkaissisCaught ForceObjectDelete called by workers>base @gkaissisCaught ForceObjectDelete called by workers>base @gkaissisCaught ForceObjectDelete called by workers>base @gkaissisCaught ForceObjectDelete called by workers>base @gkaissisCaught ForceObjectDelete called by workers>base @gkaissisCaught ForceObjectDelete called by workers>base @gkaissisCaught ForceObjectDelete called by workers>base @gkaissisCaught ForceObjectDelete called by workers>base @gkaissisCaught ForceObjectDelete called by workers>base @gkaissisCaught ForceObjectDelete called by workers>base @gkaissisCaught ForceObjectDelete called by workers>base @gkaissisCaught ForceObjectDelete called by workers>base @gkaissisCaught ForceObjectDelete called by workers>base @gkaissisCaught ForceObjectDelete called by workers>base @gkaissisCaught ForceObjectDelete called by workers>base @gkaissisCaught ForceObjectDelete called by workers>base @gkaissisCaught ForceObjectDelete called by workers>base @gkaissisCaught ForceObjectDelete called by workers>base @gkaissisCaught ForceObjectDelete called by workers>base @gkaissisCaught ForceObjectDelete called by workers>base @gkaissisCaught ForceObjectDelete called by workers>base @gkaissisCaught ForceObjectDelete called by workers>base @gkaissisCaught ForceObjectDelete called by workers>base @gkaissisCaught ForceObjectDelete called by workers>base @gkaissisCaught ForceObjectDelete called by workers>base @gkaissisCaught ForceObjectDelete called by workers>base @gkaissisCaught ForceObjectDelete called by workers>base @gkaissisCaught ForceObjectDelete called by workers>base @gkaissisCaught ForceObjectDelete called by workers>base @gkaissisCaught ForceObjectDelete called by workers>base @gkaissisCaught ForceObjectDelete called by workers>base @gkaissisCaught ForceObjectDelete called by workers>base @gkaissisCaught ForceObjectDelete called by workers>base @gkaissisCaught ForceObjectDelete called by workers>base @gkaissisCaught ForceObjectDelete called by workers>base @gkaissisCaught ForceObjectDelete called by workers>base @gkaissisCaught ForceObjectDelete called by workers>base @gkaissisCaught ForceObjectDelete called by workers>base @gkaissisCaught ForceObjectDelete called by workers>base @gkaissisCaught ForceObjectDelete called by workers>base @gkaissisCaught ForceObjectDelete called by workers>base @gkaissisCaught ForceObjectDelete called by workers>base @gkaissisCaught ForceObjectDelete called by workers>base @gkaissisCaught ForceObjectDelete called by workers>base @gkaissisCaught ForceObjectDelete called by workers>base @gkaissisCaught ForceObjectDelete called by workers>base @gkaissisCaught ForceObjectDelete called by workers>base @gkaissisCaught ForceObjectDelete called by workers>base @gkaissisCaught ForceObjectDelete called by workers>base @gkaissisCaught ForceObjectDelete called by workers>base @gkaissisCaught ForceObjectDelete called by workers>base @gkaissisCaught ForceObjectDelete called by workers>base @gkaissisCaught ForceObjectDelete called by workers>base @gkaissisCaught ForceObjectDelete called by workers>base @gkaissisCaught ForceObjectDelete called by workers>base @gkaissisCaught ForceObjectDelete called by workers>base @gkaissisCaught ForceObjectDelete called by workers>base @gkaissisCaught ForceObjectDelete called by workers>base @gkaissisCaught ForceObjectDelete called by workers>base @gkaissisCaught ForceObjectDelete called by workers>base @gkaissisCaught ForceObjectDelete called by workers>base @gkaissisCaught ForceObjectDelete called by workers>base @gkaissisCaught ForceObjectDelete called by workers>base @gkaissisCaught ForceObjectDelete called by workers>base @gkaissisCaught ForceObjectDelete called by workers>base @gkaissisCaught ForceObjectDelete called by workers>base @gkaissisCaught ForceObjectDelete called by workers>base @gkaissisCaught ForceObjectDelete called by workers>base @gkaissisCaught ForceObjectDelete called by workers>base @gkaissisCaught ForceObjectDelete called by workers>base @gkaissisCaught ForceObjectDelete called by workers>base @gkaissisCaught ForceObjectDelete called by workers>base @gkaissisCaught ForceObjectDelete called by workers>base @gkaissisCaught ForceObjectDelete called by workers>base @gkaissisCaught ForceObjectDelete called by workers>base @gkaissisCaught ForceObjectDelete called by workers>base @gkaissisCaught ForceObjectDelete called by workers>base @gkaissisCaught ForceObjectDelete called by workers>base @gkaissisCaught ForceObjectDelete called by workers>base @gkaissisCaught ForceObjectDelete called by workers>base @gkaissisCaught ForceObjectDelete called by workers>base @gkaissisCaught ForceObjectDelete called by workers>base @gkaissisCaught ForceObjectDelete called by workers>base @gkaissisCaught ForceObjectDelete called by workers>base @gkaissisCaught ForceObjectDelete called by workers>base @gkaissisCaught ForceObjectDelete called by workers>base @gkaissisCaught ForceObjectDelete called by workers>base @gkaissisCaught ForceObjectDelete called by workers>base @gkaissisCaught ForceObjectDelete called by workers>base @gkaissisCaught ForceObjectDelete called by workers>base @gkaissisCaught ForceObjectDelete called by workers>base @gkaissisCaught ForceObjectDelete called by workers>base @gkaissisCaught ForceObjectDelete called by workers>base @gkaissisCaught ForceObjectDelete called by workers>base @gkaissisCaught ForceObjectDelete called by workers>base @gkaissisCaught ForceObjectDelete called by workers>base @gkaissisCaught ForceObjectDelete called by workers>base @gkaissisCaught ForceObjectDelete called by workers>base @gkaissisCaught ForceObjectDelete called by workers>base @gkaissisCaught ForceObjectDelete called by workers>base @gkaissisCaught ForceObjectDelete called by workers>base @gkaissisCaught ForceObjectDelete called by workers>base @gkaissisCaught ForceObjectDelete called by workers>base @gkaissisCaught ForceObjectDelete called by workers>base @gkaissisCaught ForceObjectDelete called by workers>base @gkaissisCaught ForceObjectDelete called by workers>base @gkaissisCaught ForceObjectDelete called by workers>base @gkaissisCaught ForceObjectDelete called by workers>base @gkaissisCaught ForceObjectDelete called by workers>base @gkaissisCaught ForceObjectDelete called by workers>base @gkaissisCaught ForceObjectDelete called by workers>base @gkaissisCaught ForceObjectDelete called by workers>base @gkaissisCaught ForceObjectDelete called by workers>base @gkaissisCaught ForceObjectDelete called by workers>base @gkaissisCaught ForceObjectDelete called by workers>base @gkaissisCaught ForceObjectDelete called by workers>base @gkaissisCaught ForceObjectDelete called by workers>base @gkaissisCaught ForceObjectDelete called by workers>base @gkaissisCaught ForceObjectDelete called by workers>base @gkaissisCaught ForceObjectDelete called by workers>base @gkaissisCaught ForceObjectDelete called by workers>base @gkaissisCaught ForceObjectDelete called by workers>base @gkaissisCaught ForceObjectDelete called by workers>base @gkaissisCaught ForceObjectDelete called by workers>base @gkaissisCaught ForceObjectDelete called by workers>base @gkaissisCaught ForceObjectDelete called by workers>base @gkaissisCaught ForceObjectDelete called by workers>base @gkaissisCaught ForceObjectDelete called by workers>base @gkaissisCaught ForceObjectDelete called by workers>base @gkaissisCaught ForceObjectDelete called by workers>base @gkaissisCaught ForceObjectDelete called by workers>base @gkaissisCaught ForceObjectDelete called by workers>base @gkaissisCaught ForceObjectDelete called by workers>base @gkaissisCaught ForceObjectDelete called by workers>base @gkaissisCaught ForceObjectDelete called by workers>base @gkaissisCaught ForceObjectDelete called by workers>base @gkaissisCaught ForceObjectDelete called by workers>base @gkaissisCaught ForceObjectDelete called by workers>base @gkaissisCaught ForceObjectDelete called by workers>base @gkaissisCaught ForceObjectDelete called by workers>base @gkaissisCaught ForceObjectDelete called by workers>base @gkaissisCaught ForceObjectDelete called by workers>base @gkaissisCaught ForceObjectDelete called by workers>base @gkaissisCaught ForceObjectDelete called by workers>base @gkaissisCaught ForceObjectDelete called by workers>base @gkaissisCaught ForceObjectDelete called by workers>base @gkaissisCaught ForceObjectDelete called by workers>base @gkaissisCaught ForceObjectDelete called by workers>base @gkaissisCaught ForceObjectDelete called by workers>base @gkaissisCaught ForceObjectDelete called by workers>base @gkaissisCaught ForceObjectDelete called by workers>base @gkaissisCaught ForceObjectDelete called by workers>base @gkaissisCaught ForceObjectDelete called by workers>base @gkaissisCaught ForceObjectDelete called by workers>base @gkaissisCaught ForceObjectDelete called by workers>base @gkaissisCaught ForceObjectDelete called by workers>base @gkaissisCaught ForceObjectDelete called by workers>base @gkaissisCaught ForceObjectDelete called by workers>base @gkaissisCaught ForceObjectDelete called by workers>base @gkaissisCaught ForceObjectDelete called by workers>base @gkaissisCaught ForceObjectDelete called by workers>base @gkaissisCaught ForceObjectDelete called by workers>base @gkaissisCaught ForceObjectDelete called by workers>base @gkaissisCaught ForceObjectDelete called by workers>base @gkaissisCaught ForceObjectDelete called by workers>base @gkaissisCaught ForceObjectDelete called by workers>base @gkaissisCaught ForceObjectDelete called by workers>base @gkaissisCaught ForceObjectDelete called by workers>base @gkaissisCaught ForceObjectDelete called by workers>base @gkaissisCaught ForceObjectDelete called by workers>base @gkaissisCaught ForceObjectDelete called by workers>base @gkaissisCaught ForceObjectDelete called by workers>base @gkaissisCaught ForceObjectDelete called by workers>base @gkaissisCaught ForceObjectDelete called by workers>base @gkaissisCaught ForceObjectDelete called by workers>base @gkaissisCaught ForceObjectDelete called by workers>base @gkaissisCaught ForceObjectDelete called by workers>base @gkaissisCaught ForceObjectDelete called by workers>base @gkaissisCaught ForceObjectDelete called by workers>base @gkaissisCaught ForceObjectDelete called by workers>base @gkaissisCaught ForceObjectDelete called by workers>base @gkaissisCaught ForceObjectDelete called by workers>base @gkaissisCaught ForceObjectDelete called by workers>base @gkaissisCaught ForceObjectDelete called by workers>base @gkaissisCaught ForceObjectDelete called by workers>base @gkaissisCaught ForceObjectDelete called by workers>base @gkaissisCaught ForceObjectDelete called by workers>base @gkaissisCaught ForceObjectDelete called by workers>base @gkaissisCaught ForceObjectDelete called by workers>base @gkaissisCaught ForceObjectDelete called by workers>base @gkaissisCaught ForceObjectDelete called by workers>base @gkaissisCaught ForceObjectDelete called by workers>base @gkaissisCaught ForceObjectDelete called by workers>base @gkaissisCaught ForceObjectDelete called by workers>base @gkaissisCaught ForceObjectDelete called by workers>base @gkaissisCaught ForceObjectDelete called by workers>base @gkaissisCaught ForceObjectDelete called by workers>base @gkaissisCaught ForceObjectDelete called by workers>base @gkaissisCaught ForceObjectDelete called by workers>base @gkaissisCaught ForceObjectDelete called by workers>base @gkaissisCaught ForceObjectDelete called by workers>base @gkaissisCaught ForceObjectDelete called by workers>base @gkaissisCaught ForceObjectDelete called by workers>base @gkaissisCaught ForceObjectDelete called by workers>base @gkaissisCaught ForceObjectDelete called by workers>base @gkaissisCaught ForceObjectDelete called by workers>base @gkaissisCaught ForceObjectDelete called by workers>base @gkaissisCaught ForceObjectDelete called by workers>base @gkaissisCaught ForceObjectDelete called by workers>base @gkaissisCaught ForceObjectDelete called by workers>base @gkaissisCaught ForceObjectDelete called by workers>base @gkaissisCaught ForceObjectDelete called by workers>base @gkaissisCaught ForceObjectDelete called by workers>base @gkaissisCaught ForceObjectDelete called by workers>base @gkaissisCaught ForceObjectDelete called by workers>base @gkaissisCaught ForceObjectDelete called by workers>base @gkaissisCaught ForceObjectDelete called by workers>base @gkaissisCaught ForceObjectDelete called by workers>base @gkaissisCaught ForceObjectDelete called by workers>base @gkaissisCaught ForceObjectDelete called by workers>base @gkaissisCaught ForceObjectDelete called by workers>base @gkaissisCaught ForceObjectDelete called by workers>base @gkaissisCaught ForceObjectDelete called by workers>base @gkaissisCaught ForceObjectDelete called by workers>base @gkaissisCaught ForceObjectDelete called by workers>base @gkaissisCaught ForceObjectDelete called by workers>base @gkaissisCaught ForceObjectDelete called by workers>base @gkaissisCaught ForceObjectDelete called by workers>base @gkaissisCaught ForceObjectDelete called by workers>base @gkaissisCaught ForceObjectDelete called by workers>base @gkaissisCaught ForceObjectDelete called by workers>base @gkaissisCaught ForceObjectDelete called by workers>base @gkaissisCaught ForceObjectDelete called by workers>base @gkaissisCaught ForceObjectDelete called by workers>base @gkaissisCaught ForceObjectDelete called by workers>base @gkaissisCaught ForceObjectDelete called by workers>base @gkaissisCaught ForceObjectDelete called by workers>base @gkaissisCaught ForceObjectDelete called by workers>base @gkaissisCaught ForceObjectDelete called by workers>base @gkaissisCaught ForceObjectDelete called by workers>base @gkaissisCaught ForceObjectDelete called by workers>base @gkaissisCaught ForceObjectDelete called by workers>base @gkaissisCaught ForceObjectDelete called by workers>base @gkaissisCaught ForceObjectDelete called by workers>base @gkaissisCaught ForceObjectDelete called by workers>base @gkaissisCaught ForceObjectDelete called by workers>base @gkaissisCaught ForceObjectDelete called by workers>base @gkaissisCaught ForceObjectDelete called by workers>base @gkaissisCaught ForceObjectDelete called by workers>base @gkaissisCaught ForceObjectDelete called by workers>base @gkaissisCaught ForceObjectDelete called by workers>base @gkaissisCaught ForceObjectDelete called by workers>base @gkaissisCaught ForceObjectDelete called by workers>base @gkaissisCaught ForceObjectDelete called by workers>base @gkaissisCaught ForceObjectDelete called by workers>base @gkaissisCaught ForceObjectDelete called by workers>base @gkaissisCaught ForceObjectDelete called by workers>base @gkaissisCaught ForceObjectDelete called by workers>base @gkaissisCaught ForceObjectDelete called by workers>base @gkaissisCaught ForceObjectDelete called by workers>base @gkaissisCaught ForceObjectDelete called by workers>base @gkaissisCaught ForceObjectDelete called by workers>base @gkaissisCaught ForceObjectDelete called by workers>base @gkaissisCaught ForceObjectDelete called by workers>base @gkaissisCaught ForceObjectDelete called by workers>base @gkaissisCaught ForceObjectDelete called by workers>base @gkaissisCaught ForceObjectDelete called by workers>base @gkaissisCaught ForceObjectDelete called by workers>base @gkaissisCaught ForceObjectDelete called by workers>base @gkaissisCaught ForceObjectDelete called by workers>base @gkaissisCaught ForceObjectDelete called by workers>base @gkaissisCaught ForceObjectDelete called by workers>base @gkaissisCaught ForceObjectDelete called by workers>base @gkaissisCaught ForceObjectDelete called by workers>base @gkaissisCaught ForceObjectDelete called by workers>base @gkaissisCaught ForceObjectDelete called by workers>base @gkaissisCaught ForceObjectDelete called by workers>base @gkaissisCaught ForceObjectDelete called by workers>base @gkaissisCaught ForceObjectDelete called by workers>base @gkaissisCaught ForceObjectDelete called by workers>base @gkaissisCaught ForceObjectDelete called by workers>base @gkaissisCaught ForceObjectDelete called by workers>base @gkaissisCaught ForceObjectDelete called by workers>base @gkaissisCaught ForceObjectDelete called by workers>base @gkaissisCaught ForceObjectDelete called by workers>base @gkaissisCaught ForceObjectDelete called by workers>base @gkaissisCaught ForceObjectDelete called by workers>base @gkaissisCaught ForceObjectDelete called by workers>base @gkaissisCaught ForceObjectDelete called by workers>base @gkaissisCaught ForceObjectDelete called by workers>base @gkaissisCaught ForceObjectDelete called by workers>base @gkaissisCaught ForceObjectDelete called by workers>base @gkaissisCaught ForceObjectDelete called by workers>base @gkaissisCaught ForceObjectDelete called by workers>base @gkaissisCaught ForceObjectDelete called by workers>base @gkaissisCaught ForceObjectDelete called by workers>base @gkaissisCaught ForceObjectDelete called by workers>base @gkaissisCaught ForceObjectDelete called by workers>base @gkaissisCaught ForceObjectDelete called by workers>base @gkaissisCaught ForceObjectDelete called by workers>base @gkaissisCaught ForceObjectDelete called by workers>base @gkaissisCaught ForceObjectDelete called by workers>base @gkaissisCaught ForceObjectDelete called by workers>base @gkaissisCaught ForceObjectDelete called by workers>base @gkaissisCaught ForceObjectDelete called by workers>base @gkaissisCaught ForceObjectDelete called by workers>base @gkaissisCaught ForceObjectDelete called by workers>base @gkaissisCaught ForceObjectDelete called by workers>base @gkaissisCaught ForceObjectDelete called by workers>base @gkaissisCaught ForceObjectDelete called by workers>base @gkaissisCaught ForceObjectDelete called by workers>base @gkaissisCaught ForceObjectDelete called by workers>base @gkaissisCaught ForceObjectDelete called by workers>base @gkaissisCaught ForceObjectDelete called by workers>base @gkaissisCaught ForceObjectDelete called by workers>base @gkaissisCaught ForceObjectDelete called by workers>base @gkaissisCaught ForceObjectDelete called by workers>base @gkaissisCaught ForceObjectDelete called by workers>base @gkaissisCaught ForceObjectDelete called by workers>base @gkaissisCaught ForceObjectDelete called by workers>base @gkaissisCaught ForceObjectDelete called by workers>base @gkaissisCaught ForceObjectDelete called by workers>base @gkaissisCaught ForceObjectDelete called by workers>base @gkaissisCaught ForceObjectDelete called by workers>base @gkaissisCaught ForceObjectDelete called by workers>base @gkaissisCaught ForceObjectDelete called by workers>base @gkaissisCaught ForceObjectDelete called by workers>base @gkaissisCaught ForceObjectDelete called by workers>base @gkaissisCaught ForceObjectDelete called by workers>base @gkaissisCaught ForceObjectDelete called by workers>base @gkaissisCaught ForceObjectDelete called by workers>base @gkaissisCaught ForceObjectDelete called by workers>base @gkaissisCaught ForceObjectDelete called by workers>base @gkaissisCaught ForceObjectDelete called by workers>base @gkaissisCaught ForceObjectDelete called by workers>base @gkaissisCaught ForceObjectDelete called by workers>base @gkaissisCaught ForceObjectDelete called by workers>base @gkaissisCaught ForceObjectDelete called by workers>base @gkaissisCaught ForceObjectDelete called by workers>base @gkaissisCaught ForceObjectDelete called by workers>base @gkaissisCaught ForceObjectDelete called by workers>base @gkaissisCaught ForceObjectDelete called by workers>base @gkaissisCaught ForceObjectDelete called by workers>base @gkaissisCaught ForceObjectDelete called by workers>base @gkaissisCaught ForceObjectDelete called by workers>base @gkaissisCaught ForceObjectDelete called by workers>base @gkaissisCaught ForceObjectDelete called by workers>base @gkaissisCaught ForceObjectDelete called by workers>base @gkaissisCaught ForceObjectDelete called by workers>base @gkaissisCaught ForceObjectDelete called by workers>base @gkaissisCaught ForceObjectDelete called by workers>base @gkaissisCaught ForceObjectDelete called by workers>base @gkaissisCaught ForceObjectDelete called by workers>base @gkaissisCaught ForceObjectDelete called by workers>base @gkaissisCaught ForceObjectDelete called by workers>base @gkaissisCaught ForceObjectDelete called by workers>base @gkaissisCaught ForceObjectDelete called by workers>base @gkaissisCaught ForceObjectDelete called by workers>base @gkaissisCaught ForceObjectDelete called by workers>base @gkaissisCaught ForceObjectDelete called by workers>base @gkaissisCaught ForceObjectDelete called by workers>base @gkaissisCaught ForceObjectDelete called by workers>base @gkaissisCaught ForceObjectDelete called by workers>base @gkaissisCaught ForceObjectDelete called by workers>base @gkaissisCaught ForceObjectDelete called by workers>base @gkaissisCaught ForceObjectDelete called by workers>base @gkaissisCaught ForceObjectDelete called by workers>base @gkaissisCaught ForceObjectDelete called by workers>base @gkaissisCaught ForceObjectDelete called by workers>base @gkaissisCaught ForceObjectDelete called by workers>base @gkaissisCaught ForceObjectDelete called by workers>base @gkaissisCaught ForceObjectDelete called by workers>base @gkaissisCaught ForceObjectDelete called by workers>base @gkaissisCaught ForceObjectDelete called by workers>base @gkaissisCaught ForceObjectDelete called by workers>base @gkaissisCaught ForceObjectDelete called by workers>base @gkaissisCaught ForceObjectDelete called by workers>base @gkaissisCaught ForceObjectDelete called by workers>base @gkaissisCaught ForceObjectDelete called by workers>base @gkaissisCaught ForceObjectDelete called by workers>base @gkaissisCaught ForceObjectDelete called by workers>base @gkaissisCaught ForceObjectDelete called by workers>base @gkaissisCaught ForceObjectDelete called by workers>base @gkaissisCaught ForceObjectDelete called by workers>base @gkaissisCaught ForceObjectDelete called by workers>base @gkaissisCaught ForceObjectDelete called by workers>base @gkaissisCaught ForceObjectDelete called by workers>base @gkaissisCaught ForceObjectDelete called by workers>base @gkaissisCaught ForceObjectDelete called by workers>base @gkaissisCaught ForceObjectDelete called by workers>base @gkaissisCaught ForceObjectDelete called by workers>base @gkaissisCaught ForceObjectDelete called by workers>base @gkaissisCaught ForceObjectDelete called by workers>base @gkaissisCaught ForceObjectDelete called by workers>base @gkaissisCaught ForceObjectDelete called by workers>base @gkaissisCaught ForceObjectDelete called by workers>base @gkaissisCaught ForceObjectDelete called by workers>base @gkaissisCaught ForceObjectDelete called by workers>base @gkaissisCaught ForceObjectDelete called by workers>base @gkaissisCaught ForceObjectDelete called by workers>base @gkaissisCaught ForceObjectDelete called by workers>base @gkaissisCaught ForceObjectDelete called by workers>base @gkaissisCaught ForceObjectDelete called by workers>base @gkaissisCaught ForceObjectDelete called by workers>base @gkaissisCaught ForceObjectDelete called by workers>base @gkaissisCaught ForceObjectDelete called by workers>base @gkaissisCaught ForceObjectDelete called by workers>base @gkaissisCaught ForceObjectDelete called by workers>base @gkaissisCaught ForceObjectDelete called by workers>base @gkaissisCaught ForceObjectDelete called by workers>base @gkaissisCaught ForceObjectDelete called by workers>base @gkaissisCaught ForceObjectDelete called by workers>base @gkaissisCaught ForceObjectDelete called by workers>base @gkaissisCaught ForceObjectDelete called by workers>base @gkaissisCaught ForceObjectDelete called by workers>base @gkaissisCaught ForceObjectDelete called by workers>base @gkaissisCaught ForceObjectDelete called by workers>base @gkaissisCaught ForceObjectDelete called by workers>base @gkaissisCaught ForceObjectDelete called by workers>base @gkaissisCaught ForceObjectDelete called by workers>base @gkaissisCaught ForceObjectDelete called by workers>base @gkaissisCaught ForceObjectDelete called by workers>base @gkaissisCaught ForceObjectDelete called by workers>base @gkaissisCaught ForceObjectDelete called by workers>base @gkaissisCaught ForceObjectDelete called by workers>base @gkaissisCaught ForceObjectDelete called by workers>base @gkaissisCaught ForceObjectDelete called by workers>base @gkaissisCaught ForceObjectDelete called by workers>base @gkaissisCaught ForceObjectDelete called by workers>base @gkaissisCaught ForceObjectDelete called by workers>base @gkaissisCaught ForceObjectDelete called by workers>base @gkaissisCaught ForceObjectDelete called by workers>base @gkaissisCaught ForceObjectDelete called by workers>base @gkaissisCaught ForceObjectDelete called by workers>base @gkaissisCaught ForceObjectDelete called by workers>base @gkaissisCaught ForceObjectDelete called by workers>base @gkaissisCaught ForceObjectDelete called by workers>base @gkaissisCaught ForceObjectDelete called by workers>base @gkaissisCaught ForceObjectDelete called by workers>base @gkaissisCaught ForceObjectDelete called by workers>base @gkaissisCaught ForceObjectDelete called by workers>base @gkaissisCaught ForceObjectDelete called by workers>base @gkaissisCaught ForceObjectDelete called by workers>base @gkaissisCaught ForceObjectDelete called by workers>base @gkaissisCaught ForceObjectDelete called by workers>base @gkaissisCaught ForceObjectDelete called by workers>base @gkaissisCaught ForceObjectDelete called by workers>base @gkaissisCaught ForceObjectDelete called by workers>base @gkaissisCaught ForceObjectDelete called by workers>base @gkaissisCaught ForceObjectDelete called by workers>base @gkaissisCaught ForceObjectDelete called by workers>base @gkaissisCaught ForceObjectDelete called by workers>base @gkaissisCaught ForceObjectDelete called by workers>base @gkaissisCaught ForceObjectDelete called by workers>base @gkaissisCaught ForceObjectDelete called by workers>base @gkaissisCaught ForceObjectDelete called by workers>base @gkaissisCaught ForceObjectDelete called by workers>base @gkaissisCaught ForceObjectDelete called by workers>base @gkaissisCaught ForceObjectDelete called by workers>base @gkaissisCaught ForceObjectDelete called by workers>base @gkaissisCaught ForceObjectDelete called by workers>base @gkaissisCaught ForceObjectDelete called by workers>base @gkaissisCaught ForceObjectDelete called by workers>base @gkaissisCaught ForceObjectDelete called by workers>base @gkaissisCaught ForceObjectDelete called by workers>base @gkaissisCaught ForceObjectDelete called by workers>base @gkaissisCaught ForceObjectDelete called by workers>base @gkaissisCaught ForceObjectDelete called by workers>base @gkaissisCaught ForceObjectDelete called by workers>base @gkaissisCaught ForceObjectDelete called by workers>base @gkaissisCaught ForceObjectDelete called by workers>base @gkaissisCaught ForceObjectDelete called by workers>base @gkaissisCaught ForceObjectDelete called by workers>base @gkaissisCaught ForceObjectDelete called by workers>base @gkaissisCaught ForceObjectDelete called by workers>base @gkaissisCaught ForceObjectDelete called by workers>base @gkaissisCaught ForceObjectDelete called by workers>base @gkaissisCaught ForceObjectDelete called by workers>base @gkaissisCaught ForceObjectDelete called by workers>base @gkaissisCaught ForceObjectDelete called by workers>base @gkaissisCaught ForceObjectDelete called by workers>base @gkaissisCaught ForceObjectDelete called by workers>base @gkaissisCaught ForceObjectDelete called by workers>base @gkaissisCaught ForceObjectDelete called by workers>base @gkaissisCaught ForceObjectDelete called by workers>base @gkaissisCaught ForceObjectDelete called by workers>base @gkaissisCaught ForceObjectDelete called by workers>base @gkaissisCaught ForceObjectDelete called by workers>base @gkaissisCaught ForceObjectDelete called by workers>base @gkaissisCaught ForceObjectDelete called by workers>base @gkaissisCaught ForceObjectDelete called by workers>base @gkaissisCaught ForceObjectDelete called by workers>base @gkaissisCaught ForceObjectDelete called by workers>base @gkaissisCaught ForceObjectDelete called by workers>base @gkaissisCaught ForceObjectDelete called by workers>base @gkaissisCaught ForceObjectDelete called by workers>base @gkaissisCaught ForceObjectDelete called by workers>base @gkaissisCaught ForceObjectDelete called by workers>base @gkaissisCaught ForceObjectDelete called by workers>base @gkaissisCaught ForceObjectDelete called by workers>base @gkaissisCaught ForceObjectDelete called by workers>base @gkaissisCaught ForceObjectDelete called by workers>base @gkaissisCaught ForceObjectDelete called by workers>base @gkaissisCaught ForceObjectDelete called by workers>base @gkaissisCaught ForceObjectDelete called by workers>base @gkaissisCaught ForceObjectDelete called by workers>base @gkaissisCaught ForceObjectDelete called by workers>base @gkaissisCaught ForceObjectDelete called by workers>base @gkaissisCaught ForceObjectDelete called by workers>base @gkaissisCaught ForceObjectDelete called by workers>base @gkaissisCaught ForceObjectDelete called by workers>base @gkaissisCaught ForceObjectDelete called by workers>base @gkaissisCaught ForceObjectDelete called by workers>base @gkaissisCaught ForceObjectDelete called by workers>base @gkaissisCaught ForceObjectDelete called by workers>base @gkaissisCaught ForceObjectDelete called by workers>base @gkaissisCaught ForceObjectDelete called by workers>base @gkaissisCaught ForceObjectDelete called by workers>base @gkaissisCaught ForceObjectDelete called by workers>base @gkaissisCaught ForceObjectDelete called by workers>base @gkaissisCaught ForceObjectDelete called by workers>base @gkaissisCaught ForceObjectDelete called by workers>base @gkaissisCaught ForceObjectDelete called by workers>base @gkaissisCaught ForceObjectDelete called by workers>base @gkaissisCaught ForceObjectDelete called by workers>base @gkaissisCaught ForceObjectDelete called by workers>base @gkaissisCaught ForceObjectDelete called by workers>base @gkaissisCaught ForceObjectDelete called by workers>base @gkaissisCaught ForceObjectDelete called by workers>base @gkaissisCaught ForceObjectDelete called by workers>base @gkaissisCaught ForceObjectDelete called by workers>base @gkaissisCaught ForceObjectDelete called by workers>base @gkaissisCaught ForceObjectDelete called by workers>base @gkaissisCaught ForceObjectDelete called by workers>base @gkaissisCaught ForceObjectDelete called by workers>base @gkaissisCaught ForceObjectDelete called by workers>base @gkaissisCaught ForceObjectDelete called by workers>base @gkaissisCaught ForceObjectDelete called by workers>base @gkaissisCaught ForceObjectDelete called by workers>base @gkaissisCaught ForceObjectDelete called by workers>base @gkaissisCaught ForceObjectDelete called by workers>base @gkaissisCaught ForceObjectDelete called by workers>base @gkaissisCaught ForceObjectDelete called by workers>base @gkaissisCaught ForceObjectDelete called by workers>base @gkaissisCaught ForceObjectDelete called by workers>base @gkaissisCaught ForceObjectDelete called by workers>base @gkaissisCaught ForceObjectDelete called by workers>base @gkaissisCaught ForceObjectDelete called by workers>base @gkaissisCaught ForceObjectDelete called by workers>base @gkaissisCaught ForceObjectDelete called by workers>base @gkaissisCaught ForceObjectDelete called by workers>base @gkaissisCaught ForceObjectDelete called by workers>base @gkaissisCaught ForceObjectDelete called by workers>base @gkaissisCaught ForceObjectDelete called by workers>base @gkaissisCaught ForceObjectDelete called by workers>base @gkaissisCaught ForceObjectDelete called by workers>base @gkaissisCaught ForceObjectDelete called by workers>base @gkaissisCaught ForceObjectDelete called by workers>base @gkaissisCaught ForceObjectDelete called by workers>base @gkaissisCaught ForceObjectDelete called by workers>base @gkaissisCaught ForceObjectDelete called by workers>base @gkaissisCaught ForceObjectDelete called by workers>base @gkaissisCaught ForceObjectDelete called by workers>base @gkaissisCaught ForceObjectDelete called by workers>base @gkaissisCaught ForceObjectDelete called by workers>base @gkaissisCaught ForceObjectDelete called by workers>base @gkaissisCaught ForceObjectDelete called by workers>base @gkaissisCaught ForceObjectDelete called by workers>base @gkaissisCaught ForceObjectDelete called by workers>base @gkaissisCaught ForceObjectDelete called by workers>base @gkaissisCaught ForceObjectDelete called by workers>base @gkaissisCaught ForceObjectDelete called by workers>base @gkaissisCaught ForceObjectDelete called by workers>base @gkaissisCaught ForceObjectDelete called by workers>base @gkaissisCaught ForceObjectDelete called by workers>base @gkaissisCaught ForceObjectDelete called by workers>base @gkaissisCaught ForceObjectDelete called by workers>base @gkaissisCaught ForceObjectDelete called by workers>base @gkaissisCaught ForceObjectDelete called by workers>base @gkaissisCaught ForceObjectDelete called by workers>base @gkaissisCaught ForceObjectDelete called by workers>base @gkaissisCaught ForceObjectDelete called by workers>base @gkaissisCaught ForceObjectDelete called by workers>base @gkaissisCaught ForceObjectDelete called by workers>base @gkaissisCaught ForceObjectDelete called by workers>base @gkaissisCaught ForceObjectDelete called by workers>base @gkaissisCaught ForceObjectDelete called by workers>base @gkaissisCaught ForceObjectDelete called by workers>base @gkaissisCaught ForceObjectDelete called by workers>base @gkaissisCaught ForceObjectDelete called by workers>base @gkaissisCaught ForceObjectDelete called by workers>base @gkaissisCaught ForceObjectDelete called by workers>base @gkaissisCaught ForceObjectDelete called by workers>base @gkaissisCaught ForceObjectDelete called by workers>base @gkaissisCaught ForceObjectDelete called by workers>base @gkaissisCaught ForceObjectDelete called by workers>base @gkaissisCaught ForceObjectDelete called by workers>base @gkaissisCaught ForceObjectDelete called by workers>base @gkaissisCaught ForceObjectDelete called by workers>base @gkaissisCaught ForceObjectDelete called by workers>base @gkaissisCaught ForceObjectDelete called by workers>base @gkaissisCaught ForceObjectDelete called by workers>base @gkaissisCaught ForceObjectDelete called by workers>base @gkaissisCaught ForceObjectDelete called by workers>base @gkaissisCaught ForceObjectDelete called by workers>base @gkaissisCaught ForceObjectDelete called by workers>base @gkaissisCaught ForceObjectDelete called by workers>base @gkaissisCaught ForceObjectDelete called by workers>base @gkaissisCaught ForceObjectDelete called by workers>base @gkaissisCaught ForceObjectDelete called by workers>base @gkaissisCaught ForceObjectDelete called by workers>base @gkaissisCaught ForceObjectDelete called by workers>base @gkaissisCaught ForceObjectDelete called by workers>base @gkaissisCaught ForceObjectDelete called by workers>base @gkaissisCaught ForceObjectDelete called by workers>base @gkaissisCaught ForceObjectDelete called by workers>base @gkaissisCaught ForceObjectDelete called by workers>base @gkaissisCaught ForceObjectDelete called by workers>base @gkaissisCaught ForceObjectDelete called by workers>base @gkaissisCaught ForceObjectDelete called by workers>base @gkaissisCaught ForceObjectDelete called by workers>base @gkaissisCaught ForceObjectDelete called by workers>base @gkaissisCaught ForceObjectDelete called by workers>base @gkaissisCaught ForceObjectDelete called by workers>base @gkaissisCaught ForceObjectDelete called by workers>base @gkaissisCaught ForceObjectDelete called by workers>base @gkaissisCaught ForceObjectDelete called by workers>base @gkaissisCaught ForceObjectDelete called by workers>base @gkaissisCaught ForceObjectDelete called by workers>base @gkaissisCaught ForceObjectDelete called by workers>base @gkaissisCaught ForceObjectDelete called by workers>base @gkaissisCaught ForceObjectDelete called by workers>base @gkaissisCaught ForceObjectDelete called by workers>base @gkaissisCaught ForceObjectDelete called by workers>base @gkaissisCaught ForceObjectDelete called by workers>base @gkaissisCaught ForceObjectDelete called by workers>base @gkaissisCaught ForceObjectDelete called by workers>base @gkaissisCaught ForceObjectDelete called by workers>base @gkaissisCaught ForceObjectDelete called by workers>base @gkaissisCaught ForceObjectDelete called by workers>base @gkaissisCaught ForceObjectDelete called by workers>base @gkaissisCaught ForceObjectDelete called by workers>base @gkaissisCaught ForceObjectDelete called by workers>base @gkaissisCaught ForceObjectDelete called by workers>base @gkaissisCaught ForceObjectDelete called by workers>base @gkaissisCaught ForceObjectDelete called by workers>base @gkaissisCaught ForceObjectDelete called by workers>base @gkaissisCaught ForceObjectDelete called by workers>base @gkaissisCaught ForceObjectDelete called by workers>base @gkaissisCaught ForceObjectDelete called by workers>base @gkaissisCaught ForceObjectDelete called by workers>base @gkaissisCaught ForceObjectDelete called by workers>base @gkaissisCaught ForceObjectDelete called by workers>base @gkaissisCaught ForceObjectDelete called by workers>base @gkaissisCaught ForceObjectDelete called by workers>base @gkaissisCaught ForceObjectDelete called by workers>base @gkaissisCaught ForceObjectDelete called by workers>base @gkaissisCaught ForceObjectDelete called by workers>base @gkaissisCaught ForceObjectDelete called by workers>base @gkaissisCaught ForceObjectDelete called by workers>base @gkaissisCaught ForceObjectDelete called by workers>base @gkaissisCaught ForceObjectDelete called by workers>base @gkaissisCaught ForceObjectDelete called by workers>base @gkaissisCaught ForceObjectDelete called by workers>base @gkaissisCaught ForceObjectDelete called by workers>base @gkaissisCaught ForceObjectDelete called by workers>base @gkaissisCaught ForceObjectDelete called by workers>base @gkaissisCaught ForceObjectDelete called by workers>base @gkaissisCaught ForceObjectDelete called by workers>base @gkaissisCaught ForceObjectDelete called by workers>base @gkaissisCaught ForceObjectDelete called by workers>base @gkaissisCaught ForceObjectDelete called by workers>base @gkaissisCaught ForceObjectDelete called by workers>base @gkaissisCaught ForceObjectDelete called by workers>base @gkaissisCaught ForceObjectDelete called by workers>base @gkaissisCaught ForceObjectDelete called by workers>base @gkaissisCaught ForceObjectDelete called by workers>base @gkaissisCaught ForceObjectDelete called by workers>base @gkaissisCaught ForceObjectDelete called by workers>base @gkaissisCaught ForceObjectDelete called by workers>base @gkaissisCaught ForceObjectDelete called by workers>base @gkaissisCaught ForceObjectDelete called by workers>base @gkaissisCaught ForceObjectDelete called by workers>base @gkaissisCaught ForceObjectDelete called by workers>base @gkaissisCaught ForceObjectDelete called by workers>base @gkaissisCaught ForceObjectDelete called by workers>base @gkaissisCaught ForceObjectDelete called by workers>base @gkaissisCaught ForceObjectDelete called by workers>base @gkaissisCaught ForceObjectDelete called by workers>base @gkaissisCaught ForceObjectDelete called by workers>base @gkaissisCaught ForceObjectDelete called by workers>base @gkaissisCaught ForceObjectDelete called by workers>base @gkaissisCaught ForceObjectDelete called by workers>base @gkaissisCaught ForceObjectDelete called by workers>base @gkaissisCaught ForceObjectDelete called by workers>base @gkaissisCaught ForceObjectDelete called by workers>base @gkaissisCaught ForceObjectDelete called by workers>base @gkaissisCaught ForceObjectDelete called by workers>base @gkaissisCaught ForceObjectDelete called by workers>base @gkaissisCaught ForceObjectDelete called by workers>base @gkaissisCaught ForceObjectDelete called by workers>base @gkaissisCaught ForceObjectDelete called by workers>base @gkaissisCaught ForceObjectDelete called by workers>base @gkaissisCaught ForceObjectDelete called by workers>base @gkaissisCaught ForceObjectDelete called by workers>base @gkaissisCaught ForceObjectDelete called by workers>base @gkaissisCaught ForceObjectDelete called by workers>base @gkaissisCaught ForceObjectDelete called by workers>base @gkaissisCaught ForceObjectDelete called by workers>base @gkaissisCaught ForceObjectDelete called by workers>base @gkaissisCaught ForceObjectDelete called by workers>base @gkaissisCaught ForceObjectDelete called by workers>base @gkaissisCaught ForceObjectDelete called by workers>base @gkaissisCaught ForceObjectDelete called by workers>base @gkaissisCaught ForceObjectDelete called by workers>base @gkaissisCaught ForceObjectDelete called by workers>base @gkaissisCaught ForceObjectDelete called by workers>base @gkaissisCaught ForceObjectDelete called by workers>base @gkaissisCaught ForceObjectDelete called by workers>base @gkaissisCaught ForceObjectDelete called by workers>base @gkaissisCaught ForceObjectDelete called by workers>base @gkaissisCaught ForceObjectDelete called by workers>base @gkaissisCaught ForceObjectDelete called by workers>base @gkaissisCaught ForceObjectDelete called by workers>base @gkaissisCaught ForceObjectDelete called by workers>base @gkaissisCaught ForceObjectDelete called by workers>base @gkaissisCaught ForceObjectDelete called by workers>base @gkaissisCaught ForceObjectDelete called by workers>base @gkaissisCaught ForceObjectDelete called by workers>base @gkaissisCaught ForceObjectDelete called by workers>base @gkaissisCaught ForceObjectDelete called by workers>base @gkaissisCaught ForceObjectDelete called by workers>base @gkaissisCaught ForceObjectDelete called by workers>base @gkaissisCaught ForceObjectDelete called by workers>base @gkaissisCaught ForceObjectDelete called by workers>base @gkaissisCaught ForceObjectDelete called by workers>base @gkaissisCaught ForceObjectDelete called by workers>base @gkaissisCaught ForceObjectDelete called by workers>base @gkaissisCaught ForceObjectDelete called by workers>base @gkaissisCaught ForceObjectDelete called by workers>base @gkaissisCaught ForceObjectDelete called by workers>base @gkaissisCaught ForceObjectDelete called by workers>base @gkaissisCaught ForceObjectDelete called by workers>base @gkaissisCaught ForceObjectDelete called by workers>base @gkaissisCaught ForceObjectDelete called by workers>base @gkaissisCaught ForceObjectDelete called by workers>base @gkaissisCaught ForceObjectDelete called by workers>base @gkaissisCaught ForceObjectDelete called by workers>base @gkaissisCaught ForceObjectDelete called by workers>base @gkaissisCaught ForceObjectDelete called by workers>base @gkaissisCaught ForceObjectDelete called by workers>base @gkaissisCaught ForceObjectDelete called by workers>base @gkaissisCaught ForceObjectDelete called by workers>base @gkaissisCaught ForceObjectDelete called by workers>base @gkaissisCaught ForceObjectDelete called by workers>base @gkaissisCaught ForceObjectDelete called by workers>base @gkaissisCaught ForceObjectDelete called by workers>base @gkaissisCaught ForceObjectDelete called by workers>base @gkaissisCaught ForceObjectDelete called by workers>base @gkaissisCaught ForceObjectDelete called by workers>base @gkaissisCaught ForceObjectDelete called by workers>base @gkaissisCaught ForceObjectDelete called by workers>base @gkaissisCaught ForceObjectDelete called by workers>base @gkaissisCaught ForceObjectDelete called by workers>base @gkaissisCaught ForceObjectDelete called by workers>base @gkaissisCaught ForceObjectDelete called by workers>base @gkaissisCaught ForceObjectDelete called by workers>base @gkaissisCaught ForceObjectDelete called by workers>base @gkaissisCaught ForceObjectDelete called by workers>base @gkaissisCaught ForceObjectDelete called by workers>base @gkaissisCaught ForceObjectDelete called by workers>base @gkaissisCaught ForceObjectDelete called by workers>base @gkaissisCaught ForceObjectDelete called by workers>base @gkaissisCaught ForceObjectDelete called by workers>base @gkaissisCaught ForceObjectDelete called by workers>base @gkaissisCaught ForceObjectDelete called by workers>base @gkaissisCaught ForceObjectDelete called by workers>base @gkaissisCaught ForceObjectDelete called by workers>base @gkaissisCaught ForceObjectDelete called by workers>base @gkaissisCaught ForceObjectDelete called by workers>base @gkaissisCaught ForceObjectDelete called by workers>base @gkaissisCaught ForceObjectDelete called by workers>base @gkaissisCaught ForceObjectDelete called by workers>base @gkaissisCaught ForceObjectDelete called by workers>base @gkaissisCaught ForceObjectDelete called by workers>base @gkaissisCaught ForceObjectDelete called by workers>base @gkaissisCaught ForceObjectDelete called by workers>base @gkaissisCaught ForceObjectDelete called by workers>base @gkaissisCaught ForceObjectDelete called by workers>base @gkaissisCaught ForceObjectDelete called by workers>base @gkaissisCaught ForceObjectDelete called by workers>base @gkaissisCaught ForceObjectDelete called by workers>base @gkaissisCaught ForceObjectDelete called by workers>base @gkaissisCaught ForceObjectDelete called by workers>base @gkaissisCaught ForceObjectDelete called by workers>base @gkaissisCaught ForceObjectDelete called by workers>base @gkaissisCaught ForceObjectDelete called by workers>base @gkaissisCaught ForceObjectDelete called by workers>base @gkaissisCaught ForceObjectDelete called by workers>base @gkaissisCaught ForceObjectDelete called by workers>base @gkaissisCaught ForceObjectDelete called by workers>base @gkaissisCaught ForceObjectDelete called by workers>base @gkaissisCaught ForceObjectDelete called by workers>base @gkaissisCaught ForceObjectDelete called by workers>base @gkaissisCaught ForceObjectDelete called by workers>base @gkaissisCaught ForceObjectDelete called by workers>base @gkaissisCaught ForceObjectDelete called by workers>base @gkaissisCaught ForceObjectDelete called by workers>base @gkaissisCaught ForceObjectDelete called by workers>base @gkaissisCaught ForceObjectDelete called by workers>base @gkaissisCaught ForceObjectDelete called by workers>base @gkaissisCaught ForceObjectDelete called by workers>base @gkaissisCaught ForceObjectDelete called by workers>base @gkaissisCaught ForceObjectDelete called by workers>base @gkaissisCaught ForceObjectDelete called by workers>base @gkaissisCaught ForceObjectDelete called by workers>base @gkaissisCaught ForceObjectDelete called by workers>base @gkaissisCaught ForceObjectDelete called by workers>base @gkaissisCaught ForceObjectDelete called by workers>base @gkaissisCaught ForceObjectDelete called by workers>base @gkaissisCaught ForceObjectDelete called by workers>base @gkaissisCaught ForceObjectDelete called by workers>base @gkaissisCaught ForceObjectDelete called by workers>base @gkaissisCaught ForceObjectDelete called by workers>base @gkaissisCaught ForceObjectDelete called by workers>base @gkaissisCaught ForceObjectDelete called by workers>base @gkaissisCaught ForceObjectDelete called by workers>base @gkaissisCaught ForceObjectDelete called by workers>base @gkaissisCaught ForceObjectDelete called by workers>base @gkaissisCaught ForceObjectDelete called by workers>base @gkaissisCaught ForceObjectDelete called by workers>base @gkaissisCaught ForceObjectDelete called by workers>base @gkaissisCaught ForceObjectDelete called by workers>base @gkaissisCaught ForceObjectDelete called by workers>base @gkaissisCaught ForceObjectDelete called by workers>base @gkaissisCaught ForceObjectDelete called by workers>base @gkaissisCaught ForceObjectDelete called by workers>base @gkaissisCaught ForceObjectDelete called by workers>base @gkaissisCaught ForceObjectDelete called by workers>base @gkaissisCaught ForceObjectDelete called by workers>base @gkaissisCaught ForceObjectDelete called by workers>base @gkaissisCaught ForceObjectDelete called by workers>base @gkaissisCaught ForceObjectDelete called by workers>base @gkaissisCaught ForceObjectDelete called by workers>base @gkaissisCaught ForceObjectDelete called by workers>base @gkaissisCaught ForceObjectDelete called by workers>base @gkaissisCaught ForceObjectDelete called by workers>base @gkaissisCaught ForceObjectDelete called by workers>base @gkaissisCaught ForceObjectDelete called by workers>base @gkaissisCaught ForceObjectDelete called by workers>base @gkaissisCaught ForceObjectDelete called by workers>base @gkaissisCaught ForceObjectDelete called by workers>base @gkaissisCaught ForceObjectDelete called by workers>base @gkaissisCaught ForceObjectDelete called by workers>base @gkaissisCaught ForceObjectDelete called by workers>base @gkaissisCaught ForceObjectDelete called by workers>base @gkaissisCaught ForceObjectDelete called by workers>base @gkaissisCaught ForceObjectDelete called by workers>base @gkaissisCaught ForceObjectDelete called by workers>base @gkaissisCaught ForceObjectDelete called by workers>base @gkaissisCaught ForceObjectDelete called by workers>base @gkaissisCaught ForceObjectDelete called by workers>base @gkaissisCaught ForceObjectDelete called by workers>base @gkaissisCaught ForceObjectDelete called by workers>base @gkaissisCaught ForceObjectDelete called by workers>base @gkaissisCaught ForceObjectDelete called by workers>base @gkaissisCaught ForceObjectDelete called by workers>base @gkaissisCaught ForceObjectDelete called by workers>base @gkaissisCaught ForceObjectDelete called by workers>base @gkaissisCaught ForceObjectDelete called by workers>base @gkaissisCaught ForceObjectDelete called by workers>base @gkaissisCaught ForceObjectDelete called by workers>base @gkaissisCaught ForceObjectDelete called by workers>base @gkaissisCaught ForceObjectDelete called by workers>base @gkaissisCaught ForceObjectDelete called by workers>base @gkaissisCaught ForceObjectDelete called by workers>base @gkaissisCaught ForceObjectDelete called by workers>base @gkaissisCaught ForceObjectDelete called by workers>base @gkaissisCaught ForceObjectDelete called by workers>base @gkaissisCaught ForceObjectDelete called by workers>base @gkaissisCaught ForceObjectDelete called by workers>base @gkaissisCaught ForceObjectDelete called by workers>base @gkaissisCaught ForceObjectDelete called by workers>base @gkaissisCaught ForceObjectDelete called by workers>base @gkaissisCaught ForceObjectDelete called by workers>base @gkaissisCaught ForceObjectDelete called by workers>base @gkaissisCaught ForceObjectDelete called by workers>base @gkaissisCaught ForceObjectDelete called by workers>base @gkaissisCaught ForceObjectDelete called by workers>base @gkaissisCaught ForceObjectDelete called by workers>base @gkaissisCaught ForceObjectDelete called by workers>base @gkaissisCaught ForceObjectDelete called by workers>base @gkaissisCaught ForceObjectDelete called by workers>base @gkaissisCaught ForceObjectDelete called by workers>base @gkaissisCaught ForceObjectDelete called by workers>base @gkaissisCaught ForceObjectDelete called by workers>base @gkaissisCaught ForceObjectDelete called by workers>base @gkaissisCaught ForceObjectDelete called by workers>base @gkaissisCaught ForceObjectDelete called by workers>base @gkaissisCaught ForceObjectDelete called by workers>base @gkaissisCaught ForceObjectDelete called by workers>base @gkaissisCaught ForceObjectDelete called by workers>base @gkaissisCaught ForceObjectDelete called by workers>base @gkaissisCaught ForceObjectDelete called by workers>base @gkaissisCaught ForceObjectDelete called by workers>base @gkaissisCaught ForceObjectDelete called by workers>base @gkaissisCaught ForceObjectDelete called by workers>base @gkaissisCaught ForceObjectDelete called by workers>base @gkaissisCaught ForceObjectDelete called by workers>base @gkaissisCaught ForceObjectDelete called by workers>base @gkaissisCaught ForceObjectDelete called by workers>base @gkaissisCaught ForceObjectDelete called by workers>base @gkaissisCaught ForceObjectDelete called by workers>base @gkaissisCaught ForceObjectDelete called by workers>base @gkaissisCaught ForceObjectDelete called by workers>base @gkaissisCaught ForceObjectDelete called by workers>base @gkaissisCaught ForceObjectDelete called by workers>base @gkaissisCaught ForceObjectDelete called by workers>base @gkaissisCaught ForceObjectDelete called by workers>base @gkaissisCaught ForceObjectDelete called by workers>base @gkaissisCaught ForceObjectDelete called by workers>base @gkaissisCaught ForceObjectDelete called by workers>base @gkaissisCaught ForceObjectDelete called by workers>base @gkaissisCaught ForceObjectDelete called by workers>base @gkaissisCaught ForceObjectDelete called by workers>base @gkaissisCaught ForceObjectDelete called by workers>base @gkaissisCaught ForceObjectDelete called by workers>base @gkaissisCaught ForceObjectDelete called by workers>base @gkaissisCaught ForceObjectDelete called by workers>base @gkaissisCaught ForceObjectDelete called by workers>base @gkaissisCaught ForceObjectDelete called by workers>base @gkaissisCaught ForceObjectDelete called by workers>base @gkaissisCaught ForceObjectDelete called by workers>base @gkaissisCaught ForceObjectDelete called by workers>base @gkaissisCaught ForceObjectDelete called by workers>base @gkaissisCaught ForceObjectDelete called by workers>base @gkaissisCaught ForceObjectDelete called by workers>base @gkaissisCaught ForceObjectDelete called by workers>base @gkaissisCaught ForceObjectDelete called by workers>base @gkaissisCaught ForceObjectDelete called by workers>base @gkaissisCaught ForceObjectDelete called by workers>base @gkaissisCaught ForceObjectDelete called by workers>base @gkaissisCaught ForceObjectDelete called by workers>base @gkaissisCaught ForceObjectDelete called by workers>base @gkaissisCaught ForceObjectDelete called by workers>base @gkaissisCaught ForceObjectDelete called by workers>base @gkaissisCaught ForceObjectDelete called by workers>base @gkaissisCaught ForceObjectDelete called by workers>base @gkaissisCaught ForceObjectDelete called by workers>base @gkaissisCaught ForceObjectDelete called by workers>base @gkaissisCaught ForceObjectDelete called by workers>base @gkaissisCaught ForceObjectDelete called by workers>base @gkaissisCaught ForceObjectDelete called by workers>base @gkaissisCaught ForceObjectDelete called by workers>base @gkaissisCaught ForceObjectDelete called by workers>base @gkaissisCaught ForceObjectDelete called by workers>base @gkaissisCaught ForceObjectDelete called by workers>base @gkaissisCaught ForceObjectDelete called by workers>base @gkaissisCaught ForceObjectDelete called by workers>base @gkaissisCaught ForceObjectDelete called by workers>base @gkaissisCaught ForceObjectDelete called by workers>base @gkaissisCaught ForceObjectDelete called by workers>base @gkaissisCaught ForceObjectDelete called by workers>base @gkaissisCaught ForceObjectDelete called by workers>base @gkaissisCaught ForceObjectDelete called by workers>base @gkaissisCaught ForceObjectDelete called by workers>base @gkaissisCaught ForceObjectDelete called by workers>base @gkaissisCaught ForceObjectDelete called by workers>base @gkaissisCaught ForceObjectDelete called by workers>base @gkaissisCaught ForceObjectDelete called by workers>base @gkaissisCaught ForceObjectDelete called by workers>base @gkaissisCaught ForceObjectDelete called by workers>base @gkaissisCaught ForceObjectDelete called by workers>base @gkaissisCaught ForceObjectDelete called by workers>base @gkaissisCaught ForceObjectDelete called by workers>base @gkaissisCaught ForceObjectDelete called by workers>base @gkaissisCaught ForceObjectDelete called by workers>base @gkaissisCaught ForceObjectDelete called by workers>base @gkaissisCaught ForceObjectDelete called by workers>base @gkaissisCaught ForceObjectDelete called by workers>base @gkaissisCaught ForceObjectDelete called by workers>base @gkaissisCaught ForceObjectDelete called by workers>base @gkaissisCaught ForceObjectDelete called by workers>base @gkaissisCaught ForceObjectDelete called by workers>base @gkaissisCaught ForceObjectDelete called by workers>base @gkaissisCaught ForceObjectDelete called by workers>base @gkaissisCaught ForceObjectDelete called by workers>base @gkaissisCaught ForceObjectDelete called by workers>base @gkaissisCaught ForceObjectDelete called by workers>base @gkaissisCaught ForceObjectDelete called by workers>base @gkaissisCaught ForceObjectDelete called by workers>base @gkaissisCaught ForceObjectDelete called by workers>base @gkaissisCaught ForceObjectDelete called by workers>base @gkaissisCaught ForceObjectDelete called by workers>base @gkaissisCaught ForceObjectDelete called by workers>base @gkaissisCaught ForceObjectDelete called by workers>base @gkaissisCaught ForceObjectDelete called by workers>base @gkaissisCaught ForceObjectDelete called by workers>base @gkaissisCaught ForceObjectDelete called by workers>base @gkaissisCaught ForceObjectDelete called by workers>base @gkaissisCaught ForceObjectDelete called by workers>base @gkaissisCaught ForceObjectDelete called by workers>base @gkaissisCaught ForceObjectDelete called by workers>base @gkaissisCaught ForceObjectDelete called by workers>base @gkaissisCaught ForceObjectDelete called by workers>base @gkaissisCaught ForceObjectDelete called by workers>base @gkaissisCaught ForceObjectDelete called by workers>base @gkaissisCaught ForceObjectDelete called by workers>base @gkaissisCaught ForceObjectDelete called by workers>base @gkaissisCaught ForceObjectDelete called by workers>base @gkaissisCaught ForceObjectDelete called by workers>base @gkaissisCaught ForceObjectDelete called by workers>base @gkaissisCaught ForceObjectDelete called by workers>base @gkaissisCaught ForceObjectDelete called by workers>base @gkaissisCaught ForceObjectDelete called by workers>base @gkaissisCaught ForceObjectDelete called by workers>base @gkaissisCaught ForceObjectDelete called by workers>base @gkaissisCaught ForceObjectDelete called by workers>base @gkaissisCaught ForceObjectDelete called by workers>base @gkaissisCaught ForceObjectDelete called by workers>base @gkaissisCaught ForceObjectDelete called by workers>base @gkaissisCaught ForceObjectDelete called by workers>base @gkaissisCaught ForceObjectDelete called by workers>base @gkaissisCaught ForceObjectDelete called by workers>base @gkaissisCaught ForceObjectDelete called by workers>base @gkaissisCaught ForceObjectDelete called by workers>base @gkaissisCaught ForceObjectDelete called by workers>base @gkaissisCaught ForceObjectDelete called by workers>base @gkaissisCaught ForceObjectDelete called by workers>base @gkaissisCaught ForceObjectDelete called by workers>base @gkaissisCaught ForceObjectDelete called by workers>base @gkaissisCaught ForceObjectDelete called by workers>base @gkaissisCaught ForceObjectDelete called by workers>base @gkaissisCaught ForceObjectDelete called by workers>base @gkaissisCaught ForceObjectDelete called by workers>base @gkaissisCaught ForceObjectDelete called by workers>base @gkaissisCaught ForceObjectDelete called by workers>base @gkaissisCaught ForceObjectDelete called by workers>base @gkaissisCaught ForceObjectDelete called by workers>base @gkaissisCaught ForceObjectDelete called by workers>base @gkaissisCaught ForceObjectDelete called by workers>base @gkaissisCaught ForceObjectDelete called by workers>base @gkaissisCaught ForceObjectDelete called by workers>base @gkaissisCaught ForceObjectDelete called by workers>base @gkaissisCaught ForceObjectDelete called by workers>base @gkaissisCaught ForceObjectDelete called by workers>base @gkaissisCaught ForceObjectDelete called by workers>base @gkaissisCaught ForceObjectDelete called by workers>base @gkaissisCaught ForceObjectDelete called by workers>base @gkaissisCaught ForceObjectDelete called by workers>base @gkaissisCaught ForceObjectDelete called by workers>base @gkaissisCaught ForceObjectDelete called by workers>base @gkaissisCaught ForceObjectDelete called by workers>base @gkaissisCaught ForceObjectDelete called by workers>base @gkaissisCaught ForceObjectDelete called by workers>base @gkaissisCaught ForceObjectDelete called by workers>base @gkaissisCaught ForceObjectDelete called by workers>base @gkaissisCaught ForceObjectDelete called by workers>base @gkaissisCaught ForceObjectDelete called by workers>base @gkaissisCaught ForceObjectDelete called by workers>base @gkaissisCaught ForceObjectDelete called by workers>base @gkaissisCaught ForceObjectDelete called by workers>base @gkaissisCaught ForceObjectDelete called by workers>base @gkaissisCaught ForceObjectDelete called by workers>base @gkaissisCaught ForceObjectDelete called by workers>base @gkaissisCaught ForceObjectDelete called by workers>base @gkaissisCaught ForceObjectDelete called by workers>base @gkaissisCaught ForceObjectDelete called by workers>base @gkaissisCaught ForceObjectDelete called by workers>base @gkaissisCaught ForceObjectDelete called by workers>base @gkaissisCaught ForceObjectDelete called by workers>base @gkaissisCaught ForceObjectDelete called by workers>base @gkaissisCaught ForceObjectDelete called by workers>base @gkaissisCaught ForceObjectDelete called by workers>base @gkaissisCaught ForceObjectDelete called by workers>base @gkaissisCaught ForceObjectDelete called by workers>base @gkaissisCaught ForceObjectDelete called by workers>base @gkaissisCaught ForceObjectDelete called by workers>base @gkaissisCaught ForceObjectDelete called by workers>base @gkaissisCaught ForceObjectDelete called by workers>base @gkaissisCaught ForceObjectDelete called by workers>base @gkaissisCaught ForceObjectDelete called by workers>base @gkaissisCaught ForceObjectDelete called by workers>base @gkaissisCaught ForceObjectDelete called by workers>base @gkaissisCaught ForceObjectDelete called by workers>base @gkaissisCaught ForceObjectDelete called by workers>base @gkaissisCaught ForceObjectDelete called by workers>base @gkaissisCaught ForceObjectDelete called by workers>base @gkaissisCaught ForceObjectDelete called by workers>base @gkaissisCaught ForceObjectDelete called by workers>base @gkaissisCaught ForceObjectDelete called by workers>base @gkaissisCaught ForceObjectDelete called by workers>base @gkaissisCaught ForceObjectDelete called by workers>base @gkaissisCaught ForceObjectDelete called by workers>base @gkaissisCaught ForceObjectDelete called by workers>base @gkaissisCaught ForceObjectDelete called by workers>base @gkaissisCaught ForceObjectDelete called by workers>base @gkaissisCaught ForceObjectDelete called by workers>base @gkaissisCaught ForceObjectDelete called by workers>base @gkaissisCaught ForceObjectDelete called by workers>base @gkaissisCaught ForceObjectDelete called by workers>base @gkaissisCaught ForceObjectDelete called by workers>base @gkaissisCaught ForceObjectDelete called by workers>base @gkaissisCaught ForceObjectDelete called by workers>base @gkaissisCaught ForceObjectDelete called by workers>base @gkaissisCaught ForceObjectDelete called by workers>base @gkaissisCaught ForceObjectDelete called by workers>base @gkaissisCaught ForceObjectDelete called by workers>base @gkaissisCaught ForceObjectDelete called by workers>base @gkaissisCaught ForceObjectDelete called by workers>base @gkaissisCaught ForceObjectDelete called by workers>base @gkaissisde_register_obj called by generic>pointers>object_pointer @gkaissis
Train batch 0:  67%|██████▋   | 2/3 [00:04<00:02,  2.17s/it]Caught ForceObjectDelete called by workers>base @gkaissisCaught ForceObjectDelete called by workers>base @gkaissisCaught ForceObjectDelete called by workers>base @gkaissisCaught ForceObjectDelete called by workers>base @gkaissisCaught ForceObjectDelete called by workers>base @gkaissisCaught ForceObjectDelete called by workers>base @gkaissisCaught ForceObjectDelete called by workers>base @gkaissisCaught ForceObjectDelete called by workers>base @gkaissisCaught ForceObjectDelete called by workers>base @gkaissisCaught ForceObjectDelete called by workers>base @gkaissisCaught ForceObjectDelete called by workers>base @gkaissisCaught ForceObjectDelete called by workers>base @gkaissisCaught ForceObjectDelete called by workers>base @gkaissisCaught ForceObjectDelete called by workers>base @gkaissisCaught ForceObjectDelete called by workers>base @gkaissisCaught ForceObjectDelete called by workers>base @gkaissisCaught ForceObjectDelete called by workers>base @gkaissisCaught ForceObjectDelete called by workers>base @gkaissisCaught ForceObjectDelete called by workers>base @gkaissisCaught ForceObjectDelete called by workers>base @gkaissisCaught ForceObjectDelete called by workers>base @gkaissisCaught ForceObjectDelete called by workers>base @gkaissisCaught ForceObjectDelete called by workers>base @gkaissisCaught ForceObjectDelete called by workers>base @gkaissisCaught ForceObjectDelete called by workers>base @gkaissisCaught ForceObjectDelete called by workers>base @gkaissisCaught ForceObjectDelete called by workers>base @gkaissisCaught ForceObjectDelete called by workers>base @gkaissisCaught ForceObjectDelete called by workers>base @gkaissisCaught ForceObjectDelete called by workers>base @gkaissisCaught ForceObjectDelete called by workers>base @gkaissisCaught ForceObjectDelete called by workers>base @gkaissisCaught ForceObjectDelete called by workers>base @gkaissisCaught ForceObjectDelete called by workers>base @gkaissisCaught ForceObjectDelete called by workers>base @gkaissisCaught ForceObjectDelete called by workers>base @gkaissisCaught ForceObjectDelete called by workers>base @gkaissisCaught ForceObjectDelete called by workers>base @gkaissisCaught ForceObjectDelete called by workers>base @gkaissisCaught ForceObjectDelete called by workers>base @gkaissisCaught ForceObjectDelete called by workers>base @gkaissisCaught ForceObjectDelete called by workers>base @gkaissisCaught ForceObjectDelete called by workers>base @gkaissisCaught ForceObjectDelete called by workers>base @gkaissisCaught ForceObjectDelete called by workers>base @gkaissisCaught ForceObjectDelete called by workers>base @gkaissisCaught ForceObjectDelete called by workers>base @gkaissisCaught ForceObjectDelete called by workers>base @gkaissisCaught ForceObjectDelete called by workers>base @gkaissisCaught ForceObjectDelete called by workers>base @gkaissisCaught ForceObjectDelete called by workers>base @gkaissisCaught ForceObjectDelete called by workers>base @gkaissisCaught ForceObjectDelete called by workers>base @gkaissisCaught ForceObjectDelete called by workers>base @gkaissisCaught ForceObjectDelete called by workers>base @gkaissisCaught ForceObjectDelete called by workers>base @gkaissisCaught ForceObjectDelete called by workers>base @gkaissisCaught ForceObjectDelete called by workers>base @gkaissisCaught ForceObjectDelete called by workers>base @gkaissisCaught ForceObjectDelete called by workers>base @gkaissisCaught ForceObjectDelete called by workers>base @gkaissisCaught ForceObjectDelete called by workers>base @gkaissisCaught ForceObjectDelete called by workers>base @gkaissisCaught ForceObjectDelete called by workers>base @gkaissisCaught ForceObjectDelete called by workers>base @gkaissisCaught ForceObjectDelete called by workers>base @gkaissisCaught ForceObjectDelete called by workers>base @gkaissisCaught ForceObjectDelete called by workers>base @gkaissisCaught ForceObjectDelete called by workers>base @gkaissisCaught ForceObjectDelete called by workers>base @gkaissisCaught ForceObjectDelete called by workers>base @gkaissisCaught ForceObjectDelete called by workers>base @gkaissisCaught ForceObjectDelete called by workers>base @gkaissisCaught ForceObjectDelete called by workers>base @gkaissisCaught ForceObjectDelete called by workers>base @gkaissisCaught ForceObjectDelete called by workers>base @gkaissisCaught ForceObjectDelete called by workers>base @gkaissisCaught ForceObjectDelete called by workers>base @gkaissisCaught ForceObjectDelete called by workers>base @gkaissisCaught ForceObjectDelete called by workers>base @gkaissisCaught ForceObjectDelete called by workers>base @gkaissisCaught ForceObjectDelete called by workers>base @gkaissisCaught ForceObjectDelete called by workers>base @gkaissisCaught ForceObjectDelete called by workers>base @gkaissisCaught ForceObjectDelete called by workers>base @gkaissisCaught ForceObjectDelete called by workers>base @gkaissisCaught ForceObjectDelete called by workers>base @gkaissisCaught ForceObjectDelete called by workers>base @gkaissisCaught ForceObjectDelete called by workers>base @gkaissisCaught ForceObjectDelete called by workers>base @gkaissisCaught ForceObjectDelete called by workers>base @gkaissisCaught ForceObjectDelete called by workers>base @gkaissisCaught ForceObjectDelete called by workers>base @gkaissisCaught ForceObjectDelete called by workers>base @gkaissisCaught ForceObjectDelete called by workers>base @gkaissisCaught ForceObjectDelete called by workers>base @gkaissisCaught ForceObjectDelete called by workers>base @gkaissisCaught ForceObjectDelete called by workers>base @gkaissisCaught ForceObjectDelete called by workers>base @gkaissisCaught ForceObjectDelete called by workers>base @gkaissisCaught ForceObjectDelete called by workers>base @gkaissisCaught ForceObjectDelete called by workers>base @gkaissisCaught ForceObjectDelete called by workers>base @gkaissisCaught ForceObjectDelete called by workers>base @gkaissisCaught ForceObjectDelete called by workers>base @gkaissisCaught ForceObjectDelete called by workers>base @gkaissisCaught ForceObjectDelete called by workers>base @gkaissisCaught ForceObjectDelete called by workers>base @gkaissisCaught ForceObjectDelete called by workers>base @gkaissisCaught ForceObjectDelete called by workers>base @gkaissisCaught ForceObjectDelete called by workers>base @gkaissisCaught ForceObjectDelete called by workers>base @gkaissisCaught ForceObjectDelete called by workers>base @gkaissisCaught ForceObjectDelete called by workers>base @gkaissisCaught ForceObjectDelete called by workers>base @gkaissisCaught ForceObjectDelete called by workers>base @gkaissisCaught ForceObjectDelete called by workers>base @gkaissisCaught ForceObjectDelete called by workers>base @gkaissisCaught ForceObjectDelete called by workers>base @gkaissisCaught ForceObjectDelete called by workers>base @gkaissisCaught ForceObjectDelete called by workers>base @gkaissisCaught ForceObjectDelete called by workers>base @gkaissisCaught ForceObjectDelete called by workers>base @gkaissisCaught ForceObjectDelete called by workers>base @gkaissisCaught ForceObjectDelete called by workers>base @gkaissisCaught ForceObjectDelete called by workers>base @gkaissisCaught ForceObjectDelete called by workers>base @gkaissisCaught ForceObjectDelete called by workers>base @gkaissisCaught ForceObjectDelete called by workers>base @gkaissisCaught ForceObjectDelete called by workers>base @gkaissisCaught ForceObjectDelete called by workers>base @gkaissisCaught ForceObjectDelete called by workers>base @gkaissisCaught ForceObjectDelete called by workers>base @gkaissisCaught ForceObjectDelete called by workers>base @gkaissisCaught ForceObjectDelete called by workers>base @gkaissisCaught ForceObjectDelete called by workers>base @gkaissisCaught ForceObjectDelete called by workers>base @gkaissisCaught ForceObjectDelete called by workers>base @gkaissisCaught ForceObjectDelete called by workers>base @gkaissisCaught ForceObjectDelete called by workers>base @gkaissisCaught ForceObjectDelete called by workers>base @gkaissisCaught ForceObjectDelete called by workers>base @gkaissisCaught ForceObjectDelete called by workers>base @gkaissisCaught ForceObjectDelete called by workers>base @gkaissisCaught ForceObjectDelete called by workers>base @gkaissisCaught ForceObjectDelete called by workers>base @gkaissisCaught ForceObjectDelete called by workers>base @gkaissisCaught ForceObjectDelete called by workers>base @gkaissisCaught ForceObjectDelete called by workers>base @gkaissisCaught ForceObjectDelete called by workers>base @gkaissisCaught ForceObjectDelete called by workers>base @gkaissisCaught ForceObjectDelete called by workers>base @gkaissisCaught ForceObjectDelete called by workers>base @gkaissisCaught ForceObjectDelete called by workers>base @gkaissisCaught ForceObjectDelete called by workers>base @gkaissisCaught ForceObjectDelete called by workers>base @gkaissisCaught ForceObjectDelete called by workers>base @gkaissisCaught ForceObjectDelete called by workers>base @gkaissisCaught ForceObjectDelete called by workers>base @gkaissisCaught ForceObjectDelete called by workers>base @gkaissisCaught ForceObjectDelete called by workers>base @gkaissisCaught ForceObjectDelete called by workers>base @gkaissisCaught ForceObjectDelete called by workers>base @gkaissisCaught ForceObjectDelete called by workers>base @gkaissisCaught ForceObjectDelete called by workers>base @gkaissisCaught ForceObjectDelete called by workers>base @gkaissisCaught ForceObjectDelete called by workers>base @gkaissisCaught ForceObjectDelete called by workers>base @gkaissisCaught ForceObjectDelete called by workers>base @gkaissisCaught ForceObjectDelete called by workers>base @gkaissisCaught ForceObjectDelete called by workers>base @gkaissisCaught ForceObjectDelete called by workers>base @gkaissisCaught ForceObjectDelete called by workers>base @gkaissisCaught ForceObjectDelete called by workers>base @gkaissisCaught ForceObjectDelete called by workers>base @gkaissisCaught ForceObjectDelete called by workers>base @gkaissisCaught ForceObjectDelete called by workers>base @gkaissisCaught ForceObjectDelete called by workers>base @gkaissisCaught ForceObjectDelete called by workers>base @gkaissisCaught ForceObjectDelete called by workers>base @gkaissisCaught ForceObjectDelete called by workers>base @gkaissisCaught ForceObjectDelete called by workers>base @gkaissisCaught ForceObjectDelete called by workers>base @gkaissisCaught ForceObjectDelete called by workers>base @gkaissisCaught ForceObjectDelete called by workers>base @gkaissisCaught ForceObjectDelete called by workers>base @gkaissisCaught ForceObjectDelete called by workers>base @gkaissisCaught ForceObjectDelete called by workers>base @gkaissisCaught ForceObjectDelete called by workers>base @gkaissisCaught ForceObjectDelete called by workers>base @gkaissisCaught ForceObjectDelete called by workers>base @gkaissisCaught ForceObjectDelete called by workers>base @gkaissisCaught ForceObjectDelete called by workers>base @gkaissisCaught ForceObjectDelete called by workers>base @gkaissisCaught ForceObjectDelete called by workers>base @gkaissisCaught ForceObjectDelete called by workers>base @gkaissisCaught ForceObjectDelete called by workers>base @gkaissisCaught ForceObjectDelete called by workers>base @gkaissisCaught ForceObjectDelete called by workers>base @gkaissisCaught ForceObjectDelete called by workers>base @gkaissisCaught ForceObjectDelete called by workers>base @gkaissisCaught ForceObjectDelete called by workers>base @gkaissisCaught ForceObjectDelete called by workers>base @gkaissisCaught ForceObjectDelete called by workers>base @gkaissisCaught ForceObjectDelete called by workers>base @gkaissisCaught ForceObjectDelete called by workers>base @gkaissisCaught ForceObjectDelete called by workers>base @gkaissisCaught ForceObjectDelete called by workers>base @gkaissisCaught ForceObjectDelete called by workers>base @gkaissisCaught ForceObjectDelete called by workers>base @gkaissisCaught ForceObjectDelete called by workers>base @gkaissisCaught ForceObjectDelete called by workers>base @gkaissisCaught ForceObjectDelete called by workers>base @gkaissisCaught ForceObjectDelete called by workers>base @gkaissisCaught ForceObjectDelete called by workers>base @gkaissisCaught ForceObjectDelete called by workers>base @gkaissisCaught ForceObjectDelete called by workers>base @gkaissisCaught ForceObjectDelete called by workers>base @gkaissisCaught ForceObjectDelete called by workers>base @gkaissisCaught ForceObjectDelete called by workers>base @gkaissisCaught ForceObjectDelete called by workers>base @gkaissisCaught ForceObjectDelete called by workers>base @gkaissisCaught ForceObjectDelete called by workers>base @gkaissisCaught ForceObjectDelete called by workers>base @gkaissisCaught ForceObjectDelete called by workers>base @gkaissisCaught ForceObjectDelete called by workers>base @gkaissisCaught ForceObjectDelete called by workers>base @gkaissisCaught ForceObjectDelete called by workers>base @gkaissisCaught ForceObjectDelete called by workers>base @gkaissisCaught ForceObjectDelete called by workers>base @gkaissisCaught ForceObjectDelete called by workers>base @gkaissisCaught ForceObjectDelete called by workers>base @gkaissisCaught ForceObjectDelete called by workers>base @gkaissisCaught ForceObjectDelete called by workers>base @gkaissisCaught ForceObjectDelete called by workers>base @gkaissisCaught ForceObjectDelete called by workers>base @gkaissisCaught ForceObjectDelete called by workers>base @gkaissisCaught ForceObjectDelete called by workers>base @gkaissisCaught ForceObjectDelete called by workers>base @gkaissisCaught ForceObjectDelete called by workers>base @gkaissisCaught ForceObjectDelete called by workers>base @gkaissisCaught ForceObjectDelete called by workers>base @gkaissisCaught ForceObjectDelete called by workers>base @gkaissisCaught ForceObjectDelete called by workers>base @gkaissisCaught ForceObjectDelete called by workers>base @gkaissisCaught ForceObjectDelete called by workers>base @gkaissisCaught ForceObjectDelete called by workers>base @gkaissisCaught ForceObjectDelete called by workers>base @gkaissisCaught ForceObjectDelete called by workers>base @gkaissisCaught ForceObjectDelete called by workers>base @gkaissisCaught ForceObjectDelete called by workers>base @gkaissisCaught ForceObjectDelete called by workers>base @gkaissisCaught ForceObjectDelete called by workers>base @gkaissisCaught ForceObjectDelete called by workers>base @gkaissisCaught ForceObjectDelete called by workers>base @gkaissisCaught ForceObjectDelete called by workers>base @gkaissisCaught ForceObjectDelete called by workers>base @gkaissisCaught ForceObjectDelete called by workers>base @gkaissisCaught ForceObjectDelete called by workers>base @gkaissisCaught ForceObjectDelete called by workers>base @gkaissisCaught ForceObjectDelete called by workers>base @gkaissisCaught ForceObjectDelete called by workers>base @gkaissisCaught ForceObjectDelete called by workers>base @gkaissisCaught ForceObjectDelete called by workers>base @gkaissisCaught ForceObjectDelete called by workers>base @gkaissisCaught ForceObjectDelete called by workers>base @gkaissisCaught ForceObjectDelete called by workers>base @gkaissisCaught ForceObjectDelete called by workers>base @gkaissisCaught ForceObjectDelete called by workers>base @gkaissisCaught ForceObjectDelete called by workers>base @gkaissisCaught ForceObjectDelete called by workers>base @gkaissisCaught ForceObjectDelete called by workers>base @gkaissisCaught ForceObjectDelete called by workers>base @gkaissisCaught ForceObjectDelete called by workers>base @gkaissisCaught ForceObjectDelete called by workers>base @gkaissisCaught ForceObjectDelete called by workers>base @gkaissisCaught ForceObjectDelete called by workers>base @gkaissisCaught ForceObjectDelete called by workers>base @gkaissisCaught ForceObjectDelete called by workers>base @gkaissisCaught ForceObjectDelete called by workers>base @gkaissisCaught ForceObjectDelete called by workers>base @gkaissisCaught ForceObjectDelete called by workers>base @gkaissisCaught ForceObjectDelete called by workers>base @gkaissisCaught ForceObjectDelete called by workers>base @gkaissisCaught ForceObjectDelete called by workers>base @gkaissisCaught ForceObjectDelete called by workers>base @gkaissisCaught ForceObjectDelete called by workers>base @gkaissisCaught ForceObjectDelete called by workers>base @gkaissisCaught ForceObjectDelete called by workers>base @gkaissisCaught ForceObjectDelete called by workers>base @gkaissisCaught ForceObjectDelete called by workers>base @gkaissisCaught ForceObjectDelete called by workers>base @gkaissisCaught ForceObjectDelete called by workers>base @gkaissisCaught ForceObjectDelete called by workers>base @gkaissisCaught ForceObjectDelete called by workers>base @gkaissisCaught ForceObjectDelete called by workers>base @gkaissisCaught ForceObjectDelete called by workers>base @gkaissisCaught ForceObjectDelete called by workers>base @gkaissisCaught ForceObjectDelete called by workers>base @gkaissisCaught ForceObjectDelete called by workers>base @gkaissisCaught ForceObjectDelete called by workers>base @gkaissisCaught ForceObjectDelete called by workers>base @gkaissisCaught ForceObjectDelete called by workers>base @gkaissisCaught ForceObjectDelete called by workers>base @gkaissisCaught ForceObjectDelete called by workers>base @gkaissisCaught ForceObjectDelete called by workers>base @gkaissisCaught ForceObjectDelete called by workers>base @gkaissisCaught ForceObjectDelete called by workers>base @gkaissisCaught ForceObjectDelete called by workers>base @gkaissisCaught ForceObjectDelete called by workers>base @gkaissisCaught ForceObjectDelete called by workers>base @gkaissisCaught ForceObjectDelete called by workers>base @gkaissisCaught ForceObjectDelete called by workers>base @gkaissisCaught ForceObjectDelete called by workers>base @gkaissisCaught ForceObjectDelete called by workers>base @gkaissisCaught ForceObjectDelete called by workers>base @gkaissisCaught ForceObjectDelete called by workers>base @gkaissisCaught ForceObjectDelete called by workers>base @gkaissisCaught ForceObjectDelete called by workers>base @gkaissisCaught ForceObjectDelete called by workers>base @gkaissisCaught ForceObjectDelete called by workers>base @gkaissisCaught ForceObjectDelete called by workers>base @gkaissisCaught ForceObjectDelete called by workers>base @gkaissisCaught ForceObjectDelete called by workers>base @gkaissisCaught ForceObjectDelete called by workers>base @gkaissisCaught ForceObjectDelete called by workers>base @gkaissisCaught ForceObjectDelete called by workers>base @gkaissisCaught ForceObjectDelete called by workers>base @gkaissisCaught ForceObjectDelete called by workers>base @gkaissisCaught ForceObjectDelete called by workers>base @gkaissisCaught ForceObjectDelete called by workers>base @gkaissisCaught ForceObjectDelete called by workers>base @gkaissisCaught ForceObjectDelete called by workers>base @gkaissisCaught ForceObjectDelete called by workers>base @gkaissisCaught ForceObjectDelete called by workers>base @gkaissisCaught ForceObjectDelete called by workers>base @gkaissisCaught ForceObjectDelete called by workers>base @gkaissisCaught ForceObjectDelete called by workers>base @gkaissisCaught ForceObjectDelete called by workers>base @gkaissisCaught ForceObjectDelete called by workers>base @gkaissisCaught ForceObjectDelete called by workers>base @gkaissisCaught ForceObjectDelete called by workers>base @gkaissisCaught ForceObjectDelete called by workers>base @gkaissisCaught ForceObjectDelete called by workers>base @gkaissisCaught ForceObjectDelete called by workers>base @gkaissisCaught ForceObjectDelete called by workers>base @gkaissisCaught ForceObjectDelete called by workers>base @gkaissisCaught ForceObjectDelete called by workers>base @gkaissisCaught ForceObjectDelete called by workers>base @gkaissisCaught ForceObjectDelete called by workers>base @gkaissisCaught ForceObjectDelete called by workers>base @gkaissisCaught ForceObjectDelete called by workers>base @gkaissisCaught ForceObjectDelete called by workers>base @gkaissisCaught ForceObjectDelete called by workers>base @gkaissisCaught ForceObjectDelete called by workers>base @gkaissisCaught ForceObjectDelete called by workers>base @gkaissisCaught ForceObjectDelete called by workers>base @gkaissisCaught ForceObjectDelete called by workers>base @gkaissisCaught ForceObjectDelete called by workers>base @gkaissisCaught ForceObjectDelete called by workers>base @gkaissisCaught ForceObjectDelete called by workers>base @gkaissisCaught ForceObjectDelete called by workers>base @gkaissisCaught ForceObjectDelete called by workers>base @gkaissisCaught ForceObjectDelete called by workers>base @gkaissisCaught ForceObjectDelete called by workers>base @gkaissisCaught ForceObjectDelete called by workers>base @gkaissisCaught ForceObjectDelete called by workers>base @gkaissisCaught ForceObjectDelete called by workers>base @gkaissisCaught ForceObjectDelete called by workers>base @gkaissisCaught ForceObjectDelete called by workers>base @gkaissisCaught ForceObjectDelete called by workers>base @gkaissisCaught ForceObjectDelete called by workers>base @gkaissisCaught ForceObjectDelete called by workers>base @gkaissisCaught ForceObjectDelete called by workers>base @gkaissisCaught ForceObjectDelete called by workers>base @gkaissisCaught ForceObjectDelete called by workers>base @gkaissisCaught ForceObjectDelete called by workers>base @gkaissisCaught ForceObjectDelete called by workers>base @gkaissisCaught ForceObjectDelete called by workers>base @gkaissisCaught ForceObjectDelete called by workers>base @gkaissisCaught ForceObjectDelete called by workers>base @gkaissisCaught ForceObjectDelete called by workers>base @gkaissisCaught ForceObjectDelete called by workers>base @gkaissisCaught ForceObjectDelete called by workers>base @gkaissisCaught ForceObjectDelete called by workers>base @gkaissisCaught ForceObjectDelete called by workers>base @gkaissisCaught ForceObjectDelete called by workers>base @gkaissisCaught ForceObjectDelete called by workers>base @gkaissisCaught ForceObjectDelete called by workers>base @gkaissisCaught ForceObjectDelete called by workers>base @gkaissisCaught ForceObjectDelete called by workers>base @gkaissisCaught ForceObjectDelete called by workers>base @gkaissisCaught ForceObjectDelete called by workers>base @gkaissisCaught ForceObjectDelete called by workers>base @gkaissisCaught ForceObjectDelete called by workers>base @gkaissisCaught ForceObjectDelete called by workers>base @gkaissisCaught ForceObjectDelete called by workers>base @gkaissisCaught ForceObjectDelete called by workers>base @gkaissisCaught ForceObjectDelete called by workers>base @gkaissisCaught ForceObjectDelete called by workers>base @gkaissisCaught ForceObjectDelete called by workers>base @gkaissisCaught ForceObjectDelete called by workers>base @gkaissisCaught ForceObjectDelete called by workers>base @gkaissisCaught ForceObjectDelete called by workers>base @gkaissisCaught ForceObjectDelete called by workers>base @gkaissisCaught ForceObjectDelete called by workers>base @gkaissisCaught ForceObjectDelete called by workers>base @gkaissisCaught ForceObjectDelete called by workers>base @gkaissisCaught ForceObjectDelete called by workers>base @gkaissisCaught ForceObjectDelete called by workers>base @gkaissisCaught ForceObjectDelete called by workers>base @gkaissisCaught ForceObjectDelete called by workers>base @gkaissisCaught ForceObjectDelete called by workers>base @gkaissisCaught ForceObjectDelete called by workers>base @gkaissisCaught ForceObjectDelete called by workers>base @gkaissisCaught ForceObjectDelete called by workers>base @gkaissisCaught ForceObjectDelete called by workers>base @gkaissisCaught ForceObjectDelete called by workers>base @gkaissisCaught ForceObjectDelete called by workers>base @gkaissisCaught ForceObjectDelete called by workers>base @gkaissisCaught ForceObjectDelete called by workers>base @gkaissisCaught ForceObjectDelete called by workers>base @gkaissisCaught ForceObjectDelete called by workers>base @gkaissisCaught ForceObjectDelete called by workers>base @gkaissisCaught ForceObjectDelete called by workers>base @gkaissisCaught ForceObjectDelete called by workers>base @gkaissisCaught ForceObjectDelete called by workers>base @gkaissisCaught ForceObjectDelete called by workers>base @gkaissisCaught ForceObjectDelete called by workers>base @gkaissisCaught ForceObjectDelete called by workers>base @gkaissisCaught ForceObjectDelete called by workers>base @gkaissisCaught ForceObjectDelete called by workers>base @gkaissisCaught ForceObjectDelete called by workers>base @gkaissisCaught ForceObjectDelete called by workers>base @gkaissisCaught ForceObjectDelete called by workers>base @gkaissisCaught ForceObjectDelete called by workers>base @gkaissisCaught ForceObjectDelete called by workers>base @gkaissisCaught ForceObjectDelete called by workers>base @gkaissisCaught ForceObjectDelete called by workers>base @gkaissisCaught ForceObjectDelete called by workers>base @gkaissisCaught ForceObjectDelete called by workers>base @gkaissisCaught ForceObjectDelete called by workers>base @gkaissisCaught ForceObjectDelete called by workers>base @gkaissisCaught ForceObjectDelete called by workers>base @gkaissisCaught ForceObjectDelete called by workers>base @gkaissisCaught ForceObjectDelete called by workers>base @gkaissisCaught ForceObjectDelete called by workers>base @gkaissisCaught ForceObjectDelete called by workers>base @gkaissisCaught ForceObjectDelete called by workers>base @gkaissisCaught ForceObjectDelete called by workers>base @gkaissisCaught ForceObjectDelete called by workers>base @gkaissisCaught ForceObjectDelete called by workers>base @gkaissisCaught ForceObjectDelete called by workers>base @gkaissisCaught ForceObjectDelete called by workers>base @gkaissisCaught ForceObjectDelete called by workers>base @gkaissisCaught ForceObjectDelete called by workers>base @gkaissisCaught ForceObjectDelete called by workers>base @gkaissisCaught ForceObjectDelete called by workers>base @gkaissisCaught ForceObjectDelete called by workers>base @gkaissisCaught ForceObjectDelete called by workers>base @gkaissisCaught ForceObjectDelete called by workers>base @gkaissisCaught ForceObjectDelete called by workers>base @gkaissisCaught ForceObjectDelete called by workers>base @gkaissisCaught ForceObjectDelete called by workers>base @gkaissisCaught ForceObjectDelete called by workers>base @gkaissisCaught ForceObjectDelete called by workers>base @gkaissisCaught ForceObjectDelete called by workers>base @gkaissisCaught ForceObjectDelete called by workers>base @gkaissisCaught ForceObjectDelete called by workers>base @gkaissisCaught ForceObjectDelete called by workers>base @gkaissisCaught ForceObjectDelete called by workers>base @gkaissisCaught ForceObjectDelete called by workers>base @gkaissisCaught ForceObjectDelete called by workers>base @gkaissisCaught ForceObjectDelete called by workers>base @gkaissisCaught ForceObjectDelete called by workers>base @gkaissisCaught ForceObjectDelete called by workers>base @gkaissisCaught ForceObjectDelete called by workers>base @gkaissisCaught ForceObjectDelete called by workers>base @gkaissisCaught ForceObjectDelete called by workers>base @gkaissisCaught ForceObjectDelete called by workers>base @gkaissisCaught ForceObjectDelete called by workers>base @gkaissisCaught ForceObjectDelete called by workers>base @gkaissisCaught ForceObjectDelete called by workers>base @gkaissisCaught ForceObjectDelete called by workers>base @gkaissisCaught ForceObjectDelete called by workers>base @gkaissisCaught ForceObjectDelete called by workers>base @gkaissisCaught ForceObjectDelete called by workers>base @gkaissisCaught ForceObjectDelete called by workers>base @gkaissisCaught ForceObjectDelete called by workers>base @gkaissisCaught ForceObjectDelete called by workers>base @gkaissisCaught ForceObjectDelete called by workers>base @gkaissisCaught ForceObjectDelete called by workers>base @gkaissisCaught ForceObjectDelete called by workers>base @gkaissisCaught ForceObjectDelete called by workers>base @gkaissisCaught ForceObjectDelete called by workers>base @gkaissisCaught ForceObjectDelete called by workers>base @gkaissisCaught ForceObjectDelete called by workers>base @gkaissisCaught ForceObjectDelete called by workers>base @gkaissisCaught ForceObjectDelete called by workers>base @gkaissisCaught ForceObjectDelete called by workers>base @gkaissisCaught ForceObjectDelete called by workers>base @gkaissisCaught ForceObjectDelete called by workers>base @gkaissisCaught ForceObjectDelete called by workers>base @gkaissisCaught ForceObjectDelete called by workers>base @gkaissisCaught ForceObjectDelete called by workers>base @gkaissisCaught ForceObjectDelete called by workers>base @gkaissisCaught ForceObjectDelete called by workers>base @gkaissisCaught ForceObjectDelete called by workers>base @gkaissisCaught ForceObjectDelete called by workers>base @gkaissisCaught ForceObjectDelete called by workers>base @gkaissisCaught ForceObjectDelete called by workers>base @gkaissisCaught ForceObjectDelete called by workers>base @gkaissisCaught ForceObjectDelete called by workers>base @gkaissisCaught ForceObjectDelete called by workers>base @gkaissisCaught ForceObjectDelete called by workers>base @gkaissisCaught ForceObjectDelete called by workers>base @gkaissisCaught ForceObjectDelete called by workers>base @gkaissisCaught ForceObjectDelete called by workers>base @gkaissisCaught ForceObjectDelete called by workers>base @gkaissisCaught ForceObjectDelete called by workers>base @gkaissisCaught ForceObjectDelete called by workers>base @gkaissisCaught ForceObjectDelete called by workers>base @gkaissisCaught ForceObjectDelete called by workers>base @gkaissisCaught ForceObjectDelete called by workers>base @gkaissisCaught ForceObjectDelete called by workers>base @gkaissisCaught ForceObjectDelete called by workers>base @gkaissisCaught ForceObjectDelete called by workers>base @gkaissisCaught ForceObjectDelete called by workers>base @gkaissisCaught ForceObjectDelete called by workers>base @gkaissisCaught ForceObjectDelete called by workers>base @gkaissisCaught ForceObjectDelete called by workers>base @gkaissisCaught ForceObjectDelete called by workers>base @gkaissisCaught ForceObjectDelete called by workers>base @gkaissisCaught ForceObjectDelete called by workers>base @gkaissisCaught ForceObjectDelete called by workers>base @gkaissisCaught ForceObjectDelete called by workers>base @gkaissisCaught ForceObjectDelete called by workers>base @gkaissisCaught ForceObjectDelete called by workers>base @gkaissisCaught ForceObjectDelete called by workers>base @gkaissisCaught ForceObjectDelete called by workers>base @gkaissisCaught ForceObjectDelete called by workers>base @gkaissisCaught ForceObjectDelete called by workers>base @gkaissisCaught ForceObjectDelete called by workers>base @gkaissisCaught ForceObjectDelete called by workers>base @gkaissisCaught ForceObjectDelete called by workers>base @gkaissisCaught ForceObjectDelete called by workers>base @gkaissisCaught ForceObjectDelete called by workers>base @gkaissisCaught ForceObjectDelete called by workers>base @gkaissisCaught ForceObjectDelete called by workers>base @gkaissisCaught ForceObjectDelete called by workers>base @gkaissisCaught ForceObjectDelete called by workers>base @gkaissisCaught ForceObjectDelete called by workers>base @gkaissisCaught ForceObjectDelete called by workers>base @gkaissisCaught ForceObjectDelete called by workers>base @gkaissisCaught ForceObjectDelete called by workers>base @gkaissisCaught ForceObjectDelete called by workers>base @gkaissisCaught ForceObjectDelete called by workers>base @gkaissisCaught ForceObjectDelete called by workers>base @gkaissisCaught ForceObjectDelete called by workers>base @gkaissisCaught ForceObjectDelete called by workers>base @gkaissisCaught ForceObjectDelete called by workers>base @gkaissisCaught ForceObjectDelete called by workers>base @gkaissisCaught ForceObjectDelete called by workers>base @gkaissisCaught ForceObjectDelete called by workers>base @gkaissisCaught ForceObjectDelete called by workers>base @gkaissisCaught ForceObjectDelete called by workers>base @gkaissisCaught ForceObjectDelete called by workers>base @gkaissisCaught ForceObjectDelete called by workers>base @gkaissisCaught ForceObjectDelete called by workers>base @gkaissisCaught ForceObjectDelete called by workers>base @gkaissisCaught ForceObjectDelete called by workers>base @gkaissisCaught ForceObjectDelete called by workers>base @gkaissisCaught ForceObjectDelete called by workers>base @gkaissisCaught ForceObjectDelete called by workers>base @gkaissisCaught ForceObjectDelete called by workers>base @gkaissisCaught ForceObjectDelete called by workers>base @gkaissisCaught ForceObjectDelete called by workers>base @gkaissisCaught ForceObjectDelete called by workers>base @gkaissisCaught ForceObjectDelete called by workers>base @gkaissisCaught ForceObjectDelete called by workers>base @gkaissisCaught ForceObjectDelete called by workers>base @gkaissisCaught ForceObjectDelete called by workers>base @gkaissisCaught ForceObjectDelete called by workers>base @gkaissisCaught ForceObjectDelete called by workers>base @gkaissisCaught ForceObjectDelete called by workers>base @gkaissisCaught ForceObjectDelete called by workers>base @gkaissisCaught ForceObjectDelete called by workers>base @gkaissisCaught ForceObjectDelete called by workers>base @gkaissisCaught ForceObjectDelete called by workers>base @gkaissisCaught ForceObjectDelete called by workers>base @gkaissisCaught ForceObjectDelete called by workers>base @gkaissisCaught ForceObjectDelete called by workers>base @gkaissisCaught ForceObjectDelete called by workers>base @gkaissisCaught ForceObjectDelete called by workers>base @gkaissisCaught ForceObjectDelete called by workers>base @gkaissisCaught ForceObjectDelete called by workers>base @gkaissisCaught ForceObjectDelete called by workers>base @gkaissisCaught ForceObjectDelete called by workers>base @gkaissisCaught ForceObjectDelete called by workers>base @gkaissisCaught ForceObjectDelete called by workers>base @gkaissisCaught ForceObjectDelete called by workers>base @gkaissisCaught ForceObjectDelete called by workers>base @gkaissisCaught ForceObjectDelete called by workers>base @gkaissisCaught ForceObjectDelete called by workers>base @gkaissisCaught ForceObjectDelete called by workers>base @gkaissisCaught ForceObjectDelete called by workers>base @gkaissisCaught ForceObjectDelete called by workers>base @gkaissisCaught ForceObjectDelete called by workers>base @gkaissisCaught ForceObjectDelete called by workers>base @gkaissisCaught ForceObjectDelete called by workers>base @gkaissisCaught ForceObjectDelete called by workers>base @gkaissisCaught ForceObjectDelete called by workers>base @gkaissisCaught ForceObjectDelete called by workers>base @gkaissisCaught ForceObjectDelete called by workers>base @gkaissisCaught ForceObjectDelete called by workers>base @gkaissisCaught ForceObjectDelete called by workers>base @gkaissisCaught ForceObjectDelete called by workers>base @gkaissisCaught ForceObjectDelete called by workers>base @gkaissisCaught ForceObjectDelete called by workers>base @gkaissisCaught ForceObjectDelete called by workers>base @gkaissisCaught ForceObjectDelete called by workers>base @gkaissisCaught ForceObjectDelete called by workers>base @gkaissisCaught ForceObjectDelete called by workers>base @gkaissisCaught ForceObjectDelete called by workers>base @gkaissisCaught ForceObjectDelete called by workers>base @gkaissisCaught ForceObjectDelete called by workers>base @gkaissisCaught ForceObjectDelete called by workers>base @gkaissisCaught ForceObjectDelete called by workers>base @gkaissisCaught ForceObjectDelete called by workers>base @gkaissisCaught ForceObjectDelete called by workers>base @gkaissisCaught ForceObjectDelete called by workers>base @gkaissisCaught ForceObjectDelete called by workers>base @gkaissisCaught ForceObjectDelete called by workers>base @gkaissisCaught ForceObjectDelete called by workers>base @gkaissisCaught ForceObjectDelete called by workers>base @gkaissisCaught ForceObjectDelete called by workers>base @gkaissisCaught ForceObjectDelete called by workers>base @gkaissisCaught ForceObjectDelete called by workers>base @gkaissisCaught ForceObjectDelete called by workers>base @gkaissisCaught ForceObjectDelete called by workers>base @gkaissisCaught ForceObjectDelete called by workers>base @gkaissisCaught ForceObjectDelete called by workers>base @gkaissisCaught ForceObjectDelete called by workers>base @gkaissisCaught ForceObjectDelete called by workers>base @gkaissisCaught ForceObjectDelete called by workers>base @gkaissisCaught ForceObjectDelete called by workers>base @gkaissisCaught ForceObjectDelete called by workers>base @gkaissisCaught ForceObjectDelete called by workers>base @gkaissisCaught ForceObjectDelete called by workers>base @gkaissisCaught ForceObjectDelete called by workers>base @gkaissisCaught ForceObjectDelete called by workers>base @gkaissisCaught ForceObjectDelete called by workers>base @gkaissisCaught ForceObjectDelete called by workers>base @gkaissisCaught ForceObjectDelete called by workers>base @gkaissisCaught ForceObjectDelete called by workers>base @gkaissisCaught ForceObjectDelete called by workers>base @gkaissisCaught ForceObjectDelete called by workers>base @gkaissisCaught ForceObjectDelete called by workers>base @gkaissisCaught ForceObjectDelete called by workers>base @gkaissisCaught ForceObjectDelete called by workers>base @gkaissisCaught ForceObjectDelete called by workers>base @gkaissisCaught ForceObjectDelete called by workers>base @gkaissisCaught ForceObjectDelete called by workers>base @gkaissisCaught ForceObjectDelete called by workers>base @gkaissisCaught ForceObjectDelete called by workers>base @gkaissisCaught ForceObjectDelete called by workers>base @gkaissisCaught ForceObjectDelete called by workers>base @gkaissisCaught ForceObjectDelete called by workers>base @gkaissisCaught ForceObjectDelete called by workers>base @gkaissisCaught ForceObjectDelete called by workers>base @gkaissisCaught ForceObjectDelete called by workers>base @gkaissisCaught ForceObjectDelete called by workers>base @gkaissisCaught ForceObjectDelete called by workers>base @gkaissisCaught ForceObjectDelete called by workers>base @gkaissisCaught ForceObjectDelete called by workers>base @gkaissisCaught ForceObjectDelete called by workers>base @gkaissisCaught ForceObjectDelete called by workers>base @gkaissisCaught ForceObjectDelete called by workers>base @gkaissisCaught ForceObjectDelete called by workers>base @gkaissisCaught ForceObjectDelete called by workers>base @gkaissisCaught ForceObjectDelete called by workers>base @gkaissisCaught ForceObjectDelete called by workers>base @gkaissisCaught ForceObjectDelete called by workers>base @gkaissisCaught ForceObjectDelete called by workers>base @gkaissisCaught ForceObjectDelete called by workers>base @gkaissisCaught ForceObjectDelete called by workers>base @gkaissisCaught ForceObjectDelete called by workers>base @gkaissisCaught ForceObjectDelete called by workers>base @gkaissisCaught ForceObjectDelete called by workers>base @gkaissisCaught ForceObjectDelete called by workers>base @gkaissisCaught ForceObjectDelete called by workers>base @gkaissisCaught ForceObjectDelete called by workers>base @gkaissisCaught ForceObjectDelete called by workers>base @gkaissisCaught ForceObjectDelete called by workers>base @gkaissisCaught ForceObjectDelete called by workers>base @gkaissisCaught ForceObjectDelete called by workers>base @gkaissisCaught ForceObjectDelete called by workers>base @gkaissisCaught ForceObjectDelete called by workers>base @gkaissisCaught ForceObjectDelete called by workers>base @gkaissisCaught ForceObjectDelete called by workers>base @gkaissisCaught ForceObjectDelete called by workers>base @gkaissisCaught ForceObjectDelete called by workers>base @gkaissisCaught ForceObjectDelete called by workers>base @gkaissisCaught ForceObjectDelete called by workers>base @gkaissisCaught ForceObjectDelete called by workers>base @gkaissisCaught ForceObjectDelete called by workers>base @gkaissisCaught ForceObjectDelete called by workers>base @gkaissisCaught ForceObjectDelete called by workers>base @gkaissisCaught ForceObjectDelete called by workers>base @gkaissisCaught ForceObjectDelete called by workers>base @gkaissisCaught ForceObjectDelete called by workers>base @gkaissisCaught ForceObjectDelete called by workers>base @gkaissisCaught ForceObjectDelete called by workers>base @gkaissisCaught ForceObjectDelete called by workers>base @gkaissisCaught ForceObjectDelete called by workers>base @gkaissisCaught ForceObjectDelete called by workers>base @gkaissisCaught ForceObjectDelete called by workers>base @gkaissisCaught ForceObjectDelete called by workers>base @gkaissisCaught ForceObjectDelete called by workers>base @gkaissisCaught ForceObjectDelete called by workers>base @gkaissisCaught ForceObjectDelete called by workers>base @gkaissisCaught ForceObjectDelete called by workers>base @gkaissisCaught ForceObjectDelete called by workers>base @gkaissisCaught ForceObjectDelete called by workers>base @gkaissisCaught ForceObjectDelete called by workers>base @gkaissisCaught ForceObjectDelete called by workers>base @gkaissisCaught ForceObjectDelete called by workers>base @gkaissisCaught ForceObjectDelete called by workers>base @gkaissisCaught ForceObjectDelete called by workers>base @gkaissisCaught ForceObjectDelete called by workers>base @gkaissisCaught ForceObjectDelete called by workers>base @gkaissisCaught ForceObjectDelete called by workers>base @gkaissisCaught ForceObjectDelete called by workers>base @gkaissisCaught ForceObjectDelete called by workers>base @gkaissisCaught ForceObjectDelete called by workers>base @gkaissisCaught ForceObjectDelete called by workers>base @gkaissisCaught ForceObjectDelete called by workers>base @gkaissisCaught ForceObjectDelete called by workers>base @gkaissisCaught ForceObjectDelete called by workers>base @gkaissisCaught ForceObjectDelete called by workers>base @gkaissisCaught ForceObjectDelete called by workers>base @gkaissisCaught ForceObjectDelete called by workers>base @gkaissisCaught ForceObjectDelete called by workers>base @gkaissisCaught ForceObjectDelete called by workers>base @gkaissisCaught ForceObjectDelete called by workers>base @gkaissisCaught ForceObjectDelete called by workers>base @gkaissisCaught ForceObjectDelete called by workers>base @gkaissisCaught ForceObjectDelete called by workers>base @gkaissisCaught ForceObjectDelete called by workers>base @gkaissisCaught ForceObjectDelete called by workers>base @gkaissisCaught ForceObjectDelete called by workers>base @gkaissisCaught ForceObjectDelete called by workers>base @gkaissisCaught ForceObjectDelete called by workers>base @gkaissisCaught ForceObjectDelete called by workers>base @gkaissisCaught ForceObjectDelete called by workers>base @gkaissisCaught ForceObjectDelete called by workers>base @gkaissisCaught ForceObjectDelete called by workers>base @gkaissisCaught ForceObjectDelete called by workers>base @gkaissisCaught ForceObjectDelete called by workers>base @gkaissisCaught ForceObjectDelete called by workers>base @gkaissisCaught ForceObjectDelete called by workers>base @gkaissisCaught ForceObjectDelete called by workers>base @gkaissisCaught ForceObjectDelete called by workers>base @gkaissisCaught ForceObjectDelete called by workers>base @gkaissisCaught ForceObjectDelete called by workers>base @gkaissisCaught ForceObjectDelete called by workers>base @gkaissisCaught ForceObjectDelete called by workers>base @gkaissisCaught ForceObjectDelete called by workers>base @gkaissisCaught ForceObjectDelete called by workers>base @gkaissisCaught ForceObjectDelete called by workers>base @gkaissisCaught ForceObjectDelete called by workers>base @gkaissisCaught ForceObjectDelete called by workers>base @gkaissisCaught ForceObjectDelete called by workers>base @gkaissisCaught ForceObjectDelete called by workers>base @gkaissisCaught ForceObjectDelete called by workers>base @gkaissisCaught ForceObjectDelete called by workers>base @gkaissisCaught ForceObjectDelete called by workers>base @gkaissisCaught ForceObjectDelete called by workers>base @gkaissisCaught ForceObjectDelete called by workers>base @gkaissisCaught ForceObjectDelete called by workers>base @gkaissisCaught ForceObjectDelete called by workers>base @gkaissisCaught ForceObjectDelete called by workers>base @gkaissisCaught ForceObjectDelete called by workers>base @gkaissisCaught ForceObjectDelete called by workers>base @gkaissisCaught ForceObjectDelete called by workers>base @gkaissisCaught ForceObjectDelete called by workers>base @gkaissisCaught ForceObjectDelete called by workers>base @gkaissisCaught ForceObjectDelete called by workers>base @gkaissisCaught ForceObjectDelete called by workers>base @gkaissisCaught ForceObjectDelete called by workers>base @gkaissisCaught ForceObjectDelete called by workers>base @gkaissisCaught ForceObjectDelete called by workers>base @gkaissisCaught ForceObjectDelete called by workers>base @gkaissisCaught ForceObjectDelete called by workers>base @gkaissisCaught ForceObjectDelete called by workers>base @gkaissisCaught ForceObjectDelete called by workers>base @gkaissisCaught ForceObjectDelete called by workers>base @gkaissisCaught ForceObjectDelete called by workers>base @gkaissisCaught ForceObjectDelete called by workers>base @gkaissisCaught ForceObjectDelete called by workers>base @gkaissisCaught ForceObjectDelete called by workers>base @gkaissisCaught ForceObjectDelete called by workers>base @gkaissisCaught ForceObjectDelete called by workers>base @gkaissisCaught ForceObjectDelete called by workers>base @gkaissisCaught ForceObjectDelete called by workers>base @gkaissisCaught ForceObjectDelete called by workers>base @gkaissisCaught ForceObjectDelete called by workers>base @gkaissisCaught ForceObjectDelete called by workers>base @gkaissisCaught ForceObjectDelete called by workers>base @gkaissisCaught ForceObjectDelete called by workers>base @gkaissisCaught ForceObjectDelete called by workers>base @gkaissisCaught ForceObjectDelete called by workers>base @gkaissisCaught ForceObjectDelete called by workers>base @gkaissisCaught ForceObjectDelete called by workers>base @gkaissisCaught ForceObjectDelete called by workers>base @gkaissisCaught ForceObjectDelete called by workers>base @gkaissisCaught ForceObjectDelete called by workers>base @gkaissisCaught ForceObjectDelete called by workers>base @gkaissisCaught ForceObjectDelete called by workers>base @gkaissisCaught ForceObjectDelete called by workers>base @gkaissisCaught ForceObjectDelete called by workers>base @gkaissisCaught ForceObjectDelete called by workers>base @gkaissisCaught ForceObjectDelete called by workers>base @gkaissisCaught ForceObjectDelete called by workers>base @gkaissisCaught ForceObjectDelete called by workers>base @gkaissisCaught ForceObjectDelete called by workers>base @gkaissisCaught ForceObjectDelete called by workers>base @gkaissisCaught ForceObjectDelete called by workers>base @gkaissisCaught ForceObjectDelete called by workers>base @gkaissisCaught ForceObjectDelete called by workers>base @gkaissisCaught ForceObjectDelete called by workers>base @gkaissisCaught ForceObjectDelete called by workers>base @gkaissisCaught ForceObjectDelete called by workers>base @gkaissisCaught ForceObjectDelete called by workers>base @gkaissisCaught ForceObjectDelete called by workers>base @gkaissisCaught ForceObjectDelete called by workers>base @gkaissisCaught ForceObjectDelete called by workers>base @gkaissisCaught ForceObjectDelete called by workers>base @gkaissisCaught ForceObjectDelete called by workers>base @gkaissisCaught ForceObjectDelete called by workers>base @gkaissisCaught ForceObjectDelete called by workers>base @gkaissisCaught ForceObjectDelete called by workers>base @gkaissisCaught ForceObjectDelete called by workers>base @gkaissisCaught ForceObjectDelete called by workers>base @gkaissisCaught ForceObjectDelete called by workers>base @gkaissisCaught ForceObjectDelete called by workers>base @gkaissisCaught ForceObjectDelete called by workers>base @gkaissisCaught ForceObjectDelete called by workers>base @gkaissisCaught ForceObjectDelete called by workers>base @gkaissisCaught ForceObjectDelete called by workers>base @gkaissisCaught ForceObjectDelete called by workers>base @gkaissisCaught ForceObjectDelete called by workers>base @gkaissisCaught ForceObjectDelete called by workers>base @gkaissisCaught ForceObjectDelete called by workers>base @gkaissisCaught ForceObjectDelete called by workers>base @gkaissisCaught ForceObjectDelete called by workers>base @gkaissisCaught ForceObjectDelete called by workers>base @gkaissisCaught ForceObjectDelete called by workers>base @gkaissisCaught ForceObjectDelete called by workers>base @gkaissisCaught ForceObjectDelete called by workers>base @gkaissisCaught ForceObjectDelete called by workers>base @gkaissisCaught ForceObjectDelete called by workers>base @gkaissisCaught ForceObjectDelete called by workers>base @gkaissisCaught ForceObjectDelete called by workers>base @gkaissisCaught ForceObjectDelete called by workers>base @gkaissisCaught ForceObjectDelete called by workers>base @gkaissisCaught ForceObjectDelete called by workers>base @gkaissisCaught ForceObjectDelete called by workers>base @gkaissisCaught ForceObjectDelete called by workers>base @gkaissisCaught ForceObjectDelete called by workers>base @gkaissisCaught ForceObjectDelete called by workers>base @gkaissisCaught ForceObjectDelete called by workers>base @gkaissisCaught ForceObjectDelete called by workers>base @gkaissisCaught ForceObjectDelete called by workers>base @gkaissisCaught ForceObjectDelete called by workers>base @gkaissisCaught ForceObjectDelete called by workers>base @gkaissisCaught ForceObjectDelete called by workers>base @gkaissisCaught ForceObjectDelete called by workers>base @gkaissisCaught ForceObjectDelete called by workers>base @gkaissisCaught ForceObjectDelete called by workers>base @gkaissisCaught ForceObjectDelete called by workers>base @gkaissisCaught ForceObjectDelete called by workers>base @gkaissisCaught ForceObjectDelete called by workers>base @gkaissisCaught ForceObjectDelete called by workers>base @gkaissisCaught ForceObjectDelete called by workers>base @gkaissisCaught ForceObjectDelete called by workers>base @gkaissisCaught ForceObjectDelete called by workers>base @gkaissisCaught ForceObjectDelete called by workers>base @gkaissisCaught ForceObjectDelete called by workers>base @gkaissisCaught ForceObjectDelete called by workers>base @gkaissisCaught ForceObjectDelete called by workers>base @gkaissisCaught ForceObjectDelete called by workers>base @gkaissisCaught ForceObjectDelete called by workers>base @gkaissisCaught ForceObjectDelete called by workers>base @gkaissisCaught ForceObjectDelete called by workers>base @gkaissisCaught ForceObjectDelete called by workers>base @gkaissisCaught ForceObjectDelete called by workers>base @gkaissisCaught ForceObjectDelete called by workers>base @gkaissisCaught ForceObjectDelete called by workers>base @gkaissisCaught ForceObjectDelete called by workers>base @gkaissisCaught ForceObjectDelete called by workers>base @gkaissisCaught ForceObjectDelete called by workers>base @gkaissisCaught ForceObjectDelete called by workers>base @gkaissisCaught ForceObjectDelete called by workers>base @gkaissisCaught ForceObjectDelete called by workers>base @gkaissisCaught ForceObjectDelete called by workers>base @gkaissisCaught ForceObjectDelete called by workers>base @gkaissisCaught ForceObjectDelete called by workers>base @gkaissisCaught ForceObjectDelete called by workers>base @gkaissisCaught ForceObjectDelete called by workers>base @gkaissisCaught ForceObjectDelete called by workers>base @gkaissisCaught ForceObjectDelete called by workers>base @gkaissisCaught ForceObjectDelete called by workers>base @gkaissisCaught ForceObjectDelete called by workers>base @gkaissisCaught ForceObjectDelete called by workers>base @gkaissisCaught ForceObjectDelete called by workers>base @gkaissisCaught ForceObjectDelete called by workers>base @gkaissisCaught ForceObjectDelete called by workers>base @gkaissisCaught ForceObjectDelete called by workers>base @gkaissisCaught ForceObjectDelete called by workers>base @gkaissisCaught ForceObjectDelete called by workers>base @gkaissisCaught ForceObjectDelete called by workers>base @gkaissisCaught ForceObjectDelete called by workers>base @gkaissisCaught ForceObjectDelete called by workers>base @gkaissisCaught ForceObjectDelete called by workers>base @gkaissisCaught ForceObjectDelete called by workers>base @gkaissisCaught ForceObjectDelete called by workers>base @gkaissisCaught ForceObjectDelete called by workers>base @gkaissisCaught ForceObjectDelete called by workers>base @gkaissisCaught ForceObjectDelete called by workers>base @gkaissisCaught ForceObjectDelete called by workers>base @gkaissisCaught ForceObjectDelete called by workers>base @gkaissisCaught ForceObjectDelete called by workers>base @gkaissisCaught ForceObjectDelete called by workers>base @gkaissisCaught ForceObjectDelete called by workers>base @gkaissisCaught ForceObjectDelete called by workers>base @gkaissisCaught ForceObjectDelete called by workers>base @gkaissisCaught ForceObjectDelete called by workers>base @gkaissisCaught ForceObjectDelete called by workers>base @gkaissisCaught ForceObjectDelete called by workers>base @gkaissisCaught ForceObjectDelete called by workers>base @gkaissisCaught ForceObjectDelete called by workers>base @gkaissisCaught ForceObjectDelete called by workers>base @gkaissisCaught ForceObjectDelete called by workers>base @gkaissisCaught ForceObjectDelete called by workers>base @gkaissisCaught ForceObjectDelete called by workers>base @gkaissisCaught ForceObjectDelete called by workers>base @gkaissisCaught ForceObjectDelete called by workers>base @gkaissisCaught ForceObjectDelete called by workers>base @gkaissisCaught ForceObjectDelete called by workers>base @gkaissisCaught ForceObjectDelete called by workers>base @gkaissisCaught ForceObjectDelete called by workers>base @gkaissisCaught ForceObjectDelete called by workers>base @gkaissisCaught ForceObjectDelete called by workers>base @gkaissisCaught ForceObjectDelete called by workers>base @gkaissisCaught ForceObjectDelete called by workers>base @gkaissisCaught ForceObjectDelete called by workers>base @gkaissisCaught ForceObjectDelete called by workers>base @gkaissisCaught ForceObjectDelete called by workers>base @gkaissisCaught ForceObjectDelete called by workers>base @gkaissisCaught ForceObjectDelete called by workers>base @gkaissisCaught ForceObjectDelete called by workers>base @gkaissisCaught ForceObjectDelete called by workers>base @gkaissisCaught ForceObjectDelete called by workers>base @gkaissisCaught ForceObjectDelete called by workers>base @gkaissisCaught ForceObjectDelete called by workers>base @gkaissisCaught ForceObjectDelete called by workers>base @gkaissisCaught ForceObjectDelete called by workers>base @gkaissisCaught ForceObjectDelete called by workers>base @gkaissisCaught ForceObjectDelete called by workers>base @gkaissisCaught ForceObjectDelete called by workers>base @gkaissisCaught ForceObjectDelete called by workers>base @gkaissisCaught ForceObjectDelete called by workers>base @gkaissisCaught ForceObjectDelete called by workers>base @gkaissisCaught ForceObjectDelete called by workers>base @gkaissisCaught ForceObjectDelete called by workers>base @gkaissisCaught ForceObjectDelete called by workers>base @gkaissisCaught ForceObjectDelete called by workers>base @gkaissisCaught ForceObjectDelete called by workers>base @gkaissisCaught ForceObjectDelete called by workers>base @gkaissisCaught ForceObjectDelete called by workers>base @gkaissisCaught ForceObjectDelete called by workers>base @gkaissisCaught ForceObjectDelete called by workers>base @gkaissisCaught ForceObjectDelete called by workers>base @gkaissisCaught ForceObjectDelete called by workers>base @gkaissisCaught ForceObjectDelete called by workers>base @gkaissisCaught ForceObjectDelete called by workers>base @gkaissisCaught ForceObjectDelete called by workers>base @gkaissisCaught ForceObjectDelete called by workers>base @gkaissisCaught ForceObjectDelete called by workers>base @gkaissisCaught ForceObjectDelete called by workers>base @gkaissisCaught ForceObjectDelete called by workers>base @gkaissisCaught ForceObjectDelete called by workers>base @gkaissisCaught ForceObjectDelete called by workers>base @gkaissisCaught ForceObjectDelete called by workers>base @gkaissisCaught ForceObjectDelete called by workers>base @gkaissisCaught ForceObjectDelete called by workers>base @gkaissisCaught ForceObjectDelete called by workers>base @gkaissisCaught ForceObjectDelete called by workers>base @gkaissisCaught ForceObjectDelete called by workers>base @gkaissisCaught ForceObjectDelete called by workers>base @gkaissisCaught ForceObjectDelete called by workers>base @gkaissisCaught ForceObjectDelete called by workers>base @gkaissisCaught ForceObjectDelete called by workers>base @gkaissisCaught ForceObjectDelete called by workers>base @gkaissisCaught ForceObjectDelete called by workers>base @gkaissisCaught ForceObjectDelete called by workers>base @gkaissisCaught ForceObjectDelete called by workers>base @gkaissisCaught ForceObjectDelete called by workers>base @gkaissisCaught ForceObjectDelete called by workers>base @gkaissisCaught ForceObjectDelete called by workers>base @gkaissisCaught ForceObjectDelete called by workers>base @gkaissisCaught ForceObjectDelete called by workers>base @gkaissisCaught ForceObjectDelete called by workers>base @gkaissisCaught ForceObjectDelete called by workers>base @gkaissisCaught ForceObjectDelete called by workers>base @gkaissisCaught ForceObjectDelete called by workers>base @gkaissisCaught ForceObjectDelete called by workers>base @gkaissisCaught ForceObjectDelete called by workers>base @gkaissisCaught ForceObjectDelete called by workers>base @gkaissisCaught ForceObjectDelete called by workers>base @gkaissisCaught ForceObjectDelete called by workers>base @gkaissisCaught ForceObjectDelete called by workers>base @gkaissisCaught ForceObjectDelete called by workers>base @gkaissisCaught ForceObjectDelete called by workers>base @gkaissisCaught ForceObjectDelete called by workers>base @gkaissisCaught ForceObjectDelete called by workers>base @gkaissisCaught ForceObjectDelete called by workers>base @gkaissisCaught ForceObjectDelete called by workers>base @gkaissisCaught ForceObjectDelete called by workers>base @gkaissisCaught ForceObjectDelete called by workers>base @gkaissisCaught ForceObjectDelete called by workers>base @gkaissisCaught ForceObjectDelete called by workers>base @gkaissisCaught ForceObjectDelete called by workers>base @gkaissisCaught ForceObjectDelete called by workers>base @gkaissisCaught ForceObjectDelete called by workers>base @gkaissisCaught ForceObjectDelete called by workers>base @gkaissisCaught ForceObjectDelete called by workers>base @gkaissisCaught ForceObjectDelete called by workers>base @gkaissisCaught ForceObjectDelete called by workers>base @gkaissisCaught ForceObjectDelete called by workers>base @gkaissisCaught ForceObjectDelete called by workers>base @gkaissisCaught ForceObjectDelete called by workers>base @gkaissisCaught ForceObjectDelete called by workers>base @gkaissisCaught ForceObjectDelete called by workers>base @gkaissisCaught ForceObjectDelete called by workers>base @gkaissisCaught ForceObjectDelete called by workers>base @gkaissisCaught ForceObjectDelete called by workers>base @gkaissisCaught ForceObjectDelete called by workers>base @gkaissisCaught ForceObjectDelete called by workers>base @gkaissisCaught ForceObjectDelete called by workers>base @gkaissisCaught ForceObjectDelete called by workers>base @gkaissisCaught ForceObjectDelete called by workers>base @gkaissisCaught ForceObjectDelete called by workers>base @gkaissisCaught ForceObjectDelete called by workers>base @gkaissisCaught ForceObjectDelete called by workers>base @gkaissisCaught ForceObjectDelete called by workers>base @gkaissisCaught ForceObjectDelete called by workers>base @gkaissisCaught ForceObjectDelete called by workers>base @gkaissisCaught ForceObjectDelete called by workers>base @gkaissisCaught ForceObjectDelete called by workers>base @gkaissisCaught ForceObjectDelete called by workers>base @gkaissisCaught ForceObjectDelete called by workers>base @gkaissisCaught ForceObjectDelete called by workers>base @gkaissisCaught ForceObjectDelete called by workers>base @gkaissisCaught ForceObjectDelete called by workers>base @gkaissisCaught ForceObjectDelete called by workers>base @gkaissisCaught ForceObjectDelete called by workers>base @gkaissisCaught ForceObjectDelete called by workers>base @gkaissisCaught ForceObjectDelete called by workers>base @gkaissisCaught ForceObjectDelete called by workers>base @gkaissisCaught ForceObjectDelete called by workers>base @gkaissisCaught ForceObjectDelete called by workers>base @gkaissisCaught ForceObjectDelete called by workers>base @gkaissisCaught ForceObjectDelete called by workers>base @gkaissisCaught ForceObjectDelete called by workers>base @gkaissisCaught ForceObjectDelete called by workers>base @gkaissisCaught ForceObjectDelete called by workers>base @gkaissisCaught ForceObjectDelete called by workers>base @gkaissisCaught ForceObjectDelete called by workers>base @gkaissisCaught ForceObjectDelete called by workers>base @gkaissisCaught ForceObjectDelete called by workers>base @gkaissisCaught ForceObjectDelete called by workers>base @gkaissisCaught ForceObjectDelete called by workers>base @gkaissisCaught ForceObjectDelete called by workers>base @gkaissisCaught ForceObjectDelete called by workers>base @gkaissisCaught ForceObjectDelete called by workers>base @gkaissisCaught ForceObjectDelete called by workers>base @gkaissisCaught ForceObjectDelete called by workers>base @gkaissisCaught ForceObjectDelete called by workers>base @gkaissisCaught ForceObjectDelete called by workers>base @gkaissisCaught ForceObjectDelete called by workers>base @gkaissisCaught ForceObjectDelete called by workers>base @gkaissisCaught ForceObjectDelete called by workers>base @gkaissisCaught ForceObjectDelete called by workers>base @gkaissisCaught ForceObjectDelete called by workers>base @gkaissisCaught ForceObjectDelete called by workers>base @gkaissisCaught ForceObjectDelete called by workers>base @gkaissisCaught ForceObjectDelete called by workers>base @gkaissisCaught ForceObjectDelete called by workers>base @gkaissisCaught ForceObjectDelete called by workers>base @gkaissisCaught ForceObjectDelete called by workers>base @gkaissisCaught ForceObjectDelete called by workers>base @gkaissisCaught ForceObjectDelete called by workers>base @gkaissisCaught ForceObjectDelete called by workers>base @gkaissisCaught ForceObjectDelete called by workers>base @gkaissisCaught ForceObjectDelete called by workers>base @gkaissisCaught ForceObjectDelete called by workers>base @gkaissisCaught ForceObjectDelete called by workers>base @gkaissisCaught ForceObjectDelete called by workers>base @gkaissisCaught ForceObjectDelete called by workers>base @gkaissisCaught ForceObjectDelete called by workers>base @gkaissisCaught ForceObjectDelete called by workers>base @gkaissisCaught ForceObjectDelete called by workers>base @gkaissisCaught ForceObjectDelete called by workers>base @gkaissisCaught ForceObjectDelete called by workers>base @gkaissisCaught ForceObjectDelete called by workers>base @gkaissisCaught ForceObjectDelete called by workers>base @gkaissisCaught ForceObjectDelete called by workers>base @gkaissisCaught ForceObjectDelete called by workers>base @gkaissisCaught ForceObjectDelete called by workers>base @gkaissisCaught ForceObjectDelete called by workers>base @gkaissisCaught ForceObjectDelete called by workers>base @gkaissisCaught ForceObjectDelete called by workers>base @gkaissisCaught ForceObjectDelete called by workers>base @gkaissisCaught ForceObjectDelete called by workers>base @gkaissisCaught ForceObjectDelete called by workers>base @gkaissisCaught ForceObjectDelete called by workers>base @gkaissisCaught ForceObjectDelete called by workers>base @gkaissisCaught ForceObjectDelete called by workers>base @gkaissisCaught ForceObjectDelete called by workers>base @gkaissisCaught ForceObjectDelete called by workers>base @gkaissisCaught ForceObjectDelete called by workers>base @gkaissisCaught ForceObjectDelete called by workers>base @gkaissisCaught ForceObjectDelete called by workers>base @gkaissisCaught ForceObjectDelete called by workers>base @gkaissisCaught ForceObjectDelete called by workers>base @gkaissisCaught ForceObjectDelete called by workers>base @gkaissisCaught ForceObjectDelete called by workers>base @gkaissisCaught ForceObjectDelete called by workers>base @gkaissisCaught ForceObjectDelete called by workers>base @gkaissisCaught ForceObjectDelete called by workers>base @gkaissisCaught ForceObjectDelete called by workers>base @gkaissisCaught ForceObjectDelete called by workers>base @gkaissisCaught ForceObjectDelete called by workers>base @gkaissisCaught ForceObjectDelete called by workers>base @gkaissisCaught ForceObjectDelete called by workers>base @gkaissisCaught ForceObjectDelete called by workers>base @gkaissisCaught ForceObjectDelete called by workers>base @gkaissisCaught ForceObjectDelete called by workers>base @gkaissisCaught ForceObjectDelete called by workers>base @gkaissisCaught ForceObjectDelete called by workers>base @gkaissisCaught ForceObjectDelete called by workers>base @gkaissisCaught ForceObjectDelete called by workers>base @gkaissisCaught ForceObjectDelete called by workers>base @gkaissisCaught ForceObjectDelete called by workers>base @gkaissisCaught ForceObjectDelete called by workers>base @gkaissisCaught ForceObjectDelete called by workers>base @gkaissisCaught ForceObjectDelete called by workers>base @gkaissisCaught ForceObjectDelete called by workers>base @gkaissisCaught ForceObjectDelete called by workers>base @gkaissisCaught ForceObjectDelete called by workers>base @gkaissisCaught ForceObjectDelete called by workers>base @gkaissisCaught ForceObjectDelete called by workers>base @gkaissisCaught ForceObjectDelete called by workers>base @gkaissisCaught ForceObjectDelete called by workers>base @gkaissisCaught ForceObjectDelete called by workers>base @gkaissisCaught ForceObjectDelete called by workers>base @gkaissisCaught ForceObjectDelete called by workers>base @gkaissisCaught ForceObjectDelete called by workers>base @gkaissisCaught ForceObjectDelete called by workers>base @gkaissisCaught ForceObjectDelete called by workers>base @gkaissisCaught ForceObjectDelete called by workers>base @gkaissisCaught ForceObjectDelete called by workers>base @gkaissisCaught ForceObjectDelete called by workers>base @gkaissisCaught ForceObjectDelete called by workers>base @gkaissisCaught ForceObjectDelete called by workers>base @gkaissisCaught ForceObjectDelete called by workers>base @gkaissisCaught ForceObjectDelete called by workers>base @gkaissisCaught ForceObjectDelete called by workers>base @gkaissisCaught ForceObjectDelete called by workers>base @gkaissisCaught ForceObjectDelete called by workers>base @gkaissisCaught ForceObjectDelete called by workers>base @gkaissisCaught ForceObjectDelete called by workers>base @gkaissisCaught ForceObjectDelete called by workers>base @gkaissisCaught ForceObjectDelete called by workers>base @gkaissisCaught ForceObjectDelete called by workers>base @gkaissisCaught ForceObjectDelete called by workers>base @gkaissisCaught ForceObjectDelete called by workers>base @gkaissisCaught ForceObjectDelete called by workers>base @gkaissisCaught ForceObjectDelete called by workers>base @gkaissisCaught ForceObjectDelete called by workers>base @gkaissisCaught ForceObjectDelete called by workers>base @gkaissisCaught ForceObjectDelete called by workers>base @gkaissisCaught ForceObjectDelete called by workers>base @gkaissisCaught ForceObjectDelete called by workers>base @gkaissisCaught ForceObjectDelete called by workers>base @gkaissisCaught ForceObjectDelete called by workers>base @gkaissisCaught ForceObjectDelete called by workers>base @gkaissisCaught ForceObjectDelete called by workers>base @gkaissisCaught ForceObjectDelete called by workers>base @gkaissisCaught ForceObjectDelete called by workers>base @gkaissisCaught ForceObjectDelete called by workers>base @gkaissisCaught ForceObjectDelete called by workers>base @gkaissisCaught ForceObjectDelete called by workers>base @gkaissisCaught ForceObjectDelete called by workers>base @gkaissisCaught ForceObjectDelete called by workers>base @gkaissisCaught ForceObjectDelete called by workers>base @gkaissisCaught ForceObjectDelete called by workers>base @gkaissisCaught ForceObjectDelete called by workers>base @gkaissisCaught ForceObjectDelete called by workers>base @gkaissisCaught ForceObjectDelete called by workers>base @gkaissisCaught ForceObjectDelete called by workers>base @gkaissisCaught ForceObjectDelete called by workers>base @gkaissisCaught ForceObjectDelete called by workers>base @gkaissisCaught ForceObjectDelete called by workers>base @gkaissisCaught ForceObjectDelete called by workers>base @gkaissisCaught ForceObjectDelete called by workers>base @gkaissisCaught ForceObjectDelete called by workers>base @gkaissisCaught ForceObjectDelete called by workers>base @gkaissisCaught ForceObjectDelete called by workers>base @gkaissisCaught ForceObjectDelete called by workers>base @gkaissisCaught ForceObjectDelete called by workers>base @gkaissisCaught ForceObjectDelete called by workers>base @gkaissisCaught ForceObjectDelete called by workers>base @gkaissisCaught ForceObjectDelete called by workers>base @gkaissisCaught ForceObjectDelete called by workers>base @gkaissisCaught ForceObjectDelete called by workers>base @gkaissisCaught ForceObjectDelete called by workers>base @gkaissisCaught ForceObjectDelete called by workers>base @gkaissisCaught ForceObjectDelete called by workers>base @gkaissisCaught ForceObjectDelete called by workers>base @gkaissisCaught ForceObjectDelete called by workers>base @gkaissisCaught ForceObjectDelete called by workers>base @gkaissisCaught ForceObjectDelete called by workers>base @gkaissisCaught ForceObjectDelete called by workers>base @gkaissisCaught ForceObjectDelete called by workers>base @gkaissisCaught ForceObjectDelete called by workers>base @gkaissisCaught ForceObjectDelete called by workers>base @gkaissisCaught ForceObjectDelete called by workers>base @gkaissisCaught ForceObjectDelete called by workers>base @gkaissisCaught ForceObjectDelete called by workers>base @gkaissisCaught ForceObjectDelete called by workers>base @gkaissisCaught ForceObjectDelete called by workers>base @gkaissisCaught ForceObjectDelete called by workers>base @gkaissisCaught ForceObjectDelete called by workers>base @gkaissisCaught ForceObjectDelete called by workers>base @gkaissisCaught ForceObjectDelete called by workers>base @gkaissisCaught ForceObjectDelete called by workers>base @gkaissisCaught ForceObjectDelete called by workers>base @gkaissisCaught ForceObjectDelete called by workers>base @gkaissisCaught ForceObjectDelete called by workers>base @gkaissisCaught ForceObjectDelete called by workers>base @gkaissisCaught ForceObjectDelete called by workers>base @gkaissisCaught ForceObjectDelete called by workers>base @gkaissisCaught ForceObjectDelete called by workers>base @gkaissisCaught ForceObjectDelete called by workers>base @gkaissisCaught ForceObjectDelete called by workers>base @gkaissisCaught ForceObjectDelete called by workers>base @gkaissisCaught ForceObjectDelete called by workers>base @gkaissisCaught ForceObjectDelete called by workers>base @gkaissisCaught ForceObjectDelete called by workers>base @gkaissisCaught ForceObjectDelete called by workers>base @gkaissisCaught ForceObjectDelete called by workers>base @gkaissisCaught ForceObjectDelete called by workers>base @gkaissisCaught ForceObjectDelete called by workers>base @gkaissisCaught ForceObjectDelete called by workers>base @gkaissisCaught ForceObjectDelete called by workers>base @gkaissisCaught ForceObjectDelete called by workers>base @gkaissisCaught ForceObjectDelete called by workers>base @gkaissisCaught ForceObjectDelete called by workers>base @gkaissisCaught ForceObjectDelete called by workers>base @gkaissisCaught ForceObjectDelete called by workers>base @gkaissisCaught ForceObjectDelete called by workers>base @gkaissisCaught ForceObjectDelete called by workers>base @gkaissisCaught ForceObjectDelete called by workers>base @gkaissisCaught ForceObjectDelete called by workers>base @gkaissisCaught ForceObjectDelete called by workers>base @gkaissisCaught ForceObjectDelete called by workers>base @gkaissisCaught ForceObjectDelete called by workers>base @gkaissisCaught ForceObjectDelete called by workers>base @gkaissisCaught ForceObjectDelete called by workers>base @gkaissisCaught ForceObjectDelete called by workers>base @gkaissisCaught ForceObjectDelete called by workers>base @gkaissisCaught ForceObjectDelete called by workers>base @gkaissisCaught ForceObjectDelete called by workers>base @gkaissisCaught ForceObjectDelete called by workers>base @gkaissisCaught ForceObjectDelete called by workers>base @gkaissisCaught ForceObjectDelete called by workers>base @gkaissisCaught ForceObjectDelete called by workers>base @gkaissisCaught ForceObjectDelete called by workers>base @gkaissisCaught ForceObjectDelete called by workers>base @gkaissisCaught ForceObjectDelete called by workers>base @gkaissisCaught ForceObjectDelete called by workers>base @gkaissisCaught ForceObjectDelete called by workers>base @gkaissisCaught ForceObjectDelete called by workers>base @gkaissisCaught ForceObjectDelete called by workers>base @gkaissisCaught ForceObjectDelete called by workers>base @gkaissisCaught ForceObjectDelete called by workers>base @gkaissisCaught ForceObjectDelete called by workers>base @gkaissisCaught ForceObjectDelete called by workers>base @gkaissisCaught ForceObjectDelete called by workers>base @gkaissisCaught ForceObjectDelete called by workers>base @gkaissisCaught ForceObjectDelete called by workers>base @gkaissisCaught ForceObjectDelete called by workers>base @gkaissisCaught ForceObjectDelete called by workers>base @gkaissisCaught ForceObjectDelete called by workers>base @gkaissisCaught ForceObjectDelete called by workers>base @gkaissisCaught ForceObjectDelete called by workers>base @gkaissisCaught ForceObjectDelete called by workers>base @gkaissisCaught ForceObjectDelete called by workers>base @gkaissisCaught ForceObjectDelete called by workers>base @gkaissisCaught ForceObjectDelete called by workers>base @gkaissisCaught ForceObjectDelete called by workers>base @gkaissisCaught ForceObjectDelete called by workers>base @gkaissisCaught ForceObjectDelete called by workers>base @gkaissisCaught ForceObjectDelete called by workers>base @gkaissisCaught ForceObjectDelete called by workers>base @gkaissisCaught ForceObjectDelete called by workers>base @gkaissisCaught ForceObjectDelete called by workers>base @gkaissisCaught ForceObjectDelete called by workers>base @gkaissisCaught ForceObjectDelete called by workers>base @gkaissisCaught ForceObjectDelete called by workers>base @gkaissisCaught ForceObjectDelete called by workers>base @gkaissisCaught ForceObjectDelete called by workers>base @gkaissisCaught ForceObjectDelete called by workers>base @gkaissisCaught ForceObjectDelete called by workers>base @gkaissisCaught ForceObjectDelete called by workers>base @gkaissisCaught ForceObjectDelete called by workers>base @gkaissisCaught ForceObjectDelete called by workers>base @gkaissisCaught ForceObjectDelete called by workers>base @gkaissisCaught ForceObjectDelete called by workers>base @gkaissisCaught ForceObjectDelete called by workers>base @gkaissisCaught ForceObjectDelete called by workers>base @gkaissisCaught ForceObjectDelete called by workers>base @gkaissisCaught ForceObjectDelete called by workers>base @gkaissisCaught ForceObjectDelete called by workers>base @gkaissisCaught ForceObjectDelete called by workers>base @gkaissisCaught ForceObjectDelete called by workers>base @gkaissisCaught ForceObjectDelete called by workers>base @gkaissisCaught ForceObjectDelete called by workers>base @gkaissisCaught ForceObjectDelete called by workers>base @gkaissisCaught ForceObjectDelete called by workers>base @gkaissisCaught ForceObjectDelete called by workers>base @gkaissisCaught ForceObjectDelete called by workers>base @gkaissisCaught ForceObjectDelete called by workers>base @gkaissisCaught ForceObjectDelete called by workers>base @gkaissisCaught ForceObjectDelete called by workers>base @gkaissisCaught ForceObjectDelete called by workers>base @gkaissisCaught ForceObjectDelete called by workers>base @gkaissisCaught ForceObjectDelete called by workers>base @gkaissisCaught ForceObjectDelete called by workers>base @gkaissisCaught ForceObjectDelete called by workers>base @gkaissisCaught ForceObjectDelete called by workers>base @gkaissisCaught ForceObjectDelete called by workers>base @gkaissisCaught ForceObjectDelete called by workers>base @gkaissisCaught ForceObjectDelete called by workers>base @gkaissisCaught ForceObjectDelete called by workers>base @gkaissisCaught ForceObjectDelete called by workers>base @gkaissisCaught ForceObjectDelete called by workers>base @gkaissisCaught ForceObjectDelete called by workers>base @gkaissisCaught ForceObjectDelete called by workers>base @gkaissisCaught ForceObjectDelete called by workers>base @gkaissisCaught ForceObjectDelete called by workers>base @gkaissisCaught ForceObjectDelete called by workers>base @gkaissisCaught ForceObjectDelete called by workers>base @gkaissisCaught ForceObjectDelete called by workers>base @gkaissisCaught ForceObjectDelete called by workers>base @gkaissisCaught ForceObjectDelete called by workers>base @gkaissisCaught ForceObjectDelete called by workers>base @gkaissisCaught ForceObjectDelete called by workers>base @gkaissisCaught ForceObjectDelete called by workers>base @gkaissisCaught ForceObjectDelete called by workers>base @gkaissisCaught ForceObjectDelete called by workers>base @gkaissisCaught ForceObjectDelete called by workers>base @gkaissisCaught ForceObjectDelete called by workers>base @gkaissisCaught ForceObjectDelete called by workers>base @gkaissisCaught ForceObjectDelete called by workers>base @gkaissisCaught ForceObjectDelete called by workers>base @gkaissisCaught ForceObjectDelete called by workers>base @gkaissisCaught ForceObjectDelete called by workers>base @gkaissisCaught ForceObjectDelete called by workers>base @gkaissisCaught ForceObjectDelete called by workers>base @gkaissisCaught ForceObjectDelete called by workers>base @gkaissisCaught ForceObjectDelete called by workers>base @gkaissisCaught ForceObjectDelete called by workers>base @gkaissisCaught ForceObjectDelete called by workers>base @gkaissisCaught ForceObjectDelete called by workers>base @gkaissisCaught ForceObjectDelete called by workers>base @gkaissisCaught ForceObjectDelete called by workers>base @gkaissisCaught ForceObjectDelete called by workers>base @gkaissisCaught ForceObjectDelete called by workers>base @gkaissisCaught ForceObjectDelete called by workers>base @gkaissisCaught ForceObjectDelete called by workers>base @gkaissisCaught ForceObjectDelete called by workers>base @gkaissisCaught ForceObjectDelete called by workers>base @gkaissisCaught ForceObjectDelete called by workers>base @gkaissisCaught ForceObjectDelete called by workers>base @gkaissisCaught ForceObjectDelete called by workers>base @gkaissisCaught ForceObjectDelete called by workers>base @gkaissisCaught ForceObjectDelete called by workers>base @gkaissisCaught ForceObjectDelete called by workers>base @gkaissisCaught ForceObjectDelete called by workers>base @gkaissisCaught ForceObjectDelete called by workers>base @gkaissisCaught ForceObjectDelete called by workers>base @gkaissisCaught ForceObjectDelete called by workers>base @gkaissisCaught ForceObjectDelete called by workers>base @gkaissisCaught ForceObjectDelete called by workers>base @gkaissisCaught ForceObjectDelete called by workers>base @gkaissisCaught ForceObjectDelete called by workers>base @gkaissisCaught ForceObjectDelete called by workers>base @gkaissisCaught ForceObjectDelete called by workers>base @gkaissisCaught ForceObjectDelete called by workers>base @gkaissisCaught ForceObjectDelete called by workers>base @gkaissisCaught ForceObjectDelete called by workers>base @gkaissisCaught ForceObjectDelete called by workers>base @gkaissisCaught ForceObjectDelete called by workers>base @gkaissisCaught ForceObjectDelete called by workers>base @gkaissisCaught ForceObjectDelete called by workers>base @gkaissisCaught ForceObjectDelete called by workers>base @gkaissisCaught ForceObjectDelete called by workers>base @gkaissisCaught ForceObjectDelete called by workers>base @gkaissisCaught ForceObjectDelete called by workers>base @gkaissisCaught ForceObjectDelete called by workers>base @gkaissisCaught ForceObjectDelete called by workers>base @gkaissisCaught ForceObjectDelete called by workers>base @gkaissisCaught ForceObjectDelete called by workers>base @gkaissisCaught ForceObjectDelete called by workers>base @gkaissisCaught ForceObjectDelete called by workers>base @gkaissisCaught ForceObjectDelete called by workers>base @gkaissisCaught ForceObjectDelete called by workers>base @gkaissisCaught ForceObjectDelete called by workers>base @gkaissisCaught ForceObjectDelete called by workers>base @gkaissisCaught ForceObjectDelete called by workers>base @gkaissisCaught ForceObjectDelete called by workers>base @gkaissisCaught ForceObjectDelete called by workers>base @gkaissisCaught ForceObjectDelete called by workers>base @gkaissisCaught ForceObjectDelete called by workers>base @gkaissisCaught ForceObjectDelete called by workers>base @gkaissisCaught ForceObjectDelete called by workers>base @gkaissisCaught ForceObjectDelete called by workers>base @gkaissisCaught ForceObjectDelete called by workers>base @gkaissisCaught ForceObjectDelete called by workers>base @gkaissisCaught ForceObjectDelete called by workers>base @gkaissisCaught ForceObjectDelete called by workers>base @gkaissisCaught ForceObjectDelete called by workers>base @gkaissisCaught ForceObjectDelete called by workers>base @gkaissisCaught ForceObjectDelete called by workers>base @gkaissisCaught ForceObjectDelete called by workers>base @gkaissisCaught ForceObjectDelete called by workers>base @gkaissisCaught ForceObjectDelete called by workers>base @gkaissisCaught ForceObjectDelete called by workers>base @gkaissisCaught ForceObjectDelete called by workers>base @gkaissisCaught ForceObjectDelete called by workers>base @gkaissisCaught ForceObjectDelete called by workers>base @gkaissisCaught ForceObjectDelete called by workers>base @gkaissisCaught ForceObjectDelete called by workers>base @gkaissisCaught ForceObjectDelete called by workers>base @gkaissisCaught ForceObjectDelete called by workers>base @gkaissisCaught ForceObjectDelete called by workers>base @gkaissisCaught ForceObjectDelete called by workers>base @gkaissisCaught ForceObjectDelete called by workers>base @gkaissisCaught ForceObjectDelete called by workers>base @gkaissisCaught ForceObjectDelete called by workers>base @gkaissisCaught ForceObjectDelete called by workers>base @gkaissisCaught ForceObjectDelete called by workers>base @gkaissisCaught ForceObjectDelete called by workers>base @gkaissisCaught ForceObjectDelete called by workers>base @gkaissisCaught ForceObjectDelete called by workers>base @gkaissisCaught ForceObjectDelete called by workers>base @gkaissisCaught ForceObjectDelete called by workers>base @gkaissisCaught ForceObjectDelete called by workers>base @gkaissisCaught ForceObjectDelete called by workers>base @gkaissisCaught ForceObjectDelete called by workers>base @gkaissisCaught ForceObjectDelete called by workers>base @gkaissisCaught ForceObjectDelete called by workers>base @gkaissisCaught ForceObjectDelete called by workers>base @gkaissisCaught ForceObjectDelete called by workers>base @gkaissisCaught ForceObjectDelete called by workers>base @gkaissisCaught ForceObjectDelete called by workers>base @gkaissisCaught ForceObjectDelete called by workers>base @gkaissisCaught ForceObjectDelete called by workers>base @gkaissisCaught ForceObjectDelete called by workers>base @gkaissisCaught ForceObjectDelete called by workers>base @gkaissisCaught ForceObjectDelete called by workers>base @gkaissisCaught ForceObjectDelete called by workers>base @gkaissisCaught ForceObjectDelete called by workers>base @gkaissisCaught ForceObjectDelete called by workers>base @gkaissisCaught ForceObjectDelete called by workers>base @gkaissisCaught ForceObjectDelete called by workers>base @gkaissisCaught ForceObjectDelete called by workers>base @gkaissisCaught ForceObjectDelete called by workers>base @gkaissisCaught ForceObjectDelete called by workers>base @gkaissisCaught ForceObjectDelete called by workers>base @gkaissisCaught ForceObjectDelete called by workers>base @gkaissisCaught ForceObjectDelete called by workers>base @gkaissisCaught ForceObjectDelete called by workers>base @gkaissisCaught ForceObjectDelete called by workers>base @gkaissisCaught ForceObjectDelete called by workers>base @gkaissisCaught ForceObjectDelete called by workers>base @gkaissisCaught ForceObjectDelete called by workers>base @gkaissisCaught ForceObjectDelete called by workers>base @gkaissisCaught ForceObjectDelete called by workers>base @gkaissisCaught ForceObjectDelete called by workers>base @gkaissisCaught ForceObjectDelete called by workers>base @gkaissisCaught ForceObjectDelete called by workers>base @gkaissisCaught ForceObjectDelete called by workers>base @gkaissisCaught ForceObjectDelete called by workers>base @gkaissisCaught ForceObjectDelete called by workers>base @gkaissisCaught ForceObjectDelete called by workers>base @gkaissisCaught ForceObjectDelete called by workers>base @gkaissisCaught ForceObjectDelete called by workers>base @gkaissisCaught ForceObjectDelete called by workers>base @gkaissisCaught ForceObjectDelete called by workers>base @gkaissisCaught ForceObjectDelete called by workers>base @gkaissisCaught ForceObjectDelete called by workers>base @gkaissisCaught ForceObjectDelete called by workers>base @gkaissisCaught ForceObjectDelete called by workers>base @gkaissisCaught ForceObjectDelete called by workers>base @gkaissisCaught ForceObjectDelete called by workers>base @gkaissisCaught ForceObjectDelete called by workers>base @gkaissisCaught ForceObjectDelete called by workers>base @gkaissisCaught ForceObjectDelete called by workers>base @gkaissisCaught ForceObjectDelete called by workers>base @gkaissisCaught ForceObjectDelete called by workers>base @gkaissisCaught ForceObjectDelete called by workers>base @gkaissisCaught ForceObjectDelete called by workers>base @gkaissisCaught ForceObjectDelete called by workers>base @gkaissisCaught ForceObjectDelete called by workers>base @gkaissisCaught ForceObjectDelete called by workers>base @gkaissisCaught ForceObjectDelete called by workers>base @gkaissisCaught ForceObjectDelete called by workers>base @gkaissisCaught ForceObjectDelete called by workers>base @gkaissisCaught ForceObjectDelete called by workers>base @gkaissisCaught ForceObjectDelete called by workers>base @gkaissisCaught ForceObjectDelete called by workers>base @gkaissisCaught ForceObjectDelete called by workers>base @gkaissisCaught ForceObjectDelete called by workers>base @gkaissisCaught ForceObjectDelete called by workers>base @gkaissisCaught ForceObjectDelete called by workers>base @gkaissisCaught ForceObjectDelete called by workers>base @gkaissisCaught ForceObjectDelete called by workers>base @gkaissisCaught ForceObjectDelete called by workers>base @gkaissisCaught ForceObjectDelete called by workers>base @gkaissisCaught ForceObjectDelete called by workers>base @gkaissisCaught ForceObjectDelete called by workers>base @gkaissisCaught ForceObjectDelete called by workers>base @gkaissisCaught ForceObjectDelete called by workers>base @gkaissisCaught ForceObjectDelete called by workers>base @gkaissisCaught ForceObjectDelete called by workers>base @gkaissisCaught ForceObjectDelete called by workers>base @gkaissisCaught ForceObjectDelete called by workers>base @gkaissisCaught ForceObjectDelete called by workers>base @gkaissisCaught ForceObjectDelete called by workers>base @gkaissisCaught ForceObjectDelete called by workers>base @gkaissisCaught ForceObjectDelete called by workers>base @gkaissisCaught ForceObjectDelete called by workers>base @gkaissisCaught ForceObjectDelete called by workers>base @gkaissisCaught ForceObjectDelete called by workers>base @gkaissisCaught ForceObjectDelete called by workers>base @gkaissisCaught ForceObjectDelete called by workers>base @gkaissisCaught ForceObjectDelete called by workers>base @gkaissisCaught ForceObjectDelete called by workers>base @gkaissisCaught ForceObjectDelete called by workers>base @gkaissisCaught ForceObjectDelete called by workers>base @gkaissisCaught ForceObjectDelete called by workers>base @gkaissisCaught ForceObjectDelete called by workers>base @gkaissisCaught ForceObjectDelete called by workers>base @gkaissisCaught ForceObjectDelete called by workers>base @gkaissisCaught ForceObjectDelete called by workers>base @gkaissisCaught ForceObjectDelete called by workers>base @gkaissisCaught ForceObjectDelete called by workers>base @gkaissisCaught ForceObjectDelete called by workers>base @gkaissisCaught ForceObjectDelete called by workers>base @gkaissisCaught ForceObjectDelete called by workers>base @gkaissisCaught ForceObjectDelete called by workers>base @gkaissisCaught ForceObjectDelete called by workers>base @gkaissisCaught ForceObjectDelete called by workers>base @gkaissisCaught ForceObjectDelete called by workers>base @gkaissisCaught ForceObjectDelete called by workers>base @gkaissisCaught ForceObjectDelete called by workers>base @gkaissisCaught ForceObjectDelete called by workers>base @gkaissisCaught ForceObjectDelete called by workers>base @gkaissisCaught ForceObjectDelete called by workers>base @gkaissisCaught ForceObjectDelete called by workers>base @gkaissisCaught ForceObjectDelete called by workers>base @gkaissisCaught ForceObjectDelete called by workers>base @gkaissisCaught ForceObjectDelete called by workers>base @gkaissisCaught ForceObjectDelete called by workers>base @gkaissisCaught ForceObjectDelete called by workers>base @gkaissisCaught ForceObjectDelete called by workers>base @gkaissisCaught ForceObjectDelete called by workers>base @gkaissisCaught ForceObjectDelete called by workers>base @gkaissisCaught ForceObjectDelete called by workers>base @gkaissisCaught ForceObjectDelete called by workers>base @gkaissisCaught ForceObjectDelete called by workers>base @gkaissisCaught ForceObjectDelete called by workers>base @gkaissisCaught ForceObjectDelete called by workers>base @gkaissisCaught ForceObjectDelete called by workers>base @gkaissisCaught ForceObjectDelete called by workers>base @gkaissisCaught ForceObjectDelete called by workers>base @gkaissisCaught ForceObjectDelete called by workers>base @gkaissisCaught ForceObjectDelete called by workers>base @gkaissisCaught ForceObjectDelete called by workers>base @gkaissisCaught ForceObjectDelete called by workers>base @gkaissisCaught ForceObjectDelete called by workers>base @gkaissisCaught ForceObjectDelete called by workers>base @gkaissisCaught ForceObjectDelete called by workers>base @gkaissisCaught ForceObjectDelete called by workers>base @gkaissisCaught ForceObjectDelete called by workers>base @gkaissisCaught ForceObjectDelete called by workers>base @gkaissisCaught ForceObjectDelete called by workers>base @gkaissisCaught ForceObjectDelete called by workers>base @gkaissisCaught ForceObjectDelete called by workers>base @gkaissisCaught ForceObjectDelete called by workers>base @gkaissisCaught ForceObjectDelete called by workers>base @gkaissisCaught ForceObjectDelete called by workers>base @gkaissisCaught ForceObjectDelete called by workers>base @gkaissisCaught ForceObjectDelete called by workers>base @gkaissisCaught ForceObjectDelete called by workers>base @gkaissisCaught ForceObjectDelete called by workers>base @gkaissisCaught ForceObjectDelete called by workers>base @gkaissisCaught ForceObjectDelete called by workers>base @gkaissisCaught ForceObjectDelete called by workers>base @gkaissisCaught ForceObjectDelete called by workers>base @gkaissisCaught ForceObjectDelete called by workers>base @gkaissisCaught ForceObjectDelete called by workers>base @gkaissisCaught ForceObjectDelete called by workers>base @gkaissisCaught ForceObjectDelete called by workers>base @gkaissisCaught ForceObjectDelete called by workers>base @gkaissisCaught ForceObjectDelete called by workers>base @gkaissisCaught ForceObjectDelete called by workers>base @gkaissisCaught ForceObjectDelete called by workers>base @gkaissisCaught ForceObjectDelete called by workers>base @gkaissisCaught ForceObjectDelete called by workers>base @gkaissisCaught ForceObjectDelete called by workers>base @gkaissisCaught ForceObjectDelete called by workers>base @gkaissisCaught ForceObjectDelete called by workers>base @gkaissisCaught ForceObjectDelete called by workers>base @gkaissisCaught ForceObjectDelete called by workers>base @gkaissisCaught ForceObjectDelete called by workers>base @gkaissisCaught ForceObjectDelete called by workers>base @gkaissisCaught ForceObjectDelete called by workers>base @gkaissisCaught ForceObjectDelete called by workers>base @gkaissisCaught ForceObjectDelete called by workers>base @gkaissisCaught ForceObjectDelete called by workers>base @gkaissisCaught ForceObjectDelete called by workers>base @gkaissisCaught ForceObjectDelete called by workers>base @gkaissisCaught ForceObjectDelete called by workers>base @gkaissisCaught ForceObjectDelete called by workers>base @gkaissisCaught ForceObjectDelete called by workers>base @gkaissisCaught ForceObjectDelete called by workers>base @gkaissisCaught ForceObjectDelete called by workers>base @gkaissisCaught ForceObjectDelete called by workers>base @gkaissisCaught ForceObjectDelete called by workers>base @gkaissisCaught ForceObjectDelete called by workers>base @gkaissisCaught ForceObjectDelete called by workers>base @gkaissisCaught ForceObjectDelete called by workers>base @gkaissisCaught ForceObjectDelete called by workers>base @gkaissisCaught ForceObjectDelete called by workers>base @gkaissisCaught ForceObjectDelete called by workers>base @gkaissisCaught ForceObjectDelete called by workers>base @gkaissisCaught ForceObjectDelete called by workers>base @gkaissisCaught ForceObjectDelete called by workers>base @gkaissisCaught ForceObjectDelete called by workers>base @gkaissisCaught ForceObjectDelete called by workers>base @gkaissisCaught ForceObjectDelete called by workers>base @gkaissisCaught ForceObjectDelete called by workers>base @gkaissisCaught ForceObjectDelete called by workers>base @gkaissisCaught ForceObjectDelete called by workers>base @gkaissisCaught ForceObjectDelete called by workers>base @gkaissisCaught ForceObjectDelete called by workers>base @gkaissisCaught ForceObjectDelete called by workers>base @gkaissisCaught ForceObjectDelete called by workers>base @gkaissisCaught ForceObjectDelete called by workers>base @gkaissisCaught ForceObjectDelete called by workers>base @gkaissisCaught ForceObjectDelete called by workers>base @gkaissisCaught ForceObjectDelete called by workers>base @gkaissisCaught ForceObjectDelete called by workers>base @gkaissisCaught ForceObjectDelete called by workers>base @gkaissisCaught ForceObjectDelete called by workers>base @gkaissisCaught ForceObjectDelete called by workers>base @gkaissisCaught ForceObjectDelete called by workers>base @gkaissisCaught ForceObjectDelete called by workers>base @gkaissisCaught ForceObjectDelete called by workers>base @gkaissisCaught ForceObjectDelete called by workers>base @gkaissisCaught ForceObjectDelete called by workers>base @gkaissisCaught ForceObjectDelete called by workers>base @gkaissisCaught ForceObjectDelete called by workers>base @gkaissisCaught ForceObjectDelete called by workers>base @gkaissisCaught ForceObjectDelete called by workers>base @gkaissisCaught ForceObjectDelete called by workers>base @gkaissisCaught ForceObjectDelete called by workers>base @gkaissisCaught ForceObjectDelete called by workers>base @gkaissisCaught ForceObjectDelete called by workers>base @gkaissisCaught ForceObjectDelete called by workers>base @gkaissisCaught ForceObjectDelete called by workers>base @gkaissisCaught ForceObjectDelete called by workers>base @gkaissisCaught ForceObjectDelete called by workers>base @gkaissisCaught ForceObjectDelete called by workers>base @gkaissisCaught ForceObjectDelete called by workers>base @gkaissisCaught ForceObjectDelete called by workers>base @gkaissisCaught ForceObjectDelete called by workers>base @gkaissisCaught ForceObjectDelete called by workers>base @gkaissisCaught ForceObjectDelete called by workers>base @gkaissisCaught ForceObjectDelete called by workers>base @gkaissisCaught ForceObjectDelete called by workers>base @gkaissisCaught ForceObjectDelete called by workers>base @gkaissisCaught ForceObjectDelete called by workers>base @gkaissisCaught ForceObjectDelete called by workers>base @gkaissisCaught ForceObjectDelete called by workers>base @gkaissisCaught ForceObjectDelete called by workers>base @gkaissisCaught ForceObjectDelete called by workers>base @gkaissisCaught ForceObjectDelete called by workers>base @gkaissisCaught ForceObjectDelete called by workers>base @gkaissisCaught ForceObjectDelete called by workers>base @gkaissisCaught ForceObjectDelete called by workers>base @gkaissisCaught ForceObjectDelete called by workers>base @gkaissisCaught ForceObjectDelete called by workers>base @gkaissisCaught ForceObjectDelete called by workers>base @gkaissisCaught ForceObjectDelete called by workers>base @gkaissisCaught ForceObjectDelete called by workers>base @gkaissisCaught ForceObjectDelete called by workers>base @gkaissisCaught ForceObjectDelete called by workers>base @gkaissisCaught ForceObjectDelete called by workers>base @gkaissisCaught ForceObjectDelete called by workers>base @gkaissisCaught ForceObjectDelete called by workers>base @gkaissisCaught ForceObjectDelete called by workers>base @gkaissisCaught ForceObjectDelete called by workers>base @gkaissisCaught ForceObjectDelete called by workers>base @gkaissisCaught ForceObjectDelete called by workers>base @gkaissisCaught ForceObjectDelete called by workers>base @gkaissisCaught ForceObjectDelete called by workers>base @gkaissisCaught ForceObjectDelete called by workers>base @gkaissisCaught ForceObjectDelete called by workers>base @gkaissisCaught ForceObjectDelete called by workers>base @gkaissisCaught ForceObjectDelete called by workers>base @gkaissisCaught ForceObjectDelete called by workers>base @gkaissisCaught ForceObjectDelete called by workers>base @gkaissisCaught ForceObjectDelete called by workers>base @gkaissisCaught ForceObjectDelete called by workers>base @gkaissisCaught ForceObjectDelete called by workers>base @gkaissisCaught ForceObjectDelete called by workers>base @gkaissisCaught ForceObjectDelete called by workers>base @gkaissisCaught ForceObjectDelete called by workers>base @gkaissisCaught ForceObjectDelete called by workers>base @gkaissisCaught ForceObjectDelete called by workers>base @gkaissisCaught ForceObjectDelete called by workers>base @gkaissisCaught ForceObjectDelete called by workers>base @gkaissisCaught ForceObjectDelete called by workers>base @gkaissisCaught ForceObjectDelete called by workers>base @gkaissisCaught ForceObjectDelete called by workers>base @gkaissisCaught ForceObjectDelete called by workers>base @gkaissisCaught ForceObjectDelete called by workers>base @gkaissisCaught ForceObjectDelete called by workers>base @gkaissisCaught ForceObjectDelete called by workers>base @gkaissisCaught ForceObjectDelete called by workers>base @gkaissisCaught ForceObjectDelete called by workers>base @gkaissisCaught ForceObjectDelete called by workers>base @gkaissisCaught ForceObjectDelete called by workers>base @gkaissisCaught ForceObjectDelete called by workers>base @gkaissisCaught ForceObjectDelete called by workers>base @gkaissisCaught ForceObjectDelete called by workers>base @gkaissisCaught ForceObjectDelete called by workers>base @gkaissisCaught ForceObjectDelete called by workers>base @gkaissisCaught ForceObjectDelete called by workers>base @gkaissisCaught ForceObjectDelete called by workers>base @gkaissisCaught ForceObjectDelete called by workers>base @gkaissisCaught ForceObjectDelete called by workers>base @gkaissisCaught ForceObjectDelete called by workers>base @gkaissisCaught ForceObjectDelete called by workers>base @gkaissisCaught ForceObjectDelete called by workers>base @gkaissisCaught ForceObjectDelete called by workers>base @gkaissisCaught ForceObjectDelete called by workers>base @gkaissisCaught ForceObjectDelete called by workers>base @gkaissisCaught ForceObjectDelete called by workers>base @gkaissisCaught ForceObjectDelete called by workers>base @gkaissisCaught ForceObjectDelete called by workers>base @gkaissisCaught ForceObjectDelete called by workers>base @gkaissisCaught ForceObjectDelete called by workers>base @gkaissisCaught ForceObjectDelete called by workers>base @gkaissisCaught ForceObjectDelete called by workers>base @gkaissisCaught ForceObjectDelete called by workers>base @gkaissisCaught ForceObjectDelete called by workers>base @gkaissisCaught ForceObjectDelete called by workers>base @gkaissisCaught ForceObjectDelete called by workers>base @gkaissisCaught ForceObjectDelete called by workers>base @gkaissisCaught ForceObjectDelete called by workers>base @gkaissisCaught ForceObjectDelete called by workers>base @gkaissisCaught ForceObjectDelete called by workers>base @gkaissisCaught ForceObjectDelete called by workers>base @gkaissisCaught ForceObjectDelete called by workers>base @gkaissisCaught ForceObjectDelete called by workers>base @gkaissisCaught ForceObjectDelete called by workers>base @gkaissisCaught ForceObjectDelete called by workers>base @gkaissisCaught ForceObjectDelete called by workers>base @gkaissisCaught ForceObjectDelete called by workers>base @gkaissisCaught ForceObjectDelete called by workers>base @gkaissisCaught ForceObjectDelete called by workers>base @gkaissisCaught ForceObjectDelete called by workers>base @gkaissisCaught ForceObjectDelete called by workers>base @gkaissisCaught ForceObjectDelete called by workers>base @gkaissisCaught ForceObjectDelete called by workers>base @gkaissisCaught ForceObjectDelete called by workers>base @gkaissisCaught ForceObjectDelete called by workers>base @gkaissisCaught ForceObjectDelete called by workers>base @gkaissisCaught ForceObjectDelete called by workers>base @gkaissisCaught ForceObjectDelete called by workers>base @gkaissisCaught ForceObjectDelete called by workers>base @gkaissisCaught ForceObjectDelete called by workers>base @gkaissisCaught ForceObjectDelete called by workers>base @gkaissisCaught ForceObjectDelete called by workers>base @gkaissisCaught ForceObjectDelete called by workers>base @gkaissisCaught ForceObjectDelete called by workers>base @gkaissisCaught ForceObjectDelete called by workers>base @gkaissisCaught ForceObjectDelete called by workers>base @gkaissisCaught ForceObjectDelete called by workers>base @gkaissisCaught ForceObjectDelete called by workers>base @gkaissisCaught ForceObjectDelete called by workers>base @gkaissisCaught ForceObjectDelete called by workers>base @gkaissisCaught ForceObjectDelete called by workers>base @gkaissisCaught ForceObjectDelete called by workers>base @gkaissisCaught ForceObjectDelete called by workers>base @gkaissisCaught ForceObjectDelete called by workers>base @gkaissisCaught ForceObjectDelete called by workers>base @gkaissisCaught ForceObjectDelete called by workers>base @gkaissisCaught ForceObjectDelete called by workers>base @gkaissisCaught ForceObjectDelete called by workers>base @gkaissisCaught ForceObjectDelete called by workers>base @gkaissisCaught ForceObjectDelete called by workers>base @gkaissisCaught ForceObjectDelete called by workers>base @gkaissisCaught ForceObjectDelete called by workers>base @gkaissisCaught ForceObjectDelete called by workers>base @gkaissisCaught ForceObjectDelete called by workers>base @gkaissisCaught ForceObjectDelete called by workers>base @gkaissisCaught ForceObjectDelete called by workers>base @gkaissisCaught ForceObjectDelete called by workers>base @gkaissisCaught ForceObjectDelete called by workers>base @gkaissisCaught ForceObjectDelete called by workers>base @gkaissisCaught ForceObjectDelete called by workers>base @gkaissisCaught ForceObjectDelete called by workers>base @gkaissisCaught ForceObjectDelete called by workers>base @gkaissisCaught ForceObjectDelete called by workers>base @gkaissisCaught ForceObjectDelete called by workers>base @gkaissisCaught ForceObjectDelete called by workers>base @gkaissisCaught ForceObjectDelete called by workers>base @gkaissisCaught ForceObjectDelete called by workers>base @gkaissisCaught ForceObjectDelete called by workers>base @gkaissisCaught ForceObjectDelete called by workers>base @gkaissisCaught ForceObjectDelete called by workers>base @gkaissisCaught ForceObjectDelete called by workers>base @gkaissisCaught ForceObjectDelete called by workers>base @gkaissisCaught ForceObjectDelete called by workers>base @gkaissisCaught ForceObjectDelete called by workers>base @gkaissisCaught ForceObjectDelete called by workers>base @gkaissisCaught ForceObjectDelete called by workers>base @gkaissisCaught ForceObjectDelete called by workers>base @gkaissisCaught ForceObjectDelete called by workers>base @gkaissisCaught ForceObjectDelete called by workers>base @gkaissisCaught ForceObjectDelete called by workers>base @gkaissisCaught ForceObjectDelete called by workers>base @gkaissisCaught ForceObjectDelete called by workers>base @gkaissisCaught ForceObjectDelete called by workers>base @gkaissisCaught ForceObjectDelete called by workers>base @gkaissisCaught ForceObjectDelete called by workers>base @gkaissisCaught ForceObjectDelete called by workers>base @gkaissisCaught ForceObjectDelete called by workers>base @gkaissisCaught ForceObjectDelete called by workers>base @gkaissisCaught ForceObjectDelete called by workers>base @gkaissisCaught ForceObjectDelete called by workers>base @gkaissisCaught ForceObjectDelete called by workers>base @gkaissisCaught ForceObjectDelete called by workers>base @gkaissisCaught ForceObjectDelete called by workers>base @gkaissisCaught ForceObjectDelete called by workers>base @gkaissisCaught ForceObjectDelete called by workers>base @gkaissisCaught ForceObjectDelete called by workers>base @gkaissisCaught ForceObjectDelete called by workers>base @gkaissisCaught ForceObjectDelete called by workers>base @gkaissisCaught ForceObjectDelete called by workers>base @gkaissisCaught ForceObjectDelete called by workers>base @gkaissisCaught ForceObjectDelete called by workers>base @gkaissisCaught ForceObjectDelete called by workers>base @gkaissisCaught ForceObjectDelete called by workers>base @gkaissisCaught ForceObjectDelete called by workers>base @gkaissisCaught ForceObjectDelete called by workers>base @gkaissisCaught ForceObjectDelete called by workers>base @gkaissisCaught ForceObjectDelete called by workers>base @gkaissisCaught ForceObjectDelete called by workers>base @gkaissisCaught ForceObjectDelete called by workers>base @gkaissisCaught ForceObjectDelete called by workers>base @gkaissisCaught ForceObjectDelete called by workers>base @gkaissisCaught ForceObjectDelete called by workers>base @gkaissisCaught ForceObjectDelete called by workers>base @gkaissisCaught ForceObjectDelete called by workers>base @gkaissisCaught ForceObjectDelete called by workers>base @gkaissisCaught ForceObjectDelete called by workers>base @gkaissisCaught ForceObjectDelete called by workers>base @gkaissisCaught ForceObjectDelete called by workers>base @gkaissisCaught ForceObjectDelete called by workers>base @gkaissisCaught ForceObjectDelete called by workers>base @gkaissisCaught ForceObjectDelete called by workers>base @gkaissisCaught ForceObjectDelete called by workers>base @gkaissisCaught ForceObjectDelete called by workers>base @gkaissisCaught ForceObjectDelete called by workers>base @gkaissisCaught ForceObjectDelete called by workers>base @gkaissisCaught ForceObjectDelete called by workers>base @gkaissisCaught ForceObjectDelete called by workers>base @gkaissisCaught ForceObjectDelete called by workers>base @gkaissisCaught ForceObjectDelete called by workers>base @gkaissisCaught ForceObjectDelete called by workers>base @gkaissisCaught ForceObjectDelete called by workers>base @gkaissisCaught ForceObjectDelete called by workers>base @gkaissisCaught ForceObjectDelete called by workers>base @gkaissisCaught ForceObjectDelete called by workers>base @gkaissisCaught ForceObjectDelete called by workers>base @gkaissisCaught ForceObjectDelete called by workers>base @gkaissisCaught ForceObjectDelete called by workers>base @gkaissisCaught ForceObjectDelete called by workers>base @gkaissisCaught ForceObjectDelete called by workers>base @gkaissisCaught ForceObjectDelete called by workers>base @gkaissisCaught ForceObjectDelete called by workers>base @gkaissisCaught ForceObjectDelete called by workers>base @gkaissisCaught ForceObjectDelete called by workers>base @gkaissisCaught ForceObjectDelete called by workers>base @gkaissisCaught ForceObjectDelete called by workers>base @gkaissisCaught ForceObjectDelete called by workers>base @gkaissisCaught ForceObjectDelete called by workers>base @gkaissisCaught ForceObjectDelete called by workers>base @gkaissisCaught ForceObjectDelete called by workers>base @gkaissisCaught ForceObjectDelete called by workers>base @gkaissisCaught ForceObjectDelete called by workers>base @gkaissisCaught ForceObjectDelete called by workers>base @gkaissisCaught ForceObjectDelete called by workers>base @gkaissisCaught ForceObjectDelete called by workers>base @gkaissisCaught ForceObjectDelete called by workers>base @gkaissisCaught ForceObjectDelete called by workers>base @gkaissisCaught ForceObjectDelete called by workers>base @gkaissisCaught ForceObjectDelete called by workers>base @gkaissisCaught ForceObjectDelete called by workers>base @gkaissisCaught ForceObjectDelete called by workers>base @gkaissisCaught ForceObjectDelete called by workers>base @gkaissisCaught ForceObjectDelete called by workers>base @gkaissisCaught ForceObjectDelete called by workers>base @gkaissisCaught ForceObjectDelete called by workers>base @gkaissisCaught ForceObjectDelete called by workers>base @gkaissisCaught ForceObjectDelete called by workers>base @gkaissisCaught ForceObjectDelete called by workers>base @gkaissisCaught ForceObjectDelete called by workers>base @gkaissisCaught ForceObjectDelete called by workers>base @gkaissisCaught ForceObjectDelete called by workers>base @gkaissisCaught ForceObjectDelete called by workers>base @gkaissisCaught ForceObjectDelete called by workers>base @gkaissisCaught ForceObjectDelete called by workers>base @gkaissisCaught ForceObjectDelete called by workers>base @gkaissisCaught ForceObjectDelete called by workers>base @gkaissisCaught ForceObjectDelete called by workers>base @gkaissisCaught ForceObjectDelete called by workers>base @gkaissisCaught ForceObjectDelete called by workers>base @gkaissisCaught ForceObjectDelete called by workers>base @gkaissisCaught ForceObjectDelete called by workers>base @gkaissisCaught ForceObjectDelete called by workers>base @gkaissisCaught ForceObjectDelete called by workers>base @gkaissisCaught ForceObjectDelete called by workers>base @gkaissisCaught ForceObjectDelete called by workers>base @gkaissisCaught ForceObjectDelete called by workers>base @gkaissisCaught ForceObjectDelete called by workers>base @gkaissisCaught ForceObjectDelete called by workers>base @gkaissisCaught ForceObjectDelete called by workers>base @gkaissisCaught ForceObjectDelete called by workers>base @gkaissisCaught ForceObjectDelete called by workers>base @gkaissisCaught ForceObjectDelete called by workers>base @gkaissisCaught ForceObjectDelete called by workers>base @gkaissisCaught ForceObjectDelete called by workers>base @gkaissisCaught ForceObjectDelete called by workers>base @gkaissisCaught ForceObjectDelete called by workers>base @gkaissisCaught ForceObjectDelete called by workers>base @gkaissisCaught ForceObjectDelete called by workers>base @gkaissisCaught ForceObjectDelete called by workers>base @gkaissisCaught ForceObjectDelete called by workers>base @gkaissisCaught ForceObjectDelete called by workers>base @gkaissisCaught ForceObjectDelete called by workers>base @gkaissisCaught ForceObjectDelete called by workers>base @gkaissisCaught ForceObjectDelete called by workers>base @gkaissisCaught ForceObjectDelete called by workers>base @gkaissisCaught ForceObjectDelete called by workers>base @gkaissisCaught ForceObjectDelete called by workers>base @gkaissisCaught ForceObjectDelete called by workers>base @gkaissisCaught ForceObjectDelete called by workers>base @gkaissisCaught ForceObjectDelete called by workers>base @gkaissisCaught ForceObjectDelete called by workers>base @gkaissisCaught ForceObjectDelete called by workers>base @gkaissisCaught ForceObjectDelete called by workers>base @gkaissisCaught ForceObjectDelete called by workers>base @gkaissisCaught ForceObjectDelete called by workers>base @gkaissisCaught ForceObjectDelete called by workers>base @gkaissisCaught ForceObjectDelete called by workers>base @gkaissisCaught ForceObjectDelete called by workers>base @gkaissisCaught ForceObjectDelete called by workers>base @gkaissisCaught ForceObjectDelete called by workers>base @gkaissisCaught ForceObjectDelete called by workers>base @gkaissisCaught ForceObjectDelete called by workers>base @gkaissisCaught ForceObjectDelete called by workers>base @gkaissisCaught ForceObjectDelete called by workers>base @gkaissisCaught ForceObjectDelete called by workers>base @gkaissisCaught ForceObjectDelete called by workers>base @gkaissisCaught ForceObjectDelete called by workers>base @gkaissisCaught ForceObjectDelete called by workers>base @gkaissisCaught ForceObjectDelete called by workers>base @gkaissisCaught ForceObjectDelete called by workers>base @gkaissisCaught ForceObjectDelete called by workers>base @gkaissisCaught ForceObjectDelete called by workers>base @gkaissisCaught ForceObjectDelete called by workers>base @gkaissisCaught ForceObjectDelete called by workers>base @gkaissisCaught ForceObjectDelete called by workers>base @gkaissisCaught ForceObjectDelete called by workers>base @gkaissisCaught ForceObjectDelete called by workers>base @gkaissisCaught ForceObjectDelete called by workers>base @gkaissisCaught ForceObjectDelete called by workers>base @gkaissisCaught ForceObjectDelete called by workers>base @gkaissisCaught ForceObjectDelete called by workers>base @gkaissisCaught ForceObjectDelete called by workers>base @gkaissisCaught ForceObjectDelete called by workers>base @gkaissisCaught ForceObjectDelete called by workers>base @gkaissisCaught ForceObjectDelete called by workers>base @gkaissisCaught ForceObjectDelete called by workers>base @gkaissisCaught ForceObjectDelete called by workers>base @gkaissisCaught ForceObjectDelete called by workers>base @gkaissisCaught ForceObjectDelete called by workers>base @gkaissisCaught ForceObjectDelete called by workers>base @gkaissisCaught ForceObjectDelete called by workers>base @gkaissisCaught ForceObjectDelete called by workers>base @gkaissisCaught ForceObjectDelete called by workers>base @gkaissisCaught ForceObjectDelete called by workers>base @gkaissisCaught ForceObjectDelete called by workers>base @gkaissisCaught ForceObjectDelete called by workers>base @gkaissisCaught ForceObjectDelete called by workers>base @gkaissisCaught ForceObjectDelete called by workers>base @gkaissisCaught ForceObjectDelete called by workers>base @gkaissisCaught ForceObjectDelete called by workers>base @gkaissisCaught ForceObjectDelete called by workers>base @gkaissisCaught ForceObjectDelete called by workers>base @gkaissisCaught ForceObjectDelete called by workers>base @gkaissisCaught ForceObjectDelete called by workers>base @gkaissisCaught ForceObjectDelete called by workers>base @gkaissisCaught ForceObjectDelete called by workers>base @gkaissisCaught ForceObjectDelete called by workers>base @gkaissisCaught ForceObjectDelete called by workers>base @gkaissisCaught ForceObjectDelete called by workers>base @gkaissisCaught ForceObjectDelete called by workers>base @gkaissisCaught ForceObjectDelete called by workers>base @gkaissisCaught ForceObjectDelete called by workers>base @gkaissisCaught ForceObjectDelete called by workers>base @gkaissisCaught ForceObjectDelete called by workers>base @gkaissisCaught ForceObjectDelete called by workers>base @gkaissisCaught ForceObjectDelete called by workers>base @gkaissisCaught ForceObjectDelete called by workers>base @gkaissisCaught ForceObjectDelete called by workers>base @gkaissisCaught ForceObjectDelete called by workers>base @gkaissisCaught ForceObjectDelete called by workers>base @gkaissisCaught ForceObjectDelete called by workers>base @gkaissisCaught ForceObjectDelete called by workers>base @gkaissisCaught ForceObjectDelete called by workers>base @gkaissisCaught ForceObjectDelete called by workers>base @gkaissisCaught ForceObjectDelete called by workers>base @gkaissisCaught ForceObjectDelete called by workers>base @gkaissisCaught ForceObjectDelete called by workers>base @gkaissisCaught ForceObjectDelete called by workers>base @gkaissisCaught ForceObjectDelete called by workers>base @gkaissisCaught ForceObjectDelete called by workers>base @gkaissisCaught ForceObjectDelete called by workers>base @gkaissisCaught ForceObjectDelete called by workers>base @gkaissisCaught ForceObjectDelete called by workers>base @gkaissisCaught ForceObjectDelete called by workers>base @gkaissisCaught ForceObjectDelete called by workers>base @gkaissisCaught ForceObjectDelete called by workers>base @gkaissisCaught ForceObjectDelete called by workers>base @gkaissisCaught ForceObjectDelete called by workers>base @gkaissisCaught ForceObjectDelete called by workers>base @gkaissisCaught ForceObjectDelete called by workers>base @gkaissisCaught ForceObjectDelete called by workers>base @gkaissisCaught ForceObjectDelete called by workers>base @gkaissisCaught ForceObjectDelete called by workers>base @gkaissisCaught ForceObjectDelete called by workers>base @gkaissisCaught ForceObjectDelete called by workers>base @gkaissisCaught ForceObjectDelete called by workers>base @gkaissisCaught ForceObjectDelete called by workers>base @gkaissisCaught ForceObjectDelete called by workers>base @gkaissisCaught ForceObjectDelete called by workers>base @gkaissisCaught ForceObjectDelete called by workers>base @gkaissisCaught ForceObjectDelete called by workers>base @gkaissisCaught ForceObjectDelete called by workers>base @gkaissisCaught ForceObjectDelete called by workers>base @gkaissisCaught ForceObjectDelete called by workers>base @gkaissisCaught ForceObjectDelete called by workers>base @gkaissisCaught ForceObjectDelete called by workers>base @gkaissisCaught ForceObjectDelete called by workers>base @gkaissisCaught ForceObjectDelete called by workers>base @gkaissisCaught ForceObjectDelete called by workers>base @gkaissisCaught ForceObjectDelete called by workers>base @gkaissisCaught ForceObjectDelete called by workers>base @gkaissisCaught ForceObjectDelete called by workers>base @gkaissisCaught ForceObjectDelete called by workers>base @gkaissisCaught ForceObjectDelete called by workers>base @gkaissisCaught ForceObjectDelete called by workers>base @gkaissisCaught ForceObjectDelete called by workers>base @gkaissisCaught ForceObjectDelete called by workers>base @gkaissisCaught ForceObjectDelete called by workers>base @gkaissisCaught ForceObjectDelete called by workers>base @gkaissisCaught ForceObjectDelete called by workers>base @gkaissisCaught ForceObjectDelete called by workers>base @gkaissisCaught ForceObjectDelete called by workers>base @gkaissisCaught ForceObjectDelete called by workers>base @gkaissisCaught ForceObjectDelete called by workers>base @gkaissisCaught ForceObjectDelete called by workers>base @gkaissisCaught ForceObjectDelete called by workers>base @gkaissisCaught ForceObjectDelete called by workers>base @gkaissisCaught ForceObjectDelete called by workers>base @gkaissisCaught ForceObjectDelete called by workers>base @gkaissisCaught ForceObjectDelete called by workers>base @gkaissisCaught ForceObjectDelete called by workers>base @gkaissisCaught ForceObjectDelete called by workers>base @gkaissisCaught ForceObjectDelete called by workers>base @gkaissisCaught ForceObjectDelete called by workers>base @gkaissisCaught ForceObjectDelete called by workers>base @gkaissisCaught ForceObjectDelete called by workers>base @gkaissisCaught ForceObjectDelete called by workers>base @gkaissisCaught ForceObjectDelete called by workers>base @gkaissisCaught ForceObjectDelete called by workers>base @gkaissisCaught ForceObjectDelete called by workers>base @gkaissisCaught ForceObjectDelete called by workers>base @gkaissisCaught ForceObjectDelete called by workers>base @gkaissisCaught ForceObjectDelete called by workers>base @gkaissisCaught ForceObjectDelete called by workers>base @gkaissisCaught ForceObjectDelete called by workers>base @gkaissisCaught ForceObjectDelete called by workers>base @gkaissisCaught ForceObjectDelete called by workers>base @gkaissisCaught ForceObjectDelete called by workers>base @gkaissisCaught ForceObjectDelete called by workers>base @gkaissisCaught ForceObjectDelete called by workers>base @gkaissisCaught ForceObjectDelete called by workers>base @gkaissisCaught ForceObjectDelete called by workers>base @gkaissisCaught ForceObjectDelete called by workers>base @gkaissisCaught ForceObjectDelete called by workers>base @gkaissisCaught ForceObjectDelete called by workers>base @gkaissisCaught ForceObjectDelete called by workers>base @gkaissisCaught ForceObjectDelete called by workers>base @gkaissisCaught ForceObjectDelete called by workers>base @gkaissisCaught ForceObjectDelete called by workers>base @gkaissisCaught ForceObjectDelete called by workers>base @gkaissisCaught ForceObjectDelete called by workers>base @gkaissisCaught ForceObjectDelete called by workers>base @gkaissisCaught ForceObjectDelete called by workers>base @gkaissisCaught ForceObjectDelete called by workers>base @gkaissisCaught ForceObjectDelete called by workers>base @gkaissisCaught ForceObjectDelete called by workers>base @gkaissisCaught ForceObjectDelete called by workers>base @gkaissisCaught ForceObjectDelete called by workers>base @gkaissisCaught ForceObjectDelete called by workers>base @gkaissisCaught ForceObjectDelete called by workers>base @gkaissisCaught ForceObjectDelete called by workers>base @gkaissisCaught ForceObjectDelete called by workers>base @gkaissisCaught ForceObjectDelete called by workers>base @gkaissisCaught ForceObjectDelete called by workers>base @gkaissisCaught ForceObjectDelete called by workers>base @gkaissisCaught ForceObjectDelete called by workers>base @gkaissisCaught ForceObjectDelete called by workers>base @gkaissisCaught ForceObjectDelete called by workers>base @gkaissisCaught ForceObjectDelete called by workers>base @gkaissisCaught ForceObjectDelete called by workers>base @gkaissisCaught ForceObjectDelete called by workers>base @gkaissisCaught ForceObjectDelete called by workers>base @gkaissisCaught ForceObjectDelete called by workers>base @gkaissisCaught ForceObjectDelete called by workers>base @gkaissisCaught ForceObjectDelete called by workers>base @gkaissisCaught ForceObjectDelete called by workers>base @gkaissisCaught ForceObjectDelete called by workers>base @gkaissisCaught ForceObjectDelete called by workers>base @gkaissisCaught ForceObjectDelete called by workers>base @gkaissisCaught ForceObjectDelete called by workers>base @gkaissisCaught ForceObjectDelete called by workers>base @gkaissisCaught ForceObjectDelete called by workers>base @gkaissisCaught ForceObjectDelete called by workers>base @gkaissisCaught ForceObjectDelete called by workers>base @gkaissisCaught ForceObjectDelete called by workers>base @gkaissisCaught ForceObjectDelete called by workers>base @gkaissisCaught ForceObjectDelete called by workers>base @gkaissisCaught ForceObjectDelete called by workers>base @gkaissisCaught ForceObjectDelete called by workers>base @gkaissisCaught ForceObjectDelete called by workers>base @gkaissisCaught ForceObjectDelete called by workers>base @gkaissisCaught ForceObjectDelete called by workers>base @gkaissisCaught ForceObjectDelete called by workers>base @gkaissisCaught ForceObjectDelete called by workers>base @gkaissisCaught ForceObjectDelete called by workers>base @gkaissisCaught ForceObjectDelete called by workers>base @gkaissisCaught ForceObjectDelete called by workers>base @gkaissisCaught ForceObjectDelete called by workers>base @gkaissisCaught ForceObjectDelete called by workers>base @gkaissisCaught ForceObjectDelete called by workers>base @gkaissisCaught ForceObjectDelete called by workers>base @gkaissisCaught ForceObjectDelete called by workers>base @gkaissisCaught ForceObjectDelete called by workers>base @gkaissisCaught ForceObjectDelete called by workers>base @gkaissisCaught ForceObjectDelete called by workers>base @gkaissisCaught ForceObjectDelete called by workers>base @gkaissisCaught ForceObjectDelete called by workers>base @gkaissisde_register_obj called by generic>pointers>object_pointer @gkaissis
Train batch 0: 100%|██████████| 3/3 [00:06<00:00,  2.17s/it]
                                                            Training with secure aggregation: 100%|██████████| 1/1 [00:06<00:00,  6.55s/it]                                                                               Caught ForceObjectDelete called by workers>base @gkaissisCaught ForceObjectDelete called by workers>base @gkaissisCaught ForceObjectDelete called by workers>base @gkaissisCaught ForceObjectDelete called by workers>base @gkaissistesting epoch 4:   0%|          | 0/12 [00:00<?, ?it/s]testing epoch 4:  33%|███▎      | 4/12 [00:00<00:00, 36.08it/s]testing epoch 4:  58%|█████▊    | 7/12 [00:00<00:00, 31.56it/s]testing epoch 4:  83%|████████▎ | 10/12 [00:00<00:00, 30.97it/s]                                                                Caught ForceObjectDelete called by workers>base @gkaissisCaught ForceObjectDelete called by workers>base @gkaissisCaught ForceObjectDelete called by workers>base @gkaissisCaught ForceObjectDelete called by workers>base @gkaissisCaught ForceObjectDelete called by workers>base @gkaissisCaught ForceObjectDelete called by workers>base @gkaissisCaught ForceObjectDelete called by workers>base @gkaissisCaught ForceObjectDelete called by workers>base @gkaissisCaught ForceObjectDelete called by workers>base @gkaissisCaught ForceObjectDelete called by workers>base @gkaissisCaught ForceObjectDelete called by workers>base @gkaissisCaught ForceObjectDelete called by workers>base @gkaissisCaught ForceObjectDelete called by workers>base @gkaissisCaught ForceObjectDelete called by workers>base @gkaissisCaught ForceObjectDelete called by workers>base @gkaissisCaught ForceObjectDelete called by workers>base @gkaissisCaught ForceObjectDelete called by workers>base @gkaissisCaught ForceObjectDelete called by workers>base @gkaissisCaught ForceObjectDelete called by workers>base @gkaissisCaught ForceObjectDelete called by workers>base @gkaissisCaught ForceObjectDelete called by workers>base @gkaissisCaught ForceObjectDelete called by workers>base @gkaissisCaught ForceObjectDelete called by workers>base @gkaissisCaught ForceObjectDelete called by workers>base @gkaissisCaught ForceObjectDelete called by workers>base @gkaissisCaught ForceObjectDelete called by workers>base @gkaissisCaught ForceObjectDelete called by workers>base @gkaissisCaught ForceObjectDelete called by workers>base @gkaissisCaught ForceObjectDelete called by workers>base @gkaissisCaught ForceObjectDelete called by workers>base @gkaissisCaught ForceObjectDelete called by workers>base @gkaissisCaught ForceObjectDelete called by workers>base @gkaissisCaught ForceObjectDelete called by workers>base @gkaissisCaught ForceObjectDelete called by workers>base @gkaissisCaught ForceObjectDelete called by workers>base @gkaissisCaught ForceObjectDelete called by workers>base @gkaissisCaught ForceObjectDelete called by workers>base @gkaissisCaught ForceObjectDelete called by workers>base @gkaissisCaught ForceObjectDelete called by workers>base @gkaissisCaught ForceObjectDelete called by workers>base @gkaissisCaught ForceObjectDelete called by workers>base @gkaissisCaught ForceObjectDelete called by workers>base @gkaissisCaught ForceObjectDelete called by workers>base @gkaissisCaught ForceObjectDelete called by workers>base @gkaissisCaught ForceObjectDelete called by workers>base @gkaissisCaught ForceObjectDelete called by workers>base @gkaissisCaught ForceObjectDelete called by workers>base @gkaissisCaught ForceObjectDelete called by workers>base @gkaissisCaught ForceObjectDelete called by workers>base @gkaissisCaught ForceObjectDelete called by workers>base @gkaissisCaught ForceObjectDelete called by workers>base @gkaissisCaught ForceObjectDelete called by workers>base @gkaissisCaught ForceObjectDelete called by workers>base @gkaissisCaught ForceObjectDelete called by workers>base @gkaissisCaught ForceObjectDelete called by workers>base @gkaissisCaught ForceObjectDelete called by workers>base @gkaissisCaught ForceObjectDelete called by workers>base @gkaissisCaught ForceObjectDelete called by workers>base @gkaissisCaught ForceObjectDelete called by workers>base @gkaissisCaught ForceObjectDelete called by workers>base @gkaissisCaught ForceObjectDelete called by workers>base @gkaissisCaught ForceObjectDelete called by workers>base @gkaissisCaught ForceObjectDelete called by workers>base @gkaissisCaught ForceObjectDelete called by workers>base @gkaissisCaught ForceObjectDelete called by workers>base @gkaissisCaught ForceObjectDelete called by workers>base @gkaissisCaught ForceObjectDelete called by workers>base @gkaissisCaught ForceObjectDelete called by workers>base @gkaissisCaught ForceObjectDelete called by workers>base @gkaissisCaught ForceObjectDelete called by workers>base @gkaissisCaught ForceObjectDelete called by workers>base @gkaissisCaught ForceObjectDelete called by workers>base @gkaissisCaught ForceObjectDelete called by workers>base @gkaissisCaught ForceObjectDelete called by workers>base @gkaissisCaught ForceObjectDelete called by workers>base @gkaissisCaught ForceObjectDelete called by workers>base @gkaissisCaught ForceObjectDelete called by workers>base @gkaissisCaught ForceObjectDelete called by workers>base @gkaissisCaught ForceObjectDelete called by workers>base @gkaissisCaught ForceObjectDelete called by workers>base @gkaissisCaught ForceObjectDelete called by workers>base @gkaissisCaught ForceObjectDelete called by workers>base @gkaissisCaught ForceObjectDelete called by workers>base @gkaissisCaught ForceObjectDelete called by workers>base @gkaissisCaught ForceObjectDelete called by workers>base @gkaissisCaught ForceObjectDelete called by workers>base @gkaissisCaught ForceObjectDelete called by workers>base @gkaissisCaught ForceObjectDelete called by workers>base @gkaissisCaught ForceObjectDelete called by workers>base @gkaissisCaught ForceObjectDelete called by workers>base @gkaissisCaught ForceObjectDelete called by workers>base @gkaissisCaught ForceObjectDelete called by workers>base @gkaissisCaught ForceObjectDelete called by workers>base @gkaissisCaught ForceObjectDelete called by workers>base @gkaissisCaught ForceObjectDelete called by workers>base @gkaissisCaught ForceObjectDelete called by workers>base @gkaissisCaught ForceObjectDelete called by workers>base @gkaissisCaught ForceObjectDelete called by workers>base @gkaissisCaught ForceObjectDelete called by workers>base @gkaissisCaught ForceObjectDelete called by workers>base @gkaissisCaught ForceObjectDelete called by workers>base @gkaissisCaught ForceObjectDelete called by workers>base @gkaissisCaught ForceObjectDelete called by workers>base @gkaissisCaught ForceObjectDelete called by workers>base @gkaissisCaught ForceObjectDelete called by workers>base @gkaissisCaught ForceObjectDelete called by workers>base @gkaissisCaught ForceObjectDelete called by workers>base @gkaissisCaught ForceObjectDelete called by workers>base @gkaissisCaught ForceObjectDelete called by workers>base @gkaissisCaught ForceObjectDelete called by workers>base @gkaissisCaught ForceObjectDelete called by workers>base @gkaissisCaught ForceObjectDelete called by workers>base @gkaissisCaught ForceObjectDelete called by workers>base @gkaissisCaught ForceObjectDelete called by workers>base @gkaissisCaught ForceObjectDelete called by workers>base @gkaissisCaught ForceObjectDelete called by workers>base @gkaissisCaught ForceObjectDelete called by workers>base @gkaissisCaught ForceObjectDelete called by workers>base @gkaissisCaught ForceObjectDelete called by workers>base @gkaissisCaught ForceObjectDelete called by workers>base @gkaissisCaught ForceObjectDelete called by workers>base @gkaissisCaught ForceObjectDelete called by workers>base @gkaissisCaught ForceObjectDelete called by workers>base @gkaissisCaught ForceObjectDelete called by workers>base @gkaissisCaught ForceObjectDelete called by workers>base @gkaissisCaught ForceObjectDelete called by workers>base @gkaissisCaught ForceObjectDelete called by workers>base @gkaissisCaught ForceObjectDelete called by workers>base @gkaissisCaught ForceObjectDelete called by workers>base @gkaissisCaught ForceObjectDelete called by workers>base @gkaissisCaught ForceObjectDelete called by workers>base @gkaissisCaught ForceObjectDelete called by workers>base @gkaissisCaught ForceObjectDelete called by workers>base @gkaissisCaught ForceObjectDelete called by workers>base @gkaissisCaught ForceObjectDelete called by workers>base @gkaissisCaught ForceObjectDelete called by workers>base @gkaissisCaught ForceObjectDelete called by workers>base @gkaissisCaught ForceObjectDelete called by workers>base @gkaissisCaught ForceObjectDelete called by workers>base @gkaissisCaught ForceObjectDelete called by workers>base @gkaissisCaught ForceObjectDelete called by workers>base @gkaissisCaught ForceObjectDelete called by workers>base @gkaissisCaught ForceObjectDelete called by workers>base @gkaissisCaught ForceObjectDelete called by workers>base @gkaissisCaught ForceObjectDelete called by workers>base @gkaissisCaught ForceObjectDelete called by workers>base @gkaissisCaught ForceObjectDelete called by workers>base @gkaissisCaught ForceObjectDelete called by workers>base @gkaissisCaught ForceObjectDelete called by workers>base @gkaissisCaught ForceObjectDelete called by workers>base @gkaissisCaught ForceObjectDelete called by workers>base @gkaissisCaught ForceObjectDelete called by workers>base @gkaissisCaught ForceObjectDelete called by workers>base @gkaissisCaught ForceObjectDelete called by workers>base @gkaissisCaught ForceObjectDelete called by workers>base @gkaissisCaught ForceObjectDelete called by workers>base @gkaissisCaught ForceObjectDelete called by workers>base @gkaissisCaught ForceObjectDelete called by workers>base @gkaissisCaught ForceObjectDelete called by workers>base @gkaissisCaught ForceObjectDelete called by workers>base @gkaissisCaught ForceObjectDelete called by workers>base @gkaissisCaught ForceObjectDelete called by workers>base @gkaissisCaught ForceObjectDelete called by workers>base @gkaissisCaught ForceObjectDelete called by workers>base @gkaissisCaught ForceObjectDelete called by workers>base @gkaissisCaught ForceObjectDelete called by workers>base @gkaissisCaught ForceObjectDelete called by workers>base @gkaissisCaught ForceObjectDelete called by workers>base @gkaissisCaught ForceObjectDelete called by workers>base @gkaissisCaught ForceObjectDelete called by workers>base @gkaissisCaught ForceObjectDelete called by workers>base @gkaissisCaught ForceObjectDelete called by workers>base @gkaissisCaught ForceObjectDelete called by workers>base @gkaissisCaught ForceObjectDelete called by workers>base @gkaissisCaught ForceObjectDelete called by workers>base @gkaissisCaught ForceObjectDelete called by workers>base @gkaissisCaught ForceObjectDelete called by workers>base @gkaissisCaught ForceObjectDelete called by workers>base @gkaissisCaught ForceObjectDelete called by workers>base @gkaissisCaught ForceObjectDelete called by workers>base @gkaissisCaught ForceObjectDelete called by workers>base @gkaissisCaught ForceObjectDelete called by workers>base @gkaissisCaught ForceObjectDelete called by workers>base @gkaissisCaught ForceObjectDelete called by workers>base @gkaissisCaught ForceObjectDelete called by workers>base @gkaissisCaught ForceObjectDelete called by workers>base @gkaissisCaught ForceObjectDelete called by workers>base @gkaissisCaught ForceObjectDelete called by workers>base @gkaissisCaught ForceObjectDelete called by workers>base @gkaissisCaught ForceObjectDelete called by workers>base @gkaissisCaught ForceObjectDelete called by workers>base @gkaissisCaught ForceObjectDelete called by workers>base @gkaissisCaught ForceObjectDelete called by workers>base @gkaissisCaught ForceObjectDelete called by workers>base @gkaissisCaught ForceObjectDelete called by workers>base @gkaissisCaught ForceObjectDelete called by workers>base @gkaissisCaught ForceObjectDelete called by workers>base @gkaissisCaught ForceObjectDelete called by workers>base @gkaissisCaught ForceObjectDelete called by workers>base @gkaissisCaught ForceObjectDelete called by workers>base @gkaissisCaught ForceObjectDelete called by workers>base @gkaissisCaught ForceObjectDelete called by workers>base @gkaissisCaught ForceObjectDelete called by workers>base @gkaissisCaught ForceObjectDelete called by workers>base @gkaissisCaught ForceObjectDelete called by workers>base @gkaissisCaught ForceObjectDelete called by workers>base @gkaissisCaught ForceObjectDelete called by workers>base @gkaissisCaught ForceObjectDelete called by workers>base @gkaissisCaught ForceObjectDelete called by workers>base @gkaissisCaught ForceObjectDelete called by workers>base @gkaissisCaught ForceObjectDelete called by workers>base @gkaissisCaught ForceObjectDelete called by workers>base @gkaissisCaught ForceObjectDelete called by workers>base @gkaissisCaught ForceObjectDelete called by workers>base @gkaissisCaught ForceObjectDelete called by workers>base @gkaissisCaught ForceObjectDelete called by workers>base @gkaissisCaught ForceObjectDelete called by workers>base @gkaissisCaught ForceObjectDelete called by workers>base @gkaissisCaught ForceObjectDelete called by workers>base @gkaissisCaught ForceObjectDelete called by workers>base @gkaissisCaught ForceObjectDelete called by workers>base @gkaissisCaught ForceObjectDelete called by workers>base @gkaissisCaught ForceObjectDelete called by workers>base @gkaissisCaught ForceObjectDelete called by workers>base @gkaissisCaught ForceObjectDelete called by workers>base @gkaissisCaught ForceObjectDelete called by workers>base @gkaissisCaught ForceObjectDelete called by workers>base @gkaissisCaught ForceObjectDelete called by workers>base @gkaissisCaught ForceObjectDelete called by workers>base @gkaissisCaught ForceObjectDelete called by workers>base @gkaissisCaught ForceObjectDelete called by workers>base @gkaissisCaught ForceObjectDelete called by workers>base @gkaissisCaught ForceObjectDelete called by workers>base @gkaissisCaught ForceObjectDelete called by workers>base @gkaissisCaught ForceObjectDelete called by workers>base @gkaissisCaught ForceObjectDelete called by workers>base @gkaissisCaught ForceObjectDelete called by workers>base @gkaissisCaught ForceObjectDelete called by workers>base @gkaissisCaught ForceObjectDelete called by workers>base @gkaissisCaught ForceObjectDelete called by workers>base @gkaissisCaught ForceObjectDelete called by workers>base @gkaissisCaught ForceObjectDelete called by workers>base @gkaissisCaught ForceObjectDelete called by workers>base @gkaissisCaught ForceObjectDelete called by workers>base @gkaissisCaught ForceObjectDelete called by workers>base @gkaissisCaught ForceObjectDelete called by workers>base @gkaissisCaught ForceObjectDelete called by workers>base @gkaissisCaught ForceObjectDelete called by workers>base @gkaissisCaught ForceObjectDelete called by workers>base @gkaissisCaught ForceObjectDelete called by workers>base @gkaissisCaught ForceObjectDelete called by workers>base @gkaissisCaught ForceObjectDelete called by workers>base @gkaissisCaught ForceObjectDelete called by workers>base @gkaissisCaught ForceObjectDelete called by workers>base @gkaissisCaught ForceObjectDelete called by workers>base @gkaissisCaught ForceObjectDelete called by workers>base @gkaissisCaught ForceObjectDelete called by workers>base @gkaissisCaught ForceObjectDelete called by workers>base @gkaissisCaught ForceObjectDelete called by workers>base @gkaissisCaught ForceObjectDelete called by workers>base @gkaissisCaught ForceObjectDelete called by workers>base @gkaissisCaught ForceObjectDelete called by workers>base @gkaissisCaught ForceObjectDelete called by workers>base @gkaissisCaught ForceObjectDelete called by workers>base @gkaissisCaught ForceObjectDelete called by workers>base @gkaissisCaught ForceObjectDelete called by workers>base @gkaissisCaught ForceObjectDelete called by workers>base @gkaissisCaught ForceObjectDelete called by workers>base @gkaissisCaught ForceObjectDelete called by workers>base @gkaissisCaught ForceObjectDelete called by workers>base @gkaissisCaught ForceObjectDelete called by workers>base @gkaissisCaught ForceObjectDelete called by workers>base @gkaissisCaught ForceObjectDelete called by workers>base @gkaissisCaught ForceObjectDelete called by workers>base @gkaissisCaught ForceObjectDelete called by workers>base @gkaissisCaught ForceObjectDelete called by workers>base @gkaissisCaught ForceObjectDelete called by workers>base @gkaissisCaught ForceObjectDelete called by workers>base @gkaissisCaught ForceObjectDelete called by workers>base @gkaissisCaught ForceObjectDelete called by workers>base @gkaissisCaught ForceObjectDelete called by workers>base @gkaissisCaught ForceObjectDelete called by workers>base @gkaissisCaught ForceObjectDelete called by workers>base @gkaissisCaught ForceObjectDelete called by workers>base @gkaissisCaught ForceObjectDelete called by workers>base @gkaissisCaught ForceObjectDelete called by workers>base @gkaissisCaught ForceObjectDelete called by workers>base @gkaissisCaught ForceObjectDelete called by workers>base @gkaissisCaught ForceObjectDelete called by workers>base @gkaissisCaught ForceObjectDelete called by workers>base @gkaissisCaught ForceObjectDelete called by workers>base @gkaissisCaught ForceObjectDelete called by workers>base @gkaissisCaught ForceObjectDelete called by workers>base @gkaissisCaught ForceObjectDelete called by workers>base @gkaissisCaught ForceObjectDelete called by workers>base @gkaissisCaught ForceObjectDelete called by workers>base @gkaissisCaught ForceObjectDelete called by workers>base @gkaissisCaught ForceObjectDelete called by workers>base @gkaissisCaught ForceObjectDelete called by workers>base @gkaissisCaught ForceObjectDelete called by workers>base @gkaissisCaught ForceObjectDelete called by workers>base @gkaissisCaught ForceObjectDelete called by workers>base @gkaissisCaught ForceObjectDelete called by workers>base @gkaissisCaught ForceObjectDelete called by workers>base @gkaissisCaught ForceObjectDelete called by workers>base @gkaissisCaught ForceObjectDelete called by workers>base @gkaissisCaught ForceObjectDelete called by workers>base @gkaissisCaught ForceObjectDelete called by workers>base @gkaissisCaught ForceObjectDelete called by workers>base @gkaissisCaught ForceObjectDelete called by workers>base @gkaissisCaught ForceObjectDelete called by workers>base @gkaissisCaught ForceObjectDelete called by workers>base @gkaissisCaught ForceObjectDelete called by workers>base @gkaissisCaught ForceObjectDelete called by workers>base @gkaissisCaught ForceObjectDelete called by workers>base @gkaissisCaught ForceObjectDelete called by workers>base @gkaissisCaught ForceObjectDelete called by workers>base @gkaissisCaught ForceObjectDelete called by workers>base @gkaissisCaught ForceObjectDelete called by workers>base @gkaissisCaught ForceObjectDelete called by workers>base @gkaissisCaught ForceObjectDelete called by workers>base @gkaissisCaught ForceObjectDelete called by workers>base @gkaissisCaught ForceObjectDelete called by workers>base @gkaissisCaught ForceObjectDelete called by workers>base @gkaissisCaught ForceObjectDelete called by workers>base @gkaissisCaught ForceObjectDelete called by workers>base @gkaissisCaught ForceObjectDelete called by workers>base @gkaissisCaught ForceObjectDelete called by workers>base @gkaissisCaught ForceObjectDelete called by workers>base @gkaissisCaught ForceObjectDelete called by workers>base @gkaissisCaught ForceObjectDelete called by workers>base @gkaissisCaught ForceObjectDelete called by workers>base @gkaissisCaught ForceObjectDelete called by workers>base @gkaissisCaught ForceObjectDelete called by workers>base @gkaissisCaught ForceObjectDelete called by workers>base @gkaissisCaught ForceObjectDelete called by workers>base @gkaissisCaught ForceObjectDelete called by workers>base @gkaissisCaught ForceObjectDelete called by workers>base @gkaissisCaught ForceObjectDelete called by workers>base @gkaissisCaught ForceObjectDelete called by workers>base @gkaissisCaught ForceObjectDelete called by workers>base @gkaissisCaught ForceObjectDelete called by workers>base @gkaissisCaught ForceObjectDelete called by workers>base @gkaissisCaught ForceObjectDelete called by workers>base @gkaissisCaught ForceObjectDelete called by workers>base @gkaissisCaught ForceObjectDelete called by workers>base @gkaissisCaught ForceObjectDelete called by workers>base @gkaissisCaught ForceObjectDelete called by workers>base @gkaissisCaught ForceObjectDelete called by workers>base @gkaissisCaught ForceObjectDelete called by workers>base @gkaissisCaught ForceObjectDelete called by workers>base @gkaissisCaught ForceObjectDelete called by workers>base @gkaissisCaught ForceObjectDelete called by workers>base @gkaissisCaught ForceObjectDelete called by workers>base @gkaissisCaught ForceObjectDelete called by workers>base @gkaissisCaught ForceObjectDelete called by workers>base @gkaissisCaught ForceObjectDelete called by workers>base @gkaissisCaught ForceObjectDelete called by workers>base @gkaissisCaught ForceObjectDelete called by workers>base @gkaissisCaught ForceObjectDelete called by workers>base @gkaissisCaught ForceObjectDelete called by workers>base @gkaissisCaught ForceObjectDelete called by workers>base @gkaissisCaught ForceObjectDelete called by workers>base @gkaissisCaught ForceObjectDelete called by workers>base @gkaissisCaught ForceObjectDelete called by workers>base @gkaissisCaught ForceObjectDelete called by workers>base @gkaissisde_register_obj called by generic>pointers>object_pointer @gkaissisde_register_obj called by generic>pointers>object_pointer @gkaissisde_register_obj called by generic>pointers>object_pointer @gkaissisde_register_obj called by generic>pointers>object_pointer @gkaissisde_register_obj called by generic>pointers>object_pointer @gkaissisde_register_obj called by generic>pointers>object_pointer @gkaissisde_register_obj called by generic>pointers>object_pointer @gkaissisde_register_obj called by generic>pointers>object_pointer @gkaissisde_register_obj called by generic>pointers>object_pointer @gkaissisde_register_obj called by generic>pointers>object_pointer @gkaissisde_register_obj called by generic>pointers>object_pointer @gkaissisde_register_obj called by generic>pointers>object_pointer @gkaissisde_register_obj called by generic>pointers>object_pointer @gkaissisde_register_obj called by generic>pointers>object_pointer @gkaissisde_register_obj called by generic>pointers>object_pointer @gkaissisde_register_obj called by generic>pointers>object_pointer @gkaissisde_register_obj called by generic>pointers>object_pointer @gkaissisde_register_obj called by generic>pointers>object_pointer @gkaissisde_register_obj called by generic>pointers>object_pointer @gkaissisde_register_obj called by generic>pointers>object_pointer @gkaissisde_register_obj called by generic>pointers>object_pointer @gkaissisde_register_obj called by generic>pointers>object_pointer @gkaissisde_register_obj called by generic>pointers>object_pointer @gkaissisde_register_obj called by generic>pointers>object_pointer @gkaissisde_register_obj called by generic>pointers>object_pointer @gkaissisde_register_obj called by generic>pointers>object_pointer @gkaissisde_register_obj called by generic>pointers>object_pointer @gkaissisde_register_obj called by generic>pointers>object_pointer @gkaissisde_register_obj called by generic>pointers>object_pointer @gkaissisde_register_obj called by generic>pointers>object_pointer @gkaissisde_register_obj called by generic>pointers>object_pointer @gkaissisde_register_obj called by generic>pointers>object_pointer @gkaissisde_register_obj called by generic>pointers>object_pointer @gkaissisde_register_obj called by generic>pointers>object_pointer @gkaissisde_register_obj called by generic>pointers>object_pointer @gkaissisde_register_obj called by generic>pointers>object_pointer @gkaissisde_register_obj called by generic>pointers>object_pointer @gkaissisde_register_obj called by generic>pointers>object_pointer @gkaissisde_register_obj called by generic>pointers>object_pointer @gkaissisde_register_obj called by generic>pointers>object_pointer @gkaissisde_register_obj called by generic>pointers>object_pointer @gkaissisde_register_obj called by generic>pointers>object_pointer @gkaissisde_register_obj called by generic>pointers>object_pointer @gkaissisde_register_obj called by generic>pointers>object_pointer @gkaissisde_register_obj called by generic>pointers>object_pointer @gkaissisde_register_obj called by generic>pointers>object_pointer @gkaissisde_register_obj called by generic>pointers>object_pointer @gkaissisde_register_obj called by generic>pointers>object_pointer @gkaissisde_register_obj called by generic>pointers>object_pointer @gkaissisde_register_obj called by generic>pointers>object_pointer @gkaissisde_register_obj called by generic>pointers>object_pointer @gkaissisde_register_obj called by generic>pointers>object_pointer @gkaissisde_register_obj called by generic>pointers>object_pointer @gkaissisde_register_obj called by generic>pointers>object_pointer @gkaissisde_register_obj called by generic>pointers>object_pointer @gkaissisde_register_obj called by generic>pointers>object_pointer @gkaissisde_register_obj called by generic>pointers>object_pointer @gkaissisde_register_obj called by generic>pointers>object_pointer @gkaissisde_register_obj called by generic>pointers>object_pointer @gkaissisde_register_obj called by generic>pointers>object_pointer @gkaissisde_register_obj called by generic>pointers>object_pointer @gkaissisde_register_obj called by generic>pointers>object_pointer @gkaissisde_register_obj called by generic>pointers>object_pointer @gkaissisde_register_obj called by generic>pointers>object_pointer @gkaissisde_register_obj called by generic>pointers>object_pointer @gkaissisde_register_obj called by generic>pointers>object_pointer @gkaissisde_register_obj called by generic>pointers>object_pointer @gkaissisde_register_obj called by generic>pointers>object_pointer @gkaissisde_register_obj called by generic>pointers>object_pointer @gkaissisde_register_obj called by generic>pointers>object_pointer @gkaissisde_register_obj called by generic>pointers>object_pointer @gkaissisde_register_obj called by generic>pointers>object_pointer @gkaissisde_register_obj called by generic>pointers>object_pointer @gkaissisde_register_obj called by generic>pointers>object_pointer @gkaissisde_register_obj called by generic>pointers>object_pointer @gkaissisde_register_obj called by generic>pointers>object_pointer @gkaissisde_register_obj called by generic>pointers>object_pointer @gkaissisde_register_obj called by generic>pointers>object_pointer @gkaissisde_register_obj called by generic>pointers>object_pointer @gkaissisde_register_obj called by generic>pointers>object_pointer @gkaissisde_register_obj called by generic>pointers>object_pointer @gkaissisde_register_obj called by generic>pointers>object_pointer @gkaissisde_register_obj called by generic>pointers>object_pointer @gkaissisde_register_obj called by generic>pointers>object_pointer @gkaissisde_register_obj called by generic>pointers>object_pointer @gkaissisde_register_obj called by generic>pointers>object_pointer @gkaissisde_register_obj called by generic>pointers>object_pointer @gkaissisde_register_obj called by generic>pointers>object_pointer @gkaissisde_register_obj called by generic>pointers>object_pointer @gkaissisde_register_obj called by generic>pointers>object_pointer @gkaissisde_register_obj called by generic>pointers>object_pointer @gkaissisde_register_obj called by generic>pointers>object_pointer @gkaissisde_register_obj called by generic>pointers>object_pointer @gkaissisde_register_obj called by generic>pointers>object_pointer @gkaissisde_register_obj called by generic>pointers>object_pointer @gkaissisde_register_obj called by generic>pointers>object_pointer @gkaissisde_register_obj called by generic>pointers>object_pointer @gkaissisde_register_obj called by generic>pointers>object_pointer @gkaissisde_register_obj called by generic>pointers>object_pointer @gkaissisde_register_obj called by generic>pointers>object_pointer @gkaissisde_register_obj called by generic>pointers>object_pointer @gkaissisde_register_obj called by generic>pointers>object_pointer @gkaissisde_register_obj called by generic>pointers>object_pointer @gkaissisde_register_obj called by generic>pointers>object_pointer @gkaissisde_register_obj called by generic>pointers>object_pointer @gkaissisde_register_obj called by generic>pointers>object_pointer @gkaissisde_register_obj called by generic>pointers>object_pointer @gkaissisde_register_obj called by generic>pointers>object_pointer @gkaissisde_register_obj called by generic>pointers>object_pointer @gkaissisde_register_obj called by generic>pointers>object_pointer @gkaissisde_register_obj called by generic>pointers>object_pointer @gkaissisde_register_obj called by generic>pointers>object_pointer @gkaissisde_register_obj called by generic>pointers>object_pointer @gkaissisde_register_obj called by generic>pointers>object_pointer @gkaissisde_register_obj called by generic>pointers>object_pointer @gkaissisde_register_obj called by generic>pointers>object_pointer @gkaissisde_register_obj called by generic>pointers>object_pointer @gkaissisde_register_obj called by generic>pointers>object_pointer @gkaissisde_register_obj called by generic>pointers>object_pointer @gkaissisde_register_obj called by generic>pointers>object_pointer @gkaissisde_register_obj called by generic>pointers>object_pointer @gkaissisde_register_obj called by generic>pointers>object_pointer @gkaissisCaught ForceObjectDelete called by workers>base @gkaissisCaught ForceObjectDelete called by workers>base @gkaissisCaught ForceObjectDelete called by workers>base @gkaissisCaught ForceObjectDelete called by workers>base @gkaissisCaught ForceObjectDelete called by workers>base @gkaissisCaught ForceObjectDelete called by workers>base @gkaissisCaught ForceObjectDelete called by workers>base @gkaissisCaught ForceObjectDelete called by workers>base @gkaissisCaught ForceObjectDelete called by workers>base @gkaissisCaught ForceObjectDelete called by workers>base @gkaissisCaught ForceObjectDelete called by workers>base @gkaissisCaught ForceObjectDelete called by workers>base @gkaissisCaught ForceObjectDelete called by workers>base @gkaissisCaught ForceObjectDelete called by workers>base @gkaissisCaught ForceObjectDelete called by workers>base @gkaissisCaught ForceObjectDelete called by workers>base @gkaissisCaught ForceObjectDelete called by workers>base @gkaissisCaught ForceObjectDelete called by workers>base @gkaissisCaught ForceObjectDelete called by workers>base @gkaissisCaught ForceObjectDelete called by workers>base @gkaissisCaught ForceObjectDelete called by workers>base @gkaissisCaught ForceObjectDelete called by workers>base @gkaissisCaught ForceObjectDelete called by workers>base @gkaissisCaught ForceObjectDelete called by workers>base @gkaissisCaught ForceObjectDelete called by workers>base @gkaissisCaught ForceObjectDelete called by workers>base @gkaissisCaught ForceObjectDelete called by workers>base @gkaissisCaught ForceObjectDelete called by workers>base @gkaissisCaught ForceObjectDelete called by workers>base @gkaissisCaught ForceObjectDelete called by workers>base @gkaissisCaught ForceObjectDelete called by workers>base @gkaissisCaught ForceObjectDelete called by workers>base @gkaissisCaught ForceObjectDelete called by workers>base @gkaissisCaught ForceObjectDelete called by workers>base @gkaissisCaught ForceObjectDelete called by workers>base @gkaissisCaught ForceObjectDelete called by workers>base @gkaissisCaught ForceObjectDelete called by workers>base @gkaissisCaught ForceObjectDelete called by workers>base @gkaissisCaught ForceObjectDelete called by workers>base @gkaissisCaught ForceObjectDelete called by workers>base @gkaissisCaught ForceObjectDelete called by workers>base @gkaissisCaught ForceObjectDelete called by workers>base @gkaissisCaught ForceObjectDelete called by workers>base @gkaissisCaught ForceObjectDelete called by workers>base @gkaissisCaught ForceObjectDelete called by workers>base @gkaissisCaught ForceObjectDelete called by workers>base @gkaissisCaught ForceObjectDelete called by workers>base @gkaissisCaught ForceObjectDelete called by workers>base @gkaissisCaught ForceObjectDelete called by workers>base @gkaissisCaught ForceObjectDelete called by workers>base @gkaissisCaught ForceObjectDelete called by workers>base @gkaissisCaught ForceObjectDelete called by workers>base @gkaissisCaught ForceObjectDelete called by workers>base @gkaissisCaught ForceObjectDelete called by workers>base @gkaissisCaught ForceObjectDelete called by workers>base @gkaissisCaught ForceObjectDelete called by workers>base @gkaissisCaught ForceObjectDelete called by workers>base @gkaissisCaught ForceObjectDelete called by workers>base @gkaissisCaught ForceObjectDelete called by workers>base @gkaissisCaught ForceObjectDelete called by workers>base @gkaissisCaught ForceObjectDelete called by workers>base @gkaissisCaught ForceObjectDelete called by workers>base @gkaissisCaught ForceObjectDelete called by workers>base @gkaissisCaught ForceObjectDelete called by workers>base @gkaissisCaught ForceObjectDelete called by workers>base @gkaissisCaught ForceObjectDelete called by workers>base @gkaissisCaught ForceObjectDelete called by workers>base @gkaissisCaught ForceObjectDelete called by workers>base @gkaissisCaught ForceObjectDelete called by workers>base @gkaissisCaught ForceObjectDelete called by workers>base @gkaissisCaught ForceObjectDelete called by workers>base @gkaissisCaught ForceObjectDelete called by workers>base @gkaissisCaught ForceObjectDelete called by workers>base @gkaissisCaught ForceObjectDelete called by workers>base @gkaissisCaught ForceObjectDelete called by workers>base @gkaissisCaught ForceObjectDelete called by workers>base @gkaissisCaught ForceObjectDelete called by workers>base @gkaissisCaught ForceObjectDelete called by workers>base @gkaissisCaught ForceObjectDelete called by workers>base @gkaissisCaught ForceObjectDelete called by workers>base @gkaissisCaught ForceObjectDelete called by workers>base @gkaissisCaught ForceObjectDelete called by workers>base @gkaissisCaught ForceObjectDelete called by workers>base @gkaissisCaught ForceObjectDelete called by workers>base @gkaissisCaught ForceObjectDelete called by workers>base @gkaissisCaught ForceObjectDelete called by workers>base @gkaissisCaught ForceObjectDelete called by workers>base @gkaissisCaught ForceObjectDelete called by workers>base @gkaissisCaught ForceObjectDelete called by workers>base @gkaissisCaught ForceObjectDelete called by workers>base @gkaissisCaught ForceObjectDelete called by workers>base @gkaissisCaught ForceObjectDelete called by workers>base @gkaissisCaught ForceObjectDelete called by workers>base @gkaissisCaught ForceObjectDelete called by workers>base @gkaissisCaught ForceObjectDelete called by workers>base @gkaissisCaught ForceObjectDelete called by workers>base @gkaissisCaught ForceObjectDelete called by workers>base @gkaissisCaught ForceObjectDelete called by workers>base @gkaissisCaught ForceObjectDelete called by workers>base @gkaissisCaught ForceObjectDelete called by workers>base @gkaissisCaught ForceObjectDelete called by workers>base @gkaissisCaught ForceObjectDelete called by workers>base @gkaissisCaught ForceObjectDelete called by workers>base @gkaissisCaught ForceObjectDelete called by workers>base @gkaissisCaught ForceObjectDelete called by workers>base @gkaissisCaught ForceObjectDelete called by workers>base @gkaissisCaught ForceObjectDelete called by workers>base @gkaissisCaught ForceObjectDelete called by workers>base @gkaissisCaught ForceObjectDelete called by workers>base @gkaissisCaught ForceObjectDelete called by workers>base @gkaissisCaught ForceObjectDelete called by workers>base @gkaissisCaught ForceObjectDelete called by workers>base @gkaissisCaught ForceObjectDelete called by workers>base @gkaissisCaught ForceObjectDelete called by workers>base @gkaissisCaught ForceObjectDelete called by workers>base @gkaissisCaught ForceObjectDelete called by workers>base @gkaissisCaught ForceObjectDelete called by workers>base @gkaissisCaught ForceObjectDelete called by workers>base @gkaissisCaught ForceObjectDelete called by workers>base @gkaissisCaught ForceObjectDelete called by workers>base @gkaissisCaught ForceObjectDelete called by workers>base @gkaissisCaught ForceObjectDelete called by workers>base @gkaissisCaught ForceObjectDelete called by workers>base @gkaissisCaught ForceObjectDelete called by workers>base @gkaissisCaught ForceObjectDelete called by workers>base @gkaissisCaught ForceObjectDelete called by workers>base @gkaissisCaught ForceObjectDelete called by workers>base @gkaissisCaught ForceObjectDelete called by workers>base @gkaissisCaught ForceObjectDelete called by workers>base @gkaissisCaught ForceObjectDelete called by workers>base @gkaissisCaught ForceObjectDelete called by workers>base @gkaissisCaught ForceObjectDelete called by workers>base @gkaissisCaught ForceObjectDelete called by workers>base @gkaissisCaught ForceObjectDelete called by workers>base @gkaissisCaught ForceObjectDelete called by workers>base @gkaissisCaught ForceObjectDelete called by workers>base @gkaissisCaught ForceObjectDelete called by workers>base @gkaissisCaught ForceObjectDelete called by workers>base @gkaissisCaught ForceObjectDelete called by workers>base @gkaissisCaught ForceObjectDelete called by workers>base @gkaissisCaught ForceObjectDelete called by workers>base @gkaissisCaught ForceObjectDelete called by workers>base @gkaissisCaught ForceObjectDelete called by workers>base @gkaissisCaught ForceObjectDelete called by workers>base @gkaissisCaught ForceObjectDelete called by workers>base @gkaissisCaught ForceObjectDelete called by workers>base @gkaissisCaught ForceObjectDelete called by workers>base @gkaissisCaught ForceObjectDelete called by workers>base @gkaissisCaught ForceObjectDelete called by workers>base @gkaissisCaught ForceObjectDelete called by workers>base @gkaissisCaught ForceObjectDelete called by workers>base @gkaissisCaught ForceObjectDelete called by workers>base @gkaissisCaught ForceObjectDelete called by workers>base @gkaissisCaught ForceObjectDelete called by workers>base @gkaissisCaught ForceObjectDelete called by workers>base @gkaissisCaught ForceObjectDelete called by workers>base @gkaissisCaught ForceObjectDelete called by workers>base @gkaissisCaught ForceObjectDelete called by workers>base @gkaissisCaught ForceObjectDelete called by workers>base @gkaissisCaught ForceObjectDelete called by workers>base @gkaissisCaught ForceObjectDelete called by workers>base @gkaissisCaught ForceObjectDelete called by workers>base @gkaissisCaught ForceObjectDelete called by workers>base @gkaissisCaught ForceObjectDelete called by workers>base @gkaissisCaught ForceObjectDelete called by workers>base @gkaissisCaught ForceObjectDelete called by workers>base @gkaissisCaught ForceObjectDelete called by workers>base @gkaissisCaught ForceObjectDelete called by workers>base @gkaissisCaught ForceObjectDelete called by workers>base @gkaissisCaught ForceObjectDelete called by workers>base @gkaissisCaught ForceObjectDelete called by workers>base @gkaissisCaught ForceObjectDelete called by workers>base @gkaissisCaught ForceObjectDelete called by workers>base @gkaissisCaught ForceObjectDelete called by workers>base @gkaissisCaught ForceObjectDelete called by workers>base @gkaissisCaught ForceObjectDelete called by workers>base @gkaissisCaught ForceObjectDelete called by workers>base @gkaissisCaught ForceObjectDelete called by workers>base @gkaissisCaught ForceObjectDelete called by workers>base @gkaissisCaught ForceObjectDelete called by workers>base @gkaissisCaught ForceObjectDelete called by workers>base @gkaissisCaught ForceObjectDelete called by workers>base @gkaissisCaught ForceObjectDelete called by workers>base @gkaissisCaught ForceObjectDelete called by workers>base @gkaissisCaught ForceObjectDelete called by workers>base @gkaissisCaught ForceObjectDelete called by workers>base @gkaissisCaught ForceObjectDelete called by workers>base @gkaissisCaught ForceObjectDelete called by workers>base @gkaissisCaught ForceObjectDelete called by workers>base @gkaissisCaught ForceObjectDelete called by workers>base @gkaissisCaught ForceObjectDelete called by workers>base @gkaissisCaught ForceObjectDelete called by workers>base @gkaissisCaught ForceObjectDelete called by workers>base @gkaissisCaught ForceObjectDelete called by workers>base @gkaissisCaught ForceObjectDelete called by workers>base @gkaissisCaught ForceObjectDelete called by workers>base @gkaissisCaught ForceObjectDelete called by workers>base @gkaissisCaught ForceObjectDelete called by workers>base @gkaissisCaught ForceObjectDelete called by workers>base @gkaissisCaught ForceObjectDelete called by workers>base @gkaissisCaught ForceObjectDelete called by workers>base @gkaissisCaught ForceObjectDelete called by workers>base @gkaissisCaught ForceObjectDelete called by workers>base @gkaissisCaught ForceObjectDelete called by workers>base @gkaissisCaught ForceObjectDelete called by workers>base @gkaissisCaught ForceObjectDelete called by workers>base @gkaissisCaught ForceObjectDelete called by workers>base @gkaissisCaught ForceObjectDelete called by workers>base @gkaissisCaught ForceObjectDelete called by workers>base @gkaissisCaught ForceObjectDelete called by workers>base @gkaissisCaught ForceObjectDelete called by workers>base @gkaissisCaught ForceObjectDelete called by workers>base @gkaissisCaught ForceObjectDelete called by workers>base @gkaissisCaught ForceObjectDelete called by workers>base @gkaissisCaught ForceObjectDelete called by workers>base @gkaissisCaught ForceObjectDelete called by workers>base @gkaissisCaught ForceObjectDelete called by workers>base @gkaissisCaught ForceObjectDelete called by workers>base @gkaissisCaught ForceObjectDelete called by workers>base @gkaissisCaught ForceObjectDelete called by workers>base @gkaissisCaught ForceObjectDelete called by workers>base @gkaissisCaught ForceObjectDelete called by workers>base @gkaissisCaught ForceObjectDelete called by workers>base @gkaissisCaught ForceObjectDelete called by workers>base @gkaissisCaught ForceObjectDelete called by workers>base @gkaissisCaught ForceObjectDelete called by workers>base @gkaissisCaught ForceObjectDelete called by workers>base @gkaissisCaught ForceObjectDelete called by workers>base @gkaissisCaught ForceObjectDelete called by workers>base @gkaissisCaught ForceObjectDelete called by workers>base @gkaissisCaught ForceObjectDelete called by workers>base @gkaissisCaught ForceObjectDelete called by workers>base @gkaissisCaught ForceObjectDelete called by workers>base @gkaissisCaught ForceObjectDelete called by workers>base @gkaissisCaught ForceObjectDelete called by workers>base @gkaissisCaught ForceObjectDelete called by workers>base @gkaissisCaught ForceObjectDelete called by workers>base @gkaissisCaught ForceObjectDelete called by workers>base @gkaissisCaught ForceObjectDelete called by workers>base @gkaissisCaught ForceObjectDelete called by workers>base @gkaissisCaught ForceObjectDelete called by workers>base @gkaissisCaught ForceObjectDelete called by workers>base @gkaissisCaught ForceObjectDelete called by workers>base @gkaissisCaught ForceObjectDelete called by workers>base @gkaissisCaught ForceObjectDelete called by workers>base @gkaissisCaught ForceObjectDelete called by workers>base @gkaissisCaught ForceObjectDelete called by workers>base @gkaissisCaught ForceObjectDelete called by workers>base @gkaissisCaught ForceObjectDelete called by workers>base @gkaissisCaught ForceObjectDelete called by workers>base @gkaissisCaught ForceObjectDelete called by workers>base @gkaissisCaught ForceObjectDelete called by workers>base @gkaissisCaught ForceObjectDelete called by workers>base @gkaissisCaught ForceObjectDelete called by workers>base @gkaissisCaught ForceObjectDelete called by workers>base @gkaissisCaught ForceObjectDelete called by workers>base @gkaissisCaught ForceObjectDelete called by workers>base @gkaissisCaught ForceObjectDelete called by workers>base @gkaissisCaught ForceObjectDelete called by workers>base @gkaissisCaught ForceObjectDelete called by workers>base @gkaissisCaught ForceObjectDelete called by workers>base @gkaissisCaught ForceObjectDelete called by workers>base @gkaissisCaught ForceObjectDelete called by workers>base @gkaissisCaught ForceObjectDelete called by workers>base @gkaissisCaught ForceObjectDelete called by workers>base @gkaissisCaught ForceObjectDelete called by workers>base @gkaissisCaught ForceObjectDelete called by workers>base @gkaissisCaught ForceObjectDelete called by workers>base @gkaissisCaught ForceObjectDelete called by workers>base @gkaissisCaught ForceObjectDelete called by workers>base @gkaissisCaught ForceObjectDelete called by workers>base @gkaissisCaught ForceObjectDelete called by workers>base @gkaissisCaught ForceObjectDelete called by workers>base @gkaissisCaught ForceObjectDelete called by workers>base @gkaissisCaught ForceObjectDelete called by workers>base @gkaissisCaught ForceObjectDelete called by workers>base @gkaissisCaught ForceObjectDelete called by workers>base @gkaissisCaught ForceObjectDelete called by workers>base @gkaissisCaught ForceObjectDelete called by workers>base @gkaissisCaught ForceObjectDelete called by workers>base @gkaissisCaught ForceObjectDelete called by workers>base @gkaissisCaught ForceObjectDelete called by workers>base @gkaissisCaught ForceObjectDelete called by workers>base @gkaissisCaught ForceObjectDelete called by workers>base @gkaissisCaught ForceObjectDelete called by workers>base @gkaissisCaught ForceObjectDelete called by workers>base @gkaissisCaught ForceObjectDelete called by workers>base @gkaissisCaught ForceObjectDelete called by workers>base @gkaissisCaught ForceObjectDelete called by workers>base @gkaissisCaught ForceObjectDelete called by workers>base @gkaissisCaught ForceObjectDelete called by workers>base @gkaissisCaught ForceObjectDelete called by workers>base @gkaissisCaught ForceObjectDelete called by workers>base @gkaissisCaught ForceObjectDelete called by workers>base @gkaissisCaught ForceObjectDelete called by workers>base @gkaissisCaught ForceObjectDelete called by workers>base @gkaissisCaught ForceObjectDelete called by workers>base @gkaissisCaught ForceObjectDelete called by workers>base @gkaissisCaught ForceObjectDelete called by workers>base @gkaissisCaught ForceObjectDelete called by workers>base @gkaissisCaught ForceObjectDelete called by workers>base @gkaissisCaught ForceObjectDelete called by workers>base @gkaissisCaught ForceObjectDelete called by workers>base @gkaissisCaught ForceObjectDelete called by workers>base @gkaissisCaught ForceObjectDelete called by workers>base @gkaissisCaught ForceObjectDelete called by workers>base @gkaissisCaught ForceObjectDelete called by workers>base @gkaissisCaught ForceObjectDelete called by workers>base @gkaissisCaught ForceObjectDelete called by workers>base @gkaissisCaught ForceObjectDelete called by workers>base @gkaissisCaught ForceObjectDelete called by workers>base @gkaissisCaught ForceObjectDelete called by workers>base @gkaissisCaught ForceObjectDelete called by workers>base @gkaissisCaught ForceObjectDelete called by workers>base @gkaissisCaught ForceObjectDelete called by workers>base @gkaissisCaught ForceObjectDelete called by workers>base @gkaissisCaught ForceObjectDelete called by workers>base @gkaissisCaught ForceObjectDelete called by workers>base @gkaissisCaught ForceObjectDelete called by workers>base @gkaissisCaught ForceObjectDelete called by workers>base @gkaissisCaught ForceObjectDelete called by workers>base @gkaissisCaught ForceObjectDelete called by workers>base @gkaissisCaught ForceObjectDelete called by workers>base @gkaissisCaught ForceObjectDelete called by workers>base @gkaissisCaught ForceObjectDelete called by workers>base @gkaissisCaught ForceObjectDelete called by workers>base @gkaissisCaught ForceObjectDelete called by workers>base @gkaissisCaught ForceObjectDelete called by workers>base @gkaissisCaught ForceObjectDelete called by workers>base @gkaissisCaught ForceObjectDelete called by workers>base @gkaissisCaught ForceObjectDelete called by workers>base @gkaissisCaught ForceObjectDelete called by workers>base @gkaissisCaught ForceObjectDelete called by workers>base @gkaissisCaught ForceObjectDelete called by workers>base @gkaissisCaught ForceObjectDelete called by workers>base @gkaissisCaught ForceObjectDelete called by workers>base @gkaissisCaught ForceObjectDelete called by workers>base @gkaissisCaught ForceObjectDelete called by workers>base @gkaissisCaught ForceObjectDelete called by workers>base @gkaissisCaught ForceObjectDelete called by workers>base @gkaissisCaught ForceObjectDelete called by workers>base @gkaissisCaught ForceObjectDelete called by workers>base @gkaissisCaught ForceObjectDelete called by workers>base @gkaissisCaught ForceObjectDelete called by workers>base @gkaissisCaught ForceObjectDelete called by workers>base @gkaissisCaught ForceObjectDelete called by workers>base @gkaissisCaught ForceObjectDelete called by workers>base @gkaissisCaught ForceObjectDelete called by workers>base @gkaissisCaught ForceObjectDelete called by workers>base @gkaissisCaught ForceObjectDelete called by workers>base @gkaissisCaught ForceObjectDelete called by workers>base @gkaissisCaught ForceObjectDelete called by workers>base @gkaissisCaught ForceObjectDelete called by workers>base @gkaissisCaught ForceObjectDelete called by workers>base @gkaissisCaught ForceObjectDelete called by workers>base @gkaissisCaught ForceObjectDelete called by workers>base @gkaissisCaught ForceObjectDelete called by workers>base @gkaissisCaught ForceObjectDelete called by workers>base @gkaissisCaught ForceObjectDelete called by workers>base @gkaissisCaught ForceObjectDelete called by workers>base @gkaissisCaught ForceObjectDelete called by workers>base @gkaissisCaught ForceObjectDelete called by workers>base @gkaissisCaught ForceObjectDelete called by workers>base @gkaissisCaught ForceObjectDelete called by workers>base @gkaissisCaught ForceObjectDelete called by workers>base @gkaissisCaught ForceObjectDelete called by workers>base @gkaissisde_register_obj called by generic>pointers>object_pointer @gkaissisde_register_obj called by generic>pointers>object_pointer @gkaissisde_register_obj called by generic>pointers>object_pointer @gkaissisde_register_obj called by generic>pointers>object_pointer @gkaissisde_register_obj called by generic>pointers>object_pointer @gkaissisde_register_obj called by generic>pointers>object_pointer @gkaissisde_register_obj called by generic>pointers>object_pointer @gkaissisde_register_obj called by generic>pointers>object_pointer @gkaissisde_register_obj called by generic>pointers>object_pointer @gkaissisde_register_obj called by generic>pointers>object_pointer @gkaissisde_register_obj called by generic>pointers>object_pointer @gkaissisde_register_obj called by generic>pointers>object_pointer @gkaissisde_register_obj called by generic>pointers>object_pointer @gkaissisde_register_obj called by generic>pointers>object_pointer @gkaissisde_register_obj called by generic>pointers>object_pointer @gkaissisde_register_obj called by generic>pointers>object_pointer @gkaissisde_register_obj called by generic>pointers>object_pointer @gkaissisde_register_obj called by generic>pointers>object_pointer @gkaissisde_register_obj called by generic>pointers>object_pointer @gkaissisde_register_obj called by generic>pointers>object_pointer @gkaissisde_register_obj called by generic>pointers>object_pointer @gkaissisde_register_obj called by generic>pointers>object_pointer @gkaissisde_register_obj called by generic>pointers>object_pointer @gkaissisde_register_obj called by generic>pointers>object_pointer @gkaissisde_register_obj called by generic>pointers>object_pointer @gkaissisde_register_obj called by generic>pointers>object_pointer @gkaissisde_register_obj called by generic>pointers>object_pointer @gkaissisde_register_obj called by generic>pointers>object_pointer @gkaissisde_register_obj called by generic>pointers>object_pointer @gkaissisde_register_obj called by generic>pointers>object_pointer @gkaissisde_register_obj called by generic>pointers>object_pointer @gkaissisde_register_obj called by generic>pointers>object_pointer @gkaissisde_register_obj called by generic>pointers>object_pointer @gkaissisde_register_obj called by generic>pointers>object_pointer @gkaissisde_register_obj called by generic>pointers>object_pointer @gkaissisde_register_obj called by generic>pointers>object_pointer @gkaissisde_register_obj called by generic>pointers>object_pointer @gkaissisde_register_obj called by generic>pointers>object_pointer @gkaissisde_register_obj called by generic>pointers>object_pointer @gkaissisde_register_obj called by generic>pointers>object_pointer @gkaissisde_register_obj called by generic>pointers>object_pointer @gkaissisde_register_obj called by generic>pointers>object_pointer @gkaissisde_register_obj called by generic>pointers>object_pointer @gkaissisde_register_obj called by generic>pointers>object_pointer @gkaissisde_register_obj called by generic>pointers>object_pointer @gkaissisde_register_obj called by generic>pointers>object_pointer @gkaissisde_register_obj called by generic>pointers>object_pointer @gkaissisde_register_obj called by generic>pointers>object_pointer @gkaissisde_register_obj called by generic>pointers>object_pointer @gkaissisde_register_obj called by generic>pointers>object_pointer @gkaissisde_register_obj called by generic>pointers>object_pointer @gkaissisde_register_obj called by generic>pointers>object_pointer @gkaissisde_register_obj called by generic>pointers>object_pointer @gkaissisde_register_obj called by generic>pointers>object_pointer @gkaissisde_register_obj called by generic>pointers>object_pointer @gkaissisde_register_obj called by generic>pointers>object_pointer @gkaissisde_register_obj called by generic>pointers>object_pointer @gkaissisde_register_obj called by generic>pointers>object_pointer @gkaissisde_register_obj called by generic>pointers>object_pointer @gkaissisde_register_obj called by generic>pointers>object_pointer @gkaissisde_register_obj called by generic>pointers>object_pointer @gkaissisde_register_obj called by generic>pointers>object_pointer @gkaissisde_register_obj called by generic>pointers>object_pointer @gkaissisde_register_obj called by generic>pointers>object_pointer @gkaissisde_register_obj called by generic>pointers>object_pointer @gkaissisde_register_obj called by generic>pointers>object_pointer @gkaissisde_register_obj called by generic>pointers>object_pointer @gkaissisde_register_obj called by generic>pointers>object_pointer @gkaissisde_register_obj called by generic>pointers>object_pointer @gkaissisde_register_obj called by generic>pointers>object_pointer @gkaissisde_register_obj called by generic>pointers>object_pointer @gkaissisde_register_obj called by generic>pointers>object_pointer @gkaissisde_register_obj called by generic>pointers>object_pointer @gkaissisde_register_obj called by generic>pointers>object_pointer @gkaissisde_register_obj called by generic>pointers>object_pointer @gkaissisde_register_obj called by generic>pointers>object_pointer @gkaissisde_register_obj called by generic>pointers>object_pointer @gkaissisde_register_obj called by generic>pointers>object_pointer @gkaissisde_register_obj called by generic>pointers>object_pointer @gkaissisde_register_obj called by generic>pointers>object_pointer @gkaissisde_register_obj called by generic>pointers>object_pointer @gkaissisde_register_obj called by generic>pointers>object_pointer @gkaissisde_register_obj called by generic>pointers>object_pointer @gkaissisde_register_obj called by generic>pointers>object_pointer @gkaissisde_register_obj called by generic>pointers>object_pointer @gkaissisde_register_obj called by generic>pointers>object_pointer @gkaissisde_register_obj called by generic>pointers>object_pointer @gkaissisde_register_obj called by generic>pointers>object_pointer @gkaissisde_register_obj called by generic>pointers>object_pointer @gkaissisde_register_obj called by generic>pointers>object_pointer @gkaissisde_register_obj called by generic>pointers>object_pointer @gkaissisde_register_obj called by generic>pointers>object_pointer @gkaissisde_register_obj called by generic>pointers>object_pointer @gkaissisde_register_obj called by generic>pointers>object_pointer @gkaissisde_register_obj called by generic>pointers>object_pointer @gkaissisde_register_obj called by generic>pointers>object_pointer @gkaissisde_register_obj called by generic>pointers>object_pointer @gkaissisde_register_obj called by generic>pointers>object_pointer @gkaissisde_register_obj called by generic>pointers>object_pointer @gkaissisde_register_obj called by generic>pointers>object_pointer @gkaissisde_register_obj called by generic>pointers>object_pointer @gkaissisde_register_obj called by generic>pointers>object_pointer @gkaissisde_register_obj called by generic>pointers>object_pointer @gkaissisde_register_obj called by generic>pointers>object_pointer @gkaissisde_register_obj called by generic>pointers>object_pointer @gkaissisde_register_obj called by generic>pointers>object_pointer @gkaissisde_register_obj called by generic>pointers>object_pointer @gkaissisde_register_obj called by generic>pointers>object_pointer @gkaissisde_register_obj called by generic>pointers>object_pointer @gkaissisde_register_obj called by generic>pointers>object_pointer @gkaissisde_register_obj called by generic>pointers>object_pointer @gkaissisde_register_obj called by generic>pointers>object_pointer @gkaissisde_register_obj called by generic>pointers>object_pointer @gkaissisde_register_obj called by generic>pointers>object_pointer @gkaissisde_register_obj called by generic>pointers>object_pointer @gkaissisde_register_obj called by generic>pointers>object_pointer @gkaissisde_register_obj called by generic>pointers>object_pointer @gkaissisde_register_obj called by generic>pointers>object_pointer @gkaissisde_register_obj called by generic>pointers>object_pointer @gkaissisde_register_obj called by generic>pointers>object_pointer @gkaissisde_register_obj called by generic>pointers>object_pointer @gkaissisde_register_obj called by generic>pointers>object_pointer @gkaissisCaught ForceObjectDelete called by workers>base @gkaissisCaught ForceObjectDelete called by workers>base @gkaissisCaught ForceObjectDelete called by workers>base @gkaissisCaught ForceObjectDelete called by workers>base @gkaissisCaught ForceObjectDelete called by workers>base @gkaissisCaught ForceObjectDelete called by workers>base @gkaissisCaught ForceObjectDelete called by workers>base @gkaissisCaught ForceObjectDelete called by workers>base @gkaissisCaught ForceObjectDelete called by workers>base @gkaissisCaught ForceObjectDelete called by workers>base @gkaissisCaught ForceObjectDelete called by workers>base @gkaissisCaught ForceObjectDelete called by workers>base @gkaissisCaught ForceObjectDelete called by workers>base @gkaissisCaught ForceObjectDelete called by workers>base @gkaissisCaught ForceObjectDelete called by workers>base @gkaissisCaught ForceObjectDelete called by workers>base @gkaissisCaught ForceObjectDelete called by workers>base @gkaissisCaught ForceObjectDelete called by workers>base @gkaissisCaught ForceObjectDelete called by workers>base @gkaissisCaught ForceObjectDelete called by workers>base @gkaissisCaught ForceObjectDelete called by workers>base @gkaissisCaught ForceObjectDelete called by workers>base @gkaissisCaught ForceObjectDelete called by workers>base @gkaissisCaught ForceObjectDelete called by workers>base @gkaissisCaught ForceObjectDelete called by workers>base @gkaissisCaught ForceObjectDelete called by workers>base @gkaissisCaught ForceObjectDelete called by workers>base @gkaissisCaught ForceObjectDelete called by workers>base @gkaissisCaught ForceObjectDelete called by workers>base @gkaissisCaught ForceObjectDelete called by workers>base @gkaissisCaught ForceObjectDelete called by workers>base @gkaissisCaught ForceObjectDelete called by workers>base @gkaissisCaught ForceObjectDelete called by workers>base @gkaissisCaught ForceObjectDelete called by workers>base @gkaissisCaught ForceObjectDelete called by workers>base @gkaissisCaught ForceObjectDelete called by workers>base @gkaissisCaught ForceObjectDelete called by workers>base @gkaissisCaught ForceObjectDelete called by workers>base @gkaissisCaught ForceObjectDelete called by workers>base @gkaissisCaught ForceObjectDelete called by workers>base @gkaissisCaught ForceObjectDelete called by workers>base @gkaissisCaught ForceObjectDelete called by workers>base @gkaissisCaught ForceObjectDelete called by workers>base @gkaissisCaught ForceObjectDelete called by workers>base @gkaissisCaught ForceObjectDelete called by workers>base @gkaissisCaught ForceObjectDelete called by workers>base @gkaissisCaught ForceObjectDelete called by workers>base @gkaissisCaught ForceObjectDelete called by workers>base @gkaissisCaught ForceObjectDelete called by workers>base @gkaissisCaught ForceObjectDelete called by workers>base @gkaissisCaught ForceObjectDelete called by workers>base @gkaissisCaught ForceObjectDelete called by workers>base @gkaissisCaught ForceObjectDelete called by workers>base @gkaissisCaught ForceObjectDelete called by workers>base @gkaissisCaught ForceObjectDelete called by workers>base @gkaissisCaught ForceObjectDelete called by workers>base @gkaissisCaught ForceObjectDelete called by workers>base @gkaissisCaught ForceObjectDelete called by workers>base @gkaissisCaught ForceObjectDelete called by workers>base @gkaissisCaught ForceObjectDelete called by workers>base @gkaissisCaught ForceObjectDelete called by workers>base @gkaissisCaught ForceObjectDelete called by workers>base @gkaissisCaught ForceObjectDelete called by workers>base @gkaissisCaught ForceObjectDelete called by workers>base @gkaissisCaught ForceObjectDelete called by workers>base @gkaissisCaught ForceObjectDelete called by workers>base @gkaissisCaught ForceObjectDelete called by workers>base @gkaissisCaught ForceObjectDelete called by workers>base @gkaissisCaught ForceObjectDelete called by workers>base @gkaissisCaught ForceObjectDelete called by workers>base @gkaissisCaught ForceObjectDelete called by workers>base @gkaissisCaught ForceObjectDelete called by workers>base @gkaissisCaught ForceObjectDelete called by workers>base @gkaissisCaught ForceObjectDelete called by workers>base @gkaissisCaught ForceObjectDelete called by workers>base @gkaissisCaught ForceObjectDelete called by workers>base @gkaissisCaught ForceObjectDelete called by workers>base @gkaissisCaught ForceObjectDelete called by workers>base @gkaissisCaught ForceObjectDelete called by workers>base @gkaissisCaught ForceObjectDelete called by workers>base @gkaissisCaught ForceObjectDelete called by workers>base @gkaissisCaught ForceObjectDelete called by workers>base @gkaissisCaught ForceObjectDelete called by workers>base @gkaissisCaught ForceObjectDelete called by workers>base @gkaissisCaught ForceObjectDelete called by workers>base @gkaissisCaught ForceObjectDelete called by workers>base @gkaissisCaught ForceObjectDelete called by workers>base @gkaissisCaught ForceObjectDelete called by workers>base @gkaissisCaught ForceObjectDelete called by workers>base @gkaissisCaught ForceObjectDelete called by workers>base @gkaissisCaught ForceObjectDelete called by workers>base @gkaissisCaught ForceObjectDelete called by workers>base @gkaissisCaught ForceObjectDelete called by workers>base @gkaissisCaught ForceObjectDelete called by workers>base @gkaissisCaught ForceObjectDelete called by workers>base @gkaissisCaught ForceObjectDelete called by workers>base @gkaissisCaught ForceObjectDelete called by workers>base @gkaissisCaught ForceObjectDelete called by workers>base @gkaissisCaught ForceObjectDelete called by workers>base @gkaissisCaught ForceObjectDelete called by workers>base @gkaissisCaught ForceObjectDelete called by workers>base @gkaissisCaught ForceObjectDelete called by workers>base @gkaissisCaught ForceObjectDelete called by workers>base @gkaissisCaught ForceObjectDelete called by workers>base @gkaissisCaught ForceObjectDelete called by workers>base @gkaissisCaught ForceObjectDelete called by workers>base @gkaissisCaught ForceObjectDelete called by workers>base @gkaissisCaught ForceObjectDelete called by workers>base @gkaissisCaught ForceObjectDelete called by workers>base @gkaissisCaught ForceObjectDelete called by workers>base @gkaissisCaught ForceObjectDelete called by workers>base @gkaissisCaught ForceObjectDelete called by workers>base @gkaissisCaught ForceObjectDelete called by workers>base @gkaissisCaught ForceObjectDelete called by workers>base @gkaissisCaught ForceObjectDelete called by workers>base @gkaissisCaught ForceObjectDelete called by workers>base @gkaissisCaught ForceObjectDelete called by workers>base @gkaissisCaught ForceObjectDelete called by workers>base @gkaissisCaught ForceObjectDelete called by workers>base @gkaissisCaught ForceObjectDelete called by workers>base @gkaissisCaught ForceObjectDelete called by workers>base @gkaissisCaught ForceObjectDelete called by workers>base @gkaissisCaught ForceObjectDelete called by workers>base @gkaissisCaught ForceObjectDelete called by workers>base @gkaissisCaught ForceObjectDelete called by workers>base @gkaissisCaught ForceObjectDelete called by workers>base @gkaissisCaught ForceObjectDelete called by workers>base @gkaissisCaught ForceObjectDelete called by workers>base @gkaissisCaught ForceObjectDelete called by workers>base @gkaissisCaught ForceObjectDelete called by workers>base @gkaissisCaught ForceObjectDelete called by workers>base @gkaissisCaught ForceObjectDelete called by workers>base @gkaissisCaught ForceObjectDelete called by workers>base @gkaissisCaught ForceObjectDelete called by workers>base @gkaissisCaught ForceObjectDelete called by workers>base @gkaissisCaught ForceObjectDelete called by workers>base @gkaissisCaught ForceObjectDelete called by workers>base @gkaissisCaught ForceObjectDelete called by workers>base @gkaissisCaught ForceObjectDelete called by workers>base @gkaissisCaught ForceObjectDelete called by workers>base @gkaissisCaught ForceObjectDelete called by workers>base @gkaissisCaught ForceObjectDelete called by workers>base @gkaissisCaught ForceObjectDelete called by workers>base @gkaissisCaught ForceObjectDelete called by workers>base @gkaissisCaught ForceObjectDelete called by workers>base @gkaissisCaught ForceObjectDelete called by workers>base @gkaissisCaught ForceObjectDelete called by workers>base @gkaissisCaught ForceObjectDelete called by workers>base @gkaissisCaught ForceObjectDelete called by workers>base @gkaissisCaught ForceObjectDelete called by workers>base @gkaissisCaught ForceObjectDelete called by workers>base @gkaissisCaught ForceObjectDelete called by workers>base @gkaissisCaught ForceObjectDelete called by workers>base @gkaissisCaught ForceObjectDelete called by workers>base @gkaissisCaught ForceObjectDelete called by workers>base @gkaissisCaught ForceObjectDelete called by workers>base @gkaissisCaught ForceObjectDelete called by workers>base @gkaissisCaught ForceObjectDelete called by workers>base @gkaissisCaught ForceObjectDelete called by workers>base @gkaissisCaught ForceObjectDelete called by workers>base @gkaissisCaught ForceObjectDelete called by workers>base @gkaissisCaught ForceObjectDelete called by workers>base @gkaissisCaught ForceObjectDelete called by workers>base @gkaissisCaught ForceObjectDelete called by workers>base @gkaissisCaught ForceObjectDelete called by workers>base @gkaissisCaught ForceObjectDelete called by workers>base @gkaissisCaught ForceObjectDelete called by workers>base @gkaissisCaught ForceObjectDelete called by workers>base @gkaissisCaught ForceObjectDelete called by workers>base @gkaissisCaught ForceObjectDelete called by workers>base @gkaissisCaught ForceObjectDelete called by workers>base @gkaissisCaught ForceObjectDelete called by workers>base @gkaissisCaught ForceObjectDelete called by workers>base @gkaissisCaught ForceObjectDelete called by workers>base @gkaissisCaught ForceObjectDelete called by workers>base @gkaissisCaught ForceObjectDelete called by workers>base @gkaissisCaught ForceObjectDelete called by workers>base @gkaissisCaught ForceObjectDelete called by workers>base @gkaissisCaught ForceObjectDelete called by workers>base @gkaissisCaught ForceObjectDelete called by workers>base @gkaissisCaught ForceObjectDelete called by workers>base @gkaissisCaught ForceObjectDelete called by workers>base @gkaissisCaught ForceObjectDelete called by workers>base @gkaissisCaught ForceObjectDelete called by workers>base @gkaissisCaught ForceObjectDelete called by workers>base @gkaissisCaught ForceObjectDelete called by workers>base @gkaissisCaught ForceObjectDelete called by workers>base @gkaissisCaught ForceObjectDelete called by workers>base @gkaissisCaught ForceObjectDelete called by workers>base @gkaissisCaught ForceObjectDelete called by workers>base @gkaissisCaught ForceObjectDelete called by workers>base @gkaissisCaught ForceObjectDelete called by workers>base @gkaissisCaught ForceObjectDelete called by workers>base @gkaissisCaught ForceObjectDelete called by workers>base @gkaissisCaught ForceObjectDelete called by workers>base @gkaissisCaught ForceObjectDelete called by workers>base @gkaissisCaught ForceObjectDelete called by workers>base @gkaissisCaught ForceObjectDelete called by workers>base @gkaissisCaught ForceObjectDelete called by workers>base @gkaissisCaught ForceObjectDelete called by workers>base @gkaissisCaught ForceObjectDelete called by workers>base @gkaissisCaught ForceObjectDelete called by workers>base @gkaissisCaught ForceObjectDelete called by workers>base @gkaissisCaught ForceObjectDelete called by workers>base @gkaissisCaught ForceObjectDelete called by workers>base @gkaissisCaught ForceObjectDelete called by workers>base @gkaissisCaught ForceObjectDelete called by workers>base @gkaissisCaught ForceObjectDelete called by workers>base @gkaissisCaught ForceObjectDelete called by workers>base @gkaissisCaught ForceObjectDelete called by workers>base @gkaissisCaught ForceObjectDelete called by workers>base @gkaissisCaught ForceObjectDelete called by workers>base @gkaissisCaught ForceObjectDelete called by workers>base @gkaissisCaught ForceObjectDelete called by workers>base @gkaissisCaught ForceObjectDelete called by workers>base @gkaissisCaught ForceObjectDelete called by workers>base @gkaissisCaught ForceObjectDelete called by workers>base @gkaissisCaught ForceObjectDelete called by workers>base @gkaissisCaught ForceObjectDelete called by workers>base @gkaissisCaught ForceObjectDelete called by workers>base @gkaissisCaught ForceObjectDelete called by workers>base @gkaissisCaught ForceObjectDelete called by workers>base @gkaissisCaught ForceObjectDelete called by workers>base @gkaissisCaught ForceObjectDelete called by workers>base @gkaissisCaught ForceObjectDelete called by workers>base @gkaissisCaught ForceObjectDelete called by workers>base @gkaissisCaught ForceObjectDelete called by workers>base @gkaissisCaught ForceObjectDelete called by workers>base @gkaissisCaught ForceObjectDelete called by workers>base @gkaissisCaught ForceObjectDelete called by workers>base @gkaissisCaught ForceObjectDelete called by workers>base @gkaissisCaught ForceObjectDelete called by workers>base @gkaissisCaught ForceObjectDelete called by workers>base @gkaissisCaught ForceObjectDelete called by workers>base @gkaissisCaught ForceObjectDelete called by workers>base @gkaissisCaught ForceObjectDelete called by workers>base @gkaissisCaught ForceObjectDelete called by workers>base @gkaissisCaught ForceObjectDelete called by workers>base @gkaissisCaught ForceObjectDelete called by workers>base @gkaissisCaught ForceObjectDelete called by workers>base @gkaissisCaught ForceObjectDelete called by workers>base @gkaissisCaught ForceObjectDelete called by workers>base @gkaissisCaught ForceObjectDelete called by workers>base @gkaissisCaught ForceObjectDelete called by workers>base @gkaissisCaught ForceObjectDelete called by workers>base @gkaissisCaught ForceObjectDelete called by workers>base @gkaissisCaught ForceObjectDelete called by workers>base @gkaissisCaught ForceObjectDelete called by workers>base @gkaissisCaught ForceObjectDelete called by workers>base @gkaissisCaught ForceObjectDelete called by workers>base @gkaissisCaught ForceObjectDelete called by workers>base @gkaissisCaught ForceObjectDelete called by workers>base @gkaissisCaught ForceObjectDelete called by workers>base @gkaissisCaught ForceObjectDelete called by workers>base @gkaissisCaught ForceObjectDelete called by workers>base @gkaissisCaught ForceObjectDelete called by workers>base @gkaissisCaught ForceObjectDelete called by workers>base @gkaissisCaught ForceObjectDelete called by workers>base @gkaissisCaught ForceObjectDelete called by workers>base @gkaissisCaught ForceObjectDelete called by workers>base @gkaissisCaught ForceObjectDelete called by workers>base @gkaissisCaught ForceObjectDelete called by workers>base @gkaissisCaught ForceObjectDelete called by workers>base @gkaissisCaught ForceObjectDelete called by workers>base @gkaissisCaught ForceObjectDelete called by workers>base @gkaissisCaught ForceObjectDelete called by workers>base @gkaissisCaught ForceObjectDelete called by workers>base @gkaissisCaught ForceObjectDelete called by workers>base @gkaissisCaught ForceObjectDelete called by workers>base @gkaissisCaught ForceObjectDelete called by workers>base @gkaissisCaught ForceObjectDelete called by workers>base @gkaissisCaught ForceObjectDelete called by workers>base @gkaissisCaught ForceObjectDelete called by workers>base @gkaissisCaught ForceObjectDelete called by workers>base @gkaissisCaught ForceObjectDelete called by workers>base @gkaissisCaught ForceObjectDelete called by workers>base @gkaissisCaught ForceObjectDelete called by workers>base @gkaissisCaught ForceObjectDelete called by workers>base @gkaissisCaught ForceObjectDelete called by workers>base @gkaissisCaught ForceObjectDelete called by workers>base @gkaissisCaught ForceObjectDelete called by workers>base @gkaissisCaught ForceObjectDelete called by workers>base @gkaissisCaught ForceObjectDelete called by workers>base @gkaissisCaught ForceObjectDelete called by workers>base @gkaissisCaught ForceObjectDelete called by workers>base @gkaissisCaught ForceObjectDelete called by workers>base @gkaissisCaught ForceObjectDelete called by workers>base @gkaissisCaught ForceObjectDelete called by workers>base @gkaissisCaught ForceObjectDelete called by workers>base @gkaissisCaught ForceObjectDelete called by workers>base @gkaissisCaught ForceObjectDelete called by workers>base @gkaissisCaught ForceObjectDelete called by workers>base @gkaissisCaught ForceObjectDelete called by workers>base @gkaissisCaught ForceObjectDelete called by workers>base @gkaissisCaught ForceObjectDelete called by workers>base @gkaissisCaught ForceObjectDelete called by workers>base @gkaissisCaught ForceObjectDelete called by workers>base @gkaissisCaught ForceObjectDelete called by workers>base @gkaissisCaught ForceObjectDelete called by workers>base @gkaissisCaught ForceObjectDelete called by workers>base @gkaissisCaught ForceObjectDelete called by workers>base @gkaissisCaught ForceObjectDelete called by workers>base @gkaissisCaught ForceObjectDelete called by workers>base @gkaissisCaught ForceObjectDelete called by workers>base @gkaissisCaught ForceObjectDelete called by workers>base @gkaissisCaught ForceObjectDelete called by workers>base @gkaissisCaught ForceObjectDelete called by workers>base @gkaissisCaught ForceObjectDelete called by workers>base @gkaissisCaught ForceObjectDelete called by workers>base @gkaissisCaught ForceObjectDelete called by workers>base @gkaissisCaught ForceObjectDelete called by workers>base @gkaissisCaught ForceObjectDelete called by workers>base @gkaissisCaught ForceObjectDelete called by workers>base @gkaissisCaught ForceObjectDelete called by workers>base @gkaissisCaught ForceObjectDelete called by workers>base @gkaissisCaught ForceObjectDelete called by workers>base @gkaissisCaught ForceObjectDelete called by workers>base @gkaissisCaught ForceObjectDelete called by workers>base @gkaissisCaught ForceObjectDelete called by workers>base @gkaissisCaught ForceObjectDelete called by workers>base @gkaissisCaught ForceObjectDelete called by workers>base @gkaissisCaught ForceObjectDelete called by workers>base @gkaissisCaught ForceObjectDelete called by workers>base @gkaissisCaught ForceObjectDelete called by workers>base @gkaissisCaught ForceObjectDelete called by workers>base @gkaissisCaught ForceObjectDelete called by workers>base @gkaissisCaught ForceObjectDelete called by workers>base @gkaissisCaught ForceObjectDelete called by workers>base @gkaissisCaught ForceObjectDelete called by workers>base @gkaissisCaught ForceObjectDelete called by workers>base @gkaissisCaught ForceObjectDelete called by workers>base @gkaissisCaught ForceObjectDelete called by workers>base @gkaissisCaught ForceObjectDelete called by workers>base @gkaissisCaught ForceObjectDelete called by workers>base @gkaissisCaught ForceObjectDelete called by workers>base @gkaissisCaught ForceObjectDelete called by workers>base @gkaissisCaught ForceObjectDelete called by workers>base @gkaissisCaught ForceObjectDelete called by workers>base @gkaissisCaught ForceObjectDelete called by workers>base @gkaissisCaught ForceObjectDelete called by workers>base @gkaissisCaught ForceObjectDelete called by workers>base @gkaissisCaught ForceObjectDelete called by workers>base @gkaissisCaught ForceObjectDelete called by workers>base @gkaissisCaught ForceObjectDelete called by workers>base @gkaissisCaught ForceObjectDelete called by workers>base @gkaissisCaught ForceObjectDelete called by workers>base @gkaissisCaught ForceObjectDelete called by workers>base @gkaissisCaught ForceObjectDelete called by workers>base @gkaissisCaught ForceObjectDelete called by workers>base @gkaissisCaught ForceObjectDelete called by workers>base @gkaissisCaught ForceObjectDelete called by workers>base @gkaissisCaught ForceObjectDelete called by workers>base @gkaissisCaught ForceObjectDelete called by workers>base @gkaissisCaught ForceObjectDelete called by workers>base @gkaissisCaught ForceObjectDelete called by workers>base @gkaissisCaught ForceObjectDelete called by workers>base @gkaissisCaught ForceObjectDelete called by workers>base @gkaissisCaught ForceObjectDelete called by workers>base @gkaissisCaught ForceObjectDelete called by workers>base @gkaissisCaught ForceObjectDelete called by workers>base @gkaissisCaught ForceObjectDelete called by workers>base @gkaissisCaught ForceObjectDelete called by workers>base @gkaissisCaught ForceObjectDelete called by workers>base @gkaissisCaught ForceObjectDelete called by workers>base @gkaissisCaught ForceObjectDelete called by workers>base @gkaissisCaught ForceObjectDelete called by workers>base @gkaissisde_register_obj called by generic>pointers>object_pointer @gkaissisde_register_obj called by generic>pointers>object_pointer @gkaissisde_register_obj called by generic>pointers>object_pointer @gkaissisde_register_obj called by generic>pointers>object_pointer @gkaissisde_register_obj called by generic>pointers>object_pointer @gkaissisde_register_obj called by generic>pointers>object_pointer @gkaissisde_register_obj called by generic>pointers>object_pointer @gkaissisde_register_obj called by generic>pointers>object_pointer @gkaissisde_register_obj called by generic>pointers>object_pointer @gkaissisde_register_obj called by generic>pointers>object_pointer @gkaissisde_register_obj called by generic>pointers>object_pointer @gkaissisde_register_obj called by generic>pointers>object_pointer @gkaissisde_register_obj called by generic>pointers>object_pointer @gkaissisde_register_obj called by generic>pointers>object_pointer @gkaissisde_register_obj called by generic>pointers>object_pointer @gkaissisde_register_obj called by generic>pointers>object_pointer @gkaissisde_register_obj called by generic>pointers>object_pointer @gkaissisde_register_obj called by generic>pointers>object_pointer @gkaissisde_register_obj called by generic>pointers>object_pointer @gkaissisde_register_obj called by generic>pointers>object_pointer @gkaissisde_register_obj called by generic>pointers>object_pointer @gkaissisde_register_obj called by generic>pointers>object_pointer @gkaissisde_register_obj called by generic>pointers>object_pointer @gkaissisde_register_obj called by generic>pointers>object_pointer @gkaissisde_register_obj called by generic>pointers>object_pointer @gkaissisde_register_obj called by generic>pointers>object_pointer @gkaissisde_register_obj called by generic>pointers>object_pointer @gkaissisde_register_obj called by generic>pointers>object_pointer @gkaissisde_register_obj called by generic>pointers>object_pointer @gkaissisde_register_obj called by generic>pointers>object_pointer @gkaissisde_register_obj called by generic>pointers>object_pointer @gkaissisde_register_obj called by generic>pointers>object_pointer @gkaissisde_register_obj called by generic>pointers>object_pointer @gkaissisde_register_obj called by generic>pointers>object_pointer @gkaissisde_register_obj called by generic>pointers>object_pointer @gkaissisde_register_obj called by generic>pointers>object_pointer @gkaissisde_register_obj called by generic>pointers>object_pointer @gkaissisde_register_obj called by generic>pointers>object_pointer @gkaissisde_register_obj called by generic>pointers>object_pointer @gkaissisde_register_obj called by generic>pointers>object_pointer @gkaissisde_register_obj called by generic>pointers>object_pointer @gkaissisde_register_obj called by generic>pointers>object_pointer @gkaissisde_register_obj called by generic>pointers>object_pointer @gkaissisde_register_obj called by generic>pointers>object_pointer @gkaissisde_register_obj called by generic>pointers>object_pointer @gkaissisde_register_obj called by generic>pointers>object_pointer @gkaissisde_register_obj called by generic>pointers>object_pointer @gkaissisde_register_obj called by generic>pointers>object_pointer @gkaissisde_register_obj called by generic>pointers>object_pointer @gkaissisde_register_obj called by generic>pointers>object_pointer @gkaissisde_register_obj called by generic>pointers>object_pointer @gkaissisde_register_obj called by generic>pointers>object_pointer @gkaissisde_register_obj called by generic>pointers>object_pointer @gkaissisde_register_obj called by generic>pointers>object_pointer @gkaissisde_register_obj called by generic>pointers>object_pointer @gkaissisde_register_obj called by generic>pointers>object_pointer @gkaissisde_register_obj called by generic>pointers>object_pointer @gkaissisde_register_obj called by generic>pointers>object_pointer @gkaissisde_register_obj called by generic>pointers>object_pointer @gkaissisde_register_obj called by generic>pointers>object_pointer @gkaissisde_register_obj called by generic>pointers>object_pointer @gkaissisde_register_obj called by generic>pointers>object_pointer @gkaissisde_register_obj called by generic>pointers>object_pointer @gkaissisde_register_obj called by generic>pointers>object_pointer @gkaissisde_register_obj called by generic>pointers>object_pointer @gkaissisde_register_obj called by generic>pointers>object_pointer @gkaissisde_register_obj called by generic>pointers>object_pointer @gkaissisde_register_obj called by generic>pointers>object_pointer @gkaissisde_register_obj called by generic>pointers>object_pointer @gkaissisde_register_obj called by generic>pointers>object_pointer @gkaissisde_register_obj called by generic>pointers>object_pointer @gkaissisde_register_obj called by generic>pointers>object_pointer @gkaissisde_register_obj called by generic>pointers>object_pointer @gkaissisde_register_obj called by generic>pointers>object_pointer @gkaissisde_register_obj called by generic>pointers>object_pointer @gkaissisde_register_obj called by generic>pointers>object_pointer @gkaissisde_register_obj called by generic>pointers>object_pointer @gkaissisde_register_obj called by generic>pointers>object_pointer @gkaissisde_register_obj called by generic>pointers>object_pointer @gkaissisde_register_obj called by generic>pointers>object_pointer @gkaissisde_register_obj called by generic>pointers>object_pointer @gkaissisde_register_obj called by generic>pointers>object_pointer @gkaissisde_register_obj called by generic>pointers>object_pointer @gkaissisde_register_obj called by generic>pointers>object_pointer @gkaissisde_register_obj called by generic>pointers>object_pointer @gkaissisde_register_obj called by generic>pointers>object_pointer @gkaissisde_register_obj called by generic>pointers>object_pointer @gkaissisde_register_obj called by generic>pointers>object_pointer @gkaissisde_register_obj called by generic>pointers>object_pointer @gkaissisde_register_obj called by generic>pointers>object_pointer @gkaissisde_register_obj called by generic>pointers>object_pointer @gkaissisde_register_obj called by generic>pointers>object_pointer @gkaissisde_register_obj called by generic>pointers>object_pointer @gkaissisde_register_obj called by generic>pointers>object_pointer @gkaissisde_register_obj called by generic>pointers>object_pointer @gkaissisde_register_obj called by generic>pointers>object_pointer @gkaissisde_register_obj called by generic>pointers>object_pointer @gkaissisde_register_obj called by generic>pointers>object_pointer @gkaissisde_register_obj called by generic>pointers>object_pointer @gkaissisde_register_obj called by generic>pointers>object_pointer @gkaissisde_register_obj called by generic>pointers>object_pointer @gkaissisde_register_obj called by generic>pointers>object_pointer @gkaissisde_register_obj called by generic>pointers>object_pointer @gkaissisde_register_obj called by generic>pointers>object_pointer @gkaissisde_register_obj called by generic>pointers>object_pointer @gkaissisde_register_obj called by generic>pointers>object_pointer @gkaissisde_register_obj called by generic>pointers>object_pointer @gkaissisde_register_obj called by generic>pointers>object_pointer @gkaissisde_register_obj called by generic>pointers>object_pointer @gkaissisde_register_obj called by generic>pointers>object_pointer @gkaissisde_register_obj called by generic>pointers>object_pointer @gkaissisde_register_obj called by generic>pointers>object_pointer @gkaissisde_register_obj called by generic>pointers>object_pointer @gkaissisde_register_obj called by generic>pointers>object_pointer @gkaissisde_register_obj called by generic>pointers>object_pointer @gkaissisde_register_obj called by generic>pointers>object_pointer @gkaissisde_register_obj called by generic>pointers>object_pointer @gkaissisde_register_obj called by generic>pointers>object_pointer @gkaissisde_register_obj called by generic>pointers>object_pointer @gkaissisde_register_obj called by generic>pointers>object_pointer @gkaissisde_register_obj called by generic>pointers>object_pointer @gkaissisde_register_obj called by generic>pointers>object_pointer @gkaissisCaught ForceObjectDelete called by workers>base @gkaissisCaught ForceObjectDelete called by workers>base @gkaissisCaught ForceObjectDelete called by workers>base @gkaissisCaught ForceObjectDelete called by workers>base @gkaissisCaught ForceObjectDelete called by workers>base @gkaissisCaught ForceObjectDelete called by workers>base @gkaissisCaught ForceObjectDelete called by workers>base @gkaissisCaught ForceObjectDelete called by workers>base @gkaissisCaught ForceObjectDelete called by workers>base @gkaissisCaught ForceObjectDelete called by workers>base @gkaissisCaught ForceObjectDelete called by workers>base @gkaissisCaught ForceObjectDelete called by workers>base @gkaissisCaught ForceObjectDelete called by workers>base @gkaissisCaught ForceObjectDelete called by workers>base @gkaissisCaught ForceObjectDelete called by workers>base @gkaissisCaught ForceObjectDelete called by workers>base @gkaissisCaught ForceObjectDelete called by workers>base @gkaissisCaught ForceObjectDelete called by workers>base @gkaissisCaught ForceObjectDelete called by workers>base @gkaissisCaught ForceObjectDelete called by workers>base @gkaissisCaught ForceObjectDelete called by workers>base @gkaissisCaught ForceObjectDelete called by workers>base @gkaissisCaught ForceObjectDelete called by workers>base @gkaissisCaught ForceObjectDelete called by workers>base @gkaissisCaught ForceObjectDelete called by workers>base @gkaissisCaught ForceObjectDelete called by workers>base @gkaissisCaught ForceObjectDelete called by workers>base @gkaissisCaught ForceObjectDelete called by workers>base @gkaissisCaught ForceObjectDelete called by workers>base @gkaissisCaught ForceObjectDelete called by workers>base @gkaissisCaught ForceObjectDelete called by workers>base @gkaissisCaught ForceObjectDelete called by workers>base @gkaissisCaught ForceObjectDelete called by workers>base @gkaissisCaught ForceObjectDelete called by workers>base @gkaissisCaught ForceObjectDelete called by workers>base @gkaissisCaught ForceObjectDelete called by workers>base @gkaissisCaught ForceObjectDelete called by workers>base @gkaissisCaught ForceObjectDelete called by workers>base @gkaissisCaught ForceObjectDelete called by workers>base @gkaissisCaught ForceObjectDelete called by workers>base @gkaissisCaught ForceObjectDelete called by workers>base @gkaissisCaught ForceObjectDelete called by workers>base @gkaissisCaught ForceObjectDelete called by workers>base @gkaissisCaught ForceObjectDelete called by workers>base @gkaissisCaught ForceObjectDelete called by workers>base @gkaissisCaught ForceObjectDelete called by workers>base @gkaissisCaught ForceObjectDelete called by workers>base @gkaissisCaught ForceObjectDelete called by workers>base @gkaissisCaught ForceObjectDelete called by workers>base @gkaissisCaught ForceObjectDelete called by workers>base @gkaissisCaught ForceObjectDelete called by workers>base @gkaissisCaught ForceObjectDelete called by workers>base @gkaissisCaught ForceObjectDelete called by workers>base @gkaissisCaught ForceObjectDelete called by workers>base @gkaissisCaught ForceObjectDelete called by workers>base @gkaissisCaught ForceObjectDelete called by workers>base @gkaissisCaught ForceObjectDelete called by workers>base @gkaissisCaught ForceObjectDelete called by workers>base @gkaissisCaught ForceObjectDelete called by workers>base @gkaissisCaught ForceObjectDelete called by workers>base @gkaissisCaught ForceObjectDelete called by workers>base @gkaissisCaught ForceObjectDelete called by workers>base @gkaissisCaught ForceObjectDelete called by workers>base @gkaissisCaught ForceObjectDelete called by workers>base @gkaissisCaught ForceObjectDelete called by workers>base @gkaissisCaught ForceObjectDelete called by workers>base @gkaissisCaught ForceObjectDelete called by workers>base @gkaissisCaught ForceObjectDelete called by workers>base @gkaissisCaught ForceObjectDelete called by workers>base @gkaissisCaught ForceObjectDelete called by workers>base @gkaissisCaught ForceObjectDelete called by workers>base @gkaissisCaught ForceObjectDelete called by workers>base @gkaissisCaught ForceObjectDelete called by workers>base @gkaissisCaught ForceObjectDelete called by workers>base @gkaissisCaught ForceObjectDelete called by workers>base @gkaissisCaught ForceObjectDelete called by workers>base @gkaissisCaught ForceObjectDelete called by workers>base @gkaissisCaught ForceObjectDelete called by workers>base @gkaissisCaught ForceObjectDelete called by workers>base @gkaissisCaught ForceObjectDelete called by workers>base @gkaissisCaught ForceObjectDelete called by workers>base @gkaissisCaught ForceObjectDelete called by workers>base @gkaissisCaught ForceObjectDelete called by workers>base @gkaissisCaught ForceObjectDelete called by workers>base @gkaissisCaught ForceObjectDelete called by workers>base @gkaissisCaught ForceObjectDelete called by workers>base @gkaissisCaught ForceObjectDelete called by workers>base @gkaissisCaught ForceObjectDelete called by workers>base @gkaissisCaught ForceObjectDelete called by workers>base @gkaissisCaught ForceObjectDelete called by workers>base @gkaissisCaught ForceObjectDelete called by workers>base @gkaissisCaught ForceObjectDelete called by workers>base @gkaissisCaught ForceObjectDelete called by workers>base @gkaissisCaught ForceObjectDelete called by workers>base @gkaissisCaught ForceObjectDelete called by workers>base @gkaissisCaught ForceObjectDelete called by workers>base @gkaissisCaught ForceObjectDelete called by workers>base @gkaissisCaught ForceObjectDelete called by workers>base @gkaissisCaught ForceObjectDelete called by workers>base @gkaissisCaught ForceObjectDelete called by workers>base @gkaissisCaught ForceObjectDelete called by workers>base @gkaissisCaught ForceObjectDelete called by workers>base @gkaissisCaught ForceObjectDelete called by workers>base @gkaissisCaught ForceObjectDelete called by workers>base @gkaissisCaught ForceObjectDelete called by workers>base @gkaissisCaught ForceObjectDelete called by workers>base @gkaissisCaught ForceObjectDelete called by workers>base @gkaissisCaught ForceObjectDelete called by workers>base @gkaissisCaught ForceObjectDelete called by workers>base @gkaissisCaught ForceObjectDelete called by workers>base @gkaissisCaught ForceObjectDelete called by workers>base @gkaissisCaught ForceObjectDelete called by workers>base @gkaissisCaught ForceObjectDelete called by workers>base @gkaissisCaught ForceObjectDelete called by workers>base @gkaissisCaught ForceObjectDelete called by workers>base @gkaissisCaught ForceObjectDelete called by workers>base @gkaissisCaught ForceObjectDelete called by workers>base @gkaissisCaught ForceObjectDelete called by workers>base @gkaissisCaught ForceObjectDelete called by workers>base @gkaissisCaught ForceObjectDelete called by workers>base @gkaissisCaught ForceObjectDelete called by workers>base @gkaissisCaught ForceObjectDelete called by workers>base @gkaissisCaught ForceObjectDelete called by workers>base @gkaissisCaught ForceObjectDelete called by workers>base @gkaissisCaught ForceObjectDelete called by workers>base @gkaissisCaught ForceObjectDelete called by workers>base @gkaissisCaught ForceObjectDelete called by workers>base @gkaissisCaught ForceObjectDelete called by workers>base @gkaissisCaught ForceObjectDelete called by workers>base @gkaissisCaught ForceObjectDelete called by workers>base @gkaissisCaught ForceObjectDelete called by workers>base @gkaissisCaught ForceObjectDelete called by workers>base @gkaissisCaught ForceObjectDelete called by workers>base @gkaissisCaught ForceObjectDelete called by workers>base @gkaissisCaught ForceObjectDelete called by workers>base @gkaissisCaught ForceObjectDelete called by workers>base @gkaissisCaught ForceObjectDelete called by workers>base @gkaissisCaught ForceObjectDelete called by workers>base @gkaissisCaught ForceObjectDelete called by workers>base @gkaissisCaught ForceObjectDelete called by workers>base @gkaissisCaught ForceObjectDelete called by workers>base @gkaissisCaught ForceObjectDelete called by workers>base @gkaissisCaught ForceObjectDelete called by workers>base @gkaissisCaught ForceObjectDelete called by workers>base @gkaissisCaught ForceObjectDelete called by workers>base @gkaissisCaught ForceObjectDelete called by workers>base @gkaissisCaught ForceObjectDelete called by workers>base @gkaissisCaught ForceObjectDelete called by workers>base @gkaissisCaught ForceObjectDelete called by workers>base @gkaissisCaught ForceObjectDelete called by workers>base @gkaissisCaught ForceObjectDelete called by workers>base @gkaissisCaught ForceObjectDelete called by workers>base @gkaissisCaught ForceObjectDelete called by workers>base @gkaissisCaught ForceObjectDelete called by workers>base @gkaissisCaught ForceObjectDelete called by workers>base @gkaissisCaught ForceObjectDelete called by workers>base @gkaissisCaught ForceObjectDelete called by workers>base @gkaissisCaught ForceObjectDelete called by workers>base @gkaissisCaught ForceObjectDelete called by workers>base @gkaissisCaught ForceObjectDelete called by workers>base @gkaissisCaught ForceObjectDelete called by workers>base @gkaissisCaught ForceObjectDelete called by workers>base @gkaissisCaught ForceObjectDelete called by workers>base @gkaissisCaught ForceObjectDelete called by workers>base @gkaissisCaught ForceObjectDelete called by workers>base @gkaissisCaught ForceObjectDelete called by workers>base @gkaissisCaught ForceObjectDelete called by workers>base @gkaissisCaught ForceObjectDelete called by workers>base @gkaissisCaught ForceObjectDelete called by workers>base @gkaissisCaught ForceObjectDelete called by workers>base @gkaissisCaught ForceObjectDelete called by workers>base @gkaissisCaught ForceObjectDelete called by workers>base @gkaissisCaught ForceObjectDelete called by workers>base @gkaissisCaught ForceObjectDelete called by workers>base @gkaissisCaught ForceObjectDelete called by workers>base @gkaissisCaught ForceObjectDelete called by workers>base @gkaissisCaught ForceObjectDelete called by workers>base @gkaissisCaught ForceObjectDelete called by workers>base @gkaissisCaught ForceObjectDelete called by workers>base @gkaissisCaught ForceObjectDelete called by workers>base @gkaissisCaught ForceObjectDelete called by workers>base @gkaissisCaught ForceObjectDelete called by workers>base @gkaissisCaught ForceObjectDelete called by workers>base @gkaissisCaught ForceObjectDelete called by workers>base @gkaissisCaught ForceObjectDelete called by workers>base @gkaissisCaught ForceObjectDelete called by workers>base @gkaissisCaught ForceObjectDelete called by workers>base @gkaissisCaught ForceObjectDelete called by workers>base @gkaissisCaught ForceObjectDelete called by workers>base @gkaissisCaught ForceObjectDelete called by workers>base @gkaissisCaught ForceObjectDelete called by workers>base @gkaissisCaught ForceObjectDelete called by workers>base @gkaissisCaught ForceObjectDelete called by workers>base @gkaissisCaught ForceObjectDelete called by workers>base @gkaissisCaught ForceObjectDelete called by workers>base @gkaissisCaught ForceObjectDelete called by workers>base @gkaissisCaught ForceObjectDelete called by workers>base @gkaissisCaught ForceObjectDelete called by workers>base @gkaissisCaught ForceObjectDelete called by workers>base @gkaissisCaught ForceObjectDelete called by workers>base @gkaissisCaught ForceObjectDelete called by workers>base @gkaissisCaught ForceObjectDelete called by workers>base @gkaissisCaught ForceObjectDelete called by workers>base @gkaissisCaught ForceObjectDelete called by workers>base @gkaissisCaught ForceObjectDelete called by workers>base @gkaissisCaught ForceObjectDelete called by workers>base @gkaissisCaught ForceObjectDelete called by workers>base @gkaissisCaught ForceObjectDelete called by workers>base @gkaissisCaught ForceObjectDelete called by workers>base @gkaissisCaught ForceObjectDelete called by workers>base @gkaissisCaught ForceObjectDelete called by workers>base @gkaissisCaught ForceObjectDelete called by workers>base @gkaissisCaught ForceObjectDelete called by workers>base @gkaissisCaught ForceObjectDelete called by workers>base @gkaissisCaught ForceObjectDelete called by workers>base @gkaissisCaught ForceObjectDelete called by workers>base @gkaissisCaught ForceObjectDelete called by workers>base @gkaissisCaught ForceObjectDelete called by workers>base @gkaissisCaught ForceObjectDelete called by workers>base @gkaissisCaught ForceObjectDelete called by workers>base @gkaissisCaught ForceObjectDelete called by workers>base @gkaissisCaught ForceObjectDelete called by workers>base @gkaissisCaught ForceObjectDelete called by workers>base @gkaissisCaught ForceObjectDelete called by workers>base @gkaissisCaught ForceObjectDelete called by workers>base @gkaissisCaught ForceObjectDelete called by workers>base @gkaissisCaught ForceObjectDelete called by workers>base @gkaissisCaught ForceObjectDelete called by workers>base @gkaissisCaught ForceObjectDelete called by workers>base @gkaissisCaught ForceObjectDelete called by workers>base @gkaissisCaught ForceObjectDelete called by workers>base @gkaissisCaught ForceObjectDelete called by workers>base @gkaissisCaught ForceObjectDelete called by workers>base @gkaissisCaught ForceObjectDelete called by workers>base @gkaissisCaught ForceObjectDelete called by workers>base @gkaissisCaught ForceObjectDelete called by workers>base @gkaissisCaught ForceObjectDelete called by workers>base @gkaissisCaught ForceObjectDelete called by workers>base @gkaissisCaught ForceObjectDelete called by workers>base @gkaissisCaught ForceObjectDelete called by workers>base @gkaissisCaught ForceObjectDelete called by workers>base @gkaissisCaught ForceObjectDelete called by workers>base @gkaissisCaught ForceObjectDelete called by workers>base @gkaissisCaught ForceObjectDelete called by workers>base @gkaissisCaught ForceObjectDelete called by workers>base @gkaissisCaught ForceObjectDelete called by workers>base @gkaissisCaught ForceObjectDelete called by workers>base @gkaissisCaught ForceObjectDelete called by workers>base @gkaissisCaught ForceObjectDelete called by workers>base @gkaissisCaught ForceObjectDelete called by workers>base @gkaissisCaught ForceObjectDelete called by workers>base @gkaissisCaught ForceObjectDelete called by workers>base @gkaissisCaught ForceObjectDelete called by workers>base @gkaissisCaught ForceObjectDelete called by workers>base @gkaissisCaught ForceObjectDelete called by workers>base @gkaissisCaught ForceObjectDelete called by workers>base @gkaissisCaught ForceObjectDelete called by workers>base @gkaissisCaught ForceObjectDelete called by workers>base @gkaissisCaught ForceObjectDelete called by workers>base @gkaissisCaught ForceObjectDelete called by workers>base @gkaissisCaught ForceObjectDelete called by workers>base @gkaissisCaught ForceObjectDelete called by workers>base @gkaissisCaught ForceObjectDelete called by workers>base @gkaissisCaught ForceObjectDelete called by workers>base @gkaissisCaught ForceObjectDelete called by workers>base @gkaissisCaught ForceObjectDelete called by workers>base @gkaissisCaught ForceObjectDelete called by workers>base @gkaissisCaught ForceObjectDelete called by workers>base @gkaissisCaught ForceObjectDelete called by workers>base @gkaissisCaught ForceObjectDelete called by workers>base @gkaissisCaught ForceObjectDelete called by workers>base @gkaissisCaught ForceObjectDelete called by workers>base @gkaissisCaught ForceObjectDelete called by workers>base @gkaissisCaught ForceObjectDelete called by workers>base @gkaissisCaught ForceObjectDelete called by workers>base @gkaissisCaught ForceObjectDelete called by workers>base @gkaissisCaught ForceObjectDelete called by workers>base @gkaissisCaught ForceObjectDelete called by workers>base @gkaissisCaught ForceObjectDelete called by workers>base @gkaissisCaught ForceObjectDelete called by workers>base @gkaissisCaught ForceObjectDelete called by workers>base @gkaissisCaught ForceObjectDelete called by workers>base @gkaissisCaught ForceObjectDelete called by workers>base @gkaissisCaught ForceObjectDelete called by workers>base @gkaissisCaught ForceObjectDelete called by workers>base @gkaissisCaught ForceObjectDelete called by workers>base @gkaissisCaught ForceObjectDelete called by workers>base @gkaissisCaught ForceObjectDelete called by workers>base @gkaissisCaught ForceObjectDelete called by workers>base @gkaissisCaught ForceObjectDelete called by workers>base @gkaissisCaught ForceObjectDelete called by workers>base @gkaissisCaught ForceObjectDelete called by workers>base @gkaissisCaught ForceObjectDelete called by workers>base @gkaissisCaught ForceObjectDelete called by workers>base @gkaissisCaught ForceObjectDelete called by workers>base @gkaissisCaught ForceObjectDelete called by workers>base @gkaissisCaught ForceObjectDelete called by workers>base @gkaissisCaught ForceObjectDelete called by workers>base @gkaissisCaught ForceObjectDelete called by workers>base @gkaissisCaught ForceObjectDelete called by workers>base @gkaissisCaught ForceObjectDelete called by workers>base @gkaissisCaught ForceObjectDelete called by workers>base @gkaissisCaught ForceObjectDelete called by workers>base @gkaissisCaught ForceObjectDelete called by workers>base @gkaissisCaught ForceObjectDelete called by workers>base @gkaissisCaught ForceObjectDelete called by workers>base @gkaissisCaught ForceObjectDelete called by workers>base @gkaissisCaught ForceObjectDelete called by workers>base @gkaissisCaught ForceObjectDelete called by workers>base @gkaissisCaught ForceObjectDelete called by workers>base @gkaissisCaught ForceObjectDelete called by workers>base @gkaissisCaught ForceObjectDelete called by workers>base @gkaissisCaught ForceObjectDelete called by workers>base @gkaissisCaught ForceObjectDelete called by workers>base @gkaissisCaught ForceObjectDelete called by workers>base @gkaissisCaught ForceObjectDelete called by workers>base @gkaissisCaught ForceObjectDelete called by workers>base @gkaissisCaught ForceObjectDelete called by workers>base @gkaissisCaught ForceObjectDelete called by workers>base @gkaissisCaught ForceObjectDelete called by workers>base @gkaissisCaught ForceObjectDelete called by workers>base @gkaissisCaught ForceObjectDelete called by workers>base @gkaissisCaught ForceObjectDelete called by workers>base @gkaissisCaught ForceObjectDelete called by workers>base @gkaissisCaught ForceObjectDelete called by workers>base @gkaissisCaught ForceObjectDelete called by workers>base @gkaissisCaught ForceObjectDelete called by workers>base @gkaissisCaught ForceObjectDelete called by workers>base @gkaissisCaught ForceObjectDelete called by workers>base @gkaissisCaught ForceObjectDelete called by workers>base @gkaissisCaught ForceObjectDelete called by workers>base @gkaissisCaught ForceObjectDelete called by workers>base @gkaissisCaught ForceObjectDelete called by workers>base @gkaissisCaught ForceObjectDelete called by workers>base @gkaissisCaught ForceObjectDelete called by workers>base @gkaissisCaught ForceObjectDelete called by workers>base @gkaissisCaught ForceObjectDelete called by workers>base @gkaissisCaught ForceObjectDelete called by workers>base @gkaissisCaught ForceObjectDelete called by workers>base @gkaissisCaught ForceObjectDelete called by workers>base @gkaissisCaught ForceObjectDelete called by workers>base @gkaissisCaught ForceObjectDelete called by workers>base @gkaissisCaught ForceObjectDelete called by workers>base @gkaissisCaught ForceObjectDelete called by workers>base @gkaissisCaught ForceObjectDelete called by workers>base @gkaissisCaught ForceObjectDelete called by workers>base @gkaissisCaught ForceObjectDelete called by workers>base @gkaissisCaught ForceObjectDelete called by workers>base @gkaissisCaught ForceObjectDelete called by workers>base @gkaissisCaught ForceObjectDelete called by workers>base @gkaissisCaught ForceObjectDelete called by workers>base @gkaissisCaught ForceObjectDelete called by workers>base @gkaissisCaught ForceObjectDelete called by workers>base @gkaissisCaught ForceObjectDelete called by workers>base @gkaissisCaught ForceObjectDelete called by workers>base @gkaissisCaught ForceObjectDelete called by workers>base @gkaissisCaught ForceObjectDelete called by workers>base @gkaissisCaught ForceObjectDelete called by workers>base @gkaissisCaught ForceObjectDelete called by workers>base @gkaissisCaught ForceObjectDelete called by workers>base @gkaissisCaught ForceObjectDelete called by workers>base @gkaissisCaught ForceObjectDelete called by workers>base @gkaissisCaught ForceObjectDelete called by workers>base @gkaissisCaught ForceObjectDelete called by workers>base @gkaissisCaught ForceObjectDelete called by workers>base @gkaissisCaught ForceObjectDelete called by workers>base @gkaissisCaught ForceObjectDelete called by workers>base @gkaissisCaught ForceObjectDelete called by workers>base @gkaissisCaught ForceObjectDelete called by workers>base @gkaissisCaught ForceObjectDelete called by workers>base @gkaissisCaught ForceObjectDelete called by workers>base @gkaissisCaught ForceObjectDelete called by workers>base @gkaissisTraining with secure aggregation:   0%|          | 0/1 [00:00<?, ?it/s]
Train batch 0:   0%|          | 0/3 [00:00<?, ?it/s]Caught ForceObjectDelete called by workers>base @gkaissisCaught ForceObjectDelete called by workers>base @gkaissisCaught ForceObjectDelete called by workers>base @gkaissisCaught ForceObjectDelete called by workers>base @gkaissisCaught ForceObjectDelete called by workers>base @gkaissisCaught ForceObjectDelete called by workers>base @gkaissisCaught ForceObjectDelete called by workers>base @gkaissisCaught ForceObjectDelete called by workers>base @gkaissisCaught ForceObjectDelete called by workers>base @gkaissisCaught ForceObjectDelete called by workers>base @gkaissisCaught ForceObjectDelete called by workers>base @gkaissisCaught ForceObjectDelete called by workers>base @gkaissisCaught ForceObjectDelete called by workers>base @gkaissisCaught ForceObjectDelete called by workers>base @gkaissisCaught ForceObjectDelete called by workers>base @gkaissisCaught ForceObjectDelete called by workers>base @gkaissisCaught ForceObjectDelete called by workers>base @gkaissisCaught ForceObjectDelete called by workers>base @gkaissisCaught ForceObjectDelete called by workers>base @gkaissisCaught ForceObjectDelete called by workers>base @gkaissisCaught ForceObjectDelete called by workers>base @gkaissisCaught ForceObjectDelete called by workers>base @gkaissisCaught ForceObjectDelete called by workers>base @gkaissisCaught ForceObjectDelete called by workers>base @gkaissisCaught ForceObjectDelete called by workers>base @gkaissisCaught ForceObjectDelete called by workers>base @gkaissisCaught ForceObjectDelete called by workers>base @gkaissisCaught ForceObjectDelete called by workers>base @gkaissisCaught ForceObjectDelete called by workers>base @gkaissisCaught ForceObjectDelete called by workers>base @gkaissisCaught ForceObjectDelete called by workers>base @gkaissisCaught ForceObjectDelete called by workers>base @gkaissisCaught ForceObjectDelete called by workers>base @gkaissisCaught ForceObjectDelete called by workers>base @gkaissisCaught ForceObjectDelete called by workers>base @gkaissisCaught ForceObjectDelete called by workers>base @gkaissisCaught ForceObjectDelete called by workers>base @gkaissisCaught ForceObjectDelete called by workers>base @gkaissisCaught ForceObjectDelete called by workers>base @gkaissisCaught ForceObjectDelete called by workers>base @gkaissisCaught ForceObjectDelete called by workers>base @gkaissisCaught ForceObjectDelete called by workers>base @gkaissisCaught ForceObjectDelete called by workers>base @gkaissisCaught ForceObjectDelete called by workers>base @gkaissisCaught ForceObjectDelete called by workers>base @gkaissisCaught ForceObjectDelete called by workers>base @gkaissisCaught ForceObjectDelete called by workers>base @gkaissisCaught ForceObjectDelete called by workers>base @gkaissisCaught ForceObjectDelete called by workers>base @gkaissisCaught ForceObjectDelete called by workers>base @gkaissisCaught ForceObjectDelete called by workers>base @gkaissisCaught ForceObjectDelete called by workers>base @gkaissisCaught ForceObjectDelete called by workers>base @gkaissisCaught ForceObjectDelete called by workers>base @gkaissisCaught ForceObjectDelete called by workers>base @gkaissisCaught ForceObjectDelete called by workers>base @gkaissisCaught ForceObjectDelete called by workers>base @gkaissisCaught ForceObjectDelete called by workers>base @gkaissisCaught ForceObjectDelete called by workers>base @gkaissisCaught ForceObjectDelete called by workers>base @gkaissisCaught ForceObjectDelete called by workers>base @gkaissisCaught ForceObjectDelete called by workers>base @gkaissisCaught ForceObjectDelete called by workers>base @gkaissisCaught ForceObjectDelete called by workers>base @gkaissisCaught ForceObjectDelete called by workers>base @gkaissisCaught ForceObjectDelete called by workers>base @gkaissisCaught ForceObjectDelete called by workers>base @gkaissisCaught ForceObjectDelete called by workers>base @gkaissisCaught ForceObjectDelete called by workers>base @gkaissisCaught ForceObjectDelete called by workers>base @gkaissisCaught ForceObjectDelete called by workers>base @gkaissisCaught ForceObjectDelete called by workers>base @gkaissisCaught ForceObjectDelete called by workers>base @gkaissisCaught ForceObjectDelete called by workers>base @gkaissisCaught ForceObjectDelete called by workers>base @gkaissisCaught ForceObjectDelete called by workers>base @gkaissisCaught ForceObjectDelete called by workers>base @gkaissisCaught ForceObjectDelete called by workers>base @gkaissisCaught ForceObjectDelete called by workers>base @gkaissisCaught ForceObjectDelete called by workers>base @gkaissisCaught ForceObjectDelete called by workers>base @gkaissisCaught ForceObjectDelete called by workers>base @gkaissisCaught ForceObjectDelete called by workers>base @gkaissisCaught ForceObjectDelete called by workers>base @gkaissisCaught ForceObjectDelete called by workers>base @gkaissisCaught ForceObjectDelete called by workers>base @gkaissisCaught ForceObjectDelete called by workers>base @gkaissisCaught ForceObjectDelete called by workers>base @gkaissisCaught ForceObjectDelete called by workers>base @gkaissisCaught ForceObjectDelete called by workers>base @gkaissisCaught ForceObjectDelete called by workers>base @gkaissisCaught ForceObjectDelete called by workers>base @gkaissisCaught ForceObjectDelete called by workers>base @gkaissisCaught ForceObjectDelete called by workers>base @gkaissisCaught ForceObjectDelete called by workers>base @gkaissisCaught ForceObjectDelete called by workers>base @gkaissisCaught ForceObjectDelete called by workers>base @gkaissisCaught ForceObjectDelete called by workers>base @gkaissisCaught ForceObjectDelete called by workers>base @gkaissisCaught ForceObjectDelete called by workers>base @gkaissisCaught ForceObjectDelete called by workers>base @gkaissisCaught ForceObjectDelete called by workers>base @gkaissisCaught ForceObjectDelete called by workers>base @gkaissisCaught ForceObjectDelete called by workers>base @gkaissisCaught ForceObjectDelete called by workers>base @gkaissisCaught ForceObjectDelete called by workers>base @gkaissisCaught ForceObjectDelete called by workers>base @gkaissisCaught ForceObjectDelete called by workers>base @gkaissisCaught ForceObjectDelete called by workers>base @gkaissisCaught ForceObjectDelete called by workers>base @gkaissisCaught ForceObjectDelete called by workers>base @gkaissisCaught ForceObjectDelete called by workers>base @gkaissisCaught ForceObjectDelete called by workers>base @gkaissisCaught ForceObjectDelete called by workers>base @gkaissisCaught ForceObjectDelete called by workers>base @gkaissisCaught ForceObjectDelete called by workers>base @gkaissisCaught ForceObjectDelete called by workers>base @gkaissisCaught ForceObjectDelete called by workers>base @gkaissisCaught ForceObjectDelete called by workers>base @gkaissisCaught ForceObjectDelete called by workers>base @gkaissisCaught ForceObjectDelete called by workers>base @gkaissisCaught ForceObjectDelete called by workers>base @gkaissisCaught ForceObjectDelete called by workers>base @gkaissisCaught ForceObjectDelete called by workers>base @gkaissisCaught ForceObjectDelete called by workers>base @gkaissisCaught ForceObjectDelete called by workers>base @gkaissisCaught ForceObjectDelete called by workers>base @gkaissisCaught ForceObjectDelete called by workers>base @gkaissisCaught ForceObjectDelete called by workers>base @gkaissisCaught ForceObjectDelete called by workers>base @gkaissisCaught ForceObjectDelete called by workers>base @gkaissisCaught ForceObjectDelete called by workers>base @gkaissisCaught ForceObjectDelete called by workers>base @gkaissisCaught ForceObjectDelete called by workers>base @gkaissisCaught ForceObjectDelete called by workers>base @gkaissisCaught ForceObjectDelete called by workers>base @gkaissisCaught ForceObjectDelete called by workers>base @gkaissisCaught ForceObjectDelete called by workers>base @gkaissisCaught ForceObjectDelete called by workers>base @gkaissisCaught ForceObjectDelete called by workers>base @gkaissisCaught ForceObjectDelete called by workers>base @gkaissisCaught ForceObjectDelete called by workers>base @gkaissisCaught ForceObjectDelete called by workers>base @gkaissisCaught ForceObjectDelete called by workers>base @gkaissisCaught ForceObjectDelete called by workers>base @gkaissisCaught ForceObjectDelete called by workers>base @gkaissisCaught ForceObjectDelete called by workers>base @gkaissisCaught ForceObjectDelete called by workers>base @gkaissisCaught ForceObjectDelete called by workers>base @gkaissisCaught ForceObjectDelete called by workers>base @gkaissisCaught ForceObjectDelete called by workers>base @gkaissisCaught ForceObjectDelete called by workers>base @gkaissisCaught ForceObjectDelete called by workers>base @gkaissisCaught ForceObjectDelete called by workers>base @gkaissisCaught ForceObjectDelete called by workers>base @gkaissisCaught ForceObjectDelete called by workers>base @gkaissisCaught ForceObjectDelete called by workers>base @gkaissisCaught ForceObjectDelete called by workers>base @gkaissisCaught ForceObjectDelete called by workers>base @gkaissisCaught ForceObjectDelete called by workers>base @gkaissisCaught ForceObjectDelete called by workers>base @gkaissisCaught ForceObjectDelete called by workers>base @gkaissisCaught ForceObjectDelete called by workers>base @gkaissisCaught ForceObjectDelete called by workers>base @gkaissisCaught ForceObjectDelete called by workers>base @gkaissisCaught ForceObjectDelete called by workers>base @gkaissisCaught ForceObjectDelete called by workers>base @gkaissisCaught ForceObjectDelete called by workers>base @gkaissisCaught ForceObjectDelete called by workers>base @gkaissisCaught ForceObjectDelete called by workers>base @gkaissisCaught ForceObjectDelete called by workers>base @gkaissisCaught ForceObjectDelete called by workers>base @gkaissisCaught ForceObjectDelete called by workers>base @gkaissisCaught ForceObjectDelete called by workers>base @gkaissisCaught ForceObjectDelete called by workers>base @gkaissisCaught ForceObjectDelete called by workers>base @gkaissisCaught ForceObjectDelete called by workers>base @gkaissisCaught ForceObjectDelete called by workers>base @gkaissisCaught ForceObjectDelete called by workers>base @gkaissisCaught ForceObjectDelete called by workers>base @gkaissisCaught ForceObjectDelete called by workers>base @gkaissisCaught ForceObjectDelete called by workers>base @gkaissisCaught ForceObjectDelete called by workers>base @gkaissisCaught ForceObjectDelete called by workers>base @gkaissisCaught ForceObjectDelete called by workers>base @gkaissisCaught ForceObjectDelete called by workers>base @gkaissisCaught ForceObjectDelete called by workers>base @gkaissisCaught ForceObjectDelete called by workers>base @gkaissisCaught ForceObjectDelete called by workers>base @gkaissisCaught ForceObjectDelete called by workers>base @gkaissisCaught ForceObjectDelete called by workers>base @gkaissisCaught ForceObjectDelete called by workers>base @gkaissisCaught ForceObjectDelete called by workers>base @gkaissisCaught ForceObjectDelete called by workers>base @gkaissisCaught ForceObjectDelete called by workers>base @gkaissisCaught ForceObjectDelete called by workers>base @gkaissisCaught ForceObjectDelete called by workers>base @gkaissisCaught ForceObjectDelete called by workers>base @gkaissisCaught ForceObjectDelete called by workers>base @gkaissisCaught ForceObjectDelete called by workers>base @gkaissisCaught ForceObjectDelete called by workers>base @gkaissisCaught ForceObjectDelete called by workers>base @gkaissisCaught ForceObjectDelete called by workers>base @gkaissisCaught ForceObjectDelete called by workers>base @gkaissisCaught ForceObjectDelete called by workers>base @gkaissisCaught ForceObjectDelete called by workers>base @gkaissisCaught ForceObjectDelete called by workers>base @gkaissisCaught ForceObjectDelete called by workers>base @gkaissisCaught ForceObjectDelete called by workers>base @gkaissisCaught ForceObjectDelete called by workers>base @gkaissisCaught ForceObjectDelete called by workers>base @gkaissisCaught ForceObjectDelete called by workers>base @gkaissisCaught ForceObjectDelete called by workers>base @gkaissisCaught ForceObjectDelete called by workers>base @gkaissisCaught ForceObjectDelete called by workers>base @gkaissisCaught ForceObjectDelete called by workers>base @gkaissisCaught ForceObjectDelete called by workers>base @gkaissisCaught ForceObjectDelete called by workers>base @gkaissisCaught ForceObjectDelete called by workers>base @gkaissisCaught ForceObjectDelete called by workers>base @gkaissisCaught ForceObjectDelete called by workers>base @gkaissisCaught ForceObjectDelete called by workers>base @gkaissisCaught ForceObjectDelete called by workers>base @gkaissisCaught ForceObjectDelete called by workers>base @gkaissisCaught ForceObjectDelete called by workers>base @gkaissisCaught ForceObjectDelete called by workers>base @gkaissisCaught ForceObjectDelete called by workers>base @gkaissisCaught ForceObjectDelete called by workers>base @gkaissisCaught ForceObjectDelete called by workers>base @gkaissisCaught ForceObjectDelete called by workers>base @gkaissisCaught ForceObjectDelete called by workers>base @gkaissisCaught ForceObjectDelete called by workers>base @gkaissisCaught ForceObjectDelete called by workers>base @gkaissisCaught ForceObjectDelete called by workers>base @gkaissisCaught ForceObjectDelete called by workers>base @gkaissisCaught ForceObjectDelete called by workers>base @gkaissisCaught ForceObjectDelete called by workers>base @gkaissisCaught ForceObjectDelete called by workers>base @gkaissisCaught ForceObjectDelete called by workers>base @gkaissisCaught ForceObjectDelete called by workers>base @gkaissisCaught ForceObjectDelete called by workers>base @gkaissisCaught ForceObjectDelete called by workers>base @gkaissisCaught ForceObjectDelete called by workers>base @gkaissisCaught ForceObjectDelete called by workers>base @gkaissisCaught ForceObjectDelete called by workers>base @gkaissisCaught ForceObjectDelete called by workers>base @gkaissisCaught ForceObjectDelete called by workers>base @gkaissisCaught ForceObjectDelete called by workers>base @gkaissisCaught ForceObjectDelete called by workers>base @gkaissisCaught ForceObjectDelete called by workers>base @gkaissisCaught ForceObjectDelete called by workers>base @gkaissisCaught ForceObjectDelete called by workers>base @gkaissisCaught ForceObjectDelete called by workers>base @gkaissisCaught ForceObjectDelete called by workers>base @gkaissisCaught ForceObjectDelete called by workers>base @gkaissisCaught ForceObjectDelete called by workers>base @gkaissisCaught ForceObjectDelete called by workers>base @gkaissisCaught ForceObjectDelete called by workers>base @gkaissisCaught ForceObjectDelete called by workers>base @gkaissisCaught ForceObjectDelete called by workers>base @gkaissisCaught ForceObjectDelete called by workers>base @gkaissisCaught ForceObjectDelete called by workers>base @gkaissisCaught ForceObjectDelete called by workers>base @gkaissisCaught ForceObjectDelete called by workers>base @gkaissisCaught ForceObjectDelete called by workers>base @gkaissisCaught ForceObjectDelete called by workers>base @gkaissisCaught ForceObjectDelete called by workers>base @gkaissisCaught ForceObjectDelete called by workers>base @gkaissisCaught ForceObjectDelete called by workers>base @gkaissisCaught ForceObjectDelete called by workers>base @gkaissisCaught ForceObjectDelete called by workers>base @gkaissisCaught ForceObjectDelete called by workers>base @gkaissisCaught ForceObjectDelete called by workers>base @gkaissisCaught ForceObjectDelete called by workers>base @gkaissisCaught ForceObjectDelete called by workers>base @gkaissisCaught ForceObjectDelete called by workers>base @gkaissisCaught ForceObjectDelete called by workers>base @gkaissisCaught ForceObjectDelete called by workers>base @gkaissisCaught ForceObjectDelete called by workers>base @gkaissisCaught ForceObjectDelete called by workers>base @gkaissisCaught ForceObjectDelete called by workers>base @gkaissisCaught ForceObjectDelete called by workers>base @gkaissisCaught ForceObjectDelete called by workers>base @gkaissisCaught ForceObjectDelete called by workers>base @gkaissisCaught ForceObjectDelete called by workers>base @gkaissisCaught ForceObjectDelete called by workers>base @gkaissisCaught ForceObjectDelete called by workers>base @gkaissisCaught ForceObjectDelete called by workers>base @gkaissisCaught ForceObjectDelete called by workers>base @gkaissisCaught ForceObjectDelete called by workers>base @gkaissisCaught ForceObjectDelete called by workers>base @gkaissisCaught ForceObjectDelete called by workers>base @gkaissisCaught ForceObjectDelete called by workers>base @gkaissisCaught ForceObjectDelete called by workers>base @gkaissisCaught ForceObjectDelete called by workers>base @gkaissisCaught ForceObjectDelete called by workers>base @gkaissisCaught ForceObjectDelete called by workers>base @gkaissisCaught ForceObjectDelete called by workers>base @gkaissisCaught ForceObjectDelete called by workers>base @gkaissisCaught ForceObjectDelete called by workers>base @gkaissisCaught ForceObjectDelete called by workers>base @gkaissisCaught ForceObjectDelete called by workers>base @gkaissisCaught ForceObjectDelete called by workers>base @gkaissisCaught ForceObjectDelete called by workers>base @gkaissisCaught ForceObjectDelete called by workers>base @gkaissisCaught ForceObjectDelete called by workers>base @gkaissisCaught ForceObjectDelete called by workers>base @gkaissisCaught ForceObjectDelete called by workers>base @gkaissisCaught ForceObjectDelete called by workers>base @gkaissisCaught ForceObjectDelete called by workers>base @gkaissisCaught ForceObjectDelete called by workers>base @gkaissisCaught ForceObjectDelete called by workers>base @gkaissisCaught ForceObjectDelete called by workers>base @gkaissisCaught ForceObjectDelete called by workers>base @gkaissisCaught ForceObjectDelete called by workers>base @gkaissisCaught ForceObjectDelete called by workers>base @gkaissisCaught ForceObjectDelete called by workers>base @gkaissisCaught ForceObjectDelete called by workers>base @gkaissisCaught ForceObjectDelete called by workers>base @gkaissisCaught ForceObjectDelete called by workers>base @gkaissisCaught ForceObjectDelete called by workers>base @gkaissisCaught ForceObjectDelete called by workers>base @gkaissisCaught ForceObjectDelete called by workers>base @gkaissisCaught ForceObjectDelete called by workers>base @gkaissisCaught ForceObjectDelete called by workers>base @gkaissisCaught ForceObjectDelete called by workers>base @gkaissisCaught ForceObjectDelete called by workers>base @gkaissisCaught ForceObjectDelete called by workers>base @gkaissisCaught ForceObjectDelete called by workers>base @gkaissisCaught ForceObjectDelete called by workers>base @gkaissisCaught ForceObjectDelete called by workers>base @gkaissisCaught ForceObjectDelete called by workers>base @gkaissisCaught ForceObjectDelete called by workers>base @gkaissisCaught ForceObjectDelete called by workers>base @gkaissisCaught ForceObjectDelete called by workers>base @gkaissisCaught ForceObjectDelete called by workers>base @gkaissisCaught ForceObjectDelete called by workers>base @gkaissisCaught ForceObjectDelete called by workers>base @gkaissisCaught ForceObjectDelete called by workers>base @gkaissisCaught ForceObjectDelete called by workers>base @gkaissisCaught ForceObjectDelete called by workers>base @gkaissisCaught ForceObjectDelete called by workers>base @gkaissisCaught ForceObjectDelete called by workers>base @gkaissisCaught ForceObjectDelete called by workers>base @gkaissisCaught ForceObjectDelete called by workers>base @gkaissisCaught ForceObjectDelete called by workers>base @gkaissisCaught ForceObjectDelete called by workers>base @gkaissisCaught ForceObjectDelete called by workers>base @gkaissisCaught ForceObjectDelete called by workers>base @gkaissisCaught ForceObjectDelete called by workers>base @gkaissisCaught ForceObjectDelete called by workers>base @gkaissisCaught ForceObjectDelete called by workers>base @gkaissisCaught ForceObjectDelete called by workers>base @gkaissisCaught ForceObjectDelete called by workers>base @gkaissisCaught ForceObjectDelete called by workers>base @gkaissisCaught ForceObjectDelete called by workers>base @gkaissisCaught ForceObjectDelete called by workers>base @gkaissisCaught ForceObjectDelete called by workers>base @gkaissisCaught ForceObjectDelete called by workers>base @gkaissisCaught ForceObjectDelete called by workers>base @gkaissisCaught ForceObjectDelete called by workers>base @gkaissisCaught ForceObjectDelete called by workers>base @gkaissisCaught ForceObjectDelete called by workers>base @gkaissisCaught ForceObjectDelete called by workers>base @gkaissisCaught ForceObjectDelete called by workers>base @gkaissisCaught ForceObjectDelete called by workers>base @gkaissisCaught ForceObjectDelete called by workers>base @gkaissisCaught ForceObjectDelete called by workers>base @gkaissisCaught ForceObjectDelete called by workers>base @gkaissisCaught ForceObjectDelete called by workers>base @gkaissisCaught ForceObjectDelete called by workers>base @gkaissisCaught ForceObjectDelete called by workers>base @gkaissisCaught ForceObjectDelete called by workers>base @gkaissisCaught ForceObjectDelete called by workers>base @gkaissisCaught ForceObjectDelete called by workers>base @gkaissisCaught ForceObjectDelete called by workers>base @gkaissisCaught ForceObjectDelete called by workers>base @gkaissisCaught ForceObjectDelete called by workers>base @gkaissisCaught ForceObjectDelete called by workers>base @gkaissisCaught ForceObjectDelete called by workers>base @gkaissisCaught ForceObjectDelete called by workers>base @gkaissisCaught ForceObjectDelete called by workers>base @gkaissisCaught ForceObjectDelete called by workers>base @gkaissisCaught ForceObjectDelete called by workers>base @gkaissisCaught ForceObjectDelete called by workers>base @gkaissisCaught ForceObjectDelete called by workers>base @gkaissisCaught ForceObjectDelete called by workers>base @gkaissisCaught ForceObjectDelete called by workers>base @gkaissisCaught ForceObjectDelete called by workers>base @gkaissisCaught ForceObjectDelete called by workers>base @gkaissisCaught ForceObjectDelete called by workers>base @gkaissisCaught ForceObjectDelete called by workers>base @gkaissisCaught ForceObjectDelete called by workers>base @gkaissisCaught ForceObjectDelete called by workers>base @gkaissisCaught ForceObjectDelete called by workers>base @gkaissisCaught ForceObjectDelete called by workers>base @gkaissisCaught ForceObjectDelete called by workers>base @gkaissisCaught ForceObjectDelete called by workers>base @gkaissisCaught ForceObjectDelete called by workers>base @gkaissisCaught ForceObjectDelete called by workers>base @gkaissisCaught ForceObjectDelete called by workers>base @gkaissisCaught ForceObjectDelete called by workers>base @gkaissisCaught ForceObjectDelete called by workers>base @gkaissisCaught ForceObjectDelete called by workers>base @gkaissisCaught ForceObjectDelete called by workers>base @gkaissisCaught ForceObjectDelete called by workers>base @gkaissisCaught ForceObjectDelete called by workers>base @gkaissisCaught ForceObjectDelete called by workers>base @gkaissisCaught ForceObjectDelete called by workers>base @gkaissisCaught ForceObjectDelete called by workers>base @gkaissisCaught ForceObjectDelete called by workers>base @gkaissisCaught ForceObjectDelete called by workers>base @gkaissisCaught ForceObjectDelete called by workers>base @gkaissisCaught ForceObjectDelete called by workers>base @gkaissisCaught ForceObjectDelete called by workers>base @gkaissisCaught ForceObjectDelete called by workers>base @gkaissisCaught ForceObjectDelete called by workers>base @gkaissisCaught ForceObjectDelete called by workers>base @gkaissisCaught ForceObjectDelete called by workers>base @gkaissisCaught ForceObjectDelete called by workers>base @gkaissisCaught ForceObjectDelete called by workers>base @gkaissisCaught ForceObjectDelete called by workers>base @gkaissisCaught ForceObjectDelete called by workers>base @gkaissisCaught ForceObjectDelete called by workers>base @gkaissisCaught ForceObjectDelete called by workers>base @gkaissisCaught ForceObjectDelete called by workers>base @gkaissisCaught ForceObjectDelete called by workers>base @gkaissisCaught ForceObjectDelete called by workers>base @gkaissisCaught ForceObjectDelete called by workers>base @gkaissisCaught ForceObjectDelete called by workers>base @gkaissisCaught ForceObjectDelete called by workers>base @gkaissisCaught ForceObjectDelete called by workers>base @gkaissisCaught ForceObjectDelete called by workers>base @gkaissisCaught ForceObjectDelete called by workers>base @gkaissisCaught ForceObjectDelete called by workers>base @gkaissisCaught ForceObjectDelete called by workers>base @gkaissisCaught ForceObjectDelete called by workers>base @gkaissisCaught ForceObjectDelete called by workers>base @gkaissisCaught ForceObjectDelete called by workers>base @gkaissisCaught ForceObjectDelete called by workers>base @gkaissisCaught ForceObjectDelete called by workers>base @gkaissisCaught ForceObjectDelete called by workers>base @gkaissisCaught ForceObjectDelete called by workers>base @gkaissisCaught ForceObjectDelete called by workers>base @gkaissisCaught ForceObjectDelete called by workers>base @gkaissisCaught ForceObjectDelete called by workers>base @gkaissisCaught ForceObjectDelete called by workers>base @gkaissisCaught ForceObjectDelete called by workers>base @gkaissisCaught ForceObjectDelete called by workers>base @gkaissisCaught ForceObjectDelete called by workers>base @gkaissisCaught ForceObjectDelete called by workers>base @gkaissisCaught ForceObjectDelete called by workers>base @gkaissisCaught ForceObjectDelete called by workers>base @gkaissisCaught ForceObjectDelete called by workers>base @gkaissisCaught ForceObjectDelete called by workers>base @gkaissisCaught ForceObjectDelete called by workers>base @gkaissisCaught ForceObjectDelete called by workers>base @gkaissisCaught ForceObjectDelete called by workers>base @gkaissisCaught ForceObjectDelete called by workers>base @gkaissisCaught ForceObjectDelete called by workers>base @gkaissisCaught ForceObjectDelete called by workers>base @gkaissisCaught ForceObjectDelete called by workers>base @gkaissisCaught ForceObjectDelete called by workers>base @gkaissisCaught ForceObjectDelete called by workers>base @gkaissisCaught ForceObjectDelete called by workers>base @gkaissisCaught ForceObjectDelete called by workers>base @gkaissisCaught ForceObjectDelete called by workers>base @gkaissisCaught ForceObjectDelete called by workers>base @gkaissisCaught ForceObjectDelete called by workers>base @gkaissisCaught ForceObjectDelete called by workers>base @gkaissisCaught ForceObjectDelete called by workers>base @gkaissisCaught ForceObjectDelete called by workers>base @gkaissisCaught ForceObjectDelete called by workers>base @gkaissisCaught ForceObjectDelete called by workers>base @gkaissisCaught ForceObjectDelete called by workers>base @gkaissisCaught ForceObjectDelete called by workers>base @gkaissisCaught ForceObjectDelete called by workers>base @gkaissisCaught ForceObjectDelete called by workers>base @gkaissisCaught ForceObjectDelete called by workers>base @gkaissisCaught ForceObjectDelete called by workers>base @gkaissisCaught ForceObjectDelete called by workers>base @gkaissisCaught ForceObjectDelete called by workers>base @gkaissisCaught ForceObjectDelete called by workers>base @gkaissisCaught ForceObjectDelete called by workers>base @gkaissisCaught ForceObjectDelete called by workers>base @gkaissisCaught ForceObjectDelete called by workers>base @gkaissisCaught ForceObjectDelete called by workers>base @gkaissisCaught ForceObjectDelete called by workers>base @gkaissisCaught ForceObjectDelete called by workers>base @gkaissisCaught ForceObjectDelete called by workers>base @gkaissisCaught ForceObjectDelete called by workers>base @gkaissisCaught ForceObjectDelete called by workers>base @gkaissisCaught ForceObjectDelete called by workers>base @gkaissisCaught ForceObjectDelete called by workers>base @gkaissisCaught ForceObjectDelete called by workers>base @gkaissisCaught ForceObjectDelete called by workers>base @gkaissisCaught ForceObjectDelete called by workers>base @gkaissisCaught ForceObjectDelete called by workers>base @gkaissisCaught ForceObjectDelete called by workers>base @gkaissisCaught ForceObjectDelete called by workers>base @gkaissisCaught ForceObjectDelete called by workers>base @gkaissisCaught ForceObjectDelete called by workers>base @gkaissisCaught ForceObjectDelete called by workers>base @gkaissisCaught ForceObjectDelete called by workers>base @gkaissisCaught ForceObjectDelete called by workers>base @gkaissisCaught ForceObjectDelete called by workers>base @gkaissisCaught ForceObjectDelete called by workers>base @gkaissisCaught ForceObjectDelete called by workers>base @gkaissisCaught ForceObjectDelete called by workers>base @gkaissisCaught ForceObjectDelete called by workers>base @gkaissisCaught ForceObjectDelete called by workers>base @gkaissisCaught ForceObjectDelete called by workers>base @gkaissisCaught ForceObjectDelete called by workers>base @gkaissisCaught ForceObjectDelete called by workers>base @gkaissisCaught ForceObjectDelete called by workers>base @gkaissisCaught ForceObjectDelete called by workers>base @gkaissisCaught ForceObjectDelete called by workers>base @gkaissisCaught ForceObjectDelete called by workers>base @gkaissisCaught ForceObjectDelete called by workers>base @gkaissisCaught ForceObjectDelete called by workers>base @gkaissisCaught ForceObjectDelete called by workers>base @gkaissisCaught ForceObjectDelete called by workers>base @gkaissisCaught ForceObjectDelete called by workers>base @gkaissisCaught ForceObjectDelete called by workers>base @gkaissisCaught ForceObjectDelete called by workers>base @gkaissisCaught ForceObjectDelete called by workers>base @gkaissisCaught ForceObjectDelete called by workers>base @gkaissisCaught ForceObjectDelete called by workers>base @gkaissisCaught ForceObjectDelete called by workers>base @gkaissisCaught ForceObjectDelete called by workers>base @gkaissisCaught ForceObjectDelete called by workers>base @gkaissisCaught ForceObjectDelete called by workers>base @gkaissisCaught ForceObjectDelete called by workers>base @gkaissisCaught ForceObjectDelete called by workers>base @gkaissisCaught ForceObjectDelete called by workers>base @gkaissisCaught ForceObjectDelete called by workers>base @gkaissisCaught ForceObjectDelete called by workers>base @gkaissisCaught ForceObjectDelete called by workers>base @gkaissisCaught ForceObjectDelete called by workers>base @gkaissisCaught ForceObjectDelete called by workers>base @gkaissisCaught ForceObjectDelete called by workers>base @gkaissisCaught ForceObjectDelete called by workers>base @gkaissisCaught ForceObjectDelete called by workers>base @gkaissisCaught ForceObjectDelete called by workers>base @gkaissisCaught ForceObjectDelete called by workers>base @gkaissisCaught ForceObjectDelete called by workers>base @gkaissisCaught ForceObjectDelete called by workers>base @gkaissisCaught ForceObjectDelete called by workers>base @gkaissisCaught ForceObjectDelete called by workers>base @gkaissisCaught ForceObjectDelete called by workers>base @gkaissisCaught ForceObjectDelete called by workers>base @gkaissisCaught ForceObjectDelete called by workers>base @gkaissisCaught ForceObjectDelete called by workers>base @gkaissisCaught ForceObjectDelete called by workers>base @gkaissisCaught ForceObjectDelete called by workers>base @gkaissisCaught ForceObjectDelete called by workers>base @gkaissisCaught ForceObjectDelete called by workers>base @gkaissisCaught ForceObjectDelete called by workers>base @gkaissisCaught ForceObjectDelete called by workers>base @gkaissisCaught ForceObjectDelete called by workers>base @gkaissisCaught ForceObjectDelete called by workers>base @gkaissisCaught ForceObjectDelete called by workers>base @gkaissisCaught ForceObjectDelete called by workers>base @gkaissisCaught ForceObjectDelete called by workers>base @gkaissisCaught ForceObjectDelete called by workers>base @gkaissisCaught ForceObjectDelete called by workers>base @gkaissisCaught ForceObjectDelete called by workers>base @gkaissisCaught ForceObjectDelete called by workers>base @gkaissisCaught ForceObjectDelete called by workers>base @gkaissisCaught ForceObjectDelete called by workers>base @gkaissisCaught ForceObjectDelete called by workers>base @gkaissisCaught ForceObjectDelete called by workers>base @gkaissisCaught ForceObjectDelete called by workers>base @gkaissisCaught ForceObjectDelete called by workers>base @gkaissisCaught ForceObjectDelete called by workers>base @gkaissisCaught ForceObjectDelete called by workers>base @gkaissisCaught ForceObjectDelete called by workers>base @gkaissisCaught ForceObjectDelete called by workers>base @gkaissisCaught ForceObjectDelete called by workers>base @gkaissisCaught ForceObjectDelete called by workers>base @gkaissisCaught ForceObjectDelete called by workers>base @gkaissisCaught ForceObjectDelete called by workers>base @gkaissisCaught ForceObjectDelete called by workers>base @gkaissisCaught ForceObjectDelete called by workers>base @gkaissisCaught ForceObjectDelete called by workers>base @gkaissisCaught ForceObjectDelete called by workers>base @gkaissisCaught ForceObjectDelete called by workers>base @gkaissisCaught ForceObjectDelete called by workers>base @gkaissisCaught ForceObjectDelete called by workers>base @gkaissisCaught ForceObjectDelete called by workers>base @gkaissisCaught ForceObjectDelete called by workers>base @gkaissisCaught ForceObjectDelete called by workers>base @gkaissisCaught ForceObjectDelete called by workers>base @gkaissisCaught ForceObjectDelete called by workers>base @gkaissisCaught ForceObjectDelete called by workers>base @gkaissisCaught ForceObjectDelete called by workers>base @gkaissisCaught ForceObjectDelete called by workers>base @gkaissisCaught ForceObjectDelete called by workers>base @gkaissisCaught ForceObjectDelete called by workers>base @gkaissisCaught ForceObjectDelete called by workers>base @gkaissisCaught ForceObjectDelete called by workers>base @gkaissisCaught ForceObjectDelete called by workers>base @gkaissisCaught ForceObjectDelete called by workers>base @gkaissisCaught ForceObjectDelete called by workers>base @gkaissisCaught ForceObjectDelete called by workers>base @gkaissisCaught ForceObjectDelete called by workers>base @gkaissisCaught ForceObjectDelete called by workers>base @gkaissisCaught ForceObjectDelete called by workers>base @gkaissisCaught ForceObjectDelete called by workers>base @gkaissisCaught ForceObjectDelete called by workers>base @gkaissisCaught ForceObjectDelete called by workers>base @gkaissisCaught ForceObjectDelete called by workers>base @gkaissisCaught ForceObjectDelete called by workers>base @gkaissisCaught ForceObjectDelete called by workers>base @gkaissisCaught ForceObjectDelete called by workers>base @gkaissisCaught ForceObjectDelete called by workers>base @gkaissisCaught ForceObjectDelete called by workers>base @gkaissisCaught ForceObjectDelete called by workers>base @gkaissisCaught ForceObjectDelete called by workers>base @gkaissisCaught ForceObjectDelete called by workers>base @gkaissisCaught ForceObjectDelete called by workers>base @gkaissisCaught ForceObjectDelete called by workers>base @gkaissisCaught ForceObjectDelete called by workers>base @gkaissisCaught ForceObjectDelete called by workers>base @gkaissisCaught ForceObjectDelete called by workers>base @gkaissisCaught ForceObjectDelete called by workers>base @gkaissisCaught ForceObjectDelete called by workers>base @gkaissisCaught ForceObjectDelete called by workers>base @gkaissisCaught ForceObjectDelete called by workers>base @gkaissisCaught ForceObjectDelete called by workers>base @gkaissisCaught ForceObjectDelete called by workers>base @gkaissisCaught ForceObjectDelete called by workers>base @gkaissisCaught ForceObjectDelete called by workers>base @gkaissisCaught ForceObjectDelete called by workers>base @gkaissisCaught ForceObjectDelete called by workers>base @gkaissisCaught ForceObjectDelete called by workers>base @gkaissisCaught ForceObjectDelete called by workers>base @gkaissisCaught ForceObjectDelete called by workers>base @gkaissisCaught ForceObjectDelete called by workers>base @gkaissisCaught ForceObjectDelete called by workers>base @gkaissisCaught ForceObjectDelete called by workers>base @gkaissisCaught ForceObjectDelete called by workers>base @gkaissisCaught ForceObjectDelete called by workers>base @gkaissisCaught ForceObjectDelete called by workers>base @gkaissisCaught ForceObjectDelete called by workers>base @gkaissisCaught ForceObjectDelete called by workers>base @gkaissisCaught ForceObjectDelete called by workers>base @gkaissisCaught ForceObjectDelete called by workers>base @gkaissisCaught ForceObjectDelete called by workers>base @gkaissisCaught ForceObjectDelete called by workers>base @gkaissisCaught ForceObjectDelete called by workers>base @gkaissisCaught ForceObjectDelete called by workers>base @gkaissisCaught ForceObjectDelete called by workers>base @gkaissisCaught ForceObjectDelete called by workers>base @gkaissisCaught ForceObjectDelete called by workers>base @gkaissisCaught ForceObjectDelete called by workers>base @gkaissisCaught ForceObjectDelete called by workers>base @gkaissisCaught ForceObjectDelete called by workers>base @gkaissisCaught ForceObjectDelete called by workers>base @gkaissisCaught ForceObjectDelete called by workers>base @gkaissisCaught ForceObjectDelete called by workers>base @gkaissisCaught ForceObjectDelete called by workers>base @gkaissisCaught ForceObjectDelete called by workers>base @gkaissisCaught ForceObjectDelete called by workers>base @gkaissisCaught ForceObjectDelete called by workers>base @gkaissisCaught ForceObjectDelete called by workers>base @gkaissisCaught ForceObjectDelete called by workers>base @gkaissisCaught ForceObjectDelete called by workers>base @gkaissisCaught ForceObjectDelete called by workers>base @gkaissisCaught ForceObjectDelete called by workers>base @gkaissisCaught ForceObjectDelete called by workers>base @gkaissisCaught ForceObjectDelete called by workers>base @gkaissisCaught ForceObjectDelete called by workers>base @gkaissisCaught ForceObjectDelete called by workers>base @gkaissisCaught ForceObjectDelete called by workers>base @gkaissisCaught ForceObjectDelete called by workers>base @gkaissisCaught ForceObjectDelete called by workers>base @gkaissisCaught ForceObjectDelete called by workers>base @gkaissisCaught ForceObjectDelete called by workers>base @gkaissisCaught ForceObjectDelete called by workers>base @gkaissisCaught ForceObjectDelete called by workers>base @gkaissisCaught ForceObjectDelete called by workers>base @gkaissisCaught ForceObjectDelete called by workers>base @gkaissisCaught ForceObjectDelete called by workers>base @gkaissisCaught ForceObjectDelete called by workers>base @gkaissisCaught ForceObjectDelete called by workers>base @gkaissisCaught ForceObjectDelete called by workers>base @gkaissisCaught ForceObjectDelete called by workers>base @gkaissisCaught ForceObjectDelete called by workers>base @gkaissisCaught ForceObjectDelete called by workers>base @gkaissisCaught ForceObjectDelete called by workers>base @gkaissisCaught ForceObjectDelete called by workers>base @gkaissisCaught ForceObjectDelete called by workers>base @gkaissisCaught ForceObjectDelete called by workers>base @gkaissisCaught ForceObjectDelete called by workers>base @gkaissisCaught ForceObjectDelete called by workers>base @gkaissisCaught ForceObjectDelete called by workers>base @gkaissisCaught ForceObjectDelete called by workers>base @gkaissisCaught ForceObjectDelete called by workers>base @gkaissisCaught ForceObjectDelete called by workers>base @gkaissisCaught ForceObjectDelete called by workers>base @gkaissisCaught ForceObjectDelete called by workers>base @gkaissisCaught ForceObjectDelete called by workers>base @gkaissisCaught ForceObjectDelete called by workers>base @gkaissisCaught ForceObjectDelete called by workers>base @gkaissisCaught ForceObjectDelete called by workers>base @gkaissisCaught ForceObjectDelete called by workers>base @gkaissisCaught ForceObjectDelete called by workers>base @gkaissisCaught ForceObjectDelete called by workers>base @gkaissisCaught ForceObjectDelete called by workers>base @gkaissisCaught ForceObjectDelete called by workers>base @gkaissisCaught ForceObjectDelete called by workers>base @gkaissisCaught ForceObjectDelete called by workers>base @gkaissisCaught ForceObjectDelete called by workers>base @gkaissisCaught ForceObjectDelete called by workers>base @gkaissisCaught ForceObjectDelete called by workers>base @gkaissisCaught ForceObjectDelete called by workers>base @gkaissisCaught ForceObjectDelete called by workers>base @gkaissisCaught ForceObjectDelete called by workers>base @gkaissisCaught ForceObjectDelete called by workers>base @gkaissisCaught ForceObjectDelete called by workers>base @gkaissisCaught ForceObjectDelete called by workers>base @gkaissisCaught ForceObjectDelete called by workers>base @gkaissisCaught ForceObjectDelete called by workers>base @gkaissisCaught ForceObjectDelete called by workers>base @gkaissisCaught ForceObjectDelete called by workers>base @gkaissisCaught ForceObjectDelete called by workers>base @gkaissisCaught ForceObjectDelete called by workers>base @gkaissisCaught ForceObjectDelete called by workers>base @gkaissisCaught ForceObjectDelete called by workers>base @gkaissisCaught ForceObjectDelete called by workers>base @gkaissisCaught ForceObjectDelete called by workers>base @gkaissisCaught ForceObjectDelete called by workers>base @gkaissisCaught ForceObjectDelete called by workers>base @gkaissisCaught ForceObjectDelete called by workers>base @gkaissisCaught ForceObjectDelete called by workers>base @gkaissisCaught ForceObjectDelete called by workers>base @gkaissisCaught ForceObjectDelete called by workers>base @gkaissisCaught ForceObjectDelete called by workers>base @gkaissisCaught ForceObjectDelete called by workers>base @gkaissisCaught ForceObjectDelete called by workers>base @gkaissisCaught ForceObjectDelete called by workers>base @gkaissisCaught ForceObjectDelete called by workers>base @gkaissisCaught ForceObjectDelete called by workers>base @gkaissisCaught ForceObjectDelete called by workers>base @gkaissisCaught ForceObjectDelete called by workers>base @gkaissisCaught ForceObjectDelete called by workers>base @gkaissisCaught ForceObjectDelete called by workers>base @gkaissisCaught ForceObjectDelete called by workers>base @gkaissisCaught ForceObjectDelete called by workers>base @gkaissisCaught ForceObjectDelete called by workers>base @gkaissisCaught ForceObjectDelete called by workers>base @gkaissisCaught ForceObjectDelete called by workers>base @gkaissisCaught ForceObjectDelete called by workers>base @gkaissisCaught ForceObjectDelete called by workers>base @gkaissisCaught ForceObjectDelete called by workers>base @gkaissisCaught ForceObjectDelete called by workers>base @gkaissisCaught ForceObjectDelete called by workers>base @gkaissisCaught ForceObjectDelete called by workers>base @gkaissisCaught ForceObjectDelete called by workers>base @gkaissisCaught ForceObjectDelete called by workers>base @gkaissisCaught ForceObjectDelete called by workers>base @gkaissisCaught ForceObjectDelete called by workers>base @gkaissisCaught ForceObjectDelete called by workers>base @gkaissisCaught ForceObjectDelete called by workers>base @gkaissisCaught ForceObjectDelete called by workers>base @gkaissisCaught ForceObjectDelete called by workers>base @gkaissisCaught ForceObjectDelete called by workers>base @gkaissisCaught ForceObjectDelete called by workers>base @gkaissisCaught ForceObjectDelete called by workers>base @gkaissisCaught ForceObjectDelete called by workers>base @gkaissisCaught ForceObjectDelete called by workers>base @gkaissisCaught ForceObjectDelete called by workers>base @gkaissisCaught ForceObjectDelete called by workers>base @gkaissisCaught ForceObjectDelete called by workers>base @gkaissisCaught ForceObjectDelete called by workers>base @gkaissisCaught ForceObjectDelete called by workers>base @gkaissisCaught ForceObjectDelete called by workers>base @gkaissisCaught ForceObjectDelete called by workers>base @gkaissisCaught ForceObjectDelete called by workers>base @gkaissisCaught ForceObjectDelete called by workers>base @gkaissisCaught ForceObjectDelete called by workers>base @gkaissisCaught ForceObjectDelete called by workers>base @gkaissisCaught ForceObjectDelete called by workers>base @gkaissisCaught ForceObjectDelete called by workers>base @gkaissisCaught ForceObjectDelete called by workers>base @gkaissisCaught ForceObjectDelete called by workers>base @gkaissisCaught ForceObjectDelete called by workers>base @gkaissisCaught ForceObjectDelete called by workers>base @gkaissisCaught ForceObjectDelete called by workers>base @gkaissisCaught ForceObjectDelete called by workers>base @gkaissisCaught ForceObjectDelete called by workers>base @gkaissisCaught ForceObjectDelete called by workers>base @gkaissisCaught ForceObjectDelete called by workers>base @gkaissisCaught ForceObjectDelete called by workers>base @gkaissisCaught ForceObjectDelete called by workers>base @gkaissisCaught ForceObjectDelete called by workers>base @gkaissisCaught ForceObjectDelete called by workers>base @gkaissisCaught ForceObjectDelete called by workers>base @gkaissisCaught ForceObjectDelete called by workers>base @gkaissisCaught ForceObjectDelete called by workers>base @gkaissisCaught ForceObjectDelete called by workers>base @gkaissisCaught ForceObjectDelete called by workers>base @gkaissisCaught ForceObjectDelete called by workers>base @gkaissisCaught ForceObjectDelete called by workers>base @gkaissisCaught ForceObjectDelete called by workers>base @gkaissisCaught ForceObjectDelete called by workers>base @gkaissisCaught ForceObjectDelete called by workers>base @gkaissisCaught ForceObjectDelete called by workers>base @gkaissisCaught ForceObjectDelete called by workers>base @gkaissisCaught ForceObjectDelete called by workers>base @gkaissisCaught ForceObjectDelete called by workers>base @gkaissisCaught ForceObjectDelete called by workers>base @gkaissisCaught ForceObjectDelete called by workers>base @gkaissisCaught ForceObjectDelete called by workers>base @gkaissisCaught ForceObjectDelete called by workers>base @gkaissisCaught ForceObjectDelete called by workers>base @gkaissisCaught ForceObjectDelete called by workers>base @gkaissisCaught ForceObjectDelete called by workers>base @gkaissisCaught ForceObjectDelete called by workers>base @gkaissisCaught ForceObjectDelete called by workers>base @gkaissisCaught ForceObjectDelete called by workers>base @gkaissisCaught ForceObjectDelete called by workers>base @gkaissisCaught ForceObjectDelete called by workers>base @gkaissisCaught ForceObjectDelete called by workers>base @gkaissisCaught ForceObjectDelete called by workers>base @gkaissisCaught ForceObjectDelete called by workers>base @gkaissisCaught ForceObjectDelete called by workers>base @gkaissisCaught ForceObjectDelete called by workers>base @gkaissisCaught ForceObjectDelete called by workers>base @gkaissisCaught ForceObjectDelete called by workers>base @gkaissisCaught ForceObjectDelete called by workers>base @gkaissisCaught ForceObjectDelete called by workers>base @gkaissisCaught ForceObjectDelete called by workers>base @gkaissisCaught ForceObjectDelete called by workers>base @gkaissisCaught ForceObjectDelete called by workers>base @gkaissisCaught ForceObjectDelete called by workers>base @gkaissisCaught ForceObjectDelete called by workers>base @gkaissisCaught ForceObjectDelete called by workers>base @gkaissisCaught ForceObjectDelete called by workers>base @gkaissisCaught ForceObjectDelete called by workers>base @gkaissisCaught ForceObjectDelete called by workers>base @gkaissisCaught ForceObjectDelete called by workers>base @gkaissisCaught ForceObjectDelete called by workers>base @gkaissisCaught ForceObjectDelete called by workers>base @gkaissisCaught ForceObjectDelete called by workers>base @gkaissisCaught ForceObjectDelete called by workers>base @gkaissisCaught ForceObjectDelete called by workers>base @gkaissisCaught ForceObjectDelete called by workers>base @gkaissisCaught ForceObjectDelete called by workers>base @gkaissisCaught ForceObjectDelete called by workers>base @gkaissisCaught ForceObjectDelete called by workers>base @gkaissisCaught ForceObjectDelete called by workers>base @gkaissisCaught ForceObjectDelete called by workers>base @gkaissisCaught ForceObjectDelete called by workers>base @gkaissisCaught ForceObjectDelete called by workers>base @gkaissisCaught ForceObjectDelete called by workers>base @gkaissisCaught ForceObjectDelete called by workers>base @gkaissisCaught ForceObjectDelete called by workers>base @gkaissisCaught ForceObjectDelete called by workers>base @gkaissisCaught ForceObjectDelete called by workers>base @gkaissisCaught ForceObjectDelete called by workers>base @gkaissisCaught ForceObjectDelete called by workers>base @gkaissisCaught ForceObjectDelete called by workers>base @gkaissisCaught ForceObjectDelete called by workers>base @gkaissisCaught ForceObjectDelete called by workers>base @gkaissisCaught ForceObjectDelete called by workers>base @gkaissisCaught ForceObjectDelete called by workers>base @gkaissisCaught ForceObjectDelete called by workers>base @gkaissisCaught ForceObjectDelete called by workers>base @gkaissisCaught ForceObjectDelete called by workers>base @gkaissisCaught ForceObjectDelete called by workers>base @gkaissisCaught ForceObjectDelete called by workers>base @gkaissisCaught ForceObjectDelete called by workers>base @gkaissisCaught ForceObjectDelete called by workers>base @gkaissisCaught ForceObjectDelete called by workers>base @gkaissisCaught ForceObjectDelete called by workers>base @gkaissisCaught ForceObjectDelete called by workers>base @gkaissisCaught ForceObjectDelete called by workers>base @gkaissisCaught ForceObjectDelete called by workers>base @gkaissisCaught ForceObjectDelete called by workers>base @gkaissisCaught ForceObjectDelete called by workers>base @gkaissisCaught ForceObjectDelete called by workers>base @gkaissisCaught ForceObjectDelete called by workers>base @gkaissisCaught ForceObjectDelete called by workers>base @gkaissisCaught ForceObjectDelete called by workers>base @gkaissisCaught ForceObjectDelete called by workers>base @gkaissisCaught ForceObjectDelete called by workers>base @gkaissisCaught ForceObjectDelete called by workers>base @gkaissisCaught ForceObjectDelete called by workers>base @gkaissisCaught ForceObjectDelete called by workers>base @gkaissisCaught ForceObjectDelete called by workers>base @gkaissisCaught ForceObjectDelete called by workers>base @gkaissisCaught ForceObjectDelete called by workers>base @gkaissisCaught ForceObjectDelete called by workers>base @gkaissisCaught ForceObjectDelete called by workers>base @gkaissisCaught ForceObjectDelete called by workers>base @gkaissisCaught ForceObjectDelete called by workers>base @gkaissisCaught ForceObjectDelete called by workers>base @gkaissisCaught ForceObjectDelete called by workers>base @gkaissisCaught ForceObjectDelete called by workers>base @gkaissisCaught ForceObjectDelete called by workers>base @gkaissisCaught ForceObjectDelete called by workers>base @gkaissisCaught ForceObjectDelete called by workers>base @gkaissisCaught ForceObjectDelete called by workers>base @gkaissisCaught ForceObjectDelete called by workers>base @gkaissisCaught ForceObjectDelete called by workers>base @gkaissisCaught ForceObjectDelete called by workers>base @gkaissisCaught ForceObjectDelete called by workers>base @gkaissisCaught ForceObjectDelete called by workers>base @gkaissisCaught ForceObjectDelete called by workers>base @gkaissisCaught ForceObjectDelete called by workers>base @gkaissisCaught ForceObjectDelete called by workers>base @gkaissisCaught ForceObjectDelete called by workers>base @gkaissisCaught ForceObjectDelete called by workers>base @gkaissisCaught ForceObjectDelete called by workers>base @gkaissisCaught ForceObjectDelete called by workers>base @gkaissisCaught ForceObjectDelete called by workers>base @gkaissisCaught ForceObjectDelete called by workers>base @gkaissisCaught ForceObjectDelete called by workers>base @gkaissisCaught ForceObjectDelete called by workers>base @gkaissisCaught ForceObjectDelete called by workers>base @gkaissisCaught ForceObjectDelete called by workers>base @gkaissisCaught ForceObjectDelete called by workers>base @gkaissisCaught ForceObjectDelete called by workers>base @gkaissisCaught ForceObjectDelete called by workers>base @gkaissisCaught ForceObjectDelete called by workers>base @gkaissisCaught ForceObjectDelete called by workers>base @gkaissisCaught ForceObjectDelete called by workers>base @gkaissisCaught ForceObjectDelete called by workers>base @gkaissisCaught ForceObjectDelete called by workers>base @gkaissisCaught ForceObjectDelete called by workers>base @gkaissisCaught ForceObjectDelete called by workers>base @gkaissisCaught ForceObjectDelete called by workers>base @gkaissisCaught ForceObjectDelete called by workers>base @gkaissisCaught ForceObjectDelete called by workers>base @gkaissisCaught ForceObjectDelete called by workers>base @gkaissisCaught ForceObjectDelete called by workers>base @gkaissisCaught ForceObjectDelete called by workers>base @gkaissisCaught ForceObjectDelete called by workers>base @gkaissisCaught ForceObjectDelete called by workers>base @gkaissisCaught ForceObjectDelete called by workers>base @gkaissisCaught ForceObjectDelete called by workers>base @gkaissisCaught ForceObjectDelete called by workers>base @gkaissisCaught ForceObjectDelete called by workers>base @gkaissisCaught ForceObjectDelete called by workers>base @gkaissisCaught ForceObjectDelete called by workers>base @gkaissisCaught ForceObjectDelete called by workers>base @gkaissisCaught ForceObjectDelete called by workers>base @gkaissisCaught ForceObjectDelete called by workers>base @gkaissisCaught ForceObjectDelete called by workers>base @gkaissisCaught ForceObjectDelete called by workers>base @gkaissisCaught ForceObjectDelete called by workers>base @gkaissisCaught ForceObjectDelete called by workers>base @gkaissisCaught ForceObjectDelete called by workers>base @gkaissisCaught ForceObjectDelete called by workers>base @gkaissisCaught ForceObjectDelete called by workers>base @gkaissisCaught ForceObjectDelete called by workers>base @gkaissisCaught ForceObjectDelete called by workers>base @gkaissisCaught ForceObjectDelete called by workers>base @gkaissisCaught ForceObjectDelete called by workers>base @gkaissisCaught ForceObjectDelete called by workers>base @gkaissisCaught ForceObjectDelete called by workers>base @gkaissisCaught ForceObjectDelete called by workers>base @gkaissisCaught ForceObjectDelete called by workers>base @gkaissisCaught ForceObjectDelete called by workers>base @gkaissisCaught ForceObjectDelete called by workers>base @gkaissisCaught ForceObjectDelete called by workers>base @gkaissisCaught ForceObjectDelete called by workers>base @gkaissisCaught ForceObjectDelete called by workers>base @gkaissisCaught ForceObjectDelete called by workers>base @gkaissisCaught ForceObjectDelete called by workers>base @gkaissisCaught ForceObjectDelete called by workers>base @gkaissisCaught ForceObjectDelete called by workers>base @gkaissisCaught ForceObjectDelete called by workers>base @gkaissisCaught ForceObjectDelete called by workers>base @gkaissisCaught ForceObjectDelete called by workers>base @gkaissisCaught ForceObjectDelete called by workers>base @gkaissisCaught ForceObjectDelete called by workers>base @gkaissisCaught ForceObjectDelete called by workers>base @gkaissisCaught ForceObjectDelete called by workers>base @gkaissisCaught ForceObjectDelete called by workers>base @gkaissisCaught ForceObjectDelete called by workers>base @gkaissisCaught ForceObjectDelete called by workers>base @gkaissisCaught ForceObjectDelete called by workers>base @gkaissisCaught ForceObjectDelete called by workers>base @gkaissisCaught ForceObjectDelete called by workers>base @gkaissisCaught ForceObjectDelete called by workers>base @gkaissisCaught ForceObjectDelete called by workers>base @gkaissisCaught ForceObjectDelete called by workers>base @gkaissisCaught ForceObjectDelete called by workers>base @gkaissisCaught ForceObjectDelete called by workers>base @gkaissisCaught ForceObjectDelete called by workers>base @gkaissisCaught ForceObjectDelete called by workers>base @gkaissisCaught ForceObjectDelete called by workers>base @gkaissisCaught ForceObjectDelete called by workers>base @gkaissisCaught ForceObjectDelete called by workers>base @gkaissisCaught ForceObjectDelete called by workers>base @gkaissisCaught ForceObjectDelete called by workers>base @gkaissisCaught ForceObjectDelete called by workers>base @gkaissisCaught ForceObjectDelete called by workers>base @gkaissisCaught ForceObjectDelete called by workers>base @gkaissisCaught ForceObjectDelete called by workers>base @gkaissisCaught ForceObjectDelete called by workers>base @gkaissisCaught ForceObjectDelete called by workers>base @gkaissisCaught ForceObjectDelete called by workers>base @gkaissisCaught ForceObjectDelete called by workers>base @gkaissisCaught ForceObjectDelete called by workers>base @gkaissisCaught ForceObjectDelete called by workers>base @gkaissisCaught ForceObjectDelete called by workers>base @gkaissisCaught ForceObjectDelete called by workers>base @gkaissisCaught ForceObjectDelete called by workers>base @gkaissisCaught ForceObjectDelete called by workers>base @gkaissisCaught ForceObjectDelete called by workers>base @gkaissisCaught ForceObjectDelete called by workers>base @gkaissisCaught ForceObjectDelete called by workers>base @gkaissisCaught ForceObjectDelete called by workers>base @gkaissisCaught ForceObjectDelete called by workers>base @gkaissisCaught ForceObjectDelete called by workers>base @gkaissisCaught ForceObjectDelete called by workers>base @gkaissisCaught ForceObjectDelete called by workers>base @gkaissisCaught ForceObjectDelete called by workers>base @gkaissisCaught ForceObjectDelete called by workers>base @gkaissisCaught ForceObjectDelete called by workers>base @gkaissisCaught ForceObjectDelete called by workers>base @gkaissisCaught ForceObjectDelete called by workers>base @gkaissisCaught ForceObjectDelete called by workers>base @gkaissisCaught ForceObjectDelete called by workers>base @gkaissisCaught ForceObjectDelete called by workers>base @gkaissisCaught ForceObjectDelete called by workers>base @gkaissisCaught ForceObjectDelete called by workers>base @gkaissisCaught ForceObjectDelete called by workers>base @gkaissisCaught ForceObjectDelete called by workers>base @gkaissisCaught ForceObjectDelete called by workers>base @gkaissisCaught ForceObjectDelete called by workers>base @gkaissisCaught ForceObjectDelete called by workers>base @gkaissisCaught ForceObjectDelete called by workers>base @gkaissisCaught ForceObjectDelete called by workers>base @gkaissisCaught ForceObjectDelete called by workers>base @gkaissisCaught ForceObjectDelete called by workers>base @gkaissisCaught ForceObjectDelete called by workers>base @gkaissisCaught ForceObjectDelete called by workers>base @gkaissisCaught ForceObjectDelete called by workers>base @gkaissisCaught ForceObjectDelete called by workers>base @gkaissisCaught ForceObjectDelete called by workers>base @gkaissisCaught ForceObjectDelete called by workers>base @gkaissisCaught ForceObjectDelete called by workers>base @gkaissisCaught ForceObjectDelete called by workers>base @gkaissisCaught ForceObjectDelete called by workers>base @gkaissisCaught ForceObjectDelete called by workers>base @gkaissisCaught ForceObjectDelete called by workers>base @gkaissisCaught ForceObjectDelete called by workers>base @gkaissisCaught ForceObjectDelete called by workers>base @gkaissisCaught ForceObjectDelete called by workers>base @gkaissisCaught ForceObjectDelete called by workers>base @gkaissisCaught ForceObjectDelete called by workers>base @gkaissisCaught ForceObjectDelete called by workers>base @gkaissisCaught ForceObjectDelete called by workers>base @gkaissisCaught ForceObjectDelete called by workers>base @gkaissisCaught ForceObjectDelete called by workers>base @gkaissisCaught ForceObjectDelete called by workers>base @gkaissisCaught ForceObjectDelete called by workers>base @gkaissisCaught ForceObjectDelete called by workers>base @gkaissisCaught ForceObjectDelete called by workers>base @gkaissisCaught ForceObjectDelete called by workers>base @gkaissisCaught ForceObjectDelete called by workers>base @gkaissisCaught ForceObjectDelete called by workers>base @gkaissisCaught ForceObjectDelete called by workers>base @gkaissisCaught ForceObjectDelete called by workers>base @gkaissisCaught ForceObjectDelete called by workers>base @gkaissisCaught ForceObjectDelete called by workers>base @gkaissisCaught ForceObjectDelete called by workers>base @gkaissisCaught ForceObjectDelete called by workers>base @gkaissisCaught ForceObjectDelete called by workers>base @gkaissisCaught ForceObjectDelete called by workers>base @gkaissisCaught ForceObjectDelete called by workers>base @gkaissisCaught ForceObjectDelete called by workers>base @gkaissisCaught ForceObjectDelete called by workers>base @gkaissisCaught ForceObjectDelete called by workers>base @gkaissisCaught ForceObjectDelete called by workers>base @gkaissisCaught ForceObjectDelete called by workers>base @gkaissisCaught ForceObjectDelete called by workers>base @gkaissisCaught ForceObjectDelete called by workers>base @gkaissisCaught ForceObjectDelete called by workers>base @gkaissisCaught ForceObjectDelete called by workers>base @gkaissisCaught ForceObjectDelete called by workers>base @gkaissisCaught ForceObjectDelete called by workers>base @gkaissisCaught ForceObjectDelete called by workers>base @gkaissisCaught ForceObjectDelete called by workers>base @gkaissisCaught ForceObjectDelete called by workers>base @gkaissisCaught ForceObjectDelete called by workers>base @gkaissisCaught ForceObjectDelete called by workers>base @gkaissisCaught ForceObjectDelete called by workers>base @gkaissisCaught ForceObjectDelete called by workers>base @gkaissisCaught ForceObjectDelete called by workers>base @gkaissisCaught ForceObjectDelete called by workers>base @gkaissisCaught ForceObjectDelete called by workers>base @gkaissisCaught ForceObjectDelete called by workers>base @gkaissisCaught ForceObjectDelete called by workers>base @gkaissisCaught ForceObjectDelete called by workers>base @gkaissisCaught ForceObjectDelete called by workers>base @gkaissisCaught ForceObjectDelete called by workers>base @gkaissisCaught ForceObjectDelete called by workers>base @gkaissisCaught ForceObjectDelete called by workers>base @gkaissisCaught ForceObjectDelete called by workers>base @gkaissisCaught ForceObjectDelete called by workers>base @gkaissisCaught ForceObjectDelete called by workers>base @gkaissisCaught ForceObjectDelete called by workers>base @gkaissisCaught ForceObjectDelete called by workers>base @gkaissisCaught ForceObjectDelete called by workers>base @gkaissisCaught ForceObjectDelete called by workers>base @gkaissisCaught ForceObjectDelete called by workers>base @gkaissisCaught ForceObjectDelete called by workers>base @gkaissisCaught ForceObjectDelete called by workers>base @gkaissisCaught ForceObjectDelete called by workers>base @gkaissisCaught ForceObjectDelete called by workers>base @gkaissisCaught ForceObjectDelete called by workers>base @gkaissisCaught ForceObjectDelete called by workers>base @gkaissisCaught ForceObjectDelete called by workers>base @gkaissisCaught ForceObjectDelete called by workers>base @gkaissisCaught ForceObjectDelete called by workers>base @gkaissisCaught ForceObjectDelete called by workers>base @gkaissisCaught ForceObjectDelete called by workers>base @gkaissisCaught ForceObjectDelete called by workers>base @gkaissisCaught ForceObjectDelete called by workers>base @gkaissisCaught ForceObjectDelete called by workers>base @gkaissisCaught ForceObjectDelete called by workers>base @gkaissisCaught ForceObjectDelete called by workers>base @gkaissisCaught ForceObjectDelete called by workers>base @gkaissisCaught ForceObjectDelete called by workers>base @gkaissisCaught ForceObjectDelete called by workers>base @gkaissisCaught ForceObjectDelete called by workers>base @gkaissisCaught ForceObjectDelete called by workers>base @gkaissisCaught ForceObjectDelete called by workers>base @gkaissisCaught ForceObjectDelete called by workers>base @gkaissisCaught ForceObjectDelete called by workers>base @gkaissisCaught ForceObjectDelete called by workers>base @gkaissisCaught ForceObjectDelete called by workers>base @gkaissisCaught ForceObjectDelete called by workers>base @gkaissisCaught ForceObjectDelete called by workers>base @gkaissisCaught ForceObjectDelete called by workers>base @gkaissisCaught ForceObjectDelete called by workers>base @gkaissisCaught ForceObjectDelete called by workers>base @gkaissisCaught ForceObjectDelete called by workers>base @gkaissisCaught ForceObjectDelete called by workers>base @gkaissisCaught ForceObjectDelete called by workers>base @gkaissisCaught ForceObjectDelete called by workers>base @gkaissisCaught ForceObjectDelete called by workers>base @gkaissisCaught ForceObjectDelete called by workers>base @gkaissisCaught ForceObjectDelete called by workers>base @gkaissisCaught ForceObjectDelete called by workers>base @gkaissisCaught ForceObjectDelete called by workers>base @gkaissisCaught ForceObjectDelete called by workers>base @gkaissisCaught ForceObjectDelete called by workers>base @gkaissisCaught ForceObjectDelete called by workers>base @gkaissisCaught ForceObjectDelete called by workers>base @gkaissisCaught ForceObjectDelete called by workers>base @gkaissisCaught ForceObjectDelete called by workers>base @gkaissisCaught ForceObjectDelete called by workers>base @gkaissisCaught ForceObjectDelete called by workers>base @gkaissisCaught ForceObjectDelete called by workers>base @gkaissisCaught ForceObjectDelete called by workers>base @gkaissisCaught ForceObjectDelete called by workers>base @gkaissisCaught ForceObjectDelete called by workers>base @gkaissisCaught ForceObjectDelete called by workers>base @gkaissisCaught ForceObjectDelete called by workers>base @gkaissisCaught ForceObjectDelete called by workers>base @gkaissisCaught ForceObjectDelete called by workers>base @gkaissisCaught ForceObjectDelete called by workers>base @gkaissisCaught ForceObjectDelete called by workers>base @gkaissisCaught ForceObjectDelete called by workers>base @gkaissisCaught ForceObjectDelete called by workers>base @gkaissisCaught ForceObjectDelete called by workers>base @gkaissisCaught ForceObjectDelete called by workers>base @gkaissisCaught ForceObjectDelete called by workers>base @gkaissisCaught ForceObjectDelete called by workers>base @gkaissisCaught ForceObjectDelete called by workers>base @gkaissisCaught ForceObjectDelete called by workers>base @gkaissisCaught ForceObjectDelete called by workers>base @gkaissisCaught ForceObjectDelete called by workers>base @gkaissisCaught ForceObjectDelete called by workers>base @gkaissisCaught ForceObjectDelete called by workers>base @gkaissisCaught ForceObjectDelete called by workers>base @gkaissisCaught ForceObjectDelete called by workers>base @gkaissisCaught ForceObjectDelete called by workers>base @gkaissisCaught ForceObjectDelete called by workers>base @gkaissisCaught ForceObjectDelete called by workers>base @gkaissisCaught ForceObjectDelete called by workers>base @gkaissisCaught ForceObjectDelete called by workers>base @gkaissisCaught ForceObjectDelete called by workers>base @gkaissisCaught ForceObjectDelete called by workers>base @gkaissisCaught ForceObjectDelete called by workers>base @gkaissisCaught ForceObjectDelete called by workers>base @gkaissisCaught ForceObjectDelete called by workers>base @gkaissisCaught ForceObjectDelete called by workers>base @gkaissisCaught ForceObjectDelete called by workers>base @gkaissisCaught ForceObjectDelete called by workers>base @gkaissisCaught ForceObjectDelete called by workers>base @gkaissisCaught ForceObjectDelete called by workers>base @gkaissisCaught ForceObjectDelete called by workers>base @gkaissisCaught ForceObjectDelete called by workers>base @gkaissisCaught ForceObjectDelete called by workers>base @gkaissisCaught ForceObjectDelete called by workers>base @gkaissisCaught ForceObjectDelete called by workers>base @gkaissisCaught ForceObjectDelete called by workers>base @gkaissisCaught ForceObjectDelete called by workers>base @gkaissisCaught ForceObjectDelete called by workers>base @gkaissisCaught ForceObjectDelete called by workers>base @gkaissisCaught ForceObjectDelete called by workers>base @gkaissisCaught ForceObjectDelete called by workers>base @gkaissisCaught ForceObjectDelete called by workers>base @gkaissisCaught ForceObjectDelete called by workers>base @gkaissisCaught ForceObjectDelete called by workers>base @gkaissisCaught ForceObjectDelete called by workers>base @gkaissisCaught ForceObjectDelete called by workers>base @gkaissisCaught ForceObjectDelete called by workers>base @gkaissisCaught ForceObjectDelete called by workers>base @gkaissisCaught ForceObjectDelete called by workers>base @gkaissisCaught ForceObjectDelete called by workers>base @gkaissisCaught ForceObjectDelete called by workers>base @gkaissisCaught ForceObjectDelete called by workers>base @gkaissisCaught ForceObjectDelete called by workers>base @gkaissisCaught ForceObjectDelete called by workers>base @gkaissisCaught ForceObjectDelete called by workers>base @gkaissisCaught ForceObjectDelete called by workers>base @gkaissisCaught ForceObjectDelete called by workers>base @gkaissisCaught ForceObjectDelete called by workers>base @gkaissisCaught ForceObjectDelete called by workers>base @gkaissisCaught ForceObjectDelete called by workers>base @gkaissisCaught ForceObjectDelete called by workers>base @gkaissisCaught ForceObjectDelete called by workers>base @gkaissisCaught ForceObjectDelete called by workers>base @gkaissisCaught ForceObjectDelete called by workers>base @gkaissisCaught ForceObjectDelete called by workers>base @gkaissisCaught ForceObjectDelete called by workers>base @gkaissisCaught ForceObjectDelete called by workers>base @gkaissisCaught ForceObjectDelete called by workers>base @gkaissisCaught ForceObjectDelete called by workers>base @gkaissisCaught ForceObjectDelete called by workers>base @gkaissisCaught ForceObjectDelete called by workers>base @gkaissisCaught ForceObjectDelete called by workers>base @gkaissisCaught ForceObjectDelete called by workers>base @gkaissisCaught ForceObjectDelete called by workers>base @gkaissisCaught ForceObjectDelete called by workers>base @gkaissisCaught ForceObjectDelete called by workers>base @gkaissisCaught ForceObjectDelete called by workers>base @gkaissisCaught ForceObjectDelete called by workers>base @gkaissisCaught ForceObjectDelete called by workers>base @gkaissisCaught ForceObjectDelete called by workers>base @gkaissisCaught ForceObjectDelete called by workers>base @gkaissisCaught ForceObjectDelete called by workers>base @gkaissisCaught ForceObjectDelete called by workers>base @gkaissisCaught ForceObjectDelete called by workers>base @gkaissisCaught ForceObjectDelete called by workers>base @gkaissisCaught ForceObjectDelete called by workers>base @gkaissisCaught ForceObjectDelete called by workers>base @gkaissisCaught ForceObjectDelete called by workers>base @gkaissisCaught ForceObjectDelete called by workers>base @gkaissisCaught ForceObjectDelete called by workers>base @gkaissisCaught ForceObjectDelete called by workers>base @gkaissisCaught ForceObjectDelete called by workers>base @gkaissisCaught ForceObjectDelete called by workers>base @gkaissisCaught ForceObjectDelete called by workers>base @gkaissisCaught ForceObjectDelete called by workers>base @gkaissisCaught ForceObjectDelete called by workers>base @gkaissisCaught ForceObjectDelete called by workers>base @gkaissisCaught ForceObjectDelete called by workers>base @gkaissisCaught ForceObjectDelete called by workers>base @gkaissisCaught ForceObjectDelete called by workers>base @gkaissisCaught ForceObjectDelete called by workers>base @gkaissisCaught ForceObjectDelete called by workers>base @gkaissisCaught ForceObjectDelete called by workers>base @gkaissisCaught ForceObjectDelete called by workers>base @gkaissisCaught ForceObjectDelete called by workers>base @gkaissisCaught ForceObjectDelete called by workers>base @gkaissisCaught ForceObjectDelete called by workers>base @gkaissisCaught ForceObjectDelete called by workers>base @gkaissisCaught ForceObjectDelete called by workers>base @gkaissisCaught ForceObjectDelete called by workers>base @gkaissisCaught ForceObjectDelete called by workers>base @gkaissisCaught ForceObjectDelete called by workers>base @gkaissisCaught ForceObjectDelete called by workers>base @gkaissisCaught ForceObjectDelete called by workers>base @gkaissisCaught ForceObjectDelete called by workers>base @gkaissisCaught ForceObjectDelete called by workers>base @gkaissisCaught ForceObjectDelete called by workers>base @gkaissisCaught ForceObjectDelete called by workers>base @gkaissisCaught ForceObjectDelete called by workers>base @gkaissisCaught ForceObjectDelete called by workers>base @gkaissisCaught ForceObjectDelete called by workers>base @gkaissisCaught ForceObjectDelete called by workers>base @gkaissisCaught ForceObjectDelete called by workers>base @gkaissisCaught ForceObjectDelete called by workers>base @gkaissisCaught ForceObjectDelete called by workers>base @gkaissisCaught ForceObjectDelete called by workers>base @gkaissisCaught ForceObjectDelete called by workers>base @gkaissisCaught ForceObjectDelete called by workers>base @gkaissisCaught ForceObjectDelete called by workers>base @gkaissisCaught ForceObjectDelete called by workers>base @gkaissisCaught ForceObjectDelete called by workers>base @gkaissisCaught ForceObjectDelete called by workers>base @gkaissisCaught ForceObjectDelete called by workers>base @gkaissisCaught ForceObjectDelete called by workers>base @gkaissisCaught ForceObjectDelete called by workers>base @gkaissisCaught ForceObjectDelete called by workers>base @gkaissisCaught ForceObjectDelete called by workers>base @gkaissisCaught ForceObjectDelete called by workers>base @gkaissisCaught ForceObjectDelete called by workers>base @gkaissisCaught ForceObjectDelete called by workers>base @gkaissisCaught ForceObjectDelete called by workers>base @gkaissisCaught ForceObjectDelete called by workers>base @gkaissisCaught ForceObjectDelete called by workers>base @gkaissisCaught ForceObjectDelete called by workers>base @gkaissisCaught ForceObjectDelete called by workers>base @gkaissisCaught ForceObjectDelete called by workers>base @gkaissisCaught ForceObjectDelete called by workers>base @gkaissisCaught ForceObjectDelete called by workers>base @gkaissisCaught ForceObjectDelete called by workers>base @gkaissisCaught ForceObjectDelete called by workers>base @gkaissisCaught ForceObjectDelete called by workers>base @gkaissisCaught ForceObjectDelete called by workers>base @gkaissisCaught ForceObjectDelete called by workers>base @gkaissisCaught ForceObjectDelete called by workers>base @gkaissisCaught ForceObjectDelete called by workers>base @gkaissisCaught ForceObjectDelete called by workers>base @gkaissisCaught ForceObjectDelete called by workers>base @gkaissisCaught ForceObjectDelete called by workers>base @gkaissisCaught ForceObjectDelete called by workers>base @gkaissisCaught ForceObjectDelete called by workers>base @gkaissisCaught ForceObjectDelete called by workers>base @gkaissisCaught ForceObjectDelete called by workers>base @gkaissisCaught ForceObjectDelete called by workers>base @gkaissisCaught ForceObjectDelete called by workers>base @gkaissisCaught ForceObjectDelete called by workers>base @gkaissisCaught ForceObjectDelete called by workers>base @gkaissisCaught ForceObjectDelete called by workers>base @gkaissisCaught ForceObjectDelete called by workers>base @gkaissisCaught ForceObjectDelete called by workers>base @gkaissisCaught ForceObjectDelete called by workers>base @gkaissisCaught ForceObjectDelete called by workers>base @gkaissisCaught ForceObjectDelete called by workers>base @gkaissisCaught ForceObjectDelete called by workers>base @gkaissisCaught ForceObjectDelete called by workers>base @gkaissisCaught ForceObjectDelete called by workers>base @gkaissisCaught ForceObjectDelete called by workers>base @gkaissisCaught ForceObjectDelete called by workers>base @gkaissisCaught ForceObjectDelete called by workers>base @gkaissisCaught ForceObjectDelete called by workers>base @gkaissisCaught ForceObjectDelete called by workers>base @gkaissisCaught ForceObjectDelete called by workers>base @gkaissisCaught ForceObjectDelete called by workers>base @gkaissisCaught ForceObjectDelete called by workers>base @gkaissisCaught ForceObjectDelete called by workers>base @gkaissisCaught ForceObjectDelete called by workers>base @gkaissisCaught ForceObjectDelete called by workers>base @gkaissisCaught ForceObjectDelete called by workers>base @gkaissisCaught ForceObjectDelete called by workers>base @gkaissisCaught ForceObjectDelete called by workers>base @gkaissisCaught ForceObjectDelete called by workers>base @gkaissisCaught ForceObjectDelete called by workers>base @gkaissisCaught ForceObjectDelete called by workers>base @gkaissisCaught ForceObjectDelete called by workers>base @gkaissisCaught ForceObjectDelete called by workers>base @gkaissisCaught ForceObjectDelete called by workers>base @gkaissisCaught ForceObjectDelete called by workers>base @gkaissisCaught ForceObjectDelete called by workers>base @gkaissisCaught ForceObjectDelete called by workers>base @gkaissisCaught ForceObjectDelete called by workers>base @gkaissisCaught ForceObjectDelete called by workers>base @gkaissisCaught ForceObjectDelete called by workers>base @gkaissisCaught ForceObjectDelete called by workers>base @gkaissisCaught ForceObjectDelete called by workers>base @gkaissisCaught ForceObjectDelete called by workers>base @gkaissisCaught ForceObjectDelete called by workers>base @gkaissisCaught ForceObjectDelete called by workers>base @gkaissisCaught ForceObjectDelete called by workers>base @gkaissisCaught ForceObjectDelete called by workers>base @gkaissisCaught ForceObjectDelete called by workers>base @gkaissisCaught ForceObjectDelete called by workers>base @gkaissisCaught ForceObjectDelete called by workers>base @gkaissisCaught ForceObjectDelete called by workers>base @gkaissisCaught ForceObjectDelete called by workers>base @gkaissisCaught ForceObjectDelete called by workers>base @gkaissisCaught ForceObjectDelete called by workers>base @gkaissisCaught ForceObjectDelete called by workers>base @gkaissisCaught ForceObjectDelete called by workers>base @gkaissisCaught ForceObjectDelete called by workers>base @gkaissisCaught ForceObjectDelete called by workers>base @gkaissisCaught ForceObjectDelete called by workers>base @gkaissisCaught ForceObjectDelete called by workers>base @gkaissisCaught ForceObjectDelete called by workers>base @gkaissisCaught ForceObjectDelete called by workers>base @gkaissisCaught ForceObjectDelete called by workers>base @gkaissisCaught ForceObjectDelete called by workers>base @gkaissisCaught ForceObjectDelete called by workers>base @gkaissisCaught ForceObjectDelete called by workers>base @gkaissisCaught ForceObjectDelete called by workers>base @gkaissisCaught ForceObjectDelete called by workers>base @gkaissisCaught ForceObjectDelete called by workers>base @gkaissisCaught ForceObjectDelete called by workers>base @gkaissisCaught ForceObjectDelete called by workers>base @gkaissisCaught ForceObjectDelete called by workers>base @gkaissisCaught ForceObjectDelete called by workers>base @gkaissisCaught ForceObjectDelete called by workers>base @gkaissisCaught ForceObjectDelete called by workers>base @gkaissisCaught ForceObjectDelete called by workers>base @gkaissisCaught ForceObjectDelete called by workers>base @gkaissisCaught ForceObjectDelete called by workers>base @gkaissisCaught ForceObjectDelete called by workers>base @gkaissisCaught ForceObjectDelete called by workers>base @gkaissisCaught ForceObjectDelete called by workers>base @gkaissisCaught ForceObjectDelete called by workers>base @gkaissisCaught ForceObjectDelete called by workers>base @gkaissisCaught ForceObjectDelete called by workers>base @gkaissisCaught ForceObjectDelete called by workers>base @gkaissisCaught ForceObjectDelete called by workers>base @gkaissisCaught ForceObjectDelete called by workers>base @gkaissisCaught ForceObjectDelete called by workers>base @gkaissisCaught ForceObjectDelete called by workers>base @gkaissisCaught ForceObjectDelete called by workers>base @gkaissisCaught ForceObjectDelete called by workers>base @gkaissisCaught ForceObjectDelete called by workers>base @gkaissisCaught ForceObjectDelete called by workers>base @gkaissisCaught ForceObjectDelete called by workers>base @gkaissisCaught ForceObjectDelete called by workers>base @gkaissisCaught ForceObjectDelete called by workers>base @gkaissisCaught ForceObjectDelete called by workers>base @gkaissisCaught ForceObjectDelete called by workers>base @gkaissisCaught ForceObjectDelete called by workers>base @gkaissisCaught ForceObjectDelete called by workers>base @gkaissisCaught ForceObjectDelete called by workers>base @gkaissisCaught ForceObjectDelete called by workers>base @gkaissisCaught ForceObjectDelete called by workers>base @gkaissisCaught ForceObjectDelete called by workers>base @gkaissisCaught ForceObjectDelete called by workers>base @gkaissisCaught ForceObjectDelete called by workers>base @gkaissisCaught ForceObjectDelete called by workers>base @gkaissisCaught ForceObjectDelete called by workers>base @gkaissisCaught ForceObjectDelete called by workers>base @gkaissisCaught ForceObjectDelete called by workers>base @gkaissisCaught ForceObjectDelete called by workers>base @gkaissisCaught ForceObjectDelete called by workers>base @gkaissisCaught ForceObjectDelete called by workers>base @gkaissisCaught ForceObjectDelete called by workers>base @gkaissisCaught ForceObjectDelete called by workers>base @gkaissisCaught ForceObjectDelete called by workers>base @gkaissisCaught ForceObjectDelete called by workers>base @gkaissisCaught ForceObjectDelete called by workers>base @gkaissisCaught ForceObjectDelete called by workers>base @gkaissisCaught ForceObjectDelete called by workers>base @gkaissisCaught ForceObjectDelete called by workers>base @gkaissisCaught ForceObjectDelete called by workers>base @gkaissisCaught ForceObjectDelete called by workers>base @gkaissisCaught ForceObjectDelete called by workers>base @gkaissisCaught ForceObjectDelete called by workers>base @gkaissisCaught ForceObjectDelete called by workers>base @gkaissisCaught ForceObjectDelete called by workers>base @gkaissisCaught ForceObjectDelete called by workers>base @gkaissisCaught ForceObjectDelete called by workers>base @gkaissisCaught ForceObjectDelete called by workers>base @gkaissisCaught ForceObjectDelete called by workers>base @gkaissisCaught ForceObjectDelete called by workers>base @gkaissisCaught ForceObjectDelete called by workers>base @gkaissisCaught ForceObjectDelete called by workers>base @gkaissisCaught ForceObjectDelete called by workers>base @gkaissisCaught ForceObjectDelete called by workers>base @gkaissisCaught ForceObjectDelete called by workers>base @gkaissisCaught ForceObjectDelete called by workers>base @gkaissisCaught ForceObjectDelete called by workers>base @gkaissisCaught ForceObjectDelete called by workers>base @gkaissisCaught ForceObjectDelete called by workers>base @gkaissisCaught ForceObjectDelete called by workers>base @gkaissisCaught ForceObjectDelete called by workers>base @gkaissisCaught ForceObjectDelete called by workers>base @gkaissisCaught ForceObjectDelete called by workers>base @gkaissisCaught ForceObjectDelete called by workers>base @gkaissisCaught ForceObjectDelete called by workers>base @gkaissisCaught ForceObjectDelete called by workers>base @gkaissisCaught ForceObjectDelete called by workers>base @gkaissisCaught ForceObjectDelete called by workers>base @gkaissisCaught ForceObjectDelete called by workers>base @gkaissisCaught ForceObjectDelete called by workers>base @gkaissisCaught ForceObjectDelete called by workers>base @gkaissisCaught ForceObjectDelete called by workers>base @gkaissisCaught ForceObjectDelete called by workers>base @gkaissisCaught ForceObjectDelete called by workers>base @gkaissisCaught ForceObjectDelete called by workers>base @gkaissisCaught ForceObjectDelete called by workers>base @gkaissisCaught ForceObjectDelete called by workers>base @gkaissisCaught ForceObjectDelete called by workers>base @gkaissisCaught ForceObjectDelete called by workers>base @gkaissisCaught ForceObjectDelete called by workers>base @gkaissisCaught ForceObjectDelete called by workers>base @gkaissisCaught ForceObjectDelete called by workers>base @gkaissisCaught ForceObjectDelete called by workers>base @gkaissisCaught ForceObjectDelete called by workers>base @gkaissisCaught ForceObjectDelete called by workers>base @gkaissisCaught ForceObjectDelete called by workers>base @gkaissisCaught ForceObjectDelete called by workers>base @gkaissisCaught ForceObjectDelete called by workers>base @gkaissisCaught ForceObjectDelete called by workers>base @gkaissisCaught ForceObjectDelete called by workers>base @gkaissisCaught ForceObjectDelete called by workers>base @gkaissisCaught ForceObjectDelete called by workers>base @gkaissisCaught ForceObjectDelete called by workers>base @gkaissisCaught ForceObjectDelete called by workers>base @gkaissisCaught ForceObjectDelete called by workers>base @gkaissisCaught ForceObjectDelete called by workers>base @gkaissisCaught ForceObjectDelete called by workers>base @gkaissisCaught ForceObjectDelete called by workers>base @gkaissisCaught ForceObjectDelete called by workers>base @gkaissisCaught ForceObjectDelete called by workers>base @gkaissisCaught ForceObjectDelete called by workers>base @gkaissisCaught ForceObjectDelete called by workers>base @gkaissisCaught ForceObjectDelete called by workers>base @gkaissisCaught ForceObjectDelete called by workers>base @gkaissisCaught ForceObjectDelete called by workers>base @gkaissisCaught ForceObjectDelete called by workers>base @gkaissisCaught ForceObjectDelete called by workers>base @gkaissisCaught ForceObjectDelete called by workers>base @gkaissisCaught ForceObjectDelete called by workers>base @gkaissisCaught ForceObjectDelete called by workers>base @gkaissisCaught ForceObjectDelete called by workers>base @gkaissisCaught ForceObjectDelete called by workers>base @gkaissisCaught ForceObjectDelete called by workers>base @gkaissisCaught ForceObjectDelete called by workers>base @gkaissisCaught ForceObjectDelete called by workers>base @gkaissisCaught ForceObjectDelete called by workers>base @gkaissisCaught ForceObjectDelete called by workers>base @gkaissisCaught ForceObjectDelete called by workers>base @gkaissisCaught ForceObjectDelete called by workers>base @gkaissisCaught ForceObjectDelete called by workers>base @gkaissisCaught ForceObjectDelete called by workers>base @gkaissisCaught ForceObjectDelete called by workers>base @gkaissisCaught ForceObjectDelete called by workers>base @gkaissisCaught ForceObjectDelete called by workers>base @gkaissisCaught ForceObjectDelete called by workers>base @gkaissisCaught ForceObjectDelete called by workers>base @gkaissisCaught ForceObjectDelete called by workers>base @gkaissisCaught ForceObjectDelete called by workers>base @gkaissisCaught ForceObjectDelete called by workers>base @gkaissisCaught ForceObjectDelete called by workers>base @gkaissisCaught ForceObjectDelete called by workers>base @gkaissisCaught ForceObjectDelete called by workers>base @gkaissisCaught ForceObjectDelete called by workers>base @gkaissisCaught ForceObjectDelete called by workers>base @gkaissisCaught ForceObjectDelete called by workers>base @gkaissisCaught ForceObjectDelete called by workers>base @gkaissisCaught ForceObjectDelete called by workers>base @gkaissisCaught ForceObjectDelete called by workers>base @gkaissisCaught ForceObjectDelete called by workers>base @gkaissisCaught ForceObjectDelete called by workers>base @gkaissisCaught ForceObjectDelete called by workers>base @gkaissisCaught ForceObjectDelete called by workers>base @gkaissisCaught ForceObjectDelete called by workers>base @gkaissisCaught ForceObjectDelete called by workers>base @gkaissisCaught ForceObjectDelete called by workers>base @gkaissisCaught ForceObjectDelete called by workers>base @gkaissisCaught ForceObjectDelete called by workers>base @gkaissisCaught ForceObjectDelete called by workers>base @gkaissisCaught ForceObjectDelete called by workers>base @gkaissisCaught ForceObjectDelete called by workers>base @gkaissisCaught ForceObjectDelete called by workers>base @gkaissisCaught ForceObjectDelete called by workers>base @gkaissisCaught ForceObjectDelete called by workers>base @gkaissisCaught ForceObjectDelete called by workers>base @gkaissisCaught ForceObjectDelete called by workers>base @gkaissisCaught ForceObjectDelete called by workers>base @gkaissisCaught ForceObjectDelete called by workers>base @gkaissisCaught ForceObjectDelete called by workers>base @gkaissisCaught ForceObjectDelete called by workers>base @gkaissisCaught ForceObjectDelete called by workers>base @gkaissisCaught ForceObjectDelete called by workers>base @gkaissisCaught ForceObjectDelete called by workers>base @gkaissisCaught ForceObjectDelete called by workers>base @gkaissisCaught ForceObjectDelete called by workers>base @gkaissisCaught ForceObjectDelete called by workers>base @gkaissisCaught ForceObjectDelete called by workers>base @gkaissisCaught ForceObjectDelete called by workers>base @gkaissisCaught ForceObjectDelete called by workers>base @gkaissisCaught ForceObjectDelete called by workers>base @gkaissisCaught ForceObjectDelete called by workers>base @gkaissisCaught ForceObjectDelete called by workers>base @gkaissisCaught ForceObjectDelete called by workers>base @gkaissisCaught ForceObjectDelete called by workers>base @gkaissisCaught ForceObjectDelete called by workers>base @gkaissisCaught ForceObjectDelete called by workers>base @gkaissisCaught ForceObjectDelete called by workers>base @gkaissisCaught ForceObjectDelete called by workers>base @gkaissisCaught ForceObjectDelete called by workers>base @gkaissisCaught ForceObjectDelete called by workers>base @gkaissisCaught ForceObjectDelete called by workers>base @gkaissisCaught ForceObjectDelete called by workers>base @gkaissisCaught ForceObjectDelete called by workers>base @gkaissisCaught ForceObjectDelete called by workers>base @gkaissisCaught ForceObjectDelete called by workers>base @gkaissisCaught ForceObjectDelete called by workers>base @gkaissisCaught ForceObjectDelete called by workers>base @gkaissisCaught ForceObjectDelete called by workers>base @gkaissisCaught ForceObjectDelete called by workers>base @gkaissisCaught ForceObjectDelete called by workers>base @gkaissisCaught ForceObjectDelete called by workers>base @gkaissisCaught ForceObjectDelete called by workers>base @gkaissisCaught ForceObjectDelete called by workers>base @gkaissisCaught ForceObjectDelete called by workers>base @gkaissisCaught ForceObjectDelete called by workers>base @gkaissisCaught ForceObjectDelete called by workers>base @gkaissisCaught ForceObjectDelete called by workers>base @gkaissisCaught ForceObjectDelete called by workers>base @gkaissisCaught ForceObjectDelete called by workers>base @gkaissisCaught ForceObjectDelete called by workers>base @gkaissisCaught ForceObjectDelete called by workers>base @gkaissisCaught ForceObjectDelete called by workers>base @gkaissisCaught ForceObjectDelete called by workers>base @gkaissisCaught ForceObjectDelete called by workers>base @gkaissisCaught ForceObjectDelete called by workers>base @gkaissisCaught ForceObjectDelete called by workers>base @gkaissisCaught ForceObjectDelete called by workers>base @gkaissisCaught ForceObjectDelete called by workers>base @gkaissisCaught ForceObjectDelete called by workers>base @gkaissisCaught ForceObjectDelete called by workers>base @gkaissisCaught ForceObjectDelete called by workers>base @gkaissisCaught ForceObjectDelete called by workers>base @gkaissisCaught ForceObjectDelete called by workers>base @gkaissisCaught ForceObjectDelete called by workers>base @gkaissisCaught ForceObjectDelete called by workers>base @gkaissisCaught ForceObjectDelete called by workers>base @gkaissisCaught ForceObjectDelete called by workers>base @gkaissisCaught ForceObjectDelete called by workers>base @gkaissisCaught ForceObjectDelete called by workers>base @gkaissisCaught ForceObjectDelete called by workers>base @gkaissisCaught ForceObjectDelete called by workers>base @gkaissisCaught ForceObjectDelete called by workers>base @gkaissisCaught ForceObjectDelete called by workers>base @gkaissisCaught ForceObjectDelete called by workers>base @gkaissisCaught ForceObjectDelete called by workers>base @gkaissisCaught ForceObjectDelete called by workers>base @gkaissisCaught ForceObjectDelete called by workers>base @gkaissisCaught ForceObjectDelete called by workers>base @gkaissisCaught ForceObjectDelete called by workers>base @gkaissisCaught ForceObjectDelete called by workers>base @gkaissisCaught ForceObjectDelete called by workers>base @gkaissisCaught ForceObjectDelete called by workers>base @gkaissisCaught ForceObjectDelete called by workers>base @gkaissisCaught ForceObjectDelete called by workers>base @gkaissisCaught ForceObjectDelete called by workers>base @gkaissisCaught ForceObjectDelete called by workers>base @gkaissisCaught ForceObjectDelete called by workers>base @gkaissisCaught ForceObjectDelete called by workers>base @gkaissisCaught ForceObjectDelete called by workers>base @gkaissisCaught ForceObjectDelete called by workers>base @gkaissisCaught ForceObjectDelete called by workers>base @gkaissisCaught ForceObjectDelete called by workers>base @gkaissisCaught ForceObjectDelete called by workers>base @gkaissisCaught ForceObjectDelete called by workers>base @gkaissisCaught ForceObjectDelete called by workers>base @gkaissisCaught ForceObjectDelete called by workers>base @gkaissisCaught ForceObjectDelete called by workers>base @gkaissisCaught ForceObjectDelete called by workers>base @gkaissisCaught ForceObjectDelete called by workers>base @gkaissisCaught ForceObjectDelete called by workers>base @gkaissisCaught ForceObjectDelete called by workers>base @gkaissisCaught ForceObjectDelete called by workers>base @gkaissisCaught ForceObjectDelete called by workers>base @gkaissisCaught ForceObjectDelete called by workers>base @gkaissisCaught ForceObjectDelete called by workers>base @gkaissisCaught ForceObjectDelete called by workers>base @gkaissisCaught ForceObjectDelete called by workers>base @gkaissisCaught ForceObjectDelete called by workers>base @gkaissisCaught ForceObjectDelete called by workers>base @gkaissisCaught ForceObjectDelete called by workers>base @gkaissisCaught ForceObjectDelete called by workers>base @gkaissisCaught ForceObjectDelete called by workers>base @gkaissisCaught ForceObjectDelete called by workers>base @gkaissisCaught ForceObjectDelete called by workers>base @gkaissisCaught ForceObjectDelete called by workers>base @gkaissisCaught ForceObjectDelete called by workers>base @gkaissisCaught ForceObjectDelete called by workers>base @gkaissisCaught ForceObjectDelete called by workers>base @gkaissisCaught ForceObjectDelete called by workers>base @gkaissisCaught ForceObjectDelete called by workers>base @gkaissisCaught ForceObjectDelete called by workers>base @gkaissisCaught ForceObjectDelete called by workers>base @gkaissisCaught ForceObjectDelete called by workers>base @gkaissisCaught ForceObjectDelete called by workers>base @gkaissisCaught ForceObjectDelete called by workers>base @gkaissisCaught ForceObjectDelete called by workers>base @gkaissisCaught ForceObjectDelete called by workers>base @gkaissisCaught ForceObjectDelete called by workers>base @gkaissisCaught ForceObjectDelete called by workers>base @gkaissisCaught ForceObjectDelete called by workers>base @gkaissisCaught ForceObjectDelete called by workers>base @gkaissisCaught ForceObjectDelete called by workers>base @gkaissisCaught ForceObjectDelete called by workers>base @gkaissisCaught ForceObjectDelete called by workers>base @gkaissisCaught ForceObjectDelete called by workers>base @gkaissisCaught ForceObjectDelete called by workers>base @gkaissisCaught ForceObjectDelete called by workers>base @gkaissisCaught ForceObjectDelete called by workers>base @gkaissisCaught ForceObjectDelete called by workers>base @gkaissisCaught ForceObjectDelete called by workers>base @gkaissisCaught ForceObjectDelete called by workers>base @gkaissisCaught ForceObjectDelete called by workers>base @gkaissisCaught ForceObjectDelete called by workers>base @gkaissisCaught ForceObjectDelete called by workers>base @gkaissisCaught ForceObjectDelete called by workers>base @gkaissisCaught ForceObjectDelete called by workers>base @gkaissisCaught ForceObjectDelete called by workers>base @gkaissisCaught ForceObjectDelete called by workers>base @gkaissisCaught ForceObjectDelete called by workers>base @gkaissisCaught ForceObjectDelete called by workers>base @gkaissisCaught ForceObjectDelete called by workers>base @gkaissisCaught ForceObjectDelete called by workers>base @gkaissisCaught ForceObjectDelete called by workers>base @gkaissisCaught ForceObjectDelete called by workers>base @gkaissisCaught ForceObjectDelete called by workers>base @gkaissisCaught ForceObjectDelete called by workers>base @gkaissisCaught ForceObjectDelete called by workers>base @gkaissisCaught ForceObjectDelete called by workers>base @gkaissisCaught ForceObjectDelete called by workers>base @gkaissisCaught ForceObjectDelete called by workers>base @gkaissisCaught ForceObjectDelete called by workers>base @gkaissisCaught ForceObjectDelete called by workers>base @gkaissisCaught ForceObjectDelete called by workers>base @gkaissisCaught ForceObjectDelete called by workers>base @gkaissisCaught ForceObjectDelete called by workers>base @gkaissisCaught ForceObjectDelete called by workers>base @gkaissisCaught ForceObjectDelete called by workers>base @gkaissisCaught ForceObjectDelete called by workers>base @gkaissisCaught ForceObjectDelete called by workers>base @gkaissisCaught ForceObjectDelete called by workers>base @gkaissisCaught ForceObjectDelete called by workers>base @gkaissisCaught ForceObjectDelete called by workers>base @gkaissisCaught ForceObjectDelete called by workers>base @gkaissisCaught ForceObjectDelete called by workers>base @gkaissisCaught ForceObjectDelete called by workers>base @gkaissisCaught ForceObjectDelete called by workers>base @gkaissisCaught ForceObjectDelete called by workers>base @gkaissisCaught ForceObjectDelete called by workers>base @gkaissisCaught ForceObjectDelete called by workers>base @gkaissisCaught ForceObjectDelete called by workers>base @gkaissisCaught ForceObjectDelete called by workers>base @gkaissisCaught ForceObjectDelete called by workers>base @gkaissisCaught ForceObjectDelete called by workers>base @gkaissisCaught ForceObjectDelete called by workers>base @gkaissisCaught ForceObjectDelete called by workers>base @gkaissisCaught ForceObjectDelete called by workers>base @gkaissisCaught ForceObjectDelete called by workers>base @gkaissisCaught ForceObjectDelete called by workers>base @gkaissisCaught ForceObjectDelete called by workers>base @gkaissisCaught ForceObjectDelete called by workers>base @gkaissisCaught ForceObjectDelete called by workers>base @gkaissisCaught ForceObjectDelete called by workers>base @gkaissisCaught ForceObjectDelete called by workers>base @gkaissisCaught ForceObjectDelete called by workers>base @gkaissisCaught ForceObjectDelete called by workers>base @gkaissisCaught ForceObjectDelete called by workers>base @gkaissisCaught ForceObjectDelete called by workers>base @gkaissisCaught ForceObjectDelete called by workers>base @gkaissisCaught ForceObjectDelete called by workers>base @gkaissisCaught ForceObjectDelete called by workers>base @gkaissisCaught ForceObjectDelete called by workers>base @gkaissisCaught ForceObjectDelete called by workers>base @gkaissisCaught ForceObjectDelete called by workers>base @gkaissisCaught ForceObjectDelete called by workers>base @gkaissisCaught ForceObjectDelete called by workers>base @gkaissisCaught ForceObjectDelete called by workers>base @gkaissisCaught ForceObjectDelete called by workers>base @gkaissisCaught ForceObjectDelete called by workers>base @gkaissisCaught ForceObjectDelete called by workers>base @gkaissisCaught ForceObjectDelete called by workers>base @gkaissisCaught ForceObjectDelete called by workers>base @gkaissisCaught ForceObjectDelete called by workers>base @gkaissisCaught ForceObjectDelete called by workers>base @gkaissisCaught ForceObjectDelete called by workers>base @gkaissisCaught ForceObjectDelete called by workers>base @gkaissisCaught ForceObjectDelete called by workers>base @gkaissisCaught ForceObjectDelete called by workers>base @gkaissisCaught ForceObjectDelete called by workers>base @gkaissisCaught ForceObjectDelete called by workers>base @gkaissisCaught ForceObjectDelete called by workers>base @gkaissisCaught ForceObjectDelete called by workers>base @gkaissisCaught ForceObjectDelete called by workers>base @gkaissisCaught ForceObjectDelete called by workers>base @gkaissisCaught ForceObjectDelete called by workers>base @gkaissisCaught ForceObjectDelete called by workers>base @gkaissisCaught ForceObjectDelete called by workers>base @gkaissisCaught ForceObjectDelete called by workers>base @gkaissisCaught ForceObjectDelete called by workers>base @gkaissisCaught ForceObjectDelete called by workers>base @gkaissisCaught ForceObjectDelete called by workers>base @gkaissisCaught ForceObjectDelete called by workers>base @gkaissisCaught ForceObjectDelete called by workers>base @gkaissisCaught ForceObjectDelete called by workers>base @gkaissisCaught ForceObjectDelete called by workers>base @gkaissisCaught ForceObjectDelete called by workers>base @gkaissisCaught ForceObjectDelete called by workers>base @gkaissisCaught ForceObjectDelete called by workers>base @gkaissisCaught ForceObjectDelete called by workers>base @gkaissisCaught ForceObjectDelete called by workers>base @gkaissisCaught ForceObjectDelete called by workers>base @gkaissisCaught ForceObjectDelete called by workers>base @gkaissisCaught ForceObjectDelete called by workers>base @gkaissisCaught ForceObjectDelete called by workers>base @gkaissisCaught ForceObjectDelete called by workers>base @gkaissisCaught ForceObjectDelete called by workers>base @gkaissisCaught ForceObjectDelete called by workers>base @gkaissisCaught ForceObjectDelete called by workers>base @gkaissisCaught ForceObjectDelete called by workers>base @gkaissisCaught ForceObjectDelete called by workers>base @gkaissisCaught ForceObjectDelete called by workers>base @gkaissisCaught ForceObjectDelete called by workers>base @gkaissisCaught ForceObjectDelete called by workers>base @gkaissisCaught ForceObjectDelete called by workers>base @gkaissisCaught ForceObjectDelete called by workers>base @gkaissisCaught ForceObjectDelete called by workers>base @gkaissisCaught ForceObjectDelete called by workers>base @gkaissisCaught ForceObjectDelete called by workers>base @gkaissisCaught ForceObjectDelete called by workers>base @gkaissisCaught ForceObjectDelete called by workers>base @gkaissisCaught ForceObjectDelete called by workers>base @gkaissisCaught ForceObjectDelete called by workers>base @gkaissisCaught ForceObjectDelete called by workers>base @gkaissisCaught ForceObjectDelete called by workers>base @gkaissisCaught ForceObjectDelete called by workers>base @gkaissisCaught ForceObjectDelete called by workers>base @gkaissisCaught ForceObjectDelete called by workers>base @gkaissisCaught ForceObjectDelete called by workers>base @gkaissisCaught ForceObjectDelete called by workers>base @gkaissisCaught ForceObjectDelete called by workers>base @gkaissisCaught ForceObjectDelete called by workers>base @gkaissisCaught ForceObjectDelete called by workers>base @gkaissisCaught ForceObjectDelete called by workers>base @gkaissisCaught ForceObjectDelete called by workers>base @gkaissisCaught ForceObjectDelete called by workers>base @gkaissisCaught ForceObjectDelete called by workers>base @gkaissisCaught ForceObjectDelete called by workers>base @gkaissisCaught ForceObjectDelete called by workers>base @gkaissisCaught ForceObjectDelete called by workers>base @gkaissisCaught ForceObjectDelete called by workers>base @gkaissisCaught ForceObjectDelete called by workers>base @gkaissisCaught ForceObjectDelete called by workers>base @gkaissisCaught ForceObjectDelete called by workers>base @gkaissisCaught ForceObjectDelete called by workers>base @gkaissisCaught ForceObjectDelete called by workers>base @gkaissisCaught ForceObjectDelete called by workers>base @gkaissisCaught ForceObjectDelete called by workers>base @gkaissisCaught ForceObjectDelete called by workers>base @gkaissisCaught ForceObjectDelete called by workers>base @gkaissisCaught ForceObjectDelete called by workers>base @gkaissisCaught ForceObjectDelete called by workers>base @gkaissisCaught ForceObjectDelete called by workers>base @gkaissisCaught ForceObjectDelete called by workers>base @gkaissisCaught ForceObjectDelete called by workers>base @gkaissisCaught ForceObjectDelete called by workers>base @gkaissisCaught ForceObjectDelete called by workers>base @gkaissisCaught ForceObjectDelete called by workers>base @gkaissisCaught ForceObjectDelete called by workers>base @gkaissisCaught ForceObjectDelete called by workers>base @gkaissisCaught ForceObjectDelete called by workers>base @gkaissisCaught ForceObjectDelete called by workers>base @gkaissisCaught ForceObjectDelete called by workers>base @gkaissisCaught ForceObjectDelete called by workers>base @gkaissisCaught ForceObjectDelete called by workers>base @gkaissisCaught ForceObjectDelete called by workers>base @gkaissisCaught ForceObjectDelete called by workers>base @gkaissisCaught ForceObjectDelete called by workers>base @gkaissisCaught ForceObjectDelete called by workers>base @gkaissisCaught ForceObjectDelete called by workers>base @gkaissisCaught ForceObjectDelete called by workers>base @gkaissisCaught ForceObjectDelete called by workers>base @gkaissisCaught ForceObjectDelete called by workers>base @gkaissisCaught ForceObjectDelete called by workers>base @gkaissisCaught ForceObjectDelete called by workers>base @gkaissisCaught ForceObjectDelete called by workers>base @gkaissisCaught ForceObjectDelete called by workers>base @gkaissisCaught ForceObjectDelete called by workers>base @gkaissisCaught ForceObjectDelete called by workers>base @gkaissisCaught ForceObjectDelete called by workers>base @gkaissisCaught ForceObjectDelete called by workers>base @gkaissisCaught ForceObjectDelete called by workers>base @gkaissisCaught ForceObjectDelete called by workers>base @gkaissisCaught ForceObjectDelete called by workers>base @gkaissisCaught ForceObjectDelete called by workers>base @gkaissisCaught ForceObjectDelete called by workers>base @gkaissisCaught ForceObjectDelete called by workers>base @gkaissisCaught ForceObjectDelete called by workers>base @gkaissisCaught ForceObjectDelete called by workers>base @gkaissisCaught ForceObjectDelete called by workers>base @gkaissisCaught ForceObjectDelete called by workers>base @gkaissisCaught ForceObjectDelete called by workers>base @gkaissisCaught ForceObjectDelete called by workers>base @gkaissisCaught ForceObjectDelete called by workers>base @gkaissisCaught ForceObjectDelete called by workers>base @gkaissisCaught ForceObjectDelete called by workers>base @gkaissisCaught ForceObjectDelete called by workers>base @gkaissisCaught ForceObjectDelete called by workers>base @gkaissisCaught ForceObjectDelete called by workers>base @gkaissisCaught ForceObjectDelete called by workers>base @gkaissisCaught ForceObjectDelete called by workers>base @gkaissisCaught ForceObjectDelete called by workers>base @gkaissisCaught ForceObjectDelete called by workers>base @gkaissisCaught ForceObjectDelete called by workers>base @gkaissisCaught ForceObjectDelete called by workers>base @gkaissisCaught ForceObjectDelete called by workers>base @gkaissisCaught ForceObjectDelete called by workers>base @gkaissisCaught ForceObjectDelete called by workers>base @gkaissisCaught ForceObjectDelete called by workers>base @gkaissisCaught ForceObjectDelete called by workers>base @gkaissisCaught ForceObjectDelete called by workers>base @gkaissisCaught ForceObjectDelete called by workers>base @gkaissisCaught ForceObjectDelete called by workers>base @gkaissisCaught ForceObjectDelete called by workers>base @gkaissisCaught ForceObjectDelete called by workers>base @gkaissisCaught ForceObjectDelete called by workers>base @gkaissisCaught ForceObjectDelete called by workers>base @gkaissisCaught ForceObjectDelete called by workers>base @gkaissisCaught ForceObjectDelete called by workers>base @gkaissisCaught ForceObjectDelete called by workers>base @gkaissisCaught ForceObjectDelete called by workers>base @gkaissisCaught ForceObjectDelete called by workers>base @gkaissisCaught ForceObjectDelete called by workers>base @gkaissisCaught ForceObjectDelete called by workers>base @gkaissisCaught ForceObjectDelete called by workers>base @gkaissisCaught ForceObjectDelete called by workers>base @gkaissisCaught ForceObjectDelete called by workers>base @gkaissisCaught ForceObjectDelete called by workers>base @gkaissisCaught ForceObjectDelete called by workers>base @gkaissisCaught ForceObjectDelete called by workers>base @gkaissisCaught ForceObjectDelete called by workers>base @gkaissisCaught ForceObjectDelete called by workers>base @gkaissisCaught ForceObjectDelete called by workers>base @gkaissisCaught ForceObjectDelete called by workers>base @gkaissisCaught ForceObjectDelete called by workers>base @gkaissisCaught ForceObjectDelete called by workers>base @gkaissisCaught ForceObjectDelete called by workers>base @gkaissisCaught ForceObjectDelete called by workers>base @gkaissisCaught ForceObjectDelete called by workers>base @gkaissisCaught ForceObjectDelete called by workers>base @gkaissisCaught ForceObjectDelete called by workers>base @gkaissisCaught ForceObjectDelete called by workers>base @gkaissisCaught ForceObjectDelete called by workers>base @gkaissisCaught ForceObjectDelete called by workers>base @gkaissisCaught ForceObjectDelete called by workers>base @gkaissisCaught ForceObjectDelete called by workers>base @gkaissisCaught ForceObjectDelete called by workers>base @gkaissisCaught ForceObjectDelete called by workers>base @gkaissisCaught ForceObjectDelete called by workers>base @gkaissisCaught ForceObjectDelete called by workers>base @gkaissisCaught ForceObjectDelete called by workers>base @gkaissisCaught ForceObjectDelete called by workers>base @gkaissisCaught ForceObjectDelete called by workers>base @gkaissisCaught ForceObjectDelete called by workers>base @gkaissisCaught ForceObjectDelete called by workers>base @gkaissisCaught ForceObjectDelete called by workers>base @gkaissisCaught ForceObjectDelete called by workers>base @gkaissisCaught ForceObjectDelete called by workers>base @gkaissisCaught ForceObjectDelete called by workers>base @gkaissisCaught ForceObjectDelete called by workers>base @gkaissisCaught ForceObjectDelete called by workers>base @gkaissisCaught ForceObjectDelete called by workers>base @gkaissisCaught ForceObjectDelete called by workers>base @gkaissisCaught ForceObjectDelete called by workers>base @gkaissisCaught ForceObjectDelete called by workers>base @gkaissisCaught ForceObjectDelete called by workers>base @gkaissisCaught ForceObjectDelete called by workers>base @gkaissisCaught ForceObjectDelete called by workers>base @gkaissisCaught ForceObjectDelete called by workers>base @gkaissisCaught ForceObjectDelete called by workers>base @gkaissisCaught ForceObjectDelete called by workers>base @gkaissisCaught ForceObjectDelete called by workers>base @gkaissisCaught ForceObjectDelete called by workers>base @gkaissisCaught ForceObjectDelete called by workers>base @gkaissisCaught ForceObjectDelete called by workers>base @gkaissisCaught ForceObjectDelete called by workers>base @gkaissisCaught ForceObjectDelete called by workers>base @gkaissisCaught ForceObjectDelete called by workers>base @gkaissisCaught ForceObjectDelete called by workers>base @gkaissisCaught ForceObjectDelete called by workers>base @gkaissisCaught ForceObjectDelete called by workers>base @gkaissisCaught ForceObjectDelete called by workers>base @gkaissisCaught ForceObjectDelete called by workers>base @gkaissisCaught ForceObjectDelete called by workers>base @gkaissisCaught ForceObjectDelete called by workers>base @gkaissisCaught ForceObjectDelete called by workers>base @gkaissisCaught ForceObjectDelete called by workers>base @gkaissisCaught ForceObjectDelete called by workers>base @gkaissisCaught ForceObjectDelete called by workers>base @gkaissisCaught ForceObjectDelete called by workers>base @gkaissisCaught ForceObjectDelete called by workers>base @gkaissisCaught ForceObjectDelete called by workers>base @gkaissisCaught ForceObjectDelete called by workers>base @gkaissisCaught ForceObjectDelete called by workers>base @gkaissisCaught ForceObjectDelete called by workers>base @gkaissisCaught ForceObjectDelete called by workers>base @gkaissisCaught ForceObjectDelete called by workers>base @gkaissisCaught ForceObjectDelete called by workers>base @gkaissisCaught ForceObjectDelete called by workers>base @gkaissisCaught ForceObjectDelete called by workers>base @gkaissisCaught ForceObjectDelete called by workers>base @gkaissisCaught ForceObjectDelete called by workers>base @gkaissisCaught ForceObjectDelete called by workers>base @gkaissisCaught ForceObjectDelete called by workers>base @gkaissisCaught ForceObjectDelete called by workers>base @gkaissisCaught ForceObjectDelete called by workers>base @gkaissisCaught ForceObjectDelete called by workers>base @gkaissisCaught ForceObjectDelete called by workers>base @gkaissisCaught ForceObjectDelete called by workers>base @gkaissisCaught ForceObjectDelete called by workers>base @gkaissisCaught ForceObjectDelete called by workers>base @gkaissisCaught ForceObjectDelete called by workers>base @gkaissisCaught ForceObjectDelete called by workers>base @gkaissisCaught ForceObjectDelete called by workers>base @gkaissisCaught ForceObjectDelete called by workers>base @gkaissisCaught ForceObjectDelete called by workers>base @gkaissisCaught ForceObjectDelete called by workers>base @gkaissisCaught ForceObjectDelete called by workers>base @gkaissisCaught ForceObjectDelete called by workers>base @gkaissisCaught ForceObjectDelete called by workers>base @gkaissisCaught ForceObjectDelete called by workers>base @gkaissisCaught ForceObjectDelete called by workers>base @gkaissisCaught ForceObjectDelete called by workers>base @gkaissisCaught ForceObjectDelete called by workers>base @gkaissisCaught ForceObjectDelete called by workers>base @gkaissisCaught ForceObjectDelete called by workers>base @gkaissisCaught ForceObjectDelete called by workers>base @gkaissisCaught ForceObjectDelete called by workers>base @gkaissisCaught ForceObjectDelete called by workers>base @gkaissisCaught ForceObjectDelete called by workers>base @gkaissisCaught ForceObjectDelete called by workers>base @gkaissisCaught ForceObjectDelete called by workers>base @gkaissisCaught ForceObjectDelete called by workers>base @gkaissisCaught ForceObjectDelete called by workers>base @gkaissisCaught ForceObjectDelete called by workers>base @gkaissisCaught ForceObjectDelete called by workers>base @gkaissisCaught ForceObjectDelete called by workers>base @gkaissisCaught ForceObjectDelete called by workers>base @gkaissisCaught ForceObjectDelete called by workers>base @gkaissisCaught ForceObjectDelete called by workers>base @gkaissisCaught ForceObjectDelete called by workers>base @gkaissisCaught ForceObjectDelete called by workers>base @gkaissisCaught ForceObjectDelete called by workers>base @gkaissisCaught ForceObjectDelete called by workers>base @gkaissisCaught ForceObjectDelete called by workers>base @gkaissisCaught ForceObjectDelete called by workers>base @gkaissisCaught ForceObjectDelete called by workers>base @gkaissisCaught ForceObjectDelete called by workers>base @gkaissisCaught ForceObjectDelete called by workers>base @gkaissisCaught ForceObjectDelete called by workers>base @gkaissisCaught ForceObjectDelete called by workers>base @gkaissisCaught ForceObjectDelete called by workers>base @gkaissisCaught ForceObjectDelete called by workers>base @gkaissisCaught ForceObjectDelete called by workers>base @gkaissisCaught ForceObjectDelete called by workers>base @gkaissisCaught ForceObjectDelete called by workers>base @gkaissisCaught ForceObjectDelete called by workers>base @gkaissisCaught ForceObjectDelete called by workers>base @gkaissisCaught ForceObjectDelete called by workers>base @gkaissisCaught ForceObjectDelete called by workers>base @gkaissisCaught ForceObjectDelete called by workers>base @gkaissisCaught ForceObjectDelete called by workers>base @gkaissisCaught ForceObjectDelete called by workers>base @gkaissisCaught ForceObjectDelete called by workers>base @gkaissisCaught ForceObjectDelete called by workers>base @gkaissisCaught ForceObjectDelete called by workers>base @gkaissisCaught ForceObjectDelete called by workers>base @gkaissisCaught ForceObjectDelete called by workers>base @gkaissisCaught ForceObjectDelete called by workers>base @gkaissisCaught ForceObjectDelete called by workers>base @gkaissisCaught ForceObjectDelete called by workers>base @gkaissisCaught ForceObjectDelete called by workers>base @gkaissisCaught ForceObjectDelete called by workers>base @gkaissisCaught ForceObjectDelete called by workers>base @gkaissisCaught ForceObjectDelete called by workers>base @gkaissisCaught ForceObjectDelete called by workers>base @gkaissisCaught ForceObjectDelete called by workers>base @gkaissisCaught ForceObjectDelete called by workers>base @gkaissisCaught ForceObjectDelete called by workers>base @gkaissisCaught ForceObjectDelete called by workers>base @gkaissisCaught ForceObjectDelete called by workers>base @gkaissisCaught ForceObjectDelete called by workers>base @gkaissisCaught ForceObjectDelete called by workers>base @gkaissisCaught ForceObjectDelete called by workers>base @gkaissisCaught ForceObjectDelete called by workers>base @gkaissisCaught ForceObjectDelete called by workers>base @gkaissisCaught ForceObjectDelete called by workers>base @gkaissisCaught ForceObjectDelete called by workers>base @gkaissisCaught ForceObjectDelete called by workers>base @gkaissisCaught ForceObjectDelete called by workers>base @gkaissisCaught ForceObjectDelete called by workers>base @gkaissisCaught ForceObjectDelete called by workers>base @gkaissisCaught ForceObjectDelete called by workers>base @gkaissisCaught ForceObjectDelete called by workers>base @gkaissisCaught ForceObjectDelete called by workers>base @gkaissisCaught ForceObjectDelete called by workers>base @gkaissisCaught ForceObjectDelete called by workers>base @gkaissisCaught ForceObjectDelete called by workers>base @gkaissisCaught ForceObjectDelete called by workers>base @gkaissisCaught ForceObjectDelete called by workers>base @gkaissisCaught ForceObjectDelete called by workers>base @gkaissisCaught ForceObjectDelete called by workers>base @gkaissisCaught ForceObjectDelete called by workers>base @gkaissisCaught ForceObjectDelete called by workers>base @gkaissisCaught ForceObjectDelete called by workers>base @gkaissisCaught ForceObjectDelete called by workers>base @gkaissisCaught ForceObjectDelete called by workers>base @gkaissisCaught ForceObjectDelete called by workers>base @gkaissisCaught ForceObjectDelete called by workers>base @gkaissisCaught ForceObjectDelete called by workers>base @gkaissisCaught ForceObjectDelete called by workers>base @gkaissisCaught ForceObjectDelete called by workers>base @gkaissisCaught ForceObjectDelete called by workers>base @gkaissisCaught ForceObjectDelete called by workers>base @gkaissisCaught ForceObjectDelete called by workers>base @gkaissisCaught ForceObjectDelete called by workers>base @gkaissisCaught ForceObjectDelete called by workers>base @gkaissisCaught ForceObjectDelete called by workers>base @gkaissisCaught ForceObjectDelete called by workers>base @gkaissisCaught ForceObjectDelete called by workers>base @gkaissisCaught ForceObjectDelete called by workers>base @gkaissisCaught ForceObjectDelete called by workers>base @gkaissisCaught ForceObjectDelete called by workers>base @gkaissisCaught ForceObjectDelete called by workers>base @gkaissisCaught ForceObjectDelete called by workers>base @gkaissisCaught ForceObjectDelete called by workers>base @gkaissisCaught ForceObjectDelete called by workers>base @gkaissisCaught ForceObjectDelete called by workers>base @gkaissisCaught ForceObjectDelete called by workers>base @gkaissisCaught ForceObjectDelete called by workers>base @gkaissisCaught ForceObjectDelete called by workers>base @gkaissisCaught ForceObjectDelete called by workers>base @gkaissisCaught ForceObjectDelete called by workers>base @gkaissisCaught ForceObjectDelete called by workers>base @gkaissisCaught ForceObjectDelete called by workers>base @gkaissisCaught ForceObjectDelete called by workers>base @gkaissisCaught ForceObjectDelete called by workers>base @gkaissisCaught ForceObjectDelete called by workers>base @gkaissisCaught ForceObjectDelete called by workers>base @gkaissisCaught ForceObjectDelete called by workers>base @gkaissisCaught ForceObjectDelete called by workers>base @gkaissisCaught ForceObjectDelete called by workers>base @gkaissisCaught ForceObjectDelete called by workers>base @gkaissisCaught ForceObjectDelete called by workers>base @gkaissisCaught ForceObjectDelete called by workers>base @gkaissisCaught ForceObjectDelete called by workers>base @gkaissisCaught ForceObjectDelete called by workers>base @gkaissisCaught ForceObjectDelete called by workers>base @gkaissisCaught ForceObjectDelete called by workers>base @gkaissisCaught ForceObjectDelete called by workers>base @gkaissisCaught ForceObjectDelete called by workers>base @gkaissisCaught ForceObjectDelete called by workers>base @gkaissisCaught ForceObjectDelete called by workers>base @gkaissisCaught ForceObjectDelete called by workers>base @gkaissisCaught ForceObjectDelete called by workers>base @gkaissisCaught ForceObjectDelete called by workers>base @gkaissisCaught ForceObjectDelete called by workers>base @gkaissisCaught ForceObjectDelete called by workers>base @gkaissisCaught ForceObjectDelete called by workers>base @gkaissisCaught ForceObjectDelete called by workers>base @gkaissisCaught ForceObjectDelete called by workers>base @gkaissisCaught ForceObjectDelete called by workers>base @gkaissisCaught ForceObjectDelete called by workers>base @gkaissisCaught ForceObjectDelete called by workers>base @gkaissisCaught ForceObjectDelete called by workers>base @gkaissisCaught ForceObjectDelete called by workers>base @gkaissisCaught ForceObjectDelete called by workers>base @gkaissisCaught ForceObjectDelete called by workers>base @gkaissisCaught ForceObjectDelete called by workers>base @gkaissisCaught ForceObjectDelete called by workers>base @gkaissisCaught ForceObjectDelete called by workers>base @gkaissisCaught ForceObjectDelete called by workers>base @gkaissisCaught ForceObjectDelete called by workers>base @gkaissisCaught ForceObjectDelete called by workers>base @gkaissisCaught ForceObjectDelete called by workers>base @gkaissisCaught ForceObjectDelete called by workers>base @gkaissisCaught ForceObjectDelete called by workers>base @gkaissisCaught ForceObjectDelete called by workers>base @gkaissisCaught ForceObjectDelete called by workers>base @gkaissisCaught ForceObjectDelete called by workers>base @gkaissisCaught ForceObjectDelete called by workers>base @gkaissisCaught ForceObjectDelete called by workers>base @gkaissisCaught ForceObjectDelete called by workers>base @gkaissisCaught ForceObjectDelete called by workers>base @gkaissisCaught ForceObjectDelete called by workers>base @gkaissisCaught ForceObjectDelete called by workers>base @gkaissisCaught ForceObjectDelete called by workers>base @gkaissisCaught ForceObjectDelete called by workers>base @gkaissisCaught ForceObjectDelete called by workers>base @gkaissisCaught ForceObjectDelete called by workers>base @gkaissisCaught ForceObjectDelete called by workers>base @gkaissisCaught ForceObjectDelete called by workers>base @gkaissisCaught ForceObjectDelete called by workers>base @gkaissisCaught ForceObjectDelete called by workers>base @gkaissisCaught ForceObjectDelete called by workers>base @gkaissisCaught ForceObjectDelete called by workers>base @gkaissisCaught ForceObjectDelete called by workers>base @gkaissisCaught ForceObjectDelete called by workers>base @gkaissisCaught ForceObjectDelete called by workers>base @gkaissisCaught ForceObjectDelete called by workers>base @gkaissisCaught ForceObjectDelete called by workers>base @gkaissisCaught ForceObjectDelete called by workers>base @gkaissisCaught ForceObjectDelete called by workers>base @gkaissisde_register_obj called by generic>pointers>object_pointer @gkaissis
Train batch 0:  33%|███▎      | 1/3 [00:02<00:04,  2.17s/it]Caught ForceObjectDelete called by workers>base @gkaissisCaught ForceObjectDelete called by workers>base @gkaissisCaught ForceObjectDelete called by workers>base @gkaissisCaught ForceObjectDelete called by workers>base @gkaissisCaught ForceObjectDelete called by workers>base @gkaissisCaught ForceObjectDelete called by workers>base @gkaissisCaught ForceObjectDelete called by workers>base @gkaissisCaught ForceObjectDelete called by workers>base @gkaissisCaught ForceObjectDelete called by workers>base @gkaissisCaught ForceObjectDelete called by workers>base @gkaissisCaught ForceObjectDelete called by workers>base @gkaissisCaught ForceObjectDelete called by workers>base @gkaissisCaught ForceObjectDelete called by workers>base @gkaissisCaught ForceObjectDelete called by workers>base @gkaissisCaught ForceObjectDelete called by workers>base @gkaissisCaught ForceObjectDelete called by workers>base @gkaissisCaught ForceObjectDelete called by workers>base @gkaissisCaught ForceObjectDelete called by workers>base @gkaissisCaught ForceObjectDelete called by workers>base @gkaissisCaught ForceObjectDelete called by workers>base @gkaissisCaught ForceObjectDelete called by workers>base @gkaissisCaught ForceObjectDelete called by workers>base @gkaissisCaught ForceObjectDelete called by workers>base @gkaissisCaught ForceObjectDelete called by workers>base @gkaissisCaught ForceObjectDelete called by workers>base @gkaissisCaught ForceObjectDelete called by workers>base @gkaissisCaught ForceObjectDelete called by workers>base @gkaissisCaught ForceObjectDelete called by workers>base @gkaissisCaught ForceObjectDelete called by workers>base @gkaissisCaught ForceObjectDelete called by workers>base @gkaissisCaught ForceObjectDelete called by workers>base @gkaissisCaught ForceObjectDelete called by workers>base @gkaissisCaught ForceObjectDelete called by workers>base @gkaissisCaught ForceObjectDelete called by workers>base @gkaissisCaught ForceObjectDelete called by workers>base @gkaissisCaught ForceObjectDelete called by workers>base @gkaissisCaught ForceObjectDelete called by workers>base @gkaissisCaught ForceObjectDelete called by workers>base @gkaissisCaught ForceObjectDelete called by workers>base @gkaissisCaught ForceObjectDelete called by workers>base @gkaissisCaught ForceObjectDelete called by workers>base @gkaissisCaught ForceObjectDelete called by workers>base @gkaissisCaught ForceObjectDelete called by workers>base @gkaissisCaught ForceObjectDelete called by workers>base @gkaissisCaught ForceObjectDelete called by workers>base @gkaissisCaught ForceObjectDelete called by workers>base @gkaissisCaught ForceObjectDelete called by workers>base @gkaissisCaught ForceObjectDelete called by workers>base @gkaissisCaught ForceObjectDelete called by workers>base @gkaissisCaught ForceObjectDelete called by workers>base @gkaissisCaught ForceObjectDelete called by workers>base @gkaissisCaught ForceObjectDelete called by workers>base @gkaissisCaught ForceObjectDelete called by workers>base @gkaissisCaught ForceObjectDelete called by workers>base @gkaissisCaught ForceObjectDelete called by workers>base @gkaissisCaught ForceObjectDelete called by workers>base @gkaissisCaught ForceObjectDelete called by workers>base @gkaissisCaught ForceObjectDelete called by workers>base @gkaissisCaught ForceObjectDelete called by workers>base @gkaissisCaught ForceObjectDelete called by workers>base @gkaissisCaught ForceObjectDelete called by workers>base @gkaissisCaught ForceObjectDelete called by workers>base @gkaissisCaught ForceObjectDelete called by workers>base @gkaissisCaught ForceObjectDelete called by workers>base @gkaissisCaught ForceObjectDelete called by workers>base @gkaissisCaught ForceObjectDelete called by workers>base @gkaissisCaught ForceObjectDelete called by workers>base @gkaissisCaught ForceObjectDelete called by workers>base @gkaissisCaught ForceObjectDelete called by workers>base @gkaissisCaught ForceObjectDelete called by workers>base @gkaissisCaught ForceObjectDelete called by workers>base @gkaissisCaught ForceObjectDelete called by workers>base @gkaissisCaught ForceObjectDelete called by workers>base @gkaissisCaught ForceObjectDelete called by workers>base @gkaissisCaught ForceObjectDelete called by workers>base @gkaissisCaught ForceObjectDelete called by workers>base @gkaissisCaught ForceObjectDelete called by workers>base @gkaissisCaught ForceObjectDelete called by workers>base @gkaissisCaught ForceObjectDelete called by workers>base @gkaissisCaught ForceObjectDelete called by workers>base @gkaissisCaught ForceObjectDelete called by workers>base @gkaissisCaught ForceObjectDelete called by workers>base @gkaissisCaught ForceObjectDelete called by workers>base @gkaissisCaught ForceObjectDelete called by workers>base @gkaissisCaught ForceObjectDelete called by workers>base @gkaissisCaught ForceObjectDelete called by workers>base @gkaissisCaught ForceObjectDelete called by workers>base @gkaissisCaught ForceObjectDelete called by workers>base @gkaissisCaught ForceObjectDelete called by workers>base @gkaissisCaught ForceObjectDelete called by workers>base @gkaissisCaught ForceObjectDelete called by workers>base @gkaissisCaught ForceObjectDelete called by workers>base @gkaissisCaught ForceObjectDelete called by workers>base @gkaissisCaught ForceObjectDelete called by workers>base @gkaissisCaught ForceObjectDelete called by workers>base @gkaissisCaught ForceObjectDelete called by workers>base @gkaissisCaught ForceObjectDelete called by workers>base @gkaissisCaught ForceObjectDelete called by workers>base @gkaissisCaught ForceObjectDelete called by workers>base @gkaissisCaught ForceObjectDelete called by workers>base @gkaissisCaught ForceObjectDelete called by workers>base @gkaissisCaught ForceObjectDelete called by workers>base @gkaissisCaught ForceObjectDelete called by workers>base @gkaissisCaught ForceObjectDelete called by workers>base @gkaissisCaught ForceObjectDelete called by workers>base @gkaissisCaught ForceObjectDelete called by workers>base @gkaissisCaught ForceObjectDelete called by workers>base @gkaissisCaught ForceObjectDelete called by workers>base @gkaissisCaught ForceObjectDelete called by workers>base @gkaissisCaught ForceObjectDelete called by workers>base @gkaissisCaught ForceObjectDelete called by workers>base @gkaissisCaught ForceObjectDelete called by workers>base @gkaissisCaught ForceObjectDelete called by workers>base @gkaissisCaught ForceObjectDelete called by workers>base @gkaissisCaught ForceObjectDelete called by workers>base @gkaissisCaught ForceObjectDelete called by workers>base @gkaissisCaught ForceObjectDelete called by workers>base @gkaissisCaught ForceObjectDelete called by workers>base @gkaissisCaught ForceObjectDelete called by workers>base @gkaissisCaught ForceObjectDelete called by workers>base @gkaissisCaught ForceObjectDelete called by workers>base @gkaissisCaught ForceObjectDelete called by workers>base @gkaissisCaught ForceObjectDelete called by workers>base @gkaissisCaught ForceObjectDelete called by workers>base @gkaissisCaught ForceObjectDelete called by workers>base @gkaissisCaught ForceObjectDelete called by workers>base @gkaissisCaught ForceObjectDelete called by workers>base @gkaissisCaught ForceObjectDelete called by workers>base @gkaissisCaught ForceObjectDelete called by workers>base @gkaissisCaught ForceObjectDelete called by workers>base @gkaissisCaught ForceObjectDelete called by workers>base @gkaissisCaught ForceObjectDelete called by workers>base @gkaissisCaught ForceObjectDelete called by workers>base @gkaissisCaught ForceObjectDelete called by workers>base @gkaissisCaught ForceObjectDelete called by workers>base @gkaissisCaught ForceObjectDelete called by workers>base @gkaissisCaught ForceObjectDelete called by workers>base @gkaissisCaught ForceObjectDelete called by workers>base @gkaissisCaught ForceObjectDelete called by workers>base @gkaissisCaught ForceObjectDelete called by workers>base @gkaissisCaught ForceObjectDelete called by workers>base @gkaissisCaught ForceObjectDelete called by workers>base @gkaissisCaught ForceObjectDelete called by workers>base @gkaissisCaught ForceObjectDelete called by workers>base @gkaissisCaught ForceObjectDelete called by workers>base @gkaissisCaught ForceObjectDelete called by workers>base @gkaissisCaught ForceObjectDelete called by workers>base @gkaissisCaught ForceObjectDelete called by workers>base @gkaissisCaught ForceObjectDelete called by workers>base @gkaissisCaught ForceObjectDelete called by workers>base @gkaissisCaught ForceObjectDelete called by workers>base @gkaissisCaught ForceObjectDelete called by workers>base @gkaissisCaught ForceObjectDelete called by workers>base @gkaissisCaught ForceObjectDelete called by workers>base @gkaissisCaught ForceObjectDelete called by workers>base @gkaissisCaught ForceObjectDelete called by workers>base @gkaissisCaught ForceObjectDelete called by workers>base @gkaissisCaught ForceObjectDelete called by workers>base @gkaissisCaught ForceObjectDelete called by workers>base @gkaissisCaught ForceObjectDelete called by workers>base @gkaissisCaught ForceObjectDelete called by workers>base @gkaissisCaught ForceObjectDelete called by workers>base @gkaissisCaught ForceObjectDelete called by workers>base @gkaissisCaught ForceObjectDelete called by workers>base @gkaissisCaught ForceObjectDelete called by workers>base @gkaissisCaught ForceObjectDelete called by workers>base @gkaissisCaught ForceObjectDelete called by workers>base @gkaissisCaught ForceObjectDelete called by workers>base @gkaissisCaught ForceObjectDelete called by workers>base @gkaissisCaught ForceObjectDelete called by workers>base @gkaissisCaught ForceObjectDelete called by workers>base @gkaissisCaught ForceObjectDelete called by workers>base @gkaissisCaught ForceObjectDelete called by workers>base @gkaissisCaught ForceObjectDelete called by workers>base @gkaissisCaught ForceObjectDelete called by workers>base @gkaissisCaught ForceObjectDelete called by workers>base @gkaissisCaught ForceObjectDelete called by workers>base @gkaissisCaught ForceObjectDelete called by workers>base @gkaissisCaught ForceObjectDelete called by workers>base @gkaissisCaught ForceObjectDelete called by workers>base @gkaissisCaught ForceObjectDelete called by workers>base @gkaissisCaught ForceObjectDelete called by workers>base @gkaissisCaught ForceObjectDelete called by workers>base @gkaissisCaught ForceObjectDelete called by workers>base @gkaissisCaught ForceObjectDelete called by workers>base @gkaissisCaught ForceObjectDelete called by workers>base @gkaissisCaught ForceObjectDelete called by workers>base @gkaissisCaught ForceObjectDelete called by workers>base @gkaissisCaught ForceObjectDelete called by workers>base @gkaissisCaught ForceObjectDelete called by workers>base @gkaissisCaught ForceObjectDelete called by workers>base @gkaissisCaught ForceObjectDelete called by workers>base @gkaissisCaught ForceObjectDelete called by workers>base @gkaissisCaught ForceObjectDelete called by workers>base @gkaissisCaught ForceObjectDelete called by workers>base @gkaissisCaught ForceObjectDelete called by workers>base @gkaissisCaught ForceObjectDelete called by workers>base @gkaissisCaught ForceObjectDelete called by workers>base @gkaissisCaught ForceObjectDelete called by workers>base @gkaissisCaught ForceObjectDelete called by workers>base @gkaissisCaught ForceObjectDelete called by workers>base @gkaissisCaught ForceObjectDelete called by workers>base @gkaissisCaught ForceObjectDelete called by workers>base @gkaissisCaught ForceObjectDelete called by workers>base @gkaissisCaught ForceObjectDelete called by workers>base @gkaissisCaught ForceObjectDelete called by workers>base @gkaissisCaught ForceObjectDelete called by workers>base @gkaissisCaught ForceObjectDelete called by workers>base @gkaissisCaught ForceObjectDelete called by workers>base @gkaissisCaught ForceObjectDelete called by workers>base @gkaissisCaught ForceObjectDelete called by workers>base @gkaissisCaught ForceObjectDelete called by workers>base @gkaissisCaught ForceObjectDelete called by workers>base @gkaissisCaught ForceObjectDelete called by workers>base @gkaissisCaught ForceObjectDelete called by workers>base @gkaissisCaught ForceObjectDelete called by workers>base @gkaissisCaught ForceObjectDelete called by workers>base @gkaissisCaught ForceObjectDelete called by workers>base @gkaissisCaught ForceObjectDelete called by workers>base @gkaissisCaught ForceObjectDelete called by workers>base @gkaissisCaught ForceObjectDelete called by workers>base @gkaissisCaught ForceObjectDelete called by workers>base @gkaissisCaught ForceObjectDelete called by workers>base @gkaissisCaught ForceObjectDelete called by workers>base @gkaissisCaught ForceObjectDelete called by workers>base @gkaissisCaught ForceObjectDelete called by workers>base @gkaissisCaught ForceObjectDelete called by workers>base @gkaissisCaught ForceObjectDelete called by workers>base @gkaissisCaught ForceObjectDelete called by workers>base @gkaissisCaught ForceObjectDelete called by workers>base @gkaissisCaught ForceObjectDelete called by workers>base @gkaissisCaught ForceObjectDelete called by workers>base @gkaissisCaught ForceObjectDelete called by workers>base @gkaissisCaught ForceObjectDelete called by workers>base @gkaissisCaught ForceObjectDelete called by workers>base @gkaissisCaught ForceObjectDelete called by workers>base @gkaissisCaught ForceObjectDelete called by workers>base @gkaissisCaught ForceObjectDelete called by workers>base @gkaissisCaught ForceObjectDelete called by workers>base @gkaissisCaught ForceObjectDelete called by workers>base @gkaissisCaught ForceObjectDelete called by workers>base @gkaissisCaught ForceObjectDelete called by workers>base @gkaissisCaught ForceObjectDelete called by workers>base @gkaissisCaught ForceObjectDelete called by workers>base @gkaissisCaught ForceObjectDelete called by workers>base @gkaissisCaught ForceObjectDelete called by workers>base @gkaissisCaught ForceObjectDelete called by workers>base @gkaissisCaught ForceObjectDelete called by workers>base @gkaissisCaught ForceObjectDelete called by workers>base @gkaissisCaught ForceObjectDelete called by workers>base @gkaissisCaught ForceObjectDelete called by workers>base @gkaissisCaught ForceObjectDelete called by workers>base @gkaissisCaught ForceObjectDelete called by workers>base @gkaissisCaught ForceObjectDelete called by workers>base @gkaissisCaught ForceObjectDelete called by workers>base @gkaissisCaught ForceObjectDelete called by workers>base @gkaissisCaught ForceObjectDelete called by workers>base @gkaissisCaught ForceObjectDelete called by workers>base @gkaissisCaught ForceObjectDelete called by workers>base @gkaissisCaught ForceObjectDelete called by workers>base @gkaissisCaught ForceObjectDelete called by workers>base @gkaissisCaught ForceObjectDelete called by workers>base @gkaissisCaught ForceObjectDelete called by workers>base @gkaissisCaught ForceObjectDelete called by workers>base @gkaissisCaught ForceObjectDelete called by workers>base @gkaissisCaught ForceObjectDelete called by workers>base @gkaissisCaught ForceObjectDelete called by workers>base @gkaissisCaught ForceObjectDelete called by workers>base @gkaissisCaught ForceObjectDelete called by workers>base @gkaissisCaught ForceObjectDelete called by workers>base @gkaissisCaught ForceObjectDelete called by workers>base @gkaissisCaught ForceObjectDelete called by workers>base @gkaissisCaught ForceObjectDelete called by workers>base @gkaissisCaught ForceObjectDelete called by workers>base @gkaissisCaught ForceObjectDelete called by workers>base @gkaissisCaught ForceObjectDelete called by workers>base @gkaissisCaught ForceObjectDelete called by workers>base @gkaissisCaught ForceObjectDelete called by workers>base @gkaissisCaught ForceObjectDelete called by workers>base @gkaissisCaught ForceObjectDelete called by workers>base @gkaissisCaught ForceObjectDelete called by workers>base @gkaissisCaught ForceObjectDelete called by workers>base @gkaissisCaught ForceObjectDelete called by workers>base @gkaissisCaught ForceObjectDelete called by workers>base @gkaissisCaught ForceObjectDelete called by workers>base @gkaissisCaught ForceObjectDelete called by workers>base @gkaissisCaught ForceObjectDelete called by workers>base @gkaissisCaught ForceObjectDelete called by workers>base @gkaissisCaught ForceObjectDelete called by workers>base @gkaissisCaught ForceObjectDelete called by workers>base @gkaissisCaught ForceObjectDelete called by workers>base @gkaissisCaught ForceObjectDelete called by workers>base @gkaissisCaught ForceObjectDelete called by workers>base @gkaissisCaught ForceObjectDelete called by workers>base @gkaissisCaught ForceObjectDelete called by workers>base @gkaissisCaught ForceObjectDelete called by workers>base @gkaissisCaught ForceObjectDelete called by workers>base @gkaissisCaught ForceObjectDelete called by workers>base @gkaissisCaught ForceObjectDelete called by workers>base @gkaissisCaught ForceObjectDelete called by workers>base @gkaissisCaught ForceObjectDelete called by workers>base @gkaissisCaught ForceObjectDelete called by workers>base @gkaissisCaught ForceObjectDelete called by workers>base @gkaissisCaught ForceObjectDelete called by workers>base @gkaissisCaught ForceObjectDelete called by workers>base @gkaissisCaught ForceObjectDelete called by workers>base @gkaissisCaught ForceObjectDelete called by workers>base @gkaissisCaught ForceObjectDelete called by workers>base @gkaissisCaught ForceObjectDelete called by workers>base @gkaissisCaught ForceObjectDelete called by workers>base @gkaissisCaught ForceObjectDelete called by workers>base @gkaissisCaught ForceObjectDelete called by workers>base @gkaissisCaught ForceObjectDelete called by workers>base @gkaissisCaught ForceObjectDelete called by workers>base @gkaissisCaught ForceObjectDelete called by workers>base @gkaissisCaught ForceObjectDelete called by workers>base @gkaissisCaught ForceObjectDelete called by workers>base @gkaissisCaught ForceObjectDelete called by workers>base @gkaissisCaught ForceObjectDelete called by workers>base @gkaissisCaught ForceObjectDelete called by workers>base @gkaissisCaught ForceObjectDelete called by workers>base @gkaissisCaught ForceObjectDelete called by workers>base @gkaissisCaught ForceObjectDelete called by workers>base @gkaissisCaught ForceObjectDelete called by workers>base @gkaissisCaught ForceObjectDelete called by workers>base @gkaissisCaught ForceObjectDelete called by workers>base @gkaissisCaught ForceObjectDelete called by workers>base @gkaissisCaught ForceObjectDelete called by workers>base @gkaissisCaught ForceObjectDelete called by workers>base @gkaissisCaught ForceObjectDelete called by workers>base @gkaissisCaught ForceObjectDelete called by workers>base @gkaissisCaught ForceObjectDelete called by workers>base @gkaissisCaught ForceObjectDelete called by workers>base @gkaissisCaught ForceObjectDelete called by workers>base @gkaissisCaught ForceObjectDelete called by workers>base @gkaissisCaught ForceObjectDelete called by workers>base @gkaissisCaught ForceObjectDelete called by workers>base @gkaissisCaught ForceObjectDelete called by workers>base @gkaissisCaught ForceObjectDelete called by workers>base @gkaissisCaught ForceObjectDelete called by workers>base @gkaissisCaught ForceObjectDelete called by workers>base @gkaissisCaught ForceObjectDelete called by workers>base @gkaissisCaught ForceObjectDelete called by workers>base @gkaissisCaught ForceObjectDelete called by workers>base @gkaissisCaught ForceObjectDelete called by workers>base @gkaissisCaught ForceObjectDelete called by workers>base @gkaissisCaught ForceObjectDelete called by workers>base @gkaissisCaught ForceObjectDelete called by workers>base @gkaissisCaught ForceObjectDelete called by workers>base @gkaissisCaught ForceObjectDelete called by workers>base @gkaissisCaught ForceObjectDelete called by workers>base @gkaissisCaught ForceObjectDelete called by workers>base @gkaissisCaught ForceObjectDelete called by workers>base @gkaissisCaught ForceObjectDelete called by workers>base @gkaissisCaught ForceObjectDelete called by workers>base @gkaissisCaught ForceObjectDelete called by workers>base @gkaissisCaught ForceObjectDelete called by workers>base @gkaissisCaught ForceObjectDelete called by workers>base @gkaissisCaught ForceObjectDelete called by workers>base @gkaissisCaught ForceObjectDelete called by workers>base @gkaissisCaught ForceObjectDelete called by workers>base @gkaissisCaught ForceObjectDelete called by workers>base @gkaissisCaught ForceObjectDelete called by workers>base @gkaissisCaught ForceObjectDelete called by workers>base @gkaissisCaught ForceObjectDelete called by workers>base @gkaissisCaught ForceObjectDelete called by workers>base @gkaissisCaught ForceObjectDelete called by workers>base @gkaissisCaught ForceObjectDelete called by workers>base @gkaissisCaught ForceObjectDelete called by workers>base @gkaissisCaught ForceObjectDelete called by workers>base @gkaissisCaught ForceObjectDelete called by workers>base @gkaissisCaught ForceObjectDelete called by workers>base @gkaissisCaught ForceObjectDelete called by workers>base @gkaissisCaught ForceObjectDelete called by workers>base @gkaissisCaught ForceObjectDelete called by workers>base @gkaissisCaught ForceObjectDelete called by workers>base @gkaissisCaught ForceObjectDelete called by workers>base @gkaissisCaught ForceObjectDelete called by workers>base @gkaissisCaught ForceObjectDelete called by workers>base @gkaissisCaught ForceObjectDelete called by workers>base @gkaissisCaught ForceObjectDelete called by workers>base @gkaissisCaught ForceObjectDelete called by workers>base @gkaissisCaught ForceObjectDelete called by workers>base @gkaissisCaught ForceObjectDelete called by workers>base @gkaissisCaught ForceObjectDelete called by workers>base @gkaissisCaught ForceObjectDelete called by workers>base @gkaissisCaught ForceObjectDelete called by workers>base @gkaissisCaught ForceObjectDelete called by workers>base @gkaissisCaught ForceObjectDelete called by workers>base @gkaissisCaught ForceObjectDelete called by workers>base @gkaissisCaught ForceObjectDelete called by workers>base @gkaissisCaught ForceObjectDelete called by workers>base @gkaissisCaught ForceObjectDelete called by workers>base @gkaissisCaught ForceObjectDelete called by workers>base @gkaissisCaught ForceObjectDelete called by workers>base @gkaissisCaught ForceObjectDelete called by workers>base @gkaissisCaught ForceObjectDelete called by workers>base @gkaissisCaught ForceObjectDelete called by workers>base @gkaissisCaught ForceObjectDelete called by workers>base @gkaissisCaught ForceObjectDelete called by workers>base @gkaissisCaught ForceObjectDelete called by workers>base @gkaissisCaught ForceObjectDelete called by workers>base @gkaissisCaught ForceObjectDelete called by workers>base @gkaissisCaught ForceObjectDelete called by workers>base @gkaissisCaught ForceObjectDelete called by workers>base @gkaissisCaught ForceObjectDelete called by workers>base @gkaissisCaught ForceObjectDelete called by workers>base @gkaissisCaught ForceObjectDelete called by workers>base @gkaissisCaught ForceObjectDelete called by workers>base @gkaissisCaught ForceObjectDelete called by workers>base @gkaissisCaught ForceObjectDelete called by workers>base @gkaissisCaught ForceObjectDelete called by workers>base @gkaissisCaught ForceObjectDelete called by workers>base @gkaissisCaught ForceObjectDelete called by workers>base @gkaissisCaught ForceObjectDelete called by workers>base @gkaissisCaught ForceObjectDelete called by workers>base @gkaissisCaught ForceObjectDelete called by workers>base @gkaissisCaught ForceObjectDelete called by workers>base @gkaissisCaught ForceObjectDelete called by workers>base @gkaissisCaught ForceObjectDelete called by workers>base @gkaissisCaught ForceObjectDelete called by workers>base @gkaissisCaught ForceObjectDelete called by workers>base @gkaissisCaught ForceObjectDelete called by workers>base @gkaissisCaught ForceObjectDelete called by workers>base @gkaissisCaught ForceObjectDelete called by workers>base @gkaissisCaught ForceObjectDelete called by workers>base @gkaissisCaught ForceObjectDelete called by workers>base @gkaissisCaught ForceObjectDelete called by workers>base @gkaissisCaught ForceObjectDelete called by workers>base @gkaissisCaught ForceObjectDelete called by workers>base @gkaissisCaught ForceObjectDelete called by workers>base @gkaissisCaught ForceObjectDelete called by workers>base @gkaissisCaught ForceObjectDelete called by workers>base @gkaissisCaught ForceObjectDelete called by workers>base @gkaissisCaught ForceObjectDelete called by workers>base @gkaissisCaught ForceObjectDelete called by workers>base @gkaissisCaught ForceObjectDelete called by workers>base @gkaissisCaught ForceObjectDelete called by workers>base @gkaissisCaught ForceObjectDelete called by workers>base @gkaissisCaught ForceObjectDelete called by workers>base @gkaissisCaught ForceObjectDelete called by workers>base @gkaissisCaught ForceObjectDelete called by workers>base @gkaissisCaught ForceObjectDelete called by workers>base @gkaissisCaught ForceObjectDelete called by workers>base @gkaissisCaught ForceObjectDelete called by workers>base @gkaissisCaught ForceObjectDelete called by workers>base @gkaissisCaught ForceObjectDelete called by workers>base @gkaissisCaught ForceObjectDelete called by workers>base @gkaissisCaught ForceObjectDelete called by workers>base @gkaissisCaught ForceObjectDelete called by workers>base @gkaissisCaught ForceObjectDelete called by workers>base @gkaissisCaught ForceObjectDelete called by workers>base @gkaissisCaught ForceObjectDelete called by workers>base @gkaissisCaught ForceObjectDelete called by workers>base @gkaissisCaught ForceObjectDelete called by workers>base @gkaissisCaught ForceObjectDelete called by workers>base @gkaissisCaught ForceObjectDelete called by workers>base @gkaissisCaught ForceObjectDelete called by workers>base @gkaissisCaught ForceObjectDelete called by workers>base @gkaissisCaught ForceObjectDelete called by workers>base @gkaissisCaught ForceObjectDelete called by workers>base @gkaissisCaught ForceObjectDelete called by workers>base @gkaissisCaught ForceObjectDelete called by workers>base @gkaissisCaught ForceObjectDelete called by workers>base @gkaissisCaught ForceObjectDelete called by workers>base @gkaissisCaught ForceObjectDelete called by workers>base @gkaissisCaught ForceObjectDelete called by workers>base @gkaissisCaught ForceObjectDelete called by workers>base @gkaissisCaught ForceObjectDelete called by workers>base @gkaissisCaught ForceObjectDelete called by workers>base @gkaissisCaught ForceObjectDelete called by workers>base @gkaissisCaught ForceObjectDelete called by workers>base @gkaissisCaught ForceObjectDelete called by workers>base @gkaissisCaught ForceObjectDelete called by workers>base @gkaissisCaught ForceObjectDelete called by workers>base @gkaissisCaught ForceObjectDelete called by workers>base @gkaissisCaught ForceObjectDelete called by workers>base @gkaissisCaught ForceObjectDelete called by workers>base @gkaissisCaught ForceObjectDelete called by workers>base @gkaissisCaught ForceObjectDelete called by workers>base @gkaissisCaught ForceObjectDelete called by workers>base @gkaissisCaught ForceObjectDelete called by workers>base @gkaissisCaught ForceObjectDelete called by workers>base @gkaissisCaught ForceObjectDelete called by workers>base @gkaissisCaught ForceObjectDelete called by workers>base @gkaissisCaught ForceObjectDelete called by workers>base @gkaissisCaught ForceObjectDelete called by workers>base @gkaissisCaught ForceObjectDelete called by workers>base @gkaissisCaught ForceObjectDelete called by workers>base @gkaissisCaught ForceObjectDelete called by workers>base @gkaissisCaught ForceObjectDelete called by workers>base @gkaissisCaught ForceObjectDelete called by workers>base @gkaissisCaught ForceObjectDelete called by workers>base @gkaissisCaught ForceObjectDelete called by workers>base @gkaissisCaught ForceObjectDelete called by workers>base @gkaissisCaught ForceObjectDelete called by workers>base @gkaissisCaught ForceObjectDelete called by workers>base @gkaissisCaught ForceObjectDelete called by workers>base @gkaissisCaught ForceObjectDelete called by workers>base @gkaissisCaught ForceObjectDelete called by workers>base @gkaissisCaught ForceObjectDelete called by workers>base @gkaissisCaught ForceObjectDelete called by workers>base @gkaissisCaught ForceObjectDelete called by workers>base @gkaissisCaught ForceObjectDelete called by workers>base @gkaissisCaught ForceObjectDelete called by workers>base @gkaissisCaught ForceObjectDelete called by workers>base @gkaissisCaught ForceObjectDelete called by workers>base @gkaissisCaught ForceObjectDelete called by workers>base @gkaissisCaught ForceObjectDelete called by workers>base @gkaissisCaught ForceObjectDelete called by workers>base @gkaissisCaught ForceObjectDelete called by workers>base @gkaissisCaught ForceObjectDelete called by workers>base @gkaissisCaught ForceObjectDelete called by workers>base @gkaissisCaught ForceObjectDelete called by workers>base @gkaissisCaught ForceObjectDelete called by workers>base @gkaissisCaught ForceObjectDelete called by workers>base @gkaissisCaught ForceObjectDelete called by workers>base @gkaissisCaught ForceObjectDelete called by workers>base @gkaissisCaught ForceObjectDelete called by workers>base @gkaissisCaught ForceObjectDelete called by workers>base @gkaissisCaught ForceObjectDelete called by workers>base @gkaissisCaught ForceObjectDelete called by workers>base @gkaissisCaught ForceObjectDelete called by workers>base @gkaissisCaught ForceObjectDelete called by workers>base @gkaissisCaught ForceObjectDelete called by workers>base @gkaissisCaught ForceObjectDelete called by workers>base @gkaissisCaught ForceObjectDelete called by workers>base @gkaissisCaught ForceObjectDelete called by workers>base @gkaissisCaught ForceObjectDelete called by workers>base @gkaissisCaught ForceObjectDelete called by workers>base @gkaissisCaught ForceObjectDelete called by workers>base @gkaissisCaught ForceObjectDelete called by workers>base @gkaissisCaught ForceObjectDelete called by workers>base @gkaissisCaught ForceObjectDelete called by workers>base @gkaissisCaught ForceObjectDelete called by workers>base @gkaissisCaught ForceObjectDelete called by workers>base @gkaissisCaught ForceObjectDelete called by workers>base @gkaissisCaught ForceObjectDelete called by workers>base @gkaissisCaught ForceObjectDelete called by workers>base @gkaissisCaught ForceObjectDelete called by workers>base @gkaissisCaught ForceObjectDelete called by workers>base @gkaissisCaught ForceObjectDelete called by workers>base @gkaissisCaught ForceObjectDelete called by workers>base @gkaissisCaught ForceObjectDelete called by workers>base @gkaissisCaught ForceObjectDelete called by workers>base @gkaissisCaught ForceObjectDelete called by workers>base @gkaissisCaught ForceObjectDelete called by workers>base @gkaissisCaught ForceObjectDelete called by workers>base @gkaissisCaught ForceObjectDelete called by workers>base @gkaissisCaught ForceObjectDelete called by workers>base @gkaissisCaught ForceObjectDelete called by workers>base @gkaissisCaught ForceObjectDelete called by workers>base @gkaissisCaught ForceObjectDelete called by workers>base @gkaissisCaught ForceObjectDelete called by workers>base @gkaissisCaught ForceObjectDelete called by workers>base @gkaissisCaught ForceObjectDelete called by workers>base @gkaissisCaught ForceObjectDelete called by workers>base @gkaissisCaught ForceObjectDelete called by workers>base @gkaissisCaught ForceObjectDelete called by workers>base @gkaissisCaught ForceObjectDelete called by workers>base @gkaissisCaught ForceObjectDelete called by workers>base @gkaissisCaught ForceObjectDelete called by workers>base @gkaissisCaught ForceObjectDelete called by workers>base @gkaissisCaught ForceObjectDelete called by workers>base @gkaissisCaught ForceObjectDelete called by workers>base @gkaissisCaught ForceObjectDelete called by workers>base @gkaissisCaught ForceObjectDelete called by workers>base @gkaissisCaught ForceObjectDelete called by workers>base @gkaissisCaught ForceObjectDelete called by workers>base @gkaissisCaught ForceObjectDelete called by workers>base @gkaissisCaught ForceObjectDelete called by workers>base @gkaissisCaught ForceObjectDelete called by workers>base @gkaissisCaught ForceObjectDelete called by workers>base @gkaissisCaught ForceObjectDelete called by workers>base @gkaissisCaught ForceObjectDelete called by workers>base @gkaissisCaught ForceObjectDelete called by workers>base @gkaissisCaught ForceObjectDelete called by workers>base @gkaissisCaught ForceObjectDelete called by workers>base @gkaissisCaught ForceObjectDelete called by workers>base @gkaissisCaught ForceObjectDelete called by workers>base @gkaissisCaught ForceObjectDelete called by workers>base @gkaissisCaught ForceObjectDelete called by workers>base @gkaissisCaught ForceObjectDelete called by workers>base @gkaissisCaught ForceObjectDelete called by workers>base @gkaissisCaught ForceObjectDelete called by workers>base @gkaissisCaught ForceObjectDelete called by workers>base @gkaissisCaught ForceObjectDelete called by workers>base @gkaissisCaught ForceObjectDelete called by workers>base @gkaissisCaught ForceObjectDelete called by workers>base @gkaissisCaught ForceObjectDelete called by workers>base @gkaissisCaught ForceObjectDelete called by workers>base @gkaissisCaught ForceObjectDelete called by workers>base @gkaissisCaught ForceObjectDelete called by workers>base @gkaissisCaught ForceObjectDelete called by workers>base @gkaissisCaught ForceObjectDelete called by workers>base @gkaissisCaught ForceObjectDelete called by workers>base @gkaissisCaught ForceObjectDelete called by workers>base @gkaissisCaught ForceObjectDelete called by workers>base @gkaissisCaught ForceObjectDelete called by workers>base @gkaissisCaught ForceObjectDelete called by workers>base @gkaissisCaught ForceObjectDelete called by workers>base @gkaissisCaught ForceObjectDelete called by workers>base @gkaissisCaught ForceObjectDelete called by workers>base @gkaissisCaught ForceObjectDelete called by workers>base @gkaissisCaught ForceObjectDelete called by workers>base @gkaissisCaught ForceObjectDelete called by workers>base @gkaissisCaught ForceObjectDelete called by workers>base @gkaissisCaught ForceObjectDelete called by workers>base @gkaissisCaught ForceObjectDelete called by workers>base @gkaissisCaught ForceObjectDelete called by workers>base @gkaissisCaught ForceObjectDelete called by workers>base @gkaissisCaught ForceObjectDelete called by workers>base @gkaissisCaught ForceObjectDelete called by workers>base @gkaissisCaught ForceObjectDelete called by workers>base @gkaissisCaught ForceObjectDelete called by workers>base @gkaissisCaught ForceObjectDelete called by workers>base @gkaissisCaught ForceObjectDelete called by workers>base @gkaissisCaught ForceObjectDelete called by workers>base @gkaissisCaught ForceObjectDelete called by workers>base @gkaissisCaught ForceObjectDelete called by workers>base @gkaissisCaught ForceObjectDelete called by workers>base @gkaissisCaught ForceObjectDelete called by workers>base @gkaissisCaught ForceObjectDelete called by workers>base @gkaissisCaught ForceObjectDelete called by workers>base @gkaissisCaught ForceObjectDelete called by workers>base @gkaissisCaught ForceObjectDelete called by workers>base @gkaissisCaught ForceObjectDelete called by workers>base @gkaissisCaught ForceObjectDelete called by workers>base @gkaissisCaught ForceObjectDelete called by workers>base @gkaissisCaught ForceObjectDelete called by workers>base @gkaissisCaught ForceObjectDelete called by workers>base @gkaissisCaught ForceObjectDelete called by workers>base @gkaissisCaught ForceObjectDelete called by workers>base @gkaissisCaught ForceObjectDelete called by workers>base @gkaissisCaught ForceObjectDelete called by workers>base @gkaissisCaught ForceObjectDelete called by workers>base @gkaissisCaught ForceObjectDelete called by workers>base @gkaissisCaught ForceObjectDelete called by workers>base @gkaissisCaught ForceObjectDelete called by workers>base @gkaissisCaught ForceObjectDelete called by workers>base @gkaissisCaught ForceObjectDelete called by workers>base @gkaissisCaught ForceObjectDelete called by workers>base @gkaissisCaught ForceObjectDelete called by workers>base @gkaissisCaught ForceObjectDelete called by workers>base @gkaissisCaught ForceObjectDelete called by workers>base @gkaissisCaught ForceObjectDelete called by workers>base @gkaissisCaught ForceObjectDelete called by workers>base @gkaissisCaught ForceObjectDelete called by workers>base @gkaissisCaught ForceObjectDelete called by workers>base @gkaissisCaught ForceObjectDelete called by workers>base @gkaissisCaught ForceObjectDelete called by workers>base @gkaissisCaught ForceObjectDelete called by workers>base @gkaissisCaught ForceObjectDelete called by workers>base @gkaissisCaught ForceObjectDelete called by workers>base @gkaissisCaught ForceObjectDelete called by workers>base @gkaissisCaught ForceObjectDelete called by workers>base @gkaissisCaught ForceObjectDelete called by workers>base @gkaissisCaught ForceObjectDelete called by workers>base @gkaissisCaught ForceObjectDelete called by workers>base @gkaissisCaught ForceObjectDelete called by workers>base @gkaissisCaught ForceObjectDelete called by workers>base @gkaissisCaught ForceObjectDelete called by workers>base @gkaissisCaught ForceObjectDelete called by workers>base @gkaissisCaught ForceObjectDelete called by workers>base @gkaissisCaught ForceObjectDelete called by workers>base @gkaissisCaught ForceObjectDelete called by workers>base @gkaissisCaught ForceObjectDelete called by workers>base @gkaissisCaught ForceObjectDelete called by workers>base @gkaissisCaught ForceObjectDelete called by workers>base @gkaissisCaught ForceObjectDelete called by workers>base @gkaissisCaught ForceObjectDelete called by workers>base @gkaissisCaught ForceObjectDelete called by workers>base @gkaissisCaught ForceObjectDelete called by workers>base @gkaissisCaught ForceObjectDelete called by workers>base @gkaissisCaught ForceObjectDelete called by workers>base @gkaissisCaught ForceObjectDelete called by workers>base @gkaissisCaught ForceObjectDelete called by workers>base @gkaissisCaught ForceObjectDelete called by workers>base @gkaissisCaught ForceObjectDelete called by workers>base @gkaissisCaught ForceObjectDelete called by workers>base @gkaissisCaught ForceObjectDelete called by workers>base @gkaissisCaught ForceObjectDelete called by workers>base @gkaissisCaught ForceObjectDelete called by workers>base @gkaissisCaught ForceObjectDelete called by workers>base @gkaissisCaught ForceObjectDelete called by workers>base @gkaissisCaught ForceObjectDelete called by workers>base @gkaissisCaught ForceObjectDelete called by workers>base @gkaissisCaught ForceObjectDelete called by workers>base @gkaissisCaught ForceObjectDelete called by workers>base @gkaissisCaught ForceObjectDelete called by workers>base @gkaissisCaught ForceObjectDelete called by workers>base @gkaissisCaught ForceObjectDelete called by workers>base @gkaissisCaught ForceObjectDelete called by workers>base @gkaissisCaught ForceObjectDelete called by workers>base @gkaissisCaught ForceObjectDelete called by workers>base @gkaissisCaught ForceObjectDelete called by workers>base @gkaissisCaught ForceObjectDelete called by workers>base @gkaissisCaught ForceObjectDelete called by workers>base @gkaissisCaught ForceObjectDelete called by workers>base @gkaissisCaught ForceObjectDelete called by workers>base @gkaissisCaught ForceObjectDelete called by workers>base @gkaissisCaught ForceObjectDelete called by workers>base @gkaissisCaught ForceObjectDelete called by workers>base @gkaissisCaught ForceObjectDelete called by workers>base @gkaissisCaught ForceObjectDelete called by workers>base @gkaissisCaught ForceObjectDelete called by workers>base @gkaissisCaught ForceObjectDelete called by workers>base @gkaissisCaught ForceObjectDelete called by workers>base @gkaissisCaught ForceObjectDelete called by workers>base @gkaissisCaught ForceObjectDelete called by workers>base @gkaissisCaught ForceObjectDelete called by workers>base @gkaissisCaught ForceObjectDelete called by workers>base @gkaissisCaught ForceObjectDelete called by workers>base @gkaissisCaught ForceObjectDelete called by workers>base @gkaissisCaught ForceObjectDelete called by workers>base @gkaissisCaught ForceObjectDelete called by workers>base @gkaissisCaught ForceObjectDelete called by workers>base @gkaissisCaught ForceObjectDelete called by workers>base @gkaissisCaught ForceObjectDelete called by workers>base @gkaissisCaught ForceObjectDelete called by workers>base @gkaissisCaught ForceObjectDelete called by workers>base @gkaissisCaught ForceObjectDelete called by workers>base @gkaissisCaught ForceObjectDelete called by workers>base @gkaissisCaught ForceObjectDelete called by workers>base @gkaissisCaught ForceObjectDelete called by workers>base @gkaissisCaught ForceObjectDelete called by workers>base @gkaissisCaught ForceObjectDelete called by workers>base @gkaissisCaught ForceObjectDelete called by workers>base @gkaissisCaught ForceObjectDelete called by workers>base @gkaissisCaught ForceObjectDelete called by workers>base @gkaissisCaught ForceObjectDelete called by workers>base @gkaissisCaught ForceObjectDelete called by workers>base @gkaissisCaught ForceObjectDelete called by workers>base @gkaissisCaught ForceObjectDelete called by workers>base @gkaissisCaught ForceObjectDelete called by workers>base @gkaissisCaught ForceObjectDelete called by workers>base @gkaissisCaught ForceObjectDelete called by workers>base @gkaissisCaught ForceObjectDelete called by workers>base @gkaissisCaught ForceObjectDelete called by workers>base @gkaissisCaught ForceObjectDelete called by workers>base @gkaissisCaught ForceObjectDelete called by workers>base @gkaissisCaught ForceObjectDelete called by workers>base @gkaissisCaught ForceObjectDelete called by workers>base @gkaissisCaught ForceObjectDelete called by workers>base @gkaissisCaught ForceObjectDelete called by workers>base @gkaissisCaught ForceObjectDelete called by workers>base @gkaissisCaught ForceObjectDelete called by workers>base @gkaissisCaught ForceObjectDelete called by workers>base @gkaissisCaught ForceObjectDelete called by workers>base @gkaissisCaught ForceObjectDelete called by workers>base @gkaissisCaught ForceObjectDelete called by workers>base @gkaissisCaught ForceObjectDelete called by workers>base @gkaissisCaught ForceObjectDelete called by workers>base @gkaissisCaught ForceObjectDelete called by workers>base @gkaissisCaught ForceObjectDelete called by workers>base @gkaissisCaught ForceObjectDelete called by workers>base @gkaissisCaught ForceObjectDelete called by workers>base @gkaissisCaught ForceObjectDelete called by workers>base @gkaissisCaught ForceObjectDelete called by workers>base @gkaissisCaught ForceObjectDelete called by workers>base @gkaissisCaught ForceObjectDelete called by workers>base @gkaissisCaught ForceObjectDelete called by workers>base @gkaissisCaught ForceObjectDelete called by workers>base @gkaissisCaught ForceObjectDelete called by workers>base @gkaissisCaught ForceObjectDelete called by workers>base @gkaissisCaught ForceObjectDelete called by workers>base @gkaissisCaught ForceObjectDelete called by workers>base @gkaissisCaught ForceObjectDelete called by workers>base @gkaissisCaught ForceObjectDelete called by workers>base @gkaissisCaught ForceObjectDelete called by workers>base @gkaissisCaught ForceObjectDelete called by workers>base @gkaissisCaught ForceObjectDelete called by workers>base @gkaissisCaught ForceObjectDelete called by workers>base @gkaissisCaught ForceObjectDelete called by workers>base @gkaissisCaught ForceObjectDelete called by workers>base @gkaissisCaught ForceObjectDelete called by workers>base @gkaissisCaught ForceObjectDelete called by workers>base @gkaissisCaught ForceObjectDelete called by workers>base @gkaissisCaught ForceObjectDelete called by workers>base @gkaissisCaught ForceObjectDelete called by workers>base @gkaissisCaught ForceObjectDelete called by workers>base @gkaissisCaught ForceObjectDelete called by workers>base @gkaissisCaught ForceObjectDelete called by workers>base @gkaissisCaught ForceObjectDelete called by workers>base @gkaissisCaught ForceObjectDelete called by workers>base @gkaissisCaught ForceObjectDelete called by workers>base @gkaissisCaught ForceObjectDelete called by workers>base @gkaissisCaught ForceObjectDelete called by workers>base @gkaissisCaught ForceObjectDelete called by workers>base @gkaissisCaught ForceObjectDelete called by workers>base @gkaissisCaught ForceObjectDelete called by workers>base @gkaissisCaught ForceObjectDelete called by workers>base @gkaissisCaught ForceObjectDelete called by workers>base @gkaissisCaught ForceObjectDelete called by workers>base @gkaissisCaught ForceObjectDelete called by workers>base @gkaissisCaught ForceObjectDelete called by workers>base @gkaissisCaught ForceObjectDelete called by workers>base @gkaissisCaught ForceObjectDelete called by workers>base @gkaissisCaught ForceObjectDelete called by workers>base @gkaissisCaught ForceObjectDelete called by workers>base @gkaissisCaught ForceObjectDelete called by workers>base @gkaissisCaught ForceObjectDelete called by workers>base @gkaissisCaught ForceObjectDelete called by workers>base @gkaissisCaught ForceObjectDelete called by workers>base @gkaissisCaught ForceObjectDelete called by workers>base @gkaissisCaught ForceObjectDelete called by workers>base @gkaissisCaught ForceObjectDelete called by workers>base @gkaissisCaught ForceObjectDelete called by workers>base @gkaissisCaught ForceObjectDelete called by workers>base @gkaissisCaught ForceObjectDelete called by workers>base @gkaissisCaught ForceObjectDelete called by workers>base @gkaissisCaught ForceObjectDelete called by workers>base @gkaissisCaught ForceObjectDelete called by workers>base @gkaissisCaught ForceObjectDelete called by workers>base @gkaissisCaught ForceObjectDelete called by workers>base @gkaissisCaught ForceObjectDelete called by workers>base @gkaissisCaught ForceObjectDelete called by workers>base @gkaissisCaught ForceObjectDelete called by workers>base @gkaissisCaught ForceObjectDelete called by workers>base @gkaissisCaught ForceObjectDelete called by workers>base @gkaissisCaught ForceObjectDelete called by workers>base @gkaissisCaught ForceObjectDelete called by workers>base @gkaissisCaught ForceObjectDelete called by workers>base @gkaissisCaught ForceObjectDelete called by workers>base @gkaissisCaught ForceObjectDelete called by workers>base @gkaissisCaught ForceObjectDelete called by workers>base @gkaissisCaught ForceObjectDelete called by workers>base @gkaissisCaught ForceObjectDelete called by workers>base @gkaissisCaught ForceObjectDelete called by workers>base @gkaissisCaught ForceObjectDelete called by workers>base @gkaissisCaught ForceObjectDelete called by workers>base @gkaissisCaught ForceObjectDelete called by workers>base @gkaissisCaught ForceObjectDelete called by workers>base @gkaissisCaught ForceObjectDelete called by workers>base @gkaissisCaught ForceObjectDelete called by workers>base @gkaissisCaught ForceObjectDelete called by workers>base @gkaissisCaught ForceObjectDelete called by workers>base @gkaissisCaught ForceObjectDelete called by workers>base @gkaissisCaught ForceObjectDelete called by workers>base @gkaissisCaught ForceObjectDelete called by workers>base @gkaissisCaught ForceObjectDelete called by workers>base @gkaissisCaught ForceObjectDelete called by workers>base @gkaissisCaught ForceObjectDelete called by workers>base @gkaissisCaught ForceObjectDelete called by workers>base @gkaissisCaught ForceObjectDelete called by workers>base @gkaissisCaught ForceObjectDelete called by workers>base @gkaissisCaught ForceObjectDelete called by workers>base @gkaissisCaught ForceObjectDelete called by workers>base @gkaissisCaught ForceObjectDelete called by workers>base @gkaissisCaught ForceObjectDelete called by workers>base @gkaissisCaught ForceObjectDelete called by workers>base @gkaissisCaught ForceObjectDelete called by workers>base @gkaissisCaught ForceObjectDelete called by workers>base @gkaissisCaught ForceObjectDelete called by workers>base @gkaissisCaught ForceObjectDelete called by workers>base @gkaissisCaught ForceObjectDelete called by workers>base @gkaissisCaught ForceObjectDelete called by workers>base @gkaissisCaught ForceObjectDelete called by workers>base @gkaissisCaught ForceObjectDelete called by workers>base @gkaissisCaught ForceObjectDelete called by workers>base @gkaissisCaught ForceObjectDelete called by workers>base @gkaissisCaught ForceObjectDelete called by workers>base @gkaissisCaught ForceObjectDelete called by workers>base @gkaissisCaught ForceObjectDelete called by workers>base @gkaissisCaught ForceObjectDelete called by workers>base @gkaissisCaught ForceObjectDelete called by workers>base @gkaissisCaught ForceObjectDelete called by workers>base @gkaissisCaught ForceObjectDelete called by workers>base @gkaissisCaught ForceObjectDelete called by workers>base @gkaissisCaught ForceObjectDelete called by workers>base @gkaissisCaught ForceObjectDelete called by workers>base @gkaissisCaught ForceObjectDelete called by workers>base @gkaissisCaught ForceObjectDelete called by workers>base @gkaissisCaught ForceObjectDelete called by workers>base @gkaissisCaught ForceObjectDelete called by workers>base @gkaissisCaught ForceObjectDelete called by workers>base @gkaissisCaught ForceObjectDelete called by workers>base @gkaissisCaught ForceObjectDelete called by workers>base @gkaissisCaught ForceObjectDelete called by workers>base @gkaissisCaught ForceObjectDelete called by workers>base @gkaissisCaught ForceObjectDelete called by workers>base @gkaissisCaught ForceObjectDelete called by workers>base @gkaissisCaught ForceObjectDelete called by workers>base @gkaissisCaught ForceObjectDelete called by workers>base @gkaissisCaught ForceObjectDelete called by workers>base @gkaissisCaught ForceObjectDelete called by workers>base @gkaissisCaught ForceObjectDelete called by workers>base @gkaissisCaught ForceObjectDelete called by workers>base @gkaissisCaught ForceObjectDelete called by workers>base @gkaissisCaught ForceObjectDelete called by workers>base @gkaissisCaught ForceObjectDelete called by workers>base @gkaissisCaught ForceObjectDelete called by workers>base @gkaissisCaught ForceObjectDelete called by workers>base @gkaissisCaught ForceObjectDelete called by workers>base @gkaissisCaught ForceObjectDelete called by workers>base @gkaissisCaught ForceObjectDelete called by workers>base @gkaissisCaught ForceObjectDelete called by workers>base @gkaissisCaught ForceObjectDelete called by workers>base @gkaissisCaught ForceObjectDelete called by workers>base @gkaissisCaught ForceObjectDelete called by workers>base @gkaissisCaught ForceObjectDelete called by workers>base @gkaissisCaught ForceObjectDelete called by workers>base @gkaissisCaught ForceObjectDelete called by workers>base @gkaissisCaught ForceObjectDelete called by workers>base @gkaissisCaught ForceObjectDelete called by workers>base @gkaissisCaught ForceObjectDelete called by workers>base @gkaissisCaught ForceObjectDelete called by workers>base @gkaissisCaught ForceObjectDelete called by workers>base @gkaissisCaught ForceObjectDelete called by workers>base @gkaissisCaught ForceObjectDelete called by workers>base @gkaissisCaught ForceObjectDelete called by workers>base @gkaissisCaught ForceObjectDelete called by workers>base @gkaissisCaught ForceObjectDelete called by workers>base @gkaissisCaught ForceObjectDelete called by workers>base @gkaissisCaught ForceObjectDelete called by workers>base @gkaissisCaught ForceObjectDelete called by workers>base @gkaissisCaught ForceObjectDelete called by workers>base @gkaissisCaught ForceObjectDelete called by workers>base @gkaissisCaught ForceObjectDelete called by workers>base @gkaissisCaught ForceObjectDelete called by workers>base @gkaissisCaught ForceObjectDelete called by workers>base @gkaissisCaught ForceObjectDelete called by workers>base @gkaissisCaught ForceObjectDelete called by workers>base @gkaissisCaught ForceObjectDelete called by workers>base @gkaissisCaught ForceObjectDelete called by workers>base @gkaissisCaught ForceObjectDelete called by workers>base @gkaissisCaught ForceObjectDelete called by workers>base @gkaissisCaught ForceObjectDelete called by workers>base @gkaissisCaught ForceObjectDelete called by workers>base @gkaissisCaught ForceObjectDelete called by workers>base @gkaissisCaught ForceObjectDelete called by workers>base @gkaissisCaught ForceObjectDelete called by workers>base @gkaissisCaught ForceObjectDelete called by workers>base @gkaissisCaught ForceObjectDelete called by workers>base @gkaissisCaught ForceObjectDelete called by workers>base @gkaissisCaught ForceObjectDelete called by workers>base @gkaissisCaught ForceObjectDelete called by workers>base @gkaissisCaught ForceObjectDelete called by workers>base @gkaissisCaught ForceObjectDelete called by workers>base @gkaissisCaught ForceObjectDelete called by workers>base @gkaissisCaught ForceObjectDelete called by workers>base @gkaissisCaught ForceObjectDelete called by workers>base @gkaissisCaught ForceObjectDelete called by workers>base @gkaissisCaught ForceObjectDelete called by workers>base @gkaissisCaught ForceObjectDelete called by workers>base @gkaissisCaught ForceObjectDelete called by workers>base @gkaissisCaught ForceObjectDelete called by workers>base @gkaissisCaught ForceObjectDelete called by workers>base @gkaissisCaught ForceObjectDelete called by workers>base @gkaissisCaught ForceObjectDelete called by workers>base @gkaissisCaught ForceObjectDelete called by workers>base @gkaissisCaught ForceObjectDelete called by workers>base @gkaissisCaught ForceObjectDelete called by workers>base @gkaissisCaught ForceObjectDelete called by workers>base @gkaissisCaught ForceObjectDelete called by workers>base @gkaissisCaught ForceObjectDelete called by workers>base @gkaissisCaught ForceObjectDelete called by workers>base @gkaissisCaught ForceObjectDelete called by workers>base @gkaissisCaught ForceObjectDelete called by workers>base @gkaissisCaught ForceObjectDelete called by workers>base @gkaissisCaught ForceObjectDelete called by workers>base @gkaissisCaught ForceObjectDelete called by workers>base @gkaissisCaught ForceObjectDelete called by workers>base @gkaissisCaught ForceObjectDelete called by workers>base @gkaissisCaught ForceObjectDelete called by workers>base @gkaissisCaught ForceObjectDelete called by workers>base @gkaissisCaught ForceObjectDelete called by workers>base @gkaissisCaught ForceObjectDelete called by workers>base @gkaissisCaught ForceObjectDelete called by workers>base @gkaissisCaught ForceObjectDelete called by workers>base @gkaissisCaught ForceObjectDelete called by workers>base @gkaissisCaught ForceObjectDelete called by workers>base @gkaissisCaught ForceObjectDelete called by workers>base @gkaissisCaught ForceObjectDelete called by workers>base @gkaissisCaught ForceObjectDelete called by workers>base @gkaissisCaught ForceObjectDelete called by workers>base @gkaissisCaught ForceObjectDelete called by workers>base @gkaissisCaught ForceObjectDelete called by workers>base @gkaissisCaught ForceObjectDelete called by workers>base @gkaissisCaught ForceObjectDelete called by workers>base @gkaissisCaught ForceObjectDelete called by workers>base @gkaissisCaught ForceObjectDelete called by workers>base @gkaissisCaught ForceObjectDelete called by workers>base @gkaissisCaught ForceObjectDelete called by workers>base @gkaissisCaught ForceObjectDelete called by workers>base @gkaissisCaught ForceObjectDelete called by workers>base @gkaissisCaught ForceObjectDelete called by workers>base @gkaissisCaught ForceObjectDelete called by workers>base @gkaissisCaught ForceObjectDelete called by workers>base @gkaissisCaught ForceObjectDelete called by workers>base @gkaissisCaught ForceObjectDelete called by workers>base @gkaissisCaught ForceObjectDelete called by workers>base @gkaissisCaught ForceObjectDelete called by workers>base @gkaissisCaught ForceObjectDelete called by workers>base @gkaissisCaught ForceObjectDelete called by workers>base @gkaissisCaught ForceObjectDelete called by workers>base @gkaissisCaught ForceObjectDelete called by workers>base @gkaissisCaught ForceObjectDelete called by workers>base @gkaissisCaught ForceObjectDelete called by workers>base @gkaissisCaught ForceObjectDelete called by workers>base @gkaissisCaught ForceObjectDelete called by workers>base @gkaissisCaught ForceObjectDelete called by workers>base @gkaissisCaught ForceObjectDelete called by workers>base @gkaissisCaught ForceObjectDelete called by workers>base @gkaissisCaught ForceObjectDelete called by workers>base @gkaissisCaught ForceObjectDelete called by workers>base @gkaissisCaught ForceObjectDelete called by workers>base @gkaissisCaught ForceObjectDelete called by workers>base @gkaissisCaught ForceObjectDelete called by workers>base @gkaissisCaught ForceObjectDelete called by workers>base @gkaissisCaught ForceObjectDelete called by workers>base @gkaissisCaught ForceObjectDelete called by workers>base @gkaissisCaught ForceObjectDelete called by workers>base @gkaissisCaught ForceObjectDelete called by workers>base @gkaissisCaught ForceObjectDelete called by workers>base @gkaissisCaught ForceObjectDelete called by workers>base @gkaissisCaught ForceObjectDelete called by workers>base @gkaissisCaught ForceObjectDelete called by workers>base @gkaissisCaught ForceObjectDelete called by workers>base @gkaissisCaught ForceObjectDelete called by workers>base @gkaissisCaught ForceObjectDelete called by workers>base @gkaissisCaught ForceObjectDelete called by workers>base @gkaissisCaught ForceObjectDelete called by workers>base @gkaissisCaught ForceObjectDelete called by workers>base @gkaissisCaught ForceObjectDelete called by workers>base @gkaissisCaught ForceObjectDelete called by workers>base @gkaissisCaught ForceObjectDelete called by workers>base @gkaissisCaught ForceObjectDelete called by workers>base @gkaissisCaught ForceObjectDelete called by workers>base @gkaissisCaught ForceObjectDelete called by workers>base @gkaissisCaught ForceObjectDelete called by workers>base @gkaissisCaught ForceObjectDelete called by workers>base @gkaissisCaught ForceObjectDelete called by workers>base @gkaissisCaught ForceObjectDelete called by workers>base @gkaissisCaught ForceObjectDelete called by workers>base @gkaissisCaught ForceObjectDelete called by workers>base @gkaissisCaught ForceObjectDelete called by workers>base @gkaissisCaught ForceObjectDelete called by workers>base @gkaissisCaught ForceObjectDelete called by workers>base @gkaissisCaught ForceObjectDelete called by workers>base @gkaissisCaught ForceObjectDelete called by workers>base @gkaissisCaught ForceObjectDelete called by workers>base @gkaissisCaught ForceObjectDelete called by workers>base @gkaissisCaught ForceObjectDelete called by workers>base @gkaissisCaught ForceObjectDelete called by workers>base @gkaissisCaught ForceObjectDelete called by workers>base @gkaissisCaught ForceObjectDelete called by workers>base @gkaissisCaught ForceObjectDelete called by workers>base @gkaissisCaught ForceObjectDelete called by workers>base @gkaissisCaught ForceObjectDelete called by workers>base @gkaissisCaught ForceObjectDelete called by workers>base @gkaissisCaught ForceObjectDelete called by workers>base @gkaissisCaught ForceObjectDelete called by workers>base @gkaissisCaught ForceObjectDelete called by workers>base @gkaissisCaught ForceObjectDelete called by workers>base @gkaissisCaught ForceObjectDelete called by workers>base @gkaissisCaught ForceObjectDelete called by workers>base @gkaissisCaught ForceObjectDelete called by workers>base @gkaissisCaught ForceObjectDelete called by workers>base @gkaissisCaught ForceObjectDelete called by workers>base @gkaissisCaught ForceObjectDelete called by workers>base @gkaissisCaught ForceObjectDelete called by workers>base @gkaissisCaught ForceObjectDelete called by workers>base @gkaissisCaught ForceObjectDelete called by workers>base @gkaissisCaught ForceObjectDelete called by workers>base @gkaissisCaught ForceObjectDelete called by workers>base @gkaissisCaught ForceObjectDelete called by workers>base @gkaissisCaught ForceObjectDelete called by workers>base @gkaissisCaught ForceObjectDelete called by workers>base @gkaissisCaught ForceObjectDelete called by workers>base @gkaissisCaught ForceObjectDelete called by workers>base @gkaissisCaught ForceObjectDelete called by workers>base @gkaissisCaught ForceObjectDelete called by workers>base @gkaissisCaught ForceObjectDelete called by workers>base @gkaissisCaught ForceObjectDelete called by workers>base @gkaissisCaught ForceObjectDelete called by workers>base @gkaissisCaught ForceObjectDelete called by workers>base @gkaissisCaught ForceObjectDelete called by workers>base @gkaissisCaught ForceObjectDelete called by workers>base @gkaissisCaught ForceObjectDelete called by workers>base @gkaissisCaught ForceObjectDelete called by workers>base @gkaissisCaught ForceObjectDelete called by workers>base @gkaissisCaught ForceObjectDelete called by workers>base @gkaissisCaught ForceObjectDelete called by workers>base @gkaissisCaught ForceObjectDelete called by workers>base @gkaissisCaught ForceObjectDelete called by workers>base @gkaissisCaught ForceObjectDelete called by workers>base @gkaissisCaught ForceObjectDelete called by workers>base @gkaissisCaught ForceObjectDelete called by workers>base @gkaissisCaught ForceObjectDelete called by workers>base @gkaissisCaught ForceObjectDelete called by workers>base @gkaissisCaught ForceObjectDelete called by workers>base @gkaissisCaught ForceObjectDelete called by workers>base @gkaissisCaught ForceObjectDelete called by workers>base @gkaissisCaught ForceObjectDelete called by workers>base @gkaissisCaught ForceObjectDelete called by workers>base @gkaissisCaught ForceObjectDelete called by workers>base @gkaissisCaught ForceObjectDelete called by workers>base @gkaissisCaught ForceObjectDelete called by workers>base @gkaissisCaught ForceObjectDelete called by workers>base @gkaissisCaught ForceObjectDelete called by workers>base @gkaissisCaught ForceObjectDelete called by workers>base @gkaissisCaught ForceObjectDelete called by workers>base @gkaissisCaught ForceObjectDelete called by workers>base @gkaissisCaught ForceObjectDelete called by workers>base @gkaissisCaught ForceObjectDelete called by workers>base @gkaissisCaught ForceObjectDelete called by workers>base @gkaissisCaught ForceObjectDelete called by workers>base @gkaissisCaught ForceObjectDelete called by workers>base @gkaissisCaught ForceObjectDelete called by workers>base @gkaissisCaught ForceObjectDelete called by workers>base @gkaissisCaught ForceObjectDelete called by workers>base @gkaissisCaught ForceObjectDelete called by workers>base @gkaissisCaught ForceObjectDelete called by workers>base @gkaissisCaught ForceObjectDelete called by workers>base @gkaissisCaught ForceObjectDelete called by workers>base @gkaissisCaught ForceObjectDelete called by workers>base @gkaissisCaught ForceObjectDelete called by workers>base @gkaissisCaught ForceObjectDelete called by workers>base @gkaissisCaught ForceObjectDelete called by workers>base @gkaissisCaught ForceObjectDelete called by workers>base @gkaissisCaught ForceObjectDelete called by workers>base @gkaissisCaught ForceObjectDelete called by workers>base @gkaissisCaught ForceObjectDelete called by workers>base @gkaissisCaught ForceObjectDelete called by workers>base @gkaissisCaught ForceObjectDelete called by workers>base @gkaissisCaught ForceObjectDelete called by workers>base @gkaissisCaught ForceObjectDelete called by workers>base @gkaissisCaught ForceObjectDelete called by workers>base @gkaissisCaught ForceObjectDelete called by workers>base @gkaissisCaught ForceObjectDelete called by workers>base @gkaissisCaught ForceObjectDelete called by workers>base @gkaissisCaught ForceObjectDelete called by workers>base @gkaissisCaught ForceObjectDelete called by workers>base @gkaissisCaught ForceObjectDelete called by workers>base @gkaissisCaught ForceObjectDelete called by workers>base @gkaissisCaught ForceObjectDelete called by workers>base @gkaissisCaught ForceObjectDelete called by workers>base @gkaissisCaught ForceObjectDelete called by workers>base @gkaissisCaught ForceObjectDelete called by workers>base @gkaissisCaught ForceObjectDelete called by workers>base @gkaissisCaught ForceObjectDelete called by workers>base @gkaissisCaught ForceObjectDelete called by workers>base @gkaissisCaught ForceObjectDelete called by workers>base @gkaissisCaught ForceObjectDelete called by workers>base @gkaissisCaught ForceObjectDelete called by workers>base @gkaissisCaught ForceObjectDelete called by workers>base @gkaissisCaught ForceObjectDelete called by workers>base @gkaissisCaught ForceObjectDelete called by workers>base @gkaissisCaught ForceObjectDelete called by workers>base @gkaissisCaught ForceObjectDelete called by workers>base @gkaissisCaught ForceObjectDelete called by workers>base @gkaissisCaught ForceObjectDelete called by workers>base @gkaissisCaught ForceObjectDelete called by workers>base @gkaissisCaught ForceObjectDelete called by workers>base @gkaissisCaught ForceObjectDelete called by workers>base @gkaissisCaught ForceObjectDelete called by workers>base @gkaissisCaught ForceObjectDelete called by workers>base @gkaissisCaught ForceObjectDelete called by workers>base @gkaissisCaught ForceObjectDelete called by workers>base @gkaissisCaught ForceObjectDelete called by workers>base @gkaissisCaught ForceObjectDelete called by workers>base @gkaissisCaught ForceObjectDelete called by workers>base @gkaissisCaught ForceObjectDelete called by workers>base @gkaissisCaught ForceObjectDelete called by workers>base @gkaissisCaught ForceObjectDelete called by workers>base @gkaissisCaught ForceObjectDelete called by workers>base @gkaissisCaught ForceObjectDelete called by workers>base @gkaissisCaught ForceObjectDelete called by workers>base @gkaissisCaught ForceObjectDelete called by workers>base @gkaissisCaught ForceObjectDelete called by workers>base @gkaissisCaught ForceObjectDelete called by workers>base @gkaissisCaught ForceObjectDelete called by workers>base @gkaissisCaught ForceObjectDelete called by workers>base @gkaissisCaught ForceObjectDelete called by workers>base @gkaissisCaught ForceObjectDelete called by workers>base @gkaissisCaught ForceObjectDelete called by workers>base @gkaissisCaught ForceObjectDelete called by workers>base @gkaissisCaught ForceObjectDelete called by workers>base @gkaissisCaught ForceObjectDelete called by workers>base @gkaissisCaught ForceObjectDelete called by workers>base @gkaissisCaught ForceObjectDelete called by workers>base @gkaissisCaught ForceObjectDelete called by workers>base @gkaissisCaught ForceObjectDelete called by workers>base @gkaissisCaught ForceObjectDelete called by workers>base @gkaissisCaught ForceObjectDelete called by workers>base @gkaissisCaught ForceObjectDelete called by workers>base @gkaissisCaught ForceObjectDelete called by workers>base @gkaissisCaught ForceObjectDelete called by workers>base @gkaissisCaught ForceObjectDelete called by workers>base @gkaissisCaught ForceObjectDelete called by workers>base @gkaissisCaught ForceObjectDelete called by workers>base @gkaissisCaught ForceObjectDelete called by workers>base @gkaissisCaught ForceObjectDelete called by workers>base @gkaissisCaught ForceObjectDelete called by workers>base @gkaissisCaught ForceObjectDelete called by workers>base @gkaissisCaught ForceObjectDelete called by workers>base @gkaissisCaught ForceObjectDelete called by workers>base @gkaissisCaught ForceObjectDelete called by workers>base @gkaissisCaught ForceObjectDelete called by workers>base @gkaissisCaught ForceObjectDelete called by workers>base @gkaissisCaught ForceObjectDelete called by workers>base @gkaissisCaught ForceObjectDelete called by workers>base @gkaissisCaught ForceObjectDelete called by workers>base @gkaissisCaught ForceObjectDelete called by workers>base @gkaissisCaught ForceObjectDelete called by workers>base @gkaissisCaught ForceObjectDelete called by workers>base @gkaissisCaught ForceObjectDelete called by workers>base @gkaissisCaught ForceObjectDelete called by workers>base @gkaissisCaught ForceObjectDelete called by workers>base @gkaissisCaught ForceObjectDelete called by workers>base @gkaissisCaught ForceObjectDelete called by workers>base @gkaissisCaught ForceObjectDelete called by workers>base @gkaissisCaught ForceObjectDelete called by workers>base @gkaissisCaught ForceObjectDelete called by workers>base @gkaissisCaught ForceObjectDelete called by workers>base @gkaissisCaught ForceObjectDelete called by workers>base @gkaissisCaught ForceObjectDelete called by workers>base @gkaissisCaught ForceObjectDelete called by workers>base @gkaissisCaught ForceObjectDelete called by workers>base @gkaissisCaught ForceObjectDelete called by workers>base @gkaissisCaught ForceObjectDelete called by workers>base @gkaissisCaught ForceObjectDelete called by workers>base @gkaissisCaught ForceObjectDelete called by workers>base @gkaissisCaught ForceObjectDelete called by workers>base @gkaissisCaught ForceObjectDelete called by workers>base @gkaissisCaught ForceObjectDelete called by workers>base @gkaissisCaught ForceObjectDelete called by workers>base @gkaissisCaught ForceObjectDelete called by workers>base @gkaissisCaught ForceObjectDelete called by workers>base @gkaissisCaught ForceObjectDelete called by workers>base @gkaissisCaught ForceObjectDelete called by workers>base @gkaissisCaught ForceObjectDelete called by workers>base @gkaissisCaught ForceObjectDelete called by workers>base @gkaissisCaught ForceObjectDelete called by workers>base @gkaissisCaught ForceObjectDelete called by workers>base @gkaissisCaught ForceObjectDelete called by workers>base @gkaissisCaught ForceObjectDelete called by workers>base @gkaissisCaught ForceObjectDelete called by workers>base @gkaissisCaught ForceObjectDelete called by workers>base @gkaissisCaught ForceObjectDelete called by workers>base @gkaissisCaught ForceObjectDelete called by workers>base @gkaissisCaught ForceObjectDelete called by workers>base @gkaissisCaught ForceObjectDelete called by workers>base @gkaissisCaught ForceObjectDelete called by workers>base @gkaissisCaught ForceObjectDelete called by workers>base @gkaissisCaught ForceObjectDelete called by workers>base @gkaissisCaught ForceObjectDelete called by workers>base @gkaissisCaught ForceObjectDelete called by workers>base @gkaissisCaught ForceObjectDelete called by workers>base @gkaissisCaught ForceObjectDelete called by workers>base @gkaissisCaught ForceObjectDelete called by workers>base @gkaissisCaught ForceObjectDelete called by workers>base @gkaissisCaught ForceObjectDelete called by workers>base @gkaissisCaught ForceObjectDelete called by workers>base @gkaissisCaught ForceObjectDelete called by workers>base @gkaissisCaught ForceObjectDelete called by workers>base @gkaissisCaught ForceObjectDelete called by workers>base @gkaissisCaught ForceObjectDelete called by workers>base @gkaissisCaught ForceObjectDelete called by workers>base @gkaissisCaught ForceObjectDelete called by workers>base @gkaissisCaught ForceObjectDelete called by workers>base @gkaissisCaught ForceObjectDelete called by workers>base @gkaissisCaught ForceObjectDelete called by workers>base @gkaissisCaught ForceObjectDelete called by workers>base @gkaissisCaught ForceObjectDelete called by workers>base @gkaissisCaught ForceObjectDelete called by workers>base @gkaissisCaught ForceObjectDelete called by workers>base @gkaissisCaught ForceObjectDelete called by workers>base @gkaissisCaught ForceObjectDelete called by workers>base @gkaissisCaught ForceObjectDelete called by workers>base @gkaissisCaught ForceObjectDelete called by workers>base @gkaissisCaught ForceObjectDelete called by workers>base @gkaissisCaught ForceObjectDelete called by workers>base @gkaissisCaught ForceObjectDelete called by workers>base @gkaissisCaught ForceObjectDelete called by workers>base @gkaissisCaught ForceObjectDelete called by workers>base @gkaissisCaught ForceObjectDelete called by workers>base @gkaissisCaught ForceObjectDelete called by workers>base @gkaissisCaught ForceObjectDelete called by workers>base @gkaissisCaught ForceObjectDelete called by workers>base @gkaissisCaught ForceObjectDelete called by workers>base @gkaissisCaught ForceObjectDelete called by workers>base @gkaissisCaught ForceObjectDelete called by workers>base @gkaissisCaught ForceObjectDelete called by workers>base @gkaissisCaught ForceObjectDelete called by workers>base @gkaissisCaught ForceObjectDelete called by workers>base @gkaissisCaught ForceObjectDelete called by workers>base @gkaissisCaught ForceObjectDelete called by workers>base @gkaissisCaught ForceObjectDelete called by workers>base @gkaissisCaught ForceObjectDelete called by workers>base @gkaissisCaught ForceObjectDelete called by workers>base @gkaissisCaught ForceObjectDelete called by workers>base @gkaissisCaught ForceObjectDelete called by workers>base @gkaissisCaught ForceObjectDelete called by workers>base @gkaissisCaught ForceObjectDelete called by workers>base @gkaissisCaught ForceObjectDelete called by workers>base @gkaissisCaught ForceObjectDelete called by workers>base @gkaissisCaught ForceObjectDelete called by workers>base @gkaissisCaught ForceObjectDelete called by workers>base @gkaissisCaught ForceObjectDelete called by workers>base @gkaissisCaught ForceObjectDelete called by workers>base @gkaissisCaught ForceObjectDelete called by workers>base @gkaissisCaught ForceObjectDelete called by workers>base @gkaissisCaught ForceObjectDelete called by workers>base @gkaissisCaught ForceObjectDelete called by workers>base @gkaissisCaught ForceObjectDelete called by workers>base @gkaissisCaught ForceObjectDelete called by workers>base @gkaissisCaught ForceObjectDelete called by workers>base @gkaissisCaught ForceObjectDelete called by workers>base @gkaissisCaught ForceObjectDelete called by workers>base @gkaissisCaught ForceObjectDelete called by workers>base @gkaissisCaught ForceObjectDelete called by workers>base @gkaissisCaught ForceObjectDelete called by workers>base @gkaissisCaught ForceObjectDelete called by workers>base @gkaissisCaught ForceObjectDelete called by workers>base @gkaissisCaught ForceObjectDelete called by workers>base @gkaissisCaught ForceObjectDelete called by workers>base @gkaissisCaught ForceObjectDelete called by workers>base @gkaissisCaught ForceObjectDelete called by workers>base @gkaissisCaught ForceObjectDelete called by workers>base @gkaissisCaught ForceObjectDelete called by workers>base @gkaissisCaught ForceObjectDelete called by workers>base @gkaissisCaught ForceObjectDelete called by workers>base @gkaissisCaught ForceObjectDelete called by workers>base @gkaissisCaught ForceObjectDelete called by workers>base @gkaissisCaught ForceObjectDelete called by workers>base @gkaissisCaught ForceObjectDelete called by workers>base @gkaissisCaught ForceObjectDelete called by workers>base @gkaissisCaught ForceObjectDelete called by workers>base @gkaissisCaught ForceObjectDelete called by workers>base @gkaissisCaught ForceObjectDelete called by workers>base @gkaissisCaught ForceObjectDelete called by workers>base @gkaissisCaught ForceObjectDelete called by workers>base @gkaissisCaught ForceObjectDelete called by workers>base @gkaissisCaught ForceObjectDelete called by workers>base @gkaissisCaught ForceObjectDelete called by workers>base @gkaissisCaught ForceObjectDelete called by workers>base @gkaissisCaught ForceObjectDelete called by workers>base @gkaissisCaught ForceObjectDelete called by workers>base @gkaissisCaught ForceObjectDelete called by workers>base @gkaissisCaught ForceObjectDelete called by workers>base @gkaissisCaught ForceObjectDelete called by workers>base @gkaissisCaught ForceObjectDelete called by workers>base @gkaissisCaught ForceObjectDelete called by workers>base @gkaissisCaught ForceObjectDelete called by workers>base @gkaissisCaught ForceObjectDelete called by workers>base @gkaissisCaught ForceObjectDelete called by workers>base @gkaissisCaught ForceObjectDelete called by workers>base @gkaissisCaught ForceObjectDelete called by workers>base @gkaissisCaught ForceObjectDelete called by workers>base @gkaissisCaught ForceObjectDelete called by workers>base @gkaissisCaught ForceObjectDelete called by workers>base @gkaissisCaught ForceObjectDelete called by workers>base @gkaissisCaught ForceObjectDelete called by workers>base @gkaissisCaught ForceObjectDelete called by workers>base @gkaissisCaught ForceObjectDelete called by workers>base @gkaissisCaught ForceObjectDelete called by workers>base @gkaissisCaught ForceObjectDelete called by workers>base @gkaissisCaught ForceObjectDelete called by workers>base @gkaissisCaught ForceObjectDelete called by workers>base @gkaissisCaught ForceObjectDelete called by workers>base @gkaissisCaught ForceObjectDelete called by workers>base @gkaissisCaught ForceObjectDelete called by workers>base @gkaissisCaught ForceObjectDelete called by workers>base @gkaissisCaught ForceObjectDelete called by workers>base @gkaissisCaught ForceObjectDelete called by workers>base @gkaissisCaught ForceObjectDelete called by workers>base @gkaissisCaught ForceObjectDelete called by workers>base @gkaissisCaught ForceObjectDelete called by workers>base @gkaissisCaught ForceObjectDelete called by workers>base @gkaissisCaught ForceObjectDelete called by workers>base @gkaissisCaught ForceObjectDelete called by workers>base @gkaissisCaught ForceObjectDelete called by workers>base @gkaissisCaught ForceObjectDelete called by workers>base @gkaissisCaught ForceObjectDelete called by workers>base @gkaissisCaught ForceObjectDelete called by workers>base @gkaissisCaught ForceObjectDelete called by workers>base @gkaissisCaught ForceObjectDelete called by workers>base @gkaissisCaught ForceObjectDelete called by workers>base @gkaissisCaught ForceObjectDelete called by workers>base @gkaissisCaught ForceObjectDelete called by workers>base @gkaissisCaught ForceObjectDelete called by workers>base @gkaissisCaught ForceObjectDelete called by workers>base @gkaissisCaught ForceObjectDelete called by workers>base @gkaissisCaught ForceObjectDelete called by workers>base @gkaissisCaught ForceObjectDelete called by workers>base @gkaissisCaught ForceObjectDelete called by workers>base @gkaissisCaught ForceObjectDelete called by workers>base @gkaissisCaught ForceObjectDelete called by workers>base @gkaissisCaught ForceObjectDelete called by workers>base @gkaissisCaught ForceObjectDelete called by workers>base @gkaissisCaught ForceObjectDelete called by workers>base @gkaissisCaught ForceObjectDelete called by workers>base @gkaissisCaught ForceObjectDelete called by workers>base @gkaissisCaught ForceObjectDelete called by workers>base @gkaissisCaught ForceObjectDelete called by workers>base @gkaissisCaught ForceObjectDelete called by workers>base @gkaissisCaught ForceObjectDelete called by workers>base @gkaissisCaught ForceObjectDelete called by workers>base @gkaissisCaught ForceObjectDelete called by workers>base @gkaissisCaught ForceObjectDelete called by workers>base @gkaissisCaught ForceObjectDelete called by workers>base @gkaissisCaught ForceObjectDelete called by workers>base @gkaissisCaught ForceObjectDelete called by workers>base @gkaissisCaught ForceObjectDelete called by workers>base @gkaissisCaught ForceObjectDelete called by workers>base @gkaissisCaught ForceObjectDelete called by workers>base @gkaissisCaught ForceObjectDelete called by workers>base @gkaissisCaught ForceObjectDelete called by workers>base @gkaissisCaught ForceObjectDelete called by workers>base @gkaissisCaught ForceObjectDelete called by workers>base @gkaissisCaught ForceObjectDelete called by workers>base @gkaissisCaught ForceObjectDelete called by workers>base @gkaissisCaught ForceObjectDelete called by workers>base @gkaissisCaught ForceObjectDelete called by workers>base @gkaissisCaught ForceObjectDelete called by workers>base @gkaissisCaught ForceObjectDelete called by workers>base @gkaissisCaught ForceObjectDelete called by workers>base @gkaissisCaught ForceObjectDelete called by workers>base @gkaissisCaught ForceObjectDelete called by workers>base @gkaissisCaught ForceObjectDelete called by workers>base @gkaissisCaught ForceObjectDelete called by workers>base @gkaissisCaught ForceObjectDelete called by workers>base @gkaissisCaught ForceObjectDelete called by workers>base @gkaissisCaught ForceObjectDelete called by workers>base @gkaissisCaught ForceObjectDelete called by workers>base @gkaissisCaught ForceObjectDelete called by workers>base @gkaissisCaught ForceObjectDelete called by workers>base @gkaissisCaught ForceObjectDelete called by workers>base @gkaissisCaught ForceObjectDelete called by workers>base @gkaissisCaught ForceObjectDelete called by workers>base @gkaissisCaught ForceObjectDelete called by workers>base @gkaissisCaught ForceObjectDelete called by workers>base @gkaissisCaught ForceObjectDelete called by workers>base @gkaissisCaught ForceObjectDelete called by workers>base @gkaissisCaught ForceObjectDelete called by workers>base @gkaissisCaught ForceObjectDelete called by workers>base @gkaissisCaught ForceObjectDelete called by workers>base @gkaissisCaught ForceObjectDelete called by workers>base @gkaissisCaught ForceObjectDelete called by workers>base @gkaissisCaught ForceObjectDelete called by workers>base @gkaissisCaught ForceObjectDelete called by workers>base @gkaissisCaught ForceObjectDelete called by workers>base @gkaissisCaught ForceObjectDelete called by workers>base @gkaissisCaught ForceObjectDelete called by workers>base @gkaissisCaught ForceObjectDelete called by workers>base @gkaissisCaught ForceObjectDelete called by workers>base @gkaissisCaught ForceObjectDelete called by workers>base @gkaissisCaught ForceObjectDelete called by workers>base @gkaissisCaught ForceObjectDelete called by workers>base @gkaissisCaught ForceObjectDelete called by workers>base @gkaissisCaught ForceObjectDelete called by workers>base @gkaissisCaught ForceObjectDelete called by workers>base @gkaissisCaught ForceObjectDelete called by workers>base @gkaissisCaught ForceObjectDelete called by workers>base @gkaissisCaught ForceObjectDelete called by workers>base @gkaissisCaught ForceObjectDelete called by workers>base @gkaissisCaught ForceObjectDelete called by workers>base @gkaissisCaught ForceObjectDelete called by workers>base @gkaissisCaught ForceObjectDelete called by workers>base @gkaissisCaught ForceObjectDelete called by workers>base @gkaissisCaught ForceObjectDelete called by workers>base @gkaissisCaught ForceObjectDelete called by workers>base @gkaissisCaught ForceObjectDelete called by workers>base @gkaissisCaught ForceObjectDelete called by workers>base @gkaissisCaught ForceObjectDelete called by workers>base @gkaissisCaught ForceObjectDelete called by workers>base @gkaissisCaught ForceObjectDelete called by workers>base @gkaissisCaught ForceObjectDelete called by workers>base @gkaissisCaught ForceObjectDelete called by workers>base @gkaissisCaught ForceObjectDelete called by workers>base @gkaissisCaught ForceObjectDelete called by workers>base @gkaissisCaught ForceObjectDelete called by workers>base @gkaissisCaught ForceObjectDelete called by workers>base @gkaissisCaught ForceObjectDelete called by workers>base @gkaissisCaught ForceObjectDelete called by workers>base @gkaissisCaught ForceObjectDelete called by workers>base @gkaissisCaught ForceObjectDelete called by workers>base @gkaissisCaught ForceObjectDelete called by workers>base @gkaissisCaught ForceObjectDelete called by workers>base @gkaissisCaught ForceObjectDelete called by workers>base @gkaissisCaught ForceObjectDelete called by workers>base @gkaissisCaught ForceObjectDelete called by workers>base @gkaissisCaught ForceObjectDelete called by workers>base @gkaissisCaught ForceObjectDelete called by workers>base @gkaissisCaught ForceObjectDelete called by workers>base @gkaissisCaught ForceObjectDelete called by workers>base @gkaissisCaught ForceObjectDelete called by workers>base @gkaissisCaught ForceObjectDelete called by workers>base @gkaissisCaught ForceObjectDelete called by workers>base @gkaissisCaught ForceObjectDelete called by workers>base @gkaissisCaught ForceObjectDelete called by workers>base @gkaissisCaught ForceObjectDelete called by workers>base @gkaissisCaught ForceObjectDelete called by workers>base @gkaissisCaught ForceObjectDelete called by workers>base @gkaissisCaught ForceObjectDelete called by workers>base @gkaissisCaught ForceObjectDelete called by workers>base @gkaissisCaught ForceObjectDelete called by workers>base @gkaissisCaught ForceObjectDelete called by workers>base @gkaissisCaught ForceObjectDelete called by workers>base @gkaissisCaught ForceObjectDelete called by workers>base @gkaissisCaught ForceObjectDelete called by workers>base @gkaissisCaught ForceObjectDelete called by workers>base @gkaissisCaught ForceObjectDelete called by workers>base @gkaissisCaught ForceObjectDelete called by workers>base @gkaissisCaught ForceObjectDelete called by workers>base @gkaissisCaught ForceObjectDelete called by workers>base @gkaissisCaught ForceObjectDelete called by workers>base @gkaissisCaught ForceObjectDelete called by workers>base @gkaissisCaught ForceObjectDelete called by workers>base @gkaissisCaught ForceObjectDelete called by workers>base @gkaissisCaught ForceObjectDelete called by workers>base @gkaissisCaught ForceObjectDelete called by workers>base @gkaissisCaught ForceObjectDelete called by workers>base @gkaissisCaught ForceObjectDelete called by workers>base @gkaissisCaught ForceObjectDelete called by workers>base @gkaissisCaught ForceObjectDelete called by workers>base @gkaissisCaught ForceObjectDelete called by workers>base @gkaissisCaught ForceObjectDelete called by workers>base @gkaissisCaught ForceObjectDelete called by workers>base @gkaissisCaught ForceObjectDelete called by workers>base @gkaissisCaught ForceObjectDelete called by workers>base @gkaissisCaught ForceObjectDelete called by workers>base @gkaissisCaught ForceObjectDelete called by workers>base @gkaissisCaught ForceObjectDelete called by workers>base @gkaissisCaught ForceObjectDelete called by workers>base @gkaissisCaught ForceObjectDelete called by workers>base @gkaissisCaught ForceObjectDelete called by workers>base @gkaissisCaught ForceObjectDelete called by workers>base @gkaissisCaught ForceObjectDelete called by workers>base @gkaissisCaught ForceObjectDelete called by workers>base @gkaissisCaught ForceObjectDelete called by workers>base @gkaissisCaught ForceObjectDelete called by workers>base @gkaissisCaught ForceObjectDelete called by workers>base @gkaissisCaught ForceObjectDelete called by workers>base @gkaissisCaught ForceObjectDelete called by workers>base @gkaissisCaught ForceObjectDelete called by workers>base @gkaissisCaught ForceObjectDelete called by workers>base @gkaissisCaught ForceObjectDelete called by workers>base @gkaissisCaught ForceObjectDelete called by workers>base @gkaissisCaught ForceObjectDelete called by workers>base @gkaissisCaught ForceObjectDelete called by workers>base @gkaissisCaught ForceObjectDelete called by workers>base @gkaissisCaught ForceObjectDelete called by workers>base @gkaissisCaught ForceObjectDelete called by workers>base @gkaissisCaught ForceObjectDelete called by workers>base @gkaissisCaught ForceObjectDelete called by workers>base @gkaissisCaught ForceObjectDelete called by workers>base @gkaissisCaught ForceObjectDelete called by workers>base @gkaissisCaught ForceObjectDelete called by workers>base @gkaissisCaught ForceObjectDelete called by workers>base @gkaissisCaught ForceObjectDelete called by workers>base @gkaissisCaught ForceObjectDelete called by workers>base @gkaissisCaught ForceObjectDelete called by workers>base @gkaissisCaught ForceObjectDelete called by workers>base @gkaissisCaught ForceObjectDelete called by workers>base @gkaissisCaught ForceObjectDelete called by workers>base @gkaissisCaught ForceObjectDelete called by workers>base @gkaissisCaught ForceObjectDelete called by workers>base @gkaissisCaught ForceObjectDelete called by workers>base @gkaissisCaught ForceObjectDelete called by workers>base @gkaissisCaught ForceObjectDelete called by workers>base @gkaissisCaught ForceObjectDelete called by workers>base @gkaissisCaught ForceObjectDelete called by workers>base @gkaissisCaught ForceObjectDelete called by workers>base @gkaissisCaught ForceObjectDelete called by workers>base @gkaissisCaught ForceObjectDelete called by workers>base @gkaissisCaught ForceObjectDelete called by workers>base @gkaissisCaught ForceObjectDelete called by workers>base @gkaissisCaught ForceObjectDelete called by workers>base @gkaissisCaught ForceObjectDelete called by workers>base @gkaissisCaught ForceObjectDelete called by workers>base @gkaissisCaught ForceObjectDelete called by workers>base @gkaissisCaught ForceObjectDelete called by workers>base @gkaissisCaught ForceObjectDelete called by workers>base @gkaissisCaught ForceObjectDelete called by workers>base @gkaissisCaught ForceObjectDelete called by workers>base @gkaissisCaught ForceObjectDelete called by workers>base @gkaissisCaught ForceObjectDelete called by workers>base @gkaissisCaught ForceObjectDelete called by workers>base @gkaissisCaught ForceObjectDelete called by workers>base @gkaissisCaught ForceObjectDelete called by workers>base @gkaissisCaught ForceObjectDelete called by workers>base @gkaissisCaught ForceObjectDelete called by workers>base @gkaissisCaught ForceObjectDelete called by workers>base @gkaissisCaught ForceObjectDelete called by workers>base @gkaissisCaught ForceObjectDelete called by workers>base @gkaissisCaught ForceObjectDelete called by workers>base @gkaissisCaught ForceObjectDelete called by workers>base @gkaissisCaught ForceObjectDelete called by workers>base @gkaissisCaught ForceObjectDelete called by workers>base @gkaissisCaught ForceObjectDelete called by workers>base @gkaissisCaught ForceObjectDelete called by workers>base @gkaissisCaught ForceObjectDelete called by workers>base @gkaissisCaught ForceObjectDelete called by workers>base @gkaissisCaught ForceObjectDelete called by workers>base @gkaissisCaught ForceObjectDelete called by workers>base @gkaissisCaught ForceObjectDelete called by workers>base @gkaissisCaught ForceObjectDelete called by workers>base @gkaissisCaught ForceObjectDelete called by workers>base @gkaissisCaught ForceObjectDelete called by workers>base @gkaissisCaught ForceObjectDelete called by workers>base @gkaissisCaught ForceObjectDelete called by workers>base @gkaissisCaught ForceObjectDelete called by workers>base @gkaissisCaught ForceObjectDelete called by workers>base @gkaissisCaught ForceObjectDelete called by workers>base @gkaissisCaught ForceObjectDelete called by workers>base @gkaissisCaught ForceObjectDelete called by workers>base @gkaissisCaught ForceObjectDelete called by workers>base @gkaissisCaught ForceObjectDelete called by workers>base @gkaissisCaught ForceObjectDelete called by workers>base @gkaissisCaught ForceObjectDelete called by workers>base @gkaissisCaught ForceObjectDelete called by workers>base @gkaissisCaught ForceObjectDelete called by workers>base @gkaissisCaught ForceObjectDelete called by workers>base @gkaissisCaught ForceObjectDelete called by workers>base @gkaissisCaught ForceObjectDelete called by workers>base @gkaissisCaught ForceObjectDelete called by workers>base @gkaissisCaught ForceObjectDelete called by workers>base @gkaissisCaught ForceObjectDelete called by workers>base @gkaissisCaught ForceObjectDelete called by workers>base @gkaissisCaught ForceObjectDelete called by workers>base @gkaissisCaught ForceObjectDelete called by workers>base @gkaissisCaught ForceObjectDelete called by workers>base @gkaissisCaught ForceObjectDelete called by workers>base @gkaissisCaught ForceObjectDelete called by workers>base @gkaissisCaught ForceObjectDelete called by workers>base @gkaissisCaught ForceObjectDelete called by workers>base @gkaissisCaught ForceObjectDelete called by workers>base @gkaissisCaught ForceObjectDelete called by workers>base @gkaissisCaught ForceObjectDelete called by workers>base @gkaissisCaught ForceObjectDelete called by workers>base @gkaissisCaught ForceObjectDelete called by workers>base @gkaissisCaught ForceObjectDelete called by workers>base @gkaissisCaught ForceObjectDelete called by workers>base @gkaissisCaught ForceObjectDelete called by workers>base @gkaissisCaught ForceObjectDelete called by workers>base @gkaissisCaught ForceObjectDelete called by workers>base @gkaissisCaught ForceObjectDelete called by workers>base @gkaissisCaught ForceObjectDelete called by workers>base @gkaissisCaught ForceObjectDelete called by workers>base @gkaissisCaught ForceObjectDelete called by workers>base @gkaissisCaught ForceObjectDelete called by workers>base @gkaissisCaught ForceObjectDelete called by workers>base @gkaissisCaught ForceObjectDelete called by workers>base @gkaissisCaught ForceObjectDelete called by workers>base @gkaissisCaught ForceObjectDelete called by workers>base @gkaissisCaught ForceObjectDelete called by workers>base @gkaissisCaught ForceObjectDelete called by workers>base @gkaissisCaught ForceObjectDelete called by workers>base @gkaissisCaught ForceObjectDelete called by workers>base @gkaissisCaught ForceObjectDelete called by workers>base @gkaissisCaught ForceObjectDelete called by workers>base @gkaissisCaught ForceObjectDelete called by workers>base @gkaissisCaught ForceObjectDelete called by workers>base @gkaissisCaught ForceObjectDelete called by workers>base @gkaissisCaught ForceObjectDelete called by workers>base @gkaissisCaught ForceObjectDelete called by workers>base @gkaissisCaught ForceObjectDelete called by workers>base @gkaissisCaught ForceObjectDelete called by workers>base @gkaissisCaught ForceObjectDelete called by workers>base @gkaissisCaught ForceObjectDelete called by workers>base @gkaissisCaught ForceObjectDelete called by workers>base @gkaissisCaught ForceObjectDelete called by workers>base @gkaissisCaught ForceObjectDelete called by workers>base @gkaissisCaught ForceObjectDelete called by workers>base @gkaissisCaught ForceObjectDelete called by workers>base @gkaissisCaught ForceObjectDelete called by workers>base @gkaissisCaught ForceObjectDelete called by workers>base @gkaissisCaught ForceObjectDelete called by workers>base @gkaissisCaught ForceObjectDelete called by workers>base @gkaissisCaught ForceObjectDelete called by workers>base @gkaissisCaught ForceObjectDelete called by workers>base @gkaissisCaught ForceObjectDelete called by workers>base @gkaissisCaught ForceObjectDelete called by workers>base @gkaissisCaught ForceObjectDelete called by workers>base @gkaissisCaught ForceObjectDelete called by workers>base @gkaissisCaught ForceObjectDelete called by workers>base @gkaissisCaught ForceObjectDelete called by workers>base @gkaissisCaught ForceObjectDelete called by workers>base @gkaissisCaught ForceObjectDelete called by workers>base @gkaissisCaught ForceObjectDelete called by workers>base @gkaissisCaught ForceObjectDelete called by workers>base @gkaissisCaught ForceObjectDelete called by workers>base @gkaissisCaught ForceObjectDelete called by workers>base @gkaissisCaught ForceObjectDelete called by workers>base @gkaissisCaught ForceObjectDelete called by workers>base @gkaissisCaught ForceObjectDelete called by workers>base @gkaissisCaught ForceObjectDelete called by workers>base @gkaissisCaught ForceObjectDelete called by workers>base @gkaissisCaught ForceObjectDelete called by workers>base @gkaissisCaught ForceObjectDelete called by workers>base @gkaissisCaught ForceObjectDelete called by workers>base @gkaissisCaught ForceObjectDelete called by workers>base @gkaissisCaught ForceObjectDelete called by workers>base @gkaissisCaught ForceObjectDelete called by workers>base @gkaissisCaught ForceObjectDelete called by workers>base @gkaissisCaught ForceObjectDelete called by workers>base @gkaissisCaught ForceObjectDelete called by workers>base @gkaissisCaught ForceObjectDelete called by workers>base @gkaissisCaught ForceObjectDelete called by workers>base @gkaissisCaught ForceObjectDelete called by workers>base @gkaissisCaught ForceObjectDelete called by workers>base @gkaissisCaught ForceObjectDelete called by workers>base @gkaissisCaught ForceObjectDelete called by workers>base @gkaissisCaught ForceObjectDelete called by workers>base @gkaissisCaught ForceObjectDelete called by workers>base @gkaissisCaught ForceObjectDelete called by workers>base @gkaissisCaught ForceObjectDelete called by workers>base @gkaissisCaught ForceObjectDelete called by workers>base @gkaissisCaught ForceObjectDelete called by workers>base @gkaissisCaught ForceObjectDelete called by workers>base @gkaissisCaught ForceObjectDelete called by workers>base @gkaissisCaught ForceObjectDelete called by workers>base @gkaissisCaught ForceObjectDelete called by workers>base @gkaissisCaught ForceObjectDelete called by workers>base @gkaissisCaught ForceObjectDelete called by workers>base @gkaissisCaught ForceObjectDelete called by workers>base @gkaissisCaught ForceObjectDelete called by workers>base @gkaissisCaught ForceObjectDelete called by workers>base @gkaissisCaught ForceObjectDelete called by workers>base @gkaissisCaught ForceObjectDelete called by workers>base @gkaissisCaught ForceObjectDelete called by workers>base @gkaissisCaught ForceObjectDelete called by workers>base @gkaissisCaught ForceObjectDelete called by workers>base @gkaissisCaught ForceObjectDelete called by workers>base @gkaissisCaught ForceObjectDelete called by workers>base @gkaissisCaught ForceObjectDelete called by workers>base @gkaissisCaught ForceObjectDelete called by workers>base @gkaissisCaught ForceObjectDelete called by workers>base @gkaissisCaught ForceObjectDelete called by workers>base @gkaissisCaught ForceObjectDelete called by workers>base @gkaissisCaught ForceObjectDelete called by workers>base @gkaissisCaught ForceObjectDelete called by workers>base @gkaissisCaught ForceObjectDelete called by workers>base @gkaissisCaught ForceObjectDelete called by workers>base @gkaissisCaught ForceObjectDelete called by workers>base @gkaissisCaught ForceObjectDelete called by workers>base @gkaissisCaught ForceObjectDelete called by workers>base @gkaissisCaught ForceObjectDelete called by workers>base @gkaissisCaught ForceObjectDelete called by workers>base @gkaissisCaught ForceObjectDelete called by workers>base @gkaissisCaught ForceObjectDelete called by workers>base @gkaissisCaught ForceObjectDelete called by workers>base @gkaissisCaught ForceObjectDelete called by workers>base @gkaissisCaught ForceObjectDelete called by workers>base @gkaissisCaught ForceObjectDelete called by workers>base @gkaissisCaught ForceObjectDelete called by workers>base @gkaissisCaught ForceObjectDelete called by workers>base @gkaissisCaught ForceObjectDelete called by workers>base @gkaissisCaught ForceObjectDelete called by workers>base @gkaissisCaught ForceObjectDelete called by workers>base @gkaissisCaught ForceObjectDelete called by workers>base @gkaissisCaught ForceObjectDelete called by workers>base @gkaissisCaught ForceObjectDelete called by workers>base @gkaissisCaught ForceObjectDelete called by workers>base @gkaissisCaught ForceObjectDelete called by workers>base @gkaissisCaught ForceObjectDelete called by workers>base @gkaissisCaught ForceObjectDelete called by workers>base @gkaissisCaught ForceObjectDelete called by workers>base @gkaissisCaught ForceObjectDelete called by workers>base @gkaissisCaught ForceObjectDelete called by workers>base @gkaissisCaught ForceObjectDelete called by workers>base @gkaissisCaught ForceObjectDelete called by workers>base @gkaissisCaught ForceObjectDelete called by workers>base @gkaissisCaught ForceObjectDelete called by workers>base @gkaissisCaught ForceObjectDelete called by workers>base @gkaissisCaught ForceObjectDelete called by workers>base @gkaissisCaught ForceObjectDelete called by workers>base @gkaissisCaught ForceObjectDelete called by workers>base @gkaissisCaught ForceObjectDelete called by workers>base @gkaissisCaught ForceObjectDelete called by workers>base @gkaissisCaught ForceObjectDelete called by workers>base @gkaissisCaught ForceObjectDelete called by workers>base @gkaissisCaught ForceObjectDelete called by workers>base @gkaissisCaught ForceObjectDelete called by workers>base @gkaissisCaught ForceObjectDelete called by workers>base @gkaissisCaught ForceObjectDelete called by workers>base @gkaissisCaught ForceObjectDelete called by workers>base @gkaissisCaught ForceObjectDelete called by workers>base @gkaissisCaught ForceObjectDelete called by workers>base @gkaissisCaught ForceObjectDelete called by workers>base @gkaissisCaught ForceObjectDelete called by workers>base @gkaissisCaught ForceObjectDelete called by workers>base @gkaissisCaught ForceObjectDelete called by workers>base @gkaissisCaught ForceObjectDelete called by workers>base @gkaissisCaught ForceObjectDelete called by workers>base @gkaissisCaught ForceObjectDelete called by workers>base @gkaissisCaught ForceObjectDelete called by workers>base @gkaissisCaught ForceObjectDelete called by workers>base @gkaissisCaught ForceObjectDelete called by workers>base @gkaissisCaught ForceObjectDelete called by workers>base @gkaissisCaught ForceObjectDelete called by workers>base @gkaissisCaught ForceObjectDelete called by workers>base @gkaissisCaught ForceObjectDelete called by workers>base @gkaissisCaught ForceObjectDelete called by workers>base @gkaissisCaught ForceObjectDelete called by workers>base @gkaissisCaught ForceObjectDelete called by workers>base @gkaissisCaught ForceObjectDelete called by workers>base @gkaissisCaught ForceObjectDelete called by workers>base @gkaissisCaught ForceObjectDelete called by workers>base @gkaissisCaught ForceObjectDelete called by workers>base @gkaissisCaught ForceObjectDelete called by workers>base @gkaissisCaught ForceObjectDelete called by workers>base @gkaissisCaught ForceObjectDelete called by workers>base @gkaissisCaught ForceObjectDelete called by workers>base @gkaissisCaught ForceObjectDelete called by workers>base @gkaissisCaught ForceObjectDelete called by workers>base @gkaissisCaught ForceObjectDelete called by workers>base @gkaissisCaught ForceObjectDelete called by workers>base @gkaissisCaught ForceObjectDelete called by workers>base @gkaissisCaught ForceObjectDelete called by workers>base @gkaissisCaught ForceObjectDelete called by workers>base @gkaissisCaught ForceObjectDelete called by workers>base @gkaissisCaught ForceObjectDelete called by workers>base @gkaissisCaught ForceObjectDelete called by workers>base @gkaissisCaught ForceObjectDelete called by workers>base @gkaissisCaught ForceObjectDelete called by workers>base @gkaissisCaught ForceObjectDelete called by workers>base @gkaissisCaught ForceObjectDelete called by workers>base @gkaissisCaught ForceObjectDelete called by workers>base @gkaissisCaught ForceObjectDelete called by workers>base @gkaissisCaught ForceObjectDelete called by workers>base @gkaissisCaught ForceObjectDelete called by workers>base @gkaissisCaught ForceObjectDelete called by workers>base @gkaissisCaught ForceObjectDelete called by workers>base @gkaissisCaught ForceObjectDelete called by workers>base @gkaissisCaught ForceObjectDelete called by workers>base @gkaissisCaught ForceObjectDelete called by workers>base @gkaissisCaught ForceObjectDelete called by workers>base @gkaissisCaught ForceObjectDelete called by workers>base @gkaissisCaught ForceObjectDelete called by workers>base @gkaissisCaught ForceObjectDelete called by workers>base @gkaissisCaught ForceObjectDelete called by workers>base @gkaissisCaught ForceObjectDelete called by workers>base @gkaissisCaught ForceObjectDelete called by workers>base @gkaissisCaught ForceObjectDelete called by workers>base @gkaissisCaught ForceObjectDelete called by workers>base @gkaissisCaught ForceObjectDelete called by workers>base @gkaissisCaught ForceObjectDelete called by workers>base @gkaissisCaught ForceObjectDelete called by workers>base @gkaissisCaught ForceObjectDelete called by workers>base @gkaissisCaught ForceObjectDelete called by workers>base @gkaissisCaught ForceObjectDelete called by workers>base @gkaissisCaught ForceObjectDelete called by workers>base @gkaissisCaught ForceObjectDelete called by workers>base @gkaissisCaught ForceObjectDelete called by workers>base @gkaissisCaught ForceObjectDelete called by workers>base @gkaissisCaught ForceObjectDelete called by workers>base @gkaissisCaught ForceObjectDelete called by workers>base @gkaissisCaught ForceObjectDelete called by workers>base @gkaissisCaught ForceObjectDelete called by workers>base @gkaissisCaught ForceObjectDelete called by workers>base @gkaissisCaught ForceObjectDelete called by workers>base @gkaissisCaught ForceObjectDelete called by workers>base @gkaissisCaught ForceObjectDelete called by workers>base @gkaissisCaught ForceObjectDelete called by workers>base @gkaissisCaught ForceObjectDelete called by workers>base @gkaissisCaught ForceObjectDelete called by workers>base @gkaissisCaught ForceObjectDelete called by workers>base @gkaissisCaught ForceObjectDelete called by workers>base @gkaissisCaught ForceObjectDelete called by workers>base @gkaissisCaught ForceObjectDelete called by workers>base @gkaissisCaught ForceObjectDelete called by workers>base @gkaissisCaught ForceObjectDelete called by workers>base @gkaissisCaught ForceObjectDelete called by workers>base @gkaissisCaught ForceObjectDelete called by workers>base @gkaissisCaught ForceObjectDelete called by workers>base @gkaissisCaught ForceObjectDelete called by workers>base @gkaissisCaught ForceObjectDelete called by workers>base @gkaissisCaught ForceObjectDelete called by workers>base @gkaissisCaught ForceObjectDelete called by workers>base @gkaissisCaught ForceObjectDelete called by workers>base @gkaissisCaught ForceObjectDelete called by workers>base @gkaissisCaught ForceObjectDelete called by workers>base @gkaissisCaught ForceObjectDelete called by workers>base @gkaissisCaught ForceObjectDelete called by workers>base @gkaissisCaught ForceObjectDelete called by workers>base @gkaissisCaught ForceObjectDelete called by workers>base @gkaissisCaught ForceObjectDelete called by workers>base @gkaissisCaught ForceObjectDelete called by workers>base @gkaissisCaught ForceObjectDelete called by workers>base @gkaissisCaught ForceObjectDelete called by workers>base @gkaissisCaught ForceObjectDelete called by workers>base @gkaissisCaught ForceObjectDelete called by workers>base @gkaissisCaught ForceObjectDelete called by workers>base @gkaissisCaught ForceObjectDelete called by workers>base @gkaissisCaught ForceObjectDelete called by workers>base @gkaissisCaught ForceObjectDelete called by workers>base @gkaissisCaught ForceObjectDelete called by workers>base @gkaissisCaught ForceObjectDelete called by workers>base @gkaissisCaught ForceObjectDelete called by workers>base @gkaissisCaught ForceObjectDelete called by workers>base @gkaissisCaught ForceObjectDelete called by workers>base @gkaissisCaught ForceObjectDelete called by workers>base @gkaissisCaught ForceObjectDelete called by workers>base @gkaissisCaught ForceObjectDelete called by workers>base @gkaissisCaught ForceObjectDelete called by workers>base @gkaissisCaught ForceObjectDelete called by workers>base @gkaissisCaught ForceObjectDelete called by workers>base @gkaissisCaught ForceObjectDelete called by workers>base @gkaissisCaught ForceObjectDelete called by workers>base @gkaissisCaught ForceObjectDelete called by workers>base @gkaissisCaught ForceObjectDelete called by workers>base @gkaissisCaught ForceObjectDelete called by workers>base @gkaissisCaught ForceObjectDelete called by workers>base @gkaissisCaught ForceObjectDelete called by workers>base @gkaissisCaught ForceObjectDelete called by workers>base @gkaissisCaught ForceObjectDelete called by workers>base @gkaissisCaught ForceObjectDelete called by workers>base @gkaissisCaught ForceObjectDelete called by workers>base @gkaissisCaught ForceObjectDelete called by workers>base @gkaissisCaught ForceObjectDelete called by workers>base @gkaissisCaught ForceObjectDelete called by workers>base @gkaissisCaught ForceObjectDelete called by workers>base @gkaissisCaught ForceObjectDelete called by workers>base @gkaissisCaught ForceObjectDelete called by workers>base @gkaissisCaught ForceObjectDelete called by workers>base @gkaissisCaught ForceObjectDelete called by workers>base @gkaissisCaught ForceObjectDelete called by workers>base @gkaissisCaught ForceObjectDelete called by workers>base @gkaissisCaught ForceObjectDelete called by workers>base @gkaissisCaught ForceObjectDelete called by workers>base @gkaissisCaught ForceObjectDelete called by workers>base @gkaissisCaught ForceObjectDelete called by workers>base @gkaissisCaught ForceObjectDelete called by workers>base @gkaissisCaught ForceObjectDelete called by workers>base @gkaissisCaught ForceObjectDelete called by workers>base @gkaissisCaught ForceObjectDelete called by workers>base @gkaissisCaught ForceObjectDelete called by workers>base @gkaissisCaught ForceObjectDelete called by workers>base @gkaissisCaught ForceObjectDelete called by workers>base @gkaissisCaught ForceObjectDelete called by workers>base @gkaissisCaught ForceObjectDelete called by workers>base @gkaissisCaught ForceObjectDelete called by workers>base @gkaissisCaught ForceObjectDelete called by workers>base @gkaissisCaught ForceObjectDelete called by workers>base @gkaissisCaught ForceObjectDelete called by workers>base @gkaissisCaught ForceObjectDelete called by workers>base @gkaissisCaught ForceObjectDelete called by workers>base @gkaissisCaught ForceObjectDelete called by workers>base @gkaissisCaught ForceObjectDelete called by workers>base @gkaissisCaught ForceObjectDelete called by workers>base @gkaissisCaught ForceObjectDelete called by workers>base @gkaissisCaught ForceObjectDelete called by workers>base @gkaissisCaught ForceObjectDelete called by workers>base @gkaissisCaught ForceObjectDelete called by workers>base @gkaissisCaught ForceObjectDelete called by workers>base @gkaissisCaught ForceObjectDelete called by workers>base @gkaissisCaught ForceObjectDelete called by workers>base @gkaissisCaught ForceObjectDelete called by workers>base @gkaissisCaught ForceObjectDelete called by workers>base @gkaissisCaught ForceObjectDelete called by workers>base @gkaissisCaught ForceObjectDelete called by workers>base @gkaissisCaught ForceObjectDelete called by workers>base @gkaissisCaught ForceObjectDelete called by workers>base @gkaissisCaught ForceObjectDelete called by workers>base @gkaissisCaught ForceObjectDelete called by workers>base @gkaissisCaught ForceObjectDelete called by workers>base @gkaissisCaught ForceObjectDelete called by workers>base @gkaissisCaught ForceObjectDelete called by workers>base @gkaissisCaught ForceObjectDelete called by workers>base @gkaissisCaught ForceObjectDelete called by workers>base @gkaissisCaught ForceObjectDelete called by workers>base @gkaissisCaught ForceObjectDelete called by workers>base @gkaissisCaught ForceObjectDelete called by workers>base @gkaissisCaught ForceObjectDelete called by workers>base @gkaissisCaught ForceObjectDelete called by workers>base @gkaissisCaught ForceObjectDelete called by workers>base @gkaissisCaught ForceObjectDelete called by workers>base @gkaissisCaught ForceObjectDelete called by workers>base @gkaissisCaught ForceObjectDelete called by workers>base @gkaissisCaught ForceObjectDelete called by workers>base @gkaissisCaught ForceObjectDelete called by workers>base @gkaissisCaught ForceObjectDelete called by workers>base @gkaissisCaught ForceObjectDelete called by workers>base @gkaissisCaught ForceObjectDelete called by workers>base @gkaissisCaught ForceObjectDelete called by workers>base @gkaissisCaught ForceObjectDelete called by workers>base @gkaissisCaught ForceObjectDelete called by workers>base @gkaissisCaught ForceObjectDelete called by workers>base @gkaissisCaught ForceObjectDelete called by workers>base @gkaissisCaught ForceObjectDelete called by workers>base @gkaissisCaught ForceObjectDelete called by workers>base @gkaissisCaught ForceObjectDelete called by workers>base @gkaissisCaught ForceObjectDelete called by workers>base @gkaissisCaught ForceObjectDelete called by workers>base @gkaissisCaught ForceObjectDelete called by workers>base @gkaissisCaught ForceObjectDelete called by workers>base @gkaissisCaught ForceObjectDelete called by workers>base @gkaissisCaught ForceObjectDelete called by workers>base @gkaissisCaught ForceObjectDelete called by workers>base @gkaissisCaught ForceObjectDelete called by workers>base @gkaissisCaught ForceObjectDelete called by workers>base @gkaissisCaught ForceObjectDelete called by workers>base @gkaissisCaught ForceObjectDelete called by workers>base @gkaissisCaught ForceObjectDelete called by workers>base @gkaissisCaught ForceObjectDelete called by workers>base @gkaissisCaught ForceObjectDelete called by workers>base @gkaissisCaught ForceObjectDelete called by workers>base @gkaissisCaught ForceObjectDelete called by workers>base @gkaissisCaught ForceObjectDelete called by workers>base @gkaissisCaught ForceObjectDelete called by workers>base @gkaissisCaught ForceObjectDelete called by workers>base @gkaissisCaught ForceObjectDelete called by workers>base @gkaissisCaught ForceObjectDelete called by workers>base @gkaissisCaught ForceObjectDelete called by workers>base @gkaissisCaught ForceObjectDelete called by workers>base @gkaissisCaught ForceObjectDelete called by workers>base @gkaissisCaught ForceObjectDelete called by workers>base @gkaissisCaught ForceObjectDelete called by workers>base @gkaissisCaught ForceObjectDelete called by workers>base @gkaissisCaught ForceObjectDelete called by workers>base @gkaissisCaught ForceObjectDelete called by workers>base @gkaissisCaught ForceObjectDelete called by workers>base @gkaissisCaught ForceObjectDelete called by workers>base @gkaissisCaught ForceObjectDelete called by workers>base @gkaissisCaught ForceObjectDelete called by workers>base @gkaissisCaught ForceObjectDelete called by workers>base @gkaissisCaught ForceObjectDelete called by workers>base @gkaissisCaught ForceObjectDelete called by workers>base @gkaissisCaught ForceObjectDelete called by workers>base @gkaissisCaught ForceObjectDelete called by workers>base @gkaissisCaught ForceObjectDelete called by workers>base @gkaissisCaught ForceObjectDelete called by workers>base @gkaissisCaught ForceObjectDelete called by workers>base @gkaissisCaught ForceObjectDelete called by workers>base @gkaissisCaught ForceObjectDelete called by workers>base @gkaissisCaught ForceObjectDelete called by workers>base @gkaissisCaught ForceObjectDelete called by workers>base @gkaissisCaught ForceObjectDelete called by workers>base @gkaissisCaught ForceObjectDelete called by workers>base @gkaissisCaught ForceObjectDelete called by workers>base @gkaissisCaught ForceObjectDelete called by workers>base @gkaissisCaught ForceObjectDelete called by workers>base @gkaissisCaught ForceObjectDelete called by workers>base @gkaissisCaught ForceObjectDelete called by workers>base @gkaissisCaught ForceObjectDelete called by workers>base @gkaissisCaught ForceObjectDelete called by workers>base @gkaissisCaught ForceObjectDelete called by workers>base @gkaissisCaught ForceObjectDelete called by workers>base @gkaissisCaught ForceObjectDelete called by workers>base @gkaissisCaught ForceObjectDelete called by workers>base @gkaissisCaught ForceObjectDelete called by workers>base @gkaissisCaught ForceObjectDelete called by workers>base @gkaissisCaught ForceObjectDelete called by workers>base @gkaissisCaught ForceObjectDelete called by workers>base @gkaissisCaught ForceObjectDelete called by workers>base @gkaissisCaught ForceObjectDelete called by workers>base @gkaissisCaught ForceObjectDelete called by workers>base @gkaissisCaught ForceObjectDelete called by workers>base @gkaissisCaught ForceObjectDelete called by workers>base @gkaissisCaught ForceObjectDelete called by workers>base @gkaissisCaught ForceObjectDelete called by workers>base @gkaissisCaught ForceObjectDelete called by workers>base @gkaissisCaught ForceObjectDelete called by workers>base @gkaissisCaught ForceObjectDelete called by workers>base @gkaissisCaught ForceObjectDelete called by workers>base @gkaissisCaught ForceObjectDelete called by workers>base @gkaissisCaught ForceObjectDelete called by workers>base @gkaissisCaught ForceObjectDelete called by workers>base @gkaissisCaught ForceObjectDelete called by workers>base @gkaissisCaught ForceObjectDelete called by workers>base @gkaissisCaught ForceObjectDelete called by workers>base @gkaissisCaught ForceObjectDelete called by workers>base @gkaissisCaught ForceObjectDelete called by workers>base @gkaissisCaught ForceObjectDelete called by workers>base @gkaissisCaught ForceObjectDelete called by workers>base @gkaissisCaught ForceObjectDelete called by workers>base @gkaissisCaught ForceObjectDelete called by workers>base @gkaissisCaught ForceObjectDelete called by workers>base @gkaissisCaught ForceObjectDelete called by workers>base @gkaissisCaught ForceObjectDelete called by workers>base @gkaissisCaught ForceObjectDelete called by workers>base @gkaissisCaught ForceObjectDelete called by workers>base @gkaissisCaught ForceObjectDelete called by workers>base @gkaissisCaught ForceObjectDelete called by workers>base @gkaissisCaught ForceObjectDelete called by workers>base @gkaissisCaught ForceObjectDelete called by workers>base @gkaissisCaught ForceObjectDelete called by workers>base @gkaissisCaught ForceObjectDelete called by workers>base @gkaissisCaught ForceObjectDelete called by workers>base @gkaissisCaught ForceObjectDelete called by workers>base @gkaissisCaught ForceObjectDelete called by workers>base @gkaissisCaught ForceObjectDelete called by workers>base @gkaissisCaught ForceObjectDelete called by workers>base @gkaissisCaught ForceObjectDelete called by workers>base @gkaissisCaught ForceObjectDelete called by workers>base @gkaissisCaught ForceObjectDelete called by workers>base @gkaissisCaught ForceObjectDelete called by workers>base @gkaissisCaught ForceObjectDelete called by workers>base @gkaissisCaught ForceObjectDelete called by workers>base @gkaissisCaught ForceObjectDelete called by workers>base @gkaissisCaught ForceObjectDelete called by workers>base @gkaissisCaught ForceObjectDelete called by workers>base @gkaissisCaught ForceObjectDelete called by workers>base @gkaissisCaught ForceObjectDelete called by workers>base @gkaissisCaught ForceObjectDelete called by workers>base @gkaissisCaught ForceObjectDelete called by workers>base @gkaissisCaught ForceObjectDelete called by workers>base @gkaissisCaught ForceObjectDelete called by workers>base @gkaissisCaught ForceObjectDelete called by workers>base @gkaissisCaught ForceObjectDelete called by workers>base @gkaissisCaught ForceObjectDelete called by workers>base @gkaissisCaught ForceObjectDelete called by workers>base @gkaissisCaught ForceObjectDelete called by workers>base @gkaissisCaught ForceObjectDelete called by workers>base @gkaissisCaught ForceObjectDelete called by workers>base @gkaissisCaught ForceObjectDelete called by workers>base @gkaissisCaught ForceObjectDelete called by workers>base @gkaissisCaught ForceObjectDelete called by workers>base @gkaissisCaught ForceObjectDelete called by workers>base @gkaissisCaught ForceObjectDelete called by workers>base @gkaissisCaught ForceObjectDelete called by workers>base @gkaissisCaught ForceObjectDelete called by workers>base @gkaissisCaught ForceObjectDelete called by workers>base @gkaissisCaught ForceObjectDelete called by workers>base @gkaissisCaught ForceObjectDelete called by workers>base @gkaissisCaught ForceObjectDelete called by workers>base @gkaissisCaught ForceObjectDelete called by workers>base @gkaissisCaught ForceObjectDelete called by workers>base @gkaissisCaught ForceObjectDelete called by workers>base @gkaissisCaught ForceObjectDelete called by workers>base @gkaissisCaught ForceObjectDelete called by workers>base @gkaissisCaught ForceObjectDelete called by workers>base @gkaissisCaught ForceObjectDelete called by workers>base @gkaissisCaught ForceObjectDelete called by workers>base @gkaissisCaught ForceObjectDelete called by workers>base @gkaissisCaught ForceObjectDelete called by workers>base @gkaissisCaught ForceObjectDelete called by workers>base @gkaissisCaught ForceObjectDelete called by workers>base @gkaissisCaught ForceObjectDelete called by workers>base @gkaissisCaught ForceObjectDelete called by workers>base @gkaissisCaught ForceObjectDelete called by workers>base @gkaissisCaught ForceObjectDelete called by workers>base @gkaissisCaught ForceObjectDelete called by workers>base @gkaissisCaught ForceObjectDelete called by workers>base @gkaissisCaught ForceObjectDelete called by workers>base @gkaissisCaught ForceObjectDelete called by workers>base @gkaissisCaught ForceObjectDelete called by workers>base @gkaissisCaught ForceObjectDelete called by workers>base @gkaissisCaught ForceObjectDelete called by workers>base @gkaissisCaught ForceObjectDelete called by workers>base @gkaissisCaught ForceObjectDelete called by workers>base @gkaissisCaught ForceObjectDelete called by workers>base @gkaissisCaught ForceObjectDelete called by workers>base @gkaissisCaught ForceObjectDelete called by workers>base @gkaissisCaught ForceObjectDelete called by workers>base @gkaissisCaught ForceObjectDelete called by workers>base @gkaissisCaught ForceObjectDelete called by workers>base @gkaissisCaught ForceObjectDelete called by workers>base @gkaissisCaught ForceObjectDelete called by workers>base @gkaissisCaught ForceObjectDelete called by workers>base @gkaissisCaught ForceObjectDelete called by workers>base @gkaissisCaught ForceObjectDelete called by workers>base @gkaissisCaught ForceObjectDelete called by workers>base @gkaissisCaught ForceObjectDelete called by workers>base @gkaissisCaught ForceObjectDelete called by workers>base @gkaissisCaught ForceObjectDelete called by workers>base @gkaissisCaught ForceObjectDelete called by workers>base @gkaissisCaught ForceObjectDelete called by workers>base @gkaissisCaught ForceObjectDelete called by workers>base @gkaissisCaught ForceObjectDelete called by workers>base @gkaissisCaught ForceObjectDelete called by workers>base @gkaissisCaught ForceObjectDelete called by workers>base @gkaissisCaught ForceObjectDelete called by workers>base @gkaissisCaught ForceObjectDelete called by workers>base @gkaissisCaught ForceObjectDelete called by workers>base @gkaissisCaught ForceObjectDelete called by workers>base @gkaissisCaught ForceObjectDelete called by workers>base @gkaissisCaught ForceObjectDelete called by workers>base @gkaissisCaught ForceObjectDelete called by workers>base @gkaissisCaught ForceObjectDelete called by workers>base @gkaissisCaught ForceObjectDelete called by workers>base @gkaissisCaught ForceObjectDelete called by workers>base @gkaissisCaught ForceObjectDelete called by workers>base @gkaissisCaught ForceObjectDelete called by workers>base @gkaissisCaught ForceObjectDelete called by workers>base @gkaissisCaught ForceObjectDelete called by workers>base @gkaissisCaught ForceObjectDelete called by workers>base @gkaissisCaught ForceObjectDelete called by workers>base @gkaissisCaught ForceObjectDelete called by workers>base @gkaissisCaught ForceObjectDelete called by workers>base @gkaissisCaught ForceObjectDelete called by workers>base @gkaissisCaught ForceObjectDelete called by workers>base @gkaissisCaught ForceObjectDelete called by workers>base @gkaissisCaught ForceObjectDelete called by workers>base @gkaissisCaught ForceObjectDelete called by workers>base @gkaissisCaught ForceObjectDelete called by workers>base @gkaissisCaught ForceObjectDelete called by workers>base @gkaissisCaught ForceObjectDelete called by workers>base @gkaissisCaught ForceObjectDelete called by workers>base @gkaissisCaught ForceObjectDelete called by workers>base @gkaissisCaught ForceObjectDelete called by workers>base @gkaissisCaught ForceObjectDelete called by workers>base @gkaissisCaught ForceObjectDelete called by workers>base @gkaissisCaught ForceObjectDelete called by workers>base @gkaissisCaught ForceObjectDelete called by workers>base @gkaissisCaught ForceObjectDelete called by workers>base @gkaissisCaught ForceObjectDelete called by workers>base @gkaissisCaught ForceObjectDelete called by workers>base @gkaissisCaught ForceObjectDelete called by workers>base @gkaissisCaught ForceObjectDelete called by workers>base @gkaissisCaught ForceObjectDelete called by workers>base @gkaissisCaught ForceObjectDelete called by workers>base @gkaissisde_register_obj called by generic>pointers>object_pointer @gkaissis
Train batch 0:  67%|██████▋   | 2/3 [00:04<00:02,  2.18s/it]Caught ForceObjectDelete called by workers>base @gkaissisCaught ForceObjectDelete called by workers>base @gkaissisCaught ForceObjectDelete called by workers>base @gkaissisCaught ForceObjectDelete called by workers>base @gkaissisCaught ForceObjectDelete called by workers>base @gkaissisCaught ForceObjectDelete called by workers>base @gkaissisCaught ForceObjectDelete called by workers>base @gkaissisCaught ForceObjectDelete called by workers>base @gkaissisCaught ForceObjectDelete called by workers>base @gkaissisCaught ForceObjectDelete called by workers>base @gkaissisCaught ForceObjectDelete called by workers>base @gkaissisCaught ForceObjectDelete called by workers>base @gkaissisCaught ForceObjectDelete called by workers>base @gkaissisCaught ForceObjectDelete called by workers>base @gkaissisCaught ForceObjectDelete called by workers>base @gkaissisCaught ForceObjectDelete called by workers>base @gkaissisCaught ForceObjectDelete called by workers>base @gkaissisCaught ForceObjectDelete called by workers>base @gkaissisCaught ForceObjectDelete called by workers>base @gkaissisCaught ForceObjectDelete called by workers>base @gkaissisCaught ForceObjectDelete called by workers>base @gkaissisCaught ForceObjectDelete called by workers>base @gkaissisCaught ForceObjectDelete called by workers>base @gkaissisCaught ForceObjectDelete called by workers>base @gkaissisCaught ForceObjectDelete called by workers>base @gkaissisCaught ForceObjectDelete called by workers>base @gkaissisCaught ForceObjectDelete called by workers>base @gkaissisCaught ForceObjectDelete called by workers>base @gkaissisCaught ForceObjectDelete called by workers>base @gkaissisCaught ForceObjectDelete called by workers>base @gkaissisCaught ForceObjectDelete called by workers>base @gkaissisCaught ForceObjectDelete called by workers>base @gkaissisCaught ForceObjectDelete called by workers>base @gkaissisCaught ForceObjectDelete called by workers>base @gkaissisCaught ForceObjectDelete called by workers>base @gkaissisCaught ForceObjectDelete called by workers>base @gkaissisCaught ForceObjectDelete called by workers>base @gkaissisCaught ForceObjectDelete called by workers>base @gkaissisCaught ForceObjectDelete called by workers>base @gkaissisCaught ForceObjectDelete called by workers>base @gkaissisCaught ForceObjectDelete called by workers>base @gkaissisCaught ForceObjectDelete called by workers>base @gkaissisCaught ForceObjectDelete called by workers>base @gkaissisCaught ForceObjectDelete called by workers>base @gkaissisCaught ForceObjectDelete called by workers>base @gkaissisCaught ForceObjectDelete called by workers>base @gkaissisCaught ForceObjectDelete called by workers>base @gkaissisCaught ForceObjectDelete called by workers>base @gkaissisCaught ForceObjectDelete called by workers>base @gkaissisCaught ForceObjectDelete called by workers>base @gkaissisCaught ForceObjectDelete called by workers>base @gkaissisCaught ForceObjectDelete called by workers>base @gkaissisCaught ForceObjectDelete called by workers>base @gkaissisCaught ForceObjectDelete called by workers>base @gkaissisCaught ForceObjectDelete called by workers>base @gkaissisCaught ForceObjectDelete called by workers>base @gkaissisCaught ForceObjectDelete called by workers>base @gkaissisCaught ForceObjectDelete called by workers>base @gkaissisCaught ForceObjectDelete called by workers>base @gkaissisCaught ForceObjectDelete called by workers>base @gkaissisCaught ForceObjectDelete called by workers>base @gkaissisCaught ForceObjectDelete called by workers>base @gkaissisCaught ForceObjectDelete called by workers>base @gkaissisCaught ForceObjectDelete called by workers>base @gkaissisCaught ForceObjectDelete called by workers>base @gkaissisCaught ForceObjectDelete called by workers>base @gkaissisCaught ForceObjectDelete called by workers>base @gkaissisCaught ForceObjectDelete called by workers>base @gkaissisCaught ForceObjectDelete called by workers>base @gkaissisCaught ForceObjectDelete called by workers>base @gkaissisCaught ForceObjectDelete called by workers>base @gkaissisCaught ForceObjectDelete called by workers>base @gkaissisCaught ForceObjectDelete called by workers>base @gkaissisCaught ForceObjectDelete called by workers>base @gkaissisCaught ForceObjectDelete called by workers>base @gkaissisCaught ForceObjectDelete called by workers>base @gkaissisCaught ForceObjectDelete called by workers>base @gkaissisCaught ForceObjectDelete called by workers>base @gkaissisCaught ForceObjectDelete called by workers>base @gkaissisCaught ForceObjectDelete called by workers>base @gkaissisCaught ForceObjectDelete called by workers>base @gkaissisCaught ForceObjectDelete called by workers>base @gkaissisCaught ForceObjectDelete called by workers>base @gkaissisCaught ForceObjectDelete called by workers>base @gkaissisCaught ForceObjectDelete called by workers>base @gkaissisCaught ForceObjectDelete called by workers>base @gkaissisCaught ForceObjectDelete called by workers>base @gkaissisCaught ForceObjectDelete called by workers>base @gkaissisCaught ForceObjectDelete called by workers>base @gkaissisCaught ForceObjectDelete called by workers>base @gkaissisCaught ForceObjectDelete called by workers>base @gkaissisCaught ForceObjectDelete called by workers>base @gkaissisCaught ForceObjectDelete called by workers>base @gkaissisCaught ForceObjectDelete called by workers>base @gkaissisCaught ForceObjectDelete called by workers>base @gkaissisCaught ForceObjectDelete called by workers>base @gkaissisCaught ForceObjectDelete called by workers>base @gkaissisCaught ForceObjectDelete called by workers>base @gkaissisCaught ForceObjectDelete called by workers>base @gkaissisCaught ForceObjectDelete called by workers>base @gkaissisCaught ForceObjectDelete called by workers>base @gkaissisCaught ForceObjectDelete called by workers>base @gkaissisCaught ForceObjectDelete called by workers>base @gkaissisCaught ForceObjectDelete called by workers>base @gkaissisCaught ForceObjectDelete called by workers>base @gkaissisCaught ForceObjectDelete called by workers>base @gkaissisCaught ForceObjectDelete called by workers>base @gkaissisCaught ForceObjectDelete called by workers>base @gkaissisCaught ForceObjectDelete called by workers>base @gkaissisCaught ForceObjectDelete called by workers>base @gkaissisCaught ForceObjectDelete called by workers>base @gkaissisCaught ForceObjectDelete called by workers>base @gkaissisCaught ForceObjectDelete called by workers>base @gkaissisCaught ForceObjectDelete called by workers>base @gkaissisCaught ForceObjectDelete called by workers>base @gkaissisCaught ForceObjectDelete called by workers>base @gkaissisCaught ForceObjectDelete called by workers>base @gkaissisCaught ForceObjectDelete called by workers>base @gkaissisCaught ForceObjectDelete called by workers>base @gkaissisCaught ForceObjectDelete called by workers>base @gkaissisCaught ForceObjectDelete called by workers>base @gkaissisCaught ForceObjectDelete called by workers>base @gkaissisCaught ForceObjectDelete called by workers>base @gkaissisCaught ForceObjectDelete called by workers>base @gkaissisCaught ForceObjectDelete called by workers>base @gkaissisCaught ForceObjectDelete called by workers>base @gkaissisCaught ForceObjectDelete called by workers>base @gkaissisCaught ForceObjectDelete called by workers>base @gkaissisCaught ForceObjectDelete called by workers>base @gkaissisCaught ForceObjectDelete called by workers>base @gkaissisCaught ForceObjectDelete called by workers>base @gkaissisCaught ForceObjectDelete called by workers>base @gkaissisCaught ForceObjectDelete called by workers>base @gkaissisCaught ForceObjectDelete called by workers>base @gkaissisCaught ForceObjectDelete called by workers>base @gkaissisCaught ForceObjectDelete called by workers>base @gkaissisCaught ForceObjectDelete called by workers>base @gkaissisCaught ForceObjectDelete called by workers>base @gkaissisCaught ForceObjectDelete called by workers>base @gkaissisCaught ForceObjectDelete called by workers>base @gkaissisCaught ForceObjectDelete called by workers>base @gkaissisCaught ForceObjectDelete called by workers>base @gkaissisCaught ForceObjectDelete called by workers>base @gkaissisCaught ForceObjectDelete called by workers>base @gkaissisCaught ForceObjectDelete called by workers>base @gkaissisCaught ForceObjectDelete called by workers>base @gkaissisCaught ForceObjectDelete called by workers>base @gkaissisCaught ForceObjectDelete called by workers>base @gkaissisCaught ForceObjectDelete called by workers>base @gkaissisCaught ForceObjectDelete called by workers>base @gkaissisCaught ForceObjectDelete called by workers>base @gkaissisCaught ForceObjectDelete called by workers>base @gkaissisCaught ForceObjectDelete called by workers>base @gkaissisCaught ForceObjectDelete called by workers>base @gkaissisCaught ForceObjectDelete called by workers>base @gkaissisCaught ForceObjectDelete called by workers>base @gkaissisCaught ForceObjectDelete called by workers>base @gkaissisCaught ForceObjectDelete called by workers>base @gkaissisCaught ForceObjectDelete called by workers>base @gkaissisCaught ForceObjectDelete called by workers>base @gkaissisCaught ForceObjectDelete called by workers>base @gkaissisCaught ForceObjectDelete called by workers>base @gkaissisCaught ForceObjectDelete called by workers>base @gkaissisCaught ForceObjectDelete called by workers>base @gkaissisCaught ForceObjectDelete called by workers>base @gkaissisCaught ForceObjectDelete called by workers>base @gkaissisCaught ForceObjectDelete called by workers>base @gkaissisCaught ForceObjectDelete called by workers>base @gkaissisCaught ForceObjectDelete called by workers>base @gkaissisCaught ForceObjectDelete called by workers>base @gkaissisCaught ForceObjectDelete called by workers>base @gkaissisCaught ForceObjectDelete called by workers>base @gkaissisCaught ForceObjectDelete called by workers>base @gkaissisCaught ForceObjectDelete called by workers>base @gkaissisCaught ForceObjectDelete called by workers>base @gkaissisCaught ForceObjectDelete called by workers>base @gkaissisCaught ForceObjectDelete called by workers>base @gkaissisCaught ForceObjectDelete called by workers>base @gkaissisCaught ForceObjectDelete called by workers>base @gkaissisCaught ForceObjectDelete called by workers>base @gkaissisCaught ForceObjectDelete called by workers>base @gkaissisCaught ForceObjectDelete called by workers>base @gkaissisCaught ForceObjectDelete called by workers>base @gkaissisCaught ForceObjectDelete called by workers>base @gkaissisCaught ForceObjectDelete called by workers>base @gkaissisCaught ForceObjectDelete called by workers>base @gkaissisCaught ForceObjectDelete called by workers>base @gkaissisCaught ForceObjectDelete called by workers>base @gkaissisCaught ForceObjectDelete called by workers>base @gkaissisCaught ForceObjectDelete called by workers>base @gkaissisCaught ForceObjectDelete called by workers>base @gkaissisCaught ForceObjectDelete called by workers>base @gkaissisCaught ForceObjectDelete called by workers>base @gkaissisCaught ForceObjectDelete called by workers>base @gkaissisCaught ForceObjectDelete called by workers>base @gkaissisCaught ForceObjectDelete called by workers>base @gkaissisCaught ForceObjectDelete called by workers>base @gkaissisCaught ForceObjectDelete called by workers>base @gkaissisCaught ForceObjectDelete called by workers>base @gkaissisCaught ForceObjectDelete called by workers>base @gkaissisCaught ForceObjectDelete called by workers>base @gkaissisCaught ForceObjectDelete called by workers>base @gkaissisCaught ForceObjectDelete called by workers>base @gkaissisCaught ForceObjectDelete called by workers>base @gkaissisCaught ForceObjectDelete called by workers>base @gkaissisCaught ForceObjectDelete called by workers>base @gkaissisCaught ForceObjectDelete called by workers>base @gkaissisCaught ForceObjectDelete called by workers>base @gkaissisCaught ForceObjectDelete called by workers>base @gkaissisCaught ForceObjectDelete called by workers>base @gkaissisCaught ForceObjectDelete called by workers>base @gkaissisCaught ForceObjectDelete called by workers>base @gkaissisCaught ForceObjectDelete called by workers>base @gkaissisCaught ForceObjectDelete called by workers>base @gkaissisCaught ForceObjectDelete called by workers>base @gkaissisCaught ForceObjectDelete called by workers>base @gkaissisCaught ForceObjectDelete called by workers>base @gkaissisCaught ForceObjectDelete called by workers>base @gkaissisCaught ForceObjectDelete called by workers>base @gkaissisCaught ForceObjectDelete called by workers>base @gkaissisCaught ForceObjectDelete called by workers>base @gkaissisCaught ForceObjectDelete called by workers>base @gkaissisCaught ForceObjectDelete called by workers>base @gkaissisCaught ForceObjectDelete called by workers>base @gkaissisCaught ForceObjectDelete called by workers>base @gkaissisCaught ForceObjectDelete called by workers>base @gkaissisCaught ForceObjectDelete called by workers>base @gkaissisCaught ForceObjectDelete called by workers>base @gkaissisCaught ForceObjectDelete called by workers>base @gkaissisCaught ForceObjectDelete called by workers>base @gkaissisCaught ForceObjectDelete called by workers>base @gkaissisCaught ForceObjectDelete called by workers>base @gkaissisCaught ForceObjectDelete called by workers>base @gkaissisCaught ForceObjectDelete called by workers>base @gkaissisCaught ForceObjectDelete called by workers>base @gkaissisCaught ForceObjectDelete called by workers>base @gkaissisCaught ForceObjectDelete called by workers>base @gkaissisCaught ForceObjectDelete called by workers>base @gkaissisCaught ForceObjectDelete called by workers>base @gkaissisCaught ForceObjectDelete called by workers>base @gkaissisCaught ForceObjectDelete called by workers>base @gkaissisCaught ForceObjectDelete called by workers>base @gkaissisCaught ForceObjectDelete called by workers>base @gkaissisCaught ForceObjectDelete called by workers>base @gkaissisCaught ForceObjectDelete called by workers>base @gkaissisCaught ForceObjectDelete called by workers>base @gkaissisCaught ForceObjectDelete called by workers>base @gkaissisCaught ForceObjectDelete called by workers>base @gkaissisCaught ForceObjectDelete called by workers>base @gkaissisCaught ForceObjectDelete called by workers>base @gkaissisCaught ForceObjectDelete called by workers>base @gkaissisCaught ForceObjectDelete called by workers>base @gkaissisCaught ForceObjectDelete called by workers>base @gkaissisCaught ForceObjectDelete called by workers>base @gkaissisCaught ForceObjectDelete called by workers>base @gkaissisCaught ForceObjectDelete called by workers>base @gkaissisCaught ForceObjectDelete called by workers>base @gkaissisCaught ForceObjectDelete called by workers>base @gkaissisCaught ForceObjectDelete called by workers>base @gkaissisCaught ForceObjectDelete called by workers>base @gkaissisCaught ForceObjectDelete called by workers>base @gkaissisCaught ForceObjectDelete called by workers>base @gkaissisCaught ForceObjectDelete called by workers>base @gkaissisCaught ForceObjectDelete called by workers>base @gkaissisCaught ForceObjectDelete called by workers>base @gkaissisCaught ForceObjectDelete called by workers>base @gkaissisCaught ForceObjectDelete called by workers>base @gkaissisCaught ForceObjectDelete called by workers>base @gkaissisCaught ForceObjectDelete called by workers>base @gkaissisCaught ForceObjectDelete called by workers>base @gkaissisCaught ForceObjectDelete called by workers>base @gkaissisCaught ForceObjectDelete called by workers>base @gkaissisCaught ForceObjectDelete called by workers>base @gkaissisCaught ForceObjectDelete called by workers>base @gkaissisCaught ForceObjectDelete called by workers>base @gkaissisCaught ForceObjectDelete called by workers>base @gkaissisCaught ForceObjectDelete called by workers>base @gkaissisCaught ForceObjectDelete called by workers>base @gkaissisCaught ForceObjectDelete called by workers>base @gkaissisCaught ForceObjectDelete called by workers>base @gkaissisCaught ForceObjectDelete called by workers>base @gkaissisCaught ForceObjectDelete called by workers>base @gkaissisCaught ForceObjectDelete called by workers>base @gkaissisCaught ForceObjectDelete called by workers>base @gkaissisCaught ForceObjectDelete called by workers>base @gkaissisCaught ForceObjectDelete called by workers>base @gkaissisCaught ForceObjectDelete called by workers>base @gkaissisCaught ForceObjectDelete called by workers>base @gkaissisCaught ForceObjectDelete called by workers>base @gkaissisCaught ForceObjectDelete called by workers>base @gkaissisCaught ForceObjectDelete called by workers>base @gkaissisCaught ForceObjectDelete called by workers>base @gkaissisCaught ForceObjectDelete called by workers>base @gkaissisCaught ForceObjectDelete called by workers>base @gkaissisCaught ForceObjectDelete called by workers>base @gkaissisCaught ForceObjectDelete called by workers>base @gkaissisCaught ForceObjectDelete called by workers>base @gkaissisCaught ForceObjectDelete called by workers>base @gkaissisCaught ForceObjectDelete called by workers>base @gkaissisCaught ForceObjectDelete called by workers>base @gkaissisCaught ForceObjectDelete called by workers>base @gkaissisCaught ForceObjectDelete called by workers>base @gkaissisCaught ForceObjectDelete called by workers>base @gkaissisCaught ForceObjectDelete called by workers>base @gkaissisCaught ForceObjectDelete called by workers>base @gkaissisCaught ForceObjectDelete called by workers>base @gkaissisCaught ForceObjectDelete called by workers>base @gkaissisCaught ForceObjectDelete called by workers>base @gkaissisCaught ForceObjectDelete called by workers>base @gkaissisCaught ForceObjectDelete called by workers>base @gkaissisCaught ForceObjectDelete called by workers>base @gkaissisCaught ForceObjectDelete called by workers>base @gkaissisCaught ForceObjectDelete called by workers>base @gkaissisCaught ForceObjectDelete called by workers>base @gkaissisCaught ForceObjectDelete called by workers>base @gkaissisCaught ForceObjectDelete called by workers>base @gkaissisCaught ForceObjectDelete called by workers>base @gkaissisCaught ForceObjectDelete called by workers>base @gkaissisCaught ForceObjectDelete called by workers>base @gkaissisCaught ForceObjectDelete called by workers>base @gkaissisCaught ForceObjectDelete called by workers>base @gkaissisCaught ForceObjectDelete called by workers>base @gkaissisCaught ForceObjectDelete called by workers>base @gkaissisCaught ForceObjectDelete called by workers>base @gkaissisCaught ForceObjectDelete called by workers>base @gkaissisCaught ForceObjectDelete called by workers>base @gkaissisCaught ForceObjectDelete called by workers>base @gkaissisCaught ForceObjectDelete called by workers>base @gkaissisCaught ForceObjectDelete called by workers>base @gkaissisCaught ForceObjectDelete called by workers>base @gkaissisCaught ForceObjectDelete called by workers>base @gkaissisCaught ForceObjectDelete called by workers>base @gkaissisCaught ForceObjectDelete called by workers>base @gkaissisCaught ForceObjectDelete called by workers>base @gkaissisCaught ForceObjectDelete called by workers>base @gkaissisCaught ForceObjectDelete called by workers>base @gkaissisCaught ForceObjectDelete called by workers>base @gkaissisCaught ForceObjectDelete called by workers>base @gkaissisCaught ForceObjectDelete called by workers>base @gkaissisCaught ForceObjectDelete called by workers>base @gkaissisCaught ForceObjectDelete called by workers>base @gkaissisCaught ForceObjectDelete called by workers>base @gkaissisCaught ForceObjectDelete called by workers>base @gkaissisCaught ForceObjectDelete called by workers>base @gkaissisCaught ForceObjectDelete called by workers>base @gkaissisCaught ForceObjectDelete called by workers>base @gkaissisCaught ForceObjectDelete called by workers>base @gkaissisCaught ForceObjectDelete called by workers>base @gkaissisCaught ForceObjectDelete called by workers>base @gkaissisCaught ForceObjectDelete called by workers>base @gkaissisCaught ForceObjectDelete called by workers>base @gkaissisCaught ForceObjectDelete called by workers>base @gkaissisCaught ForceObjectDelete called by workers>base @gkaissisCaught ForceObjectDelete called by workers>base @gkaissisCaught ForceObjectDelete called by workers>base @gkaissisCaught ForceObjectDelete called by workers>base @gkaissisCaught ForceObjectDelete called by workers>base @gkaissisCaught ForceObjectDelete called by workers>base @gkaissisCaught ForceObjectDelete called by workers>base @gkaissisCaught ForceObjectDelete called by workers>base @gkaissisCaught ForceObjectDelete called by workers>base @gkaissisCaught ForceObjectDelete called by workers>base @gkaissisCaught ForceObjectDelete called by workers>base @gkaissisCaught ForceObjectDelete called by workers>base @gkaissisCaught ForceObjectDelete called by workers>base @gkaissisCaught ForceObjectDelete called by workers>base @gkaissisCaught ForceObjectDelete called by workers>base @gkaissisCaught ForceObjectDelete called by workers>base @gkaissisCaught ForceObjectDelete called by workers>base @gkaissisCaught ForceObjectDelete called by workers>base @gkaissisCaught ForceObjectDelete called by workers>base @gkaissisCaught ForceObjectDelete called by workers>base @gkaissisCaught ForceObjectDelete called by workers>base @gkaissisCaught ForceObjectDelete called by workers>base @gkaissisCaught ForceObjectDelete called by workers>base @gkaissisCaught ForceObjectDelete called by workers>base @gkaissisCaught ForceObjectDelete called by workers>base @gkaissisCaught ForceObjectDelete called by workers>base @gkaissisCaught ForceObjectDelete called by workers>base @gkaissisCaught ForceObjectDelete called by workers>base @gkaissisCaught ForceObjectDelete called by workers>base @gkaissisCaught ForceObjectDelete called by workers>base @gkaissisCaught ForceObjectDelete called by workers>base @gkaissisCaught ForceObjectDelete called by workers>base @gkaissisCaught ForceObjectDelete called by workers>base @gkaissisCaught ForceObjectDelete called by workers>base @gkaissisCaught ForceObjectDelete called by workers>base @gkaissisCaught ForceObjectDelete called by workers>base @gkaissisCaught ForceObjectDelete called by workers>base @gkaissisCaught ForceObjectDelete called by workers>base @gkaissisCaught ForceObjectDelete called by workers>base @gkaissisCaught ForceObjectDelete called by workers>base @gkaissisCaught ForceObjectDelete called by workers>base @gkaissisCaught ForceObjectDelete called by workers>base @gkaissisCaught ForceObjectDelete called by workers>base @gkaissisCaught ForceObjectDelete called by workers>base @gkaissisCaught ForceObjectDelete called by workers>base @gkaissisCaught ForceObjectDelete called by workers>base @gkaissisCaught ForceObjectDelete called by workers>base @gkaissisCaught ForceObjectDelete called by workers>base @gkaissisCaught ForceObjectDelete called by workers>base @gkaissisCaught ForceObjectDelete called by workers>base @gkaissisCaught ForceObjectDelete called by workers>base @gkaissisCaught ForceObjectDelete called by workers>base @gkaissisCaught ForceObjectDelete called by workers>base @gkaissisCaught ForceObjectDelete called by workers>base @gkaissisCaught ForceObjectDelete called by workers>base @gkaissisCaught ForceObjectDelete called by workers>base @gkaissisCaught ForceObjectDelete called by workers>base @gkaissisCaught ForceObjectDelete called by workers>base @gkaissisCaught ForceObjectDelete called by workers>base @gkaissisCaught ForceObjectDelete called by workers>base @gkaissisCaught ForceObjectDelete called by workers>base @gkaissisCaught ForceObjectDelete called by workers>base @gkaissisCaught ForceObjectDelete called by workers>base @gkaissisCaught ForceObjectDelete called by workers>base @gkaissisCaught ForceObjectDelete called by workers>base @gkaissisCaught ForceObjectDelete called by workers>base @gkaissisCaught ForceObjectDelete called by workers>base @gkaissisCaught ForceObjectDelete called by workers>base @gkaissisCaught ForceObjectDelete called by workers>base @gkaissisCaught ForceObjectDelete called by workers>base @gkaissisCaught ForceObjectDelete called by workers>base @gkaissisCaught ForceObjectDelete called by workers>base @gkaissisCaught ForceObjectDelete called by workers>base @gkaissisCaught ForceObjectDelete called by workers>base @gkaissisCaught ForceObjectDelete called by workers>base @gkaissisCaught ForceObjectDelete called by workers>base @gkaissisCaught ForceObjectDelete called by workers>base @gkaissisCaught ForceObjectDelete called by workers>base @gkaissisCaught ForceObjectDelete called by workers>base @gkaissisCaught ForceObjectDelete called by workers>base @gkaissisCaught ForceObjectDelete called by workers>base @gkaissisCaught ForceObjectDelete called by workers>base @gkaissisCaught ForceObjectDelete called by workers>base @gkaissisCaught ForceObjectDelete called by workers>base @gkaissisCaught ForceObjectDelete called by workers>base @gkaissisCaught ForceObjectDelete called by workers>base @gkaissisCaught ForceObjectDelete called by workers>base @gkaissisCaught ForceObjectDelete called by workers>base @gkaissisCaught ForceObjectDelete called by workers>base @gkaissisCaught ForceObjectDelete called by workers>base @gkaissisCaught ForceObjectDelete called by workers>base @gkaissisCaught ForceObjectDelete called by workers>base @gkaissisCaught ForceObjectDelete called by workers>base @gkaissisCaught ForceObjectDelete called by workers>base @gkaissisCaught ForceObjectDelete called by workers>base @gkaissisCaught ForceObjectDelete called by workers>base @gkaissisCaught ForceObjectDelete called by workers>base @gkaissisCaught ForceObjectDelete called by workers>base @gkaissisCaught ForceObjectDelete called by workers>base @gkaissisCaught ForceObjectDelete called by workers>base @gkaissisCaught ForceObjectDelete called by workers>base @gkaissisCaught ForceObjectDelete called by workers>base @gkaissisCaught ForceObjectDelete called by workers>base @gkaissisCaught ForceObjectDelete called by workers>base @gkaissisCaught ForceObjectDelete called by workers>base @gkaissisCaught ForceObjectDelete called by workers>base @gkaissisCaught ForceObjectDelete called by workers>base @gkaissisCaught ForceObjectDelete called by workers>base @gkaissisCaught ForceObjectDelete called by workers>base @gkaissisCaught ForceObjectDelete called by workers>base @gkaissisCaught ForceObjectDelete called by workers>base @gkaissisCaught ForceObjectDelete called by workers>base @gkaissisCaught ForceObjectDelete called by workers>base @gkaissisCaught ForceObjectDelete called by workers>base @gkaissisCaught ForceObjectDelete called by workers>base @gkaissisCaught ForceObjectDelete called by workers>base @gkaissisCaught ForceObjectDelete called by workers>base @gkaissisCaught ForceObjectDelete called by workers>base @gkaissisCaught ForceObjectDelete called by workers>base @gkaissisCaught ForceObjectDelete called by workers>base @gkaissisCaught ForceObjectDelete called by workers>base @gkaissisCaught ForceObjectDelete called by workers>base @gkaissisCaught ForceObjectDelete called by workers>base @gkaissisCaught ForceObjectDelete called by workers>base @gkaissisCaught ForceObjectDelete called by workers>base @gkaissisCaught ForceObjectDelete called by workers>base @gkaissisCaught ForceObjectDelete called by workers>base @gkaissisCaught ForceObjectDelete called by workers>base @gkaissisCaught ForceObjectDelete called by workers>base @gkaissisCaught ForceObjectDelete called by workers>base @gkaissisCaught ForceObjectDelete called by workers>base @gkaissisCaught ForceObjectDelete called by workers>base @gkaissisCaught ForceObjectDelete called by workers>base @gkaissisCaught ForceObjectDelete called by workers>base @gkaissisCaught ForceObjectDelete called by workers>base @gkaissisCaught ForceObjectDelete called by workers>base @gkaissisCaught ForceObjectDelete called by workers>base @gkaissisCaught ForceObjectDelete called by workers>base @gkaissisCaught ForceObjectDelete called by workers>base @gkaissisCaught ForceObjectDelete called by workers>base @gkaissisCaught ForceObjectDelete called by workers>base @gkaissisCaught ForceObjectDelete called by workers>base @gkaissisCaught ForceObjectDelete called by workers>base @gkaissisCaught ForceObjectDelete called by workers>base @gkaissisCaught ForceObjectDelete called by workers>base @gkaissisCaught ForceObjectDelete called by workers>base @gkaissisCaught ForceObjectDelete called by workers>base @gkaissisCaught ForceObjectDelete called by workers>base @gkaissisCaught ForceObjectDelete called by workers>base @gkaissisCaught ForceObjectDelete called by workers>base @gkaissisCaught ForceObjectDelete called by workers>base @gkaissisCaught ForceObjectDelete called by workers>base @gkaissisCaught ForceObjectDelete called by workers>base @gkaissisCaught ForceObjectDelete called by workers>base @gkaissisCaught ForceObjectDelete called by workers>base @gkaissisCaught ForceObjectDelete called by workers>base @gkaissisCaught ForceObjectDelete called by workers>base @gkaissisCaught ForceObjectDelete called by workers>base @gkaissisCaught ForceObjectDelete called by workers>base @gkaissisCaught ForceObjectDelete called by workers>base @gkaissisCaught ForceObjectDelete called by workers>base @gkaissisCaught ForceObjectDelete called by workers>base @gkaissisCaught ForceObjectDelete called by workers>base @gkaissisCaught ForceObjectDelete called by workers>base @gkaissisCaught ForceObjectDelete called by workers>base @gkaissisCaught ForceObjectDelete called by workers>base @gkaissisCaught ForceObjectDelete called by workers>base @gkaissisCaught ForceObjectDelete called by workers>base @gkaissisCaught ForceObjectDelete called by workers>base @gkaissisCaught ForceObjectDelete called by workers>base @gkaissisCaught ForceObjectDelete called by workers>base @gkaissisCaught ForceObjectDelete called by workers>base @gkaissisCaught ForceObjectDelete called by workers>base @gkaissisCaught ForceObjectDelete called by workers>base @gkaissisCaught ForceObjectDelete called by workers>base @gkaissisCaught ForceObjectDelete called by workers>base @gkaissisCaught ForceObjectDelete called by workers>base @gkaissisCaught ForceObjectDelete called by workers>base @gkaissisCaught ForceObjectDelete called by workers>base @gkaissisCaught ForceObjectDelete called by workers>base @gkaissisCaught ForceObjectDelete called by workers>base @gkaissisCaught ForceObjectDelete called by workers>base @gkaissisCaught ForceObjectDelete called by workers>base @gkaissisCaught ForceObjectDelete called by workers>base @gkaissisCaught ForceObjectDelete called by workers>base @gkaissisCaught ForceObjectDelete called by workers>base @gkaissisCaught ForceObjectDelete called by workers>base @gkaissisCaught ForceObjectDelete called by workers>base @gkaissisCaught ForceObjectDelete called by workers>base @gkaissisCaught ForceObjectDelete called by workers>base @gkaissisCaught ForceObjectDelete called by workers>base @gkaissisCaught ForceObjectDelete called by workers>base @gkaissisCaught ForceObjectDelete called by workers>base @gkaissisCaught ForceObjectDelete called by workers>base @gkaissisCaught ForceObjectDelete called by workers>base @gkaissisCaught ForceObjectDelete called by workers>base @gkaissisCaught ForceObjectDelete called by workers>base @gkaissisCaught ForceObjectDelete called by workers>base @gkaissisCaught ForceObjectDelete called by workers>base @gkaissisCaught ForceObjectDelete called by workers>base @gkaissisCaught ForceObjectDelete called by workers>base @gkaissisCaught ForceObjectDelete called by workers>base @gkaissisCaught ForceObjectDelete called by workers>base @gkaissisCaught ForceObjectDelete called by workers>base @gkaissisCaught ForceObjectDelete called by workers>base @gkaissisCaught ForceObjectDelete called by workers>base @gkaissisCaught ForceObjectDelete called by workers>base @gkaissisCaught ForceObjectDelete called by workers>base @gkaissisCaught ForceObjectDelete called by workers>base @gkaissisCaught ForceObjectDelete called by workers>base @gkaissisCaught ForceObjectDelete called by workers>base @gkaissisCaught ForceObjectDelete called by workers>base @gkaissisCaught ForceObjectDelete called by workers>base @gkaissisCaught ForceObjectDelete called by workers>base @gkaissisCaught ForceObjectDelete called by workers>base @gkaissisCaught ForceObjectDelete called by workers>base @gkaissisCaught ForceObjectDelete called by workers>base @gkaissisCaught ForceObjectDelete called by workers>base @gkaissisCaught ForceObjectDelete called by workers>base @gkaissisCaught ForceObjectDelete called by workers>base @gkaissisCaught ForceObjectDelete called by workers>base @gkaissisCaught ForceObjectDelete called by workers>base @gkaissisCaught ForceObjectDelete called by workers>base @gkaissisCaught ForceObjectDelete called by workers>base @gkaissisCaught ForceObjectDelete called by workers>base @gkaissisCaught ForceObjectDelete called by workers>base @gkaissisCaught ForceObjectDelete called by workers>base @gkaissisCaught ForceObjectDelete called by workers>base @gkaissisCaught ForceObjectDelete called by workers>base @gkaissisCaught ForceObjectDelete called by workers>base @gkaissisCaught ForceObjectDelete called by workers>base @gkaissisCaught ForceObjectDelete called by workers>base @gkaissisCaught ForceObjectDelete called by workers>base @gkaissisCaught ForceObjectDelete called by workers>base @gkaissisCaught ForceObjectDelete called by workers>base @gkaissisCaught ForceObjectDelete called by workers>base @gkaissisCaught ForceObjectDelete called by workers>base @gkaissisCaught ForceObjectDelete called by workers>base @gkaissisCaught ForceObjectDelete called by workers>base @gkaissisCaught ForceObjectDelete called by workers>base @gkaissisCaught ForceObjectDelete called by workers>base @gkaissisCaught ForceObjectDelete called by workers>base @gkaissisCaught ForceObjectDelete called by workers>base @gkaissisCaught ForceObjectDelete called by workers>base @gkaissisCaught ForceObjectDelete called by workers>base @gkaissisCaught ForceObjectDelete called by workers>base @gkaissisCaught ForceObjectDelete called by workers>base @gkaissisCaught ForceObjectDelete called by workers>base @gkaissisCaught ForceObjectDelete called by workers>base @gkaissisCaught ForceObjectDelete called by workers>base @gkaissisCaught ForceObjectDelete called by workers>base @gkaissisCaught ForceObjectDelete called by workers>base @gkaissisCaught ForceObjectDelete called by workers>base @gkaissisCaught ForceObjectDelete called by workers>base @gkaissisCaught ForceObjectDelete called by workers>base @gkaissisCaught ForceObjectDelete called by workers>base @gkaissisCaught ForceObjectDelete called by workers>base @gkaissisCaught ForceObjectDelete called by workers>base @gkaissisCaught ForceObjectDelete called by workers>base @gkaissisCaught ForceObjectDelete called by workers>base @gkaissisCaught ForceObjectDelete called by workers>base @gkaissisCaught ForceObjectDelete called by workers>base @gkaissisCaught ForceObjectDelete called by workers>base @gkaissisCaught ForceObjectDelete called by workers>base @gkaissisCaught ForceObjectDelete called by workers>base @gkaissisCaught ForceObjectDelete called by workers>base @gkaissisCaught ForceObjectDelete called by workers>base @gkaissisCaught ForceObjectDelete called by workers>base @gkaissisCaught ForceObjectDelete called by workers>base @gkaissisCaught ForceObjectDelete called by workers>base @gkaissisCaught ForceObjectDelete called by workers>base @gkaissisCaught ForceObjectDelete called by workers>base @gkaissisCaught ForceObjectDelete called by workers>base @gkaissisCaught ForceObjectDelete called by workers>base @gkaissisCaught ForceObjectDelete called by workers>base @gkaissisCaught ForceObjectDelete called by workers>base @gkaissisCaught ForceObjectDelete called by workers>base @gkaissisCaught ForceObjectDelete called by workers>base @gkaissisCaught ForceObjectDelete called by workers>base @gkaissisCaught ForceObjectDelete called by workers>base @gkaissisCaught ForceObjectDelete called by workers>base @gkaissisCaught ForceObjectDelete called by workers>base @gkaissisCaught ForceObjectDelete called by workers>base @gkaissisCaught ForceObjectDelete called by workers>base @gkaissisCaught ForceObjectDelete called by workers>base @gkaissisCaught ForceObjectDelete called by workers>base @gkaissisCaught ForceObjectDelete called by workers>base @gkaissisCaught ForceObjectDelete called by workers>base @gkaissisCaught ForceObjectDelete called by workers>base @gkaissisCaught ForceObjectDelete called by workers>base @gkaissisCaught ForceObjectDelete called by workers>base @gkaissisCaught ForceObjectDelete called by workers>base @gkaissisCaught ForceObjectDelete called by workers>base @gkaissisCaught ForceObjectDelete called by workers>base @gkaissisCaught ForceObjectDelete called by workers>base @gkaissisCaught ForceObjectDelete called by workers>base @gkaissisCaught ForceObjectDelete called by workers>base @gkaissisCaught ForceObjectDelete called by workers>base @gkaissisCaught ForceObjectDelete called by workers>base @gkaissisCaught ForceObjectDelete called by workers>base @gkaissisCaught ForceObjectDelete called by workers>base @gkaissisCaught ForceObjectDelete called by workers>base @gkaissisCaught ForceObjectDelete called by workers>base @gkaissisCaught ForceObjectDelete called by workers>base @gkaissisCaught ForceObjectDelete called by workers>base @gkaissisCaught ForceObjectDelete called by workers>base @gkaissisCaught ForceObjectDelete called by workers>base @gkaissisCaught ForceObjectDelete called by workers>base @gkaissisCaught ForceObjectDelete called by workers>base @gkaissisCaught ForceObjectDelete called by workers>base @gkaissisCaught ForceObjectDelete called by workers>base @gkaissisCaught ForceObjectDelete called by workers>base @gkaissisCaught ForceObjectDelete called by workers>base @gkaissisCaught ForceObjectDelete called by workers>base @gkaissisCaught ForceObjectDelete called by workers>base @gkaissisCaught ForceObjectDelete called by workers>base @gkaissisCaught ForceObjectDelete called by workers>base @gkaissisCaught ForceObjectDelete called by workers>base @gkaissisCaught ForceObjectDelete called by workers>base @gkaissisCaught ForceObjectDelete called by workers>base @gkaissisCaught ForceObjectDelete called by workers>base @gkaissisCaught ForceObjectDelete called by workers>base @gkaissisCaught ForceObjectDelete called by workers>base @gkaissisCaught ForceObjectDelete called by workers>base @gkaissisCaught ForceObjectDelete called by workers>base @gkaissisCaught ForceObjectDelete called by workers>base @gkaissisCaught ForceObjectDelete called by workers>base @gkaissisCaught ForceObjectDelete called by workers>base @gkaissisCaught ForceObjectDelete called by workers>base @gkaissisCaught ForceObjectDelete called by workers>base @gkaissisCaught ForceObjectDelete called by workers>base @gkaissisCaught ForceObjectDelete called by workers>base @gkaissisCaught ForceObjectDelete called by workers>base @gkaissisCaught ForceObjectDelete called by workers>base @gkaissisCaught ForceObjectDelete called by workers>base @gkaissisCaught ForceObjectDelete called by workers>base @gkaissisCaught ForceObjectDelete called by workers>base @gkaissisCaught ForceObjectDelete called by workers>base @gkaissisCaught ForceObjectDelete called by workers>base @gkaissisCaught ForceObjectDelete called by workers>base @gkaissisCaught ForceObjectDelete called by workers>base @gkaissisCaught ForceObjectDelete called by workers>base @gkaissisCaught ForceObjectDelete called by workers>base @gkaissisCaught ForceObjectDelete called by workers>base @gkaissisCaught ForceObjectDelete called by workers>base @gkaissisCaught ForceObjectDelete called by workers>base @gkaissisCaught ForceObjectDelete called by workers>base @gkaissisCaught ForceObjectDelete called by workers>base @gkaissisCaught ForceObjectDelete called by workers>base @gkaissisCaught ForceObjectDelete called by workers>base @gkaissisCaught ForceObjectDelete called by workers>base @gkaissisCaught ForceObjectDelete called by workers>base @gkaissisCaught ForceObjectDelete called by workers>base @gkaissisCaught ForceObjectDelete called by workers>base @gkaissisCaught ForceObjectDelete called by workers>base @gkaissisCaught ForceObjectDelete called by workers>base @gkaissisCaught ForceObjectDelete called by workers>base @gkaissisCaught ForceObjectDelete called by workers>base @gkaissisCaught ForceObjectDelete called by workers>base @gkaissisCaught ForceObjectDelete called by workers>base @gkaissisCaught ForceObjectDelete called by workers>base @gkaissisCaught ForceObjectDelete called by workers>base @gkaissisCaught ForceObjectDelete called by workers>base @gkaissisCaught ForceObjectDelete called by workers>base @gkaissisCaught ForceObjectDelete called by workers>base @gkaissisCaught ForceObjectDelete called by workers>base @gkaissisCaught ForceObjectDelete called by workers>base @gkaissisCaught ForceObjectDelete called by workers>base @gkaissisCaught ForceObjectDelete called by workers>base @gkaissisCaught ForceObjectDelete called by workers>base @gkaissisCaught ForceObjectDelete called by workers>base @gkaissisCaught ForceObjectDelete called by workers>base @gkaissisCaught ForceObjectDelete called by workers>base @gkaissisCaught ForceObjectDelete called by workers>base @gkaissisCaught ForceObjectDelete called by workers>base @gkaissisCaught ForceObjectDelete called by workers>base @gkaissisCaught ForceObjectDelete called by workers>base @gkaissisCaught ForceObjectDelete called by workers>base @gkaissisCaught ForceObjectDelete called by workers>base @gkaissisCaught ForceObjectDelete called by workers>base @gkaissisCaught ForceObjectDelete called by workers>base @gkaissisCaught ForceObjectDelete called by workers>base @gkaissisCaught ForceObjectDelete called by workers>base @gkaissisCaught ForceObjectDelete called by workers>base @gkaissisCaught ForceObjectDelete called by workers>base @gkaissisCaught ForceObjectDelete called by workers>base @gkaissisCaught ForceObjectDelete called by workers>base @gkaissisCaught ForceObjectDelete called by workers>base @gkaissisCaught ForceObjectDelete called by workers>base @gkaissisCaught ForceObjectDelete called by workers>base @gkaissisCaught ForceObjectDelete called by workers>base @gkaissisCaught ForceObjectDelete called by workers>base @gkaissisCaught ForceObjectDelete called by workers>base @gkaissisCaught ForceObjectDelete called by workers>base @gkaissisCaught ForceObjectDelete called by workers>base @gkaissisCaught ForceObjectDelete called by workers>base @gkaissisCaught ForceObjectDelete called by workers>base @gkaissisCaught ForceObjectDelete called by workers>base @gkaissisCaught ForceObjectDelete called by workers>base @gkaissisCaught ForceObjectDelete called by workers>base @gkaissisCaught ForceObjectDelete called by workers>base @gkaissisCaught ForceObjectDelete called by workers>base @gkaissisCaught ForceObjectDelete called by workers>base @gkaissisCaught ForceObjectDelete called by workers>base @gkaissisCaught ForceObjectDelete called by workers>base @gkaissisCaught ForceObjectDelete called by workers>base @gkaissisCaught ForceObjectDelete called by workers>base @gkaissisCaught ForceObjectDelete called by workers>base @gkaissisCaught ForceObjectDelete called by workers>base @gkaissisCaught ForceObjectDelete called by workers>base @gkaissisCaught ForceObjectDelete called by workers>base @gkaissisCaught ForceObjectDelete called by workers>base @gkaissisCaught ForceObjectDelete called by workers>base @gkaissisCaught ForceObjectDelete called by workers>base @gkaissisCaught ForceObjectDelete called by workers>base @gkaissisCaught ForceObjectDelete called by workers>base @gkaissisCaught ForceObjectDelete called by workers>base @gkaissisCaught ForceObjectDelete called by workers>base @gkaissisCaught ForceObjectDelete called by workers>base @gkaissisCaught ForceObjectDelete called by workers>base @gkaissisCaught ForceObjectDelete called by workers>base @gkaissisCaught ForceObjectDelete called by workers>base @gkaissisCaught ForceObjectDelete called by workers>base @gkaissisCaught ForceObjectDelete called by workers>base @gkaissisCaught ForceObjectDelete called by workers>base @gkaissisCaught ForceObjectDelete called by workers>base @gkaissisCaught ForceObjectDelete called by workers>base @gkaissisCaught ForceObjectDelete called by workers>base @gkaissisCaught ForceObjectDelete called by workers>base @gkaissisCaught ForceObjectDelete called by workers>base @gkaissisCaught ForceObjectDelete called by workers>base @gkaissisCaught ForceObjectDelete called by workers>base @gkaissisCaught ForceObjectDelete called by workers>base @gkaissisCaught ForceObjectDelete called by workers>base @gkaissisCaught ForceObjectDelete called by workers>base @gkaissisCaught ForceObjectDelete called by workers>base @gkaissisCaught ForceObjectDelete called by workers>base @gkaissisCaught ForceObjectDelete called by workers>base @gkaissisCaught ForceObjectDelete called by workers>base @gkaissisCaught ForceObjectDelete called by workers>base @gkaissisCaught ForceObjectDelete called by workers>base @gkaissisCaught ForceObjectDelete called by workers>base @gkaissisCaught ForceObjectDelete called by workers>base @gkaissisCaught ForceObjectDelete called by workers>base @gkaissisCaught ForceObjectDelete called by workers>base @gkaissisCaught ForceObjectDelete called by workers>base @gkaissisCaught ForceObjectDelete called by workers>base @gkaissisCaught ForceObjectDelete called by workers>base @gkaissisCaught ForceObjectDelete called by workers>base @gkaissisCaught ForceObjectDelete called by workers>base @gkaissisCaught ForceObjectDelete called by workers>base @gkaissisCaught ForceObjectDelete called by workers>base @gkaissisCaught ForceObjectDelete called by workers>base @gkaissisCaught ForceObjectDelete called by workers>base @gkaissisCaught ForceObjectDelete called by workers>base @gkaissisCaught ForceObjectDelete called by workers>base @gkaissisCaught ForceObjectDelete called by workers>base @gkaissisCaught ForceObjectDelete called by workers>base @gkaissisCaught ForceObjectDelete called by workers>base @gkaissisCaught ForceObjectDelete called by workers>base @gkaissisCaught ForceObjectDelete called by workers>base @gkaissisCaught ForceObjectDelete called by workers>base @gkaissisCaught ForceObjectDelete called by workers>base @gkaissisCaught ForceObjectDelete called by workers>base @gkaissisCaught ForceObjectDelete called by workers>base @gkaissisCaught ForceObjectDelete called by workers>base @gkaissisCaught ForceObjectDelete called by workers>base @gkaissisCaught ForceObjectDelete called by workers>base @gkaissisCaught ForceObjectDelete called by workers>base @gkaissisCaught ForceObjectDelete called by workers>base @gkaissisCaught ForceObjectDelete called by workers>base @gkaissisCaught ForceObjectDelete called by workers>base @gkaissisCaught ForceObjectDelete called by workers>base @gkaissisCaught ForceObjectDelete called by workers>base @gkaissisCaught ForceObjectDelete called by workers>base @gkaissisCaught ForceObjectDelete called by workers>base @gkaissisCaught ForceObjectDelete called by workers>base @gkaissisCaught ForceObjectDelete called by workers>base @gkaissisCaught ForceObjectDelete called by workers>base @gkaissisCaught ForceObjectDelete called by workers>base @gkaissisCaught ForceObjectDelete called by workers>base @gkaissisCaught ForceObjectDelete called by workers>base @gkaissisCaught ForceObjectDelete called by workers>base @gkaissisCaught ForceObjectDelete called by workers>base @gkaissisCaught ForceObjectDelete called by workers>base @gkaissisCaught ForceObjectDelete called by workers>base @gkaissisCaught ForceObjectDelete called by workers>base @gkaissisCaught ForceObjectDelete called by workers>base @gkaissisCaught ForceObjectDelete called by workers>base @gkaissisCaught ForceObjectDelete called by workers>base @gkaissisCaught ForceObjectDelete called by workers>base @gkaissisCaught ForceObjectDelete called by workers>base @gkaissisCaught ForceObjectDelete called by workers>base @gkaissisCaught ForceObjectDelete called by workers>base @gkaissisCaught ForceObjectDelete called by workers>base @gkaissisCaught ForceObjectDelete called by workers>base @gkaissisCaught ForceObjectDelete called by workers>base @gkaissisCaught ForceObjectDelete called by workers>base @gkaissisCaught ForceObjectDelete called by workers>base @gkaissisCaught ForceObjectDelete called by workers>base @gkaissisCaught ForceObjectDelete called by workers>base @gkaissisCaught ForceObjectDelete called by workers>base @gkaissisCaught ForceObjectDelete called by workers>base @gkaissisCaught ForceObjectDelete called by workers>base @gkaissisCaught ForceObjectDelete called by workers>base @gkaissisCaught ForceObjectDelete called by workers>base @gkaissisCaught ForceObjectDelete called by workers>base @gkaissisCaught ForceObjectDelete called by workers>base @gkaissisCaught ForceObjectDelete called by workers>base @gkaissisCaught ForceObjectDelete called by workers>base @gkaissisCaught ForceObjectDelete called by workers>base @gkaissisCaught ForceObjectDelete called by workers>base @gkaissisCaught ForceObjectDelete called by workers>base @gkaissisCaught ForceObjectDelete called by workers>base @gkaissisCaught ForceObjectDelete called by workers>base @gkaissisCaught ForceObjectDelete called by workers>base @gkaissisCaught ForceObjectDelete called by workers>base @gkaissisCaught ForceObjectDelete called by workers>base @gkaissisCaught ForceObjectDelete called by workers>base @gkaissisCaught ForceObjectDelete called by workers>base @gkaissisCaught ForceObjectDelete called by workers>base @gkaissisCaught ForceObjectDelete called by workers>base @gkaissisCaught ForceObjectDelete called by workers>base @gkaissisCaught ForceObjectDelete called by workers>base @gkaissisCaught ForceObjectDelete called by workers>base @gkaissisCaught ForceObjectDelete called by workers>base @gkaissisCaught ForceObjectDelete called by workers>base @gkaissisCaught ForceObjectDelete called by workers>base @gkaissisCaught ForceObjectDelete called by workers>base @gkaissisCaught ForceObjectDelete called by workers>base @gkaissisCaught ForceObjectDelete called by workers>base @gkaissisCaught ForceObjectDelete called by workers>base @gkaissisCaught ForceObjectDelete called by workers>base @gkaissisCaught ForceObjectDelete called by workers>base @gkaissisCaught ForceObjectDelete called by workers>base @gkaissisCaught ForceObjectDelete called by workers>base @gkaissisCaught ForceObjectDelete called by workers>base @gkaissisCaught ForceObjectDelete called by workers>base @gkaissisCaught ForceObjectDelete called by workers>base @gkaissisCaught ForceObjectDelete called by workers>base @gkaissisCaught ForceObjectDelete called by workers>base @gkaissisCaught ForceObjectDelete called by workers>base @gkaissisCaught ForceObjectDelete called by workers>base @gkaissisCaught ForceObjectDelete called by workers>base @gkaissisCaught ForceObjectDelete called by workers>base @gkaissisCaught ForceObjectDelete called by workers>base @gkaissisCaught ForceObjectDelete called by workers>base @gkaissisCaught ForceObjectDelete called by workers>base @gkaissisCaught ForceObjectDelete called by workers>base @gkaissisCaught ForceObjectDelete called by workers>base @gkaissisCaught ForceObjectDelete called by workers>base @gkaissisCaught ForceObjectDelete called by workers>base @gkaissisCaught ForceObjectDelete called by workers>base @gkaissisCaught ForceObjectDelete called by workers>base @gkaissisCaught ForceObjectDelete called by workers>base @gkaissisCaught ForceObjectDelete called by workers>base @gkaissisCaught ForceObjectDelete called by workers>base @gkaissisCaught ForceObjectDelete called by workers>base @gkaissisCaught ForceObjectDelete called by workers>base @gkaissisCaught ForceObjectDelete called by workers>base @gkaissisCaught ForceObjectDelete called by workers>base @gkaissisCaught ForceObjectDelete called by workers>base @gkaissisCaught ForceObjectDelete called by workers>base @gkaissisCaught ForceObjectDelete called by workers>base @gkaissisCaught ForceObjectDelete called by workers>base @gkaissisCaught ForceObjectDelete called by workers>base @gkaissisCaught ForceObjectDelete called by workers>base @gkaissisCaught ForceObjectDelete called by workers>base @gkaissisCaught ForceObjectDelete called by workers>base @gkaissisCaught ForceObjectDelete called by workers>base @gkaissisCaught ForceObjectDelete called by workers>base @gkaissisCaught ForceObjectDelete called by workers>base @gkaissisCaught ForceObjectDelete called by workers>base @gkaissisCaught ForceObjectDelete called by workers>base @gkaissisCaught ForceObjectDelete called by workers>base @gkaissisCaught ForceObjectDelete called by workers>base @gkaissisCaught ForceObjectDelete called by workers>base @gkaissisCaught ForceObjectDelete called by workers>base @gkaissisCaught ForceObjectDelete called by workers>base @gkaissisCaught ForceObjectDelete called by workers>base @gkaissisCaught ForceObjectDelete called by workers>base @gkaissisCaught ForceObjectDelete called by workers>base @gkaissisCaught ForceObjectDelete called by workers>base @gkaissisCaught ForceObjectDelete called by workers>base @gkaissisCaught ForceObjectDelete called by workers>base @gkaissisCaught ForceObjectDelete called by workers>base @gkaissisCaught ForceObjectDelete called by workers>base @gkaissisCaught ForceObjectDelete called by workers>base @gkaissisCaught ForceObjectDelete called by workers>base @gkaissisCaught ForceObjectDelete called by workers>base @gkaissisCaught ForceObjectDelete called by workers>base @gkaissisCaught ForceObjectDelete called by workers>base @gkaissisCaught ForceObjectDelete called by workers>base @gkaissisCaught ForceObjectDelete called by workers>base @gkaissisCaught ForceObjectDelete called by workers>base @gkaissisCaught ForceObjectDelete called by workers>base @gkaissisCaught ForceObjectDelete called by workers>base @gkaissisCaught ForceObjectDelete called by workers>base @gkaissisCaught ForceObjectDelete called by workers>base @gkaissisCaught ForceObjectDelete called by workers>base @gkaissisCaught ForceObjectDelete called by workers>base @gkaissisCaught ForceObjectDelete called by workers>base @gkaissisCaught ForceObjectDelete called by workers>base @gkaissisCaught ForceObjectDelete called by workers>base @gkaissisCaught ForceObjectDelete called by workers>base @gkaissisCaught ForceObjectDelete called by workers>base @gkaissisCaught ForceObjectDelete called by workers>base @gkaissisCaught ForceObjectDelete called by workers>base @gkaissisCaught ForceObjectDelete called by workers>base @gkaissisCaught ForceObjectDelete called by workers>base @gkaissisCaught ForceObjectDelete called by workers>base @gkaissisCaught ForceObjectDelete called by workers>base @gkaissisCaught ForceObjectDelete called by workers>base @gkaissisCaught ForceObjectDelete called by workers>base @gkaissisCaught ForceObjectDelete called by workers>base @gkaissisCaught ForceObjectDelete called by workers>base @gkaissisCaught ForceObjectDelete called by workers>base @gkaissisCaught ForceObjectDelete called by workers>base @gkaissisCaught ForceObjectDelete called by workers>base @gkaissisCaught ForceObjectDelete called by workers>base @gkaissisCaught ForceObjectDelete called by workers>base @gkaissisCaught ForceObjectDelete called by workers>base @gkaissisCaught ForceObjectDelete called by workers>base @gkaissisCaught ForceObjectDelete called by workers>base @gkaissisCaught ForceObjectDelete called by workers>base @gkaissisCaught ForceObjectDelete called by workers>base @gkaissisCaught ForceObjectDelete called by workers>base @gkaissisCaught ForceObjectDelete called by workers>base @gkaissisCaught ForceObjectDelete called by workers>base @gkaissisCaught ForceObjectDelete called by workers>base @gkaissisCaught ForceObjectDelete called by workers>base @gkaissisCaught ForceObjectDelete called by workers>base @gkaissisCaught ForceObjectDelete called by workers>base @gkaissisCaught ForceObjectDelete called by workers>base @gkaissisCaught ForceObjectDelete called by workers>base @gkaissisCaught ForceObjectDelete called by workers>base @gkaissisCaught ForceObjectDelete called by workers>base @gkaissisCaught ForceObjectDelete called by workers>base @gkaissisCaught ForceObjectDelete called by workers>base @gkaissisCaught ForceObjectDelete called by workers>base @gkaissisCaught ForceObjectDelete called by workers>base @gkaissisCaught ForceObjectDelete called by workers>base @gkaissisCaught ForceObjectDelete called by workers>base @gkaissisCaught ForceObjectDelete called by workers>base @gkaissisCaught ForceObjectDelete called by workers>base @gkaissisCaught ForceObjectDelete called by workers>base @gkaissisCaught ForceObjectDelete called by workers>base @gkaissisCaught ForceObjectDelete called by workers>base @gkaissisCaught ForceObjectDelete called by workers>base @gkaissisCaught ForceObjectDelete called by workers>base @gkaissisCaught ForceObjectDelete called by workers>base @gkaissisCaught ForceObjectDelete called by workers>base @gkaissisCaught ForceObjectDelete called by workers>base @gkaissisCaught ForceObjectDelete called by workers>base @gkaissisCaught ForceObjectDelete called by workers>base @gkaissisCaught ForceObjectDelete called by workers>base @gkaissisCaught ForceObjectDelete called by workers>base @gkaissisCaught ForceObjectDelete called by workers>base @gkaissisCaught ForceObjectDelete called by workers>base @gkaissisCaught ForceObjectDelete called by workers>base @gkaissisCaught ForceObjectDelete called by workers>base @gkaissisCaught ForceObjectDelete called by workers>base @gkaissisCaught ForceObjectDelete called by workers>base @gkaissisCaught ForceObjectDelete called by workers>base @gkaissisCaught ForceObjectDelete called by workers>base @gkaissisCaught ForceObjectDelete called by workers>base @gkaissisCaught ForceObjectDelete called by workers>base @gkaissisCaught ForceObjectDelete called by workers>base @gkaissisCaught ForceObjectDelete called by workers>base @gkaissisCaught ForceObjectDelete called by workers>base @gkaissisCaught ForceObjectDelete called by workers>base @gkaissisCaught ForceObjectDelete called by workers>base @gkaissisCaught ForceObjectDelete called by workers>base @gkaissisCaught ForceObjectDelete called by workers>base @gkaissisCaught ForceObjectDelete called by workers>base @gkaissisCaught ForceObjectDelete called by workers>base @gkaissisCaught ForceObjectDelete called by workers>base @gkaissisCaught ForceObjectDelete called by workers>base @gkaissisCaught ForceObjectDelete called by workers>base @gkaissisCaught ForceObjectDelete called by workers>base @gkaissisCaught ForceObjectDelete called by workers>base @gkaissisCaught ForceObjectDelete called by workers>base @gkaissisCaught ForceObjectDelete called by workers>base @gkaissisCaught ForceObjectDelete called by workers>base @gkaissisCaught ForceObjectDelete called by workers>base @gkaissisCaught ForceObjectDelete called by workers>base @gkaissisCaught ForceObjectDelete called by workers>base @gkaissisCaught ForceObjectDelete called by workers>base @gkaissisCaught ForceObjectDelete called by workers>base @gkaissisCaught ForceObjectDelete called by workers>base @gkaissisCaught ForceObjectDelete called by workers>base @gkaissisCaught ForceObjectDelete called by workers>base @gkaissisCaught ForceObjectDelete called by workers>base @gkaissisCaught ForceObjectDelete called by workers>base @gkaissisCaught ForceObjectDelete called by workers>base @gkaissisCaught ForceObjectDelete called by workers>base @gkaissisCaught ForceObjectDelete called by workers>base @gkaissisCaught ForceObjectDelete called by workers>base @gkaissisCaught ForceObjectDelete called by workers>base @gkaissisCaught ForceObjectDelete called by workers>base @gkaissisCaught ForceObjectDelete called by workers>base @gkaissisCaught ForceObjectDelete called by workers>base @gkaissisCaught ForceObjectDelete called by workers>base @gkaissisCaught ForceObjectDelete called by workers>base @gkaissisCaught ForceObjectDelete called by workers>base @gkaissisCaught ForceObjectDelete called by workers>base @gkaissisCaught ForceObjectDelete called by workers>base @gkaissisCaught ForceObjectDelete called by workers>base @gkaissisCaught ForceObjectDelete called by workers>base @gkaissisCaught ForceObjectDelete called by workers>base @gkaissisCaught ForceObjectDelete called by workers>base @gkaissisCaught ForceObjectDelete called by workers>base @gkaissisCaught ForceObjectDelete called by workers>base @gkaissisCaught ForceObjectDelete called by workers>base @gkaissisCaught ForceObjectDelete called by workers>base @gkaissisCaught ForceObjectDelete called by workers>base @gkaissisCaught ForceObjectDelete called by workers>base @gkaissisCaught ForceObjectDelete called by workers>base @gkaissisCaught ForceObjectDelete called by workers>base @gkaissisCaught ForceObjectDelete called by workers>base @gkaissisCaught ForceObjectDelete called by workers>base @gkaissisCaught ForceObjectDelete called by workers>base @gkaissisCaught ForceObjectDelete called by workers>base @gkaissisCaught ForceObjectDelete called by workers>base @gkaissisCaught ForceObjectDelete called by workers>base @gkaissisCaught ForceObjectDelete called by workers>base @gkaissisCaught ForceObjectDelete called by workers>base @gkaissisCaught ForceObjectDelete called by workers>base @gkaissisCaught ForceObjectDelete called by workers>base @gkaissisCaught ForceObjectDelete called by workers>base @gkaissisCaught ForceObjectDelete called by workers>base @gkaissisCaught ForceObjectDelete called by workers>base @gkaissisCaught ForceObjectDelete called by workers>base @gkaissisCaught ForceObjectDelete called by workers>base @gkaissisCaught ForceObjectDelete called by workers>base @gkaissisCaught ForceObjectDelete called by workers>base @gkaissisCaught ForceObjectDelete called by workers>base @gkaissisCaught ForceObjectDelete called by workers>base @gkaissisCaught ForceObjectDelete called by workers>base @gkaissisCaught ForceObjectDelete called by workers>base @gkaissisCaught ForceObjectDelete called by workers>base @gkaissisCaught ForceObjectDelete called by workers>base @gkaissisCaught ForceObjectDelete called by workers>base @gkaissisCaught ForceObjectDelete called by workers>base @gkaissisCaught ForceObjectDelete called by workers>base @gkaissisCaught ForceObjectDelete called by workers>base @gkaissisCaught ForceObjectDelete called by workers>base @gkaissisCaught ForceObjectDelete called by workers>base @gkaissisCaught ForceObjectDelete called by workers>base @gkaissisCaught ForceObjectDelete called by workers>base @gkaissisCaught ForceObjectDelete called by workers>base @gkaissisCaught ForceObjectDelete called by workers>base @gkaissisCaught ForceObjectDelete called by workers>base @gkaissisCaught ForceObjectDelete called by workers>base @gkaissisCaught ForceObjectDelete called by workers>base @gkaissisCaught ForceObjectDelete called by workers>base @gkaissisCaught ForceObjectDelete called by workers>base @gkaissisCaught ForceObjectDelete called by workers>base @gkaissisCaught ForceObjectDelete called by workers>base @gkaissisCaught ForceObjectDelete called by workers>base @gkaissisCaught ForceObjectDelete called by workers>base @gkaissisCaught ForceObjectDelete called by workers>base @gkaissisCaught ForceObjectDelete called by workers>base @gkaissisCaught ForceObjectDelete called by workers>base @gkaissisCaught ForceObjectDelete called by workers>base @gkaissisCaught ForceObjectDelete called by workers>base @gkaissisCaught ForceObjectDelete called by workers>base @gkaissisCaught ForceObjectDelete called by workers>base @gkaissisCaught ForceObjectDelete called by workers>base @gkaissisCaught ForceObjectDelete called by workers>base @gkaissisCaught ForceObjectDelete called by workers>base @gkaissisCaught ForceObjectDelete called by workers>base @gkaissisCaught ForceObjectDelete called by workers>base @gkaissisCaught ForceObjectDelete called by workers>base @gkaissisCaught ForceObjectDelete called by workers>base @gkaissisCaught ForceObjectDelete called by workers>base @gkaissisCaught ForceObjectDelete called by workers>base @gkaissisCaught ForceObjectDelete called by workers>base @gkaissisCaught ForceObjectDelete called by workers>base @gkaissisCaught ForceObjectDelete called by workers>base @gkaissisCaught ForceObjectDelete called by workers>base @gkaissisCaught ForceObjectDelete called by workers>base @gkaissisCaught ForceObjectDelete called by workers>base @gkaissisCaught ForceObjectDelete called by workers>base @gkaissisCaught ForceObjectDelete called by workers>base @gkaissisCaught ForceObjectDelete called by workers>base @gkaissisCaught ForceObjectDelete called by workers>base @gkaissisCaught ForceObjectDelete called by workers>base @gkaissisCaught ForceObjectDelete called by workers>base @gkaissisCaught ForceObjectDelete called by workers>base @gkaissisCaught ForceObjectDelete called by workers>base @gkaissisCaught ForceObjectDelete called by workers>base @gkaissisCaught ForceObjectDelete called by workers>base @gkaissisCaught ForceObjectDelete called by workers>base @gkaissisCaught ForceObjectDelete called by workers>base @gkaissisCaught ForceObjectDelete called by workers>base @gkaissisCaught ForceObjectDelete called by workers>base @gkaissisCaught ForceObjectDelete called by workers>base @gkaissisCaught ForceObjectDelete called by workers>base @gkaissisCaught ForceObjectDelete called by workers>base @gkaissisCaught ForceObjectDelete called by workers>base @gkaissisCaught ForceObjectDelete called by workers>base @gkaissisCaught ForceObjectDelete called by workers>base @gkaissisCaught ForceObjectDelete called by workers>base @gkaissisCaught ForceObjectDelete called by workers>base @gkaissisCaught ForceObjectDelete called by workers>base @gkaissisCaught ForceObjectDelete called by workers>base @gkaissisCaught ForceObjectDelete called by workers>base @gkaissisCaught ForceObjectDelete called by workers>base @gkaissisCaught ForceObjectDelete called by workers>base @gkaissisCaught ForceObjectDelete called by workers>base @gkaissisCaught ForceObjectDelete called by workers>base @gkaissisCaught ForceObjectDelete called by workers>base @gkaissisCaught ForceObjectDelete called by workers>base @gkaissisCaught ForceObjectDelete called by workers>base @gkaissisCaught ForceObjectDelete called by workers>base @gkaissisCaught ForceObjectDelete called by workers>base @gkaissisCaught ForceObjectDelete called by workers>base @gkaissisCaught ForceObjectDelete called by workers>base @gkaissisCaught ForceObjectDelete called by workers>base @gkaissisCaught ForceObjectDelete called by workers>base @gkaissisCaught ForceObjectDelete called by workers>base @gkaissisCaught ForceObjectDelete called by workers>base @gkaissisCaught ForceObjectDelete called by workers>base @gkaissisCaught ForceObjectDelete called by workers>base @gkaissisCaught ForceObjectDelete called by workers>base @gkaissisCaught ForceObjectDelete called by workers>base @gkaissisCaught ForceObjectDelete called by workers>base @gkaissisCaught ForceObjectDelete called by workers>base @gkaissisCaught ForceObjectDelete called by workers>base @gkaissisCaught ForceObjectDelete called by workers>base @gkaissisCaught ForceObjectDelete called by workers>base @gkaissisCaught ForceObjectDelete called by workers>base @gkaissisCaught ForceObjectDelete called by workers>base @gkaissisCaught ForceObjectDelete called by workers>base @gkaissisCaught ForceObjectDelete called by workers>base @gkaissisCaught ForceObjectDelete called by workers>base @gkaissisCaught ForceObjectDelete called by workers>base @gkaissisCaught ForceObjectDelete called by workers>base @gkaissisCaught ForceObjectDelete called by workers>base @gkaissisCaught ForceObjectDelete called by workers>base @gkaissisCaught ForceObjectDelete called by workers>base @gkaissisCaught ForceObjectDelete called by workers>base @gkaissisCaught ForceObjectDelete called by workers>base @gkaissisCaught ForceObjectDelete called by workers>base @gkaissisCaught ForceObjectDelete called by workers>base @gkaissisCaught ForceObjectDelete called by workers>base @gkaissisCaught ForceObjectDelete called by workers>base @gkaissisCaught ForceObjectDelete called by workers>base @gkaissisCaught ForceObjectDelete called by workers>base @gkaissisCaught ForceObjectDelete called by workers>base @gkaissisCaught ForceObjectDelete called by workers>base @gkaissisCaught ForceObjectDelete called by workers>base @gkaissisCaught ForceObjectDelete called by workers>base @gkaissisCaught ForceObjectDelete called by workers>base @gkaissisCaught ForceObjectDelete called by workers>base @gkaissisCaught ForceObjectDelete called by workers>base @gkaissisCaught ForceObjectDelete called by workers>base @gkaissisCaught ForceObjectDelete called by workers>base @gkaissisCaught ForceObjectDelete called by workers>base @gkaissisCaught ForceObjectDelete called by workers>base @gkaissisCaught ForceObjectDelete called by workers>base @gkaissisCaught ForceObjectDelete called by workers>base @gkaissisCaught ForceObjectDelete called by workers>base @gkaissisCaught ForceObjectDelete called by workers>base @gkaissisCaught ForceObjectDelete called by workers>base @gkaissisCaught ForceObjectDelete called by workers>base @gkaissisCaught ForceObjectDelete called by workers>base @gkaissisCaught ForceObjectDelete called by workers>base @gkaissisCaught ForceObjectDelete called by workers>base @gkaissisCaught ForceObjectDelete called by workers>base @gkaissisCaught ForceObjectDelete called by workers>base @gkaissisCaught ForceObjectDelete called by workers>base @gkaissisCaught ForceObjectDelete called by workers>base @gkaissisCaught ForceObjectDelete called by workers>base @gkaissisCaught ForceObjectDelete called by workers>base @gkaissisCaught ForceObjectDelete called by workers>base @gkaissisCaught ForceObjectDelete called by workers>base @gkaissisCaught ForceObjectDelete called by workers>base @gkaissisCaught ForceObjectDelete called by workers>base @gkaissisCaught ForceObjectDelete called by workers>base @gkaissisCaught ForceObjectDelete called by workers>base @gkaissisCaught ForceObjectDelete called by workers>base @gkaissisCaught ForceObjectDelete called by workers>base @gkaissisCaught ForceObjectDelete called by workers>base @gkaissisCaught ForceObjectDelete called by workers>base @gkaissisCaught ForceObjectDelete called by workers>base @gkaissisCaught ForceObjectDelete called by workers>base @gkaissisCaught ForceObjectDelete called by workers>base @gkaissisCaught ForceObjectDelete called by workers>base @gkaissisCaught ForceObjectDelete called by workers>base @gkaissisCaught ForceObjectDelete called by workers>base @gkaissisCaught ForceObjectDelete called by workers>base @gkaissisCaught ForceObjectDelete called by workers>base @gkaissisCaught ForceObjectDelete called by workers>base @gkaissisCaught ForceObjectDelete called by workers>base @gkaissisCaught ForceObjectDelete called by workers>base @gkaissisCaught ForceObjectDelete called by workers>base @gkaissisCaught ForceObjectDelete called by workers>base @gkaissisCaught ForceObjectDelete called by workers>base @gkaissisCaught ForceObjectDelete called by workers>base @gkaissisCaught ForceObjectDelete called by workers>base @gkaissisCaught ForceObjectDelete called by workers>base @gkaissisCaught ForceObjectDelete called by workers>base @gkaissisCaught ForceObjectDelete called by workers>base @gkaissisCaught ForceObjectDelete called by workers>base @gkaissisCaught ForceObjectDelete called by workers>base @gkaissisCaught ForceObjectDelete called by workers>base @gkaissisCaught ForceObjectDelete called by workers>base @gkaissisCaught ForceObjectDelete called by workers>base @gkaissisCaught ForceObjectDelete called by workers>base @gkaissisCaught ForceObjectDelete called by workers>base @gkaissisCaught ForceObjectDelete called by workers>base @gkaissisCaught ForceObjectDelete called by workers>base @gkaissisCaught ForceObjectDelete called by workers>base @gkaissisCaught ForceObjectDelete called by workers>base @gkaissisCaught ForceObjectDelete called by workers>base @gkaissisCaught ForceObjectDelete called by workers>base @gkaissisCaught ForceObjectDelete called by workers>base @gkaissisCaught ForceObjectDelete called by workers>base @gkaissisCaught ForceObjectDelete called by workers>base @gkaissisCaught ForceObjectDelete called by workers>base @gkaissisCaught ForceObjectDelete called by workers>base @gkaissisCaught ForceObjectDelete called by workers>base @gkaissisCaught ForceObjectDelete called by workers>base @gkaissisCaught ForceObjectDelete called by workers>base @gkaissisCaught ForceObjectDelete called by workers>base @gkaissisCaught ForceObjectDelete called by workers>base @gkaissisCaught ForceObjectDelete called by workers>base @gkaissisCaught ForceObjectDelete called by workers>base @gkaissisCaught ForceObjectDelete called by workers>base @gkaissisCaught ForceObjectDelete called by workers>base @gkaissisCaught ForceObjectDelete called by workers>base @gkaissisCaught ForceObjectDelete called by workers>base @gkaissisCaught ForceObjectDelete called by workers>base @gkaissisCaught ForceObjectDelete called by workers>base @gkaissisCaught ForceObjectDelete called by workers>base @gkaissisCaught ForceObjectDelete called by workers>base @gkaissisCaught ForceObjectDelete called by workers>base @gkaissisCaught ForceObjectDelete called by workers>base @gkaissisCaught ForceObjectDelete called by workers>base @gkaissisCaught ForceObjectDelete called by workers>base @gkaissisCaught ForceObjectDelete called by workers>base @gkaissisCaught ForceObjectDelete called by workers>base @gkaissisCaught ForceObjectDelete called by workers>base @gkaissisCaught ForceObjectDelete called by workers>base @gkaissisCaught ForceObjectDelete called by workers>base @gkaissisCaught ForceObjectDelete called by workers>base @gkaissisCaught ForceObjectDelete called by workers>base @gkaissisCaught ForceObjectDelete called by workers>base @gkaissisCaught ForceObjectDelete called by workers>base @gkaissisCaught ForceObjectDelete called by workers>base @gkaissisCaught ForceObjectDelete called by workers>base @gkaissisCaught ForceObjectDelete called by workers>base @gkaissisCaught ForceObjectDelete called by workers>base @gkaissisCaught ForceObjectDelete called by workers>base @gkaissisCaught ForceObjectDelete called by workers>base @gkaissisCaught ForceObjectDelete called by workers>base @gkaissisCaught ForceObjectDelete called by workers>base @gkaissisCaught ForceObjectDelete called by workers>base @gkaissisCaught ForceObjectDelete called by workers>base @gkaissisCaught ForceObjectDelete called by workers>base @gkaissisCaught ForceObjectDelete called by workers>base @gkaissisCaught ForceObjectDelete called by workers>base @gkaissisCaught ForceObjectDelete called by workers>base @gkaissisCaught ForceObjectDelete called by workers>base @gkaissisCaught ForceObjectDelete called by workers>base @gkaissisCaught ForceObjectDelete called by workers>base @gkaissisCaught ForceObjectDelete called by workers>base @gkaissisCaught ForceObjectDelete called by workers>base @gkaissisCaught ForceObjectDelete called by workers>base @gkaissisCaught ForceObjectDelete called by workers>base @gkaissisCaught ForceObjectDelete called by workers>base @gkaissisCaught ForceObjectDelete called by workers>base @gkaissisCaught ForceObjectDelete called by workers>base @gkaissisCaught ForceObjectDelete called by workers>base @gkaissisCaught ForceObjectDelete called by workers>base @gkaissisCaught ForceObjectDelete called by workers>base @gkaissisCaught ForceObjectDelete called by workers>base @gkaissisCaught ForceObjectDelete called by workers>base @gkaissisCaught ForceObjectDelete called by workers>base @gkaissisCaught ForceObjectDelete called by workers>base @gkaissisCaught ForceObjectDelete called by workers>base @gkaissisCaught ForceObjectDelete called by workers>base @gkaissisCaught ForceObjectDelete called by workers>base @gkaissisCaught ForceObjectDelete called by workers>base @gkaissisCaught ForceObjectDelete called by workers>base @gkaissisCaught ForceObjectDelete called by workers>base @gkaissisCaught ForceObjectDelete called by workers>base @gkaissisCaught ForceObjectDelete called by workers>base @gkaissisCaught ForceObjectDelete called by workers>base @gkaissisCaught ForceObjectDelete called by workers>base @gkaissisCaught ForceObjectDelete called by workers>base @gkaissisCaught ForceObjectDelete called by workers>base @gkaissisCaught ForceObjectDelete called by workers>base @gkaissisCaught ForceObjectDelete called by workers>base @gkaissisCaught ForceObjectDelete called by workers>base @gkaissisCaught ForceObjectDelete called by workers>base @gkaissisCaught ForceObjectDelete called by workers>base @gkaissisCaught ForceObjectDelete called by workers>base @gkaissisCaught ForceObjectDelete called by workers>base @gkaissisCaught ForceObjectDelete called by workers>base @gkaissisCaught ForceObjectDelete called by workers>base @gkaissisCaught ForceObjectDelete called by workers>base @gkaissisCaught ForceObjectDelete called by workers>base @gkaissisCaught ForceObjectDelete called by workers>base @gkaissisCaught ForceObjectDelete called by workers>base @gkaissisCaught ForceObjectDelete called by workers>base @gkaissisCaught ForceObjectDelete called by workers>base @gkaissisCaught ForceObjectDelete called by workers>base @gkaissisCaught ForceObjectDelete called by workers>base @gkaissisCaught ForceObjectDelete called by workers>base @gkaissisCaught ForceObjectDelete called by workers>base @gkaissisCaught ForceObjectDelete called by workers>base @gkaissisCaught ForceObjectDelete called by workers>base @gkaissisCaught ForceObjectDelete called by workers>base @gkaissisCaught ForceObjectDelete called by workers>base @gkaissisCaught ForceObjectDelete called by workers>base @gkaissisCaught ForceObjectDelete called by workers>base @gkaissisCaught ForceObjectDelete called by workers>base @gkaissisCaught ForceObjectDelete called by workers>base @gkaissisCaught ForceObjectDelete called by workers>base @gkaissisCaught ForceObjectDelete called by workers>base @gkaissisCaught ForceObjectDelete called by workers>base @gkaissisCaught ForceObjectDelete called by workers>base @gkaissisCaught ForceObjectDelete called by workers>base @gkaissisCaught ForceObjectDelete called by workers>base @gkaissisCaught ForceObjectDelete called by workers>base @gkaissisCaught ForceObjectDelete called by workers>base @gkaissisCaught ForceObjectDelete called by workers>base @gkaissisCaught ForceObjectDelete called by workers>base @gkaissisCaught ForceObjectDelete called by workers>base @gkaissisCaught ForceObjectDelete called by workers>base @gkaissisCaught ForceObjectDelete called by workers>base @gkaissisCaught ForceObjectDelete called by workers>base @gkaissisCaught ForceObjectDelete called by workers>base @gkaissisCaught ForceObjectDelete called by workers>base @gkaissisCaught ForceObjectDelete called by workers>base @gkaissisCaught ForceObjectDelete called by workers>base @gkaissisCaught ForceObjectDelete called by workers>base @gkaissisCaught ForceObjectDelete called by workers>base @gkaissisCaught ForceObjectDelete called by workers>base @gkaissisCaught ForceObjectDelete called by workers>base @gkaissisCaught ForceObjectDelete called by workers>base @gkaissisCaught ForceObjectDelete called by workers>base @gkaissisCaught ForceObjectDelete called by workers>base @gkaissisCaught ForceObjectDelete called by workers>base @gkaissisCaught ForceObjectDelete called by workers>base @gkaissisCaught ForceObjectDelete called by workers>base @gkaissisCaught ForceObjectDelete called by workers>base @gkaissisCaught ForceObjectDelete called by workers>base @gkaissisCaught ForceObjectDelete called by workers>base @gkaissisCaught ForceObjectDelete called by workers>base @gkaissisCaught ForceObjectDelete called by workers>base @gkaissisCaught ForceObjectDelete called by workers>base @gkaissisCaught ForceObjectDelete called by workers>base @gkaissisCaught ForceObjectDelete called by workers>base @gkaissisCaught ForceObjectDelete called by workers>base @gkaissisCaught ForceObjectDelete called by workers>base @gkaissisCaught ForceObjectDelete called by workers>base @gkaissisCaught ForceObjectDelete called by workers>base @gkaissisCaught ForceObjectDelete called by workers>base @gkaissisCaught ForceObjectDelete called by workers>base @gkaissisCaught ForceObjectDelete called by workers>base @gkaissisCaught ForceObjectDelete called by workers>base @gkaissisCaught ForceObjectDelete called by workers>base @gkaissisCaught ForceObjectDelete called by workers>base @gkaissisCaught ForceObjectDelete called by workers>base @gkaissisCaught ForceObjectDelete called by workers>base @gkaissisCaught ForceObjectDelete called by workers>base @gkaissisCaught ForceObjectDelete called by workers>base @gkaissisCaught ForceObjectDelete called by workers>base @gkaissisCaught ForceObjectDelete called by workers>base @gkaissisCaught ForceObjectDelete called by workers>base @gkaissisCaught ForceObjectDelete called by workers>base @gkaissisCaught ForceObjectDelete called by workers>base @gkaissisCaught ForceObjectDelete called by workers>base @gkaissisCaught ForceObjectDelete called by workers>base @gkaissisCaught ForceObjectDelete called by workers>base @gkaissisCaught ForceObjectDelete called by workers>base @gkaissisCaught ForceObjectDelete called by workers>base @gkaissisCaught ForceObjectDelete called by workers>base @gkaissisCaught ForceObjectDelete called by workers>base @gkaissisCaught ForceObjectDelete called by workers>base @gkaissisCaught ForceObjectDelete called by workers>base @gkaissisCaught ForceObjectDelete called by workers>base @gkaissisCaught ForceObjectDelete called by workers>base @gkaissisCaught ForceObjectDelete called by workers>base @gkaissisCaught ForceObjectDelete called by workers>base @gkaissisCaught ForceObjectDelete called by workers>base @gkaissisCaught ForceObjectDelete called by workers>base @gkaissisCaught ForceObjectDelete called by workers>base @gkaissisCaught ForceObjectDelete called by workers>base @gkaissisCaught ForceObjectDelete called by workers>base @gkaissisCaught ForceObjectDelete called by workers>base @gkaissisCaught ForceObjectDelete called by workers>base @gkaissisCaught ForceObjectDelete called by workers>base @gkaissisCaught ForceObjectDelete called by workers>base @gkaissisCaught ForceObjectDelete called by workers>base @gkaissisCaught ForceObjectDelete called by workers>base @gkaissisCaught ForceObjectDelete called by workers>base @gkaissisCaught ForceObjectDelete called by workers>base @gkaissisCaught ForceObjectDelete called by workers>base @gkaissisCaught ForceObjectDelete called by workers>base @gkaissisCaught ForceObjectDelete called by workers>base @gkaissisCaught ForceObjectDelete called by workers>base @gkaissisCaught ForceObjectDelete called by workers>base @gkaissisCaught ForceObjectDelete called by workers>base @gkaissisCaught ForceObjectDelete called by workers>base @gkaissisCaught ForceObjectDelete called by workers>base @gkaissisCaught ForceObjectDelete called by workers>base @gkaissisCaught ForceObjectDelete called by workers>base @gkaissisCaught ForceObjectDelete called by workers>base @gkaissisCaught ForceObjectDelete called by workers>base @gkaissisCaught ForceObjectDelete called by workers>base @gkaissisCaught ForceObjectDelete called by workers>base @gkaissisCaught ForceObjectDelete called by workers>base @gkaissisCaught ForceObjectDelete called by workers>base @gkaissisCaught ForceObjectDelete called by workers>base @gkaissisCaught ForceObjectDelete called by workers>base @gkaissisCaught ForceObjectDelete called by workers>base @gkaissisCaught ForceObjectDelete called by workers>base @gkaissisCaught ForceObjectDelete called by workers>base @gkaissisCaught ForceObjectDelete called by workers>base @gkaissisCaught ForceObjectDelete called by workers>base @gkaissisCaught ForceObjectDelete called by workers>base @gkaissisCaught ForceObjectDelete called by workers>base @gkaissisCaught ForceObjectDelete called by workers>base @gkaissisCaught ForceObjectDelete called by workers>base @gkaissisCaught ForceObjectDelete called by workers>base @gkaissisCaught ForceObjectDelete called by workers>base @gkaissisCaught ForceObjectDelete called by workers>base @gkaissisCaught ForceObjectDelete called by workers>base @gkaissisCaught ForceObjectDelete called by workers>base @gkaissisCaught ForceObjectDelete called by workers>base @gkaissisCaught ForceObjectDelete called by workers>base @gkaissisCaught ForceObjectDelete called by workers>base @gkaissisCaught ForceObjectDelete called by workers>base @gkaissisCaught ForceObjectDelete called by workers>base @gkaissisCaught ForceObjectDelete called by workers>base @gkaissisCaught ForceObjectDelete called by workers>base @gkaissisCaught ForceObjectDelete called by workers>base @gkaissisCaught ForceObjectDelete called by workers>base @gkaissisCaught ForceObjectDelete called by workers>base @gkaissisCaught ForceObjectDelete called by workers>base @gkaissisCaught ForceObjectDelete called by workers>base @gkaissisCaught ForceObjectDelete called by workers>base @gkaissisCaught ForceObjectDelete called by workers>base @gkaissisCaught ForceObjectDelete called by workers>base @gkaissisCaught ForceObjectDelete called by workers>base @gkaissisCaught ForceObjectDelete called by workers>base @gkaissisCaught ForceObjectDelete called by workers>base @gkaissisCaught ForceObjectDelete called by workers>base @gkaissisCaught ForceObjectDelete called by workers>base @gkaissisCaught ForceObjectDelete called by workers>base @gkaissisCaught ForceObjectDelete called by workers>base @gkaissisCaught ForceObjectDelete called by workers>base @gkaissisCaught ForceObjectDelete called by workers>base @gkaissisCaught ForceObjectDelete called by workers>base @gkaissisCaught ForceObjectDelete called by workers>base @gkaissisCaught ForceObjectDelete called by workers>base @gkaissisCaught ForceObjectDelete called by workers>base @gkaissisCaught ForceObjectDelete called by workers>base @gkaissisCaught ForceObjectDelete called by workers>base @gkaissisCaught ForceObjectDelete called by workers>base @gkaissisCaught ForceObjectDelete called by workers>base @gkaissisCaught ForceObjectDelete called by workers>base @gkaissisCaught ForceObjectDelete called by workers>base @gkaissisCaught ForceObjectDelete called by workers>base @gkaissisCaught ForceObjectDelete called by workers>base @gkaissisCaught ForceObjectDelete called by workers>base @gkaissisCaught ForceObjectDelete called by workers>base @gkaissisCaught ForceObjectDelete called by workers>base @gkaissisCaught ForceObjectDelete called by workers>base @gkaissisCaught ForceObjectDelete called by workers>base @gkaissisCaught ForceObjectDelete called by workers>base @gkaissisCaught ForceObjectDelete called by workers>base @gkaissisCaught ForceObjectDelete called by workers>base @gkaissisCaught ForceObjectDelete called by workers>base @gkaissisCaught ForceObjectDelete called by workers>base @gkaissisCaught ForceObjectDelete called by workers>base @gkaissisCaught ForceObjectDelete called by workers>base @gkaissisCaught ForceObjectDelete called by workers>base @gkaissisCaught ForceObjectDelete called by workers>base @gkaissisCaught ForceObjectDelete called by workers>base @gkaissisCaught ForceObjectDelete called by workers>base @gkaissisCaught ForceObjectDelete called by workers>base @gkaissisCaught ForceObjectDelete called by workers>base @gkaissisCaught ForceObjectDelete called by workers>base @gkaissisCaught ForceObjectDelete called by workers>base @gkaissisCaught ForceObjectDelete called by workers>base @gkaissisCaught ForceObjectDelete called by workers>base @gkaissisCaught ForceObjectDelete called by workers>base @gkaissisCaught ForceObjectDelete called by workers>base @gkaissisCaught ForceObjectDelete called by workers>base @gkaissisCaught ForceObjectDelete called by workers>base @gkaissisCaught ForceObjectDelete called by workers>base @gkaissisCaught ForceObjectDelete called by workers>base @gkaissisCaught ForceObjectDelete called by workers>base @gkaissisCaught ForceObjectDelete called by workers>base @gkaissisCaught ForceObjectDelete called by workers>base @gkaissisCaught ForceObjectDelete called by workers>base @gkaissisCaught ForceObjectDelete called by workers>base @gkaissisCaught ForceObjectDelete called by workers>base @gkaissisCaught ForceObjectDelete called by workers>base @gkaissisCaught ForceObjectDelete called by workers>base @gkaissisCaught ForceObjectDelete called by workers>base @gkaissisCaught ForceObjectDelete called by workers>base @gkaissisCaught ForceObjectDelete called by workers>base @gkaissisCaught ForceObjectDelete called by workers>base @gkaissisCaught ForceObjectDelete called by workers>base @gkaissisCaught ForceObjectDelete called by workers>base @gkaissisCaught ForceObjectDelete called by workers>base @gkaissisCaught ForceObjectDelete called by workers>base @gkaissisCaught ForceObjectDelete called by workers>base @gkaissisCaught ForceObjectDelete called by workers>base @gkaissisCaught ForceObjectDelete called by workers>base @gkaissisCaught ForceObjectDelete called by workers>base @gkaissisCaught ForceObjectDelete called by workers>base @gkaissisCaught ForceObjectDelete called by workers>base @gkaissisCaught ForceObjectDelete called by workers>base @gkaissisCaught ForceObjectDelete called by workers>base @gkaissisCaught ForceObjectDelete called by workers>base @gkaissisCaught ForceObjectDelete called by workers>base @gkaissisCaught ForceObjectDelete called by workers>base @gkaissisCaught ForceObjectDelete called by workers>base @gkaissisCaught ForceObjectDelete called by workers>base @gkaissisCaught ForceObjectDelete called by workers>base @gkaissisCaught ForceObjectDelete called by workers>base @gkaissisCaught ForceObjectDelete called by workers>base @gkaissisCaught ForceObjectDelete called by workers>base @gkaissisCaught ForceObjectDelete called by workers>base @gkaissisCaught ForceObjectDelete called by workers>base @gkaissisCaught ForceObjectDelete called by workers>base @gkaissisCaught ForceObjectDelete called by workers>base @gkaissisCaught ForceObjectDelete called by workers>base @gkaissisCaught ForceObjectDelete called by workers>base @gkaissisCaught ForceObjectDelete called by workers>base @gkaissisCaught ForceObjectDelete called by workers>base @gkaissisCaught ForceObjectDelete called by workers>base @gkaissisCaught ForceObjectDelete called by workers>base @gkaissisCaught ForceObjectDelete called by workers>base @gkaissisCaught ForceObjectDelete called by workers>base @gkaissisCaught ForceObjectDelete called by workers>base @gkaissisCaught ForceObjectDelete called by workers>base @gkaissisCaught ForceObjectDelete called by workers>base @gkaissisCaught ForceObjectDelete called by workers>base @gkaissisCaught ForceObjectDelete called by workers>base @gkaissisCaught ForceObjectDelete called by workers>base @gkaissisCaught ForceObjectDelete called by workers>base @gkaissisCaught ForceObjectDelete called by workers>base @gkaissisCaught ForceObjectDelete called by workers>base @gkaissisCaught ForceObjectDelete called by workers>base @gkaissisCaught ForceObjectDelete called by workers>base @gkaissisCaught ForceObjectDelete called by workers>base @gkaissisCaught ForceObjectDelete called by workers>base @gkaissisCaught ForceObjectDelete called by workers>base @gkaissisCaught ForceObjectDelete called by workers>base @gkaissisCaught ForceObjectDelete called by workers>base @gkaissisCaught ForceObjectDelete called by workers>base @gkaissisCaught ForceObjectDelete called by workers>base @gkaissisCaught ForceObjectDelete called by workers>base @gkaissisCaught ForceObjectDelete called by workers>base @gkaissisCaught ForceObjectDelete called by workers>base @gkaissisCaught ForceObjectDelete called by workers>base @gkaissisCaught ForceObjectDelete called by workers>base @gkaissisCaught ForceObjectDelete called by workers>base @gkaissisCaught ForceObjectDelete called by workers>base @gkaissisCaught ForceObjectDelete called by workers>base @gkaissisCaught ForceObjectDelete called by workers>base @gkaissisCaught ForceObjectDelete called by workers>base @gkaissisCaught ForceObjectDelete called by workers>base @gkaissisCaught ForceObjectDelete called by workers>base @gkaissisCaught ForceObjectDelete called by workers>base @gkaissisCaught ForceObjectDelete called by workers>base @gkaissisCaught ForceObjectDelete called by workers>base @gkaissisCaught ForceObjectDelete called by workers>base @gkaissisCaught ForceObjectDelete called by workers>base @gkaissisCaught ForceObjectDelete called by workers>base @gkaissisCaught ForceObjectDelete called by workers>base @gkaissisCaught ForceObjectDelete called by workers>base @gkaissisCaught ForceObjectDelete called by workers>base @gkaissisCaught ForceObjectDelete called by workers>base @gkaissisCaught ForceObjectDelete called by workers>base @gkaissisCaught ForceObjectDelete called by workers>base @gkaissisCaught ForceObjectDelete called by workers>base @gkaissisCaught ForceObjectDelete called by workers>base @gkaissisCaught ForceObjectDelete called by workers>base @gkaissisCaught ForceObjectDelete called by workers>base @gkaissisCaught ForceObjectDelete called by workers>base @gkaissisCaught ForceObjectDelete called by workers>base @gkaissisCaught ForceObjectDelete called by workers>base @gkaissisCaught ForceObjectDelete called by workers>base @gkaissisCaught ForceObjectDelete called by workers>base @gkaissisCaught ForceObjectDelete called by workers>base @gkaissisCaught ForceObjectDelete called by workers>base @gkaissisCaught ForceObjectDelete called by workers>base @gkaissisCaught ForceObjectDelete called by workers>base @gkaissisCaught ForceObjectDelete called by workers>base @gkaissisCaught ForceObjectDelete called by workers>base @gkaissisCaught ForceObjectDelete called by workers>base @gkaissisCaught ForceObjectDelete called by workers>base @gkaissisCaught ForceObjectDelete called by workers>base @gkaissisCaught ForceObjectDelete called by workers>base @gkaissisCaught ForceObjectDelete called by workers>base @gkaissisCaught ForceObjectDelete called by workers>base @gkaissisCaught ForceObjectDelete called by workers>base @gkaissisCaught ForceObjectDelete called by workers>base @gkaissisCaught ForceObjectDelete called by workers>base @gkaissisCaught ForceObjectDelete called by workers>base @gkaissisCaught ForceObjectDelete called by workers>base @gkaissisCaught ForceObjectDelete called by workers>base @gkaissisCaught ForceObjectDelete called by workers>base @gkaissisCaught ForceObjectDelete called by workers>base @gkaissisCaught ForceObjectDelete called by workers>base @gkaissisCaught ForceObjectDelete called by workers>base @gkaissisCaught ForceObjectDelete called by workers>base @gkaissisCaught ForceObjectDelete called by workers>base @gkaissisCaught ForceObjectDelete called by workers>base @gkaissisCaught ForceObjectDelete called by workers>base @gkaissisCaught ForceObjectDelete called by workers>base @gkaissisCaught ForceObjectDelete called by workers>base @gkaissisCaught ForceObjectDelete called by workers>base @gkaissisCaught ForceObjectDelete called by workers>base @gkaissisCaught ForceObjectDelete called by workers>base @gkaissisCaught ForceObjectDelete called by workers>base @gkaissisCaught ForceObjectDelete called by workers>base @gkaissisCaught ForceObjectDelete called by workers>base @gkaissisCaught ForceObjectDelete called by workers>base @gkaissisCaught ForceObjectDelete called by workers>base @gkaissisCaught ForceObjectDelete called by workers>base @gkaissisCaught ForceObjectDelete called by workers>base @gkaissisCaught ForceObjectDelete called by workers>base @gkaissisCaught ForceObjectDelete called by workers>base @gkaissisCaught ForceObjectDelete called by workers>base @gkaissisCaught ForceObjectDelete called by workers>base @gkaissisCaught ForceObjectDelete called by workers>base @gkaissisCaught ForceObjectDelete called by workers>base @gkaissisCaught ForceObjectDelete called by workers>base @gkaissisCaught ForceObjectDelete called by workers>base @gkaissisCaught ForceObjectDelete called by workers>base @gkaissisCaught ForceObjectDelete called by workers>base @gkaissisCaught ForceObjectDelete called by workers>base @gkaissisCaught ForceObjectDelete called by workers>base @gkaissisCaught ForceObjectDelete called by workers>base @gkaissisCaught ForceObjectDelete called by workers>base @gkaissisCaught ForceObjectDelete called by workers>base @gkaissisCaught ForceObjectDelete called by workers>base @gkaissisCaught ForceObjectDelete called by workers>base @gkaissisCaught ForceObjectDelete called by workers>base @gkaissisCaught ForceObjectDelete called by workers>base @gkaissisCaught ForceObjectDelete called by workers>base @gkaissisCaught ForceObjectDelete called by workers>base @gkaissisCaught ForceObjectDelete called by workers>base @gkaissisCaught ForceObjectDelete called by workers>base @gkaissisCaught ForceObjectDelete called by workers>base @gkaissisCaught ForceObjectDelete called by workers>base @gkaissisCaught ForceObjectDelete called by workers>base @gkaissisCaught ForceObjectDelete called by workers>base @gkaissisCaught ForceObjectDelete called by workers>base @gkaissisCaught ForceObjectDelete called by workers>base @gkaissisCaught ForceObjectDelete called by workers>base @gkaissisCaught ForceObjectDelete called by workers>base @gkaissisCaught ForceObjectDelete called by workers>base @gkaissisCaught ForceObjectDelete called by workers>base @gkaissisCaught ForceObjectDelete called by workers>base @gkaissisCaught ForceObjectDelete called by workers>base @gkaissisCaught ForceObjectDelete called by workers>base @gkaissisCaught ForceObjectDelete called by workers>base @gkaissisCaught ForceObjectDelete called by workers>base @gkaissisCaught ForceObjectDelete called by workers>base @gkaissisCaught ForceObjectDelete called by workers>base @gkaissisCaught ForceObjectDelete called by workers>base @gkaissisCaught ForceObjectDelete called by workers>base @gkaissisCaught ForceObjectDelete called by workers>base @gkaissisCaught ForceObjectDelete called by workers>base @gkaissisCaught ForceObjectDelete called by workers>base @gkaissisCaught ForceObjectDelete called by workers>base @gkaissisCaught ForceObjectDelete called by workers>base @gkaissisCaught ForceObjectDelete called by workers>base @gkaissisCaught ForceObjectDelete called by workers>base @gkaissisCaught ForceObjectDelete called by workers>base @gkaissisCaught ForceObjectDelete called by workers>base @gkaissisCaught ForceObjectDelete called by workers>base @gkaissisCaught ForceObjectDelete called by workers>base @gkaissisCaught ForceObjectDelete called by workers>base @gkaissisCaught ForceObjectDelete called by workers>base @gkaissisCaught ForceObjectDelete called by workers>base @gkaissisCaught ForceObjectDelete called by workers>base @gkaissisCaught ForceObjectDelete called by workers>base @gkaissisCaught ForceObjectDelete called by workers>base @gkaissisCaught ForceObjectDelete called by workers>base @gkaissisCaught ForceObjectDelete called by workers>base @gkaissisCaught ForceObjectDelete called by workers>base @gkaissisCaught ForceObjectDelete called by workers>base @gkaissisCaught ForceObjectDelete called by workers>base @gkaissisCaught ForceObjectDelete called by workers>base @gkaissisCaught ForceObjectDelete called by workers>base @gkaissisCaught ForceObjectDelete called by workers>base @gkaissisCaught ForceObjectDelete called by workers>base @gkaissisCaught ForceObjectDelete called by workers>base @gkaissisCaught ForceObjectDelete called by workers>base @gkaissisCaught ForceObjectDelete called by workers>base @gkaissisCaught ForceObjectDelete called by workers>base @gkaissisCaught ForceObjectDelete called by workers>base @gkaissisCaught ForceObjectDelete called by workers>base @gkaissisCaught ForceObjectDelete called by workers>base @gkaissisCaught ForceObjectDelete called by workers>base @gkaissisCaught ForceObjectDelete called by workers>base @gkaissisCaught ForceObjectDelete called by workers>base @gkaissisCaught ForceObjectDelete called by workers>base @gkaissisCaught ForceObjectDelete called by workers>base @gkaissisCaught ForceObjectDelete called by workers>base @gkaissisCaught ForceObjectDelete called by workers>base @gkaissisCaught ForceObjectDelete called by workers>base @gkaissisCaught ForceObjectDelete called by workers>base @gkaissisCaught ForceObjectDelete called by workers>base @gkaissisCaught ForceObjectDelete called by workers>base @gkaissisCaught ForceObjectDelete called by workers>base @gkaissisCaught ForceObjectDelete called by workers>base @gkaissisCaught ForceObjectDelete called by workers>base @gkaissisCaught ForceObjectDelete called by workers>base @gkaissisCaught ForceObjectDelete called by workers>base @gkaissisCaught ForceObjectDelete called by workers>base @gkaissisCaught ForceObjectDelete called by workers>base @gkaissisCaught ForceObjectDelete called by workers>base @gkaissisCaught ForceObjectDelete called by workers>base @gkaissisCaught ForceObjectDelete called by workers>base @gkaissisCaught ForceObjectDelete called by workers>base @gkaissisCaught ForceObjectDelete called by workers>base @gkaissisCaught ForceObjectDelete called by workers>base @gkaissisCaught ForceObjectDelete called by workers>base @gkaissisCaught ForceObjectDelete called by workers>base @gkaissisCaught ForceObjectDelete called by workers>base @gkaissisCaught ForceObjectDelete called by workers>base @gkaissisCaught ForceObjectDelete called by workers>base @gkaissisCaught ForceObjectDelete called by workers>base @gkaissisCaught ForceObjectDelete called by workers>base @gkaissisCaught ForceObjectDelete called by workers>base @gkaissisCaught ForceObjectDelete called by workers>base @gkaissisCaught ForceObjectDelete called by workers>base @gkaissisCaught ForceObjectDelete called by workers>base @gkaissisCaught ForceObjectDelete called by workers>base @gkaissisCaught ForceObjectDelete called by workers>base @gkaissisCaught ForceObjectDelete called by workers>base @gkaissisCaught ForceObjectDelete called by workers>base @gkaissisCaught ForceObjectDelete called by workers>base @gkaissisCaught ForceObjectDelete called by workers>base @gkaissisCaught ForceObjectDelete called by workers>base @gkaissisCaught ForceObjectDelete called by workers>base @gkaissisCaught ForceObjectDelete called by workers>base @gkaissisCaught ForceObjectDelete called by workers>base @gkaissisCaught ForceObjectDelete called by workers>base @gkaissisCaught ForceObjectDelete called by workers>base @gkaissisCaught ForceObjectDelete called by workers>base @gkaissisCaught ForceObjectDelete called by workers>base @gkaissisCaught ForceObjectDelete called by workers>base @gkaissisCaught ForceObjectDelete called by workers>base @gkaissisCaught ForceObjectDelete called by workers>base @gkaissisCaught ForceObjectDelete called by workers>base @gkaissisCaught ForceObjectDelete called by workers>base @gkaissisCaught ForceObjectDelete called by workers>base @gkaissisCaught ForceObjectDelete called by workers>base @gkaissisCaught ForceObjectDelete called by workers>base @gkaissisCaught ForceObjectDelete called by workers>base @gkaissisCaught ForceObjectDelete called by workers>base @gkaissisCaught ForceObjectDelete called by workers>base @gkaissisCaught ForceObjectDelete called by workers>base @gkaissisCaught ForceObjectDelete called by workers>base @gkaissisCaught ForceObjectDelete called by workers>base @gkaissisCaught ForceObjectDelete called by workers>base @gkaissisCaught ForceObjectDelete called by workers>base @gkaissisCaught ForceObjectDelete called by workers>base @gkaissisCaught ForceObjectDelete called by workers>base @gkaissisCaught ForceObjectDelete called by workers>base @gkaissisCaught ForceObjectDelete called by workers>base @gkaissisCaught ForceObjectDelete called by workers>base @gkaissisCaught ForceObjectDelete called by workers>base @gkaissisCaught ForceObjectDelete called by workers>base @gkaissisCaught ForceObjectDelete called by workers>base @gkaissisCaught ForceObjectDelete called by workers>base @gkaissisCaught ForceObjectDelete called by workers>base @gkaissisCaught ForceObjectDelete called by workers>base @gkaissisCaught ForceObjectDelete called by workers>base @gkaissisCaught ForceObjectDelete called by workers>base @gkaissisCaught ForceObjectDelete called by workers>base @gkaissisCaught ForceObjectDelete called by workers>base @gkaissisCaught ForceObjectDelete called by workers>base @gkaissisCaught ForceObjectDelete called by workers>base @gkaissisCaught ForceObjectDelete called by workers>base @gkaissisCaught ForceObjectDelete called by workers>base @gkaissisCaught ForceObjectDelete called by workers>base @gkaissisCaught ForceObjectDelete called by workers>base @gkaissisCaught ForceObjectDelete called by workers>base @gkaissisCaught ForceObjectDelete called by workers>base @gkaissisCaught ForceObjectDelete called by workers>base @gkaissisCaught ForceObjectDelete called by workers>base @gkaissisCaught ForceObjectDelete called by workers>base @gkaissisCaught ForceObjectDelete called by workers>base @gkaissisCaught ForceObjectDelete called by workers>base @gkaissisCaught ForceObjectDelete called by workers>base @gkaissisCaught ForceObjectDelete called by workers>base @gkaissisCaught ForceObjectDelete called by workers>base @gkaissisCaught ForceObjectDelete called by workers>base @gkaissisCaught ForceObjectDelete called by workers>base @gkaissisCaught ForceObjectDelete called by workers>base @gkaissisCaught ForceObjectDelete called by workers>base @gkaissisCaught ForceObjectDelete called by workers>base @gkaissisCaught ForceObjectDelete called by workers>base @gkaissisCaught ForceObjectDelete called by workers>base @gkaissisCaught ForceObjectDelete called by workers>base @gkaissisCaught ForceObjectDelete called by workers>base @gkaissisCaught ForceObjectDelete called by workers>base @gkaissisCaught ForceObjectDelete called by workers>base @gkaissisCaught ForceObjectDelete called by workers>base @gkaissisCaught ForceObjectDelete called by workers>base @gkaissisCaught ForceObjectDelete called by workers>base @gkaissisCaught ForceObjectDelete called by workers>base @gkaissisCaught ForceObjectDelete called by workers>base @gkaissisCaught ForceObjectDelete called by workers>base @gkaissisCaught ForceObjectDelete called by workers>base @gkaissisCaught ForceObjectDelete called by workers>base @gkaissisCaught ForceObjectDelete called by workers>base @gkaissisCaught ForceObjectDelete called by workers>base @gkaissisCaught ForceObjectDelete called by workers>base @gkaissisCaught ForceObjectDelete called by workers>base @gkaissisCaught ForceObjectDelete called by workers>base @gkaissisCaught ForceObjectDelete called by workers>base @gkaissisCaught ForceObjectDelete called by workers>base @gkaissisCaught ForceObjectDelete called by workers>base @gkaissisCaught ForceObjectDelete called by workers>base @gkaissisCaught ForceObjectDelete called by workers>base @gkaissisCaught ForceObjectDelete called by workers>base @gkaissisCaught ForceObjectDelete called by workers>base @gkaissisCaught ForceObjectDelete called by workers>base @gkaissisCaught ForceObjectDelete called by workers>base @gkaissisCaught ForceObjectDelete called by workers>base @gkaissisCaught ForceObjectDelete called by workers>base @gkaissisCaught ForceObjectDelete called by workers>base @gkaissisCaught ForceObjectDelete called by workers>base @gkaissisCaught ForceObjectDelete called by workers>base @gkaissisCaught ForceObjectDelete called by workers>base @gkaissisCaught ForceObjectDelete called by workers>base @gkaissisCaught ForceObjectDelete called by workers>base @gkaissisCaught ForceObjectDelete called by workers>base @gkaissisCaught ForceObjectDelete called by workers>base @gkaissisCaught ForceObjectDelete called by workers>base @gkaissisCaught ForceObjectDelete called by workers>base @gkaissisCaught ForceObjectDelete called by workers>base @gkaissisCaught ForceObjectDelete called by workers>base @gkaissisCaught ForceObjectDelete called by workers>base @gkaissisCaught ForceObjectDelete called by workers>base @gkaissisCaught ForceObjectDelete called by workers>base @gkaissisCaught ForceObjectDelete called by workers>base @gkaissisCaught ForceObjectDelete called by workers>base @gkaissisCaught ForceObjectDelete called by workers>base @gkaissisCaught ForceObjectDelete called by workers>base @gkaissisCaught ForceObjectDelete called by workers>base @gkaissisCaught ForceObjectDelete called by workers>base @gkaissisCaught ForceObjectDelete called by workers>base @gkaissisCaught ForceObjectDelete called by workers>base @gkaissisCaught ForceObjectDelete called by workers>base @gkaissisCaught ForceObjectDelete called by workers>base @gkaissisCaught ForceObjectDelete called by workers>base @gkaissisCaught ForceObjectDelete called by workers>base @gkaissisCaught ForceObjectDelete called by workers>base @gkaissisCaught ForceObjectDelete called by workers>base @gkaissisCaught ForceObjectDelete called by workers>base @gkaissisCaught ForceObjectDelete called by workers>base @gkaissisCaught ForceObjectDelete called by workers>base @gkaissisCaught ForceObjectDelete called by workers>base @gkaissisCaught ForceObjectDelete called by workers>base @gkaissisCaught ForceObjectDelete called by workers>base @gkaissisCaught ForceObjectDelete called by workers>base @gkaissisCaught ForceObjectDelete called by workers>base @gkaissisCaught ForceObjectDelete called by workers>base @gkaissisCaught ForceObjectDelete called by workers>base @gkaissisCaught ForceObjectDelete called by workers>base @gkaissisCaught ForceObjectDelete called by workers>base @gkaissisCaught ForceObjectDelete called by workers>base @gkaissisCaught ForceObjectDelete called by workers>base @gkaissisCaught ForceObjectDelete called by workers>base @gkaissisCaught ForceObjectDelete called by workers>base @gkaissisCaught ForceObjectDelete called by workers>base @gkaissisCaught ForceObjectDelete called by workers>base @gkaissisCaught ForceObjectDelete called by workers>base @gkaissisCaught ForceObjectDelete called by workers>base @gkaissisCaught ForceObjectDelete called by workers>base @gkaissisCaught ForceObjectDelete called by workers>base @gkaissisCaught ForceObjectDelete called by workers>base @gkaissisCaught ForceObjectDelete called by workers>base @gkaissisCaught ForceObjectDelete called by workers>base @gkaissisCaught ForceObjectDelete called by workers>base @gkaissisCaught ForceObjectDelete called by workers>base @gkaissisCaught ForceObjectDelete called by workers>base @gkaissisCaught ForceObjectDelete called by workers>base @gkaissisCaught ForceObjectDelete called by workers>base @gkaissisCaught ForceObjectDelete called by workers>base @gkaissisCaught ForceObjectDelete called by workers>base @gkaissisCaught ForceObjectDelete called by workers>base @gkaissisCaught ForceObjectDelete called by workers>base @gkaissisCaught ForceObjectDelete called by workers>base @gkaissisCaught ForceObjectDelete called by workers>base @gkaissisCaught ForceObjectDelete called by workers>base @gkaissisCaught ForceObjectDelete called by workers>base @gkaissisCaught ForceObjectDelete called by workers>base @gkaissisCaught ForceObjectDelete called by workers>base @gkaissisCaught ForceObjectDelete called by workers>base @gkaissisCaught ForceObjectDelete called by workers>base @gkaissisCaught ForceObjectDelete called by workers>base @gkaissisCaught ForceObjectDelete called by workers>base @gkaissisCaught ForceObjectDelete called by workers>base @gkaissisCaught ForceObjectDelete called by workers>base @gkaissisCaught ForceObjectDelete called by workers>base @gkaissisCaught ForceObjectDelete called by workers>base @gkaissisCaught ForceObjectDelete called by workers>base @gkaissisCaught ForceObjectDelete called by workers>base @gkaissisCaught ForceObjectDelete called by workers>base @gkaissisCaught ForceObjectDelete called by workers>base @gkaissisCaught ForceObjectDelete called by workers>base @gkaissisCaught ForceObjectDelete called by workers>base @gkaissisCaught ForceObjectDelete called by workers>base @gkaissisCaught ForceObjectDelete called by workers>base @gkaissisCaught ForceObjectDelete called by workers>base @gkaissisCaught ForceObjectDelete called by workers>base @gkaissisCaught ForceObjectDelete called by workers>base @gkaissisCaught ForceObjectDelete called by workers>base @gkaissisCaught ForceObjectDelete called by workers>base @gkaissisCaught ForceObjectDelete called by workers>base @gkaissisCaught ForceObjectDelete called by workers>base @gkaissisCaught ForceObjectDelete called by workers>base @gkaissisCaught ForceObjectDelete called by workers>base @gkaissisCaught ForceObjectDelete called by workers>base @gkaissisCaught ForceObjectDelete called by workers>base @gkaissisCaught ForceObjectDelete called by workers>base @gkaissisCaught ForceObjectDelete called by workers>base @gkaissisCaught ForceObjectDelete called by workers>base @gkaissisCaught ForceObjectDelete called by workers>base @gkaissisCaught ForceObjectDelete called by workers>base @gkaissisCaught ForceObjectDelete called by workers>base @gkaissisCaught ForceObjectDelete called by workers>base @gkaissisCaught ForceObjectDelete called by workers>base @gkaissisCaught ForceObjectDelete called by workers>base @gkaissisCaught ForceObjectDelete called by workers>base @gkaissisCaught ForceObjectDelete called by workers>base @gkaissisCaught ForceObjectDelete called by workers>base @gkaissisCaught ForceObjectDelete called by workers>base @gkaissisCaught ForceObjectDelete called by workers>base @gkaissisCaught ForceObjectDelete called by workers>base @gkaissisCaught ForceObjectDelete called by workers>base @gkaissisCaught ForceObjectDelete called by workers>base @gkaissisCaught ForceObjectDelete called by workers>base @gkaissisCaught ForceObjectDelete called by workers>base @gkaissisCaught ForceObjectDelete called by workers>base @gkaissisCaught ForceObjectDelete called by workers>base @gkaissisCaught ForceObjectDelete called by workers>base @gkaissisCaught ForceObjectDelete called by workers>base @gkaissisCaught ForceObjectDelete called by workers>base @gkaissisCaught ForceObjectDelete called by workers>base @gkaissisCaught ForceObjectDelete called by workers>base @gkaissisCaught ForceObjectDelete called by workers>base @gkaissisCaught ForceObjectDelete called by workers>base @gkaissisCaught ForceObjectDelete called by workers>base @gkaissisCaught ForceObjectDelete called by workers>base @gkaissisCaught ForceObjectDelete called by workers>base @gkaissisCaught ForceObjectDelete called by workers>base @gkaissisCaught ForceObjectDelete called by workers>base @gkaissisCaught ForceObjectDelete called by workers>base @gkaissisCaught ForceObjectDelete called by workers>base @gkaissisCaught ForceObjectDelete called by workers>base @gkaissisCaught ForceObjectDelete called by workers>base @gkaissisCaught ForceObjectDelete called by workers>base @gkaissisCaught ForceObjectDelete called by workers>base @gkaissisCaught ForceObjectDelete called by workers>base @gkaissisCaught ForceObjectDelete called by workers>base @gkaissisCaught ForceObjectDelete called by workers>base @gkaissisCaught ForceObjectDelete called by workers>base @gkaissisCaught ForceObjectDelete called by workers>base @gkaissisCaught ForceObjectDelete called by workers>base @gkaissisCaught ForceObjectDelete called by workers>base @gkaissisCaught ForceObjectDelete called by workers>base @gkaissisCaught ForceObjectDelete called by workers>base @gkaissisCaught ForceObjectDelete called by workers>base @gkaissisCaught ForceObjectDelete called by workers>base @gkaissisCaught ForceObjectDelete called by workers>base @gkaissisCaught ForceObjectDelete called by workers>base @gkaissisCaught ForceObjectDelete called by workers>base @gkaissisCaught ForceObjectDelete called by workers>base @gkaissisCaught ForceObjectDelete called by workers>base @gkaissisCaught ForceObjectDelete called by workers>base @gkaissisCaught ForceObjectDelete called by workers>base @gkaissisCaught ForceObjectDelete called by workers>base @gkaissisCaught ForceObjectDelete called by workers>base @gkaissisCaught ForceObjectDelete called by workers>base @gkaissisCaught ForceObjectDelete called by workers>base @gkaissisCaught ForceObjectDelete called by workers>base @gkaissisCaught ForceObjectDelete called by workers>base @gkaissisCaught ForceObjectDelete called by workers>base @gkaissisCaught ForceObjectDelete called by workers>base @gkaissisCaught ForceObjectDelete called by workers>base @gkaissisCaught ForceObjectDelete called by workers>base @gkaissisCaught ForceObjectDelete called by workers>base @gkaissisCaught ForceObjectDelete called by workers>base @gkaissisCaught ForceObjectDelete called by workers>base @gkaissisCaught ForceObjectDelete called by workers>base @gkaissisCaught ForceObjectDelete called by workers>base @gkaissisCaught ForceObjectDelete called by workers>base @gkaissisCaught ForceObjectDelete called by workers>base @gkaissisCaught ForceObjectDelete called by workers>base @gkaissisCaught ForceObjectDelete called by workers>base @gkaissisCaught ForceObjectDelete called by workers>base @gkaissisCaught ForceObjectDelete called by workers>base @gkaissisCaught ForceObjectDelete called by workers>base @gkaissisCaught ForceObjectDelete called by workers>base @gkaissisCaught ForceObjectDelete called by workers>base @gkaissisCaught ForceObjectDelete called by workers>base @gkaissisCaught ForceObjectDelete called by workers>base @gkaissisCaught ForceObjectDelete called by workers>base @gkaissisCaught ForceObjectDelete called by workers>base @gkaissisCaught ForceObjectDelete called by workers>base @gkaissisCaught ForceObjectDelete called by workers>base @gkaissisCaught ForceObjectDelete called by workers>base @gkaissisCaught ForceObjectDelete called by workers>base @gkaissisCaught ForceObjectDelete called by workers>base @gkaissisCaught ForceObjectDelete called by workers>base @gkaissisCaught ForceObjectDelete called by workers>base @gkaissisCaught ForceObjectDelete called by workers>base @gkaissisCaught ForceObjectDelete called by workers>base @gkaissisCaught ForceObjectDelete called by workers>base @gkaissisCaught ForceObjectDelete called by workers>base @gkaissisCaught ForceObjectDelete called by workers>base @gkaissisCaught ForceObjectDelete called by workers>base @gkaissisCaught ForceObjectDelete called by workers>base @gkaissisCaught ForceObjectDelete called by workers>base @gkaissisCaught ForceObjectDelete called by workers>base @gkaissisCaught ForceObjectDelete called by workers>base @gkaissisCaught ForceObjectDelete called by workers>base @gkaissisCaught ForceObjectDelete called by workers>base @gkaissisCaught ForceObjectDelete called by workers>base @gkaissisCaught ForceObjectDelete called by workers>base @gkaissisCaught ForceObjectDelete called by workers>base @gkaissisCaught ForceObjectDelete called by workers>base @gkaissisCaught ForceObjectDelete called by workers>base @gkaissisCaught ForceObjectDelete called by workers>base @gkaissisCaught ForceObjectDelete called by workers>base @gkaissisCaught ForceObjectDelete called by workers>base @gkaissisCaught ForceObjectDelete called by workers>base @gkaissisCaught ForceObjectDelete called by workers>base @gkaissisCaught ForceObjectDelete called by workers>base @gkaissisCaught ForceObjectDelete called by workers>base @gkaissisCaught ForceObjectDelete called by workers>base @gkaissisCaught ForceObjectDelete called by workers>base @gkaissisCaught ForceObjectDelete called by workers>base @gkaissisCaught ForceObjectDelete called by workers>base @gkaissisCaught ForceObjectDelete called by workers>base @gkaissisCaught ForceObjectDelete called by workers>base @gkaissisCaught ForceObjectDelete called by workers>base @gkaissisCaught ForceObjectDelete called by workers>base @gkaissisCaught ForceObjectDelete called by workers>base @gkaissisCaught ForceObjectDelete called by workers>base @gkaissisCaught ForceObjectDelete called by workers>base @gkaissisCaught ForceObjectDelete called by workers>base @gkaissisCaught ForceObjectDelete called by workers>base @gkaissisCaught ForceObjectDelete called by workers>base @gkaissisCaught ForceObjectDelete called by workers>base @gkaissisCaught ForceObjectDelete called by workers>base @gkaissisCaught ForceObjectDelete called by workers>base @gkaissisCaught ForceObjectDelete called by workers>base @gkaissisCaught ForceObjectDelete called by workers>base @gkaissisCaught ForceObjectDelete called by workers>base @gkaissisCaught ForceObjectDelete called by workers>base @gkaissisCaught ForceObjectDelete called by workers>base @gkaissisCaught ForceObjectDelete called by workers>base @gkaissisCaught ForceObjectDelete called by workers>base @gkaissisCaught ForceObjectDelete called by workers>base @gkaissisCaught ForceObjectDelete called by workers>base @gkaissisCaught ForceObjectDelete called by workers>base @gkaissisCaught ForceObjectDelete called by workers>base @gkaissisCaught ForceObjectDelete called by workers>base @gkaissisCaught ForceObjectDelete called by workers>base @gkaissisCaught ForceObjectDelete called by workers>base @gkaissisCaught ForceObjectDelete called by workers>base @gkaissisCaught ForceObjectDelete called by workers>base @gkaissisCaught ForceObjectDelete called by workers>base @gkaissisCaught ForceObjectDelete called by workers>base @gkaissisCaught ForceObjectDelete called by workers>base @gkaissisCaught ForceObjectDelete called by workers>base @gkaissisCaught ForceObjectDelete called by workers>base @gkaissisCaught ForceObjectDelete called by workers>base @gkaissisCaught ForceObjectDelete called by workers>base @gkaissisCaught ForceObjectDelete called by workers>base @gkaissisCaught ForceObjectDelete called by workers>base @gkaissisCaught ForceObjectDelete called by workers>base @gkaissisCaught ForceObjectDelete called by workers>base @gkaissisCaught ForceObjectDelete called by workers>base @gkaissisCaught ForceObjectDelete called by workers>base @gkaissisCaught ForceObjectDelete called by workers>base @gkaissisCaught ForceObjectDelete called by workers>base @gkaissisCaught ForceObjectDelete called by workers>base @gkaissisCaught ForceObjectDelete called by workers>base @gkaissisCaught ForceObjectDelete called by workers>base @gkaissisCaught ForceObjectDelete called by workers>base @gkaissisCaught ForceObjectDelete called by workers>base @gkaissisCaught ForceObjectDelete called by workers>base @gkaissisCaught ForceObjectDelete called by workers>base @gkaissisCaught ForceObjectDelete called by workers>base @gkaissisCaught ForceObjectDelete called by workers>base @gkaissisCaught ForceObjectDelete called by workers>base @gkaissisCaught ForceObjectDelete called by workers>base @gkaissisCaught ForceObjectDelete called by workers>base @gkaissisCaught ForceObjectDelete called by workers>base @gkaissisCaught ForceObjectDelete called by workers>base @gkaissisCaught ForceObjectDelete called by workers>base @gkaissisCaught ForceObjectDelete called by workers>base @gkaissisCaught ForceObjectDelete called by workers>base @gkaissisCaught ForceObjectDelete called by workers>base @gkaissisCaught ForceObjectDelete called by workers>base @gkaissisCaught ForceObjectDelete called by workers>base @gkaissisCaught ForceObjectDelete called by workers>base @gkaissisCaught ForceObjectDelete called by workers>base @gkaissisCaught ForceObjectDelete called by workers>base @gkaissisCaught ForceObjectDelete called by workers>base @gkaissisCaught ForceObjectDelete called by workers>base @gkaissisCaught ForceObjectDelete called by workers>base @gkaissisCaught ForceObjectDelete called by workers>base @gkaissisCaught ForceObjectDelete called by workers>base @gkaissisCaught ForceObjectDelete called by workers>base @gkaissisCaught ForceObjectDelete called by workers>base @gkaissisCaught ForceObjectDelete called by workers>base @gkaissisCaught ForceObjectDelete called by workers>base @gkaissisCaught ForceObjectDelete called by workers>base @gkaissisCaught ForceObjectDelete called by workers>base @gkaissisCaught ForceObjectDelete called by workers>base @gkaissisCaught ForceObjectDelete called by workers>base @gkaissisCaught ForceObjectDelete called by workers>base @gkaissisCaught ForceObjectDelete called by workers>base @gkaissisCaught ForceObjectDelete called by workers>base @gkaissisCaught ForceObjectDelete called by workers>base @gkaissisCaught ForceObjectDelete called by workers>base @gkaissisCaught ForceObjectDelete called by workers>base @gkaissisCaught ForceObjectDelete called by workers>base @gkaissisCaught ForceObjectDelete called by workers>base @gkaissisCaught ForceObjectDelete called by workers>base @gkaissisCaught ForceObjectDelete called by workers>base @gkaissisCaught ForceObjectDelete called by workers>base @gkaissisCaught ForceObjectDelete called by workers>base @gkaissisCaught ForceObjectDelete called by workers>base @gkaissisCaught ForceObjectDelete called by workers>base @gkaissisCaught ForceObjectDelete called by workers>base @gkaissisCaught ForceObjectDelete called by workers>base @gkaissisCaught ForceObjectDelete called by workers>base @gkaissisCaught ForceObjectDelete called by workers>base @gkaissisCaught ForceObjectDelete called by workers>base @gkaissisCaught ForceObjectDelete called by workers>base @gkaissisde_register_obj called by generic>pointers>object_pointer @gkaissis
Train batch 0: 100%|██████████| 3/3 [00:06<00:00,  2.18s/it]
                                                            Training with secure aggregation: 100%|██████████| 1/1 [00:06<00:00,  6.54s/it]                                                                               Caught ForceObjectDelete called by workers>base @gkaissisCaught ForceObjectDelete called by workers>base @gkaissisCaught ForceObjectDelete called by workers>base @gkaissisCaught ForceObjectDelete called by workers>base @gkaissistesting epoch 5:   0%|          | 0/12 [00:00<?, ?it/s]testing epoch 5:  42%|████▏     | 5/12 [00:00<00:00, 38.54it/s]testing epoch 5:  67%|██████▋   | 8/12 [00:00<00:00, 31.98it/s]testing epoch 5: 100%|██████████| 12/12 [00:00<00:00, 33.69it/s]                                                                Caught ForceObjectDelete called by workers>base @gkaissisCaught ForceObjectDelete called by workers>base @gkaissisCaught ForceObjectDelete called by workers>base @gkaissisCaught ForceObjectDelete called by workers>base @gkaissisCaught ForceObjectDelete called by workers>base @gkaissisCaught ForceObjectDelete called by workers>base @gkaissisCaught ForceObjectDelete called by workers>base @gkaissisCaught ForceObjectDelete called by workers>base @gkaissisCaught ForceObjectDelete called by workers>base @gkaissisCaught ForceObjectDelete called by workers>base @gkaissisCaught ForceObjectDelete called by workers>base @gkaissisCaught ForceObjectDelete called by workers>base @gkaissisCaught ForceObjectDelete called by workers>base @gkaissisCaught ForceObjectDelete called by workers>base @gkaissisCaught ForceObjectDelete called by workers>base @gkaissisCaught ForceObjectDelete called by workers>base @gkaissisCaught ForceObjectDelete called by workers>base @gkaissisCaught ForceObjectDelete called by workers>base @gkaissisCaught ForceObjectDelete called by workers>base @gkaissisCaught ForceObjectDelete called by workers>base @gkaissisCaught ForceObjectDelete called by workers>base @gkaissisCaught ForceObjectDelete called by workers>base @gkaissisCaught ForceObjectDelete called by workers>base @gkaissisCaught ForceObjectDelete called by workers>base @gkaissisCaught ForceObjectDelete called by workers>base @gkaissisCaught ForceObjectDelete called by workers>base @gkaissisCaught ForceObjectDelete called by workers>base @gkaissisCaught ForceObjectDelete called by workers>base @gkaissisCaught ForceObjectDelete called by workers>base @gkaissisCaught ForceObjectDelete called by workers>base @gkaissisCaught ForceObjectDelete called by workers>base @gkaissisCaught ForceObjectDelete called by workers>base @gkaissisCaught ForceObjectDelete called by workers>base @gkaissisCaught ForceObjectDelete called by workers>base @gkaissisCaught ForceObjectDelete called by workers>base @gkaissisCaught ForceObjectDelete called by workers>base @gkaissisCaught ForceObjectDelete called by workers>base @gkaissisCaught ForceObjectDelete called by workers>base @gkaissisCaught ForceObjectDelete called by workers>base @gkaissisCaught ForceObjectDelete called by workers>base @gkaissisCaught ForceObjectDelete called by workers>base @gkaissisCaught ForceObjectDelete called by workers>base @gkaissisCaught ForceObjectDelete called by workers>base @gkaissisCaught ForceObjectDelete called by workers>base @gkaissisCaught ForceObjectDelete called by workers>base @gkaissisCaught ForceObjectDelete called by workers>base @gkaissisCaught ForceObjectDelete called by workers>base @gkaissisCaught ForceObjectDelete called by workers>base @gkaissisCaught ForceObjectDelete called by workers>base @gkaissisCaught ForceObjectDelete called by workers>base @gkaissisCaught ForceObjectDelete called by workers>base @gkaissisCaught ForceObjectDelete called by workers>base @gkaissisCaught ForceObjectDelete called by workers>base @gkaissisCaught ForceObjectDelete called by workers>base @gkaissisCaught ForceObjectDelete called by workers>base @gkaissisCaught ForceObjectDelete called by workers>base @gkaissisCaught ForceObjectDelete called by workers>base @gkaissisCaught ForceObjectDelete called by workers>base @gkaissisCaught ForceObjectDelete called by workers>base @gkaissisCaught ForceObjectDelete called by workers>base @gkaissisCaught ForceObjectDelete called by workers>base @gkaissisCaught ForceObjectDelete called by workers>base @gkaissisCaught ForceObjectDelete called by workers>base @gkaissisCaught ForceObjectDelete called by workers>base @gkaissisCaught ForceObjectDelete called by workers>base @gkaissisCaught ForceObjectDelete called by workers>base @gkaissisCaught ForceObjectDelete called by workers>base @gkaissisCaught ForceObjectDelete called by workers>base @gkaissisCaught ForceObjectDelete called by workers>base @gkaissisCaught ForceObjectDelete called by workers>base @gkaissisCaught ForceObjectDelete called by workers>base @gkaissisCaught ForceObjectDelete called by workers>base @gkaissisCaught ForceObjectDelete called by workers>base @gkaissisCaught ForceObjectDelete called by workers>base @gkaissisCaught ForceObjectDelete called by workers>base @gkaissisCaught ForceObjectDelete called by workers>base @gkaissisCaught ForceObjectDelete called by workers>base @gkaissisCaught ForceObjectDelete called by workers>base @gkaissisCaught ForceObjectDelete called by workers>base @gkaissisCaught ForceObjectDelete called by workers>base @gkaissisCaught ForceObjectDelete called by workers>base @gkaissisCaught ForceObjectDelete called by workers>base @gkaissisCaught ForceObjectDelete called by workers>base @gkaissisCaught ForceObjectDelete called by workers>base @gkaissisCaught ForceObjectDelete called by workers>base @gkaissisCaught ForceObjectDelete called by workers>base @gkaissisCaught ForceObjectDelete called by workers>base @gkaissisCaught ForceObjectDelete called by workers>base @gkaissisCaught ForceObjectDelete called by workers>base @gkaissisCaught ForceObjectDelete called by workers>base @gkaissisCaught ForceObjectDelete called by workers>base @gkaissisCaught ForceObjectDelete called by workers>base @gkaissisCaught ForceObjectDelete called by workers>base @gkaissisCaught ForceObjectDelete called by workers>base @gkaissisCaught ForceObjectDelete called by workers>base @gkaissisCaught ForceObjectDelete called by workers>base @gkaissisCaught ForceObjectDelete called by workers>base @gkaissisCaught ForceObjectDelete called by workers>base @gkaissisCaught ForceObjectDelete called by workers>base @gkaissisCaught ForceObjectDelete called by workers>base @gkaissisCaught ForceObjectDelete called by workers>base @gkaissisCaught ForceObjectDelete called by workers>base @gkaissisCaught ForceObjectDelete called by workers>base @gkaissisCaught ForceObjectDelete called by workers>base @gkaissisCaught ForceObjectDelete called by workers>base @gkaissisCaught ForceObjectDelete called by workers>base @gkaissisCaught ForceObjectDelete called by workers>base @gkaissisCaught ForceObjectDelete called by workers>base @gkaissisCaught ForceObjectDelete called by workers>base @gkaissisCaught ForceObjectDelete called by workers>base @gkaissisCaught ForceObjectDelete called by workers>base @gkaissisCaught ForceObjectDelete called by workers>base @gkaissisCaught ForceObjectDelete called by workers>base @gkaissisCaught ForceObjectDelete called by workers>base @gkaissisCaught ForceObjectDelete called by workers>base @gkaissisCaught ForceObjectDelete called by workers>base @gkaissisCaught ForceObjectDelete called by workers>base @gkaissisCaught ForceObjectDelete called by workers>base @gkaissisCaught ForceObjectDelete called by workers>base @gkaissisCaught ForceObjectDelete called by workers>base @gkaissisCaught ForceObjectDelete called by workers>base @gkaissisCaught ForceObjectDelete called by workers>base @gkaissisCaught ForceObjectDelete called by workers>base @gkaissisCaught ForceObjectDelete called by workers>base @gkaissisCaught ForceObjectDelete called by workers>base @gkaissisCaught ForceObjectDelete called by workers>base @gkaissisCaught ForceObjectDelete called by workers>base @gkaissisCaught ForceObjectDelete called by workers>base @gkaissisCaught ForceObjectDelete called by workers>base @gkaissisCaught ForceObjectDelete called by workers>base @gkaissisCaught ForceObjectDelete called by workers>base @gkaissisCaught ForceObjectDelete called by workers>base @gkaissisCaught ForceObjectDelete called by workers>base @gkaissisCaught ForceObjectDelete called by workers>base @gkaissisCaught ForceObjectDelete called by workers>base @gkaissisCaught ForceObjectDelete called by workers>base @gkaissisCaught ForceObjectDelete called by workers>base @gkaissisCaught ForceObjectDelete called by workers>base @gkaissisCaught ForceObjectDelete called by workers>base @gkaissisCaught ForceObjectDelete called by workers>base @gkaissisCaught ForceObjectDelete called by workers>base @gkaissisCaught ForceObjectDelete called by workers>base @gkaissisCaught ForceObjectDelete called by workers>base @gkaissisCaught ForceObjectDelete called by workers>base @gkaissisCaught ForceObjectDelete called by workers>base @gkaissisCaught ForceObjectDelete called by workers>base @gkaissisCaught ForceObjectDelete called by workers>base @gkaissisCaught ForceObjectDelete called by workers>base @gkaissisCaught ForceObjectDelete called by workers>base @gkaissisCaught ForceObjectDelete called by workers>base @gkaissisCaught ForceObjectDelete called by workers>base @gkaissisCaught ForceObjectDelete called by workers>base @gkaissisCaught ForceObjectDelete called by workers>base @gkaissisCaught ForceObjectDelete called by workers>base @gkaissisCaught ForceObjectDelete called by workers>base @gkaissisCaught ForceObjectDelete called by workers>base @gkaissisCaught ForceObjectDelete called by workers>base @gkaissisCaught ForceObjectDelete called by workers>base @gkaissisCaught ForceObjectDelete called by workers>base @gkaissisCaught ForceObjectDelete called by workers>base @gkaissisCaught ForceObjectDelete called by workers>base @gkaissisCaught ForceObjectDelete called by workers>base @gkaissisCaught ForceObjectDelete called by workers>base @gkaissisCaught ForceObjectDelete called by workers>base @gkaissisCaught ForceObjectDelete called by workers>base @gkaissisCaught ForceObjectDelete called by workers>base @gkaissisCaught ForceObjectDelete called by workers>base @gkaissisCaught ForceObjectDelete called by workers>base @gkaissisCaught ForceObjectDelete called by workers>base @gkaissisCaught ForceObjectDelete called by workers>base @gkaissisCaught ForceObjectDelete called by workers>base @gkaissisCaught ForceObjectDelete called by workers>base @gkaissisCaught ForceObjectDelete called by workers>base @gkaissisCaught ForceObjectDelete called by workers>base @gkaissisCaught ForceObjectDelete called by workers>base @gkaissisCaught ForceObjectDelete called by workers>base @gkaissisCaught ForceObjectDelete called by workers>base @gkaissisCaught ForceObjectDelete called by workers>base @gkaissisCaught ForceObjectDelete called by workers>base @gkaissisCaught ForceObjectDelete called by workers>base @gkaissisCaught ForceObjectDelete called by workers>base @gkaissisCaught ForceObjectDelete called by workers>base @gkaissisCaught ForceObjectDelete called by workers>base @gkaissisCaught ForceObjectDelete called by workers>base @gkaissisCaught ForceObjectDelete called by workers>base @gkaissisCaught ForceObjectDelete called by workers>base @gkaissisCaught ForceObjectDelete called by workers>base @gkaissisCaught ForceObjectDelete called by workers>base @gkaissisCaught ForceObjectDelete called by workers>base @gkaissisCaught ForceObjectDelete called by workers>base @gkaissisCaught ForceObjectDelete called by workers>base @gkaissisCaught ForceObjectDelete called by workers>base @gkaissisCaught ForceObjectDelete called by workers>base @gkaissisCaught ForceObjectDelete called by workers>base @gkaissisCaught ForceObjectDelete called by workers>base @gkaissisCaught ForceObjectDelete called by workers>base @gkaissisCaught ForceObjectDelete called by workers>base @gkaissisCaught ForceObjectDelete called by workers>base @gkaissisCaught ForceObjectDelete called by workers>base @gkaissisCaught ForceObjectDelete called by workers>base @gkaissisCaught ForceObjectDelete called by workers>base @gkaissisCaught ForceObjectDelete called by workers>base @gkaissisCaught ForceObjectDelete called by workers>base @gkaissisCaught ForceObjectDelete called by workers>base @gkaissisCaught ForceObjectDelete called by workers>base @gkaissisCaught ForceObjectDelete called by workers>base @gkaissisCaught ForceObjectDelete called by workers>base @gkaissisCaught ForceObjectDelete called by workers>base @gkaissisCaught ForceObjectDelete called by workers>base @gkaissisCaught ForceObjectDelete called by workers>base @gkaissisCaught ForceObjectDelete called by workers>base @gkaissisCaught ForceObjectDelete called by workers>base @gkaissisCaught ForceObjectDelete called by workers>base @gkaissisCaught ForceObjectDelete called by workers>base @gkaissisCaught ForceObjectDelete called by workers>base @gkaissisCaught ForceObjectDelete called by workers>base @gkaissisCaught ForceObjectDelete called by workers>base @gkaissisCaught ForceObjectDelete called by workers>base @gkaissisCaught ForceObjectDelete called by workers>base @gkaissisCaught ForceObjectDelete called by workers>base @gkaissisCaught ForceObjectDelete called by workers>base @gkaissisCaught ForceObjectDelete called by workers>base @gkaissisCaught ForceObjectDelete called by workers>base @gkaissisCaught ForceObjectDelete called by workers>base @gkaissisCaught ForceObjectDelete called by workers>base @gkaissisCaught ForceObjectDelete called by workers>base @gkaissisCaught ForceObjectDelete called by workers>base @gkaissisCaught ForceObjectDelete called by workers>base @gkaissisCaught ForceObjectDelete called by workers>base @gkaissisCaught ForceObjectDelete called by workers>base @gkaissisCaught ForceObjectDelete called by workers>base @gkaissisCaught ForceObjectDelete called by workers>base @gkaissisCaught ForceObjectDelete called by workers>base @gkaissisCaught ForceObjectDelete called by workers>base @gkaissisCaught ForceObjectDelete called by workers>base @gkaissisCaught ForceObjectDelete called by workers>base @gkaissisCaught ForceObjectDelete called by workers>base @gkaissisCaught ForceObjectDelete called by workers>base @gkaissisCaught ForceObjectDelete called by workers>base @gkaissisCaught ForceObjectDelete called by workers>base @gkaissisCaught ForceObjectDelete called by workers>base @gkaissisCaught ForceObjectDelete called by workers>base @gkaissisCaught ForceObjectDelete called by workers>base @gkaissisCaught ForceObjectDelete called by workers>base @gkaissisCaught ForceObjectDelete called by workers>base @gkaissisCaught ForceObjectDelete called by workers>base @gkaissisCaught ForceObjectDelete called by workers>base @gkaissisCaught ForceObjectDelete called by workers>base @gkaissisCaught ForceObjectDelete called by workers>base @gkaissisCaught ForceObjectDelete called by workers>base @gkaissisCaught ForceObjectDelete called by workers>base @gkaissisCaught ForceObjectDelete called by workers>base @gkaissisCaught ForceObjectDelete called by workers>base @gkaissisCaught ForceObjectDelete called by workers>base @gkaissisCaught ForceObjectDelete called by workers>base @gkaissisCaught ForceObjectDelete called by workers>base @gkaissisCaught ForceObjectDelete called by workers>base @gkaissisCaught ForceObjectDelete called by workers>base @gkaissisCaught ForceObjectDelete called by workers>base @gkaissisCaught ForceObjectDelete called by workers>base @gkaissisCaught ForceObjectDelete called by workers>base @gkaissisCaught ForceObjectDelete called by workers>base @gkaissisCaught ForceObjectDelete called by workers>base @gkaissisCaught ForceObjectDelete called by workers>base @gkaissisCaught ForceObjectDelete called by workers>base @gkaissisCaught ForceObjectDelete called by workers>base @gkaissisCaught ForceObjectDelete called by workers>base @gkaissisCaught ForceObjectDelete called by workers>base @gkaissisCaught ForceObjectDelete called by workers>base @gkaissisCaught ForceObjectDelete called by workers>base @gkaissisCaught ForceObjectDelete called by workers>base @gkaissisCaught ForceObjectDelete called by workers>base @gkaissisCaught ForceObjectDelete called by workers>base @gkaissisCaught ForceObjectDelete called by workers>base @gkaissisCaught ForceObjectDelete called by workers>base @gkaissisCaught ForceObjectDelete called by workers>base @gkaissisCaught ForceObjectDelete called by workers>base @gkaissisCaught ForceObjectDelete called by workers>base @gkaissisCaught ForceObjectDelete called by workers>base @gkaissisCaught ForceObjectDelete called by workers>base @gkaissisCaught ForceObjectDelete called by workers>base @gkaissisCaught ForceObjectDelete called by workers>base @gkaissisCaught ForceObjectDelete called by workers>base @gkaissisCaught ForceObjectDelete called by workers>base @gkaissisCaught ForceObjectDelete called by workers>base @gkaissisCaught ForceObjectDelete called by workers>base @gkaissisCaught ForceObjectDelete called by workers>base @gkaissisCaught ForceObjectDelete called by workers>base @gkaissisCaught ForceObjectDelete called by workers>base @gkaissisCaught ForceObjectDelete called by workers>base @gkaissisCaught ForceObjectDelete called by workers>base @gkaissisCaught ForceObjectDelete called by workers>base @gkaissisCaught ForceObjectDelete called by workers>base @gkaissisCaught ForceObjectDelete called by workers>base @gkaissisCaught ForceObjectDelete called by workers>base @gkaissisCaught ForceObjectDelete called by workers>base @gkaissisCaught ForceObjectDelete called by workers>base @gkaissisCaught ForceObjectDelete called by workers>base @gkaissisCaught ForceObjectDelete called by workers>base @gkaissisCaught ForceObjectDelete called by workers>base @gkaissisCaught ForceObjectDelete called by workers>base @gkaissisCaught ForceObjectDelete called by workers>base @gkaissisCaught ForceObjectDelete called by workers>base @gkaissisCaught ForceObjectDelete called by workers>base @gkaissisCaught ForceObjectDelete called by workers>base @gkaissisCaught ForceObjectDelete called by workers>base @gkaissisCaught ForceObjectDelete called by workers>base @gkaissisCaught ForceObjectDelete called by workers>base @gkaissisCaught ForceObjectDelete called by workers>base @gkaissisCaught ForceObjectDelete called by workers>base @gkaissisCaught ForceObjectDelete called by workers>base @gkaissisCaught ForceObjectDelete called by workers>base @gkaissisCaught ForceObjectDelete called by workers>base @gkaissisCaught ForceObjectDelete called by workers>base @gkaissisCaught ForceObjectDelete called by workers>base @gkaissisCaught ForceObjectDelete called by workers>base @gkaissisCaught ForceObjectDelete called by workers>base @gkaissisCaught ForceObjectDelete called by workers>base @gkaissisCaught ForceObjectDelete called by workers>base @gkaissisCaught ForceObjectDelete called by workers>base @gkaissisCaught ForceObjectDelete called by workers>base @gkaissisCaught ForceObjectDelete called by workers>base @gkaissisCaught ForceObjectDelete called by workers>base @gkaissisCaught ForceObjectDelete called by workers>base @gkaissisCaught ForceObjectDelete called by workers>base @gkaissisCaught ForceObjectDelete called by workers>base @gkaissisCaught ForceObjectDelete called by workers>base @gkaissisCaught ForceObjectDelete called by workers>base @gkaissisCaught ForceObjectDelete called by workers>base @gkaissisCaught ForceObjectDelete called by workers>base @gkaissisCaught ForceObjectDelete called by workers>base @gkaissisCaught ForceObjectDelete called by workers>base @gkaissisCaught ForceObjectDelete called by workers>base @gkaissisCaught ForceObjectDelete called by workers>base @gkaissisCaught ForceObjectDelete called by workers>base @gkaissisCaught ForceObjectDelete called by workers>base @gkaissisCaught ForceObjectDelete called by workers>base @gkaissisCaught ForceObjectDelete called by workers>base @gkaissisCaught ForceObjectDelete called by workers>base @gkaissisCaught ForceObjectDelete called by workers>base @gkaissisCaught ForceObjectDelete called by workers>base @gkaissisCaught ForceObjectDelete called by workers>base @gkaissisCaught ForceObjectDelete called by workers>base @gkaissisCaught ForceObjectDelete called by workers>base @gkaissisCaught ForceObjectDelete called by workers>base @gkaissisCaught ForceObjectDelete called by workers>base @gkaissisCaught ForceObjectDelete called by workers>base @gkaissisCaught ForceObjectDelete called by workers>base @gkaissisCaught ForceObjectDelete called by workers>base @gkaissisCaught ForceObjectDelete called by workers>base @gkaissisCaught ForceObjectDelete called by workers>base @gkaissisCaught ForceObjectDelete called by workers>base @gkaissisCaught ForceObjectDelete called by workers>base @gkaissisCaught ForceObjectDelete called by workers>base @gkaissisCaught ForceObjectDelete called by workers>base @gkaissisCaught ForceObjectDelete called by workers>base @gkaissisCaught ForceObjectDelete called by workers>base @gkaissisCaught ForceObjectDelete called by workers>base @gkaissisCaught ForceObjectDelete called by workers>base @gkaissisCaught ForceObjectDelete called by workers>base @gkaissisCaught ForceObjectDelete called by workers>base @gkaissisCaught ForceObjectDelete called by workers>base @gkaissisCaught ForceObjectDelete called by workers>base @gkaissisCaught ForceObjectDelete called by workers>base @gkaissisCaught ForceObjectDelete called by workers>base @gkaissisCaught ForceObjectDelete called by workers>base @gkaissisCaught ForceObjectDelete called by workers>base @gkaissisCaught ForceObjectDelete called by workers>base @gkaissisCaught ForceObjectDelete called by workers>base @gkaissisCaught ForceObjectDelete called by workers>base @gkaissisCaught ForceObjectDelete called by workers>base @gkaissisCaught ForceObjectDelete called by workers>base @gkaissisCaught ForceObjectDelete called by workers>base @gkaissisCaught ForceObjectDelete called by workers>base @gkaissisCaught ForceObjectDelete called by workers>base @gkaissisCaught ForceObjectDelete called by workers>base @gkaissisCaught ForceObjectDelete called by workers>base @gkaissisCaught ForceObjectDelete called by workers>base @gkaissisCaught ForceObjectDelete called by workers>base @gkaissisCaught ForceObjectDelete called by workers>base @gkaissisCaught ForceObjectDelete called by workers>base @gkaissisCaught ForceObjectDelete called by workers>base @gkaissisCaught ForceObjectDelete called by workers>base @gkaissisCaught ForceObjectDelete called by workers>base @gkaissisCaught ForceObjectDelete called by workers>base @gkaissisCaught ForceObjectDelete called by workers>base @gkaissisCaught ForceObjectDelete called by workers>base @gkaissisCaught ForceObjectDelete called by workers>base @gkaissisCaught ForceObjectDelete called by workers>base @gkaissisCaught ForceObjectDelete called by workers>base @gkaissisCaught ForceObjectDelete called by workers>base @gkaissisCaught ForceObjectDelete called by workers>base @gkaissisCaught ForceObjectDelete called by workers>base @gkaissisCaught ForceObjectDelete called by workers>base @gkaissisCaught ForceObjectDelete called by workers>base @gkaissisCaught ForceObjectDelete called by workers>base @gkaissisCaught ForceObjectDelete called by workers>base @gkaissisCaught ForceObjectDelete called by workers>base @gkaissisCaught ForceObjectDelete called by workers>base @gkaissisCaught ForceObjectDelete called by workers>base @gkaissisCaught ForceObjectDelete called by workers>base @gkaissisCaught ForceObjectDelete called by workers>base @gkaissisCaught ForceObjectDelete called by workers>base @gkaissisCaught ForceObjectDelete called by workers>base @gkaissisCaught ForceObjectDelete called by workers>base @gkaissisCaught ForceObjectDelete called by workers>base @gkaissisCaught ForceObjectDelete called by workers>base @gkaissisCaught ForceObjectDelete called by workers>base @gkaissisCaught ForceObjectDelete called by workers>base @gkaissisCaught ForceObjectDelete called by workers>base @gkaissisCaught ForceObjectDelete called by workers>base @gkaissisCaught ForceObjectDelete called by workers>base @gkaissisCaught ForceObjectDelete called by workers>base @gkaissisCaught ForceObjectDelete called by workers>base @gkaissisCaught ForceObjectDelete called by workers>base @gkaissisCaught ForceObjectDelete called by workers>base @gkaissisCaught ForceObjectDelete called by workers>base @gkaissisCaught ForceObjectDelete called by workers>base @gkaissisCaught ForceObjectDelete called by workers>base @gkaissisCaught ForceObjectDelete called by workers>base @gkaissisCaught ForceObjectDelete called by workers>base @gkaissisCaught ForceObjectDelete called by workers>base @gkaissisCaught ForceObjectDelete called by workers>base @gkaissisCaught ForceObjectDelete called by workers>base @gkaissisCaught ForceObjectDelete called by workers>base @gkaissisCaught ForceObjectDelete called by workers>base @gkaissisCaught ForceObjectDelete called by workers>base @gkaissisCaught ForceObjectDelete called by workers>base @gkaissisCaught ForceObjectDelete called by workers>base @gkaissisCaught ForceObjectDelete called by workers>base @gkaissisCaught ForceObjectDelete called by workers>base @gkaissisCaught ForceObjectDelete called by workers>base @gkaissisCaught ForceObjectDelete called by workers>base @gkaissisCaught ForceObjectDelete called by workers>base @gkaissisCaught ForceObjectDelete called by workers>base @gkaissisCaught ForceObjectDelete called by workers>base @gkaissisCaught ForceObjectDelete called by workers>base @gkaissisCaught ForceObjectDelete called by workers>base @gkaissisCaught ForceObjectDelete called by workers>base @gkaissisCaught ForceObjectDelete called by workers>base @gkaissisCaught ForceObjectDelete called by workers>base @gkaissisCaught ForceObjectDelete called by workers>base @gkaissisCaught ForceObjectDelete called by workers>base @gkaissisCaught ForceObjectDelete called by workers>base @gkaissisCaught ForceObjectDelete called by workers>base @gkaissisCaught ForceObjectDelete called by workers>base @gkaissisCaught ForceObjectDelete called by workers>base @gkaissisCaught ForceObjectDelete called by workers>base @gkaissisCaught ForceObjectDelete called by workers>base @gkaissisCaught ForceObjectDelete called by workers>base @gkaissisCaught ForceObjectDelete called by workers>base @gkaissisCaught ForceObjectDelete called by workers>base @gkaissisCaught ForceObjectDelete called by workers>base @gkaissisCaught ForceObjectDelete called by workers>base @gkaissisCaught ForceObjectDelete called by workers>base @gkaissisCaught ForceObjectDelete called by workers>base @gkaissisCaught ForceObjectDelete called by workers>base @gkaissisCaught ForceObjectDelete called by workers>base @gkaissisCaught ForceObjectDelete called by workers>base @gkaissisCaught ForceObjectDelete called by workers>base @gkaissisCaught ForceObjectDelete called by workers>base @gkaissisCaught ForceObjectDelete called by workers>base @gkaissisCaught ForceObjectDelete called by workers>base @gkaissisCaught ForceObjectDelete called by workers>base @gkaissisCaught ForceObjectDelete called by workers>base @gkaissisCaught ForceObjectDelete called by workers>base @gkaissisCaught ForceObjectDelete called by workers>base @gkaissisCaught ForceObjectDelete called by workers>base @gkaissisCaught ForceObjectDelete called by workers>base @gkaissisCaught ForceObjectDelete called by workers>base @gkaissisCaught ForceObjectDelete called by workers>base @gkaissisCaught ForceObjectDelete called by workers>base @gkaissisCaught ForceObjectDelete called by workers>base @gkaissisCaught ForceObjectDelete called by workers>base @gkaissisCaught ForceObjectDelete called by workers>base @gkaissisCaught ForceObjectDelete called by workers>base @gkaissisCaught ForceObjectDelete called by workers>base @gkaissisCaught ForceObjectDelete called by workers>base @gkaissisCaught ForceObjectDelete called by workers>base @gkaissisCaught ForceObjectDelete called by workers>base @gkaissisCaught ForceObjectDelete called by workers>base @gkaissisCaught ForceObjectDelete called by workers>base @gkaissisCaught ForceObjectDelete called by workers>base @gkaissisCaught ForceObjectDelete called by workers>base @gkaissisCaught ForceObjectDelete called by workers>base @gkaissisCaught ForceObjectDelete called by workers>base @gkaissisCaught ForceObjectDelete called by workers>base @gkaissisCaught ForceObjectDelete called by workers>base @gkaissisCaught ForceObjectDelete called by workers>base @gkaissisCaught ForceObjectDelete called by workers>base @gkaissisCaught ForceObjectDelete called by workers>base @gkaissisCaught ForceObjectDelete called by workers>base @gkaissisCaught ForceObjectDelete called by workers>base @gkaissisCaught ForceObjectDelete called by workers>base @gkaissisCaught ForceObjectDelete called by workers>base @gkaissisCaught ForceObjectDelete called by workers>base @gkaissisCaught ForceObjectDelete called by workers>base @gkaissisCaught ForceObjectDelete called by workers>base @gkaissisCaught ForceObjectDelete called by workers>base @gkaissisCaught ForceObjectDelete called by workers>base @gkaissisCaught ForceObjectDelete called by workers>base @gkaissisCaught ForceObjectDelete called by workers>base @gkaissisCaught ForceObjectDelete called by workers>base @gkaissisCaught ForceObjectDelete called by workers>base @gkaissisCaught ForceObjectDelete called by workers>base @gkaissisCaught ForceObjectDelete called by workers>base @gkaissisCaught ForceObjectDelete called by workers>base @gkaissisCaught ForceObjectDelete called by workers>base @gkaissisCaught ForceObjectDelete called by workers>base @gkaissisCaught ForceObjectDelete called by workers>base @gkaissisCaught ForceObjectDelete called by workers>base @gkaissisCaught ForceObjectDelete called by workers>base @gkaissisCaught ForceObjectDelete called by workers>base @gkaissisCaught ForceObjectDelete called by workers>base @gkaissisCaught ForceObjectDelete called by workers>base @gkaissisCaught ForceObjectDelete called by workers>base @gkaissisCaught ForceObjectDelete called by workers>base @gkaissisCaught ForceObjectDelete called by workers>base @gkaissisCaught ForceObjectDelete called by workers>base @gkaissisCaught ForceObjectDelete called by workers>base @gkaissisCaught ForceObjectDelete called by workers>base @gkaissisCaught ForceObjectDelete called by workers>base @gkaissisCaught ForceObjectDelete called by workers>base @gkaissisCaught ForceObjectDelete called by workers>base @gkaissisCaught ForceObjectDelete called by workers>base @gkaissisCaught ForceObjectDelete called by workers>base @gkaissisCaught ForceObjectDelete called by workers>base @gkaissisCaught ForceObjectDelete called by workers>base @gkaissisCaught ForceObjectDelete called by workers>base @gkaissisCaught ForceObjectDelete called by workers>base @gkaissisCaught ForceObjectDelete called by workers>base @gkaissisCaught ForceObjectDelete called by workers>base @gkaissisCaught ForceObjectDelete called by workers>base @gkaissisCaught ForceObjectDelete called by workers>base @gkaissisCaught ForceObjectDelete called by workers>base @gkaissisCaught ForceObjectDelete called by workers>base @gkaissisCaught ForceObjectDelete called by workers>base @gkaissisCaught ForceObjectDelete called by workers>base @gkaissisCaught ForceObjectDelete called by workers>base @gkaissisCaught ForceObjectDelete called by workers>base @gkaissisCaught ForceObjectDelete called by workers>base @gkaissisCaught ForceObjectDelete called by workers>base @gkaissisCaught ForceObjectDelete called by workers>base @gkaissisCaught ForceObjectDelete called by workers>base @gkaissisCaught ForceObjectDelete called by workers>base @gkaissisCaught ForceObjectDelete called by workers>base @gkaissisCaught ForceObjectDelete called by workers>base @gkaissisCaught ForceObjectDelete called by workers>base @gkaissisCaught ForceObjectDelete called by workers>base @gkaissisCaught ForceObjectDelete called by workers>base @gkaissisCaught ForceObjectDelete called by workers>base @gkaissisCaught ForceObjectDelete called by workers>base @gkaissisCaught ForceObjectDelete called by workers>base @gkaissisCaught ForceObjectDelete called by workers>base @gkaissisCaught ForceObjectDelete called by workers>base @gkaissisCaught ForceObjectDelete called by workers>base @gkaissisCaught ForceObjectDelete called by workers>base @gkaissisCaught ForceObjectDelete called by workers>base @gkaissisCaught ForceObjectDelete called by workers>base @gkaissisCaught ForceObjectDelete called by workers>base @gkaissisCaught ForceObjectDelete called by workers>base @gkaissisCaught ForceObjectDelete called by workers>base @gkaissisCaught ForceObjectDelete called by workers>base @gkaissisCaught ForceObjectDelete called by workers>base @gkaissisCaught ForceObjectDelete called by workers>base @gkaissisCaught ForceObjectDelete called by workers>base @gkaissisCaught ForceObjectDelete called by workers>base @gkaissisCaught ForceObjectDelete called by workers>base @gkaissisCaught ForceObjectDelete called by workers>base @gkaissisCaught ForceObjectDelete called by workers>base @gkaissisCaught ForceObjectDelete called by workers>base @gkaissisCaught ForceObjectDelete called by workers>base @gkaissisCaught ForceObjectDelete called by workers>base @gkaissisCaught ForceObjectDelete called by workers>base @gkaissisCaught ForceObjectDelete called by workers>base @gkaissisCaught ForceObjectDelete called by workers>base @gkaissisCaught ForceObjectDelete called by workers>base @gkaissisCaught ForceObjectDelete called by workers>base @gkaissisCaught ForceObjectDelete called by workers>base @gkaissisCaught ForceObjectDelete called by workers>base @gkaissisCaught ForceObjectDelete called by workers>base @gkaissisCaught ForceObjectDelete called by workers>base @gkaissisCaught ForceObjectDelete called by workers>base @gkaissisCaught ForceObjectDelete called by workers>base @gkaissisCaught ForceObjectDelete called by workers>base @gkaissisCaught ForceObjectDelete called by workers>base @gkaissisCaught ForceObjectDelete called by workers>base @gkaissisCaught ForceObjectDelete called by workers>base @gkaissisCaught ForceObjectDelete called by workers>base @gkaissisCaught ForceObjectDelete called by workers>base @gkaissisCaught ForceObjectDelete called by workers>base @gkaissisCaught ForceObjectDelete called by workers>base @gkaissisCaught ForceObjectDelete called by workers>base @gkaissisCaught ForceObjectDelete called by workers>base @gkaissisCaught ForceObjectDelete called by workers>base @gkaissisCaught ForceObjectDelete called by workers>base @gkaissisCaught ForceObjectDelete called by workers>base @gkaissisCaught ForceObjectDelete called by workers>base @gkaissisCaught ForceObjectDelete called by workers>base @gkaissisCaught ForceObjectDelete called by workers>base @gkaissisCaught ForceObjectDelete called by workers>base @gkaissisCaught ForceObjectDelete called by workers>base @gkaissisCaught ForceObjectDelete called by workers>base @gkaissisCaught ForceObjectDelete called by workers>base @gkaissisCaught ForceObjectDelete called by workers>base @gkaissisCaught ForceObjectDelete called by workers>base @gkaissisCaught ForceObjectDelete called by workers>base @gkaissisCaught ForceObjectDelete called by workers>base @gkaissisCaught ForceObjectDelete called by workers>base @gkaissisCaught ForceObjectDelete called by workers>base @gkaissisCaught ForceObjectDelete called by workers>base @gkaissisCaught ForceObjectDelete called by workers>base @gkaissisCaught ForceObjectDelete called by workers>base @gkaissisCaught ForceObjectDelete called by workers>base @gkaissisCaught ForceObjectDelete called by workers>base @gkaissisCaught ForceObjectDelete called by workers>base @gkaissisCaught ForceObjectDelete called by workers>base @gkaissisCaught ForceObjectDelete called by workers>base @gkaissisCaught ForceObjectDelete called by workers>base @gkaissisCaught ForceObjectDelete called by workers>base @gkaissisCaught ForceObjectDelete called by workers>base @gkaissisCaught ForceObjectDelete called by workers>base @gkaissisCaught ForceObjectDelete called by workers>base @gkaissisCaught ForceObjectDelete called by workers>base @gkaissisCaught ForceObjectDelete called by workers>base @gkaissisCaught ForceObjectDelete called by workers>base @gkaissisCaught ForceObjectDelete called by workers>base @gkaissisCaught ForceObjectDelete called by workers>base @gkaissisCaught ForceObjectDelete called by workers>base @gkaissisCaught ForceObjectDelete called by workers>base @gkaissisCaught ForceObjectDelete called by workers>base @gkaissisCaught ForceObjectDelete called by workers>base @gkaissisCaught ForceObjectDelete called by workers>base @gkaissisCaught ForceObjectDelete called by workers>base @gkaissisCaught ForceObjectDelete called by workers>base @gkaissisCaught ForceObjectDelete called by workers>base @gkaissisCaught ForceObjectDelete called by workers>base @gkaissisCaught ForceObjectDelete called by workers>base @gkaissisCaught ForceObjectDelete called by workers>base @gkaissisCaught ForceObjectDelete called by workers>base @gkaissisCaught ForceObjectDelete called by workers>base @gkaissisCaught ForceObjectDelete called by workers>base @gkaissisCaught ForceObjectDelete called by workers>base @gkaissisCaught ForceObjectDelete called by workers>base @gkaissisCaught ForceObjectDelete called by workers>base @gkaissisCaught ForceObjectDelete called by workers>base @gkaissisCaught ForceObjectDelete called by workers>base @gkaissisCaught ForceObjectDelete called by workers>base @gkaissisCaught ForceObjectDelete called by workers>base @gkaissisCaught ForceObjectDelete called by workers>base @gkaissisCaught ForceObjectDelete called by workers>base @gkaissisCaught ForceObjectDelete called by workers>base @gkaissisCaught ForceObjectDelete called by workers>base @gkaissisCaught ForceObjectDelete called by workers>base @gkaissisCaught ForceObjectDelete called by workers>base @gkaissisCaught ForceObjectDelete called by workers>base @gkaissisCaught ForceObjectDelete called by workers>base @gkaissisCaught ForceObjectDelete called by workers>base @gkaissisCaught ForceObjectDelete called by workers>base @gkaissisCaught ForceObjectDelete called by workers>base @gkaissisCaught ForceObjectDelete called by workers>base @gkaissisCaught ForceObjectDelete called by workers>base @gkaissisCaught ForceObjectDelete called by workers>base @gkaissisCaught ForceObjectDelete called by workers>base @gkaissisCaught ForceObjectDelete called by workers>base @gkaissisCaught ForceObjectDelete called by workers>base @gkaissisCaught ForceObjectDelete called by workers>base @gkaissisCaught ForceObjectDelete called by workers>base @gkaissisCaught ForceObjectDelete called by workers>base @gkaissisCaught ForceObjectDelete called by workers>base @gkaissisCaught ForceObjectDelete called by workers>base @gkaissisCaught ForceObjectDelete called by workers>base @gkaissisCaught ForceObjectDelete called by workers>base @gkaissisCaught ForceObjectDelete called by workers>base @gkaissisCaught ForceObjectDelete called by workers>base @gkaissisCaught ForceObjectDelete called by workers>base @gkaissisCaught ForceObjectDelete called by workers>base @gkaissisCaught ForceObjectDelete called by workers>base @gkaissisCaught ForceObjectDelete called by workers>base @gkaissisCaught ForceObjectDelete called by workers>base @gkaissisCaught ForceObjectDelete called by workers>base @gkaissisCaught ForceObjectDelete called by workers>base @gkaissisCaught ForceObjectDelete called by workers>base @gkaissisCaught ForceObjectDelete called by workers>base @gkaissisCaught ForceObjectDelete called by workers>base @gkaissisCaught ForceObjectDelete called by workers>base @gkaissisCaught ForceObjectDelete called by workers>base @gkaissisCaught ForceObjectDelete called by workers>base @gkaissisCaught ForceObjectDelete called by workers>base @gkaissisCaught ForceObjectDelete called by workers>base @gkaissisCaught ForceObjectDelete called by workers>base @gkaissisCaught ForceObjectDelete called by workers>base @gkaissisCaught ForceObjectDelete called by workers>base @gkaissisCaught ForceObjectDelete called by workers>base @gkaissisCaught ForceObjectDelete called by workers>base @gkaissisCaught ForceObjectDelete called by workers>base @gkaissisCaught ForceObjectDelete called by workers>base @gkaissisCaught ForceObjectDelete called by workers>base @gkaissisCaught ForceObjectDelete called by workers>base @gkaissisCaught ForceObjectDelete called by workers>base @gkaissisCaught ForceObjectDelete called by workers>base @gkaissisCaught ForceObjectDelete called by workers>base @gkaissisCaught ForceObjectDelete called by workers>base @gkaissisCaught ForceObjectDelete called by workers>base @gkaissisCaught ForceObjectDelete called by workers>base @gkaissisCaught ForceObjectDelete called by workers>base @gkaissisCaught ForceObjectDelete called by workers>base @gkaissisCaught ForceObjectDelete called by workers>base @gkaissisCaught ForceObjectDelete called by workers>base @gkaissisCaught ForceObjectDelete called by workers>base @gkaissisCaught ForceObjectDelete called by workers>base @gkaissisCaught ForceObjectDelete called by workers>base @gkaissisCaught ForceObjectDelete called by workers>base @gkaissisCaught ForceObjectDelete called by workers>base @gkaissisCaught ForceObjectDelete called by workers>base @gkaissisCaught ForceObjectDelete called by workers>base @gkaissisCaught ForceObjectDelete called by workers>base @gkaissisCaught ForceObjectDelete called by workers>base @gkaissisCaught ForceObjectDelete called by workers>base @gkaissisCaught ForceObjectDelete called by workers>base @gkaissisCaught ForceObjectDelete called by workers>base @gkaissisCaught ForceObjectDelete called by workers>base @gkaissisCaught ForceObjectDelete called by workers>base @gkaissisCaught ForceObjectDelete called by workers>base @gkaissisCaught ForceObjectDelete called by workers>base @gkaissisCaught ForceObjectDelete called by workers>base @gkaissisCaught ForceObjectDelete called by workers>base @gkaissisCaught ForceObjectDelete called by workers>base @gkaissisCaught ForceObjectDelete called by workers>base @gkaissisCaught ForceObjectDelete called by workers>base @gkaissisCaught ForceObjectDelete called by workers>base @gkaissisCaught ForceObjectDelete called by workers>base @gkaissisCaught ForceObjectDelete called by workers>base @gkaissisCaught ForceObjectDelete called by workers>base @gkaissisCaught ForceObjectDelete called by workers>base @gkaissisCaught ForceObjectDelete called by workers>base @gkaissisCaught ForceObjectDelete called by workers>base @gkaissisCaught ForceObjectDelete called by workers>base @gkaissis